1790335768.315083 <missed 840781 bytes of console log>
1790335768.315181  exe 92722 130296 233537 resp 234574 978 pmu 972462 970299 7880238 9380553 469541314
1790335768.315233 W 6590 lat 277 629 3555 0 exe 91962 130574 259481 resp 260814 974 pmu 971240 969024 7877644 9241021 467607468
1790335768.315282 W 6591 lat 296 574 3333 0 exe 93037 129759 222907 resp 223722 976 pmu 970845 968875 7879034 9498988 465669043
1790335768.315331 W 6592 lat 296 574 3037 0 exe 93814 130351 263574 resp 265074 983 pmu 971710 969539 7872059 9130844 467824025
1790335768.315379 W 6593 lat 296 592 2518 0 exe 90907 129259 259055 resp 261574 966 pmu 970009 967182 7867027 9546106 464557488
1790335768.315427 W 6594 lat 296 592 3685 0 exe 90370 129481 296962 resp 298740 970 pmu 970348 967152 7866269 9483563 466605740
1790335768.315474 W 6595 lat 296 574 4851 0 exe 93333 130555 256592 resp 257981 976 pmu 972654 970427 7883443 9863251 468768234
1790335768.315522 W 6596 lat 296 592 3629 0 exe 90944 130277 243296 resp 243759 984 pmu 972740 970191 7892986 9483622 466167238
1790335768.315569 W 6597 lat 277 574 2981 0 exe 92499 129740 246777 resp 247222 973 pmu 971446 969552 7877873 9326586 466652999
1790335768.315589 Closing cell "rt-bench"
1790335768.315611 [MG] Initializing memguard on CPU 3
1790335768.315633 [SMMUv2] Exiting SMMUv2 on cell 1
1790335768.315666 Page pool usage after cell destruction: mem 83/4061, remap 5/131072
1790335768.315692 [MG] Initializing memguard on CPU 3
1790335768.315714 [MG] Initializing memguard on CPU 3
1790335768.315763 [COL] Colored OP 0: PHYS 0x30000000 -> VIRT 0x00000000 (SIZE: 0x00400000, COL: 0x000000ff, extra: 0x0000000000000000)
1790335768.315780 [COL] Result: 0
1790335768.315802 [MG] Initializing memguard on CPU 3
1790335768.315821 Created cell "rt-bench"
1790335768.315852 Page pool usage after cell creation: mem 98/4061, remap 5/131072
1790335768.315901 [COL] Colored OP 3: PHYS 0x30000000 -> VIRT 0x00000000 (SIZE: 0x00400000, COL: 0x000000ff, extra: 0x0000000000000000)
1790335768.315925 [MG] Initializing memguard on CPU 3
1790335768.315941 [COL] Result: 0
1790335768.315961 Cell "rt-bench" can be loaded
1790335768.316010 [COL] Colored OP 2: PHYS 0x30000000 -> VIRT 0x00000000 (SIZE: 0x00400000, COL: 0x000000ff, extra: 0x0000000000000000)
1790335768.316027 [COL] Result: 0
1790335768.316075 [COL] Colored OP 4: PHYS 0x30000000 -> VIRT 0x00000000 (SIZE: 0x00400000, COL: 0x000000ff, extra: 0x0000000000000001)
1790335768.316093 [COL] Result: 0
1790335768.316110 Started cell "rt-bench"
1790335768.316159 [MG] Initializing memguard on CPU 3
1790335768.316193 rt-bench: ws 768 KB, 1024 loads/period, window 1000
1790335769.352227 W 0 lat 277 314 1055 0 exe 16685 27796 162388 resp 162814 41 pmu 1023287 133743 8255861 5307605 71440429
1790335770.288184 W 1 lat 277 296 333 0 exe 16629 20481 96111 resp 96425 0 pmu 1023641 52731 8253378 7615852 52163448
1790335771.328227 W 2 lat 296 296 592 0 exe 16351 21574 115240 resp 115555 7 pmu 1023508 65031 8254041 6911808 54975825
1790335772.368190 W 3 lat 277 296 407 0 exe 16796 20092 85592 resp 85888 0 pmu 1023570 47749 8250241 7108532 50815946
1790335773.304253 W 4 lat 277 314 722 0 exe 16666 21814 112999 resp 113388 7 pmu 1023536 64660 8250665 6805784 54456627
1790335774.348395 W 5 lat 462 462 555 0 exe 23999 26851 81166 resp 81666 0 pmu 1023562 39588 8249357 7090075 42628757
1790335775.296379 W 6 lat 277 1092 7259 0 exe 24629 235462 804333 resp 809296 878 pmu 1021502 974681 8257162 6837588 558090009
1790335776.344242 W 7 lat 277 481 7277 0 exe 17240 83259 532944 resp 534074 175 pmu 1022516 480396 8253665 15171734 278169933
1790335777.384220 W 8 lat 277 296 574 0 exe 16851 25314 118666 resp 118981 14 pmu 1023396 107990 8256121 11637346 68073140
1790335778.320191 W 9 lat 277 296 333 0 exe 16851 19518 46425 resp 46740 0 pmu 1023656 40680 8258042 7164000 49375355
1790335779.360216 W 10 lat 277 296 611 0 exe 16870 21388 121277 resp 121703 6 pmu 1023576 62289 8251315 6411195 54171304
1790335780.296236 W 11 lat 296 425 518 0 exe 16907 25925 46777 resp 47259 0 pmu 1023585 47434 8248202 7171174 45472175
1790335781.336255 W 12 lat 462 462 629 0 exe 24055 29833 130740 resp 131259 18 pmu 1023536 70248 8256724 6449725 47549742
1790335782.376226 W 13 lat 462 462 499 0 exe 23999 26666 58203 resp 58685 0 pmu 1023613 37610 8254187 7346393 42494397
1790335783.312256 W 14 lat 462 462 666 0 exe 24222 29351 128833 resp 129333 19 pmu 1023520 65262 8253523 6604102 46901762
1790335784.352233 W 15 lat 462 462 518 0 exe 24055 26962 61444 resp 61944 0 pmu 1023668 40826 8257618 7325710 42929680
1790335785.288255 W 16 lat 462 462 703 0 exe 23925 29629 130037 resp 130555 19 pmu 1023462 68200 8252482 6638297 47341841
1790335786.328226 W 17 lat 462 462 518 0 exe 23925 26814 57148 resp 57648 0 pmu 1023651 38979 8251024 7337968 42692999
1790335787.372257 W 18 lat 370 462 611 0 exe 20740 29240 130314 resp 130814 18 pmu 1023544 68642 8256649 6594115 47499309
1790335788.308234 W 19 lat 462 462 499 0 exe 23944 27277 61537 resp 62018 0 pmu 1023686 43825 8256340 7321800 43392529
1790335789.352256 W 20 lat 462 462 666 0 exe 24314 29444 130333 resp 130833 18 pmu 1023554 66179 8255900 6640102 47079198
1790335790.288224 W 21 lat 462 462 499 0 exe 24333 26740 59425 resp 59925 0 pmu 1023606 38392 8256484 7341626 42596445
1790335791.328257 W 22 lat 462 462 740 0 exe 23703 29333 140925 resp 141666 19 pmu 1023636 65043 8250181 6618381 46843232
1790335792.368246 W 23 lat 462 462 518 0 exe 24018 26796 61796 resp 62259 0 pmu 1023625 38993 8253121 7445547 42717181
1790335793.304252 W 24 lat 462 462 722 0 exe 24055 29407 145425 resp 145944 18 pmu 1023591 65916 8251016 6640708 46936703
1790335794.344228 W 25 lat 444 462 518 0 exe 23814 26370 50777 resp 51259 0 pmu 1023767 34776 8253365 7491512 42134920
1790335795.384257 W 26 lat 462 462 611 0 exe 23722 29148 129796 resp 130407 19 pmu 1023557 63189 8253721 6527385 46523959
1790335796.320232 W 27 lat 462 462 518 0 exe 23888 26851 60851 resp 61351 0 pmu 1023554 39603 8253980 7332309 42763881
1790335797.360254 W 28 lat 462 462 666 0 exe 23907 29740 133499 resp 134166 19 pmu 1023569 69078 8259610 6630984 47479961
1790335798.296226 W 29 lat 462 462 611 0 exe 23925 26666 59055 resp 59537 0 pmu 1023628 37633 8256568 7373808 42485535
1790335799.336252 W 30 lat 462 481 999 0 exe 23814 29259 131611 resp 132611 18 pmu 1023572 64138 8258671 6612842 46701846
1790335800.376227 W 31 lat 462 462 518 0 exe 24055 26925 59111 resp 59574 0 pmu 1023591 40165 8251835 7355277 42887487
1790335801.312260 W 32 lat 462 462 537 0 exe 23777 29666 132018 resp 132518 19 pmu 1023593 68369 8252987 6614683 47342944
1790335802.352234 W 33 lat 462 462 518 0 exe 24259 27388 69518 resp 69999 0 pmu 1023606 45356 8257607 7356534 43603412
1790335803.288251 W 34 lat 462 462 611 0 exe 24055 29388 131685 resp 132203 19 pmu 1023512 65645 8255238 6722250 46994596
1790335804.328230 W 35 lat 388 462 499 0 exe 20814 26740 55740 resp 56222 0 pmu 1023597 42396 8255792 7353471 43322471
1790335805.368257 W 36 lat 462 462 555 0 exe 24166 30277 129907 resp 130425 18 pmu 1023579 74790 8250592 6563478 48285869
1790335806.304230 W 37 lat 462 462 499 0 exe 24129 26611 58499 resp 58981 0 pmu 1023660 37178 8255209 7340551 42387753
1790335807.344256 W 38 lat 444 462 740 0 exe 23999 29407 130518 resp 131018 19 pmu 1023507 66135 8253736 6607380 47008822
1790335808.384229 W 39 lat 462 462 499 0 exe 23851 26759 59148 resp 59648 0 pmu 1023627 38511 8250468 7342031 42619507
1790335809.320254 W 40 lat 462 462 629 0 exe 24222 29907 131537 resp 132037 19 pmu 1023478 70858 8254108 6613277 47758597
1790335810.360234 W 41 lat 462 462 537 0 exe 23981 27259 65999 resp 66499 0 pmu 1023651 43679 8253136 7355514 43405472
1790335811.296253 W 42 lat 444 462 796 0 exe 23999 29611 130259 resp 130759 19 pmu 1023587 68128 8255696 6685249 47328253
1790335812.336234 W 43 lat 462 462 537 0 exe 23888 27499 59092 resp 59555 0 pmu 1023651 46067 8258804 7340944 43749510
1790335813.376253 W 44 lat 462 481 1055 0 exe 24148 29499 131888 resp 132944 19 pmu 1023514 66914 8253288 6616640 47126122
1790335814.312226 W 45 lat 462 462 499 0 exe 23907 26462 57574 resp 58074 0 pmu 1023623 35514 8256420 7361496 42160286
1790335815.352253 W 46 lat 462 462 574 0 exe 24129 29740 130537 resp 131111 19 pmu 1023482 69126 8250397 6596332 47476743
1790335816.288230 W 47 lat 462 462 518 0 exe 24111 26925 59259 resp 59722 0 pmu 1023620 40374 8252124 7344293 42874091
1790335817.328259 W 48 lat 462 462 592 0 exe 23833 29148 129555 resp 130037 18 pmu 1023527 63546 8255276 6616327 46590142
1790335818.368237 W 49 lat 462 462 518 0 exe 24111 27555 92333 resp 92833 0 pmu 1023591 47008 8256430 7329651 43895851
1790335819.308253 W 50 lat 462 462 629 0 exe 23907 29962 129648 resp 130148 19 pmu 1023597 71754 8258633 6950446 48057884
1790335820.348228 W 51 lat 388 462 518 0 exe 20148 26370 55481 resp 55962 0 pmu 1023598 38735 8255012 7335335 42717741
1790335821.284254 W 52 lat 462 462 814 0 exe 23814 30185 135870 resp 136685 18 pmu 1023505 73934 8256388 6555757 48165572
1790335822.324226 W 53 lat 462 462 555 0 exe 23814 26518 59740 resp 60222 0 pmu 1023619 36253 8256311 7400694 42281808
1790335823.364253 W 54 lat 462 462 796 0 exe 23592 29333 137999 resp 138537 19 pmu 1023435 65358 8258377 6617864 46864424
1790335824.300252 W 55 lat 462 462 611 0 exe 23870 28796 113537 resp 114018 6 pmu 1023571 59843 8254371 7415336 45903027
1790335825.340255 W 56 lat 462 481 722 0 exe 24111 29907 142888 resp 143574 19 pmu 1023529 70944 8261944 7167989 47998125
1790335826.380226 W 57 lat 462 462 499 0 exe 23814 26629 60222 resp 60722 0 pmu 1023642 37567 8257708 7469948 42524781
1790335827.320254 W 58 lat 462 462 703 0 exe 23796 29425 135814 resp 136388 19 pmu 1023621 65850 8253033 6623242 46945029
1790335828.360227 W 59 lat 462 462 518 0 exe 23592 27685 96981 resp 97481 0 pmu 1023538 48197 8257215 7394405 44113255
1790335829.296252 W 60 lat 462 462 870 0 exe 24129 29574 133851 resp 134666 19 pmu 1023574 67517 8255285 6995078 47436501
1790335830.336232 W 61 lat 462 462 518 0 exe 24351 26981 57407 resp 57888 0 pmu 1023639 40841 8256312 7379342 42974836
1790335831.376254 W 62 lat 462 481 1166 0 exe 24092 29925 131259 resp 131759 19 pmu 1023492 70775 8252455 6599497 47754132
1790335832.312275 W 63 lat 425 462 796 0 exe 23722 49444 162296 resp 162999 147 pmu 1022901 285185 8257229 7355495 85940628
1790335833.352257 W 64 lat 462 462 814 0 exe 23981 29814 133314 resp 133833 19 pmu 1023524 70006 8257276 7760147 48317983
1790335834.288227 W 65 lat 462 462 499 0 exe 24037 26555 61481 resp 61981 0 pmu 1023543 36690 8250716 7372569 42349095
1790335835.328301 W 66 lat 462 462 1296 0 exe 24074 29481 132240 resp 132796 19 pmu 1023456 66498 8251944 6636556 47079509
1790335836.368227 W 67 lat 351 462 518 0 exe 24240 27833 75666 resp 76148 0 pmu 1023495 51324 8251396 7363348 44611576
1790335837.304254 W 68 lat 351 462 666 0 exe 19777 32296 134796 resp 135277 27 pmu 1023464 99985 8255502 6785323 52579622
1790335838.344243 W 69 lat 462 462 592 0 exe 24129 27166 57666 resp 58148 0 pmu 1023554 42899 8254507 7377579 43293433
1790335839.288505 W 70 lat 444 703 7925 0 exe 24111 59111 592277 resp 598499 131 pmu 1023575 217581 8273864 6602780 100963341
1790335840.344328 W 71 lat 314 2203 10074 0 exe 101888 341851 516981 resp 521722 1000 pmu 1023601 1015559 8268238 12177697 870160122
1790335841.292468 W 72 lat 314 2203 7592 0 exe 96259 345999 538555 resp 542333 998 pmu 1021588 1005735 8260383 13237527 887725918
1790335842.340354 W 73 lat 314 3314 8722 0 exe 98574 417444 534259 resp 537759 999 pmu 1016280 989669 8238012 13428945 1067325202
1790335843.288575 W 74 lat 314 2499 7999 0 exe 103629 365444 525666 resp 529574 1000 pmu 1019511 1001143 8256997 13764538 937737925
1790335844.340598 W 75 lat 314 3333 8740 0 exe 103722 412777 535666 resp 539703 1000 pmu 1014810 987334 8233629 13438369 1058594800
1790335845.384440 W 76 lat 314 3296 8907 0 exe 103499 402833 531574 resp 535444 1000 pmu 1016111 988894 8234014 13783853 1037242908
1790335846.332278 W 77 lat 388 3314 9296 0 exe 100722 416833 534444 resp 537999 1000 pmu 1015859 988640 8235630 13691831 1065352786
1790335847.380444 W 78 lat 314 3425 10555 0 exe 103370 406074 540148 resp 547592 1000 pmu 1014903 988717 8236867 13777587 1049219095
1790335848.332431 W 79 lat 314 3092 8444 0 exe 113333 413574 531722 resp 535407 1000 pmu 1016116 988840 8227991 13820004 1054955949
1790335849.380573 W 80 lat 314 3351 8925 0 exe 109925 412518 553333 resp 559111 1000 pmu 1016338 989415 8241557 13791864 1060021445
1790335850.320584 W 81 lat 314 2888 8722 0 exe 100981 398499 535833 resp 538814 1000 pmu 1017309 993611 8230429 13999796 1019417601
1790335851.368519 W 82 lat 296 2999 9148 0 exe 103611 381962 535074 resp 539796 1000 pmu 1017109 993866 8247448 13692751 986201400
1790335852.308451 W 83 lat 407 3185 9185 0 exe 102370 417481 537462 resp 541666 1000 pmu 1016418 990146 8233805 13626969 1066279548
1790335853.364464 W 84 lat 314 2518 9740 0 exe 99037 364944 538666 resp 542018 999 pmu 1019294 1003208 8254754 13821340 939697224
1790335854.308583 W 85 lat 333 3203 7537 0 exe 103129 415962 543962 resp 547277 1000 pmu 1016386 989196 8236326 13548705 1060935868
1790335855.356498 W 86 lat 314 3296 9166 0 exe 102629 391796 566777 resp 571481 1000 pmu 1016849 997797 8242849 13869677 1014295309
1790335856.296358 W 87 lat 314 2703 7685 0 exe 103370 395370 522444 resp 527333 1000 pmu 1018511 995607 8246373 13990092 1005539573
1790335857.348529 W 88 lat 314 3537 9222 0 exe 105944 411074 540888 resp 544370 1000 pmu 1015714 991581 8242734 13558671 1060557922
1790335858.300485 W 89 lat 333 3425 8888 0 exe 104203 432462 544648 resp 547166 1000 pmu 1013961 979811 8225352 13839216 1108488635
1790335859.344627 W 90 lat 314 3499 8629 0 exe 103055 413944 559555 resp 563685 1000 pmu 1015309 989762 8232559 13968119 1066618600
1790335860.288442 W 91 lat 314 3166 9055 0 exe 101981 409703 531333 resp 535740 1000 pmu 1015694 990555 8230800 14025972 1050884087
1790335861.351300 W 92 lat 333 3462 8370 0 exe 103351 433277 548055 resp 553055 1000 pmu 1014911 984759 8233709 13718830 1111090971
1790335862.292519 W 93 lat 314 3129 8999 0 exe 100722 389907 537925 resp 545259 1000 pmu 1016552 994873 8238401 14011994 1006752211
1790335863.344536 W 94 lat 314 3407 8666 0 exe 100981 422962 554851 resp 559499 1000 pmu 1016769 988231 8253812 13693761 1080757623
1790335864.288599 W 95 lat 314 3425 10351 0 exe 103129 408685 549277 resp 553666 1000 pmu 1015321 991230 8229214 14015992 1056366642
1790335865.348466 W 96 lat 314 3407 9018 0 exe 102481 427703 565574 resp 570574 1000 pmu 1013835 980110 8215745 13906724 1094734427
1790335866.292280 W 97 lat 351 3296 9740 0 exe 105722 410962 539870 resp 543240 1000 pmu 1016363 988895 8235383 14157852 1054447733
1790335867.344612 W 98 lat 333 3333 8444 0 exe 101092 401999 529944 resp 534240 1000 pmu 1015253 990922 8228119 13828510 1037944154
1790335868.292475 W 99 lat 685 3481 9388 0 exe 98240 427814 532999 resp 536203 999 pmu 1015384 985738 8234702 13659287 1093985603
1790335869.340593 W 100 lat 388 3796 8499 0 exe 102925 438055 544129 resp 549722 1000 pmu 1015446 987669 8241879 13806700 1127134826
1790335870.288563 W 101 lat 462 4314 9018 0 exe 103722 468592 579259 resp 586888 1000 pmu 1016335 986851 8261448 14000136 1205144896
1790335871.340595 W 102 lat 518 4370 9314 0 exe 111611 465574 560296 resp 564759 1000 pmu 1015165 983398 8260273 14523724 1199845827
1790335872.288597 W 103 lat 425 4222 9129 0 exe 105462 456203 576111 resp 581148 1000 pmu 1015810 987175 8247688 14344822 1176521635
1790335873.340582 W 104 lat 481 4166 7777 0 exe 100351 462666 564074 resp 569611 1000 pmu 1013528 979167 8238000 14425965 1188144494
1790335874.288456 W 105 lat 481 4203 8425 0 exe 105537 461555 566111 resp 570333 1000 pmu 1015699 983531 8256027 14308212 1187158912
1790335875.344486 W 106 lat 462 4074 10055 0 exe 100666 454314 545203 resp 549166 1000 pmu 1012799 976548 8224804 14345700 1167244791
1790335876.289649 W 107 lat 574 4314 10277 0 exe 99796 455055 573203 resp 578074 1000 pmu 1015907 983963 8250207 14082224 1171309921
1790335877.340544 W 108 lat 388 4018 9407 0 exe 101833 441722 555962 resp 561962 1000 pmu 1013119 979309 8229531 14369034 1138738911
1790335878.384419 W 109 lat 314 3574 8222 0 exe 100740 423481 554833 resp 561148 1000 pmu 1015973 989054 8241404 14138963 1089821300
1790335879.332364 W 110 lat 333 3240 9462 0 exe 103018 420444 533314 resp 537444 1000 pmu 1015546 987940 8234714 14023916 1074878905
1790335880.384583 W 111 lat 314 3111 8166 0 exe 103777 391370 531555 resp 535666 1000 pmu 1016584 992197 8239826 13798675 1011342075
1790335881.328597 W 112 lat 314 2777 7814 0 exe 108981 392296 532611 resp 537444 1000 pmu 1017800 996474 8239557 13632434 1000098509
1790335882.376578 W 113 lat 351 3555 8814 0 exe 101611 415537 540833 resp 547574 1000 pmu 1014005 986041 8221077 13673715 1071288953
1790335883.324371 W 114 lat 314 2999 8462 0 exe 104685 416851 543481 resp 547222 1000 pmu 1016751 988136 8239103 13853883 1061893018
1790335884.372480 W 115 lat 314 3037 8185 0 exe 103555 381537 540703 resp 544240 1000 pmu 1017138 994516 8244003 13882536 987484876
1790335885.316441 W 116 lat 296 2425 7666 0 exe 107037 379759 541796 resp 546481 1000 pmu 1020126 1003020 8251001 13670346 963277521
1790335886.360591 W 117 lat 296 2351 7814 0 exe 76018 353018 536537 resp 540074 961 pmu 1020136 983719 8263118 13689752 904515973
1790335887.304322 W 118 lat 314 3074 7629 0 exe 103351 399592 537962 resp 542666 1000 pmu 1016216 993118 8229834 13343114 1025780783
1790335888.360305 W 119 lat 314 3222 7981 0 exe 103685 414240 558222 resp 561148 1000 pmu 1015622 989281 8229281 13735525 1064265675
1790335889.308487 W 120 lat 370 3166 8129 0 exe 101333 420222 548166 resp 551499 1000 pmu 1015122 985153 8228042 14006545 1073954550
1790335890.364329 W 121 lat 314 3370 9370 0 exe 105314 406055 551629 resp 557907 1000 pmu 1015587 990505 8236210 13926779 1050895648
1790335891.308523 W 122 lat 444 3425 9037 0 exe 105537 427333 536351 resp 540574 1000 pmu 1016037 989715 8234848 13932342 1091954618
1790335892.360448 W 123 lat 314 3648 8759 0 exe 102833 432185 548129 resp 551592 1000 pmu 1013975 982771 8233896 13876088 1113809591
1790335893.312333 W 124 lat 333 3407 9185 0 exe 102870 413537 535907 resp 540851 1000 pmu 1015261 988327 8226936 13999907 1064393912
1790335894.364436 W 125 lat 425 3555 9129 0 exe 103666 432111 564481 resp 569499 1000 pmu 1016789 989482 8254174 13793053 1106683336
1790335895.312467 W 126 lat 425 3611 8666 0 exe 101518 419259 545537 resp 548444 1000 pmu 1014810 988116 8229820 14176965 1082723297
1790335896.360589 W 127 lat 574 3962 9388 0 exe 97777 452518 558407 resp 563037 999 pmu 1013997 980808 8240452 13899815 1163370016
1790335897.316480 W 128 lat 388 3740 8944 0 exe 102351 444259 557074 resp 562259 1000 pmu 1015275 985875 8243225 14191036 1139632545
1790335898.372552 W 129 lat 370 3907 9407 0 exe 102777 435814 541092 resp 546851 1000 pmu 1014970 984561 8242715 14157654 1123623576
1790335899.312235 W 130 lat 296 3537 8666 0 exe 33407 420499 546222 resp 551092 955 pmu 1014661 967423 8226698 13963586 1087744200
1790335900.356217 W 131 lat 277 296 518 0 exe 16907 22129 125925 resp 126240 6 pmu 1023559 71183 8256860 13578265 60278283
1790335901.292904 W 132 lat 296 296 3777 0 exe 16944 22574 472611 resp 476388 16 pmu 1023475 66460 8261035 7220757 58006700
1790335902.336460 W 133 lat 666 3111 8999 0 exe 156166 315166 588462 resp 592722 1000 pmu 1013480 814723 8258245 10726787 811707147
1790335903.380433 W 134 lat 1666 3111 5462 0 exe 255888 311999 373370 resp 377018 1000 pmu 1012549 814138 8250405 14089056 806386239
1790335904.320448 W 135 lat 1370 3148 6166 0 exe 238981 313444 385555 resp 388759 1000 pmu 1013014 823157 8256150 12405102 809600723
1790335905.372472 W 136 lat 1592 3092 7222 0 exe 210351 309351 379296 resp 384277 1000 pmu 1012358 811095 8250724 12449559 798910479
1790335906.308426 W 137 lat 1592 3129 6351 0 exe 247518 312240 379407 resp 382555 1000 pmu 1012402 815721 8257625 12238497 805756395
1790335907.348452 W 138 lat 1722 3148 6425 0 exe 225962 312425 380888 resp 384851 1000 pmu 1012876 819123 8261454 12426560 806899148
1790335908.388409 W 139 lat 1259 3148 6555 0 exe 217055 310111 387203 resp 389796 1000 pmu 1012605 812883 8257489 12339595 800402458
1790335909.324469 W 140 lat 1407 3111 5777 0 exe 202222 309666 377333 resp 380111 1000 pmu 1013279 811967 8264377 12338151 800130021
1790335910.364469 W 141 lat 1388 3185 6259 0 exe 242962 312388 391370 resp 394240 1000 pmu 1012381 815777 8251096 12160557 806192531
1790335911.304468 W 142 lat 1537 3222 6462 0 exe 241648 311870 399148 resp 403333 1000 pmu 1012992 817924 8260251 12521448 805577379
1790335912.344492 W 143 lat 1537 3203 6722 0 exe 209111 305925 368648 resp 373018 1000 pmu 1012327 802569 8255349 12598629 790765143
1790335913.384475 W 144 lat 1388 3185 6351 0 exe 248629 313074 406888 resp 410722 1000 pmu 1013205 821017 8262604 12103395 808380965
1790335914.324495 W 145 lat 1629 3203 6314 0 exe 243740 310703 371055 resp 375796 1000 pmu 1012628 811420 8250301 12713556 802689269
1790335915.364456 W 146 lat 1277 3185 6648 0 exe 209814 311777 391018 resp 395944 1000 pmu 1013074 822207 8258065 12324664 805808674
1790335916.300493 W 147 lat 1370 3203 6148 0 exe 211703 309981 369611 resp 374592 1000 pmu 1012136 810557 8243876 12360863 800584110
1790335917.340468 W 148 lat 1611 3203 5944 0 exe 248999 311740 399555 resp 402333 1000 pmu 1013391 817227 8263044 12145484 805160279
1790335918.384491 W 149 lat 1425 3185 5999 0 exe 215055 308370 384796 resp 388018 1000 pmu 1012334 810126 8250412 12629401 796831638
1790335919.320484 W 150 lat 1425 3166 6074 0 exe 224055 310166 365740 resp 369277 1000 pmu 1012902 815726 8261169 12296697 801942002
1790335920.360450 W 151 lat 1481 3166 6648 0 exe 242999 311851 376870 resp 380444 1000 pmu 1012329 814100 8249369 12162023 805109539
1790335921.300505 W 152 lat 1574 3148 6222 0 exe 256074 313462 382037 resp 385796 1000 pmu 1013233 822448 8261848 12379703 810000097
1790335922.340460 W 153 lat 1055 3129 7296 0 exe 209648 308888 373796 resp 379833 1000 pmu 1012390 807671 8251386 12504044 797607334
1790335923.380439 W 154 lat 1481 3129 5981 0 exe 250499 312462 401370 resp 405722 1000 pmu 1012958 820940 8253980 12180876 807099863
1790335924.316443 W 155 lat 1481 3129 6092 0 exe 242296 311851 378703 resp 381537 1000 pmu 1012450 814784 8252232 12665624 805354820
1790335925.360470 W 156 lat 1388 3148 6129 0 exe 224296 312425 403018 resp 405944 1000 pmu 1013051 821393 8264565 12387906 807253829
1790335926.296489 W 157 lat 1555 3111 6370 0 exe 213796 310333 365592 resp 368166 1000 pmu 1012640 811485 8249326 12544196 801585618
1790335927.336468 W 158 lat 1425 3092 5925 0 exe 227166 311037 414462 resp 419203 1000 pmu 1013214 818404 8262058 12107167 803476277
1790335928.380473 W 159 lat 1462 3129 5833 0 exe 212444 309833 399870 resp 405203 1000 pmu 1012675 807540 8251906 12673976 800232981
1790335929.320496 W 160 lat 1203 3148 7092 0 exe 193444 311962 396296 resp 399666 1000 pmu 1013196 821774 8268800 12451375 806475540
1790335930.364489 W 161 lat 888 3092 6962 0 exe 222537 309388 390499 resp 393555 1000 pmu 1012249 809031 8249514 12326609 798903902
1790335931.312503 W 162 lat 1444 3148 6648 0 exe 247037 311611 383592 resp 387203 1000 pmu 1013353 816937 8261556 12397112 805264463
1790335932.364500 W 163 lat 1481 3129 5611 0 exe 215925 310537 391481 resp 396444 1000 pmu 1012267 815301 8256904 12465983 801888619
1790335933.308472 W 164 lat 1518 3129 6296 0 exe 228370 312203 393185 resp 396462 1000 pmu 1013270 821063 8258765 12385543 806983213
1790335934.360483 W 165 lat 1592 3148 5629 0 exe 224611 309074 392648 resp 395722 1000 pmu 1012769 808714 8263563 12468327 798483292
1790335935.296487 W 166 lat 1666 3129 6407 0 exe 222296 309425 381018 resp 383981 1000 pmu 1013111 818533 8257949 12424793 799953824
1790335936.336468 W 167 lat 1407 3111 5685 0 exe 221370 308166 362296 resp 365944 1000 pmu 1012560 806857 8250326 12302205 795937241
1790335937.384461 W 168 lat 1370 3148 6351 0 exe 214592 310796 379518 resp 384148 1000 pmu 1012731 816927 8263734 12102433 803230940
1790335938.336480 W 169 lat 1240 3111 5851 0 exe 220407 310425 397129 resp 402277 1000 pmu 1012838 814217 8252673 12262096 801928555
1790335939.288518 W 170 lat 1388 3111 5833 0 exe 249999 310333 392555 resp 395499 1000 pmu 1012393 812932 8254725 12464608 801294948
1790335940.344475 W 171 lat 1296 3148 5407 0 exe 214888 311240 387148 resp 391574 1000 pmu 1013001 820903 8260151 12556140 804440179
1790335941.292484 W 172 lat 1314 3111 5333 0 exe 212555 309092 370351 resp 374777 1000 pmu 1012322 808687 8257297 12335813 798418535
1790335942.344373 W 173 lat 1388 3129 6592 0 exe 217833 311888 411796 resp 415222 1000 pmu 1013034 821343 8255946 12145287 805486988
1790335943.292476 W 174 lat 1499 3148 6111 0 exe 234851 308018 368296 resp 372203 1000 pmu 1012369 804580 8254590 12601781 795648847
1790335944.340478 W 175 lat 1333 3185 6240 0 exe 221018 312777 391611 resp 394574 1000 pmu 1013245 823357 8259790 12233134 808465632
1790335945.288437 W 176 lat 1462 3203 6148 0 exe 231148 308888 374703 resp 377740 1000 pmu 1012316 807258 8254250 12416249 797559291
1790335946.328488 W 177 lat 1425 3240 6333 0 exe 262740 313777 380518 resp 383851 1000 pmu 1013326 824715 8262536 12279027 810872807
1790335947.372476 W 178 lat 1185 3203 7333 0 exe 228703 309148 373851 resp 376148 1000 pmu 1012487 808957 8257218 12522020 798159619
1790335948.308484 W 179 lat 1314 3129 6444 0 exe 225259 310351 397629 resp 401351 1000 pmu 1013376 816504 8265382 12260431 801830120
1790335949.348480 W 180 lat 1629 3185 6981 0 exe 249907 311185 378574 resp 381129 1000 pmu 1012208 813317 8250834 12489783 803379002
1790335950.388469 W 181 lat 1166 3222 6574 0 exe 225685 312925 390092 resp 392333 1000 pmu 1012991 822616 8261052 12425436 808284732
1790335951.328462 W 182 lat 1370 3203 6925 0 exe 229925 309055 376574 resp 380129 1000 pmu 1012545 811189 8258605 12422461 797573108
1790335952.368466 W 183 lat 740 3148 7018 0 exe 217796 311407 412703 resp 417833 1000 pmu 1014366 825630 8274983 12298425 805098814
1790335953.316477 W 184 lat 722 3129 5796 0 exe 97611 315537 416740 resp 419462 999 pmu 1015042 835941 8268581 12615686 815227436
1790335954.368475 W 185 lat 1555 3129 7537 0 exe 219592 312499 377074 resp 380277 1000 pmu 1013400 816900 8268242 12057594 806257899
1790335955.304475 W 186 lat 1259 3092 5870 0 exe 212425 310074 373111 resp 378703 1000 pmu 1012274 809026 8250092 12270919 799698403
1790335956.348481 W 187 lat 1648 3166 6129 0 exe 257203 314685 396907 resp 399185 1000 pmu 1013197 820988 8265806 12185119 811803905
1790335957.304495 W 188 lat 1166 3111 6481 0 exe 225629 311499 370777 resp 373796 1000 pmu 1012603 808744 8250213 12657169 803161575
1790335958.348464 W 189 lat 1462 3129 5907 0 exe 265407 314740 385203 resp 388240 1000 pmu 1013395 820217 8258897 12224905 811747627
1790335959.292479 W 190 lat 1259 3074 5888 0 exe 204759 311518 378759 resp 382518 1000 pmu 1012024 809598 8250512 12582967 803771266
1790335960.348500 W 191 lat 1481 3111 5777 0 exe 263777 314777 382944 resp 386499 1000 pmu 1013257 819447 8263875 12201433 811751981
1790335961.388232 W 192 lat 1555 3129 6481 0 exe 215259 312518 366833 resp 369740 1000 pmu 1012331 809946 8249013 12554550 805896948
1790335962.324216 W 193 lat 296 407 4518 0 exe 16870 35333 369037 resp 371814 55 pmu 1023087 125667 8253329 12137325 93518803
1790335963.368587 W 194 lat 296 296 333 0 exe 16592 18888 45833 resp 46148 0 pmu 1023601 33651 8245825 9750781 49396076
1790335964.320557 W 195 lat 296 3999 12499 0 exe 17370 440907 697222 resp 702222 944 pmu 1018685 912880 8275908 6403937 1114826255
1790335965.376948 W 196 lat 1611 5444 10999 0 exe 250129 555999 670740 resp 676685 1000 pmu 1020756 977377 8305913 15135169 1392329929
1790335966.316292 W 197 lat 277 4370 14944 0 exe 79648 461444 678037 resp 683574 890 pmu 1019157 947633 8270947 16620568 1171003458
1790335967.360688 W 198 lat 296 3574 10444 0 exe 48833 399740 666555 resp 674611 677 pmu 1017292 855598 8258553 15373352 1013750264
1790335968.304376 W 199 lat 296 4185 14722 0 exe 92074 477999 657833 resp 664870 990 pmu 1017699 963207 8265406 14783029 1208858901
1790335969.352609 W 200 lat 277 2314 7648 0 exe 57925 305222 633462 resp 637907 852 pmu 1016367 912021 8251813 15322283 792096522
1790335970.296598 W 201 lat 425 4555 11037 0 exe 105333 501777 669092 resp 675055 1000 pmu 1019823 972355 8287949 13986288 1266530698
1790335971.356458 W 202 lat 2703 5462 10999 0 exe 424370 560851 660240 resp 663388 1000 pmu 1021413 982123 8311498 15599079 1404162320
1790335972.312588 W 203 lat 296 2444 9537 0 exe 57185 291759 640796 resp 647851 573 pmu 1017339 839474 8255699 17401294 759051856
1790335973.372646 W 204 lat 1981 5296 11777 0 exe 274814 573277 663888 resp 671407 1000 pmu 1019895 971875 8287117 14012124 1435613269
1790335974.328467 W 205 lat 296 2351 8537 0 exe 74074 305425 612129 resp 619481 926 pmu 1015678 911448 8250831 16774785 792613934
1790335975.384703 W 206 lat 296 3740 10259 0 exe 64296 418444 607740 resp 611999 970 pmu 1017737 946157 8271510 13874019 1079789671
1790335976.324709 W 207 lat 1666 5203 10555 0 exe 344111 548388 663018 resp 670759 1000 pmu 1018817 968980 8284692 14346593 1374849597
1790335977.384423 W 208 lat 296 4314 13629 0 exe 70166 453037 667555 resp 676499 940 pmu 1016191 932533 8252279 16981095 1150300769
1790335978.336525 W 209 lat 296 3851 8740 0 exe 72277 439907 616462 resp 621037 908 pmu 1013944 891534 8229846 15189922 1114822557
1790335979.376363 W 210 lat 277 3259 10074 0 exe 55092 392462 646537 resp 650851 964 pmu 1016159 925887 8255641 14575343 1002610266
1790335980.312684 W 211 lat 296 3037 8962 0 exe 73018 371148 646370 resp 654370 976 pmu 1016221 917012 8254183 14555351 963117751
1790335981.356731 W 212 lat 999 4925 10685 0 exe 157388 520555 650314 resp 656759 1000 pmu 1018444 957009 8280036 14548550 1310320076
1790335982.296607 W 213 lat 1240 4759 10203 0 exe 229296 499981 640185 resp 646888 1000 pmu 1013235 929630 8229983 15770668 1259167166
1790335983.360653 W 214 lat 296 3629 8499 0 exe 44166 422055 594999 resp 599296 953 pmu 1013530 896751 8230206 15925340 1074051933
1790335984.312606 W 215 lat 296 3685 9407 0 exe 62444 426814 621333 resp 626611 967 pmu 1013579 921985 8230842 14127215 1090393821
1790335985.360664 W 216 lat 314 3222 8055 0 exe 96759 383981 651166 resp 655462 998 pmu 1013929 919395 8236105 14515514 983829756
1790335986.296602 W 217 lat 685 4703 10240 0 exe 222388 497203 631462 resp 639296 1000 pmu 1018659 949018 8283561 14757457 1256817083
1790335987.336766 W 218 lat 1055 4833 19796 0 exe 205111 509111 649777 resp 655499 1000 pmu 1015575 937676 8251446 15792555 1280554210
1790335988.376640 W 219 lat 296 3592 10555 0 exe 52611 409722 649018 resp 654203 941 pmu 1013008 904758 8223860 15988498 1043063773
1790335989.316442 W 220 lat 296 3666 8962 0 exe 79777 425592 599388 resp 603314 994 pmu 1014096 904956 8240149 14662494 1087716870
1790335990.352607 W 221 lat 314 3185 9648 0 exe 105851 379444 586851 resp 592314 1000 pmu 1014205 912836 8233527 14367696 977743283
1790335991.292563 W 222 lat 388 4296 10851 0 exe 113759 475925 632499 resp 639833 1000 pmu 1016953 944584 8260671 14150662 1205886625
1790335992.332595 W 223 lat 740 5018 11148 0 exe 193925 530129 669296 resp 674185 1000 pmu 1016341 944773 8255528 15150459 1328394482
1790335993.380675 W 224 lat 314 3870 9222 0 exe 95425 439666 631314 resp 637555 999 pmu 1012037 889481 8211452 16184789 1112772158
1790335994.320662 W 225 lat 296 3740 9240 0 exe 88962 434166 611203 resp 617407 985 pmu 1011863 900139 8217633 14849389 1097055978
1790335995.368562 W 226 lat 314 3407 8537 0 exe 102388 390240 613018 resp 618870 1000 pmu 1014422 924398 8244585 14587650 1004497501
1790335996.308608 W 227 lat 425 4388 10592 0 exe 161759 474333 636962 resp 643037 1000 pmu 1015862 930204 8255405 14446259 1201149407
1790335997.348565 W 228 lat 462 4962 13296 0 exe 171851 523907 656092 resp 661537 1000 pmu 1016756 942698 8265709 15420064 1319627083
1790335998.388663 W 229 lat 296 3574 8870 0 exe 82222 413499 604611 resp 610796 979 pmu 1012091 895080 8212447 15923180 1054141704
1790335999.324510 W 230 lat 314 3648 8092 0 exe 75666 422629 588555 resp 591833 981 pmu 1014099 902505 8229104 14381758 1078429013
1790336000.372417 W 231 lat 314 3481 10055 0 exe 97166 399574 616129 resp 620925 999 pmu 1014142 909262 8235117 14216193 1020059840
1790336001.304355 W 232 lat 296 4314 11851 0 exe 138648 471055 653203 resp 658648 1000 pmu 1016729 929700 8263886 14500702 1194649579
1790336002.344646 W 233 lat 444 4629 10833 0 exe 164796 505629 660925 resp 666333 1000 pmu 1016077 943217 8253742 15452705 1277281974
1790336003.384497 W 234 lat 314 3796 9240 0 exe 92444 433944 599074 resp 606944 994 pmu 1011932 891857 8221713 15830694 1108039363
1790336004.324372 W 235 lat 296 3592 9333 0 exe 74407 409148 607148 resp 612888 976 pmu 1013203 891741 8233008 14491297 1041906853
1790336005.364383 W 236 lat 314 3407 10518 0 exe 101999 393574 595351 resp 600611 1000 pmu 1014494 925492 8249416 14346584 1005362206
1790336006.300615 W 237 lat 333 3944 11851 0 exe 103611 444888 598277 resp 604833 1000 pmu 1016671 931572 8249000 14291375 1137479733
1790336007.344653 W 238 lat 1981 5018 10648 0 exe 242722 534666 648111 resp 654166 1000 pmu 1017204 957345 8274277 14601334 1344327802
1790336008.384646 W 239 lat 296 3499 9111 0 exe 83796 407592 592018 resp 596074 977 pmu 1012004 885837 8212328 16249109 1037801106
1790336009.320333 W 240 lat 314 3666 10481 0 exe 90129 423851 613796 resp 618444 996 pmu 1012868 899905 8223358 14224453 1073590737
1790336010.360296 W 241 lat 314 3314 8037 0 exe 104111 391759 610944 resp 614962 1000 pmu 1015376 932279 8249084 14566019 1013884618
1790336011.300624 W 242 lat 444 4240 9814 0 exe 113981 473314 640018 resp 644111 1000 pmu 1014598 924853 8248106 14429679 1192962410
1790336012.340489 W 243 lat 2055 5129 10722 0 exe 220999 544166 660425 resp 667277 1000 pmu 1017281 959207 8271271 15191983 1364568172
1790336013.380493 W 244 lat 314 3481 9944 0 exe 91148 398074 557499 resp 561759 993 pmu 1011639 887810 8210309 16316547 1018005413
1790336014.320287 W 245 lat 314 3629 8351 0 exe 104018 427462 604222 resp 607462 1000 pmu 1014550 932300 8243192 13873633 1088723883
1790336015.360511 W 246 lat 314 3648 11203 0 exe 101777 419925 594944 resp 600944 1000 pmu 1014599 933875 8239823 14539729 1075808408
1790336016.296644 W 247 lat 555 4259 10407 0 exe 120203 471740 633629 resp 638203 1000 pmu 1014664 925964 8247582 14426414 1195336226
1790336017.340574 W 248 lat 833 5074 10129 0 exe 197351 534314 680629 resp 687740 1000 pmu 1016323 949224 8257232 15157563 1342025120
1790336018.380661 W 249 lat 296 3296 7870 0 exe 86129 389055 590629 resp 593592 981 pmu 1011873 896117 8216604 16342859 1000954713
1790336019.316397 W 250 lat 296 3222 7888 0 exe 71537 375407 607037 resp 612259 959 pmu 1013834 884203 8230767 14116857 960383323
1790336020.372683 W 251 lat 314 3703 12537 0 exe 94351 420166 609537 resp 614833 999 pmu 1016475 930012 8256309 14150864 1072693594
1790336021.308699 W 252 lat 648 4592 10499 0 exe 147333 495240 661351 resp 666944 1000 pmu 1015879 939931 8254832 14539803 1251516310
1790336022.376629 W 253 lat 388 4611 11222 0 exe 169499 501592 646722 resp 653685 1000 pmu 1014838 939349 8249927 15695672 1266781542
1790336023.336499 W 254 lat 296 3685 10722 0 exe 67907 435129 611703 resp 615166 962 pmu 1013665 918950 8229256 15701256 1111672893
1790336024.372229 W 255 lat 296 592 6648 0 exe 17277 63981 570333 resp 574870 102 pmu 1022971 199985 8246673 14483053 170022726
1790336025.308188 W 256 lat 277 296 333 0 exe 16981 19277 46499 resp 46814 0 pmu 1023547 37982 8255413 11929530 51618965
1790336026.348215 W 257 lat 277 296 481 0 exe 17148 23851 113148 resp 113462 11 pmu 1023483 91538 8257411 6411679 60697697
1790336027.284188 W 258 lat 277 296 333 0 exe 16870 19148 47351 resp 47666 0 pmu 1023577 36605 8259168 7102569 48448937
1790336028.324218 W 259 lat 296 296 666 0 exe 16851 21388 121962 resp 122407 6 pmu 1023554 62803 8258271 6418975 54171724
1790336029.364191 W 260 lat 277 296 333 0 exe 16925 19944 50907 resp 51222 0 pmu 1023496 45715 8253038 7178541 50432452
1790336030.300259 W 261 lat 296 444 833 0 exe 17203 28277 131796 resp 132277 18 pmu 1023429 69227 8260292 6458642 48609703
1790336031.340224 W 262 lat 462 462 518 0 exe 24166 26962 59074 resp 59555 0 pmu 1023626 40875 8259788 7314878 42912355
1790336032.380253 W 263 lat 462 462 611 0 exe 24166 29907 132777 resp 133277 18 pmu 1023530 71400 8260325 6615248 47750598
1790336033.316218 W 264 lat 462 462 518 0 exe 24166 26685 60166 resp 60648 0 pmu 1023549 37940 8251792 7367556 42529244
1790336034.356251 W 265 lat 388 462 648 0 exe 21092 29055 130277 resp 130759 18 pmu 1023502 66695 8254025 6624763 47178206
1790336035.292221 W 266 lat 462 462 499 0 exe 24092 26611 58518 resp 58999 0 pmu 1023627 37312 8253711 7322640 42402053
1790336036.332259 W 267 lat 462 462 740 0 exe 23370 29351 130907 resp 131444 18 pmu 1023549 65229 8259118 6607306 46900331
1790336037.372221 W 268 lat 462 462 499 0 exe 24259 26833 60703 resp 61185 0 pmu 1023516 39422 8253773 7342813 42739645
1790336038.308255 W 269 lat 462 462 611 0 exe 23999 29333 129092 resp 129611 19 pmu 1023443 65248 8249068 6631218 46888136
1790336039.348224 W 270 lat 462 462 499 0 exe 24018 26814 61388 resp 61888 0 pmu 1023605 39431 8256206 7327036 42719205
1790336040.284262 W 271 lat 462 462 611 0 exe 24129 29407 128851 resp 129370 19 pmu 1023508 66073 8253870 6636721 47021215
1790336041.324224 W 272 lat 444 462 499 0 exe 24166 27296 59981 resp 60481 0 pmu 1023559 44196 8256812 7325583 43444069
1790336042.364254 W 273 lat 462 462 666 0 exe 24111 29648 132870 resp 133481 19 pmu 1023404 68216 8255942 6625833 47372680
1790336043.300222 W 274 lat 462 462 518 0 exe 24370 27185 57796 resp 58277 0 pmu 1023553 42988 8253240 7367704 43312459
1790336044.340260 W 275 lat 462 462 814 0 exe 23851 29777 130999 resp 131814 19 pmu 1023516 70081 8258139 6604608 47583216
1790336045.380215 W 276 lat 462 462 518 0 exe 23907 26555 60722 resp 61203 0 pmu 1023631 36793 8258544 7350097 42313729
1790336046.320262 W 277 lat 462 462 703 0 exe 24037 29092 129981 resp 130462 19 pmu 1023560 62724 8256876 6628334 46478487
1790336047.360222 W 278 lat 462 462 499 0 exe 24074 26759 59907 resp 60388 0 pmu 1023576 38566 8247921 7335286 42623842
1790336048.296264 W 279 lat 462 462 796 0 exe 24074 29370 130851 resp 131351 19 pmu 1023502 65943 8256053 6622050 46987874
1790336049.336221 W 280 lat 462 462 518 0 exe 24185 26870 68907 resp 69388 0 pmu 1023590 40000 8260244 7346047 42807243
1790336050.376260 W 281 lat 370 462 685 0 exe 20796 29333 131722 resp 132351 19 pmu 1023531 69523 8259161 6712956 47693015
1790336051.312227 W 282 lat 462 462 518 0 exe 23851 27111 60074 resp 60574 0 pmu 1023548 42269 8257874 7337836 43181496
1790336052.352257 W 283 lat 462 481 777 0 exe 24074 29425 139777 resp 140277 19 pmu 1023532 66139 8257844 6624408 47006104
1790336053.288224 W 284 lat 462 462 555 0 exe 23777 26925 58870 resp 59370 0 pmu 1023518 40382 8251680 7435634 42943975
1790336054.332262 W 285 lat 462 462 648 0 exe 24055 29222 137018 resp 137574 19 pmu 1023574 63855 8249768 6611327 46687288
1790336055.372225 W 286 lat 462 462 499 0 exe 23796 26981 61240 resp 61740 0 pmu 1023585 40791 8259178 7406525 42988340
1790336056.308274 W 287 lat 462 481 1055 0 exe 23907 29870 143148 resp 144203 19 pmu 1023485 70361 8256501 6635051 47660947
1790336057.348231 W 288 lat 462 462 499 0 exe 24148 26925 66518 resp 66981 0 pmu 1023629 40175 8247699 7474817 42945848
1790336058.284260 W 289 lat 444 462 629 0 exe 24222 30388 133425 resp 133925 19 pmu 1023505 75727 8257127 6689222 48558719
1790336059.324222 W 290 lat 462 462 518 0 exe 23870 26851 62129 resp 62611 0 pmu 1023589 39736 8255680 7376738 42797442
1790336060.364265 W 291 lat 462 462 611 0 exe 23999 29259 142777 resp 143296 18 pmu 1023471 64301 8255869 6643736 46776928
1790336061.300233 W 292 lat 462 462 499 0 exe 24351 28055 64222 resp 64703 0 pmu 1023574 51675 8256149 7463725 44702249
1790336062.340275 W 293 lat 462 462 740 0 exe 23833 29277 135685 resp 136203 18 pmu 1023496 64595 8254935 6672952 46856393
1790336063.380227 W 294 lat 462 462 499 0 exe 24148 27166 66277 resp 66759 0 pmu 1023570 42698 8245204 7392701 43292461
1790336064.316273 W 295 lat 462 462 648 0 exe 24240 30648 127648 resp 128148 23 pmu 1023476 78588 8253088 6688113 49040976
1790336065.356222 W 296 lat 462 462 537 0 exe 24296 27277 62574 resp 63037 0 pmu 1023567 43936 8251648 7320473 43408711
1790336066.292242 W 297 lat 462 462 611 0 exe 24277 28722 126722 resp 127277 18 pmu 1023528 58711 8249782 6652508 45967596
1790336067.332227 W 298 lat 351 462 518 0 exe 20351 27074 68759 resp 69185 0 pmu 1023592 48541 8256246 7302027 44511477
1790336068.372276 W 299 lat 462 481 962 0 exe 24055 28370 129648 resp 130148 15 pmu 1023493 55091 8255404 6692646 45467944
1790336069.308226 W 300 lat 462 462 537 0 exe 24018 28240 110703 resp 111185 4 pmu 1023545 53993 8250774 7329850 44891576
1790336070.348261 W 301 lat 462 462 796 0 exe 23685 26870 127425 resp 127944 4 pmu 1023606 39686 8255539 7137123 43071463
1790336071.284226 W 302 lat 444 462 574 0 exe 24148 29388 130574 resp 131055 13 pmu 1023499 65742 8253215 7297529 46846325
1790336072.328263 W 303 lat 462 462 518 0 exe 24166 27203 44148 resp 44611 0 pmu 1023575 42848 8252204 7342445 43289866
1790336073.368266 W 304 lat 407 462 833 0 exe 22851 42148 162370 resp 163203 104 pmu 1023098 204998 8254078 6467148 71893381
1790336074.304288 W 305 lat 462 462 518 0 exe 23777 26907 78166 resp 78629 0 pmu 1023691 40570 8253020 7720532 43135211
1790336075.344235 W 306 lat 462 462 759 0 exe 24370 29629 129370 resp 129851 19 pmu 1023576 68156 8252551 6803734 47463384
1790336076.384281 W 307 lat 462 462 518 0 exe 23888 26685 52222 resp 52685 0 pmu 1023697 38089 8251864 7333820 42516212
1790336077.320225 W 308 lat 462 481 851 0 exe 24166 29740 136259 resp 137111 18 pmu 1023573 69465 8259177 6543706 47485710
1790336078.360263 W 309 lat 462 462 499 0 exe 23925 26518 42277 resp 42777 0 pmu 1023667 36328 8258656 7404615 42277854
1790336079.296229 W 310 lat 462 462 611 0 exe 24129 29314 137888 resp 138444 19 pmu 1023550 64988 8256289 6443887 46724739
1790336080.336277 W 311 lat 462 462 518 0 exe 23851 26907 57314 resp 57814 0 pmu 1023546 40372 8257076 7415784 42904616
1790336081.376233 W 312 lat 462 462 814 0 exe 24055 29555 139259 resp 140074 19 pmu 1023523 67315 8256564 6595776 47200490
1790336082.312224 W 313 lat 462 462 518 0 exe 24037 26703 50240 resp 50722 0 pmu 1023595 38324 8256468 7432625 42601577
1790336083.352255 W 314 lat 407 462 629 0 exe 22240 29037 135296 resp 135833 19 pmu 1023518 68262 8257317 6524814 47369924
1790336084.288234 W 315 lat 462 462 518 0 exe 23666 26648 59944 resp 60425 0 pmu 1023597 37658 8256248 7378754 42482228
1790336085.328256 W 316 lat 462 462 722 0 exe 24092 29537 148666 resp 149148 19 pmu 1023550 67109 8258086 6619884 47120197
1790336086.368270 W 317 lat 462 462 592 0 exe 24185 29240 116277 resp 116870 8 pmu 1023596 64435 8259206 7524699 46796960
1790336087.304231 W 318 lat 462 481 870 0 exe 23796 29296 127796 resp 128666 19 pmu 1023551 65120 8254884 7199773 47238049
1790336088.364317 W 319 lat 314 2499 10444 0 exe 24888 302499 522981 resp 527018 876 pmu 1020228 822141 8269314 7318830 739848610
1790336089.304531 W 320 lat 314 3092 9685 0 exe 81444 377777 539092 resp 544092 990 pmu 1016885 881807 8252562 12715581 969562094
1790336090.360444 W 321 lat 296 3222 8611 0 exe 88481 354740 483685 resp 487018 989 pmu 1014134 864357 8227999 13540019 924224310
1790336091.312553 W 322 lat 314 2685 8370 0 exe 86666 353351 494833 resp 499222 992 pmu 1018959 903802 8256248 12892688 906118673
1790336092.356586 W 323 lat 314 2981 9703 0 exe 84796 354907 476722 resp 482870 991 pmu 1016707 884165 8243457 12989752 915219862
1790336093.300426 W 324 lat 314 3203 9092 0 exe 86018 375277 520148 resp 524499 995 pmu 1016550 885013 8245090 12824129 966500343
1790336094.360288 W 325 lat 314 3259 8240 0 exe 82092 364740 494481 resp 499907 990 pmu 1014117 862324 8230518 13355124 947059817
1790336095.296485 W 326 lat 351 3222 7703 0 exe 83740 380296 528870 resp 534629 998 pmu 1015367 867799 8237347 13027619 977430889
1790336096.344455 W 327 lat 333 3870 8462 0 exe 88851 391851 531314 resp 534796 995 pmu 1012797 859347 8235572 13456797 1018231489
1790336097.292493 W 328 lat 425 4148 8796 0 exe 89388 413629 525592 resp 530425 997 pmu 1014456 883488 8245913 13560124 1070023066
1790336098.344469 W 329 lat 388 3962 8166 0 exe 81018 398537 511388 resp 516203 995 pmu 1011433 837693 8219032 13624548 1032793667
1790336099.292536 W 330 lat 296 3499 9944 0 exe 78351 383685 520314 resp 526277 979 pmu 1014659 863197 8237722 13360871 989236416
1790336100.348452 W 331 lat 444 3648 9333 0 exe 81462 380907 514537 resp 520203 992 pmu 1013710 868624 8230421 13374550 988994360
1790336101.296473 W 332 lat 444 3796 7907 0 exe 84166 384055 519759 resp 525092 993 pmu 1012756 857506 8226754 13315087 998724267
1790336102.344504 W 333 lat 444 3444 8870 0 exe 82666 383592 511722 resp 514907 995 pmu 1015355 875056 8234808 13388836 986091891
1790336103.296427 W 334 lat 314 3444 8962 0 exe 85388 367222 534888 resp 540259 991 pmu 1014785 876410 8234286 13290793 953314355
1790336104.348334 W 335 lat 314 3074 8462 0 exe 83166 372592 494074 resp 497611 993 pmu 1015815 876989 8234363 13464938 958782371
1790336105.300327 W 336 lat 314 2370 8092 0 exe 85111 333777 493462 resp 499944 987 pmu 1019213 906170 8252055 13059142 861441335
1790336106.352430 W 337 lat 333 3240 9666 0 exe 85851 375259 488814 resp 492092 993 pmu 1014439 860082 8227065 12877828 965973683
1790336107.300326 W 338 lat 296 3370 9481 0 exe 87759 366759 520370 resp 524055 993 pmu 1014775 878448 8232215 13038934 954066481
1790336108.348430 W 339 lat 333 3185 9462 0 exe 86222 377555 488888 resp 494444 995 pmu 1015137 865225 8232641 13323096 968165102
1790336109.300441 W 340 lat 351 3611 9666 0 exe 85870 371962 497981 resp 500722 992 pmu 1013550 864072 8226443 13063031 968652523
1790336110.348473 W 341 lat 314 3611 8666 0 exe 88722 386296 516222 resp 521537 994 pmu 1013410 857632 8233413 13113331 999711670
1790336111.292488 W 342 lat 314 3611 7851 0 exe 84870 395296 529444 resp 534074 995 pmu 1013476 854401 8227808 13389372 1021226751
1790336112.340439 W 343 lat 314 3444 9185 0 exe 88370 376722 513666 resp 517648 990 pmu 1012467 852901 8216835 13539830 979282811
1790336113.288537 W 344 lat 314 3166 7814 0 exe 90999 383962 508444 resp 513925 996 pmu 1012611 846632 8220568 13309328 993348140
1790336114.344501 W 345 lat 314 3092 8444 0 exe 84370 373722 494333 resp 497592 995 pmu 1012794 844885 8220819 13305601 969099168
1790336115.292352 W 346 lat 333 3574 8962 0 exe 89740 361055 535148 resp 540222 995 pmu 1014897 873344 8238485 13071895 937397881
1790336116.344335 W 347 lat 296 3222 8314 0 exe 69518 350148 500462 resp 505259 964 pmu 1014671 839147 8226265 13457725 907003745
1790336117.296447 W 348 lat 314 3648 7907 0 exe 86111 380018 537018 resp 539981 997 pmu 1013813 858992 8227666 12948643 983373981
1790336118.352326 W 349 lat 351 3685 9037 0 exe 87166 363185 514907 resp 520055 993 pmu 1012731 855888 8219289 13537589 949265498
1790336119.300516 W 350 lat 314 3592 8611 0 exe 88444 380925 516129 resp 521388 999 pmu 1015655 872187 8236369 13254617 983713508
1790336120.364444 W 351 lat 351 3796 8296 0 exe 90425 375481 515129 resp 521148 997 pmu 1014172 870368 8239286 13359591 976780483
1790336121.312469 W 352 lat 314 3703 9333 0 exe 85611 376462 535425 resp 541314 997 pmu 1014905 881195 8230090 13335758 979119883
1790336122.360493 W 353 lat 407 3537 8388 0 exe 95074 376277 510888 resp 515018 997 pmu 1014310 861041 8235449 13523371 971893329
1790336123.308599 W 354 lat 351 3611 7888 0 exe 87240 363148 515611 resp 521629 997 pmu 1013342 863393 8228190 13310536 949222873
1790336124.360562 W 355 lat 740 4092 9185 0 exe 87962 399296 521944 resp 527444 997 pmu 1012793 855571 8229063 13259906 1034262731
1790336125.304480 W 356 lat 481 4129 9314 0 exe 87851 407092 522259 resp 528925 998 pmu 1013607 867307 8232085 13515984 1056819518
1790336126.356517 W 357 lat 351 4111 9074 0 exe 92462 394981 535703 resp 540166 999 pmu 1012409 846664 8222113 13562831 1025642728
1790336127.300556 W 358 lat 407 4018 9055 0 exe 86685 382444 513722 resp 519648 996 pmu 1011879 844536 8224324 13646769 996047479
1790336128.344593 W 359 lat 351 4018 9851 0 exe 90277 394870 531018 resp 536388 997 pmu 1014901 881533 8245669 13342563 1028319020
1790336129.296484 W 360 lat 314 3629 8203 0 exe 89296 381777 517925 resp 521666 997 pmu 1013735 857302 8229553 13596395 988574092
1790336130.352548 W 361 lat 425 3962 9092 0 exe 88907 390499 525722 resp 531166 996 pmu 1013554 853254 8231338 13376804 1015940249
1790336131.296318 W 362 lat 314 3777 8833 0 exe 86518 372796 509444 resp 515129 998 pmu 1012874 848925 8224216 13511448 968342663
1790336132.352455 W 363 lat 370 3814 9888 0 exe 87185 381685 513759 resp 519833 997 pmu 1013890 857704 8226249 13246699 991113444
1790336133.296600 W 364 lat 462 3814 9148 0 exe 89685 392851 527222 resp 532703 999 pmu 1014144 866985 8241453 13345346 1016490406
1790336134.348304 W 365 lat 499 4018 9925 0 exe 87166 396037 539518 resp 543537 997 pmu 1013973 865512 8234715 13541958 1029563500
1790336135.296447 W 366 lat 314 3796 8629 0 exe 90018 374111 521629 resp 527037 997 pmu 1012072 847526 8218710 13666235 973719437
1790336136.352435 W 367 lat 296 3296 7314 0 exe 85333 376574 528629 resp 533351 996 pmu 1015423 867227 8237785 13390321 969322050
1790336137.308431 W 368 lat 333 3425 8981 0 exe 88537 358351 503462 resp 509074 990 pmu 1014505 871274 8231203 13436681 932111079
1790336138.360560 W 369 lat 351 3944 8759 0 exe 85777 387148 514759 resp 520148 993 pmu 1012339 851616 8220104 13123281 1003567817
1790336139.312533 W 370 lat 333 3555 8814 0 exe 84537 383037 512499 resp 516111 994 pmu 1013874 856753 8228255 13367021 986459249
1790336140.368456 W 371 lat 314 3481 8074 0 exe 87796 367148 531166 resp 537203 990 pmu 1014389 873053 8232753 13307061 952244058
1790336141.312442 W 372 lat 351 3092 9407 0 exe 85333 372759 486796 resp 489574 994 pmu 1015803 874523 8234982 13438454 957283025
1790336142.372498 W 373 lat 314 3370 8796 0 exe 81444 366703 489740 resp 492962 991 pmu 1013861 860245 8228555 12999225 952691281
1790336143.316449 W 374 lat 314 3166 9314 0 exe 84555 371759 508333 resp 512166 994 pmu 1015693 878891 8238695 12979240 957345744
1790336144.372263 W 375 lat 370 3499 8537 0 exe 87055 384851 535962 resp 541092 993 pmu 1014309 861155 8229204 13210756 992772591
1790336145.320458 W 376 lat 314 3314 8481 0 exe 84555 367574 519999 resp 524740 989 pmu 1014136 862248 8223895 13569425 954806826
1790336146.364542 W 377 lat 444 3425 22944 0 exe 84629 386648 530074 resp 536111 995 pmu 1015478 872114 8237565 13307549 994891854
1790336147.308385 W 378 lat 444 3870 9037 0 exe 88148 395833 523740 resp 528388 994 pmu 1013791 873403 8228966 13584063 1028321721
1790336148.348219 W 379 lat 296 814 8462 0 exe 16833 70462 468166 resp 473222 151 pmu 1021587 212293 8247826 13507368 192413059
1790336149.284190 W 380 lat 277 296 333 0 exe 16759 19370 49203 resp 49518 0 pmu 1023541 39127 8256960 10950722 51315947
1790336150.344467 W 381 lat 277 2740 17999 0 exe 17333 286407 590407 resp 594425 834 pmu 1020258 745375 8309725 6440440 735578496
1790336151.304467 W 382 lat 1240 3222 6666 0 exe 278499 334222 395055 resp 398351 1000 pmu 1019435 871152 8308719 13310611 863480258
1790336152.368476 W 383 lat 1592 3185 5962 0 exe 295888 334888 386907 resp 389814 1000 pmu 1020029 874015 8322072 12848784 865752200
1790336153.316470 W 384 lat 1111 3129 5685 0 exe 227037 331425 391833 resp 395092 1000 pmu 1019064 865595 8298986 12853758 856431862
1790336154.380480 W 385 lat 1685 3203 5833 0 exe 267037 334185 392555 resp 395796 1000 pmu 1019895 874452 8320226 12539195 863743211
1790336155.324459 W 386 lat 1592 3203 6462 0 exe 295518 333777 391203 resp 394833 1000 pmu 1019598 870490 8310687 12764159 862510744
1790336156.372464 W 387 lat 1574 3240 7203 0 exe 234111 334407 391759 resp 398129 1000 pmu 1019788 873701 8312712 12895607 864136391
1790336157.332470 W 388 lat 1370 3148 5685 0 exe 235444 331555 378888 resp 382814 1000 pmu 1019419 864364 8315656 12614718 856874497
1790336158.388461 W 389 lat 1444 3166 5907 0 exe 279259 335351 391481 resp 395888 1000 pmu 1019796 876398 8311521 12457218 866361754
1790336159.344474 W 390 lat 1555 3148 6611 0 exe 280574 333740 386537 resp 391092 1000 pmu 1019572 870414 8311920 12825223 862190851
1790336160.296424 W 391 lat 1462 3185 6148 0 exe 235148 331537 394129 resp 397907 1000 pmu 1019789 868098 8323120 12778772 857190662
1790336161.352467 W 392 lat 1277 3222 6166 0 exe 249222 332166 386351 resp 390111 1000 pmu 1019144 866340 8300635 12610265 858205070
1790336162.300400 W 393 lat 1722 3314 6592 0 exe 289425 334444 385277 resp 388759 1000 pmu 1019709 872408 8317257 12605010 864136848
1790336163.372464 W 394 lat 1296 3185 5981 0 exe 248092 333740 410666 resp 414425 1000 pmu 1019668 870485 8309280 12810296 862228197
1790336164.320473 W 395 lat 1444 3148 6037 0 exe 232185 331351 387499 resp 390907 1000 pmu 1019180 862148 8303897 12849434 856820955
1790336165.380461 W 396 lat 1314 3129 6018 0 exe 266425 333333 393388 resp 397370 1000 pmu 1019643 874246 8312194 12525418 861418995
1790336166.328469 W 397 lat 1648 3148 6018 0 exe 292611 333851 393037 resp 395981 1000 pmu 1019515 870587 8309145 12767491 862561927
1790336167.288484 W 398 lat 1370 3185 7277 0 exe 247722 331222 403518 resp 406370 1000 pmu 1019810 866820 8317525 12894144 856662375
1790336168.356466 W 399 lat 1555 3240 6314 0 exe 248074 332314 392518 resp 395888 1000 pmu 1019089 866882 8310916 12765905 858863684
1790336169.316518 W 400 lat 1555 3185 6314 0 exe 279999 335148 392907 resp 395870 1000 pmu 1019992 874469 8319967 12662114 866030072
1790336170.380471 W 401 lat 1407 3166 6499 0 exe 255129 333481 401999 resp 406537 1000 pmu 1019059 868226 8302987 12837553 861780392
1790336171.332514 W 402 lat 962 3129 6166 0 exe 234481 331944 389574 resp 393648 1000 pmu 1019693 868793 8309720 12803692 857932733
1790336172.372521 W 403 lat 1574 3185 6537 0 exe 281555 333648 382333 resp 385888 1000 pmu 1019706 868110 8311860 12562168 861963692
1790336173.308490 W 404 lat 1388 3203 6425 0 exe 225722 334888 415388 resp 419407 1000 pmu 1019579 874360 8309695 12736227 865381819
1790336174.348470 W 405 lat 1444 3240 6166 0 exe 238629 333185 380666 resp 383444 1000 pmu 1019386 866761 8310791 12794709 860887403
1790336175.288370 W 406 lat 925 3222 6944 0 exe 233333 334018 392648 resp 395351 1000 pmu 1019721 873386 8311457 12496497 863063166
1790336176.324558 W 407 lat 1462 3166 6888 0 exe 294444 335314 382814 resp 385666 1000 pmu 1019431 870308 8306387 12594804 865858283
1790336177.364496 W 408 lat 1259 3129 5796 0 exe 224222 332814 406814 resp 410074 1000 pmu 1019807 869254 8318049 12811362 860165775
1790336178.300465 W 409 lat 1555 3203 6629 0 exe 279296 335240 393907 resp 398018 1000 pmu 1019321 871240 8308288 12683010 866049925
1790336179.340458 W 410 lat 537 2962 7611 0 exe 237277 334407 397944 resp 401166 1000 pmu 1020024 875003 8319731 12851721 864263500
1790336180.380491 W 411 lat 462 2814 6129 0 exe 237166 330481 393018 resp 396314 1000 pmu 1019194 868738 8313174 12672006 854069812
1790336181.320483 W 412 lat 1203 3222 6518 0 exe 239518 326629 391722 resp 395370 1000 pmu 1019430 871422 8312797 12594379 845249763
1790336182.360482 W 413 lat 1499 3222 6925 0 exe 228092 330074 393666 resp 396759 1000 pmu 1019377 869496 8313129 12583544 853070583
1790336183.296458 W 414 lat 1388 3129 6629 0 exe 233018 329555 390888 resp 393796 1000 pmu 1019949 871285 8325605 12563879 852304390
1790336184.336458 W 415 lat 1481 3185 6074 0 exe 230074 329240 396277 resp 400666 1000 pmu 1019441 869456 8311587 12554662 851235166
1790336185.376459 W 416 lat 1537 3185 5611 0 exe 232370 330444 391037 resp 395611 1000 pmu 1019927 874764 8323712 12597553 854682592
1790336186.316514 W 417 lat 1148 3185 6018 0 exe 234759 328296 385833 resp 389870 1000 pmu 1019403 866935 8307757 12561653 848891727
1790336187.356483 W 418 lat 1277 3277 6277 0 exe 228018 329962 387870 resp 393555 1000 pmu 1019618 874275 8318457 12508254 853536969
1790336188.292463 W 419 lat 1370 3259 6592 0 exe 225703 329018 391444 resp 395962 1000 pmu 1019244 868959 8309931 12513972 850811789
1790336189.332464 W 420 lat 1222 3185 6685 0 exe 229648 328888 396833 resp 401055 1000 pmu 1019580 870456 8313538 12529346 850961086
1790336190.372454 W 421 lat 1222 3148 6092 0 exe 232685 329222 390185 resp 394259 1000 pmu 1019639 869040 8318001 12600089 851309700
1790336191.312407 W 422 lat1790336340.762198 <missed 159 bytes of console log>
1790336340.762282 essors:
1790336340.762312  CPU 0... [MG] Initializing memguard on CPU 0
1790336340.762325 OK
1790336340.762351  CPU 1... [MG] Initializing memguard on CPU 1
1790336340.762363 OK
1790336340.762388  CPU 2... [MG] Initializing memguard on CPU 2
1790336340.762399 OK
1790336340.762424  CPU 3... [MG] Initializing memguard on CPU 3
1790336340.762436 OK
1790336340.762454 Initializing unit: irqchip
1790336340.762479 Initializing unit: Cache Coloring (Aarch64)
1790336340.762501 [COL] 	L1 Cache Type: I+D Split
1790336340.762520 [COL] 		Total size: 65536
1790336340.762537 [COL] 		Line size: 64
1790336340.762553 [COL] 		Assoc.: 4
1790336340.762571 [COL] 		Num. sets: 256
1790336340.762591 [COL] 		Total size (I): 65536
1790336340.762609 [COL] 		Line size (I): 64
1790336340.762627 [COL] 		Assoc. (I): 4
1790336340.762646 [COL] 		Num. sets (I): 256
1790336340.762666 [COL] 	L2 Cache Type: Unified
1790336340.762685 [COL] 		Total size: 524288
1790336340.762702 [COL] 		Line size: 64
1790336340.762718 [COL] 		Assoc.: 8
1790336340.762736 [COL] 		Num. sets: 1024
1790336340.762754 [COL] 		Num. colors: 16
1790336340.762774 [COL] 	L3 Cache Type: Unified
1790336340.762793 [COL] 		Total size: 2097152
1790336340.762810 [COL] 		Line size: 64
1790336340.762827 [COL] 		Assoc.: 16
1790336340.762844 [COL] 		Num. sets: 2048
1790336340.762862 [COL] 		Num. colors: 32
1790336340.762884 [COL] 	L4 Cache Type: Not present
1790336340.762905 [COL] 	L5 Cache Type: Not present
1790336340.762927 [COL] 	L6 Cache Type: Not present
1790336340.762948 [COL] 	L7 Cache Type: Not present
1790336340.762973 [COL] 	NOTE: L3 Cache selected for coloring.
1790336340.762994 Initializing unit: ARM SMMU v2
1790336340.763014 Initializing unit: ARM SMMU v3
1790336340.763034 Initializing unit: PVU IOMMU
1790336340.763051 Initializing unit: PCI
1790336340.763082 Page pool usage after late setup: mem 77/4061, remap 5/131072
1790336340.763101 Activating hypervisor
1790336340.763123 [MG] Initializing memguard on CPU 3
1790336340.763172 [COL] Colored OP 0: PHYS 0x30000000 -> VIRT 0x00000000 (SIZE: 0x00400000, COL: 0x000000ff, extra: 0x0000000000000000)
1790336340.763190 [COL] Result: 0
1790336340.763212 [MG] Initializing memguard on CPU 3
1790336340.763230 Created cell "rt-bench"
1790336340.763262 Page pool usage after cell creation: mem 98/4061, remap 5/131072
1790336340.763285 [MG] Initializing memguard on CPU 3
1790336340.763333 [COL] Colored OP 3: PHYS 0x30000000 -> VIRT 0x00000000 (SIZE: 0x00400000, COL: 0x000000ff, extra: 0x0000000000000000)
1790336340.763351 [COL] Result: 0
1790336340.763371 Cell "rt-bench" can be loaded
1790336340.763419 [COL] Colored OP 2: PHYS 0x30000000 -> VIRT 0x00000000 (SIZE: 0x00400000, COL: 0x000000ff, extra: 0x0000000000000000)
1790336340.763437 [COL] Result: 0
1790336340.763485 [COL] Colored OP 4: PHYS 0x30000000 -> VIRT 0x00000000 (SIZE: 0x00400000, COL: 0x000000ff, extra: 0x0000000000000001)
1790336340.763502 [COL] Result: 0
1790336340.763520 Started cell "rt-bench"
1790336340.763542 [MG] Initializing memguard on CPU 3
1790336340.763570 rt-bench: ws 768 KB, 1024 loads/period, window 1000
1790336341.800521 W 0 lat 296 296 1314 0 exe 17148 26537 133314 resp 134574 38 pmu 1023376 117265 8249992 5307581 67763507
1790336342.736553 W 1 lat 296 296 425 0 exe 16925 23629 118777 resp 119092 8 pmu 1023400 87038 8250292 7326750 60449311
1790336343.776544 W 2 lat 296 296 333 0 exe 16851 19666 50203 resp 50518 0 pmu 1023409 40739 8250870 7156224 49765070
1790336344.816567 W 3 lat 296 296 537 0 exe 16888 22518 116481 resp 116944 8 pmu 1023445 74369 8245985 6449781 57012510
1790336345.752544 W 4 lat 296 296 499 0 exe 17111 20481 48999 resp 49314 0 pmu 1023554 47309 8252836 7128917 50912777
1790336346.792632 W 5 lat 462 462 629 0 exe 24203 30074 138666 resp 139203 19 pmu 1023456 70065 8254904 6444078 47970077
1790336347.770620 W 6 lat 296 499 2888 0 exe 21462 108462 401555 resp 404351 369 pmu 1022469 664052 8256365 7428720 307646905
1790336348.792526 W 7 lat 296 296 537 0 exe 16777 23499 112888 resp 113388 9 pmu 1023351 85677 8250651 10456939 62233090
1790336349.732566 W 8 lat 296 314 1129 0 exe 16833 36018 134037 resp 134388 71 pmu 1022899 226694 8251246 7097884 94500772
1790336350.772533 W 9 lat 296 296 425 0 exe 16907 21555 121462 resp 121888 8 pmu 1023399 62719 8251108 7374304 55256650
1790336351.145619 Closing cell "rt-bench"
1790336351.145692 [MG] Initializing memguard on CPU 3
1790336351.145719 [SMMUv2] Exiting SMMUv2 on cell 1
1790336351.145771 [COL] Colored OP 1: PHYS 0x30000000 -> VIRT 0x00000000 (SIZE: 0x00400000, COL: 0x000000ff, extra: 0x0000000000000000)
1790336351.145790 [COL] Result: 0
1790336351.145840 [COL] Colored OP 4: PHYS 0x30000000 -> VIRT 0x00000000 (SIZE: 0x00400000, COL: 0x000000ff, extra: 0x0000000000000001)
1790336351.145859 [COL] Result: 0
1790336351.145900 Page pool usage after cell destruction: mem 85/4061, remap 5/131072
1790336351.145925 [MG] Initializing memguard on CPU 3
1790336351.248528 [MG] Initializing memguard on CPU 3
1790336351.248611 [COL] Colored OP 0: PHYS 0x30000000 -> VIRT 0x00000000 (SIZE: 0x00400000, COL: 0x00000fff, extra: 0x0000000000000000)
1790336351.248631 [COL] Result: 0
1790336351.248654 [MG] Initializing memguard on CPU 3
1790336351.248673 Created cell "rt-bench"
1790336351.248705 Page pool usage after cell creation: mem 99/4061, remap 5/131072
