1790358002.769643 <missed 55910 bytes of console log>
1790358002.769747  199851 459 pmu 309491 257419 2627640 9674845 271136087
1790358002.769808 W 185 lat 1148 3018 6370 0 exe 33981 110037 331129 resp 335518 509 pmu 336521 283566 2843984 8593276 293660270
1790358002.769863 W 186 lat 1796 2962 5166 0 exe 54425 100611 195981 resp 199685 480 pmu 306806 256384 2604197 9866905 269936630
1790358002.769917 W 187 lat 1055 3055 6388 0 exe 36481 110685 327703 resp 331444 562 pmu 336264 284043 2841852 8564395 295372084
1790358002.769970 W 188 lat 1185 2925 5296 0 exe 60203 100722 182277 resp 184814 445 pmu 309836 257312 2626796 9844896 270112394
1790358002.770022 W 189 lat 1462 3055 5777 0 exe 28444 107907 315203 resp 318870 480 pmu 332189 278625 2813802 8448044 288517340
1790358002.770074 W 190 lat 1129 2925 5629 0 exe 32129 99537 178648 resp 181129 469 pmu 308327 256090 2614688 9664418 267080100
1790358002.770127 W 191 lat 1407 3055 6870 0 exe 59185 110351 322388 resp 325740 537 pmu 337402 284489 2854314 8266665 294462801
1790358002.770178 W 192 lat 296 1462 5759 0 exe 5851 50296 311611 resp 314259 227 pmu 171438 123794 1467579 9905150 136227393
1790358002.770225 W 193 lat 296 296 462 0 exe 5777 6222 52870 resp 53203 0 pmu 40589 2791 363901 9207110 18849072
1790358002.770272 W 194 lat 296 296 1148 0 exe 5777 7240 69351 resp 69685 0 pmu 55207 11989 481766 6354437 21251919
1790358002.770319 W 195 lat 277 296 481 0 exe 5777 6277 63796 resp 64277 0 pmu 38916 3591 347913 6528019 17420978
1790358002.770340 Closing cell "rt-bench"
1790358002.770365 [MG] Initializing memguard on CPU 3
1790358002.770389 [SMMUv2] Exiting SMMUv2 on cell 1
1790358002.770442 [COL] Colored OP 1: PHYS 0x30000000 -> VIRT 0x00000000 (SIZE: 0x00400000, COL: 0x000000ff, extra: 0x0000000000000000)
1790358002.770461 [COL] Result: 0
1790358002.770514 [COL] Colored OP 4: PHYS 0x30000000 -> VIRT 0x00000000 (SIZE: 0x00400000, COL: 0x000000ff, extra: 0x0000000000000001)
1790358002.770533 [COL] Result: 0
1790358002.770568 Page pool usage after cell destruction: mem 85/4061, remap 5/131072
1790358002.770594 [MG] Initializing memguard on CPU 3
1790358002.770618 [MG] Initializing memguard on CPU 3
1790358002.770642 [MG] Initializing memguard on CPU 3
1790358002.770662 Created cell "rt-bench"
1790358002.770696 Page pool usage after cell creation: mem 94/4061, remap 5/131072
1790358002.770721 [MG] Initializing memguard on CPU 3
1790358002.770743 Cell "rt-bench" can be loaded
1790358002.770763 Started cell "rt-bench"
1790358002.770787 [MG] Initializing memguard on CPU 3
1790358002.770817 rt-bench: ws 512 KB, 1024 loads/period, window 1000
1790358003.812507 W 0 lat 314 462 1333 0 exe 8888 12092 88111 resp 88462 0 pmu 80752 23896 700090 5307543 24000676
1790358004.748462 W 1 lat 277 296 611 0 exe 5833 7277 73981 resp 74462 0 pmu 64393 9940 557309 6756995 19837819
1790358005.788503 W 2 lat 277 296 481 0 exe 5888 6222 64555 resp 65037 0 pmu 51972 1540 470500 6572684 17148162
1790358006.828477 W 3 lat 277 296 425 0 exe 5870 6537 67814 resp 68222 0 pmu 54645 4898 467498 6472527 17696589
1790358007.764529 W 4 lat 277 296 333 0 exe 5907 6111 11740 resp 12037 0 pmu 49461 631 435074 6506196 16394129
1790358008.804524 W 5 lat 296 296 388 0 exe 5907 6592 65925 resp 66222 0 pmu 54336 5678 478278 5942173 17911345
1790358009.740492 W 6 lat 277 296 796 0 exe 5833 7407 78462 resp 78907 0 pmu 65617 13426 562192 6487067 21342166
1790358010.780489 W 7 lat 296 296 629 0 exe 5870 6629 65740 resp 66111 0 pmu 53641 5734 475900 6618886 18385835
1790358011.820496 W 8 lat 296 296 314 0 exe 5870 6055 8888 resp 9185 0 pmu 45831 223 406577 6486710 16099580
1790358012.756461 W 9 lat 277 296 499 0 exe 5870 6592 65296 resp 65629 0 pmu 54833 5557 477678 5913133 17891357
1790358013.796502 W 10 lat 277 296 333 0 exe 5888 6111 8055 resp 8351 0 pmu 50475 340 443933 6481338 16283423
1790358014.836462 W 11 lat 296 296 462 0 exe 5888 6629 64981 resp 65314 0 pmu 56416 5853 488985 5905141 18033887
1790358015.776514 W 12 lat 277 296 333 0 exe 5888 6074 10481 resp 10777 0 pmu 47353 299 420097 6478148 16171114
1790358016.816464 W 13 lat 277 296 444 0 exe 5870 6592 65777 resp 66111 0 pmu 54764 5588 484682 5929370 17894195
1790358017.752460 W 14 lat 277 296 407 0 exe 5833 6074 8925 resp 9222 0 pmu 48034 286 422741 6485804 16168832
1790358018.792489 W 15 lat 277 296 388 0 exe 5870 6574 63962 resp 64259 0 pmu 52692 5550 464133 5913783 17849657
1790358019.832495 W 16 lat 296 296 425 0 exe 5870 6074 8814 resp 9111 0 pmu 48133 265 422968 6467114 16181754
1790358020.768461 W 17 lat 296 296 462 0 exe 5888 6592 62370 resp 62666 0 pmu 56608 5427 500833 5913062 17863686
1790358021.808530 W 18 lat 277 296 314 0 exe 5888 6074 8129 resp 8425 0 pmu 47837 358 428859 6451743 16187885
1790358022.744463 W 19 lat 277 296 907 0 exe 5870 6629 71370 resp 71666 0 pmu 55763 5745 485796 5905767 18002879
1790358023.784458 W 20 lat 277 296 314 0 exe 5851 6055 8259 resp 8555 0 pmu 47473 155 422246 6544124 16152127
1790358024.824489 W 21 lat 277 296 425 0 exe 5870 6592 64888 resp 65185 0 pmu 52969 5563 472848 5906687 17850587
1790358025.760465 W 22 lat 277 296 314 0 exe 5870 6074 9018 resp 9333 0 pmu 46450 340 417688 6476628 16176823
1790358026.800489 W 23 lat 296 296 425 0 exe 5888 6611 69851 resp 70185 0 pmu 55340 5548 480969 5914605 17896025
1790358027.840498 W 24 lat 277 296 481 0 exe 5851 6092 11611 resp 11907 0 pmu 48430 369 427588 6526573 16254183
1790358028.776461 W 25 lat 277 296 499 0 exe 5870 6611 64592 resp 64888 0 pmu 54184 5755 474082 5941298 17933767
1790358029.820507 W 26 lat 277 296 351 0 exe 5907 6092 8314 resp 8611 0 pmu 49736 238 433961 6474121 16198800
1790358030.756465 W 27 lat 277 296 481 0 exe 5888 6592 63925 resp 64222 0 pmu 55522 5540 487712 5907885 17876490
1790358031.796461 W 28 lat 296 296 314 0 exe 5907 6074 8388 resp 8685 0 pmu 48177 239 422540 6467308 16157591
1790358032.836489 W 29 lat 277 296 574 0 exe 5851 6629 67648 resp 68222 0 pmu 54690 5866 478360 5908513 17976266
1790358033.772461 W 30 lat 296 296 333 0 exe 5870 6092 11203 resp 11499 0 pmu 48119 442 427384 6506486 16277981
1790358034.812488 W 31 lat 277 296 444 0 exe 5796 6611 68499 resp 68833 0 pmu 54665 5749 484418 5936645 17933223
1790358035.748460 W 32 lat 277 296 314 0 exe 5888 6037 9333 resp 9629 0 pmu 45827 213 413060 6512764 16110042
1790358036.788490 W 33 lat 277 296 444 0 exe 5907 6629 73444 resp 73777 0 pmu 56853 5783 500567 5917475 17969977
1790358037.828465 W 34 lat 277 296 333 0 exe 5888 6092 9648 resp 9944 0 pmu 50122 298 443580 6563015 16296535
1790358038.764490 W 35 lat 296 296 888 0 exe 5851 6648 69851 resp 70740 0 pmu 56379 5828 496020 5921077 17996500
1790358039.804461 W 36 lat 277 296 370 0 exe 5851 6074 9037 resp 9314 0 pmu 47898 327 423112 6531719 16241929
1790358040.740488 W 37 lat 296 296 499 0 exe 5851 6574 65481 resp 65814 0 pmu 52187 5611 457893 5914823 17822600
1790358041.780459 W 38 lat 277 296 351 0 exe 5870 6092 8999 resp 9296 0 pmu 50398 303 455918 6482919 16250106
1790358042.820489 W 39 lat 277 296 537 0 exe 5888 6629 74870 resp 75185 0 pmu 56400 5696 492895 5914584 18000195
1790358043.756463 W 40 lat 277 296 407 0 exe 5870 6074 9092 resp 9499 0 pmu 47884 297 423085 6577294 16246189
1790358044.796489 W 41 lat 277 296 888 0 exe 5833 6629 68018 resp 68333 0 pmu 54427 5717 485229 5916333 17939586
1790358045.836460 W 42 lat 277 296 333 0 exe 5907 6111 8722 resp 9018 0 pmu 50231 388 448278 6510320 16305324
1790358046.772489 W 43 lat 277 296 870 0 exe 5833 6611 76074 resp 76944 0 pmu 55525 5642 488511 5911867 17907516
1790358047.812460 W 44 lat 277 296 314 0 exe 5907 6111 8907 resp 9222 0 pmu 52428 218 457095 6593447 16316179
1790358048.752492 W 45 lat 277 296 499 0 exe 5796 6611 72999 resp 73462 0 pmu 54817 5626 480500 5913858 17933503
1790358049.792464 W 46 lat 277 296 351 0 exe 5833 6074 9092 resp 9388 0 pmu 46923 376 413317 6558636 16239279
1790358050.832487 W 47 lat 296 296 611 0 exe 5888 6611 66240 resp 66629 0 pmu 54613 5720 471660 5915379 17857856
1790358051.768465 W 48 lat 277 296 351 0 exe 5870 6111 9925 resp 10222 0 pmu 48418 615 427535 6491793 16350175
1790358052.808490 W 49 lat 277 296 648 0 exe 5833 6629 75018 resp 75388 0 pmu 53599 5836 471337 5923972 17970932
1790358053.744460 W 50 lat 277 296 499 0 exe 5907 6074 9611 resp 9907 0 pmu 47323 355 421009 6579481 16264126
1790358054.784487 W 51 lat 296 296 629 0 exe 5833 6629 64851 resp 65296 0 pmu 54921 5725 481007 5921563 17928140
1790358055.824467 W 52 lat 296 296 499 0 exe 5870 6074 8777 resp 9074 0 pmu 48327 324 426819 6477985 16206493
1790358056.760491 W 53 lat 296 296 499 0 exe 5851 6592 67388 resp 67814 0 pmu 52788 5860 461547 5913253 17904898
1790358057.800466 W 54 lat 277 296 333 0 exe 5851 6092 8722 resp 9018 0 pmu 48359 366 427649 6502625 16238620
1790358058.840488 W 55 lat 296 296 425 0 exe 5851 6592 66018 resp 66444 0 pmu 53339 5733 465594 5911646 17904170
1790358059.776462 W 56 lat 277 296 314 0 exe 5833 6055 8981 resp 9296 0 pmu 46573 213 407042 6488494 16117185
1790358060.816504 W 57 lat 296 296 444 0 exe 5851 6592 65277 resp 65574 0 pmu 53262 5751 466170 5913963 17883909
1790358061.752465 W 58 lat 277 296 314 0 exe 5907 6111 9037 resp 9333 0 pmu 49016 457 435981 6480644 16290260
1790358062.796487 W 59 lat 277 296 444 0 exe 5870 6592 64425 resp 64870 0 pmu 54430 5666 480655 5915028 17919353
1790358063.836465 W 60 lat 296 296 333 0 exe 5888 6074 8999 resp 9314 0 pmu 48611 333 434837 6472743 16216904
1790358064.772490 W 61 lat 296 296 407 0 exe 5833 6611 64222 resp 64629 0 pmu 54216 5719 476051 5914723 17908329
1790358065.812462 W 62 lat 296 296 333 0 exe 5870 6074 8648 resp 8944 0 pmu 48478 293 431829 6470305 16189443
1790358066.748488 W 63 lat 277 296 499 0 exe 5870 6574 68240 resp 68592 0 pmu 54089 5507 482080 5911004 17827718
1790358067.788464 W 64 lat 296 296 314 0 exe 5888 6055 8796 resp 9111 0 pmu 46149 297 418029 6510545 16168101
1790358068.828522 W 65 lat 277 296 574 0 exe 5888 6592 67944 resp 68351 0 pmu 55701 5247 493031 5912391 17845133
1790358069.764466 W 66 lat 296 296 388 0 exe 5833 6277 20629 resp 21018 0 pmu 52786 2139 465428 6508529 17072555
1790358070.808490 W 67 lat 277 296 814 0 exe 5888 6611 68907 resp 69222 0 pmu 53975 5581 474124 6032557 17957621
1790358071.768574 W 68 lat 296 2018 8722 0 exe 5944 92666 496944 resp 499814 188 pmu 281272 266961 2345129 6519629 267285194
1790358072.808674 W 69 lat 314 3259 13851 0 exe 13833 288203 569592 resp 576203 633 pmu 621768 625150 5121400 11293390 758448472
1790358073.756741 W 70 lat 314 2462 8925 0 exe 14685 148703 525074 resp 529018 328 pmu 365069 359587 2998719 13086735 412233016
1790358074.812867 W 71 lat 333 3481 8222 0 exe 17833 313055 593277 resp 597888 695 pmu 693014 698709 5712251 11907513 827125558
1790358075.760765 W 72 lat 296 3555 8277 0 exe 14796 366111 536981 resp 545259 824 pmu 789667 800852 6452391 13432519 961199415
1790358076.824668 W 73 lat 333 3259 8685 0 exe 12333 271222 548722 resp 552555 602 pmu 598720 600587 4947324 13137870 716385182
1790358077.772822 W 74 lat 296 3314 8203 0 exe 16370 343092 527148 resp 532351 780 pmu 748548 759345 6135384 12747430 906095676
1790358078.820581 W 75 lat 481 3370 9333 0 exe 17777 292759 571370 resp 577981 645 pmu 645887 649315 5283474 12915362 771573705
1790358079.764765 W 76 lat 296 3018 8185 0 exe 11944 234833 539962 resp 547018 517 pmu 533211 533749 4406264 13126744 629791842
1790358080.816771 W 77 lat 296 3666 8907 0 exe 16962 359111 544518 resp 549166 798 pmu 771092 779754 6324984 12488205 940948900
1790358081.760822 W 78 lat 296 3407 8759 0 exe 14129 331240 549092 resp 554851 734 pmu 713438 720397 5849384 13174979 870175823
1790358082.812628 W 79 lat 296 2814 9259 0 exe 12444 250129 534259 resp 540462 563 pmu 568732 569887 4653664 13070156 668544227
1790358083.756715 W 80 lat 314 2999 9111 0 exe 11555 293111 549425 resp 555407 663 pmu 650599 654209 5359574 12509940 773551532
1790358084.816797 W 81 lat 333 3259 9407 0 exe 13759 344481 584518 resp 588870 809 pmu 783370 793292 6431496 12871574 910358888
1790358085.760778 W 82 lat 574 4222 9018 0 exe 15240 428333 576129 resp 582759 951 pmu 906419 920743 7439242 13485567 1115718014
1790358086.812832 W 83 lat 555 4296 9185 0 exe 24555 442611 606166 resp 612018 974 pmu 932126 946729 7651796 13843788 1151459403
1790358087.760824 W 84 lat 703 4259 9351 0 exe 15814 438925 573648 resp 578018 970 pmu 925192 940783 7596812 14259485 1142043356
1790358088.808775 W 85 lat 499 4425 10055 0 exe 70925 460351 566925 resp 573518 997 pmu 959956 976102 7886213 13866156 1192485078
1790358089.760701 W 86 lat 574 4092 8870 0 exe 22759 420203 568166 resp 572425 953 pmu 892169 906502 7310508 14196073 1096089967
1790358090.812728 W 87 lat 796 4314 9907 0 exe 15999 424759 572759 resp 577018 932 pmu 907350 922030 7473255 13747793 1109861834
1790358091.756842 W 88 lat 333 3944 8981 0 exe 16222 385944 568907 resp 573981 887 pmu 852187 864005 6982713 13790157 1015461405
1790358092.804772 W 89 lat 388 3944 8759 0 exe 15592 396037 573925 resp 577555 890 pmu 845760 857356 6932457 13553826 1034176288
1790358093.748840 W 90 lat 314 3814 9555 0 exe 16277 397333 555407 resp 561166 899 pmu 850311 862757 6970485 13643535 1040581332
1790358094.800866 W 91 lat 314 3777 9537 0 exe 18703 348796 587185 resp 592481 796 pmu 773477 782648 6352995 13481364 918434623
1790358095.748817 W 92 lat 296 2925 9259 0 exe 9796 226796 519703 resp 523074 505 pmu 525639 525561 4321179 13565301 608818843
1790358096.812795 W 93 lat 296 3203 7759 0 exe 11370 275333 533222 resp 535555 682 pmu 649507 654223 5328760 12220853 738806701
1790358097.752836 W 94 lat 296 3925 8722 0 exe 18074 412851 569499 resp 574037 929 pmu 875593 889490 7174351 12596046 1077208814
1790358098.796856 W 95 lat 537 4203 9833 0 exe 17833 433203 572944 resp 578425 959 pmu 915599 930138 7495390 13699539 1126768602
1790358099.744840 W 96 lat 685 4111 8796 0 exe 18129 421314 565925 resp 572351 933 pmu 891234 905662 7330868 13847427 1097165037
1790358100.800716 W 97 lat 388 4203 9240 0 exe 40407 438388 580777 resp 585870 983 pmu 923534 938886 7579249 13719126 1141935317
1790358101.744923 W 98 lat 370 4203 9999 0 exe 20499 406777 566462 resp 572592 911 pmu 883434 896950 7255752 14058750 1064855787
1790358102.791598 W 99 lat 296 3833 9074 0 exe 19611 364314 557888 resp 561666 852 pmu 821979 832469 6729398 13666769 960950241
1790358103.848822 W 100 lat 518 3666 8888 0 exe 20944 327833 579296 resp 583611 728 pmu 718759 725238 5887579 13345306 859484033
1790358104.797641 W 101 lat 314 3722 9333 0 exe 19259 344629 568629 resp 574870 780 pmu 755793 764953 6222501 13385822 907744159
1790358105.740925 W 102 lat 518 4018 8518 0 exe 31703 399833 572314 resp 580388 907 pmu 873822 886706 7171183 13366154 1045247700
1790358106.792780 W 103 lat 592 4092 11018 0 exe 27740 408037 574499 resp 580166 921 pmu 887673 900290 7278763 13748721 1067207193
1790358107.840909 W 104 lat 351 3907 8666 0 exe 16481 373925 593166 resp 599240 830 pmu 802385 811204 6594065 13792814 977244562
1790358108.780888 W 105 lat 370 4129 9592 0 exe 22240 406685 566833 resp 570999 910 pmu 875360 888879 7181624 13740967 1063592243
1790358109.840782 W 106 lat 370 3888 8259 0 exe 16611 374444 559555 resp 563925 867 pmu 836460 847924 6844396 13666473 984502858
1790358110.780769 W 107 lat 333 3555 8648 0 exe 15648 331129 572574 resp 576666 739 pmu 720802 728018 5913599 13397201 870515066
1790358111.831886 W 108 lat 499 3648 8425 0 exe 15851 340222 599870 resp 607203 789 pmu 747416 755192 6154975 13304795 892680508
1790358112.772777 W 109 lat 314 3518 9074 0 exe 15981 316796 558777 resp 563777 763 pmu 742353 750414 6071349 13640475 843432875
1790358113.824773 W 110 lat 314 2314 7629 0 exe 16277 107981 532518 resp 536166 196 pmu 279764 270191 2324381 13101557 308136756
1790358114.772778 W 111 lat 314 3129 8388 0 exe 13074 271870 513666 resp 518185 594 pmu 597777 601332 4930455 11777303 717573973
1790358115.828631 W 112 lat 314 3462 9499 0 exe 15462 325407 536425 resp 541314 747 pmu 711906 718981 5836097 12405048 854922224
1790358116.768811 W 113 lat 296 2685 8944 0 exe 12907 167370 521388 resp 524666 346 pmu 405484 402005 3331206 12919938 459284487
1790358117.820813 W 114 lat 296 3314 8907 0 exe 15981 282166 593685 resp 600203 624 pmu 635416 639538 5243579 11952640 750092231
1790358118.764783 W 115 lat 314 3296 9499 0 exe 12314 278870 529444 resp 533759 627 pmu 634542 638945 5190724 13284151 739799898
1790358119.812640 W 116 lat 351 3296 8777 0 exe 14277 298351 540685 resp 546648 654 pmu 647539 652467 5335382 12599148 785104744
1790358120.764621 W 117 lat 296 2574 8222 0 exe 13018 161907 512574 resp 516185 353 pmu 395912 390215 3250684 12822740 445226315
1790358121.824784 W 118 lat 296 3518 8722 0 exe 17018 308851 562555 resp 565851 706 pmu 690585 696150 5691661 11835450 816536845
1790358122.768850 W 119 lat 314 3592 9907 0 exe 16259 352296 529648 resp 536111 801 pmu 774721 784742 6352786 13096059 923891005
1790358123.812887 W 120 lat 333 3592 9259 0 exe 13259 368092 583074 resp 588407 798 pmu 770552 779854 6323841 13002615 961620329
1790358124.756903 W 121 lat 296 3351 11370 0 exe 13499 296685 549685 resp 554277 671 pmu 665618 671771 5470001 13591665 789313398
1790358125.800716 W 122 lat 314 3148 9574 0 exe 18888 289148 559148 resp 563611 644 pmu 634491 638495 5189800 12907503 762292899
1790358126.744667 W 123 lat 296 3462 9185 0 exe 16555 309888 549999 resp 553203 687 pmu 678388 683859 5570970 12980765 816725084
1790358127.800768 W 124 lat 314 3629 8166 0 exe 19444 363629 554740 resp 560314 838 pmu 797354 807854 6555130 12975214 955076448
1790358128.744890 W 125 lat 370 3759 8148 0 exe 15629 417740 516129 resp 521685 929 pmu 865928 879871 7092244 13313570 1086707335
1790358129.796861 W 126 lat 314 3740 8574 0 exe 25925 407222 573574 resp 578703 886 pmu 845514 857873 6933540 13179623 1060294489
1790358130.848829 W 127 lat 296 3685 9351 0 exe 18925 403166 528148 resp 531611 908 pmu 854792 868806 7006243 13752657 1051512109
1790358131.784493 W 128 lat 296 740 8407 0 exe 5851 52333 498055 resp 502481 115 pmu 171339 125491 1407003 13235794 148635953
1790358132.824460 W 129 lat 277 296 333 0 exe 5888 6092 8888 resp 9185 0 pmu 49468 263 437474 11100086 18988947
1790358133.772740 W 130 lat 296 2814 6648 0 exe 5907 315407 462925 resp 465851 823 pmu 858703 846909 7134049 5916073 815758186
1790358134.812773 W 131 lat 1740 3388 6333 0 exe 304999 380092 433296 resp 439314 1000 pmu 1031069 1022648 8527738 12061742 984657448
1790358135.748767 W 132 lat 1703 3388 6925 0 exe 307999 376962 431074 resp 435796 1000 pmu 1030933 1012964 8533891 13608402 978332200
1790358136.796739 W 133 lat 1240 3388 6592 0 exe 220759 373148 436185 resp 441370 1000 pmu 1027570 1003899 8496370 13581865 968623814
1790358137.740791 W 134 lat 1685 3481 6499 0 exe 304518 372240 426444 resp 429555 1000 pmu 1031001 999559 8534874 13176038 967434312
1790358138.780805 W 135 lat 1944 3518 6388 0 exe 303925 373018 435185 resp 437925 1000 pmu 1030825 996844 8526686 13484703 968828199
1790358139.820766 W 136 lat 1499 3499 6777 0 exe 312277 372833 432259 resp 435907 1000 pmu 1030861 998520 8527147 13572170 968763806
1790358140.756821 W 137 lat 1240 3499 6851 0 exe 230185 368740 438685 resp 441481 1000 pmu 1027435 990370 8491070 13588036 958714639
1790358141.800652 W 138 lat 1574 3555 7648 0 exe 249444 373092 431166 resp 435277 1000 pmu 1031032 998228 8529757 13215960 969256472
1790358142.740769 W 139 lat 1629 3555 8907 0 exe 298277 372240 430981 resp 434370 1000 pmu 1030970 998208 8535419 13271509 967123907
1790358143.788737 W 140 lat 1425 3425 6185 0 exe 216444 369999 436370 resp 441611 1000 pmu 1028437 992612 8500927 13512423 961612055
1790358144.836746 W 141 lat 1296 3499 7111 0 exe 228333 372129 429555 resp 433629 1000 pmu 1029863 996939 8520948 13139795 966578960
1790358145.773685 W 142 lat 1166 3407 6111 0 exe 282296 371722 422277 resp 427462 1000 pmu 1030158 1000139 8525060 13140505 965410706
1790358146.812766 W 143 lat 1499 3425 6333 0 exe 239351 372796 439129 resp 442740 1000 pmu 1029815 1002416 8521606 13334607 968432032
1790358147.748752 W 144 lat 1129 3407 6407 0 exe 240870 371814 442592 resp 445851 1000 pmu 1028803 996646 8507884 13288954 965638498
1790358148.788793 W 145 lat 1499 3481 7111 0 exe 300240 372481 438296 resp 442666 1000 pmu 1030968 997616 8527733 13322932 967770049
1790358149.828818 W 146 lat 1759 3499 6555 0 exe 314092 372888 443962 resp 449722 1000 pmu 1030995 997124 8530831 13591509 968749804
1790358150.768783 W 147 lat 1370 3444 6537 0 exe 206444 369629 430277 resp 434166 1000 pmu 1028917 994434 8510867 13725088 961250106
1790358151.808792 W 148 lat 1166 3444 6314 0 exe 211870 371425 433962 resp 437166 1000 pmu 1029723 995061 8518286 13021961 964738999
1790358152.744763 W 149 lat 1740 3481 6944 0 exe 283870 373240 439370 resp 443629 1000 pmu 1031035 999381 8532310 13089358 969524176
1790358153.788673 W 150 lat 1703 3481 6629 0 exe 201925 373962 430888 resp 434592 1000 pmu 1030010 1003641 8524322 13523952 971021875
1790358154.824781 W 151 lat 1666 3462 6037 0 exe 267888 372018 439925 resp 444999 1000 pmu 1030547 996536 8525361 13028326 966583346
1790358155.760769 W 152 lat 1574 3462 6888 0 exe 210240 372129 430351 resp 433222 1000 pmu 1029644 996654 8518425 13442719 966546030
1790358156.800770 W 153 lat 1574 3481 6518 0 exe 318870 372611 438833 resp 442462 1000 pmu 1031002 999417 8535644 13051846 967941148
1790358157.840770 W 154 lat 1611 3425 6388 0 exe 243370 370777 432259 resp 437203 1000 pmu 1028565 993476 8502922 13684298 963513595
1790358158.780782 W 155 lat 1499 3407 21240 0 exe 260888 374888 435518 resp 443814 1000 pmu 1029614 1008084 8514870 13237867 973381749
1790358159.820773 W 156 lat 1685 3462 6722 0 exe 305796 376314 434611 resp 438055 1000 pmu 1031103 1012036 8538371 13468886 976705440
1790358160.756774 W 157 lat 888 3351 7388 0 exe 222833 373240 436444 resp 441296 1000 pmu 1028033 1006690 8498950 13595848 969434372
1790358161.796766 W 158 lat 1222 3370 7629 0 exe 225703 370703 434888 resp 438833 1000 pmu 1029130 997337 8509265 13189787 962811593
1790358162.840672 W 159 lat 1314 3425 6333 0 exe 190907 371055 429796 resp 434129 1000 pmu 1030034 995283 8531475 13174406 964474171
1790358163.772781 W 160 lat 1444 3444 6648 0 exe 213203 372111 433388 resp 438296 1000 pmu 1029857 997767 8524401 12947399 966384228
1790358164.812764 W 161 lat 1814 3481 6259 0 exe 303092 373222 428425 resp 432462 1000 pmu 1030889 999950 8527776 13105306 969615249
1790358165.752789 W 162 lat 1148 3481 6999 0 exe 199759 372962 430351 resp 433740 1000 pmu 1028702 1002056 8508984 13506340 968661784
1790358166.792766 W 163 lat 1574 3518 6592 0 exe 315499 374351 444462 resp 448833 1000 pmu 1030935 1002734 8526026 13004787 972188822
1790358167.832787 W 164 lat 1574 3555 7462 0 exe 227351 371944 433777 resp 439129 1000 pmu 1029718 995335 8515138 13736748 966342262
1790358168.768785 W 165 lat 1407 3499 6648 0 exe 244203 374074 447129 resp 450833 1000 pmu 1029687 1006160 8515634 13186790 971381772
1790358169.808773 W 166 lat 1370 3444 7425 0 exe 229944 373814 439907 resp 444981 1000 pmu 1030004 1004609 8522616 13401611 970486498
1790358170.744810 W 167 lat 1277 3444 7925 0 exe 281203 371370 442185 resp 446222 1000 pmu 1030695 997539 8523415 13266911 964932795
1790358171.788664 W 168 lat 1666 3499 7666 0 exe 319703 373296 439999 resp 444370 1000 pmu 1031050 998453 8531215 13530812 969575313
1790358172.828759 W 169 lat 1222 3444 6222 0 exe 236796 370814 433574 resp 437888 1000 pmu 1028728 995118 8510192 13713740 963751493
1790358173.764755 W 170 lat 1648 3462 6981 0 exe 313129 372629 429277 resp 432148 1000 pmu 1030887 997144 8528505 13212436 967478398
1790358174.804760 W 171 lat 1148 3425 6666 0 exe 217092 371092 427740 resp 431074 1000 pmu 1029614 995907 8516017 13559042 964029468
1790358175.740833 W 172 lat 1611 3425 6111 0 exe 319425 374648 429851 resp 433499 1000 pmu 1031015 1006067 8539459 13053749 972196061
1790358176.780798 W 173 lat 1222 3555 7148 0 exe 194777 369981 433722 resp 438148 1000 pmu 1028615 992701 8504042 13605439 960649728
1790358177.820765 W 174 lat 1129 3462 6592 0 exe 231592 369055 428148 resp 433018 1000 pmu 1029159 997361 8515498 13005402 958109354
1790358178.760752 W 175 lat 1740 3499 6462 0 exe 303944 370629 426685 resp 431833 1000 pmu 1031052 999066 8540436 13127485 961820308
1790358179.800762 W 176 lat 1333 3425 6759 0 exe 210277 367796 457870 resp 462462 1000 pmu 1028464 993375 8502860 13486526 955384192
1790358180.840736 W 177 lat 1666 3499 6814 0 exe 304740 369203 429629 resp 435388 1000 pmu 1030922 997497 8522469 13312389 958784458
1790358181.776729 W 178 lat 1444 3444 6925 0 exe 228314 366203 443203 resp 446018 1000 pmu 1029897 995391 8524691 13517432 952273492
1790358182.816787 W 179 lat 1777 3499 8518 0 exe 308407 368796 427944 resp 430444 1000 pmu 1031105 1000031 8535587 13240325 958490817
1790358183.756756 W 180 lat 1537 3444 6740 0 exe 217351 366907 427555 resp 432740 1000 pmu 1029532 996378 8523364 13509522 954473360
1790358184.796781 W 181 lat 1203 3499 7499 0 exe 188462 366666 433666 resp 437777 1000 pmu 1029735 996054 8524886 13044066 953561084
1790358185.836750 W 182 lat 1537 3537 6462 0 exe 304648 368833 432314 resp 436222 1000 pmu 1031084 1001709 8543912 12956617 959135992
1790358186.776773 W 183 lat 666 3555 7314 0 exe 209592 367074 449555 resp 454629 1000 pmu 1028062 994101 8508007 13530369 954778223
1790358187.816799 W 184 lat 1185 3499 6388 0 exe 247425 366333 434296 resp 437759 1000 pmu 1029625 996573 8522489 13224528 953198131
1790358188.752730 W 185 lat 1611 3462 6296 0 exe 301685 368722 434999 resp 439296 1000 pmu 1030938 999643 8540763 13247176 958749117
1790358189.792753 W 186 lat 1833 3481 7129 0 exe 312907 367481 429481 resp 433925 1000 pmu 1030985 997905 8536074 13543115 956002883
1790358190.836813 W 187 lat 1351 3388 6407 0 exe 195296 365759 422574 resp 426648 1000 pmu 1028341 992717 8511514 13543782 951630441
1790358191.772786 W 188 lat 1074 3481 6222 0 exe 210055 367129 441314 resp 444296 1000 pmu 1030000 997085 8529067 12869783 955129838
1790358192.812756 W 189 lat 1685 3462 6629 0 exe 315129 368907 433833 resp 437222 1000 pmu 1031086 999353 8543067 13130328 958935495
1790358193.748493 W 190 lat 296 925 5296 0 exe 5888 80148 434037 resp 438722 206 pmu 266005 214360 2193770 13594648 213239660
1790358194.788465 W 191 lat 277 296 333 0 exe 5888 6055 8111 resp 8407 0 pmu 47727 177 420604 10585858 18596731
1790358195.010547 Closing cell "rt-bench"
1790358195.010626 [MG] Initializing memguard on CPU 3
1790358195.010652 [SMMUv2] Exiting SMMUv2 on cell 1
1790358195.010714 Page pool usage after cell destruction: mem 83/4061, remap 5/131072
1790358195.010744 [MG] Initializing memguard on CPU 3
1790358195.116516 [MG] Initializing memguard on CPU 3
1790358195.116634 [COL] Colored OP 0: PHYS 0x30000000 -> VIRT 0x00000000 (SIZE: 0x00400000, COL: 0x000000ff, extra: 0x0000000000000000)
1790358195.116659 [COL] Result: 0
1790358195.116684 [MG] Initializing memguard on CPU 3
1790358195.116705 Created cell "rt-bench"
1790358195.116750 Page pool usage after cell creation: mem 98/4061, remap 5/131072
1790358195.116818 [COL] Colored OP 3: PHYS 0x30000000 -> VIRT 0x00000000 (SIZE: 0x00400000, COL: 0x000000ff, extra: 0x0000000000000000)
1790358195.116848 [MG] Initializing memguard on CPU 3
1790358195.116865 [COL] Result: 0
1790358195.116887 Cell "rt-bench" can be loaded
1790358195.116948 [COL] Colored OP 2: PHYS 0x30000000 -> VIRT 0x00000000 (SIZE: 0x00400000, COL: 0x000000ff, extra: 0x0000000000000000)
1790358195.116968 [COL] Result: 0
1790358195.117027 [COL] Colored OP 4: PHYS 0x30000000 -> VIRT 0x00000000 (SIZE: 0x00400000, COL: 0x000000ff, extra: 0x0000000000000001)
1790358195.117049 [COL] Result: 0
1790358195.117077 Started cell "rt-bench"
1790358195.117102 [MG] Initializing memguard on CPU 3
1790358195.117133 rt-bench: ws 512 KB, 1024 loads/period, window 1000
1790359494.951149 <missed 16729 bytes of console log>
1790359494.951626 x0000000000000000)
1790359494.951648 [COL] Result: 0
1790359494.951706 [COL] Colored OP 4: PHYS 0x30000000 -> VIRT 0x00000000 (SIZE: 0x00400000, COL: 0x000000ff, extra: 0x0000000000000001)
1790359494.951727 [COL] Result: 0
1790359494.951748 Started cell "rt-bench"
1790359494.951772 [MG] Initializing memguard on CPU 3
1790359494.951802 rt-bench: ws 256 KB, 1024 loads/period, window 1000
1790359494.951848 W 0 lat 314 462 1259 0 exe 7055 10407 75851 resp 76462 0 pmu 50596 10435 437663 5307521 19784351
1790359494.951895 W 1 lat 296 296 1240 0 exe 5796 6944 74574 resp 75407 0 pmu 49483 7809 428459 6617924 19541831
1790359494.951945 W 2 lat 277 296 351 0 exe 5796 5944 7870 resp 8185 0 pmu 33741 106 301378 6581649 15861056
1790359494.951990 W 3 lat 296 296 481 0 exe 5777 6240 59870 resp 60277 0 pmu 37800 3221 336845 5902277 16977756
1790359494.952033 W 4 lat 296 296 333 0 exe 5796 5925 7740 resp 8037 0 pmu 32574 144 291866 6425081 15766523
1790359494.952077 W 5 lat 296 296 444 0 exe 5796 6240 70018 resp 70333 0 pmu 36390 3186 323363 5900824 16885778
1790359494.952123 W 6 lat 296 481 5592 0 exe 5796 13814 234407 resp 239999 14 pmu 101498 36311 858580 6525934 101640257
1790359494.952169 W 7 lat 296 296 4111 0 exe 5759 7055 205833 resp 209944 3 pmu 44992 6947 393563 8261026 21773809
1790359494.952214 W 8 lat 296 296 648 0 exe 5759 7148 61999 resp 62314 0 pmu 53992 11696 462005 7925450 22333315
1790359494.952258 W 9 lat 296 296 444 0 exe 5759 6203 47796 resp 48222 0 pmu 37475 2860 331240 6451166 17160192
1790359494.952278 Closing cell "rt-bench"
1790359494.952301 [MG] Initializing memguard on CPU 3
1790359494.952324 [SMMUv2] Exiting SMMUv2 on cell 1
1790359494.952392 [COL] Colored OP 1: PHYS 0x30000000 -> VIRT 0x00000000 (SIZE: 0x00400000, COL: 0x000000ff, extra: 0x0000000000000000)
1790359494.952414 [COL] Result: 0
1790359494.952465 [COL] Colored OP 4: PHYS 0x30000000 -> VIRT 0x00000000 (SIZE: 0x00400000, COL: 0x000000ff, extra: 0x0000000000000001)
1790359494.952483 [COL] Result: 0
1790359494.952517 Page pool usage after cell destruction: mem 85/4061, remap 5/131072
1790359494.952541 [MG] Initializing memguard on CPU 3
1790359494.952565 [MG] Initializing memguard on CPU 3
1790359494.952588 [MG] Initializing memguard on CPU 3
1790359494.952607 Created cell "rt-bench"
1790359494.952639 Page pool usage after cell creation: mem 94/4061, remap 5/131072
1790359494.952663 [MG] Initializing memguard on CPU 3
1790359494.952684 Cell "rt-bench" can be loaded
1790359494.952703 Started cell "rt-bench"
1790359494.952726 [MG] Initializing memguard on CPU 3
1790359494.952755 rt-bench: ws 512 KB, 1024 loads/period, window 1000
1790359495.988466 W 0 lat 314 462 1203 0 exe 9314 11518 87592 resp 88037 0 pmu 74733 18556 651661 5307534 22056392
1790359496.924451 W 1 lat 296 296 629 0 exe 5888 7629 74981 resp 75462 0 pmu 69052 13419 602280 6751049 21420789
1790359497.964419 W 2 lat 296 296 425 0 exe 5888 6092 9203 resp 9537 0 pmu 49392 203 436368 6584700 16258168
1790359499.004454 W 3 lat 296 296 537 0 exe 5870 6703 72407 resp 72703 0 pmu 59281 6243 521202 5917311 18396391
1790359499.940416 W 4 lat 296 296 425 0 exe 5888 6074 8870 resp 9166 0 pmu 47367 189 420897 6552826 16187514
1790359500.980482 W 5 lat 296 296 499 0 exe 5851 6648 67314 resp 67648 0 pmu 56381 5896 495775 5913794 18107349
1790359501.102884 Closing cell "rt-bench"
1790359501.103146 [MG] Initializing memguard on CPU 3
1790359501.103200 [SMMUv2] Exiting SMMUv2 on cell 1
1790359501.103283 Page pool usage after cell destruction: mem 83/4061, remap 5/131072
1790359501.103327 [MG] Initializing memguard on CPU 3
1790359501.103375 [MG] Initializing memguard on CPU 3
1790359501.103454 [COL] Colored OP 0: PHYS 0x30000000 -> VIRT 0x00000000 (SIZE: 0x00400000, COL: 0x000000ff, extra: 0x0000000000000000)
1790359501.103484 [COL] Result: 0
1790359501.103521 [MG] Initializing memguard on CPU 3
1790359501.103550 Created cell "rt-bench"
1790359501.103601 Page pool usage after cell creation: mem 98/4061, remap 5/131072
