1790344401.145077 CONFIG performance 2400000
1790344409.528073 START s1 idle 1
1790344709.542547 END s1 idle 1 0
1790344709.564805 START s3 idle 1
1790344769.575766 END s3 idle 1 0
1790344771.594788 START s3 cache 1
1790344831.741475 END s3 cache 1 0
1790344833.765007 START s3 stream 1
1790344893.818041 END s3 stream 1 0
1790344895.843447 START s3 memcpy 1
1790344955.877439 END s3 memcpy 1 0
1790344957.896776 START s3 vm 1
1790345017.937261 END s3 vm 1 0
1790345019.958801 START s3 pwalk 1
1790345079.120809 END s3 pwalk 1 0
1790345081.142670 START s3 idle 2
1790345141.149773 END s3 idle 2 0
1790345143.168328 START s3 cache 2
1790345203.196486 END s3 cache 2 0
1790345205.220861 START s3 stream 2
1790345265.282307 END s3 stream 2 0
1790345267.301612 START s3 memcpy 2
1790345327.336969 END s3 memcpy 2 0
1790345329.356009 START s3 vm 2
1790345389.393066 END s3 vm 2 0
1790345391.411757 START s3 pwalk 2
1790345451.132439 END s3 pwalk 2 0
1790345453.153550 START s3 idle 3
1790345513.160540 END s3 idle 3 0
1790345515.179803 START s3 cache 3
1790345575.205286 END s3 cache 3 0
1790345577.226881 START s3 stream 3
1790345637.266135 END s3 stream 3 0
1790345639.287913 START s3 memcpy 3
1790345699.317470 END s3 memcpy 3 0
1790345701.338368 START s3 vm 3
1790345761.385185 END s3 vm 3 0
1790345763.404441 START s3 pwalk 3
1790345823.090461 END s3 pwalk 3 0
1790345825.114657 START s2 bitonicsort 1
1790345855.147890 END s2 bitonicsort 1 0
1790345857.166721 START s2 bsearch 1
1790345887.287943 END s2 bsearch 1 0
1790345889.348316 START s2 bubblesort 1
1790345919.379114 END s2 bubblesort 1 0
1790345921.400804 START s2 cache 1
1790345951.427392 END s2 cache 1 0
1790345953.446539 START s2 cachehammer 1
1790345983.479122 END s2 cachehammer 1 0
1790345985.501745 START s2 cacheline 1
1790346015.526476 END s2 cacheline 1 0
1790346017.545441 START s2 dekker 1
1790346047.576050 END s2 dekker 1 0
1790346049.597282 START s2 far-branch 1
1790346079.640450 END s2 far-branch 1 0
1790346081.659200 START s2 fibsearch 1
1790346111.685071 END s2 fibsearch 1 0
1790346113.706538 START s2 flushcache 1
1790346143.734405 END s2 flushcache 1 0
1790346145.753412 START s2 heapsort 1
1790346175.782127 END s2 heapsort 1 0
1790346177.801447 START s2 hsearch 1
1790346207.824337 END s2 hsearch 1 0
1790346209.845653 START s2 icache 1
1790346239.870502 END s2 icache 1 0
1790346241.890098 START s2 insertionsort 1
1790346271.914913 END s2 insertionsort 1 0
1790346273.934651 START s2 judy 1
1790346303.995585 END s2 judy 1 0
1790346306.015001 START s2 l1cache 1
1790346337.686228 END s2 l1cache 1 0
1790346339.707350 START s2 list 1
1790346369.730951 END s2 list 1 0
1790346371.751197 START s2 llc-affinity 1
1790346401.775005 END s2 llc-affinity 1 0
1790346403.793716 START s2 lockbus 1
1790346433.824497 END s2 lockbus 1 0
1790346435.848407 START s2 lsearch 1
1790346465.874908 END s2 lsearch 1 0
1790346467.894154 START s2 malloc 1
1790346502.472039 END s2 malloc 1 0
1790346504.637046 START s2 matrix 1
1790346534.707215 END s2 matrix 1 0
1790346536.758771 START s2 matrix-3d 1
1790346566.851826 END s2 matrix-3d 1 0
1790346568.872225 START s2 membarrier 1
1790346598.950944 END s2 membarrier 1 0
1790346600.970748 START s2 memcpy 1
1790346631.004463 END s2 memcpy 1 0
1790346633.023448 START s2 mergesort 1
1790346663.048778 END s2 mergesort 1 0
1790346665.067638 START s2 misaligned 1
1790346695.089463 END s2 misaligned 1 0
1790346697.108267 START s2 peterson 1
1790346727.135783 END s2 peterson 1 0
1790346729.157000 START s2 prefetch 1
1790346759.256536 END s2 prefetch 1 0
1790346761.275331 START s2 ptr-chase 1
1790346791.304600 END s2 ptr-chase 1 0
1790346793.323722 START s2 qsort 1
1790346823.347295 END s2 qsort 1 0
1790346825.368891 START s2 radixsort 1
1790346855.395587 END s2 radixsort 1 0
1790346857.414834 START s2 shellsort 1
1790346887.438157 END s2 shellsort 1 0
1790346889.460133 START s2 skiplist 1
1790346919.523346 END s2 skiplist 1 0
1790346921.542756 START s2 sparsematrix 1
1790346951.580683 END s2 sparsematrix 1 0
1790346953.601331 START s2 spinmem 1
1790346983.627880 END s2 spinmem 1 0
1790346985.651576 START s2 str 1
1790347015.674379 END s2 str 1 0
1790347017.696516 START s2 stream 1
1790347047.740625 END s2 stream 1 0
1790347049.760095 START s2 tree 1
1790347079.788186 END s2 tree 1 0
1790347081.807077 START s2 tsearch 1
1790347111.878220 END s2 tsearch 1 0
1790347113.897246 START s2 wcs 1
1790347143.922049 END s2 wcs 1 0
1790347145.942218 START s2 zlib 1
1790347176.081938 END s2 zlib 1 0
1790347178.103635 START s2 atomic 1
1790347208.173289 END s2 atomic 1 0
1790347210.192880 START s2 bad-altstack 1
1790347240.215355 END s2 bad-altstack 1 0
1790347242.237238 START s2 context 1
1790347272.259323 END s2 context 1 0
1790347274.278185 START s2 full 1
1790347304.300321 END s2 full 1 0
1790347306.320279 START s2 mcontend 1
1790347336.347578 END s2 mcontend 1 0
1790347338.368085 START s2 memfd 1
1790347368.412609 END s2 memfd 1 0
1790347370.432124 START s2 memrate 1
1790347400.764415 END s2 memrate 1 0
1790347402.892407 START s2 memthrash 1
1790347436.252877 END s2 memthrash 1 0
1790347438.456336 START s2 mincore 1
1790347468.521815 END s2 mincore 1 0
1790347470.541846 START s2 null 1
1790347500.563951 END s2 null 1 0
1790347502.583570 START s2 numa 1
1790347532.608540 END s2 numa 1 0
1790347534.627430 START s2 pipe 1
1790347564.649514 END s2 pipe 1 0
1790347566.671075 START s2 pipeherd 1
1790347597.038470 END s2 pipeherd 1 0
1790347599.057976 START s2 randlist 1
1790347629.098825 END s2 randlist 1 0
1790347631.117466 START s2 remap 1
1790347661.153359 END s2 remap 1 0
1790347663.176266 START s2 rmap 1
1790347693.275516 END s2 rmap 1 0
1790347695.293084 START s2 stack 1
1790347725.328096 END s2 stack 1 0
1790347727.346818 START s2 stackmmap 1
1790347757.372107 END s2 stackmmap 1 0
1790347759.390040 START s2 tlb-shootdown 1
1790347804.936481 END s2 tlb-shootdown 1 124
1790347806.954355 START s2 vm 1
1790347837.111722 END s2 vm 1 0
1790347839.130663 START s2 vm-addr 1
1790347871.655650 END s2 vm-addr 1 0
1790347873.676325 START s2 vm-rw 1
1790347903.709090 END s2 vm-rw 1 0
1790347905.727926 START s2 vm-segv 1
1790347935.750700 END s2 vm-segv 1 0
1790347937.769256 START s2 zero 1
1790347967.791000 END s2 zero 1 0
1790347969.809481 START s2 af-alg 1
1790347999.832740 END s2 af-alg 1 0
1790348001.851398 START s2 besselmath 1
1790348032.286843 END s2 besselmath 1 0
1790348034.306397 START s2 bitops 1
1790348064.329586 END s2 bitops 1 0
1790348066.348414 START s2 branch 1
1790348096.370823 END s2 branch 1 0
1790348098.390148 START s2 cpu 1
1790348128.526679 END s2 cpu 1 0
1790348130.545722 START s2 crypt 1
1790348160.569510 END s2 crypt 1 0
1790348162.588152 START s2 dfp 1
1790348192.711083 END s2 dfp 1 0
1790348194.730115 START s2 easy-opcode 1
1790348224.753925 END s2 easy-opcode 1 0
1790348226.772923 START s2 eigen 1
1790348256.802400 END s2 eigen 1 0
1790348258.822049 START s2 expmath 1
1790348288.854786 END s2 expmath 1 0
1790348290.873687 START s2 factor 1
1790348320.896928 END s2 factor 1 0
1790348322.915859 START s2 fma 1
1790348352.937552 END s2 fma 1 0
1790348354.956718 START s2 fp 1
1790348385.022974 END s2 fp 1 0
1790348387.042192 START s2 fp-error 1
1790348417.063829 END s2 fp-error 1 0
1790348419.082551 START s2 fractal 1
1790348449.104655 END s2 fractal 1 0
1790348451.123296 START s2 funccall 1
1790348481.180047 END s2 funccall 1 0
1790348483.198792 START s2 funcret 1
1790348513.221324 END s2 funcret 1 0
1790348515.240817 START s2 getrandom 1
1790348545.263171 END s2 getrandom 1 0
1790348547.282742 START s2 goto 1
1790348577.305556 END s2 goto 1 0
1790348579.341229 START s2 hash 1
1790348609.363435 END s2 hash 1 0
1790348611.382432 START s2 hyperbolic 1
1790348641.432012 END s2 hyperbolic 1 0
1790348643.451506 START s2 intmath 1
1790348673.473802 END s2 intmath 1 0
1790348675.494233 START s2 jpeg 1
1790348705.991707 END s2 jpeg 1 0
1790348708.009154 START s2 logmath 1
1790348738.079334 END s2 logmath 1 0
1790348740.098266 START s2 longjmp 1
1790348770.120531 END s2 longjmp 1 0
1790348772.139657 START s2 monte-carlo 1
1790348802.188371 END s2 monte-carlo 1 0
1790348804.207683 START s2 mpfr 1
1790348834.231584 END s2 mpfr 1 0
1790348836.252424 START s2 nop 1
1790348866.275007 END s2 nop 1 0
1790348868.293984 START s2 opcode 1
1790348898.320298 END s2 opcode 1 0
1790348900.339407 START s2 powmath 1
1790348930.441763 END s2 powmath 1 0
1790348932.461215 START s2 prime 1
1790348962.483474 END s2 prime 1 0
1790348964.501644 START s2 regex 1
1790348994.524217 END s2 regex 1 0
1790348996.542973 START s2 regs 1
1790349026.564525 END s2 regs 1 0
1790349028.583347 START s2 rotate 1
1790349058.605444 END s2 rotate 1 0
1790352396.976022 CONFIG performance 2400000
1790357565.184359 CONFIG performance 2400000
1790359430.032405 CONFIG performance 2400000
