1790891309.792648 <missed 82399 bytes of console log>
1790891309.792757  721592 934 pmu 1016245 1015825 8260744 14273219 926217127
1790891309.792822 W 242 lat 314 3537 12277 0 exe 95407 425629 729037 resp 737814 991 pmu 1028023 1034125 8372159 15242391 1102483547
1790891309.792883 W 243 lat 314 2518 10981 0 exe 85481 347833 677740 resp 685314 881 pmu 1018415 1015443 8265761 15782363 914480671
1790891309.792943 W 244 lat 296 1462 8222 0 exe 86018 225574 652962 resp 657314 947 pmu 1017846 1014016 8271533 14813356 632020996
1790891309.793001 W 245 lat 314 759 6037 0 exe 85870 139037 597629 resp 601629 821 pmu 1021006 996200 8286985 13921252 424384934
1790891309.793063 W 246 lat 296 1037 7018 0 exe 77055 197203 651444 resp 658092 890 pmu 1007345 991857 8181837 12918563 566201115
1790891309.793122 W 247 lat 296 1666 8277 0 exe 87999 252944 632907 resp 636555 812 pmu 1006689 987809 8183626 13722727 703488155
1790891309.793181 W 248 lat 296 2518 8685 0 exe 89833 339851 656129 resp 660925 931 pmu 1019030 1010758 8274294 13865789 904602760
1790891309.793240 W 249 lat 314 3407 11407 0 exe 97111 413907 707648 resp 715925 992 pmu 1028052 1033813 8370383 14553784 1078195927
1790891309.793298 W 250 lat 296 1981 8981 0 exe 62259 280981 657148 resp 662629 756 pmu 1008762 941863 8188289 15510512 757883807
1790891309.793356 W 251 lat 314 1907 8833 0 exe 90166 288944 660777 resp 666185 832 pmu 1025367 998076 8355607 14133490 777974666
1790891309.793413 W 252 lat 296 574 7333 0 exe 12833 83462 529703 resp 534814 393 pmu 931283 654625 7531486 14346646 262135689
1790891309.793486 W 253 lat 296 296 388 0 exe 12833 13814 53277 resp 53629 0 pmu 789709 6271 6365886 11604640 38409828
1790891309.793516 [MG] memguard_call 0 0 0 (CPU 0)
1790891309.793542 [MG] memguard_call 0 0 0 (CPU 1)
1790891309.793568 [MG] memguard_call 0 0 0 (CPU 2)
1790891309.793590 Closing cell "rt-bench"
1790891309.793616 [MG] Initializing memguard on CPU 3
1790891309.793642 [SMMUv2] Exiting SMMUv2 on cell 1
1790891309.793681 Page pool usage after cell destruction: mem 77/4061, remap 5/131072
1790891309.793709 [MG] Initializing memguard on CPU 3
1790891309.793735 [MG] Initializing memguard on CPU 3
1790891309.793762 [MG] Initializing memguard on CPU 3
1790891309.793784 Created cell "rt-bench"
1790891309.793821 Page pool usage after cell creation: mem 88/4061, remap 5/131072
1790891309.793849 [MG] Initializing memguard on CPU 3
1790891309.793873 Cell "rt-bench" can be loaded
1790891309.793894 Started cell "rt-bench"
1790891309.793921 [MG] Initializing memguard on CPU 3
1790891309.793954 rt-bench: ws 768 KB, 1024 loads/period, window 1000
1790891310.829552 W 0 lat 333 462 1092 0 exe 17907 23240 169574 resp 170259 8 pmu 793292 42123 6398350 5307466 41668449
1790891311.869518 W 1 lat 296 296 759 0 exe 12888 15277 111537 resp 112074 1 pmu 790183 19163 6372316 7673471 39385159
1790891312.805538 W 2 lat 277 296 574 0 exe 12851 14240 92259 resp 92648 0 pmu 791739 10725 6390982 7024823 37246734
1790891313.849547 W 3 lat 296 296 888 0 exe 12833 18185 152888 resp 153611 6 pmu 795257 53524 6417161 6824775 49936767
1790891314.789537 W 4 lat 296 296 629 0 exe 12796 14240 86925 resp 87388 0 pmu 792383 10849 6394370 7454237 37502635
1790891315.829607 W 5 lat 296 296 333 0 exe 12888 13296 16481 resp 16796 0 pmu 790814 262 6380777 6771934 33945724
1790891315.935792 [MG] memguard_call 1000 1000 1 (CPU 0)
1790891315.938813 [MG] memguard_call 1000 1000 1 (CPU 1)
1790891315.938842 [MG] memguard_call 1000 1000 1 (CPU 2)
1790891316.774781 W 6 lat 296 296 685 0 exe 12962 18351 83092 resp 83481 0 pmu 782140 59417 6313788 6060957 55568413
1790891317.814782 W 7 lat 296 296 333 0 exe 12870 13277 14444 resp 14759 0 pmu 789120 158 6363710 6754824 33883627
1790891318.854792 W 8 lat 296 296 574 0 exe 12814 14407 23981 resp 24314 0 pmu 786415 13166 6345433 6040371 38248006
1790891319.789802 W 9 lat 296 296 333 0 exe 12870 13259 13944 resp 14259 0 pmu 789147 83 6362812 6142282 33440562
1790891320.830812 W 10 lat 296 296 574 0 exe 12925 14444 24629 resp 24944 0 pmu 785764 13873 6337894 6035120 38430442
1790891321.869815 W 11 lat 296 296 351 0 exe 12870 13296 13999 resp 14296 0 pmu 791740 136 6389198 6149528 33536818
1790891322.806831 W 12 lat 277 296 648 0 exe 12870 13629 21592 resp 21888 0 pmu 789440 4124 6373263 6036004 35030181
1790891323.846834 W 13 lat 296 296 555 0 exe 12925 14185 25648 resp 25944 0 pmu 789010 10676 6363437 6114864 37091621
1790891324.781835 W 14 lat 296 296 351 0 exe 12870 13296 13814 resp 14148 0 pmu 791526 127 6387027 6158252 33548839
1790891325.822844 W 15 lat 296 296 518 0 exe 12888 14277 23018 resp 23333 0 pmu 788541 11455 6362469 6034278 37775086
1790891326.861510 W 16 lat 296 296 370 0 exe 12925 13277 14074 resp 14370 0 pmu 790785 114 6382934 6132188 33491115
1790891327.798867 W 17 lat 296 296 481 0 exe 12888 14407 24296 resp 24611 0 pmu 786906 13092 6347802 6036953 38131775
1790891328.837864 W 18 lat 296 296 407 0 exe 12870 13296 14907 resp 15203 0 pmu 789246 284 6361342 6145371 33555536
1790891329.774875 W 19 lat 296 296 777 0 exe 12925 14388 24351 resp 24648 0 pmu 787519 12831 6347860 6045335 38126104
1790891330.813878 W 20 lat 296 296 333 0 exe 12888 13277 13944 resp 14240 0 pmu 789957 109 6371961 6147429 33474715
1790891331.855881 W 21 lat 296 296 574 0 exe 12870 13759 21944 resp 22277 0 pmu 789314 5524 6371367 6035375 35502933
1790891332.789896 W 22 lat 296 296 555 0 exe 12870 14018 24259 resp 24592 0 pmu 789123 8497 6367899 6119188 36430100
1790891333.829897 W 23 lat 296 296 333 0 exe 12888 13277 14222 resp 14518 0 pmu 790261 125 6374847 6143351 33496646
1790891334.870904 W 24 lat 296 296 537 0 exe 12888 14370 22592 resp 23018 0 pmu 787037 12750 6348864 6038110 38163761
1790891335.805907 W 25 lat 296 296 351 0 exe 12870 13277 14314 resp 14611 0 pmu 790447 119 6375766 6128946 33467548
1790891336.850920 W 26 lat 296 296 555 0 exe 12925 14388 24111 resp 24425 0 pmu 787104 13005 6353066 6039105 38160781
1790891337.785923 W 27 lat 296 296 370 0 exe 12851 13277 13925 resp 14222 0 pmu 789861 111 6373548 6143864 33485038
1790891338.829945 W 28 lat 296 296 685 0 exe 12888 14388 23814 resp 24111 0 pmu 787530 12954 6360507 6035131 38144890
1790891339.869509 W 29 lat 296 296 333 0 exe 12925 13314 13962 resp 14259 0 pmu 791869 155 6383883 6141281 33569325
1790891340.808942 W 30 lat 296 296 444 0 exe 12870 14111 24148 resp 24462 0 pmu 787503 9693 6351632 6035909 36980062
1790891341.845957 W 31 lat 296 296 351 0 exe 12888 13629 20555 resp 20851 0 pmu 791429 3832 6380137 6142019 34822161
1790891342.782969 W 32 lat 296 296 333 0 exe 12888 13296 13888 resp 14185 0 pmu 790614 122 6371360 6103164 33499474
1790891343.822979 W 33 lat 296 296 555 0 exe 12796 14444 24444 resp 24740 0 pmu 788850 13378 6362067 6034827 38373150
1790891344.861987 W 34 lat 296 296 351 0 exe 12796 13296 13777 resp 14074 0 pmu 791672 76 6383051 6146900 33518301
1790891345.798993 W 35 lat 296 296 555 0 exe 12907 14499 24388 resp 24703 0 pmu 788117 14009 6359251 6033389 38559820
1790891346.837998 W 36 lat 296 296 333 0 exe 12796 13277 14055 resp 14351 0 pmu 790754 82 6379777 6147229 33475120
1790891347.775009 W 37 lat 296 296 555 0 exe 12907 14370 23444 resp 23777 0 pmu 786968 12598 6349801 6036072 38094629
1790891348.814014 W 38 lat 296 296 333 0 exe 12814 13277 13814 resp 14129 0 pmu 790825 126 6374912 6137337 33497088
1790891349.855032 W 39 lat 296 296 499 0 exe 12851 14314 24666 resp 24999 0 pmu 787996 12158 6356603 6033786 37949793
1790891350.790025 W 40 lat 296 296 351 0 exe 12814 13351 19240 resp 19555 0 pmu 790749 905 6378050 6148822 33726229
1790891351.831044 W 41 lat 296 296 370 0 exe 12925 13296 13833 resp 14129 0 pmu 792331 94 6395309 6088364 33479871
1790891352.871040 W 42 lat 296 296 518 0 exe 12925 14481 23777 resp 24074 0 pmu 787894 13931 6360942 6034671 38498881
1790891353.806045 W 43 lat 296 296 388 0 exe 12888 13259 13777 resp 14092 0 pmu 789662 47 6374055 6140884 33419544
1790891354.847054 W 44 lat 296 296 555 0 exe 12925 14425 24870 resp 25166 0 pmu 787430 13311 6356046 6033944 38215182
1790891355.782056 W 45 lat 296 296 333 0 exe 12907 13259 14018 resp 14314 0 pmu 789909 50 6369789 6151622 33440099
1790891356.827068 W 46 lat 296 296 462 0 exe 12925 14351 23981 resp 24277 0 pmu 788299 12490 6362624 6035989 37958930
1790891357.866075 W 47 lat 296 296 333 0 exe 12870 13277 13814 resp 14111 0 pmu 790509 88 6380092 6142021 33481456
1790891358.803094 W 48 lat 296 296 648 0 exe 12833 14370 22425 resp 22722 0 pmu 787140 12783 6354765 6033763 38049216
1790891359.842088 W 49 lat 296 296 351 0 exe 12870 13277 13907 resp 14222 0 pmu 790380 185 6369657 6126974 33485105
1790891360.784105 W 50 lat 296 296 351 0 exe 12851 13351 20055 resp 20351 0 pmu 790840 947 6371765 6035072 33789968
1790891361.823077 W 51 lat 277 296 537 0 exe 12851 14314 23814 resp 24129 0 pmu 787558 12128 6350302 6096682 37775634
1790891362.862082 W 52 lat 296 296 351 0 exe 12796 13240 14037 resp 14333 0 pmu 788058 63 6353763 6140128 33407338
1790891363.799091 W 53 lat 296 296 444 0 exe 12814 14499 24907 resp 25222 0 pmu 786681 14114 6342765 6035631 38526677
1790891364.838096 W 54 lat 296 296 333 0 exe 12833 13277 14222 resp 14555 0 pmu 790581 108 6369721 6151435 33502832
1790891365.779129 W 55 lat 296 296 425 0 exe 12851 14407 23370 resp 23666 0 pmu 787440 13098 6348358 6037972 38169886
1790891366.818135 W 56 lat 296 296 333 0 exe 12814 13259 14037 resp 14351 0 pmu 789637 86 6361625 6135625 33449850
1790891367.859136 W 57 lat 296 296 555 0 exe 12833 14425 24666 resp 24962 0 pmu 787182 13394 6348369 6035906 38285404
1790891368.794143 W 58 lat 296 296 407 0 exe 12870 13314 15148 resp 15444 0 pmu 790430 454 6374473 6149251 33723369
1790891369.839152 W 59 lat 296 296 351 0 exe 12851 13574 20703 resp 21018 0 pmu 788788 3615 6358413 6047801 34805917
1790891370.771150 W 60 lat 296 296 629 0 exe 12907 14240 26703 resp 26999 0 pmu 789603 11135 6364671 6104384 37359582
1790891371.810156 W 61 lat 296 296 333 0 exe 12833 13259 13722 resp 14037 0 pmu 790127 53 6368556 6169393 33452947
1790891372.855169 W 62 lat 296 296 740 0 exe 12888 14388 24259 resp 24555 0 pmu 787340 12900 6348271 6032881 38178823
1790891373.791183 W 63 lat 296 296 499 0 exe 12907 14388 26037 resp 26351 0 pmu 788621 12743 6359174 6146085 37655390
1790891374.831176 W 64 lat 296 314 629 0 exe 13037 19999 37111 resp 37407 0 pmu 775910 79513 6268291 6163026 62710912
1790891375.870174 W 65 lat 296 296 333 0 exe 12759 13240 14185 resp 14481 0 pmu 787639 162 6345761 6303026 33512144
1790891376.811190 W 66 lat 296 296 574 0 exe 12722 14666 26203 resp 26499 0 pmu 783291 16526 6313757 6036891 39495951
1790891377.850184 W 67 lat 296 296 351 0 exe 12944 13259 14037 resp 14333 0 pmu 791012 98 6374945 6165449 33454669
1790891378.789205 W 68 lat 296 296 574 0 exe 12925 14722 27388 resp 27703 0 pmu 787467 17172 6352385 6036570 39521399
1790891379.868210 W 69 lat 296 425 5129 0 exe 16814 56537 315592 resp 319388 22 pmu 792708 477199 6432017 6178868 165832362
1790891380.819245 W 70 lat 296 351 981 0 exe 18740 55685 76018 resp 76518 0 pmu 797073 505330 6454651 9330377 166262179
1790891381.863260 W 71 lat 277 314 740 0 exe 15796 30351 53999 resp 54314 0 pmu 788794 203062 6377424 6902216 84447799
1790891382.799264 W 72 lat 296 296 444 0 exe 20629 27666 36092 resp 36388 0 pmu 790045 171007 6383373 6538149 69723367
1790891383.844256 W 73 lat 296 1129 5388 0 exe 16555 104388 432722 resp 435462 350 pmu 805301 350854 6500427 6369351 270755641
1790891384.800270 W 74 lat 296 1203 5444 0 exe 14851 69185 333870 resp 336240 361 pmu 787340 183753 6358578 10740218 182825648
1790891385.875241 W 75 lat 296 296 648 0 exe 14666 18629 41925 resp 42333 0 pmu 789183 61979 6374335 9564890 50672418
1790891386.813252 W 76 lat 296 314 833 0 exe 15370 24074 52907 resp 53240 0 pmu 788948 127340 6371756 6353177 67559205
1790891387.876264 W 77 lat 296 296 611 0 exe 15444 18277 23999 resp 24314 0 pmu 789670 57172 6372248 6494362 47226251
1790891388.819304 W 78 lat 296 314 796 0 exe 15722 32111 78777 resp 79092 0 pmu 794658 223451 6424155 6175404 94142221
1790891389.859290 W 79 lat 296 296 611 0 exe 20888 28333 37740 resp 38037 0 pmu 791786 179025 6396502 6794672 71475396
1790891390.803318 W 80 lat 296 314 666 0 exe 20666 32240 53148 resp 53462 0 pmu 790567 226314 6395159 6390290 89028339
1790891391.849340 W 81 lat 296 1537 4296 0 exe 22851 85185 288314 resp 290796 475 pmu 787661 221423 6362670 6564471 219615230
1790891392.797295 W 82 lat 296 629 5518 0 exe 14537 42203 277185 resp 281259 45 pmu 786472 249061 6368200 9225998 124096070
1790891393.857301 W 83 lat 296 296 962 0 exe 16499 23166 55999 resp 56351 0 pmu 790562 115622 6378823 8867436 64389114
1790891394.809304 W 84 lat 296 296 740 0 exe 16074 19740 26629 resp 26925 0 pmu 789466 74601 6368613 6527075 51317335
1790891395.856321 W 85 lat 296 314 851 0 exe 17851 35833 58999 resp 59388 0 pmu 785107 268467 6351587 6212702 107170995
1790891396.791338 W 86 lat 296 296 481 0 exe 18833 23333 36537 resp 36870 0 pmu 789870 117867 6377493 6626892 59674923
1790891397.835350 W 87 lat 296 314 592 0 exe 17574 27796 51999 resp 52333 0 pmu 789383 172087 6379439 6342599 77627100
1790891398.777377 W 88 lat 296 333 3851 0 exe 18314 29074 282592 resp 284518 13 pmu 788010 160927 6366117 6513928 78222295
1790891399.845346 W 89 lat 296 1722 5129 0 exe 24407 91222 345148 resp 348203 322 pmu 801417 309406 6490928 8855102 242847896
1790891400.776353 W 90 lat 296 555 5611 0 exe 15722 39185 391648 resp 396481 37 pmu 807480 216268 6512239 9840022 113251402
1790891401.819373 W 91 lat 296 296 611 0 exe 16611 20166 30999 resp 31611 0 pmu 788618 79781 6367101 10006692 54898236
1790891402.872369 W 92 lat 296 314 925 0 exe 16370 27796 56333 resp 56722 0 pmu 790564 171068 6391260 6262030 79282189
1790891403.807401 W 93 lat 296 296 611 0 exe 17148 29037 60148 resp 60481 0 pmu 785543 186801 6347250 6552971 82003134
1790891404.847402 W 94 lat 296 314 629 0 exe 19111 29685 53592 resp 54037 0 pmu 789960 195041 6387827 6599129 83126613
1790891405.783405 W 95 lat 296 296 555 0 exe 20129 23333 32018 resp 32333 0 pmu 788564 117549 6361351 6547466 59201869
1790891406.837398 W 96 lat 296 537 4629 0 exe 20222 57037 391574 resp 394240 82 pmu 801173 300370 6492900 6304218 159377150
1790891407.785402 W 97 lat 277 1407 5870 0 exe 24629 98333 409425 resp 413574 268 pmu 786658 392330 6351358 10102720 264305373
1790891408.823424 W 98 lat 296 296 648 0 exe 16481 20499 37259 resp 37611 0 pmu 789103 83784 6369701 10527053 55832488
1790891409.867421 W 99 lat 296 314 722 0 exe 17129 27592 55870 resp 56222 0 pmu 790278 168685 6386656 6324597 78471616
1790891410.803419 W 100 lat 296 296 759 0 exe 16351 19833 28814 resp 29129 0 pmu 789715 75895 6375633 6550009 51558540
1790891411.876430 W 101 lat 277 314 814 0 exe 17407 36796 60574 resp 60907 0 pmu 786067 280515 6360069 6236563 107485554
1790891412.822437 W 102 lat 296 296 462 0 exe 14962 21518 29370 resp 29685 0 pmu 789497 95460 6370298 6644668 54608730
1790891413.872464 W 103 lat 296 314 611 0 exe 18444 28388 52703 resp 53111 0 pmu 790402 178971 6387673 6242102 79405630
1790891414.807574 W 104 lat 296 962 5055 0 exe 20240 73351 336925 resp 339925 236 pmu 782499 325530 6330188 6529080 198554720
1790891415.859484 W 105 lat 296 999 5537 0 exe 26111 70074 467833 resp 470759 90 pmu 775833 477119 6301798 9643421 199316416
1790891416.792450 W 106 lat 296 370 5481 0 exe 13462 27481 444574 resp 450055 21 pmu 793659 134712 6395530 10967645 82707820
1790891417.831472 W 107 lat 296 296 555 0 exe 13444 16962 26555 resp 26851 0 pmu 789113 42135 6365618 10467936 46977483
1790891418.775479 W 108 lat 296 314 666 0 exe 16333 28648 56129 resp 56592 0 pmu 789923 181453 6383126 6184069 81902194
1790891419.827482 W 109 lat 296 314 1222 0 exe 17703 41722 59796 resp 60111 0 pmu 781830 339177 6325576 6554055 115957112
1790891420.787488 W 110 lat 296 314 851 0 exe 17574 28092 55296 resp 55611 0 pmu 790121 175725 6387681 6665058 78256478
1790891421.851506 W 111 lat 296 314 2648 0 exe 15666 25537 252499 resp 253907 8 pmu 787328 129758 6356244 6549437 68193958
1790891422.784496 W 112 lat 296 499 4851 0 exe 33296 59592 318592 resp 322999 74 pmu 783240 414387 6354235 8514008 170157247
1790891423.819509 W 113 lat 296 1092 7425 0 exe 51277 92074 413018 resp 417462 134 pmu 793185 553053 6420054 9460402 260161836
1790891424.863512 W 114 lat 296 870 4759 0 exe 52648 62462 95166 resp 95685 0 pmu 775440 532719 6288092 10672507 183916818
1790891425.816518 W 115 lat 296 351 2999 0 exe 18092 38425 312092 resp 314685 3 pmu 784954 290488 6351718 7318792 114462873
1790891426.864523 W 116 lat 296 314 962 0 exe 40703 51111 58092 resp 58388 0 pmu 778277 452445 6302512 9194001 137854982
1790891427.815539 W 117 lat 296 388 3962 0 exe 18981 45092 456055 resp 458185 29 pmu 795661 316243 6438916 6808523 131784819
1790891428.863537 W 118 lat 296 555 4777 0 exe 31833 62962 313388 resp 314907 103 pmu 774769 401350 6274647 10674507 177197516
1790891429.811584 W 119 lat 296 555 5611 0 exe 33351 61925 343166 resp 345555 31 pmu 793898 497903 6439387 9403283 179063351
1790891430.843561 W 120 lat 277 703 6055 0 exe 50277 72518 386592 resp 390203 68 pmu 799772 528202 6471030 9711988 208914858
1790891431.784562 W 121 lat 277 462 4592 0 exe 41222 53648 97333 resp 101370 1 pmu 775855 468296 6282745 10292500 162470722
1790891432.824566 W 122 lat 296 351 1351 0 exe 38851 60222 81055 resp 81481 0 pmu 815326 555933 6612967 7253824 172812318
1790891433.775580 W 123 lat 296 592 5629 0 exe 26944 45685 101370 resp 106277 1 pmu 783924 374510 6342263 7077184 135462279
1790891434.859593 W 124 lat 296 611 5648 0 exe 31388 70185 396129 resp 399685 107 pmu 807694 444576 6553291 7193656 200042609
1790891435.812635 W 125 lat 296 370 888 0 exe 40333 67092 87222 resp 87518 0 pmu 856238 636701 6951555 10279172 203551471
1790891436.791667 W 126 lat 296 1055 7148 0 exe 40777 99648 473962 resp 477129 173 pmu 876328 602649 7101220 7178364 284756262
1790891437.848700 W 127 lat 296 1055 5685 0 exe 38166 94111 488629 resp 492944 144 pmu 874644 614580 7084060 11260124 274734601
1790891438.784631 W 128 lat 296 666 5055 0 exe 41092 57611 133481 resp 136574 10 pmu 795526 517078 6421977 11363854 162803344
1790891439.826623 W 129 lat 296 314 2259 0 exe 12925 27574 65685 resp 66129 0 pmu 780672 168756 6306487 7633324 83733321
1790891440.866618 W 130 lat 296 296 351 0 exe 12907 13370 18407 resp 18703 0 pmu 791329 959 6375541 6635233 34159959
1790891441.819631 W 131 lat 296 296 592 0 exe 12796 15296 26722 resp 27018 0 pmu 786096 23244 6338693 6080700 41954426
1790891442.775656 W 132 lat 296 2444 6370 0 exe 16129 131999 416796 resp 419814 710 pmu 936314 738837 7567787 6176343 360531718
1790891443.816670 W 133 lat 1018 3037 6277 0 exe 93203 143129 194851 resp 198574 999 pmu 1006769 887760 8115711 10731908 396469553
1790891444.860664 W 134 lat 314 2685 6833 0 exe 71407 128129 193425 resp 198833 802 pmu 994440 860038 8016897 8962516 361462621
1790891445.796679 W 135 lat 296 2685 6962 0 exe 62981 132462 199407 resp 202499 822 pmu 995363 859684 8032903 8770011 370867553
1790891446.839682 W 136 lat 740 2944 6203 0 exe 86425 143277 188037 resp 191981 990 pmu 1007371 888244 8115223 8798968 395618618
1790891447.786667 W 137 lat 314 2222 7740 0 exe 66148 113222 181851 resp 185888 639 pmu 979329 829330 7895979 8859463 327086208
1790891448.868692 W 138 lat 888 2999 5907 0 exe 90981 143259 187796 resp 192018 993 pmu 1007466 894609 8114477 8549447 395761763
1790891449.847679 W 139 lat 407 2962 6925 0 exe 77499 140499 192425 resp 195092 950 pmu 1004383 883449 8086596 8881794 389301808
1790891450.791715 W 140 lat 296 2407 6462 0 exe 64296 118333 179796 resp 184611 709 pmu 984320 837352 7938020 8840692 338447666
1790891451.831717 W 141 lat 777 2944 6425 0 exe 87870 142537 180870 resp 184037 993 pmu 1007602 891489 8116621 8543517 393545551
1790891452.787769 W 142 lat 314 2648 6351 0 exe 68074 127018 176018 resp 179962 795 pmu 991202 856077 7984879 8789241 358441768
1790891453.835782 W 143 lat 296 2814 6055 0 exe 71166 135129 188981 resp 193703 907 pmu 996264 873216 8034771 8564264 376716758
1790891454.872795 W 144 lat 592 3074 6092 0 exe 94129 143740 183092 resp 187037 994 pmu 1008270 895088 8125400 8753327 396651193
1790891455.817793 W 145 lat 296 2185 5833 0 exe 64388 112870 182055 resp 186481 645 pmu 976930 827460 7871115 8850152 326124751
1790891456.858746 W 146 lat 611 2944 5666 0 exe 88055 142481 194351 resp 198648 989 pmu 1007639 889870 8115032 8532967 393570028
1790891457.794759 W 147 lat 296 2814 6796 0 exe 79444 137592 194777 resp 199074 915 pmu 1002520 880863 8076066 8926046 382826089
1790891458.848746 W 148 lat 296 2462 6037 0 exe 65425 121518 199925 resp 203592 723 pmu 988323 841562 7973335 8865738 346024377
1790891459.787775 W 149 lat 1148 2981 5592 0 exe 91666 143166 189944 resp 193814 995 pmu 1007378 887273 8110882 8758888 394872948
1790891460.831775 W 150 lat 296 2611 6388 0 exe 69999 127851 196592 resp 199814 794 pmu 993678 854400 8007792 8903587 360285115
1790891461.779789 W 151 lat 296 2722 6555 0 exe 66499 130481 186944 resp 190185 817 pmu 991632 857377 8005034 8779781 365961702
1790891462.819782 W 152 lat 1518 3055 6851 0 exe 94925 143981 200981 resp 206499 997 pmu 1008053 891305 8114645 8681002 397011415
1790891463.866785 W 153 lat 296 2314 5907 0 exe 68481 115314 231518 resp 232981 665 pmu 982521 829359 7928097 9050422 332117561
1790891464.806794 W 154 lat 462 2962 5962 0 exe 87703 143370 264351 resp 267388 992 pmu 1006618 887449 8108154 9046458 395673306
1790891465.846806 W 155 lat 370 2870 6388 0 exe 78703 140148 206185 resp 208740 969 pmu 1004703 883542 8089595 9623480 388708776
1790891466.783819 W 156 lat 296 2407 6740 0 exe 65314 118537 184740 resp 188722 682 pmu 980355 839396 7909035 8978553 339326015
1790891467.823824 W 157 lat 574 2981 5388 0 exe 90611 143388 180574 resp 183537 998 pmu 1007466 890236 8118029 8596359 395736607
1790891468.785821 W 158 lat 296 2592 6666 0 exe 75333 126333 173981 resp 178055 794 pmu 993700 858548 8003241 8797271 357350958
1790891469.827844 W 159 lat 296 2666 6555 0 exe 45962 129518 196370 resp 199759 817 pmu 991663 858400 7996729 8578397 363958122
1790891470.867852 W 160 lat 907 3037 6203 0 exe 92055 143555 192148 resp 196037 998 pmu 1007565 886679 8118482 8668425 396072909
1790891471.823856 W 161 lat 296 2370 5851 0 exe 66870 116333 182333 resp 185851 670 pmu 979562 833170 7893904 8931286 334136474
1790891472.863862 W 162 lat 537 2981 8222 0 exe 81925 143074 203611 resp 207740 988 pmu 1006929 891456 8104379 8562056 394985079
1790891473.803863 W 163 lat 407 2981 5666 0 exe 80166 140870 186055 resp 190777 963 pmu 1005404 886235 8099794 9002815 390314324
1790891474.851935 W 164 lat 296 2462 6814 0 exe 60296 120407 184944 resp 188703 717 pmu 981003 841431 7913572 8796224 343377345
1790891475.787907 W 165 lat 537 2907 7481 0 exe 84925 141666 190518 resp 193203 985 pmu 1006567 884146 8112767 8582052 391612077
1790891476.832907 W 166 lat 296 2444 5740 0 exe 62055 120111 187981 resp 193037 726 pmu 985695 839433 7947190 8867913 342468419
1790891477.776903 W 167 lat 296 2888 6037 0 exe 62870 136722 191370 resp 194425 916 pmu 996990 873204 8034844 8620637 380222772
1790891478.816880 W 168 lat 685 3018 6333 0 exe 89074 143629 196185 resp 201018 993 pmu 1007475 889293 8110660 8735530 396344731
1790891479.776884 W 169 lat 296 2407 5314 0 exe 58444 118777 171296 resp 174833 713 pmu 985164 845699 7937823 8961354 340291395
1790891480.823823 W 170 lat 499 2925 6648 0 exe 85388 141722 192462 resp 198333 976 pmu 1006720 890625 8110405 8419429 391926351
1790891481.866875 W 171 lat 314 2666 6425 0 exe 65296 129851 189870 resp 194425 839 pmu 993811 859889 8002889 8901885 364576181
1790891482.804863 W 172 lat 296 2648 7111 0 exe 66592 130185 192648 resp 196407 811 pmu 993744 860766 8019811 8706202 365563398
1790891483.847863 W 173 lat 703 2962 5629 0 exe 85092 143870 190722 resp 195111 991 pmu 1007432 890985 8113909 8741908 396754442
1790891484.796811 W 174 lat 314 2351 5796 0 exe 72962 116999 182444 resp 185925 675 pmu 985987 839899 7950152 8881936 336281068
1790891485.835833 W 175 lat 351 2907 5407 0 exe 76981 141962 251740 resp 253574 959 pmu 1002625 884792 8076400 8596518 392365743
1790891486.879804 W 176 lat 703 3037 6407 0 exe 86018 143518 178092 resp 181629 997 pmu 1007453 888624 8112251 9427192 396235360
1790891487.831797 W 177 lat 296 2370 6092 0 exe 65203 117685 200925 resp 206222 678 pmu 980089 829972 7903899 8758542 336960138
1790891488.871795 W 178 lat 851 2981 6018 0 exe 89870 143296 185166 resp 188981 994 pmu 1007200 890776 8110444 8756500 395557411
1790891489.816729 W 179 lat 314 2722 5148 0 exe 75999 131592 177462 resp 179925 862 pmu 998169 871083 8041230 8847857 369141257
1790891490.859707 W 180 lat 314 2592 5648 0 exe 69222 126962 179759 resp 183592 796 pmu 992307 854580 7998839 8627814 358267459
1790891491.797700 W 181 lat 574 2981 6425 0 exe 92777 142333 184814 resp 188462 996 pmu 1006861 886784 8109820 8603142 393191305
1790891492.862687 W 182 lat 314 2425 6611 0 exe 65444 120833 179740 resp 183407 746 pmu 988518 849680 7964556 8853532 344851115
1790891493.840679 W 183 lat 481 2888 6777 0 exe 69240 137074 180092 resp 183759 927 pmu 996962 871474 8031952 8556146 380798338
1790891494.812715 W 184 lat 666 2962 6388 0 exe 86722 143611 194722 resp 197740 992 pmu 1007839 892165 8123035 8664157 396334704
1790891495.775717 W 185 lat 296 2407 6481 0 exe 57425 119074 200814 resp 204314 690 pmu 983313 835055 7927122 8925724 340300259
1790891496.823700 W 186 lat 314 2944 6629 0 exe 65944 139425 187333 resp 192611 936 pmu 1003866 878771 8084754 8716222 386710865
1790891497.879701 W 187 lat 296 1814 5833 0 exe 53462 93148 187111 resp 192074 334 pmu 946987 772485 7643704 8736642 280392356
1790891498.814632 W 188 lat 296 1333 5499 0 exe 32018 82888 160092 resp 162055 189 pmu 919706 710824 7437178 8428832 252993307
1790891499.875672 W 189 lat 296 1759 5185 0 exe 47370 97574 174907 resp 178092 428 pmu 958126 774747 7740886 7981599 289698490
1790891500.820602 W 190 lat 296 2462 5351 0 exe 61222 120814 195074 resp 200425 735 pmu 980396 833028 7906132 8287878 343594776
1790891501.859643 W 191 lat 537 3018 6574 0 exe 86444 143666 186314 resp 189981 991 pmu 1008077 890947 8114863 8690638 396401318
1790891502.799566 W 192 lat 296 1166 5129 0 exe 12888 56814 190648 resp 195018 305 pmu 858192 330637 6900957 8843159 159209265
1790891503.838559 W 193 lat 296 296 425 0 exe 12925 13925 22259 resp 22555 0 pmu 787486 7573 6350976 8069192 37722764
1790891504.783581 W 194 lat 296 296 592 0 exe 12944 14648 24888 resp 25314 0 pmu 786008 15744 6338870 6122620 40400518
1790891505.836636 W 195 lat 296 1037 6685 0 exe 13537 95648 281685 resp 284351 415 pmu 900967 592772 7302122 6155086 261412849
1790891506.776546 W 196 lat 296 3018 10740 0 exe 44203 128277 278351 resp 282759 646 pmu 930180 669286 7493083 9177679 349441954
1790891507.828551 W 197 lat 296 4277 10999 0 exe 72074 183425 666462 resp 672425 951 pmu 978835 804563 7873424 9500709 481062386
1790891508.860620 W 198 lat 296 1759 8351 0 exe 21629 167074 544203 resp 549944 673 pmu 899674 733933 7280160 13811494 445652808
1790891509.803592 W 199 lat 296 2888 9074 0 exe 37537 211074 624999 resp 631444 755 pmu 924818 753490 7467485 12228230 544146177
1790891510.860486 W 200 lat 296 1277 7462 0 exe 39148 107796 605185 resp 610240 384 pmu 903585 559960 7313549 13347416 301729290
1790891511.792502 W 201 lat 296 1981 9481 0 exe 41722 135314 602166 resp 607796 512 pmu 923417 640157 7451476 12618109 366846097
1790891512.839468 W 202 lat 296 1611 8166 0 exe 42462 123962 627814 resp 631574 422 pmu 910075 582385 7358636 12754601 338907395
1790891513.794473 W 203 lat 296 1129 8074 0 exe 39222 119444 558462 resp 562444 415 pmu 907711 606364 7349800 12940230 330527487
1790891514.836490 W 204 lat 277 1722 9666 0 exe 40518 134648 616388 resp 623648 455 pmu 911152 612211 7371739 12206159 364539463
1790891515.784436 W 205 lat 296 1351 8944 0 exe 39703 111111 585592 resp 589592 336 pmu 894341 559695 7233070 12894951 307321111
1790891516.821439 W 206 lat 296 1444 9092 0 exe 42296 133259 565166 resp 568999 517 pmu 920574 639968 7450143 12444020 363353745
1790891517.867459 W 207 lat 296 981 6277 0 exe 42074 122222 567611 resp 570999 448 pmu 913186 617349 7396821 12363743 337409705
1790891518.829421 W 208 lat 296 1462 9444 0 exe 30185 110888 621999 resp 627574 322 pmu 887421 540797 7173879 12312897 304610890
1790891519.875427 W 209 lat 296 1166 7555 0 exe 27537 130166 553074 resp 556611 437 pmu 929945 700648 7531910 12770084 371126758
1790891520.852475 W 210 lat 296 888 6203 0 exe 48277 94444 592388 resp 598037 159 pmu 913553 646555 7394905 12142161 278591086
1790891521.805435 W 211 lat 296 3814 10055 0 exe 63222 94055 494166 resp 499166 102 pmu 903594 688971 7261224 12462465 272881528
1790891522.869444 W 212 lat 296 2425 8240 0 exe 59962 93074 244240 resp 245537 147 pmu 908892 695131 7327105 11583804 268838831
1790891523.840440 W 213 lat 296 1370 9703 0 exe 54148 80148 206740 resp 207388 97 pmu 895931 633897 7249995 9028600 237053072
1790891524.792432 W 214 lat 314 4074 8870 0 exe 70888 87444 113592 resp 119055 118 pmu 905995 685981 7266548 8558718 255183557
1790891525.840408 W 215 lat 296 1629 8074 0 exe 61185 88759 271722 resp 274481 132 pmu 906536 677720 7327846 7781104 256102159
1790891526.783386 W 216 lat 296 2166 8296 0 exe 51759 85333 243537 resp 248370 115 pmu 896779 662697 7239264 9290620 249155145
1790891527.817359 W 217 lat 296 3796 8407 0 exe 67962 86499 123888 resp 130666 96 pmu 905370 689810 7268106 8958691 253341460
1790891528.865370 W 218 lat 296 648 6111 0 exe 55055 80833 209074 resp 212166 115 pmu 893327 637245 7243617 7867474 236543607
1790891529.804378 W 219 lat 296 3111 8592 0 exe 67296 90740 234555 resp 236592 98 pmu 907953 697320 7306624 8580709 263047825
1790891530.853341 W 220 lat 296 2462 7870 0 exe 48055 88814 255499 resp 257685 124 pmu 897203 672807 7225752 8965812 256731295
1790891531.807336 W 221 lat 296 944 5777 0 exe 28240 104999 327388 resp 330777 348 pmu 880871 598686 7144591 9064001 295831930
1790891532.872414 W 222 lat 296 870 5555 0 exe 47574 121870 346055 resp 347574 363 pmu 924428 642032 7493796 9752691 334301171
1790891533.832272 W 223 lat 296 2277 9407 0 exe 52074 173796 424796 resp 429499 729 pmu 911317 660178 7361679 10110734 457359715
1790891534.784301 W 224 lat 296 1277 5888 0 exe 48888 138981 333055 resp 334870 617 pmu 894118 677298 7239856 11222313 376187504
1790891535.836249 W 225 lat 296 1018 7018 0 exe 53425 122648 285055 resp 288333 596 pmu 933022 757255 7550607 10077717 339484937
1790891536.799243 W 226 lat 296 2074 7777 0 exe 50185 156888 609296 resp 613611 709 pmu 936403 730818 7562041 9550727 420076138
1790891537.867244 W 227 lat 296 3925 11518 0 exe 39611 191962 582129 resp 587185 958 pmu 964493 814867 7756351 12963083 505433713
1790891538.805306 W 228 lat 296 1777 8481 0 exe 41296 166833 579925 resp 585240 741 pmu 937215 802184 7576983 12845131 448036386
1790891539.853284 W 229 lat 296 1740 8499 0 exe 42537 130777 598592 resp 603296 461 pmu 912837 646253 7383086 12680267 358167078
1790891540.800236 W 230 lat 296 1629 9259 0 exe 41648 138981 627240 resp 633592 519 pmu 923842 638044 7465207 12689969 377392937
1790891541.853223 W 231 lat 296 851 5259 0 exe 30314 110370 555888 resp 559759 430 pmu 897466 582501 7266314 13024214 308775730
1790891542.785279 W 232 lat 296 1203 7222 0 exe 42925 127907 546907 resp 551185 519 pmu 916283 639225 7414257 12074732 350435879
1790891543.833179 W 233 lat 296 1277 6814 0 exe 42444 126944 572925 resp 575814 564 pmu 919734 629869 7440972 12149510 349235399
1790891544.783175 W 234 lat 296 1537 7870 0 exe 35333 114759 585148 resp 591814 414 pmu 900838 559798 7285422 12393501 316747255
1790891545.821188 W 235 lat 296 1185 9314 0 exe 42277 115499 624111 resp 630203 456 pmu 910511 582354 7370406 12444792 319218859
1790891546.783156 W 236 lat 296 1055 7796 0 exe 41407 111981 608666 resp 613462 395 pmu 903421 564543 7315766 12875089 312541509
1790891547.825138 W 237 lat 296 1222 8666 0 exe 40407 118759 640499 resp 646444 377 pmu 915517 613017 7414546 12684049 332035967
1790891548.876140 W 238 lat 296 1129 7425 0 exe 54037 112648 525777 resp 530055 362 pmu 928250 679368 7517363 13042177 326151343
1790891549.837202 W 239 lat 296 666 7796 0 exe 36851 74222 398092 resp 401740 93 pmu 907327 557729 7354076 11916767 230643197
1790891550.776173 W 240 lat 296 1555 8111 0 exe 61166 91518 199685 resp 201148 158 pmu 916069 703092 7408333 10358461 268124564
1790891551.828187 W 241 lat 296 1185 7907 0 exe 45851 80296 237351 resp 239314 81 pmu 896135 641649 7255302 8577029 236839308
1790891552.865153 W 242 lat 296 3388 9629 0 exe 65203 93240 235425 resp 237462 184 pmu 907303 701911 7294377 8821023 268564991
1790891553.805169 W 243 lat 296 1814 8240 0 exe 63240 93611 234740 resp 238074 152 pmu 909860 704579 7351561 8983138 269553731
1790891554.860165 W 244 lat 296 1018 7703 0 exe 53685 80129 194166 resp 195055 80 pmu 897812 650804 7272353 8959750 237685576
1790891555.797152 W 245 lat 296 2796 8796 0 exe 64555 90259 234111 resp 236481 109 pmu 908974 702901 7316526 8420088 261867704
1790891556.856133 W 246 lat 296 1222 6574 0 exe 54333 81907 234481 resp 235833 62 pmu 897623 655054 7261299 8946131 241443217
1790891557.828138 W 247 lat 296 2425 8907 0 exe 58259 89277 249611 resp 251611 150 pmu 904851 688007 7292736 8833147 259103982
1790891558.800120 W 248 lat 296 2351 8296 0 exe 63074 89462 241240 resp 244537 102 pmu 908045 701931 7323716 9061719 260147876
1790891559.783042 W 249 lat 296 555 3925 0 exe 36962 70648 183351 resp 185055 105 pmu 873660 512123 7084961 9006022 212218441
1790891560.849039 W 250 lat 296 777 4722 0 exe 34870 112314 334870 resp 338092 403 pmu 900601 634905 7297940 8164498 310857831
1790891561.828057 W 251 lat 296 1740 6888 0 exe 21814 167444 460944 resp 464518 591 pmu 909359 681378 7358529 9890917 439909599
1790891562.792024 W 252 lat 296 1148 6370 0 exe 30129 109148 356722 resp 361777 384 pmu 876742 572795 7097941 11378973 305563066
1790891563.860036 W 253 lat 296 666 5629 0 exe 22833 77240 224481 resp 226222 218 pmu 862740 475609 6992232 10088333 228381707
1790891564.836061 W 254 lat 296 666 4574 0 exe 28129 88185 340407 resp 343055 253 pmu 890966 565904 7228912 8547022 257813007
1790891565.771008 W 255 lat 296 407 4425 0 exe 12814 30259 242462 resp 246888 57 pmu 809487 122449 6516026 9786188 83428312
1790891566.811990 W 256 lat 296 296 425 0 exe 12851 13722 21351 resp 21648 0 pmu 788192 5296 6352065 8447030 36974168
1790891567.337567 [MG] memguard_call 0 0 0 (CPU 0)
1790891567.337630 [MG] memguard_call 0 0 0 (CPU 1)
1790891567.337658 [MG] memguard_call 0 0 0 (CPU 2)
1790891567.445581 Closing cell "rt-bench"
1790891567.445647 [MG] Initializing memguard on CPU 3
1790891567.445675 [SMMUv2] Exiting SMMUv2 on cell 1
1790891567.445713 Page pool usage after cell destruction: mem 77/4061, remap 5/131072
1790891567.445743 [MG] Initializing memguard on CPU 3
1790891567.445769 [MG] Initializing memguard on CPU 3
1790891567.445824 [COL] Colored OP 0: PHYS 0x30000000 -> VIRT 0x00000000 (SIZE: 0x00400000, COL: 0x000000ff, extra: 0x0000000000000000)
1790891567.445845 [COL] Result: 0
1790891567.445870 [MG] Initializing memguard on CPU 3
1790891567.445891 Created cell "rt-bench"
1790891567.445927 Page pool usage after cell creation: mem 98/4061, remap 5/131072
1790891567.445984 [COL] Colored OP 3: PHYS 0x30000000 -> VIRT 0x00000000 (SIZE: 0x00400000, COL: 0x000000ff, extra: 0x0000000000000000)
1790891567.446013 [MG] Initializing memguard on CPU 3
1790891567.446032 [COL] Result: 0
1790891567.446055 Cell "rt-bench" can be loaded
