1790337558.099598 <missed 137558 bytes of console log>
1790337558.099700 1 343740 408148 resp 412166 1000 pmu 1009895 930927 8393605 12404529 904921181
1790337558.099755 W 184 lat 1703 3444 6685 0 exe 272351 348185 417314 resp 420611 1000 pmu 1019414 941817 8472240 12277544 916055233
1790337558.099809 W 185 lat 1444 3425 6296 0 exe 131537 345722 407944 resp 411777 1000 pmu 1014226 936064 8433063 13113946 910208648
1790337558.099860 W 186 lat 1222 3462 6833 0 exe 142444 346166 422444 resp 426851 1000 pmu 1014861 935173 8428982 12303278 910871840
1790337558.099910 W 187 lat 1574 3444 6388 0 exe 151814 346055 415296 resp 419166 1000 pmu 1014433 936263 8423497 12509590 910728122
1790337558.099959 W 188 lat 1777 3444 6537 0 exe 282629 347648 409296 resp 412685 1000 pmu 1019570 940130 8472246 12481257 914678186
1790337558.100009 W 189 lat 1296 3462 7203 0 exe 140277 343129 419499 resp 424074 1000 pmu 1008251 933427 8367834 13082756 903693755
1790337558.100055 W 190 lat 296 629 5648 0 exe 5611 42444 407129 resp 411203 108 pmu 113503 104956 936008 12454680 115287987
1790337558.100097 W 191 lat 296 296 333 0 exe 5611 5629 6481 resp 6777 0 pmu 182 30 5523 10123924 17168106
1790337558.100116 Closing cell "rt-bench"
1790337558.100139 [MG] Initializing memguard on CPU 3
1790337558.100161 [SMMUv2] Exiting SMMUv2 on cell 1
1790337558.100193 Page pool usage after cell destruction: mem 83/4061, remap 5/131072
1790337558.100216 [MG] Initializing memguard on CPU 3
1790337558.100238 [MG] Initializing memguard on CPU 3
1790337558.100287 [COL] Colored OP 0: PHYS 0x30000000 -> VIRT 0x00000000 (SIZE: 0x00400000, COL: 0x000000ff, extra: 0x0000000000000000)
1790337558.100306 [COL] Result: 0
1790337558.100328 [MG] Initializing memguard on CPU 3
1790337558.100346 Created cell "rt-bench"
1790337558.100377 Page pool usage after cell creation: mem 98/4061, remap 5/131072
1790337558.100426 [COL] Colored OP 3: PHYS 0x30000000 -> VIRT 0x00000000 (SIZE: 0x00400000, COL: 0x000000ff, extra: 0x0000000000000000)
1790337558.100494 [MG] Initializing memguard on CPU 3
1790337558.100510 [COL] Result: 0
1790337558.100530 Cell "rt-bench" can be loaded
1790337558.100578 [COL] Colored OP 2: PHYS 0x30000000 -> VIRT 0x00000000 (SIZE: 0x00400000, COL: 0x000000ff, extra: 0x0000000000000000)
1790337558.100596 [COL] Result: 0
1790337558.100644 [COL] Colored OP 4: PHYS 0x30000000 -> VIRT 0x00000000 (SIZE: 0x00400000, COL: 0x000000ff, extra: 0x0000000000000001)
1790337558.100661 [COL] Result: 0
1790337558.100679 Started cell "rt-bench"
1790337558.100701 [MG] Initializing memguard on CPU 3
1790337558.100729 rt-bench: ws 256 KB, 1024 loads/period, window 1000
1790337559.140519 W 0 lat 296 296 1370 0 exe 5796 7037 139055 resp 140092 1 pmu 52002 9645 456096 5307529 20080007
1790337560.076511 W 1 lat 296 296 851 0 exe 5796 6296 61944 resp 62277 0 pmu 37292 3811 327980 7228465 17978912
1790337561.116476 W 2 lat 296 296 333 0 exe 5796 5944 8185 resp 8481 0 pmu 35133 119 312884 6447663 15798903
1790337562.156509 W 3 lat 296 296 518 0 exe 5814 6314 64259 resp 64703 0 pmu 41873 3485 358228 5905351 17178986
1790337563.092501 W 4 lat 296 296 333 0 exe 5814 5944 8074 resp 8370 0 pmu 34547 176 307768 6469796 15803224
1790337564.140698 W 5 lat 296 462 629 0 exe 5907 9759 58759 resp 59240 0 pmu 39890 3600 346932 5904347 16747860
1790337565.088713 W 6 lat 296 592 6111 0 exe 5777 21222 266185 resp 270240 34 pmu 133302 55561 1116545 6434291 120867788
1790337566.128514 W 7 lat 296 296 407 0 exe 5796 6296 33759 resp 34166 0 pmu 42034 3494 369817 8611229 19192846
1790337567.168505 W 8 lat 296 296 407 0 exe 5777 6370 39851 resp 40185 0 pmu 43287 4049 369573 6163958 17804335
1790337568.108514 W 9 lat 277 296 462 0 exe 5814 6277 58537 resp 58981 0 pmu 41963 3198 359030 6224792 17321790
1790337569.148483 W 10 lat 296 296 425 0 exe 5814 5944 8870 resp 9166 0 pmu 33525 226 289208 6412070 15795666
1790337570.088551 W 11 lat 296 407 629 0 exe 5814 8703 57185 resp 57740 0 pmu 36853 3091 317488 5912706 16617063
1790337571.128512 W 12 lat 444 462 481 0 exe 9259 9444 12611 resp 13092 0 pmu 35176 139 311204 6412678 15639781
1790337572.064552 W 13 lat 388 462 611 0 exe 8222 9555 57722 resp 58203 0 pmu 39207 3113 339324 5987610 16630726
1790337573.104517 W 14 lat 444 462 537 0 exe 9259 9388 12833 resp 13314 0 pmu 31701 147 280532 6434574 15584547
1790337574.144551 W 15 lat 444 462 740 0 exe 9240 9759 49092 resp 49833 0 pmu 38592 2946 332883 5989899 16653276
1790337575.080509 W 16 lat 444 462 481 0 exe 9203 9370 12722 resp 13203 0 pmu 29437 124 261512 6356732 15499660
1790337576.124547 W 17 lat 444 462 537 0 exe 9240 9685 50481 resp 51018 0 pmu 34396 2807 300007 5988077 16497186
1790337577.060513 W 18 lat 444 462 481 0 exe 9259 9388 12981 resp 13462 0 pmu 30713 163 270225 6368062 15537327
1790337578.100546 W 19 lat 444 462 703 0 exe 9240 9703 52074 resp 52555 0 pmu 36529 2645 317396 5991083 16521526
1790337579.140517 W 20 lat 444 462 499 0 exe 9277 9388 11537 resp 12018 0 pmu 31332 98 272557 6384697 15544220
1790337580.076557 W 21 lat 444 462 611 0 exe 9203 9740 48777 resp 49388 0 pmu 38313 2871 328428 5976826 16627334
1790337581.116527 W 22 lat 296 425 2111 0 exe 5870 16759 187333 resp 188648 10 pmu 188197 72377 1566915 6352039 50786062
1790337582.156507 W 23 lat 296 296 388 0 exe 5814 6277 56370 resp 56666 0 pmu 44452 3050 386495 7766420 18244088
1790337583.092474 W 24 lat 296 296 333 0 exe 5814 5907 8888 resp 9185 0 pmu 31444 157 281036 6389389 15681949
1790337584.136507 W 25 lat 296 296 462 0 exe 5814 6148 60555 resp 60851 0 pmu 33488 2655 295953 5912277 16669603
1790337585.072479 W 26 lat 296 296 333 0 exe 5796 5907 8370 resp 8666 0 pmu 30120 155 267093 6430970 15683405
1790337586.112560 W 27 lat 296 333 666 0 exe 5833 7111 48240 resp 48907 0 pmu 37981 2633 327465 5907018 16645596
1790337587.152509 W 28 lat 462 462 499 0 exe 9203 9333 12740 resp 13222 0 pmu 26896 129 241088 6315794 15438728
1790337588.088551 W 29 lat 370 444 592 0 exe 7740 9370 46425 resp 46907 0 pmu 36729 2496 321173 5988286 16461742
1790337589.128509 W 30 lat 462 462 499 0 exe 9222 9388 12499 resp 12981 0 pmu 30074 173 259230 6318110 15514515
1790337590.068556 W 31 lat 444 462 870 0 exe 9296 9722 52777 resp 53388 0 pmu 37595 2620 317345 5986154 16523506
1790337591.108513 W 32 lat 444 462 499 0 exe 9222 9388 14092 resp 14574 0 pmu 30690 228 266262 6393697 15580385
1790337592.148563 W 33 lat 351 462 1574 0 exe 7481 13907 189814 resp 191111 11 pmu 94585 37881 797145 6002192 29478256
1790337593.084512 W 34 lat 444 462 592 0 exe 9240 9666 44981 resp 45462 0 pmu 35292 2394 298958 7782532 17320204
1790337594.124553 W 35 lat 444 462 481 0 exe 9259 9388 11685 resp 12148 0 pmu 30994 79 268957 6313014 15488759
1790337595.060514 W 36 lat 444 462 611 0 exe 9203 9666 47481 resp 48074 0 pmu 33827 2587 294826 5978050 16499096
1790337596.100574 W 37 lat 444 462 499 0 exe 9296 9388 11185 resp 11666 0 pmu 31251 46 276852 6338534 15490367
1790337597.140523 W 38 lat 444 462 592 0 exe 9203 9685 47166 resp 47685 0 pmu 34754 2635 304429 5973461 16489750
1790337598.076556 W 39 lat 444 462 611 0 exe 9240 9388 12703 resp 13185 0 pmu 30805 151 273349 6335073 15522283
1790337599.116537 W 40 lat 444 462 629 0 exe 9259 9666 48203 resp 48685 0 pmu 36007 2558 315438 5988783 16468092
1790337600.052511 W 41 lat 444 462 481 0 exe 9222 9370 12388 resp 12870 0 pmu 30374 87 261740 6345545 15487555
1790337601.092548 W 42 lat 444 462 648 0 exe 9259 9722 48851 resp 49314 0 pmu 39651 2523 346293 5984839 16575570
1790337602.136548 W 43 lat 444 462 499 0 exe 9222 9425 12462 resp 12944 0 pmu 32180 240 285633 6352356 15638169
1790337603.072520 W 44 lat 444 462 999 0 exe 9240 9685 48999 resp 49481 0 pmu 36236 2560 312745 5985950 16501747
1790337604.112548 W 45 lat 444 462 499 0 exe 9240 9407 11907 resp 12370 0 pmu 31921 132 276461 6355393 15560837
1790337605.048515 W 46 lat 351 462 611 0 exe 7314 9481 52148 resp 52629 0 pmu 34305 2719 295556 5980357 16520651
1790337606.088517 W 47 lat 444 462 481 0 exe 9222 9388 11018 resp 11499 0 pmu 31913 108 275406 6373750 15542773
1790337607.128553 W 48 lat 444 462 611 0 exe 9240 9759 52314 resp 52851 0 pmu 40501 2813 352351 5971246 16606946
1790337608.064515 W 49 lat 444 462 518 0 exe 9277 9425 11666 resp 12148 0 pmu 34769 69 302093 6387096 15595060
1790337609.104555 W 50 lat 444 462 611 0 exe 9240 9722 50129 resp 50740 0 pmu 37182 2732 325185 5978436 16526680
1790337610.040513 W 51 lat 444 462 481 0 exe 9259 9425 12055 resp 12537 0 pmu 33569 102 295501 6365452 15588864
1790337611.080545 W 52 lat 444 462 648 0 exe 9240 9685 46277 resp 46888 0 pmu 35982 2609 317717 5982011 16476130
1790337612.120523 W 53 lat 444 462 499 0 exe 9259 9407 12888 resp 13388 0 pmu 33038 130 292041 6327025 15544973
1790337613.056546 W 54 lat 444 462 833 0 exe 9240 9722 44574 resp 45185 0 pmu 38564 2637 339429 5990409 16547194
1790337614.096512 W 55 lat 444 462 499 0 exe 9240 9407 12370 resp 12833 0 pmu 32425 113 284368 6311127 15527203
1790337615.032540 W 56 lat 444 462 611 0 exe 9203 9740 48092 resp 48574 0 pmu 38683 2812 334577 5984893 16621206
1790337616.072511 W 57 lat 444 462 499 0 exe 9240 9407 12462 resp 12944 0 pmu 33253 98 294340 6344405 15554370
1790337617.116540 W 58 lat 444 462 592 0 exe 9240 9740 50685 resp 51203 0 pmu 39516 2654 341575 5985921 16589235
1790337618.052516 W 59 lat 444 462 481 0 exe 9240 9444 11981 resp 12462 0 pmu 34909 107 303856 6370627 15613770
1790337619.092544 W 60 lat 444 462 611 0 exe 9240 9703 43592 resp 44166 0 pmu 39472 2328 347338 5981237 16509145
1790337620.028509 W 61 lat 444 462 481 0 exe 9333 9444 13185 resp 13648 0 pmu 35911 95 309220 6299839 15579579
1790337621.068541 W 62 lat 351 462 703 0 exe 7296 9481 47777 resp 48277 0 pmu 36547 2601 319021 5993710 16551250
1790337622.108513 W 63 lat 444 462 499 0 exe 9240 9407 13370 resp 13851 0 pmu 31379 209 285841 6330581 15581707
1790337623.044541 W 64 lat 444 462 592 0 exe 9222 9685 49222 resp 49685 0 pmu 34933 2599 307956 5995041 16493441
1790337624.084513 W 65 lat 444 462 481 0 exe 9277 9407 12259 resp 12740 0 pmu 32733 89 287119 6355395 15547754
1790337625.124537 W 66 lat 444 462 666 0 exe 9222 9666 49870 resp 50351 0 pmu 35370 2549 308941 5984154 16485205
1790337626.060514 W 67 lat 444 462 481 0 exe 9203 9425 12129 resp 12611 0 pmu 34036 212 299161 6362201 15639480
1790337627.100547 W 68 lat 444 462 592 0 exe 9259 9796 46462 resp 46944 0 pmu 39788 3202 342181 5982344 16917655
1790337628.036505 W 69 lat 444 462 611 0 exe 9277 9370 12055 resp 12518 0 pmu 30032 113 268448 6328669 15471970
1790337629.096531 W 70 lat 314 1888 8592 0 exe 6129 20888 201685 resp 206148 16 pmu 80309 37529 697122 5982455 66051390
1790337630.032712 W 71 lat 296 2222 8907 0 exe 5907 15870 131407 resp 135518 4 pmu 52975 24190 471159 7987262 70758087
1790337631.084559 W 72 lat 314 3499 9462 0 exe 6944 54018 408592 resp 415111 84 pmu 124182 98244 1079740 7260040 169782083
1790337632.028612 W 73 lat 296 3351 8962 0 exe 5925 30999 122592 resp 127499 4 pmu 81033 53666 728602 10248815 114403863
1790337633.084554 W 74 lat 296 2388 7111 0 exe 5962 27981 364962 resp 368574 45 pmu 76598 47549 665973 7257420 98098073
1790337634.024563 W 75 lat 296 3277 9074 0 exe 6166 31148 119240 resp 123129 3 pmu 81891 55293 733659 9645774 117457945
1790337635.080778 W 76 lat 370 3407 8740 0 exe 6370 52555 411481 resp 416092 78 pmu 123060 95787 1071092 7221189 164166348
1790337636.036755 W 77 lat 296 3240 9296 0 exe 5944 28611 128185 resp 131462 7 pmu 74964 48366 672973 10254335 107686135
1790337637.076713 W 78 lat 296 2833 9074 0 exe 5814 34444 372907 resp 375111 35 pmu 91618 63063 805062 7294569 119181070
1790337638.020726 W 79 lat 388 3351 9018 0 exe 6018 31740 123611 resp 127981 12 pmu 82586 55582 737396 9761591 112083085
1790337639.076557 W 80 lat 333 3481 8722 0 exe 5814 50259 394314 resp 399666 61 pmu 121641 95127 1060931 7269873 158913574
1790337640.020598 W 81 lat 333 3499 10574 0 exe 5870 30037 112185 resp 115481 6 pmu 80192 52687 724544 10072256 112847598
1790337641.076705 W 82 lat 314 3481 9907 0 exe 5796 43351 306296 resp 312999 61 pmu 115448 88570 1009941 7149199 143096299
1790337642.028795 W 83 lat 296 3240 8722 0 exe 5870 32925 124018 resp 128351 15 pmu 82684 56462 735076 9170026 117723051
1790337643.076803 W 84 lat 296 3018 9314 0 exe 5777 34629 379314 resp 384351 30 pmu 91484 62151 806252 7276314 118333694
1790337644.028730 W 85 lat 314 3259 9499 0 exe 5944 29481 115888 resp 119833 8 pmu 76876 49274 691607 9842733 108217918
1790337645.088536 W 86 lat 351 3666 18703 0 exe 6018 54944 389537 resp 395537 84 pmu 125866 100200 1098165 7180588 171993380
1790337646.028844 W 87 lat 333 3555 9499 0 exe 5962 35074 128907 resp 132925 8 pmu 88965 61144 800690 10103135 125181547
1790337647.088803 W 88 lat 314 3814 9037 0 exe 6537 56240 383222 resp 388833 84 pmu 127523 101686 1117492 7340649 172232401
1790337648.028847 W 89 lat 333 3611 8851 0 exe 5833 36388 110722 resp 118277 10 pmu 88901 61194 802069 9999244 128237603
1790337649.084666 W 90 lat 314 3462 9333 0 exe 6351 45055 365537 resp 370351 53 pmu 109345 81626 961471 7179339 146484230
1790337650.024749 W 91 lat 296 3148 9722 0 exe 5907 26388 126944 resp 131259 8 pmu 73658 46546 663015 9761309 104220787
1790337651.072767 W 92 lat 351 3296 9925 0 exe 5870 49685 402944 resp 408203 77 pmu 116287 89465 1009825 7277755 156329797
1790337652.024840 W 93 lat 314 2925 8925 0 exe 5833 25685 103999 resp 108370 4 pmu 71543 43072 642850 10160807 102001339
1790337653.080778 W 94 lat 296 3240 8629 0 exe 5814 44018 380537 resp 386222 78 pmu 109695 81650 960087 7039502 142620271
1790337654.032807 W 95 lat 296 3333 8666 0 exe 6222 32574 119833 resp 123462 11 pmu 83947 55714 752713 9902931 116140350
1790337655.088616 W 96 lat 314 3407 8777 0 exe 6314 52574 411722 resp 416481 77 pmu 120096 93543 1047781 7231368 168912258
1790337656.032831 W 97 lat 425 3185 9203 0 exe 5851 30518 115888 resp 119592 10 pmu 80486 53185 719211 10257285 111335927
1790337657.084611 W 98 lat 314 2814 8148 0 exe 5870 39574 406499 resp 410499 65 pmu 102722 73986 893838 7182618 128235909
1790337658.032837 W 99 lat 296 3240 8481 0 exe 6740 32833 125685 resp 129499 5 pmu 89195 61099 799595 10127835 122682012
1790337659.080675 W 100 lat 296 2462 9148 0 exe 6240 28055 380574 resp 386981 45 pmu 82866 53251 719483 7293194 98832713
1790337660.028822 W 101 lat 296 3129 9518 0 exe 5870 27388 118648 resp 121388 3 pmu 78845 50467 706880 9827951 107227994
1790337661.080648 W 102 lat 296 2444 14833 0 exe 5944 19981 369870 resp 376129 20 pmu 64861 33092 584664 7190448 77429606
1790337662.036753 W 103 lat 296 3092 9833 0 exe 6222 32370 262611 resp 265444 15 pmu 95120 65441 836469 9706757 119418160
1790337663.084860 W 104 lat 296 2851 10259 0 exe 6074 24999 169981 resp 173703 14 pmu 68732 39821 616393 8658560 90470852
1790337664.032780 W 105 lat 370 3555 9592 0 exe 5944 49018 411925 resp 418592 69 pmu 120941 93328 1060569 7700265 162006795
1790337665.088767 W 106 lat 296 3092 8222 0 exe 5851 26592 115444 resp 118944 7 pmu 73782 44673 668171 10254229 101043279
1790337666.036767 W 107 lat 333 2537 8407 0 exe 6259 28351 384074 resp 386740 39 pmu 81832 50778 719876 7151479 99629295
1790337667.092620 W 108 lat 314 3351 10629 0 exe 6092 31407 141333 resp 146833 18 pmu 81744 54279 735850 9842910 115243306
1790337668.036813 W 109 lat 370 3259 8499 0 exe 5796 40833 371166 resp 375574 59 pmu 101449 72955 895268 7459081 134203618
1790337669.088710 W 110 lat 462 3481 9814 0 exe 5907 29111 105740 resp 110166 4 pmu 78919 50001 713606 9786857 109380908
1790337670.040853 W 111 lat 351 3574 8759 0 exe 5999 54555 413499 resp 420185 89 pmu 131003 101894 1147573 7082683 174191988
1790337671.088718 W 112 lat 518 3425 9351 0 exe 5814 34759 183037 resp 186129 20 pmu 88302 61155 790374 10294011 122482690
1790337672.036814 W 113 lat 296 3611 10351 0 exe 6055 51462 412222 resp 417444 60 pmu 121960 94913 1065769 7874449 162071318
1790337673.096830 W 114 lat 296 3759 10129 0 exe 6166 36314 122277 resp 127462 5 pmu 91805 64767 824833 10266444 127101486
1790337674.040865 W 115 lat 388 3925 11166 0 exe 6296 59907 405722 resp 411240 101 pmu 135656 110039 1185145 7291575 185251510
1790337675.088854 W 116 lat 574 4018 10314 0 exe 6203 41518 166999 resp 169796 19 pmu 99434 74164 891189 10252547 143841564
1790337676.040753 W 117 lat 333 3833 9111 0 exe 6203 60518 424685 resp 428925 101 pmu 139431 112619 1213494 7756705 184973476
1790337677.096665 W 118 lat 296 3685 9277 0 exe 5814 35037 116759 resp 120425 8 pmu 87721 60545 785983 10427409 121580681
1790337678.052759 W 119 lat 333 3648 10833 0 exe 5962 44444 329907 resp 333851 67 pmu 120401 93202 1054401 7215899 147984791
1790337679.104806 W 120 lat 296 3574 8925 0 exe 6111 34222 117555 resp 122240 13 pmu 86462 58494 778465 9404181 120811614
1790337680.048788 W 121 lat 333 3814 9351 0 exe 6981 54870 416129 resp 421851 84 pmu 127138 99440 1117951 7223956 173626504
1790337681.092817 W 122 lat 388 3648 9333 0 exe 5999 33944 106092 resp 109944 3 pmu 84012 56335 758646 10325917 117412239
1790337682.040880 W 123 lat 351 3370 9648 0 exe 6759 48648 412944 resp 418444 88 pmu 117513 89599 1022667 7106205 159799506
1790337683.092744 W 124 lat 314 3462 9277 0 exe 5851 35703 197129 resp 200407 18 pmu 89040 62714 795822 10260227 121612148
1790337684.040870 W 125 lat 611 3999 9425 0 exe 7037 58685 398129 resp 403777 65 pmu 137163 111884 1200321 8020013 185053477
1790337685.100797 W 126 lat 296 3796 8666 0 exe 6370 37740 196018 resp 198166 24 pmu 92487 65223 833660 10167673 128402258
1790337686.056877 W 127 lat 481 3870 8611 0 exe 5888 58351 400333 resp 406574 83 pmu 131908 105654 1156224 8014867 184486277
1790337687.105232 W 128 lat 314 3907 9351 0 exe 6166 41611 190685 resp 196037 18 pmu 99835 74684 890928 10179852 140998030
1790337688.044611 W 129 lat 370 3944 9148 0 exe 5851 60203 398037 resp 401518 111 pmu 139782 113184 1222832 7999932 191659468
1790337689.092516 W 130 lat 296 1499 9148 0 exe 5796 17296 148796 resp 153425 8 pmu 59601 24600 530761 10154677 63043259
1790337690.028502 W 131 lat 296 296 388 0 exe 5796 6166 45481 resp 45796 0 pmu 38812 2134 348069 7440470 17614098
1790337691.072750 W 132 lat 296 1703 5759 0 exe 5851 54148 209888 resp 212240 211 pmu 175209 132928 1503545 6280611 146019266
1790337692.008746 W 133 lat 648 2999 6296 0 exe 44555 100944 326944 resp 332259 433 pmu 313008 265291 2669058 8209953 272131778
1790337693.048747 W 134 lat 1629 2981 6203 0 exe 54777 94296 160314 resp 163148 404 pmu 288035 241375 2464725 9833920 255588827
1790337694.088734 W 135 lat 1259 2981 6259 0 exe 31222 100462 326037 resp 330018 427 pmu 309498 261194 2648652 8177525 271123545
1790337695.024742 W 136 lat 1425 2962 6296 0 exe 30277 93111 152481 resp 155277 382 pmu 285702 238964 2448645 9751757 252303324
1790337696.068771 W 137 lat 592 2962 6629 0 exe 56462 103999 311851 resp 315203 469 pmu 317069 269438 2707392 7970092 279716052
1790337697.004752 W 138 lat 1296 2999 5481 0 exe 37388 91555 150537 resp 152962 362 pmu 285396 238898 2452722 9749140 248701154
1790337698.044747 W 139 lat 1425 2962 6148 0 exe 35574 99999 315592 resp 318944 409 pmu 309093 260223 2641464 7971869 270013169
1790337699.088742 W 140 lat 1425 3018 6518 0 exe 54166 94925 159685 resp 163037 414 pmu 290908 243742 2491832 9663976 257269626
1790337700.024675 W 141 lat 1555 2981 5685 0 exe 54962 94666 313351 resp 317277 376 pmu 291091 243364 2497932 8174536 255833500
1790337701.064728 W 142 lat 518 2944 5981 0 exe 33037 98462 308222 resp 311981 424 pmu 303038 256821 2587716 9713246 266350197
1790337702.008671 W 143 lat 574 2962 5685 0 exe 33499 171314 350055 resp 353481 842 pmu 546480 487963 4572502 9567664 458873781
1790337703.060787 W 144 lat 611 2907 5648 0 exe 52888 140074 344944 resp 348722 588 pmu 448976 396940 3775866 10349246 378694164
1790337704.100740 W 145 lat 999 2999 5592 0 exe 30462 91314 160499 resp 163018 348 pmu 281282 234235 2412950 10239638 248239758
1790337705.036759 W 146 lat 1333 2999 7055 0 exe 38314 102796 304018 resp 306888 460 pmu 314049 266073 2681179 8035209 276703102
1790337706.076745 W 147 lat 555 2962 5944 0 exe 45981 92203 154870 resp 157203 398 pmu 286226 239472 2453595 9577624 249902604
1790337707.012745 W 148 lat 1277 3074 6388 0 exe 54277 101240 331555 resp 334925 400 pmu 313470 264455 2674255 8059317 273185577
1790337708.052756 W 149 lat 1425 2962 6833 0 exe 35944 92333 143388 resp 146962 381 pmu 285058 237211 2448479 9924380 250669874
1790337709.092702 W 150 lat 1444 3018 5481 0 exe 56555 104129 306999 resp 310777 479 pmu 317158 269271 2707579 7910190 280088626
1790337710.028756 W 151 lat 1499 2981 5611 0 exe 54351 93537 192055 resp 195981 408 pmu 286869 239726 2462088 9702757 253518131
1790337711.072656 W 152 lat 592 2907 6222 0 exe 28981 99814 303703 resp 307499 397 pmu 308893 260804 2629228 8490799 269060316
1790337712.004771 W 153 lat 1351 2999 6425 0 exe 32981 91629 152333 resp 155740 367 pmu 282375 235830 2422130 9509097 248460197
1790337713.044757 W 154 lat 1481 2999 5592 0 exe 58370 101777 307370 resp 309981 459 pmu 311189 263705 2662535 7978143 274454281
1790337714.084711 W 155 lat 1074 2944 5444 0 exe 29851 92833 171333 resp 174759 387 pmu 284810 237721 2443980 9698611 251801093
1790337715.024757 W 156 lat 1333 2999 6796 0 exe 36962 90907 147425 resp 150370 360 pmu 280273 233113 2405833 8151723 245703962
1790337716.064779 W 157 lat 462 2981 6888 0 exe 58296 93148 170703 resp 173333 370 pmu 285376 238396 2441601 7944569 251202336
1790337717.000791 W 158 lat 1370 3018 6277 0 exe 55592 91685 159888 resp 163222 351 pmu 285522 239148 2445782 8289599 247985250
1790337718.060746 W 159 lat 1074 2962 5648 0 exe 35166 92888 177259 resp 180148 392 pmu 286262 238536 2452072 8165970 251064972
1790337719.004736 W 160 lat 1425 2999 5962 0 exe 54740 92851 165999 resp 168351 366 pmu 286449 238356 2455973 8236357 250997239
1790337720.068730 W 161 lat 1555 2962 5462 0 exe 54814 93796 153851 resp 156981 415 pmu 286856 240954 2456632 8222540 253182624
1790337721.036757 W 162 lat 1148 3018 5703 0 exe 27833 91796 158851 resp 161833 354 pmu 281770 234579 2419636 8107652 247840146
1790337722.092751 W 163 lat 499 2925 7351 0 exe 30370 91499 167425 resp 171777 351 pmu 286859 239162 2456366 8011453 247278917
1790337723.048756 W 164 lat 1537 2999 5777 0 exe 55407 93111 158981 resp 162777 393 pmu 286292 239728 2462805 8120016 251662989
1790337724.100755 W 165 lat 1444 2981 5999 0 exe 30537 91833 163370 resp 166074 378 pmu 282753 235719 2425479 8163691 248362171
1790337725.048735 W 166 lat 1444 2981 5814 0 exe 28740 91481 166425 resp 168592 351 pmu 283223 235051 2428615 8071837 247380928
1790337726.092742 W 167 lat 1537 2999 5666 0 exe 59777 94703 160037 resp 164499 407 pmu 289325 242969 2474562 8087985 255392224
1790337727.036780 W 168 lat 1462 2962 5759 0 exe 54481 94240 168444 resp 170888 407 pmu 286361 240218 2452784 8207025 254119798
1790337728.092752 W 169 lat 444 2962 6259 0 exe 27851 90148 185703 resp 189907 337 pmu 281889 235250 2414751 8251594 243892126
1790337729.028735 W 170 lat 1222 2999 5777 0 exe 30314 91462 173555 resp 176851 347 pmu 282242 234964 2416472 8276845 247478193
1790337730.068771 W 171 lat 1462 2999 5944 0 exe 58388 93444 172185 resp 175870 391 pmu 287014 240144 2459920 8171676 252503056
1790337731.012666 W 172 lat 1296 2962 5833 0 exe 29907 93944 167018 resp 170166 399 pmu 287736 240581 2465797 8312100 253711355
1790337732.052759 W 173 lat 870 3018 6870 0 exe 31444 92666 184648 resp 189259 379 pmu 285736 237753 2447264 8116314 250214707
1790337733.092755 W 174 lat 1351 3055 6037 0 exe 56666 92648 165888 resp 170574 359 pmu 283230 236644 2421879 8304456 250286786
1790337734.032758 W 175 lat 518 2944 5592 0 exe 27962 92499 171555 resp 174407 349 pmu 288465 241823 2466309 8241713 249961732
1790337735.072764 W 176 lat 1296 2944 5296 0 exe 37833 92037 152814 resp 156222 376 pmu 283561 236133 2432770 8138044 248753128
1790337736.008745 W 177 lat 1296 2925 6203 0 exe 30648 91870 189999 resp 192833 351 pmu 283112 237010 2426737 8002771 248339029
1790337737.048746 W 178 lat 1425 2999 5870 0 exe 58388 94111 166185 resp 169796 390 pmu 287768 240731 2462534 8339465 254152865
1790337738.088763 W 179 lat 1148 2962 5537 0 exe 34703 92722 156462 resp 159592 398 pmu 285566 237633 2444536 8254661 250535279
1790337739.028748 W 180 lat 1092 2944 5740 0 exe 31851 93407 159333 resp 161944 397 pmu 285836 238722 2448056 8026472 252013058
1790337740.080742 W 181 lat 499 2981 6592 0 exe 46203 91018 169870 resp 173722 354 pmu 282844 235769 2421793 8041991 246188506
1790337741.024801 W 182 lat 1203 2981 6592 0 exe 30333 91759 180388 resp 182925 372 pmu 284831 237525 2440881 8214944 248230879
1790337742.088769 W 183 lat 1166 2981 5981 0 exe 42611 93018 155166 resp 159277 413 pmu 285808 238527 2450047 8241505 251443258
1790337743.048721 W 184 lat 1518 3018 5685 0 exe 29333 92648 172074 resp 174981 381 pmu 284178 236970 2432790 8061503 250373536
1790337744.004734 W 185 lat 1407 2981 6462 0 exe 55240 92425 150537 resp 153407 355 pmu 284822 236986 2437966 8156789 249783567
1790337745.052766 W 186 lat 981 2981 5592 0 exe 32166 93759 171703 resp 174648 408 pmu 286982 239590 2454923 8073127 253021551
1790337746.092742 W 187 lat 1444 3018 6370 0 exe 41685 94092 159648 resp 163111 405 pmu 286281 239892 2451648 8169817 253703432
1790337747.032775 W 188 lat 537 2999 6111 0 exe 49314 91148 169574 resp 171388 346 pmu 285563 239105 2443564 8107270 246470032
1790337748.072768 W 189 lat 1388 2999 5777 0 exe 37092 92462 151351 resp 154092 366 pmu 286067 238562 2463604 8215871 250237302
1790337749.012753 W 190 lat 1407 3074 6259 0 exe 57925 94388 177944 resp 180759 404 pmu 289500 242319 2490724 7986531 254928356
1790337750.052770 W 191 lat 1203 2999 5999 0 exe 40314 93759 170499 resp 173481 416 pmu 287962 240443 2478054 8369542 253494900
1790337751.000520 W 192 lat 296 1537 5648 0 exe 5796 52648 289425 resp 292740 221 pmu 211640 151439 1804681 8201434 147059606
1790337752.040477 W 193 lat 296 296 333 0 exe 5814 5962 8185 resp 8481 0 pmu 36038 132 324379 8999727 17363109
1790337753.080506 W 194 lat 296 296 1425 0 exe 5814 7444 65814 resp 66333 0 pmu 63838 13644 555920 5905607 22271940
1790337754.016513 W 195 lat 296 370 481 0 exe 5833 7518 10333 resp 10796 0 pmu 35850 156 320092 6496052 15816625
1790337754.694668 Closing cell "rt-bench"
1790337754.694757 [MG] Initializing memguard on CPU 3
1790337754.694793 [SMMUv2] Exiting SMMUv2 on cell 1
1790337754.694859 [COL] Colored OP 1: PHYS 0x30000000 -> VIRT 0x00000000 (SIZE: 0x00400000, COL: 0x000000ff, extra: 0x0000000000000000)
1790337754.694891 [COL] Result: 0
1790337754.694954 [COL] Colored OP 4: PHYS 0x30000000 -> VIRT 0x00000000 (SIZE: 0x00400000, COL: 0x000000ff, extra: 0x0000000000000001)
1790337754.695013 [COL] Result: 0
1790337754.695059 Page pool usage after cell destruction: mem 85/4061, remap 5/131072
1790337754.695092 [MG] Initializing memguard on CPU 3
1790337754.695124 [MG] Initializing memguard on CPU 3
1790337754.695155 [MG] Initializing memguard on CPU 3
1790337754.695180 Created cell "rt-bench"
1790337754.695222 Page pool usage after cell creation: mem 94/4061, remap 5/131072
