1790939489.378096 <missed 74644 bytes of console log>
1790939489.378186  4139624 41694405
1790939489.378241 W 668 lat 574 574 685 0 exe 13870 14796 16111 resp 16796 0 pmu 784580 13178 6345076 4139723 37364211
1790939489.378299 W 669 lat 574 574 1351 0 exe 13796 16240 95611 resp 96444 0 pmu 786603 28853 6366379 4139661 42047405
1790939489.378353 W 670 lat 574 574 722 0 exe 13796 14796 16629 resp 17222 0 pmu 785003 13236 6349444 4139657 37405286
1790939489.378408 W 671 lat 574 574 944 0 exe 13870 16111 106277 resp 107037 1 pmu 787880 27361 6375201 4139624 41806273
1790939489.378461 W 672 lat 574 574 685 0 exe 13870 14814 16074 resp 16666 0 pmu 784819 13229 6349628 4139690 37464486
1790939489.378515 W 673 lat 574 574 1111 0 exe 14074 18037 93777 resp 94462 0 pmu 787286 48752 6370059 4139624 46488917
1790939489.378568 W 674 lat 574 574 722 0 exe 13907 14907 18333 resp 18944 0 pmu 785511 14492 6356453 4139657 37582924
1790939489.378621 W 675 lat 574 574 1092 0 exe 13870 16518 94166 resp 94981 0 pmu 786259 31856 6362562 4139624 43203731
1790939489.378675 W 676 lat 574 574 1092 0 exe 13296 15462 90388 resp 91481 0 pmu 785950 20477 6358792 4139657 39745790
1790939489.378728 W 677 lat 574 574 944 0 exe 13240 14592 90537 resp 91481 0 pmu 787891 10887 6376433 4139657 36865297
1790939489.378751 Closing cell "zephyr"
1790939489.378777 [MG] Initializing memguard on CPU 3
1790939489.378803 [SMMUv2] Exiting SMMUv2 on cell 1
1790939489.378844 Page pool usage after cell destruction: mem 89/4061, remap 5/131072
1790939489.378872 [MG] Initializing memguard on CPU 3
1790939489.378899 [MG] Initializing memguard on CPU 3
1790939489.378957 [COL] Colored OP 0: PHYS 0x30000000 -> VIRT 0x30000000 (SIZE: 0x00800000, COL: 0x000000ff, extra: 0x0000000000000000)
1790939489.378979 [COL] Result: 0
1790939489.379006 [MG] Initializing memguard on CPU 3
1790939489.379027 Created cell "zephyr"
1790939489.379065 Page pool usage after cell creation: mem 108/4061, remap 5/131072
1790939489.379124 [COL] Colored OP 3: PHYS 0x30000000 -> VIRT 0x30000000 (SIZE: 0x00800000, COL: 0x000000ff, extra: 0x0000000000000000)
1790939489.379153 [MG] Initializing memguard on CPU 3
1790939489.379172 [COL] Result: 0
1790939489.379195 Cell "zephyr" can be loaded
1790939489.379254 [COL] Colored OP 2: PHYS 0x30000000 -> VIRT 0x30000000 (SIZE: 0x00800000, COL: 0x000000ff, extra: 0x0000000000000000)
1790939489.379275 [COL] Result: 0
1790939489.379333 [COL] Colored OP 4: PHYS 0x30000000 -> VIRT 0x30000000 (SIZE: 0x00800000, COL: 0x000000ff, extra: 0x0000000000000001)
1790939489.379354 [COL] Result: 0
1790939489.379375 Started cell "zephyr"
1790939489.379401 [MG] Initializing memguard on CPU 3
1790939489.480490 *** Booting Zephyr OS build f0bdf59a0b7d ***
1790939489.480574 rt-bench (zephyr): ws 768 KB, 1024 loads/period, window 1000, period 1000 us
1790939490.416510 W 0 lat 611 888 4314 0 exe 26444 38388 134888 resp 136148 47 pmu 1024196 136409 8281131 4137163 61496536
1790939491.456468 W 1 lat 574 574 1185 0 exe 18666 24537 138685 resp 139870 5 pmu 1024450 82366 8289069 4139756 60125345
1790939492.392491 W 2 lat 574 574 796 0 exe 18370 23574 137037 resp 137740 9 pmu 1024446 71395 8288521 4139690 58291461
1790939493.432477 W 3 lat 574 574 611 0 exe 18592 22851 92111 resp 92703 0 pmu 1024462 63957 8289553 4139657 56188994
1790939494.472488 W 4 lat 574 574 777 0 exe 18574 23888 117388 resp 118129 10 pmu 1024409 75397 8279827 4139591 59041377
1790939495.408465 W 5 lat 574 574 592 0 exe 18222 21833 70981 resp 71555 0 pmu 1024451 52204 8284705 4139690 53715433
1790939496.448487 W 6 lat 574 574 1000 0 exe 18666 27314 126240 resp 127074 33 pmu 1024354 113847 8286252 4139591 68246550
1790939497.488465 W 7 lat 574 574 592 0 exe 18592 22074 65518 resp 66092 0 pmu 1024539 54924 8288273 4139756 54260921
1790939498.424490 W 8 lat 574 574 981 0 exe 18388 23407 124722 resp 125444 9 pmu 1024470 69708 8283742 4139591 57850038
1790939499.464465 W 9 lat 574 574 666 0 exe 18425 21611 52240 resp 52814 0 pmu 1024522 49230 8285109 4139657 53139676
1790939500.400489 W 10 lat 574 574 907 0 exe 18185 23574 111222 resp 111925 9 pmu 1024483 72193 8285497 4139591 58287773
1790939501.440463 W 11 lat 574 574 592 0 exe 18648 21277 57370 resp 57944 0 pmu 1024579 45454 8288673 4139690 52339635
1790939502.484494 W 12 lat 574 574 851 0 exe 18462 23759 125703 resp 126277 10 pmu 1024451 74039 8287595 4139624 58787539
1790939503.420460 W 13 lat 574 574 611 0 exe 18648 21555 47703 resp 48277 0 pmu 1024478 48524 8288221 4139723 52989621
1790939504.460491 W 14 lat 574 574 833 0 exe 18629 23407 118111 resp 118944 9 pmu 1024444 69909 8282601 4139624 57899500
1790939505.396463 W 15 lat 574 574 592 0 exe 18500 21296 51185 resp 51759 0 pmu 1024511 45977 8288483 4139690 52389796
1790939506.436491 W 16 lat 574 574 888 0 exe 18425 23277 122111 resp 122703 9 pmu 1024435 68424 8286231 4139624 57558623
1790939507.476465 W 17 lat 574 574 685 0 exe 18611 21666 53870 resp 54462 0 pmu 1024488 49814 8286820 4139690 53278928
1790939508.412489 W 18 lat 574 574 888 0 exe 18425 23574 113425 resp 114166 10 pmu 1024469 71808 8286052 4139624 58303980
1790939509.452463 W 19 lat 574 574 592 0 exe 18351 21222 49425 resp 50000 0 pmu 1024415 44794 8280432 4139723 52217733
1790939510.492490 W 20 lat 574 574 777 0 exe 18574 23074 124759 resp 125370 8 pmu 1024430 65585 8279093 4139624 57094025
1790939511.428465 W 21 lat 574 574 592 0 exe 18407 21740 49925 resp 50518 0 pmu 1024468 50872 8289204 4139690 53432130
1790939512.468491 W 22 lat 574 574 777 0 exe 18425 23592 125555 resp 126203 9 pmu 1024509 71578 8283357 4139624 58318026
1790939513.404467 W 23 lat 574 574 592 0 exe 18444 21555 51444 resp 52018 0 pmu 1024385 48715 8288963 4139690 53025040
1790939514.448490 W 24 lat 574 574 907 0 exe 18333 23666 115537 resp 116370 9 pmu 1024395 72940 8285147 4139624 58486079
1790939515.488464 W 25 lat 574 574 611 0 exe 18444 21537 53537 resp 54129 0 pmu 1024455 48422 8288340 4139690 52960364
1790939516.428490 W 26 lat 574 574 962 0 exe 18537 23277 116537 resp 117240 8 pmu 1024343 68429 8282580 4139624 57525742
1790939517.468461 W 27 lat 574 574 592 0 exe 18462 21166 53870 resp 54444 0 pmu 1024505 44434 8287230 4139690 52052787
1790939518.404497 W 28 lat 574 574 1111 0 exe 18129 23074 122092 resp 122703 8 pmu 1024460 66343 8287350 4139624 57050274
1790939519.444466 W 29 lat 574 574 592 0 exe 18333 22388 55240 resp 55833 0 pmu 1024466 58566 8288808 4139723 55016032
1790939520.484487 W 30 lat 574 574 722 0 exe 18444 23555 117592 resp 118277 9 pmu 1024446 71908 8287292 4139624 58209593
1790939521.420464 W 31 lat 574 574 611 0 exe 18370 21370 53629 resp 54222 0 pmu 1024560 46686 8286538 4139690 52541546
1790939522.460486 W 32 lat 574 574 796 0 exe 18370 23611 115277 resp 115962 10 pmu 1024466 72384 8284657 4139624 58376895
1790939523.396462 W 33 lat 574 574 592 0 exe 18629 21666 48444 resp 49018 0 pmu 1024577 50106 8292828 4139723 53253162
1790939524.436497 W 34 lat 574 574 740 0 exe 18203 23444 121740 resp 122370 9 pmu 1024406 70417 8276388 4139624 57961501
1790939525.476463 W 35 lat 574 574 611 0 exe 18407 21407 52814 resp 53407 0 pmu 1024431 47451 8291241 4139690 52653616
1790939526.412502 W 36 lat 574 574 814 0 exe 18351 23129 117203 resp 118018 9 pmu 1024466 66805 8286405 4139624 57154405
1790939527.452462 W 37 lat 574 574 611 0 exe 18666 21629 49740 resp 50333 0 pmu 1024506 49678 8288197 4139690 53184622
1790939528.492488 W 38 lat 574 574 1148 0 exe 18462 22814 127129 resp 127703 9 pmu 1024338 62897 8284726 4139624 56460311
1790939529.428467 W 39 lat 574 574 592 0 exe 18518 21777 47777 resp 48351 0 pmu 1024394 51308 8286356 4139723 53525821
1790939530.468490 W 40 lat 574 574 2333 0 exe 18648 22814 129148 resp 130018 9 pmu 1024378 63022 8282559 4139661 56398935
1790939531.404464 W 41 lat 574 574 592 0 exe 18166 21814 50777 resp 51351 0 pmu 1024534 51779 8288552 4139723 53626205
1790939532.444497 W 42 lat 555 574 814 0 exe 18481 22888 117018 resp 117592 9 pmu 1024426 64319 8291532 4139624 56619161
1790939533.484463 W 43 lat 574 574 611 0 exe 18314 21500 56000 resp 56592 0 pmu 1024427 48335 8283514 4139690 52868909
1790939534.420497 W 44 lat 574 574 740 0 exe 18592 22277 113518 resp 114259 9 pmu 1024501 57384 8291791 4139624 55171542
1790939535.460464 W 45 lat 574 574 703 0 exe 18277 22611 69018 resp 69611 0 pmu 1024628 61483 8293600 4139690 55566684
1790939536.400491 W 46 lat 574 574 870 0 exe 18166 21851 123870 resp 124740 8 pmu 1024340 51761 8286339 4139624 54083626
1790939537.440463 W 47 lat 574 574 592 0 exe 18277 21925 94740 resp 95314 0 pmu 1024443 53283 8285468 4139690 53896006
1790939538.480498 W 48 lat 574 574 870 0 exe 18203 21685 112740 resp 113333 7 pmu 1024487 50272 8290079 4139624 53700006
1790939539.416463 W 49 lat 574 574 592 0 exe 18629 23129 101129 resp 101703 2 pmu 1024487 67027 8284452 4139690 56783315
1790939540.456494 W 50 lat 555 574 648 0 exe 18296 21037 99166 resp 99814 0 pmu 1024471 42826 8286577 4139690 51837572
1790939541.392484 W 51 lat 574 574 740 0 exe 18407 23240 119370 resp 119981 8 pmu 1024489 68191 8281973 4139624 57361997
1790939542.432497 W 52 lat 574 574 648 0 exe 18166 21351 53962 resp 54555 0 pmu 1024541 46720 8286576 4139690 52487104
1790939543.472467 W 53 lat 574 574 722 0 exe 18407 24611 123537 resp 124259 8 pmu 1024422 83923 8284956 4139624 60865640
1790939544.408498 W 54 lat 574 574 592 0 exe 18277 21055 56537 resp 57111 0 pmu 1024337 43274 8284921 4139690 51816353
1790939545.448466 W 55 lat 574 574 759 0 exe 18407 23259 112796 resp 113555 8 pmu 1024339 68272 8286885 4139624 57491027
1790939546.488495 W 56 lat 574 574 648 0 exe 18129 20814 38055 resp 38629 0 pmu 1024416 40320 8285491 4139690 51216605
1790939547.424463 W 57 lat 574 574 759 0 exe 18444 24148 118629 resp 119222 9 pmu 1024488 78405 8286578 4139624 59650923
1790939548.468494 W 58 lat 574 574 592 0 exe 17777 20833 39370 resp 39962 0 pmu 1024474 40425 8285231 4139690 51257819
1790939549.404465 W 59 lat 574 574 1074 0 exe 18703 23574 122000 resp 123074 8 pmu 1024441 71773 8286062 4139624 58243736
1790939550.444495 W 60 lat 574 574 611 0 exe 18574 21203 53222 resp 53796 0 pmu 1024533 44729 8284543 4139723 52153565
1790939551.484466 W 61 lat 574 574 1018 0 exe 18555 23907 113277 resp 113962 9 pmu 1024528 75939 8292655 4139624 59080276
1790939552.420463 W 62 lat 574 574 592 0 exe 18425 21166 40740 resp 41333 0 pmu 1024554 44707 8288733 4139723 52078064
1790939553.460486 W 63 lat 574 574 814 0 exe 18666 23203 113574 resp 114222 9 pmu 1024322 67511 8285957 4139624 57407154
1790939554.396463 W 64 lat 574 574 611 0 exe 18185 20888 46907 resp 47481 0 pmu 1024492 41052 8288228 4139690 51384513
1790939555.436486 W 65 lat 574 574 888 0 exe 18462 24314 125851 resp 126740 9 pmu 1024447 80204 8284669 4139624 60038539
1790939556.476502 W 66 lat 574 574 592 0 exe 18407 21277 60351 resp 60925 0 pmu 1024562 45723 8291073 4139690 52332390
1790939557.412466 W 67 lat 574 574 1000 0 exe 18777 23685 115907 resp 116666 9 pmu 1024519 73069 8285932 4139624 58542954
1790939558.452500 W 68 lat 574 574 592 0 exe 18203 20833 38240 resp 38833 0 pmu 1024600 40676 8286718 4139723 51265845
1790939559.492469 W 69 lat 574 574 740 0 exe 18518 23648 119074 resp 119796 9 pmu 1024458 72470 8284729 4139624 58442615
1790939560.428461 W 70 lat 574 574 592 0 exe 18611 21296 41277 resp 41851 0 pmu 1024516 46295 8291200 4139690 52388451
1790939561.468484 W 71 lat 574 574 1074 0 exe 18277 23462 124222 resp 125296 11 pmu 1024414 70644 8287363 4139624 58010987
1790939562.404465 W 72 lat 574 574 592 0 exe 18351 21037 46296 resp 46888 0 pmu 1024498 42836 8287062 4139756 51762491
1790939563.444484 W 73 lat 574 574 833 0 exe 18481 23870 128518 resp 129333 8 pmu 1024541 75036 8292093 4139624 58995505
1790939564.484552 W 74 lat 574 574 611 0 exe 18222 21166 47222 resp 47814 0 pmu 1024560 44535 8288204 4139690 52071914
1790939565.420467 W 75 lat 574 574 759 0 exe 18092 23592 115777 resp 116444 9 pmu 1024480 72392 8282129 4139624 58356771
1790939566.460462 W 76 lat 574 574 592 0 exe 18462 20722 39129 resp 39703 0 pmu 1024498 39195 8284015 4139690 50973149
1790939567.396487 W 77 lat 574 574 1111 0 exe 18333 23574 123870 resp 124518 9 pmu 1024451 71863 8286228 4139624 58323950
1790939568.436464 W 78 lat 574 574 592 0 exe 18740 21111 47055 resp 47648 0 pmu 1024530 43701 8285009 4139723 51910224
1790939569.476486 W 79 lat 574 574 888 0 exe 18537 23259 130629 resp 131518 8 pmu 1024491 68371 8292303 4139624 57511280
1790939570.412465 W 80 lat 574 574 611 0 exe 18277 21314 45240 resp 45814 0 pmu 1024481 46055 8289346 4139690 52413252
1790939571.452485 W 81 lat 574 574 888 0 exe 18259 23555 115907 resp 116518 9 pmu 1024487 71807 8292656 4139624 58191671
1790939572.492590 W 82 lat 574 574 592 0 exe 18537 21166 51555 resp 52148 0 pmu 1024501 44376 8285488 4139690 52087061
1790939573.428485 W 83 lat 574 574 722 0 exe 18166 23314 113888 resp 114481 9 pmu 1024350 69045 8284448 4139624 57692094
1790939574.468464 W 84 lat 574 574 611 0 exe 18148 21129 55962 resp 56537 0 pmu 1024340 44015 8282119 4139690 51969441
1790939575.404488 W 85 lat 574 574 981 0 exe 18592 23222 116092 resp 116685 9 pmu 1024423 67803 8282539 4139624 57396752
1790939576.444463 W 86 lat 574 574 592 0 exe 18314 21259 57925 resp 58518 0 pmu 1024487 45591 8283740 4139690 52285673
1790939577.484485 W 87 lat 574 574 796 0 exe 18370 23203 122148 resp 122944 8 pmu 1024405 67582 8285566 4139624 57408070
1790939578.420468 W 88 lat 574 574 592 0 exe 18388 21333 51796 resp 52388 0 pmu 1024421 46248 8286062 4139690 52483812
1790939579.460484 W 89 lat 574 574 814 0 exe 18314 23648 123685 resp 124407 8 pmu 1024472 72569 8283239 4139624 58421338
1790939580.396465 W 90 lat 574 574 592 0 exe 18500 21092 49388 resp 49962 0 pmu 1024478 43432 8285148 4139690 51889352
1790939581.436487 W 91 lat 574 574 1000 0 exe 18518 23555 125166 resp 125833 9 pmu 1024355 71310 8282571 4139624 58193589
1790939582.476464 W 92 lat 555 574 592 0 exe 18370 21518 55648 resp 56240 0 pmu 1024430 48171 8284679 4139723 52894737
1790939583.416487 W 93 lat 574 574 796 0 exe 18759 24240 119314 resp 120111 10 pmu 1024478 79818 8287957 4139624 59931328
1790939584.456467 W 94 lat 574 574 592 0 exe 18555 21592 51296 resp 51888 0 pmu 1024488 48937 8282725 4139723 53082065
1790939585.392486 W 95 lat 574 574 777 0 exe 18555 23518 121592 resp 122296 9 pmu 1024523 71422 8286128 4139624 58134618
1790939586.432462 W 96 lat 574 574 592 0 exe 18500 21462 50685 resp 51259 0 pmu 1024439 47784 8281677 4139690 52776206
1790939587.472485 W 97 lat 574 574 685 0 exe 18296 23666 130629 resp 131203 9 pmu 1024415 71958 8285559 4139624 58443747
1790939588.408463 W 98 lat 574 574 592 0 exe 18370 21148 51611 resp 52203 0 pmu 1024404 43965 8283560 4139690 52009211
1790939589.448487 W 99 lat 574 574 925 0 exe 18407 23425 114759 resp 115351 10 pmu 1024479 70018 8281430 4139624 57864500
1790939590.488469 W 100 lat 574 574 611 0 exe 18481 21462 51240 resp 51833 0 pmu 1024539 47720 8283761 4139723 52756724
1790939591.424486 W 101 lat 574 574 796 0 exe 18296 24203 114222 resp 114833 8 pmu 1024481 79028 8286524 4139657 59827110
1790939592.464466 W 102 lat 555 574 592 0 exe 18518 21240 53518 resp 54092 0 pmu 1024422 45113 8285395 4139723 52246660
1790939593.400487 W 103 lat 574 574 944 0 exe 18407 24111 121944 resp 122648 8 pmu 1024352 78127 8288276 4139657 59607974
1790939594.440464 W 104 lat 574 574 629 0 exe 18518 21203 53388 resp 53962 0 pmu 1024455 44810 8292065 4139723 52156194
1790939595.480486 W 105 lat 574 574 870 0 exe 18537 23851 115777 resp 116370 9 pmu 1024396 74713 8285152 4139657 58876644
1790939596.416470 W 106 lat 574 574 611 0 exe 18537 21833 50648 resp 51222 0 pmu 1024580 52193 8289615 4139723 53683637
1790939597.456486 W 107 lat 574 574 1018 0 exe 18814 23574 118148 resp 119018 8 pmu 1024448 72027 8288630 4139657 58271527
1790939598.392465 W 108 lat 574 574 611 0 exe 18148 20944 50777 resp 51370 0 pmu 1024390 42076 8287688 4139756 51549539
1790939599.432489 W 109 lat 574 574 925 0 exe 18259 23685 139037 resp 139685 8 pmu 1024371 73065 8288195 4139657 58510912
1790939600.472465 W 110 lat 574 574 592 0 exe 18388 21185 54629 resp 55222 0 pmu 1024538 44912 8289760 4139723 52092305
1790939601.408487 W 111 lat 574 574 870 0 exe 18481 23555 113037 resp 113611 9 pmu 1024376 71407 8278343 4139657 58243719
1790939602.448471 W 112 lat 574 574 592 0 exe 18388 21592 50296 resp 50870 0 pmu 1024537 49550 8287264 4139723 53100974
1790939603.488487 W 113 lat 574 574 1074 0 exe 18259 23777 115407 resp 116481 9 pmu 1024437 73869 8284267 4139657 58730678
1790939604.424465 W 114 lat 574 574 592 0 exe 18259 21018 52518 resp 53111 0 pmu 1024526 43072 8286412 4139756 51725876
1790939605.464484 W 115 lat 574 574 740 0 exe 18518 23407 124703 resp 125296 8 pmu 1024415 70301 8288491 4139657 57893376
1790939606.400463 W 116 lat 574 574 592 0 exe 18462 21018 47944 resp 48537 0 pmu 1024474 42770 8288957 4139723 51711884
1790939607.440488 W 117 lat 574 574 796 0 exe 18351 23666 124018 resp 124685 9 pmu 1024439 72491 8281919 4139657 58481841
1790939608.480468 W 118 lat 574 574 592 0 exe 18185 21203 50777 resp 51370 0 pmu 1024554 44940 8287507 4139723 52167769
1790939609.416484 W 119 lat 574 574 796 0 exe 18166 23351 122222 resp 123000 8 pmu 1024522 69275 8285462 4139657 57677023
1790939610.456480 W 120 lat 574 574 592 0 exe 18351 21148 49185 resp 49777 0 pmu 1024517 44276 8285821 4139723 52020224
1790939611.392488 W 121 lat 574 574 925 0 exe 18611 23740 123888 resp 124814 9 pmu 1024441 74148 8288257 4139657 58673192
1790939612.432463 W 122 lat 574 574 592 0 exe 18407 21018 56370 resp 56944 0 pmu 1024462 42738 8287964 4139723 51714176
1790939613.472484 W 123 lat 574 574 759 0 exe 18351 23388 129962 resp 130574 9 pmu 1024494 69454 8288222 4139657 57773203
1790939614.408467 W 124 lat 574 574 592 0 exe 18500 21444 51129 resp 51722 0 pmu 1024495 47653 8288919 4139723 52715155
1790939615.448487 W 125 lat 574 574 796 0 exe 18851 23777 122333 resp 123129 9 pmu 1024504 74144 8286916 4139657 58755586
1790939616.488463 W 126 lat 574 574 592 0 exe 18407 20962 53148 resp 53722 0 pmu 1024478 42144 8282548 4139723 51563336
1790939617.424486 W 127 lat 574 574 925 0 exe 18481 23129 125518 resp 126240 8 pmu 1024322 66842 8286290 4139657 57217699
1790939618.464464 W 128 lat 574 574 611 0 exe 18388 20925 49351 resp 49925 0 pmu 1024521 41590 8290872 4139723 51464423
1790939619.400486 W 129 lat 574 574 814 0 exe 18518 23666 131092 resp 131870 8 pmu 1024497 72788 8291792 4139657 58472637
1790939620.440467 W 130 lat 574 574 592 0 exe 18500 21314 49092 resp 49685 0 pmu 1024524 46189 8282956 4139723 52429327
1790939621.480487 W 131 lat 574 574 685 0 exe 18111 23407 115388 resp 116074 8 pmu 1024393 69656 8283100 4139657 57838086
1790939622.416463 W 132 lat 574 574 592 0 exe 18314 21351 54870 resp 55444 0 pmu 1024467 46465 8285428 4139723 52532626
1790939623.456486 W 133 lat 574 574 703 0 exe 18314 24037 121722 resp 122314 8 pmu 1024327 76669 8281596 4139657 59353133
1790939624.392463 W 134 lat 574 574 611 0 exe 18351 20962 51425 resp 52000 0 pmu 1024539 42469 8284009 4139723 51592613
1790939625.432486 W 135 lat 574 574 888 0 exe 18333 23462 132833 resp 133407 9 pmu 1024401 70369 8284840 4139657 57969394
1790939626.472468 W 136 lat 574 574 703 0 exe 18277 21203 51703 resp 52277 0 pmu 1024514 44756 8283980 4139723 52164487
1790939627.408486 W 137 lat 574 574 888 0 exe 18611 24074 113962 resp 114777 9 pmu 1024572 77665 8288391 4139657 59464601
1790939628.448463 W 138 lat 574 574 592 0 exe 18388 20870 55907 resp 56500 0 pmu 1024379 40903 8284614 4139723 51347370
1790939629.488485 W 139 lat 574 574 796 0 exe 18222 23666 123518 resp 124111 8 pmu 1024488 72953 8294352 4139657 58501994
1790939630.424462 W 140 lat 574 574 592 0 exe 18018 20759 53185 resp 53759 0 pmu 1024431 39884 8284960 4139723 51086352
1790939631.464484 W 141 lat 574 574 1148 0 exe 18777 23981 123851 resp 125000 8 pmu 1024475 76264 8288958 4139657 59249627
1790939632.400470 W 142 lat 574 574 592 0 exe 18148 21537 54314 resp 54907 0 pmu 1024509 48689 8285349 4139756 52963042
1790939633.440487 W 143 lat 574 574 777 0 exe 18333 23611 124481 resp 125148 9 pmu 1024481 72149 8286610 4139657 58392671
1790939634.480462 W 144 lat 574 574 611 0 exe 18296 20722 54666 resp 55259 0 pmu 1024476 39194 8288324 4139723 50996891
1790939635.416488 W 145 lat 574 574 907 0 exe 18888 25166 113185 resp 113796 12 pmu 1024385 90426 8289958 4139657 62115005
1790939636.456463 W 146 lat 574 574 592 0 exe 18388 20888 54333 resp 54907 0 pmu 1024516 41326 8289496 4139756 51378562
1790939637.392488 W 147 lat 574 574 759 0 exe 18888 23925 124907 resp 125500 8 pmu 1024388 75640 8282685 4139657 59143840
1790939638.432466 W 148 lat 574 574 592 0 exe 18259 21351 54425 resp 55000 0 pmu 1024527 46785 8287622 4139723 52507665
1790939639.472486 W 149 lat 574 574 1000 0 exe 18648 24148 138240 resp 138870 8 pmu 1024481 78067 8289290 4139657 59668593
1790939640.408463 W 150 lat 574 574 592 0 exe 18240 20833 52500 resp 53074 0 pmu 1024520 40601 8282287 4139756 51268492
1790939641.448486 W 151 lat 574 574 703 0 exe 18555 23425 112277 resp 112870 9 pmu 1024441 70080 8288502 4139657 57891071
1790939642.488462 W 152 lat 574 574 592 0 exe 18129 21370 53537 resp 54111 0 pmu 1024544 46820 8286525 4139723 52578049
1790939643.424487 W 153 lat 574 574 870 0 exe 18314 23814 112740 resp 113425 8 pmu 1024450 74643 8286709 4139657 58911413
1790939644.464481 W 154 lat 555 574 592 0 exe 18574 21314 56351 resp 56925 0 pmu 1024528 46103 8285270 4139723 52425139
1790939645.401430 W 155 lat 574 574 796 0 exe 18518 23722 121925 resp 122518 8 pmu 1024458 73862 8289351 4139657 58662963
1790939646.440462 W 156 lat 574 574 592 0 exe 18611 20629 53722 resp 54314 0 pmu 1024386 37904 8284897 4139723 50753426
1790939647.484487 W 157 lat 574 574 796 0 exe 18592 23666 140629 resp 141351 8 pmu 1024370 72119 8282142 4139657 58483271
1790939648.420463 W 158 lat 574 574 592 0 exe 17907 20981 52981 resp 53574 0 pmu 1024518 42161 8286089 4139723 51628167
1790939649.460502 W 159 lat 555 574 1074 0 exe 18407 23370 117518 resp 118111 9 pmu 1024504 69580 8285491 4139657 57742860
1790939650.396467 W 160 lat 574 574 592 0 exe 18518 21611 59351 resp 59925 0 pmu 1024593 50063 8291396 4139756 53117502
1790939651.436486 W 161 lat 574 574 851 0 exe 18611 23962 118111 resp 118962 8 pmu 1024431 76427 8288629 4139657 59236688
1790939652.476466 W 162 lat 574 574 592 0 exe 18629 21277 53444 resp 54018 0 pmu 1024409 45843 8287391 4139723 52343210
1790939653.412489 W 163 lat 574 574 1685 0 exe 18407 30611 170259 resp 171592 42 pmu 1024255 151463 8287659 4139731 76557701
1790939654.452461 W 164 lat 574 574 888 0 exe 18574 21370 51018 resp 51592 0 pmu 1024392 46825 8287702 4139822 52541939
1790939655.492485 W 165 lat 555 574 888 0 exe 18259 23777 111333 resp 111907 9 pmu 1024409 74179 8280680 4139657 58779816
1790939656.428474 W 166 lat 574 574 796 0 exe 18277 21388 77907 resp 78500 0 pmu 1024391 47110 8276312 4139723 52630062
1790939657.468488 W 167 lat 574 574 796 0 exe 18629 24000 125000 resp 125592 9 pmu 1024397 76492 8283534 4139657 59384542
1790939658.404464 W 168 lat 574 574 592 0 exe 18370 21092 55574 resp 56148 0 pmu 1024490 43496 8286224 4139723 51904628
1790939659.448489 W 169 lat 574 574 1962 0 exe 18666 24037 144407 resp 145351 9 pmu 1024460 77015 8291521 4139694 59378662
1790939660.488463 W 170 lat 574 574 611 0 exe 18518 21203 52148 resp 52722 0 pmu 1024557 44928 8290649 4139756 52140208
1790939661.424489 W 171 lat 574 574 833 0 exe 18425 23351 116444 resp 117185 9 pmu 1024444 69329 8286661 4139657 57736376
1790939662.464469 W 172 lat 574 574 592 0 exe 18518 21981 57148 resp 57740 0 pmu 1024495 53529 8285827 4139723 54039668
1790939663.400487 W 173 lat 574 574 888 0 exe 18685 23944 117092 resp 117685 8 pmu 1024421 76074 8288210 4139657 59179575
1790939664.440464 W 174 lat 574 574 611 0 exe 18314 20925 52444 resp 53018 0 pmu 1024517 41633 8288735 4139723 51488884
1790939665.480487 W 175 lat 574 574 907 0 exe 18481 23166 121277 resp 122018 9 pmu 1024432 66941 8285687 4139657 57286858
1790939666.416465 W 176 lat 574 574 592 0 exe 18500 21055 53000 resp 53592 0 pmu 1024609 43328 8285400 4139723 51800165
1790939667.456486 W 177 lat 574 574 888 0 exe 18444 23592 127018 resp 127611 10 pmu 1024456 71820 8284692 4139657 58340965
1790939668.392468 W 178 lat 574 574 666 0 exe 18370 21666 53111 resp 53685 0 pmu 1024574 50046 8290213 4139756 53268881
1790939669.432486 W 179 lat 574 574 944 0 exe 18314 23462 114037 resp 114611 9 pmu 1024418 70775 8290227 4139657 57986959
1790939670.472462 W 180 lat 574 574 592 0 exe 18518 21018 52574 resp 53166 0 pmu 1024468 42542 8277666 4139723 51684121
1790939671.408488 W 181 lat 574 574 1000 0 exe 18518 23796 115555 resp 116148 9 pmu 1024383 74263 8279009 4139657 58833346
1790939672.448464 W 182 lat 574 574 592 0 exe 18277 21425 51796 resp 52370 0 pmu 1024475 47466 8286454 4139756 52661449
1790939673.488486 W 183 lat 574 574 722 0 exe 18129 24129 125166 resp 125851 8 pmu 1024405 78140 8286371 4139657 59654400
1790939674.424470 W 184 lat 574 574 611 0 exe 18481 21407 70092 resp 70666 0 pmu 1024529 47489 8291717 4139723 52658230
1790939675.464487 W 185 lat 574 574 1129 0 exe 18333 23981 133777 resp 134462 9 pmu 1024470 76343 8285698 4139657 59261046
1790939676.400463 W 186 lat 574 574 592 0 exe 18407 21018 52981 resp 53574 0 pmu 1024514 42702 8288437 4139756 51720818
1790939677.440486 W 187 lat 574 574 796 0 exe 18259 23500 117148 resp 117740 10 pmu 1024488 70931 8289785 4139657 58045400
1790939678.480464 W 188 lat 574 574 592 0 exe 18185 21148 50425 resp 51018 0 pmu 1024474 43822 8287269 4139756 51997078
1790939679.416488 W 189 lat 574 574 851 0 exe 18592 24129 116592 resp 117277 9 pmu 1024433 78059 8288961 4139657 59643675
1790939680.456474 W 190 lat 574 574 611 0 exe 18425 21518 53555 resp 54129 0 pmu 1024448 48368 8281829 4139723 52897260
1790939681.392489 W 191 lat 574 574 759 0 exe 18500 23759 122425 resp 123148 9 pmu 1024427 74042 8285819 4139657 58726907
1790939682.432461 W 192 lat 555 574 592 0 exe 18555 21388 48444 resp 49037 0 pmu 1024469 46811 8289665 4139723 52572642
1790939683.480488 W 193 lat 574 574 1166 0 exe 18407 24425 140092 resp 140685 10 pmu 1024466 80994 8288138 4139657 60317095
1790939684.416463 W 194 lat 574 574 611 0 exe 18166 21166 50925 resp 51518 0 pmu 1024456 44473 8289204 4139789 52043793
1790939685.456489 W 195 lat 574 574 833 0 exe 18333 23425 120962 resp 121592 9 pmu 1024402 69656 8283048 4139657 57871566
1790939686.392464 W 196 lat 574 574 592 0 exe 18277 21240 67296 resp 67870 0 pmu 1024513 45365 8285894 4139723 52270565
1790939687.432488 W 197 lat 574 574 1092 0 exe 18648 23666 116111 resp 116759 10 pmu 1024433 72727 8285907 4139657 58483422
1790939688.472463 W 198 lat 574 574 592 0 exe 18425 21481 50981 resp 51574 0 pmu 1024584 48304 8292825 4139789 52840470
1790939689.408487 W 199 lat 574 574 833 0 exe 18203 23425 123592 resp 124185 9 pmu 1024473 70180 8287261 4139657 57902720
1790939690.448463 W 200 lat 555 574 592 0 exe 18296 20907 46981 resp 47555 0 pmu 1024506 41539 8287135 4139723 51441148
1790939691.488486 W 201 lat 574 574 740 0 exe 17944 23814 119648 resp 120240 10 pmu 1024402 74298 8285763 4139657 58833467
1790939692.424460 W 202 lat 574 574 592 0 exe 18222 21444 67092 resp 67666 0 pmu 1024467 47624 8286384 4139756 52768227
1790939693.464488 W 203 lat 574 574 703 0 exe 18796 23870 121148 resp 121740 10 pmu 1024385 74847 8283388 4139657 58962606
1790939694.400463 W 204 lat 574 574 592 0 exe 17907 21055 54185 resp 54777 0 pmu 1024480 43341 8289592 4139756 51790657
1790939695.440486 W 205 lat 574 574 962 0 exe 18500 24222 123351 resp 123925 9 pmu 1024440 79099 8290563 4139657 59811832
1790939696.480462 W 206 lat 574 574 648 0 exe 18277 21055 50944 resp 51537 0 pmu 1024488 43286 8287818 4139723 51796125
1790939697.420485 W 207 lat 574 574 796 0 exe 18055 23370 143370 resp 144018 9 pmu 1024446 68825 8289389 4139657 57692284
1790939698.460466 W 208 lat 574 574 592 0 exe 18314 21555 46944 resp 47518 0 pmu 1024466 48634 8283677 4139723 52985593
1790939699.396491 W 209 lat 574 574 1018 0 exe 18592 23925 120555 resp 121148 10 pmu 1024422 75569 8286481 4139657 59059708
1790939700.436463 W 210 lat 574 574 592 0 exe 18462 21277 53407 resp 54000 0 pmu 1024567 46018 8288239 4139789 52339082
1790939701.480488 W 211 lat 574 574 833 0 exe 18148 23500 121462 resp 122166 11 pmu 1024414 70685 8284392 4139657 58063718
1790939702.416464 W 212 lat 574 574 592 0 exe 18462 21388 47796 resp 48370 0 pmu 1024412 46668 8286017 4139756 52572194
1790939703.456488 W 213 lat 555 574 1296 0 exe 18629 23907 124074 resp 125370 8 pmu 1024563 75977 8293282 4139657 59062450
1790939704.392465 W 214 lat 574 574 592 0 exe 18407 21500 52796 resp 53370 0 pmu 1024533 48029 8293141 4139756 52851728
1790939705.432488 W 215 lat 574 574 1629 0 exe 17796 23629 127555 resp 128259 10 pmu 1024516 72259 8290981 4139694 58355135
1790939706.472461 W 216 lat 574 574 592 0 exe 18481 21000 49796 resp 50370 0 pmu 1024491 42170 8285093 4139789 51639104
1790939707.408488 W 217 lat 574 574 851 0 exe 18574 23740 112925 resp 113759 10 pmu 1024429 73674 8286539 4139657 58653440
1790939708.448463 W 218 lat 574 574 592 0 exe 18296 21074 53055 resp 53629 0 pmu 1024454 43303 8288042 4139756 51850854
1790939709.488486 W 219 lat 574 574 888 0 exe 18814 23537 122351 resp 123037 9 pmu 1024365 71014 8284989 4139657 58195511
1790939710.424465 W 220 lat 574 574 592 0 exe 18388 21407 66666 resp 67240 0 pmu 1024435 47040 8285726 4139723 52640592
1790939711.464488 W 221 lat 574 574 962 0 exe 18148 23648 130462 resp 131277 8 pmu 1024442 72255 8288059 4139657 58379828
1790939712.400461 W 222 lat 574 574 648 0 exe 18555 21351 53777 resp 54370 0 pmu 1024577 46511 8287613 4139723 52503532
1790939713.440488 W 223 lat 574 574 833 0 exe 18685 24518 113629 resp 114333 10 pmu 1024474 83013 8289871 4139657 60603336
1790939714.480464 W 224 lat 574 574 592 0 exe 18018 21370 52907 resp 53481 0 pmu 1024495 46668 8287460 4139756 52568443
1790939715.416487 W 225 lat 555 574 1148 0 exe 18351 23851 122648 resp 123722 10 pmu 1024465 74815 8281979 4139657 58970140
1790939716.456462 W 226 lat 574 574 648 0 exe 18611 21351 51444 resp 52018 0 pmu 1024418 46163 8286114 4139789 52524642
1790939717.392486 W 227 lat 555 574 833 0 exe 18314 23481 135000 resp 135814 9 pmu 1024524 70421 8284724 4139657 57987055
1790939718.432461 W 228 lat 574 574 592 0 exe 18425 20962 56703 resp 57296 0 pmu 1024492 42275 8281911 4139723 51548866
1790939719.476486 W 229 lat 574 574 814 0 exe 18555 24018 118777 resp 119351 9 pmu 1024382 76754 8285566 4139657 59312502
1790939720.412459 W 230 lat 574 574 592 0 exe 18481 21018 53574 resp 54166 0 pmu 1024475 42971 8286937 4139723 51713494
1790939721.452486 W 231 lat 574 574 703 0 exe 18462 23666 121759 resp 122388 9 pmu 1024397 72876 8288349 4139657 58498078
1790939722.492463 W 232 lat 574 574 592 0 exe 18648 21666 51333 resp 51907 0 pmu 1024437 50124 8287489 4139723 53263221
1790939723.428489 W 233 lat 574 574 740 0 exe 18407 24759 123611 resp 124314 8 pmu 1024407 85468 8283996 4139657 61187107
1790939724.468463 W 234 lat 574 574 703 0 exe 18388 21240 52648 resp 53240 0 pmu 1024398 45083 8285935 4139723 52232833
1790939725.404489 W 235 lat 574 574 740 0 exe 18333 23500 116907 resp 117592 9 pmu 1024383 70992 8281431 4139657 58077967
1790939726.444460 W 236 lat 574 574 592 0 exe 18481 20907 50203 resp 50777 0 pmu 1024556 41037 8280488 4139723 51418863
1790939727.484489 W 237 lat 574 574 888 0 exe 18611 23629 119092 resp 119777 10 pmu 1024496 72269 8282664 4139657 58420547
1790939728.420466 W 238 lat 574 574 592 0 exe 18370 21648 52796 resp 53370 0 pmu 1024443 49683 8284157 4139756 53219800
1790939729.460508 W 239 lat 574 574 703 0 exe 18685 23666 127129 resp 127777 11 pmu 1024467 72951 8287838 4139657 58507588
1790939730.396463 W 240 lat 574 574 592 0 exe 18444 21240 61425 resp 62000 0 pmu 1024498 45374 8290518 4139756 52235419
1790939731.436492 W 241 lat 574 574 1222 0 exe 18055 23592 123759 resp 124407 9 pmu 1024465 71926 8285408 4139657 58249677
1790939732.476462 W 242 lat 574 574 592 0 exe 18462 21425 53462 resp 54037 0 pmu 1024438 47365 8287728 4139756 52698129
1790939733.412487 W 243 lat 574 574 796 0 exe 18462 23203 119537 resp 120314 10 pmu 1024447 67567 8285563 4139657 57342822
1790939734.452464 W 244 lat 574 574 740 0 exe 18351 21537 49055 resp 49629 0 pmu 1024415 48721 8286509 4139756 52980936
1790939735.492487 W 245 lat 574 574 851 0 exe 18481 23740 131537 resp 132185 9 pmu 1024411 73874 8287523 4139657 58663346
1790939736.428465 W 246 lat 574 574 592 0 exe 18500 21314 55555 resp 56129 0 pmu 1024441 46046 8289116 4139723 52409475
1790939737.468486 W 247 lat 574 574 888 0 exe 18648 23555 115259 resp 116018 9 pmu 1024527 71888 8289340 4139657 58214523
1790939738.404463 W 248 lat 574 574 703 0 exe 18555 21351 50518 resp 51092 0 pmu 1024482 46467 8287030 4139723 52522601
1790939739.444489 W 249 lat 574 574 962 0 exe 18833 23518 116814 resp 117407 10 pmu 1024445 71253 8283173 4139657 58133009
1790939740.484467 W 250 lat 574 574 592 0 exe 18518 21777 55333 resp 55907 0 pmu 1024465 51174 8288288 4139756 53548172
1790939741.420488 W 251 lat 574 574 759 0 exe 18333 23666 123629 resp 124388 12 pmu 1024417 73079 8286048 4139657 58513005
1790939742.460464 W 252 lat 574 574 592 0 exe 18222 21574 54277 resp 54851 0 pmu 1024513 49070 8290867 4139756 53057083
1790939743.396486 W 253 lat 574 574 703 0 exe 18259 24129 130148 resp 130777 9 pmu 1024443 77835 8284464 4139657 59557788
1790939744.436471 W 254 lat 574 574 666 0 exe 18740 21370 48611 resp 49185 0 pmu 1024464 46836 8285213 4139723 52565940
1790939745.476491 W 255 lat 574 574 814 0 exe 18537 23722 115425 resp 116074 9 pmu 1024476 73516 8287463 4139657 58593199
1790939746.412465 W 256 lat 574 574 592 0 exe 18500 21574 48648 resp 49222 0 pmu 1024499 48725 8286014 4139723 53057571
1790939747.452487 W 257 lat 574 574 1037 0 exe 18518 23740 122129 resp 122703 10 pmu 1024564 73701 8294314 4139657 58687802
1790939748.492466 W 258 lat 574 574 592 0 exe 18574 21462 49629 resp 50222 0 pmu 1024600 47644 8287448 4139789 52761824
1790939749.428488 W 259 lat 574 574 777 0 exe 18611 23481 137074 resp 137759 9 pmu 1024481 70508 8287656 4139657 57986680
1790939750.468473 W 260 lat 574 574 611 0 exe 18314 21759 58962 resp 59537 0 pmu 1024544 50973 8286124 4139723 53483461
1790939751.408487 W 261 lat 574 574 703 0 exe 18814 23814 117111 resp 117722 9 pmu 1024461 74361 8282267 4139657 58814586
1790939752.448467 W 262 lat 574 574 592 0 exe 18185 21833 55351 resp 55925 0 pmu 1024523 51749 8285826 4139723 53673629
1790939753.492487 W 263 lat 574 574 981 0 exe 18462 25037 127407 resp 128296 9 pmu 1024437 88612 8285978 4139657 61890332
1790939754.428461 W 264 lat 574 574 592 0 exe 18259 21259 53351 resp 53944 0 pmu 1024564 45513 8290833 4139723 52276508
1790939755.468484 W 265 lat 574 574 907 0 exe 18574 23500 128111 resp 129018 9 pmu 1024464 70497 8286877 4139657 58031768
1790939756.404478 W 266 lat 555 574 592 0 exe 18611 21111 55629 resp 56222 0 pmu 1024410 43807 8289387 4139723 51931128
1790939757.444486 W 267 lat 574 574 703 0 exe 18370 23333 117129 resp 117740 10 pmu 1024436 69260 8288192 4139657 57703431
1790939758.484486 W 268 lat 574 574 592 0 exe 18259 22277 50351 resp 50925 0 pmu 1024507 56949 8280689 4139756 54763498
1790939759.420486 W 269 lat 574 574 962 0 exe 18296 23796 122666 resp 123629 10 pmu 1024503 74465 8282857 4139657 58819097
1790939760.460466 W 270 lat 574 574 592 0 exe 18611 21703 51888 resp 52462 0 pmu 1024534 50492 8284148 4139756 53346911
1790939761.396489 W 271 lat 574 574 1092 0 exe 18166 23296 113611 resp 114203 8 pmu 1024471 68759 8287271 4139657 57559090
1790939762.436464 W 272 lat 574 574 592 0 exe 18518 21592 58462 resp 59037 0 pmu 1024492 49004 8284313 4139756 53077874
1790939763.480484 W 273 lat 574 574 944 0 exe 18462 23611 115129 resp 116074 10 pmu 1024473 72332 8285208 4139657 58339466
1790939764.416462 W 274 lat 574 574 592 0 exe 18203 21759 49018 resp 49592 0 pmu 1024533 51179 8292146 4139756 53480462
1790939765.460489 W 275 lat 574 574 814 0 exe 18555 23537 123277 resp 124092 9 pmu 1024513 71406 8292267 4139657 58158184
1790939766.396461 W 276 lat 574 574 592 0 exe 18666 21259 55518 resp 56092 0 pmu 1024460 45399 8282900 4139723 52290313
1790939767.436487 W 277 lat 555 574 944 0 exe 18611 23796 119722 resp 120444 9 pmu 1024536 74531 8286306 4139657 58778228
1790939768.476459 W 278 lat 574 574 592 0 exe 18592 21166 50629 resp 51222 0 pmu 1024463 44344 8287079 4139723 52082122
1790939769.412490 W 279 lat 574 574 703 0 exe 18537 23518 121388 resp 122092 11 pmu 1024553 71389 8290239 4139657 58119894
1790939770.452464 W 280 lat 574 574 592 0 exe 18314 21759 53925 resp 54500 0 pmu 1024544 51313 8283039 4139756 53502477
1790939771.492486 W 281 lat 555 574 1092 0 exe 18314 23629 121796 resp 122888 10 pmu 1024408 72394 8282259 4139657 58375385
1790939772.428463 W 282 lat 574 574 592 0 exe 18518 21592 54351 resp 54925 0 pmu 1024450 49047 8284105 4139789 53100919
1790939773.468485 W 283 lat 574 574 796 0 exe 18796 24333 114129 resp 114722 9 pmu 1024427 80967 8287140 4139657 60135287
1790939774.404461 W 284 lat 574 574 592 0 exe 18185 21222 48981 resp 49574 0 pmu 1024479 44776 8288608 4139723 52188059
1790939775.444485 W 285 lat 574 574 925 0 exe 18444 23444 120351 resp 120944 9 pmu 1024397 70421 8287500 4139657 57914298
1790939776.484465 W 286 lat 555 574 592 0 exe 18407 21574 49481 resp 50055 0 pmu 1024492 48752 8286404 4139723 53045692
1790939777.420488 W 287 lat 574 574 796 0 exe 18537 23351 122870 resp 123666 9 pmu 1024404 69471 8287810 4139657 57737241
1790939778.460462 W 288 lat 574 574 611 0 exe 18407 21296 47666 resp 48240 0 pmu 1024495 45822 8287688 4139723 52369254
1790939779.396489 W 289 lat 574 574 833 0 exe 18666 22888 116740 resp 117444 9 pmu 1024401 63703 8281095 4139657 56599885
1790939780.436466 W 290 lat 574 574 592 0 exe 17981 21666 46629 resp 47222 0 pmu 1024495 50116 8290469 4139723 53257540
1790939781.476486 W 291 lat 574 574 796 0 exe 18148 23462 122074 resp 122814 10 pmu 1024527 70849 8292321 4139657 57965793
1790939782.412469 W 292 lat 574 574 592 0 exe 18481 21740 49574 resp 50166 0 pmu 1024382 50752 8284893 4139756 53448467
1790939783.452490 W 293 lat 574 574 944 0 exe 18370 23518 122351 resp 123018 10 pmu 1024498 71336 8294769 4139657 58140529
1790939784.492464 W 294 lat 555 574 611 0 exe 18351 21351 51518 resp 52111 0 pmu 1024570 46469 8286144 4139756 52506925
1790939785.428492 W 295 lat 574 574 777 0 exe 18240 23629 124018 resp 124796 9 pmu 1024432 72773 8285724 4139657 58413004
1790939786.468462 W 296 lat 574 574 666 0 exe 18611 21333 54111 resp 54685 0 pmu 1024503 46218 8287168 4139723 52458460
1790939787.404489 W 297 lat 574 574 777 0 exe 18555 23370 122981 resp 123592 9 pmu 1024536 69906 8290813 4139657 57784458
1790939788.444468 W 298 lat 574 574 611 0 exe 18314 21648 55722 resp 56296 0 pmu 1024499 49885 8288776 4139723 53231735
1790939789.484491 W 299 lat 574 574 740 0 exe 18388 23296 122574 resp 123314 9 pmu 1024419 68735 8289022 4139657 57568832
1790939790.420461 W 300 lat 574 574 685 0 exe 18592 21574 54148 resp 54722 0 pmu 1024480 48988 8289806 4139723 53027290
1790939791.460507 W 301 lat 574 574 1074 0 exe 18444 23648 128000 resp 128611 9 pmu 1024438 72516 8287904 4139657 58416133
1790939792.396463 W 302 lat 574 574 685 0 exe 18388 21462 61740 resp 62314 0 pmu 1024429 47482 8286621 4139756 52768783
1790939793.436487 W 303 lat 574 574 1018 0 exe 18203 23037 116611 resp 117407 9 pmu 1024373 65712 8283343 4139657 56985559
1790939794.476468 W 304 lat 574 574 611 0 exe 18240 21777 52092 resp 52666 0 pmu 1024521 51141 8288157 4139756 53527837
1790939795.412488 W 305 lat 574 574 759 0 exe 18222 23388 122314 resp 123000 9 pmu 1024371 70094 8286128 4139657 57836210
1790939796.452493 W 306 lat 574 574 1166 0 exe 18537 26592 154185 resp 155351 29 pmu 1024405 105356 8283218 4139723 66163356
1790939797.492489 W 307 lat 574 574 981 0 exe 18370 23296 117685 resp 118666 10 pmu 1024460 68854 8287862 4139822 57623846
1790939798.428466 W 308 lat 574 574 648 0 exe 18296 21629 51351 resp 51925 0 pmu 1024425 49392 8287721 4139756 53163284
1790939799.468491 W 309 lat 574 574 833 0 exe 18481 23407 116333 resp 117166 9 pmu 1024465 70045 8289486 4139657 57903456
1790939800.404462 W 310 lat 574 574 592 0 exe 18703 21388 57370 resp 57944 0 pmu 1024521 46506 8287374 4139723 52579105
1790939801.448488 W 311 lat 574 574 833 0 exe 18129 23000 121407 resp 122222 8 pmu 1024466 65421 8289271 4139657 56886566
1790939802.488469 W 312 lat 574 574 685 0 exe 18314 22148 48444 resp 49018 0 pmu 1024470 55482 8283253 4139723 54425980
1790939803.424498 W 313 lat 574 574 907 0 exe 18425 23851 119388 resp 120074 10 pmu 1024456 74663 8284253 4139657 58923407
1790939804.464463 W 314 lat 574 574 592 0 exe 18148 21296 51870 resp 52444 0 pmu 1024552 45861 8289218 4139756 52358512
1790939805.400496 W 315 lat 574 574 740 0 exe 18296 22981 122500 resp 123092 10 pmu 1024477 65393 8286633 4139657 56836029
1790939806.440465 W 316 lat 574 574 592 0 exe 18518 21537 57740 resp 58314 0 pmu 1024397 48286 8282469 4139756 52949996
1790939807.484487 W 317 lat 574 574 777 0 exe 18000 23500 135888 resp 136481 10 pmu 1024512 70739 8285710 4139657 58070859
1790939808.420466 W 318 lat 574 574 592 0 exe 18592 21833 50629 resp 51203 0 pmu 1024556 52015 8290059 4139756 53677849
1790939809.464490 W 319 lat 574 574 888 0 exe 18500 23148 114666 resp 115370 9 pmu 1024481 67099 8286312 4139657 57235224
1790939810.400464 W 320 lat 574 574 666 0 exe 18222 21407 55574 resp 56166 0 pmu 1024475 47006 8283733 4139723 52619781
1790939811.440497 W 321 lat 574 574 962 0 exe 18592 23407 122277 resp 123111 9 pmu 1024416 70023 8286444 4139657 57896084
1790939812.480465 W 322 lat 574 574 648 0 exe 18425 21796 52240 resp 52814 0 pmu 1024438 51162 8286008 4139723 53594604
1790939813.416496 W 323 lat 574 574 722 0 exe 18148 22796 136203 resp 136796 9 pmu 1024407 62669 8286971 4139657 56328959
1790939814.456467 W 324 lat 574 574 592 0 exe 18814 21907 49500 resp 50074 0 pmu 1024528 52747 8288348 4139723 53826770
1790939815.392493 W 325 lat 574 574 796 0 exe 18592 23000 113222 resp 113888 10 pmu 1024339 65225 8285704 4139657 56874389
1790939816.432478 W 326 lat 574 574 611 0 exe 18407 22185 61481 resp 62074 0 pmu 1024509 56004 8288520 4139756 54523296
1790939817.472486 W 327 lat 574 574 777 0 exe 18462 22500 124444 resp 125222 9 pmu 1024387 59722 8283522 4139657 55681616
1790939818.408463 W 328 lat 574 574 592 0 exe 18444 21722 51148 resp 51722 0 pmu 1024478 50442 8283535 4139723 53368036
1790939819.448500 W 329 lat 574 574 722 0 exe 18296 22814 129000 resp 129703 9 pmu 1024434 62736 8280824 4139657 56416730
1790939820.488468 W 330 lat 574 574 592 0 exe 18481 22388 62629 resp 63222 0 pmu 1024502 58497 8287778 4139723 54995229
1790939821.424502 W 331 lat 574 574 777 0 exe 18759 22314 120314 resp 120944 11 pmu 1024388 57045 8282881 4139657 55216354
1790939822.464490 W 332 lat 574 574 1037 0 exe 18555 24444 141722 resp 142407 8 pmu 1024484 81135 8284564 4139756 60355880
1790939823.400497 W 333 lat 574 574 851 0 exe 18481 21833 140907 resp 141611 7 pmu 1024453 51520 8288844 4139756 54075537
1790939824.440468 W 334 lat 574 574 592 0 exe 18481 22796 100425 resp 101000 2 pmu 1024537 63400 8291841 4139723 55977515
1790939825.480498 W 335 lat 574 574 722 0 exe 18148 20777 107148 resp 107870 1 pmu 1024466 39801 8288250 4139723 51237373
1790939826.416480 W 336 lat 574 574 703 0 exe 18629 24351 115574 resp 116277 8 pmu 1024312 80831 8285257 4139723 60070584
1790939827.456496 W 337 lat 574 574 592 0 exe 18277 21407 48000 resp 48574 0 pmu 1024490 47235 8289633 4139723 52648523
1790939828.392466 W 338 lat 574 574 777 0 exe 18574 23611 122518 resp 123240 9 pmu 1024521 72497 8285334 4139657 58371633
1790939829.432494 W 339 lat 574 574 592 0 exe 18055 20574 38111 resp 38685 0 pmu 1024524 37818 8284267 4139723 50631146
1790939830.472466 W 340 lat 574 574 888 0 exe 18407 23277 123351 resp 124037 8 pmu 1024484 68484 8286094 4139657 57556781
1790939831.408537 W 341 lat 574 574 592 0 exe 17925 20814 39370 resp 39944 0 pmu 1024499 40259 8286596 4139723 51216645
1790939832.448490 W 342 lat 574 574 1074 0 exe 18203 23907 114666 resp 115259 9 pmu 1024483 75734 8291777 4139657 59080376
1790939833.488497 W 343 lat 555 574 611 0 exe 18425 21851 76277 resp 76870 0 pmu 1024449 52220 8286073 4139756 53778714
1790939834.424462 W 344 lat 574 574 888 0 exe 18425 23685 122481 resp 123277 9 pmu 1024471 73069 8290772 4139657 58591478
1790939835.464500 W 345 lat 574 574 592 0 exe 18370 20851 40740 resp 41314 0 pmu 1024518 40595 8286916 4139723 51282977
1790939836.400462 W 346 lat 574 574 981 0 exe 17944 23703 128555 resp 129222 9 pmu 1024538 73227 8293134 4139657 58626046
1790939837.440544 W 347 lat 574 574 611 0 exe 18481 20907 44703 resp 45314 0 pmu 1024437 41545 8287502 4139723 51439745
1790939838.480473 W 348 lat 574 574 796 0 exe 18592 23777 114240 resp 114833 9 pmu 1024477 74465 8283079 4139657 58804187
1790939839.416459 W 349 lat 574 574 703 0 exe 18444 21314 44907 resp 45481 0 pmu 1024534 46217 8285836 4139723 52404973
1790939840.456488 W 350 lat 574 574 814 0 exe 18203 23166 115425 resp 116129 9 pmu 1024457 67434 8287378 4139657 57350268
1790939841.392473 W 351 lat 574 574 611 0 exe 18370 20962 48037 resp 48611 0 pmu 1024494 42016 8288128 4139723 51567867
1790939842.432489 W 352 lat 574 574 759 0 exe 18592 23833 122666 resp 123259 8 pmu 1024476 75019 8288277 4139657 58905142
1790939843.472532 W 353 lat 574 574 592 0 exe 18222 21703 55277 resp 55870 0 pmu 1024452 50591 8285367 4139723 53373100
1790939844.408466 W 354 lat 574 574 777 0 exe 18518 23759 117166 resp 117944 8 pmu 1024364 73922 8286938 4139657 58721330
1790939845.448462 W 355 lat 574 574 592 0 exe 18500 20944 40203 resp 40796 0 pmu 1024420 41485 8283425 4139723 51505023
1790939846.488487 W 356 lat 574 574 888 0 exe 18222 23018 115185 resp 116074 10 pmu 1024395 65776 8290215 4139657 56959728
1790939847.424467 W 357 lat 574 574 592 0 exe 18314 21129 52796 resp 53370 0 pmu 1024469 43724 8283469 4139756 51966910
1790939848.464487 W 358 lat 574 574 759 0 exe 18277 24740 123555 resp 124203 11 pmu 1024376 85187 8286496 4139657 61102394
1790939849.400464 W 359 lat 574 574 592 0 exe 17833 21537 58333 resp 58907 0 pmu 1024455 48709 8287889 4139756 52987574
1790939850.440488 W 360 lat 555 574 944 0 exe 18277 23500 119555 resp 120314 9 pmu 1024338 71254 8283940 4139657 58150677
1790939851.480473 W 361 lat 574 574 592 0 exe 18462 21407 58851 resp 59444 0 pmu 1024387 47132 8277316 4139723 52628849
1790939852.420487 W 362 lat 574 574 814 0 exe 18111 23870 114722 resp 115314 9 pmu 1024353 75253 8285503 4139657 58957398
1790939853.460462 W 363 lat 574 574 611 0 exe 18314 20925 56222 resp 56796 0 pmu 1024404 41665 8284424 4139723 51483503
1790939854.396487 W 364 lat 574 574 925 0 exe 18314 23518 121796 resp 122370 8 pmu 1024436 71229 8285405 4139657 58146083
1790939855.436470 W 365 lat 574 574 592 0 exe 18574 21629 56796 resp 57388 0 pmu 1024419 49743 8282821 4139723 53159848
1790939856.476488 W 366 lat 574 574 981 0 exe 18129 25574 124740 resp 125481 10 pmu 1024533 95108 8289269 4139657 63316878
1790939857.412463 W 367 lat 574 574 592 0 exe 18462 21037 56407 resp 57000 0 pmu 1024418 43048 8281776 4139756 51752521
1790939858.479946 W 368 lat 574 2944 12500 0 exe 19555 345500 549222 resp 553537 922 pmu 1028619 959527 8335366 4167074 871637303
1790939859.420621 W 369 lat 574 4388 10388 0 exe 104740 459888 562611 resp 566870 1000 pmu 1029896 1036082 8350154 4175470 1156815130
1790939860.480591 W 370 lat 574 4222 9240 0 exe 104092 430111 555240 resp 560314 1000 pmu 1029032 1035026 8342073 4172938 1093926731
1790939861.428757 W 371 lat 592 3277 9592 0 exe 104166 409370 549777 resp 553629 1000 pmu 1026386 1029129 8317243 4173534 1023748372
1790939862.480827 W 372 lat 574 3851 11388 0 exe 103425 425444 568462 resp 574092 1000 pmu 1028030 1031559 8330596 4173978 1073790571
1790939863.440744 W 373 lat 574 4240 10814 0 exe 104055 437037 571907 resp 577259 1000 pmu 1029090 1035949 8344647 4174751 1106815757
1790939864.392607 W 374 lat 592 3833 10629 0 exe 104351 428814 547740 resp 554388 1000 pmu 1029139 1034051 8337365 4173419 1077489654
1790939865.444577 W 375 lat 574 3907 9388 0 exe 104388 431592 581000 resp 587314 1000 pmu 1028668 1033939 8343720 4174677 1087680941
1790939866.396796 W 376 lat 574 2851 9351 0 exe 104740 395185 550740 resp 556629 1000 pmu 1025721 1027739 8306655 4170574 988913656
1790939867.452736 W 377 lat 574 3629 11111 0 exe 104129 406222 557055 resp 563703 1000 pmu 1027764 1032588 8324661 4172687 1031688421
1790939868.396795 W 378 lat 574 3925 10777 0 exe 104185 439740 572148 resp 577444 1000 pmu 1028925 1031410 8342856 4174788 1102035535
1790939869.448749 W 379 lat 574 3870 10277 0 exe 104037 411370 551870 resp 557611 1000 pmu 1028113 1034288 8334139 4172827 1042711030
1790939870.392801 W 380 lat 574 3055 9555 0 exe 104814 395166 562314 resp 566611 1000 pmu 1026191 1028351 8311070 4172087 993764361
1790939871.444830 W 381 lat 574 4277 11962 0 exe 104777 451481 571703 resp 577018 1000 pmu 1028798 1034501 8339126 4174537 1136703094
1790939872.392619 W 382 lat 574 4629 11518 0 exe 104425 457055 560037 resp 562666 1000 pmu 1030742 1037785 8364671 4175232 1154737897
1790939873.444801 W 383 lat 592 5111 11018 0 exe 105111 462092 570037 resp 578888 1000 pmu 1033458 1040307 8378478 4175861 1171333697
1790939874.388852 W 384 lat 592 4962 12296 0 exe 104444 472037 568037 resp 574129 1000 pmu 1032177 1039143 8380173 4175935 1195824559
1790939875.436852 W 385 lat 574 4314 11444 0 exe 104407 452296 556722 resp 563500 1000 pmu 1029201 1035506 8336630 4174714 1138858694
1790939876.388655 W 386 lat 574 4888 12333 0 exe 104018 453629 555981 resp 562500 1000 pmu 1031318 1038110 8372780 4175232 1150952989
1790939877.432736 W 387 lat 574 4037 11074 0 exe 104277 433018 552851 resp 560851 1000 pmu 1029129 1034210 8333395 4173789 1091727240
1790939878.488731 W 388 lat 574 4574 12166 0 exe 104277 463092 573555 resp 579814 1000 pmu 1030163 1036166 8352008 4174973 1167027663
1790939879.432717 W 389 lat 574 4351 10777 0 exe 104481 439611 567500 resp 570537 1000 pmu 1030020 1036997 8350223 4174085 1116616494
1790939880.480628 W 390 lat 574 4407 11537 0 exe 104074 455222 564870 resp 570129 1000 pmu 1030665 1035826 8366703 4174973 1144500786
1790939881.420647 W 391 lat 574 4833 11722 0 exe 103981 451092 558518 resp 562555 1000 pmu 1031944 1038737 8370686 4175824 1144960220
1790939882.464653 W 392 lat 574 3888 11111 0 exe 104629 432129 569796 resp 575166 1000 pmu 1028971 1031756 8338242 4173604 1086406978
1790939883.412766 W 393 lat 574 3777 12222 0 exe 104388 406222 555759 resp 566000 1000 pmu 1028364 1033099 8324720 4172605 1032776342
1790939884.461317 W 394 lat 574 2277 8129 0 exe 102444 371092 537703 resp 543351 1000 pmu 1024121 1023107 8288029 4170607 924060678
1790939885.404721 W 395 lat 574 3722 10370 0 exe 103592 426462 562314 resp 570444 1000 pmu 1027611 1031986 8329642 4173575 1071756438
1790939886.464737 W 396 lat 574 4500 11277 0 exe 102870 453055 569555 resp 576111 1000 pmu 1030726 1037628 8370946 4175528 1146581701
1790939887.416756 W 397 lat 574 4629 11333 0 exe 105222 452703 548666 resp 557240 1000 pmu 1030793 1037141 8345593 4175158 1145872176
1790939888.472852 W 398 lat 574 4500 13277 0 exe 105000 463925 561648 resp 567555 1000 pmu 1031557 1035836 8374058 4175454 1168395541
1790939889.416719 W 399 lat 574 3925 10388 0 exe 104518 424129 556777 resp 561796 1000 pmu 1029776 1035500 8350706 4171902 1074861246
1790939890.468852 W 400 lat 574 4222 10148 0 exe 105111 466740 563222 resp 570074 1000 pmu 1030347 1037240 8356476 4173234 1177388507
1790939891.407069 W 401 lat 574 3944 11388 0 exe 105925 451092 557574 resp 562870 1000 pmu 1030760 1037343 8358435 4169497 1142929917
1790939892.460839 W 402 lat 574 2444 9925 0 exe 106907 370796 543203 resp 547481 1000 pmu 1025480 1025754 8301116 4167832 928570309
1790939893.404804 W 403 lat 574 4259 10777 0 exe 105518 415222 552518 resp 557907 1000 pmu 1029128 1035449 8350349 4173871 1058479843
1790939894.456827 W 404 lat 574 4148 10370 0 exe 110944 433666 548500 resp 554500 1000 pmu 1028762 1032621 8334501 4176009 1092571159
1790939895.404543 W 405 lat 592 4407 9611 0 exe 107074 436259 558185 resp 562814 1000 pmu 1028753 1035996 8355132 4175158 1106742870
1790939896.452756 W 406 lat 574 2851 9481 0 exe 107333 387148 577425 resp 583129 1000 pmu 1025665 1028093 8311054 4172054 968170839
1790939897.404632 W 407 lat 574 3666 10462 0 exe 106796 389629 549629 resp 555388 1000 pmu 1028122 1033515 8323350 4172946 990948928
1790939898.456612 W 408 lat 574 3925 10611 0 exe 107388 427740 556537 resp 561537 1000 pmu 1027862 1033002 8335268 4174385 1075499783
1790939899.408806 W 409 lat 574 3074 10574 0 exe 106759 381203 570296 resp 576351 1000 pmu 1026824 1029121 8311914 4172235 959238630
1790939900.464774 W 410 lat 574 4259 10203 0 exe 106611 413092 557648 resp 562907 1000 pmu 1028785 1035633 8342895 4174311 1051131274
1790939901.400607 W 411 lat 574 4444 10555 0 exe 109148 446055 567925 resp 573370 1000 pmu 1029243 1035616 8345117 4174936 1125595352
1790939902.452584 W 412 lat 574 4240 10796 0 exe 111555 435074 556055 resp 561537 1000 pmu 1028499 1034698 8343546 4174714 1100448457
1790939903.404614 W 413 lat 592 4314 10685 0 exe 107129 427851 560925 resp 564370 1000 pmu 1029548 1033642 8337877 4174381 1086748578
1790939904.456722 W 414 lat 574 3148 8796 0 exe 105981 385925 542796 resp 546648 1000 pmu 1026156 1029268 8318972 4173382 969707433
1790939905.408817 W 415 lat 574 3851 10462 0 exe 106685 419111 559907 resp 564648 1000 pmu 1028396 1031610 8335334 4173945 1056190471
1790939906.472603 W 416 lat 592 4240 10462 0 exe 105370 413111 555833 resp 561111 1000 pmu 1029424 1035514 8348459 4174307 1051176443
1790939907.416621 W 417 lat 592 4240 11203 0 exe 104629 441203 556518 resp 561574 1000 pmu 1029371 1034252 8338065 4175084 1110445321
1790939908.468850 W 418 lat 592 4425 11277 0 exe 109907 427296 566000 resp 572388 1000 pmu 1029259 1036021 8346048 4174418 1087344955
1790939909.416740 W 419 lat 592 4259 12870 0 exe 105722 430981 573277 resp 579277 1000 pmu 1030262 1034259 8355638 4175121 1087801418
1790939910.468844 W 420 lat 592 4407 11277 0 exe 106574 440759 562333 resp 566018 1000 pmu 1028653 1034541 8343796 4175121 1116133346
1790939911.408780 W 421 lat 574 4314 10574 0 exe 105666 424555 567870 resp 577759 1000 pmu 1029975 1035720 8347842 4174751 1076963474
1790939912.468613 W 422 lat 592 4444 9555 0 exe 116740 454222 559907 resp 566148 1000 pmu 1028781 1034443 8340212 4175528 1145796550
1790939913.412867 W 423 lat 592 5500 13277 0 exe 108259 468592 575888 resp 584000 1000 pmu 1034689 1043558 8408897 4175717 1193242045
1790939914.472757 W 424 lat 592 5648 11851 0 exe 106388 476462 566000 resp 574425 1000 pmu 1036242 1045259 8420137 4176453 1210635937
1790939915.416856 W 425 lat 592 5055 10796 0 exe 106166 470666 562851 resp 567685 1000 pmu 1031130 1038975 8365837 4176120 1192509153
1790939916.472657 W 426 lat 592 5259 10296 0 exe 110018 476296 566185 resp 573111 1000 pmu 1031726 1039652 8366088 4176305 1207331066
1790939917.420910 W 427 lat 1314 6277 21314 0 exe 108574 490240 568259 resp 576037 1000 pmu 1039550 1048775 8462136 4176786 1244471525
1790939918.460494 W 428 lat 574 1240 10833 0 exe 18648 68111 563129 resp 570351 122 pmu 1026461 182899 8300054 4144148 179687502
1790939919.400484 W 429 lat 574 574 888 0 exe 18388 24037 130462 resp 131333 8 pmu 1024443 76888 8286281 4139954 59415234
1790939920.464760 W 430 lat 574 4555 10074 0 exe 19925 333370 560685 resp 564814 877 pmu 1044366 910117 8533388 4170914 847648952
1790939921.408747 W 431 lat 3277 5574 9555 0 exe 316907 393351 471444 resp 477444 1000 pmu 1053473 1044027 8628275 4176987 1001258723
1790939922.452750 W 432 lat 3222 5648 11222 0 exe 333240 394555 454240 resp 460018 1000 pmu 1053682 1045721 8642268 4177119 1004002782
1790939923.396737 W 433 lat 1981 5500 10907 0 exe 315111 390203 457185 resp 464222 1000 pmu 1052963 1039750 8628565 4177152 993471731
1790939924.452733 W 434 lat 2351 5629 10296 0 exe 296500 391296 461407 resp 468870 1000 pmu 1053059 1042832 8641851 4177119 996580320
1790939925.396743 W 435 lat 3037 5666 9555 0 exe 317462 393796 444833 resp 450407 1000 pmu 1053616 1046501 8635876 4177119 1002650046
1790939926.452760 W 436 lat 3111 5666 10277 0 exe 343518 394759 458055 resp 465500 1000 pmu 1053468 1044907 8628999 4177119 1004459218
1790939927.392801 W 437 lat 1851 5611 11129 0 exe 314629 390981 459592 resp 466685 1000 pmu 1052690 1039573 8623531 4177152 995158069
1790939928.432803 W 438 lat 2722 5814 10537 0 exe 330425 396037 453462 resp 460722 1000 pmu 1053618 1044404 8633976 4177119 1007710962
1790939929.472764 W 439 lat 3166 5759 9796 0 exe 276185 396203 468962 resp 474296 1000 pmu 1053658 1048073 8636234 4177152 1008072004
1790939930.408763 W 440 lat 1611 5648 9925 0 exe 288407 395481 450518 resp 457611 1000 pmu 1053204 1041640 8621904 4177119 1005925846
1790939931.448748 W 441 lat 2203 5574 9462 0 exe 282055 397277 454907 resp 460722 1000 pmu 1053319 1044850 8629698 4177119 1010354574
1790939932.388760 W 442 lat 3296 5648 9962 0 exe 339111 398870 456444 resp 465166 1000 pmu 1053704 1045562 8640499 4177119 1014181161
1790939933.428768 W 443 lat 3092 5648 9166 0 exe 325981 399092 455462 resp 462407 1000 pmu 1053735 1043992 8633021 4177119 1014842647
1790939934.468746 W 444 lat 1611 5537 9870 0 exe 315759 395296 452814 resp 460462 1000 pmu 1052869 1039393 8623627 4177119 1005487405
1790939935.404802 W 445 lat 3148 5740 10796 0 exe 331944 398666 454944 resp 462851 1000 pmu 1053775 1044467 8637381 4177119 1013820525
1790939936.444735 W 446 lat 1203 5740 10500 0 exe 341296 398777 463907 resp 470629 1000 pmu 1053678 1045048 8640499 4177115 1014358913
1790939937.488783 W 447 lat 2314 5796 10111 0 exe 283296 397037 458481 resp 465685 1000 pmu 1053600 1041218 8638163 4177152 1010263509
1790939938.424792 W 448 lat 1851 5722 10648 0 exe 288296 398240 459629 resp 467148 1000 pmu 1053224 1046251 8627814 4177152 1012799774
1790939939.464724 W 449 lat 2740 5703 11129 0 exe 327351 400037 457907 resp 464351 1000 pmu 1053886 1044866 8633835 4177152 1017206097
1790939940.400774 W 450 lat 3222 5574 9518 0 exe 322944 399166 446574 resp 453759 1000 pmu 1053726 1045527 8637010 4177152 1015113013
1790939941.444772 W 451 lat 1611 5481 9425 0 exe 288666 394388 467129 resp 473425 1000 pmu 1052746 1038189 8629590 4177119 1003256683
1790939942.484740 W 452 lat 1962 5555 10277 0 exe 290351 398166 446314 resp 452000 1000 pmu 1053355 1045712 8638899 4177119 1012785642
1790939943.420730 W 453 lat 2722 5722 11092 0 exe 331314 399148 460814 resp 467462 1000 pmu 1053981 1046186 8649467 4177152 1015323171
1790939944.460754 W 454 lat 2296 5592 9592 0 exe 307592 397203 447703 resp 454111 1000 pmu 1053312 1044078 8639249 4177152 1010589532
1790939945.400772 W 455 lat 1703 5685 10259 0 exe 291981 397925 457740 resp 465055 1000 pmu 1053361 1042935 8634337 4177119 1012385306
1790939946.440774 W 456 lat 1777 5611 9870 0 exe 308555 397444 454259 resp 460370 1000 pmu 1053732 1046082 8647966 4177152 1011219870
1790939947.480733 W 457 lat 3314 5740 11648 0 exe 336185 399018 450481 resp 458777 1000 pmu 1053996 1045025 8638770 4177119 1014922027
1790939948.420747 W 458 lat 1611 5703 9666 0 exe 290851 396685 471462 resp 478796 1000 pmu 1053160 1044623 8641069 4177152 1009336046
1790939949.460761 W 459 lat 2685 5796 10962 0 exe 310129 399259 469518 resp 476666 1000 pmu 1053499 1044980 8652114 4177119 1015418784
1790939950.396747 W 460 lat 3092 5685 10500 0 exe 282925 398388 475240 resp 481944 1000 pmu 1053786 1045750 8650308 4177152 1013595272
1790939951.440756 W 461 lat 2018 5592 10092 0 exe 284425 398611 464685 resp 470888 1000 pmu 1053659 1043346 8645127 4177152 1014024633
1790939952.480766 W 462 lat 1722 5592 11314 0 exe 301555 398000 465370 resp 474814 1000 pmu 1053437 1044715 8642692 4177152 1012409306
1790939953.420760 W 463 lat 2111 5611 9722 0 exe 307833 397981 457814 resp 466074 1000 pmu 1053679 1043889 8648812 4177152 1012424221
1790939954.460719 W 464 lat 3240 5574 9703 0 exe 306018 399129 469740 resp 476777 1000 pmu 1053511 1045887 8643943 4177119 1015057506
1790939955.396733 W 465 lat 2407 5629 10203 0 exe 273777 398425 459722 resp 465722 1000 pmu 1053604 1044844 8644144 4177119 1013336218
1790939956.436747 W 466 lat 2296 5629 10574 0 exe 318425 397388 456611 resp 463703 1000 pmu 1053075 1045319 8648903 4177152 1010893391
1790939957.476732 W 467 lat 1888 5629 10055 0 exe 290851 395314 451629 resp 458777 1000 pmu 1052937 1041422 8632309 4177152 1005689089
1790939958.416781 W 468 lat 1722 5759 9722 0 exe 259296 397259 454925 resp 463148 1000 pmu 1053297 1042784 8634143 4177152 1010768100
1790939959.456763 W 469 lat 1888 5888 10537 0 exe 316333 399462 464870 resp 470296 1000 pmu 1053746 1045759 8649856 4177119 1016082299
1790939960.400730 W 470 lat 2629 5703 10722 0 exe 323407 400351 468351 resp 475981 1000 pmu 1053828 1047480 8641177 4177152 1018241679
1790939961.444723 W 471 lat 2222 5611 10740 0 exe 284425 398740 462092 resp 467814 1000 pmu 1053302 1043712 8633515 4177152 1014139182
1790939962.484750 W 472 lat 1777 5555 10740 0 exe 315740 397870 462555 resp 469685 1000 pmu 1053181 1044212 8633701 4177152 1011937304
1790939963.428751 W 473 lat 1962 5518 9388 0 exe 286555 398481 457722 resp 464425 1000 pmu 1053428 1043111 8639615 4177152 1013454648
1790939964.472760 W 474 lat 1796 5537 9388 0 exe 272148 397518 461000 resp 468629 1000 pmu 1053188 1043268 8639322 4177119 1011291834
1790939965.408756 W 475 lat 1925 5629 10222 0 exe 290055 398055 457037 resp 463277 1000 pmu 1053715 1043979 8644024 4177119 1012361676
1790939966.448765 W 476 lat 1703 5592 10129 0 exe 293500 397685 452333 resp 459833 1000 pmu 1053528 1044545 8643103 4177152 1011911642
1790939967.488756 W 477 lat 3166 5685 9592 0 exe 339240 398796 468611 resp 476462 1000 pmu 1054031 1045279 8645435 4177152 1014450406
1790939968.428727 W 478 lat 1870 5666 9462 0 exe 308500 397944 461037 resp 466777 1000 pmu 1053386 1043966 8642357 4177119 1012526737
1790939969.468786 W 479 lat 2203 5666 9851 0 exe 298611 398000 453314 resp 462277 1000 pmu 1053478 1045399 8644339 4177119 1012388289
1790939970.412763 W 480 lat 2981 5796 11500 0 exe 316462 398870 458722 resp 466074 1000 pmu 1053528 1043912 8636054 4177119 1014696439
1790939971.464762 W 481 lat 3129 5666 10092 0 exe 324000 399722 459796 resp 465537 1000 pmu 1053591 1046451 8641602 4177152 1016629081
1790939972.400795 W 482 lat 2203 5796 11055 0 exe 303074 397537 469166 resp 477037 1000 pmu 1053300 1042228 8638184 4177152 1011438964
1790939973.440760 W 483 lat 3166 5648 12425 0 exe 326537 398925 462037 resp 470592 1000 pmu 1053706 1046894 8654966 4177152 1014842627
1790939974.484739 W 484 lat 1962 5500 10796 0 exe 296148 396185 480759 resp 486981 1000 pmu 1052900 1041631 8628410 4177152 1007749483
1790939975.420741 W 485 lat 3148 5574 8962 0 exe 311888 399462 455111 resp 460462 1000 pmu 1053510 1045398 8636033 4177152 1015930742
1790939976.468673 W 486 lat 1925 5611 10092 0 exe 320444 397277 447703 resp 456388 1000 pmu 1053318 1043913 8645555 4177119 1010853997
1790939977.416747 W 487 lat 2425 5574 9037 0 exe 270981 397851 448185 resp 455000 1000 pmu 1053370 1044638 8640996 4177152 1012092527
1790939978.460749 W 488 lat 3000 5666 9462 0 exe 340685 400222 460555 resp 467314 1000 pmu 1053817 1045717 8642534 4177119 1017889783
1790939979.396765 W 489 lat 2148 5592 9314 0 exe 266314 396555 467296 resp 472722 1000 pmu 1053341 1041415 8634580 4177119 1008945336
1790939980.436493 W 490 lat 574 1425 9148 0 exe 18425 86111 451907 resp 457259 179 pmu 1029512 241731 8352445 4146298 217651105
1790939981.480484 W 491 lat 574 574 1166 0 exe 18500 23611 133666 resp 134259 9 pmu 1024485 71515 8296530 4139921 58366219
1790939982.420498 W 492 lat 574 574 1370 0 exe 18388 27018 186592 resp 187240 33 pmu 1024380 105745 8289285 4139756 67373016
1790939983.472487 W 493 lat 574 574 833 0 exe 18833 24833 122277 resp 123000 14 pmu 1024473 85635 8291105 4139822 61378542
1790939984.416461 W 494 lat 574 574 592 0 exe 18777 21500 47148 resp 47722 0 pmu 1024552 48145 8293894 4139756 52881231
1790939985.464486 W 495 lat 574 574 870 0 exe 18537 23907 110129 resp 110925 13 pmu 1024465 75829 8293403 4139657 59139990
1790939986.412461 W 496 lat 574 574 592 0 exe 18703 21370 47907 resp 48500 0 pmu 1024613 46591 8293640 4139756 52581027
1790939987.480486 W 497 lat 574 574 1111 0 exe 18462 24648 127351 resp 127925 16 pmu 1024358 83512 8291009 4139657 60956261
1790939988.432472 W 498 lat 574 574 611 0 exe 18537 21907 62148 resp 62722 0 pmu 1024523 52826 8293020 4139789 53897612
1790939989.480483 W 499 lat 574 574 1055 0 exe 18888 24388 109833 resp 110425 14 pmu 1024452 81038 8287337 4139657 60334049
1790939990.428462 W 500 lat 574 574 592 0 exe 18648 21333 49851 resp 50425 0 pmu 1024566 46172 8288443 4139789 52445362
1790939991.480488 W 501 lat 574 574 1129 0 exe 18722 24166 116148 resp 116740 13 pmu 1024415 78130 8283462 4139657 59740302
1790939992.420464 W 502 lat 574 574 592 0 exe 18944 21518 48703 resp 49277 0 pmu 1024564 47925 8282686 4139789 52905203
1790939993.472484 W 503 lat 574 574 777 0 exe 18740 23907 111000 resp 111777 12 pmu 1024491 75410 8284324 4139657 59142025
1790939994.424469 W 504 lat 574 574 611 0 exe 18481 21611 61129 resp 61703 0 pmu 1024553 49257 8282071 4139756 53130621
1790939995.472487 W 505 lat 574 574 1018 0 exe 18851 24259 114537 resp 115111 13 pmu 1024478 79694 8286524 4139657 59958759
1790939996.416460 W 506 lat 574 574 592 0 exe 18629 21611 56240 resp 56833 0 pmu 1024514 49366 8287108 4139789 53145595
1790939997.460485 W 507 lat 574 574 907 0 exe 18444 24296 117722 resp 118444 16 pmu 1024559 79829 8291460 4139657 60063108
1790939998.404461 W 508 lat 574 574 592 0 exe 18648 21370 50277 resp 50851 0 pmu 1024568 46385 8287342 4139756 52559769
1790939999.452484 W 509 lat 574 574 851 0 exe 18759 24592 117222 resp 117888 13 pmu 1024543 83456 8289752 4139657 60803802
1790940000.392466 W 510 lat 574 574 592 0 exe 18388 22148 63388 resp 63962 0 pmu 1024583 55604 8287136 4139756 54467011
1790940001.436485 W 511 lat 574 574 962 0 exe 18537 24018 118537 resp 119185 13 pmu 1024533 76728 8286822 4139657 59361826
1790940002.476461 W 512 lat 574 574 703 0 exe 18722 22203 53759 resp 54351 0 pmu 1024578 55894 8286020 4139756 54584630
1790940003.412484 W 513 lat 574 574 1333 0 exe 18537 24537 116037 resp 116629 14 pmu 1024497 82821 8286525 4139657 60661911
1790940004.464460 W 514 lat 574 574 592 0 exe 18611 21518 54203 resp 54777 0 pmu 1024477 47945 8282841 4139789 52894263
1790940005.404485 W 515 lat 574 574 981 0 exe 18722 24537 111481 resp 112148 21 pmu 1024443 83117 8287151 4139657 60726341
1790940006.448462 W 516 lat 574 574 592 0 exe 18537 21518 51018 resp 51611 0 pmu 1024557 48149 8287744 4139756 52921119
1790940007.388483 W 517 lat 574 574 833 0 exe 18740 24222 128629 resp 129351 14 pmu 1024500 78567 8286655 4139657 59859139
1790940008.440461 W 518 lat 574 574 592 0 exe 18203 21462 52462 resp 53037 0 pmu 1024533 47367 8285686 4139756 52764763
1790940009.488486 W 519 lat 574 574 962 0 exe 18444 24000 112851 resp 113814 17 pmu 1024475 76651 8286842 4139657 59326223
1790940010.424463 W 520 lat 574 574 611 0 exe 18833 21907 52166 resp 52740 0 pmu 1024556 52425 8285937 4139756 53842719
1790940011.468487 W 521 lat 574 574 962 0 exe 18537 24666 115722 resp 116351 16 pmu 1024502 84102 8285236 4139657 60951965
1790940012.404461 W 522 lat 574 574 592 0 exe 18592 21444 53592 resp 54166 0 pmu 1024568 47330 8290900 4139756 52730943
1790940013.448488 W 523 lat 574 574 1018 0 exe 18925 25518 119925 resp 120944 16 pmu 1024575 93870 8292440 4139657 63011515
1790940014.488463 W 524 lat 574 574 611 0 exe 18814 21518 55037 resp 55629 0 pmu 1024634 48160 8285392 4139789 52927737
1790940015.424485 W 525 lat 574 574 851 0 exe 18796 24722 113037 resp 113611 17 pmu 1024525 84704 8286217 4139657 61070644
1790940016.464465 W 526 lat 574 574 592 0 exe 18611 21814 69574 resp 70148 0 pmu 1024576 51465 8286109 4139756 53642172
1790940017.404487 W 527 lat 574 574 833 0 exe 18537 24481 115092 resp 115759 19 pmu 1024419 82072 8285235 4139657 60507164
1790940018.444466 W 528 lat 574 574 592 0 exe 18574 21333 47537 resp 48111 0 pmu 1024479 45745 8282338 4139756 52451715
1790940019.484485 W 529 lat 574 574 888 0 exe 18740 24259 120685 resp 121481 15 pmu 1024494 79013 8286251 4139657 59914327
1790940020.420463 W 530 lat 574 574 592 0 exe 18574 21388 51277 resp 51851 0 pmu 1024578 46606 8284264 4139756 52600423
1790940021.460485 W 531 lat 574 574 888 0 exe 18851 24518 122111 resp 122796 18 pmu 1024422 82467 8284566 4139657 60637453
1790940022.396463 W 532 lat 574 574 592 0 exe 18629 21518 48555 resp 49129 0 pmu 1024554 47807 8283676 4139756 52892021
1790940023.440485 W 533 lat 574 574 888 0 exe 19055 25092 111462 resp 112166 17 pmu 1024510 89083 8286234 4139657 61997939
1790940024.480466 W 534 lat 555 574 592 0 exe 18851 21351 50425 resp 51018 0 pmu 1024518 46292 8285449 4139756 52520145
1790940025.424487 W 535 lat 574 574 833 0 exe 18740 24537 117925 resp 118500 16 pmu 1024478 82804 8287452 4139657 60633349
1790940026.468473 W 536 lat 574 574 611 0 exe 18759 21759 48351 resp 48925 0 pmu 1024528 50728 8284600 4139756 53503121
1790940027.404483 W 537 lat 574 574 1222 0 exe 18518 24148 135111 resp 135703 9 pmu 1024432 77975 8285976 4139657 59630244
1790940028.444463 W 538 lat 574 574 611 0 exe 18296 21351 47833 resp 48407 0 pmu 1024572 46120 8289202 4139756 52516130
1790940029.484485 W 539 lat 574 574 777 0 exe 18685 24092 117462 resp 118166 14 pmu 1024555 78046 8289306 4139657 59594907
1790940030.420464 W 540 lat 574 574 611 0 exe 18611 21407 49277 resp 49851 0 pmu 1024585 46812 8288637 4139756 52633037
1790940031.468485 W 541 lat 574 574 1000 0 exe 18722 25037 111185 resp 112000 17 pmu 1024515 88974 8290143 4139657 61984123
1790940032.412464 W 542 lat 574 574 592 0 exe 17981 22055 67537 resp 68111 0 pmu 1024599 54390 8285131 4139789 54233408
1790940033.452484 W 543 lat 574 574 777 0 exe 18759 24111 119685 resp 120314 16 pmu 1024427 77931 8286439 4139657 59632273
1790940034.388462 W 544 lat 574 574 592 0 exe 18722 21444 51555 resp 52129 0 pmu 1024602 47038 8284656 4139756 52724694
1790940035.428486 W 545 lat 574 574 1018 0 exe 18555 24629 112185 resp 112814 19 pmu 1024449 84468 8286539 4139657 60989008
1790940036.468464 W 546 lat 574 574 592 0 exe 18629 21833 53648 resp 54222 0 pmu 1024557 51379 8282941 4139789 53666536
1790940037.404485 W 547 lat 574 574 777 0 exe 18592 24814 120722 resp 121462 18 pmu 1024495 86041 8285604 4139657 61387070
1790940038.448471 W 548 lat 574 574 592 0 exe 18333 21370 51370 resp 51944 0 pmu 1024546 46438 8282424 4139756 52581168
1790940039.488485 W 549 lat 574 574 870 0 exe 18388 24462 118259 resp 119018 16 pmu 1024493 82046 8286976 4139657 60486136
1790940040.424462 W 550 lat 574 574 611 0 exe 18500 21703 55555 resp 56148 0 pmu 1024681 50488 8288638 4139756 53379892
1790940041.468485 W 551 lat 574 574 722 0 exe 18370 24314 127444 resp 128074 14 pmu 1024480 79959 8283399 4139657 60105035
1790940042.404486 W 552 lat 574 574 851 0 exe 18703 24944 133018 resp 133611 7 pmu 1024451 87290 8285830 4139756 61580919
1790940043.444488 W 553 lat 574 574 1000 0 exe 18018 24129 119796 resp 120759 9 pmu 1024507 78414 8294028 4139723 59622027
1790940044.488613 W 554 lat 574 5129 17148 0 exe 19074 401814 756407 resp 766129 771 pmu 1037222 824828 8451224 4164546 1000195584
1790940045.425020 W 555 lat 666 8555 17759 0 exe 110740 604074 743703 resp 755351 1000 pmu 1046405 1057423 8551240 4176761 1493865323
1790940046.465008 W 556 lat 4055 9111 17185 0 exe 256574 637296 750981 resp 760111 1000 pmu 1048236 1060924 8565666 4177119 1571678369
1790940047.405036 W 557 lat 574 3814 12759 0 exe 105277 340055 699111 resp 708092 1000 pmu 1031169 1018198 8389959 4159022 861680064
1790940048.444956 W 558 lat 1074 8277 17018 0 exe 138148 644055 747611 resp 755759 1000 pmu 1043478 1054892 8507535 4177012 1585161964
1790940049.488986 W 559 lat 574 2759 11592 0 exe 103629 306851 684111 resp 688944 1000 pmu 1031579 1020608 8384725 4160576 782133676
1790940050.424996 W 560 lat 592 6111 15574 0 exe 110796 522925 705500 resp 714351 1000 pmu 1039542 1048714 8463032 4174903 1301565373
1790940051.465024 W 561 lat 3500 8759 16981 0 exe 257444 618148 727481 resp 738629 1000 pmu 1047301 1055901 8559127 4177119 1526295021
1790940052.404616 W 562 lat 574 6722 17296 0 exe 87611 506833 703018 resp 717259 997 pmu 1041650 1029375 8486702 4172453 1260957441
1790940053.455783 W 563 lat 574 5870 16129 0 exe 107407 511037 702740 resp 711000 1000 pmu 1035901 1035689 8431665 4173242 1268041807
1790940054.404620 W 564 lat 574 4870 11833 0 exe 110111 456370 725444 resp 736351 1000 pmu 1035982 1038918 8425765 4168202 1138382981
1790940055.457004 W 565 lat 574 4629 13425 0 exe 104759 425685 751870 resp 760518 1000 pmu 1035061 1037066 8419778 4169386 1066733335
1790940056.416884 W 566 lat 1481 7518 14703 0 exe 205074 583351 713462 resp 724074 1000 pmu 1042924 1053980 8497601 4177119 1443391139
1790940057.476826 W 567 lat 1518 7333 16388 0 exe 260296 567666 711370 resp 721537 1000 pmu 1043207 1043739 8503791 4177152 1405677669
1790940058.416784 W 568 lat 574 5203 13111 0 exe 76518 465129 708759 resp 720092 985 pmu 1034521 1025244 8404569 4170825 1159088148
1790940059.464674 W 569 lat 574 6611 16740 0 exe 99592 568462 700703 resp 717444 1000 pmu 1038795 1037230 8449039 4174833 1404656222
1790940060.416763 W 570 lat 574 3148 10703 0 exe 101500 330222 647222 resp 654722 1000 pmu 1032791 1021866 8395796 4162804 843732772
1790940061.484789 W 571 lat 1148 7277 15203 0 exe 259296 575351 701981 resp 709944 1000 pmu 1043378 1049550 8507565 4177049 1424587551
1790940062.441153 W 572 lat 1018 6888 13833 0 exe 112296 549259 734518 resp 742703 1000 pmu 1042065 1045209 8490187 4176745 1362402054
1790940063.392634 W 573 lat 574 7240 18314 0 exe 97518 546037 722555 resp 732092 998 pmu 1042770 1031199 8494195 4173119 1354655936
1790940064.453099 W 574 lat 574 4851 12666 0 exe 102703 449611 715592 resp 721111 1000 pmu 1034335 1032248 8420135 4168247 1124614181
1790940065.400694 W 575 lat 611 5407 14574 0 exe 114111 485481 711407 resp 721148 1000 pmu 1038197 1040279 8450981 4172161 1210648363
1790940066.452775 W 576 lat 592 5111 13425 0 exe 113777 456166 658648 resp 665703 1000 pmu 1034948 1013039 8406361 4173974 1138683233
1790940067.408856 W 577 lat 592 6814 16907 0 exe 92703 521629 725666 resp 734240 999 pmu 1041776 1031928 8498938 4173493 1297215774
1790940068.460785 W 578 lat 3481 8277 16166 0 exe 281555 597481 724129 resp 737166 1000 pmu 1046091 1041057 8542233 4177053 1477916092
1790940069.425054 W 579 lat 574 3296 12925 0 exe 104722 313277 670907 resp 677185 1000 pmu 1030482 1015107 8373907 4158171 799740742
1790940070.488873 W 580 lat 833 7851 15425 0 exe 118666 620685 749277 resp 755888 1000 pmu 1042868 1055177 8502268 4176864 1530756502
1790940071.440652 W 581 lat 574 5407 12462 0 exe 106611 490055 690833 resp 701518 1000 pmu 1036898 1019808 8430069 4175491 1219863672
1790940072.392747 W 582 lat 574 4166 12018 0 exe 107259 386574 686148 resp 694333 1000 pmu 1032742 1025396 8395021 4164687 972011472
1790940073.432946 W 583 lat 574 6722 13981 0 exe 137388 568185 694981 resp 703092 1000 pmu 1039733 1049470 8461332 4176642 1405856538
1790940074.488601 W 584 lat 574 6777 13074 0 exe 105259 544703 691388 resp 700166 1000 pmu 1040236 1036097 8464920 4175380 1349691235
1790940075.441062 W 585 lat 574 4518 15870 0 exe 104962 404759 774240 resp 780611 1000 pmu 1033556 1025910 8412056 4164650 1018446963
1790940076.389051 W 586 lat 1611 8185 17518 0 exe 185703 632555 758888 resp 769203 1000 pmu 1043177 1056286 8505955 4177119 1558989143
1790940077.428820 W 587 lat 574 3037 10851 0 exe 103259 320722 679703 resp 689740 1000 pmu 1030935 1016380 8377115 4160132 814470881
1790940078.472911 W 588 lat 574 7148 13796 0 exe 115351 580351 732277 resp 740925 1000 pmu 1041980 1053457 8492676 4176161 1435043490
1790940079.412813 W 589 lat 870 6537 11777 0 exe 140407 552370 682666 resp 688611 1000 pmu 1041448 1047020 8478362 4176379 1369144144
1790940080.448938 W 590 lat 574 4370 13796 0 exe 104796 388685 678851 resp 685092 1000 pmu 1033569 1013450 8403488 4166204 979529361
1790940081.488961 W 591 lat 592 8074 16185 0 exe 98462 617962 745037 resp 753018 1000 pmu 1043881 1053119 8525665 4176901 1524138387
1790940082.432745 W 592 lat 574 5703 14388 0 exe 116925 499222 723462 resp 735222 1000 pmu 1037879 1044072 8445227 4171536 1241480974
1790940083.392990 W 593 lat 574 4537 14000 0 exe 106944 415500 711000 resp 717907 1000 pmu 1033740 1029948 8404110 4165575 1040182066
1790940084.438926 W 594 lat 629 6685 16648 0 exe 107666 560870 694388 resp 702148 1000 pmu 1039787 1047406 8457623 4176009 1389537978
1790940085.484626 W 595 lat 851 6777 13537 0 exe 208018 542111 680888 resp 689222 1000 pmu 1040830 1027980 8466792 4176379 1344885011
1790940086.428986 W 596 lat 574 4611 14185 0 exe 105166 405296 730777 resp 739592 1000 pmu 1034365 1024694 8413252 4164872 1019958376
1790940087.388747 W 597 lat 1203 8222 17629 0 exe 218962 618259 743555 resp 754851 1000 pmu 1044445 1046202 8515482 4177082 1525645445
1790940088.456794 W 598 lat 574 2962 14055 0 exe 105703 305351 637537 resp 648092 1000 pmu 1031502 1010388 8382462 4159281 784745184
1790940089.412861 W 599 lat 574 6462 17000 0 exe 106203 534370 733074 resp 740962 1000 pmu 1040777 1045117 8471399 4174903 1328953864
1790940090.465006 W 600 lat 685 6870 12537 0 exe 193833 557259 684222 resp 694722 1000 pmu 1041153 1037595 8474492 4176860 1380079178
1790940091.408781 W 601 lat 574 4203 12129 0 exe 103907 396444 675185 resp 682777 1000 pmu 1033623 1014338 8397043 4167536 998441399
1790940092.469013 W 602 lat 611 8203 15037 0 exe 106537 624425 749444 resp 762111 1000 pmu 1044727 1055303 8530048 4176531 1540857545
1790940093.416562 W 603 lat 592 5314 15537 0 exe 111981 459629 742185 resp 748388 1000 pmu 1038000 1033273 8445815 4169423 1151021749
1790940094.461095 W 604 lat 574 5000 15388 0 exe 106055 440703 733722 resp 743037 1000 pmu 1034723 1029385 8423475 4166833 1100742038
1790940095.412996 W 605 lat 592 6444 17333 0 exe 114592 532574 730444 resp 739777 1000 pmu 1040155 1038167 8466549 4175528 1321079414
1790940096.468630 W 606 lat 592 7092 14500 0 exe 117888 567981 717814 resp 724240 1000 pmu 1041727 1040873 8483695 4176786 1406150011
1790940097.417116 W 607 lat 574 4444 14000 0 exe 105222 398851 744833 resp 755462 1000 pmu 1034611 1023205 8413419 4164576 1004280117
1790940098.472624 W 608 lat 2907 8888 18777 0 exe 304518 651777 756203 resp 765888 1000 pmu 1046457 1052479 8544935 4177119 1605152838
1790940099.420859 W 609 lat 574 2870 14351 0 exe 100648 311907 677907 resp 687277 1000 pmu 1031762 1022023 8380497 4159577 799964466
1790940100.472837 W 610 lat 629 5814 14129 0 exe 115611 509629 728518 resp 738129 1000 pmu 1038412 1039568 8449400 4174718 1266269588
1790940101.420759 W 611 lat 1648 6833 12833 0 exe 242277 550648 684351 resp 688944 1000 pmu 1041235 1035863 8479485 4177082 1365038382
1790940102.464894 W 612 lat 574 4944 13703 0 exe 106333 424462 710037 resp 718351 1000 pmu 1036774 1025718 8435647 4166977 1067264937
1790940103.413093 W 613 lat 703 8240 16092 0 exe 186388 605481 718462 resp 727166 1000 pmu 1045802 1038673 8539787 4177008 1496826737
1790940104.460492 W 614 lat 574 2555 13759 0 exe 18481 189925 662055 resp 672759 310 pmu 1029394 370246 8337721 4151108 469308443
1790940105.396489 W 615 lat 574 574 981 0 exe 18481 24333 122277 resp 122870 13 pmu 1024571 80763 8293735 4139987 60186981
1790940106.440523 W 616 lat 574 1037 9314 0 exe 18740 75759 635407 resp 641407 112 pmu 1024358 202455 8292757 4142901 187504787
1790940107.480498 W 617 lat 574 574 944 0 exe 20500 28592 127685 resp 128370 22 pmu 1024400 128062 8293639 4139921 72207523
1790940108.416476 W 618 lat 574 574 703 0 exe 20481 24148 61888 resp 62462 0 pmu 1024507 79473 8294622 4139789 60023386
1790940109.456497 W 619 lat 574 574 944 0 exe 20759 28462 121981 resp 122685 22 pmu 1024448 126817 8295032 4139657 71840884
1790940110.392476 W 620 lat 555 574 685 0 exe 20222 23777 63333 resp 64000 0 pmu 1024505 75205 8290306 4139789 59078035
1790940111.432501 W 621 lat 574 574 925 0 exe 20185 29518 126018 resp 126611 23 pmu 1024378 138082 8295859 4139657 74639600
1790940112.472486 W 622 lat 574 574 722 0 exe 20444 24666 64037 resp 64611 0 pmu 1024547 85187 8294074 4139789 61473892
1790940113.408500 W 623 lat 574 574 888 0 exe 20611 28203 124629 resp 125462 21 pmu 1024424 124156 8295441 4139657 71162729
1790940114.448475 W 624 lat 574 574 870 0 exe 21462 25148 61944 resp 62555 0 pmu 1024580 89789 8295934 4139789 62384368
1790940115.488501 W 625 lat 574 574 1148 0 exe 21370 29055 116759 resp 117833 21 pmu 1024457 132809 8296011 4139657 73218994
1790940116.424481 W 626 lat 574 574 851 0 exe 20481 25648 64185 resp 64759 0 pmu 1024549 95450 8292377 4139822 63927897
1790940117.464495 W 627 lat 574 574 944 0 exe 20740 27685 118740 resp 119481 19 pmu 1024438 118282 8298057 4139657 69717901
1790940118.400487 W 628 lat 574 574 722 0 exe 19870 24407 62018 resp 62611 0 pmu 1024541 82337 8293850 4139789 60838550
1790940119.440498 W 629 lat 574 574 1166 0 exe 20407 28370 130814 resp 131870 21 pmu 1024355 125615 8294522 4139657 71625290
1790940120.484462 W 630 lat 574 574 740 0 exe 20055 23833 60333 resp 60925 0 pmu 1024578 75889 8293903 4139822 59237422
1790940121.416495 W 631 lat 574 574 1074 0 exe 20222 27203 114407 resp 115351 22 pmu 1024395 113088 8294926 4139657 68585760
1790940122.460479 W 632 lat 574 574 814 0 exe 20351 25388 61129 resp 61722 0 pmu 1024591 93327 8292372 4139822 63359710
1790940123.396494 W 633 lat 574 574 907 0 exe 20555 27796 116555 resp 117370 22 pmu 1024387 119486 8290137 4139657 70089755
1790940124.436473 W 634 lat 574 574 685 0 exe 19981 24518 61944 resp 62518 0 pmu 1024566 83855 8295179 4139789 61072972
1790940125.476494 W 635 lat 574 574 1111 0 exe 20925 27722 128203 resp 128925 17 pmu 1024533 118730 8296737 4139657 69877894
1790940126.412473 W 636 lat 574 574 759 0 exe 21259 25277 55833 resp 56425 0 pmu 1024580 91464 8294144 4139822 62789347
1790940127.452496 W 637 lat 574 574 888 0 exe 20518 27740 114277 resp 115000 19 pmu 1024486 118988 8296926 4139657 69923671
1790940128.388477 W 638 lat 574 574 851 0 exe 20000 24703 70370 resp 70944 0 pmu 1024521 85824 8295094 4139789 61558203
1790940129.428496 W 639 lat 574 574 962 0 exe 20148 27259 123314 resp 124000 21 pmu 1024359 113609 8289110 4139657 68736576
1790940130.468480 W 640 lat 574 574 740 0 exe 20000 24629 57796 resp 58370 0 pmu 1024601 84952 8294989 4139789 61343033
1790940131.404498 W 641 lat 555 574 1055 0 exe 20611 27388 125018 resp 125851 20 pmu 1024505 114696 8291529 4139657 69017138
1790940132.444472 W 642 lat 574 574 703 0 exe 20018 24018 56240 resp 56833 0 pmu 1024644 78020 8296729 4139822 59736701
1790940133.488496 W 643 lat 574 574 1000 0 exe 21500 30703 126444 resp 127444 22 pmu 1024467 151238 8294842 4139657 77423097
1790940134.424476 W 644 lat 574 574 703 0 exe 20314 24629 62814 resp 63388 0 pmu 1024583 85091 8300695 4139822 61365057
1790940135.464502 W 645 lat 574 574 1129 0 exe 20481 27555 125629 resp 126592 16 pmu 1024458 116615 8292561 4139657 69490760
1790940136.400486 W 646 lat 574 574 833 0 exe 21703 26111 55629 resp 56203 0 pmu 1024454 100127 8291658 4139822 65050187
1790940137.440496 W 647 lat 574 574 1000 0 exe 20796 27240 114796 resp 115500 16 pmu 1024451 113095 8293257 4139690 68445247
1790940138.480473 W 648 lat 574 574 814 0 exe 20240 24000 57296 resp 57888 0 pmu 1024343 77826 8292762 4139822 59713380
1790940139.416501 W 649 lat 574 574 851 0 exe 20148 27462 128425 resp 129277 18 pmu 1024509 115811 8297666 4139657 69266834
1790940140.456477 W 650 lat 574 574 833 0 exe 20425 24629 56907 resp 57555 0 pmu 1024636 84972 8298226 4139789 61325325
1790940141.396501 W 651 lat 574 574 1000 0 exe 20277 26666 123185 resp 124074 19 pmu 1024491 107149 8295003 4139657 66995023
1790940142.440482 W 652 lat 574 574 833 0 exe 20055 24722 59925 resp 60518 0 pmu 1024552 85871 8298416 4139822 61630290
1790940143.480500 W 653 lat 574 574 1037 0 exe 20370 27462 126370 resp 127407 21 pmu 1024478 115961 8302077 4139657 69225493
1790940144.416474 W 654 lat 574 574 685 0 exe 19814 24074 59148 resp 59722 0 pmu 1024502 78607 8294236 4139822 59857615
1790940145.456503 W 655 lat 574 574 1240 0 exe 20074 26462 117185 resp 117870 19 pmu 1024461 104879 8292453 4139657 66558450
1790940146.392477 W 656 lat 574 574 759 0 exe 20222 25833 63518 resp 64092 0 pmu 1024472 97759 8290675 4139822 64498823
1790940147.432504 W 657 lat 574 574 1759 0 exe 20796 26425 119740 resp 121500 20 pmu 1024429 104541 8291682 4139694 66418419
1790940148.472480 W 658 lat 574 574 851 0 exe 20500 26111 66314 resp 66925 0 pmu 1024526 100689 8293394 4139822 65215925
1790940149.408501 W 659 lat 574 574 1166 0 exe 20074 25259 124370 resp 125055 17 pmu 1024477 91093 8292076 4139690 63371034
1790940150.448478 W 660 lat 574 574 796 0 exe 20722 25037 101388 resp 102000 2 pmu 1024503 89669 8291805 4139789 62357587
1790940151.488502 W 661 lat 574 574 981 0 exe 20129 24777 114296 resp 115092 6 pmu 1024605 86531 8295084 4139723 62045715
1790940152.424477 W 662 lat 574 574 925 0 exe 20648 27888 120574 resp 121462 14 pmu 1024523 120827 8292303 4139723 70113396
1790940153.464501 W 663 lat 574 574 722 0 exe 20092 23648 57185 resp 57759 0 pmu 1024503 73878 8287820 4139789 58767796
1790940154.400483 W 664 lat 574 574 1000 0 exe 20407 29129 114296 resp 115296 25 pmu 1024440 134579 8292354 4139657 73570397
1790940155.440497 W 665 lat 574 574 703 0 exe 20351 24314 56037 resp 56611 0 pmu 1024544 81635 8289960 4139822 60589136
1790940156.480478 W 666 lat 574 574 1203 0 exe 19759 26166 117370 resp 118240 18 pmu 1024484 101585 8289874 4139657 65737838
1790940157.420476 W 667 lat 574 574 777 0 exe 20685 25148 56333 resp 56925 0 pmu 1024602 90361 8292471 4139822 62565580
1790940158.460499 W 668 lat 574 574 1203 0 exe 21777 30759 121648 resp 122351 19 pmu 1024407 150409 8289777 4139657 76985692
1790940159.396483 W 669 lat 574 574 833 0 exe 21518 28518 58277 resp 58870 0 pmu 1024635 126538 8298628 4139822 70891281
1790940160.436496 W 670 lat 555 574 1129 0 exe 20648 27074 115351 resp 116296 18 pmu 1024464 111884 8293194 4139690 68176733
1790940161.476501 W 671 lat 555 574 814 0 exe 20777 24962 59648 resp 60240 0 pmu 1024668 88495 8294351 4139822 62018442
1790940162.412490 W 672 lat 574 574 925 0 exe 20277 28592 132833 resp 133425 21 pmu 1024393 127877 8291426 4139657 72101641
1790940163.452480 W 673 lat 574 574 759 0 exe 19962 24962 63000 resp 63592 0 pmu 1024518 88650 8292148 4139789 62233029
1790940164.388492 W 674 lat 574 574 981 0 exe 20481 26740 123777 resp 124759 19 pmu 1024451 107826 8294804 4139657 67324736
1790940165.432490 W 675 lat 574 574 759 0 exe 19703 29333 129037 resp 129759 28 pmu 1024486 137738 8297044 4139789 73204138
1790940166.472486 W 676 lat 574 574 1074 0 exe 18370 23666 112703 resp 113777 9 pmu 1024469 73087 8291946 4139789 58511299
1790940167.236760 Closing cell "zephyr"
1790940167.236843 [MG] Initializing memguard on CPU 3
1790940167.236869 [SMMUv2] Exiting SMMUv2 on cell 1
1790940167.236932 [COL] Colored OP 1: PHYS 0x30000000 -> VIRT 0x30000000 (SIZE: 0x00800000, COL: 0x000000ff, extra: 0x0000000000000000)
1790940167.236959 [COL] Result: 0
1790940167.237016 [COL] Colored OP 4: PHYS 0x30000000 -> VIRT 0x30000000 (SIZE: 0x00800000, COL: 0x000000ff, extra: 0x0000000000000001)
1790940167.237040 [COL] Result: 0
1790940167.237081 Page pool usage after cell destruction: mem 93/4061, remap 5/131072
1790940167.237110 [MG] Initializing memguard on CPU 3
1790940167.340534 [MG] Initializing memguard on CPU 3
1790940167.340664 [COL] Colored OP 0: PHYS 0x30000000 -> VIRT 0x30000000 (SIZE: 0x00800000, COL: 0x000000ff, extra: 0x0000000000000000)
1790940167.340700 [COL] Result: 0
1790940167.340728 [MG] Initializing memguard on CPU 3
1790940167.340751 Created cell "zephyr"
1790940167.340797 Page pool usage after cell creation: mem 108/4061, remap 5/131072
1790940167.340867 [COL] Colored OP 3: PHYS 0x30000000 -> VIRT 0x30000000 (SIZE: 0x00800000, COL: 0x000000ff, extra: 0x0000000000000000)
1790940167.340907 [MG] Initializing memguard on CPU 3
1790940167.340926 [COL] Result: 0
1790940167.340950 Cell "zephyr" can be loaded
1790940167.341013 [COL] Colored OP 2: PHYS 0x30000000 -> VIRT 0x30000000 (SIZE: 0x00800000, COL: 0x000000ff, extra: 0x0000000000000000)
1790940167.341039 [COL] Result: 0
1790940167.341103 [COL] Colored OP 4: PHYS 0x30000000 -> VIRT 0x30000000 (SIZE: 0x00800000, COL: 0x000000ff, extra: 0x0000000000000001)
1790940167.341128 [COL] Result: 0
1790940167.341156 Started cell "zephyr"
1790940167.341187 [MG] Initializing memguard on CPU 3
