1790338143.749428 <missed 202449 bytes of console log>
1790338143.749509 51072 592215716
1790338143.749561 W 185 lat 1259 3018 6185 0 exe 117944 226018 307648 resp 312648 1000 pmu 915595 553885 7555893 10676280 585874105
1790338143.749613 W 186 lat 1407 3018 5037 0 exe 176037 228611 296222 resp 298888 1000 pmu 914940 561271 7558485 10636205 592389818
1790338143.749664 W 187 lat 1185 3092 6166 0 exe 139388 228574 289666 resp 291925 1000 pmu 915492 560632 7557809 10808642 591958321
1790338143.749714 W 188 lat 1499 3055 6499 0 exe 128314 227796 288981 resp 292203 1000 pmu 914562 557810 7548853 10562613 590119316
1790338143.749763 W 189 lat 1296 3055 5814 0 exe 125944 227833 292481 resp 295870 1000 pmu 915514 559031 7553308 10504307 589884659
1790338143.749813 W 190 lat 1388 3037 5870 0 exe 163925 229166 296240 resp 299685 1000 pmu 915604 562810 7556668 10524020 593491555
1790338143.749862 W 191 lat 1574 3037 6444 0 exe 163222 229907 298870 resp 301611 1000 pmu 914467 563715 7547777 10759130 595380593
1790338143.749910 W 192 lat 296 1333 5833 0 exe 15351 98296 326685 resp 329351 377 pmu 971446 243151 7966486 10784185 257117366
1790338143.749955 W 193 lat 296 296 333 0 exe 15351 15481 16629 resp 16925 0 pmu 1006983 65 8232549 9645362 41014876
1790338143.750002 W 194 lat 296 314 1333 0 exe 15370 21481 136222 resp 136814 19 pmu 1003586 64690 8209702 6085603 57019997
1790338143.750046 W 195 lat 296 296 333 0 exe 15351 15499 16740 resp 17055 0 pmu 1007067 112 8241432 7318309 39681947
1790338143.750066 Closing cell "rt-bench"
1790338143.750088 [MG] Initializing memguard on CPU 3
1790338143.750110 [SMMUv2] Exiting SMMUv2 on cell 1
1790338143.750159 [COL] Colored OP 1: PHYS 0x30000000 -> VIRT 0x00000000 (SIZE: 0x00400000, COL: 0x000000ff, extra: 0x0000000000000000)
1790338143.750177 [COL] Result: 0
1790338143.750225 [COL] Colored OP 4: PHYS 0x30000000 -> VIRT 0x00000000 (SIZE: 0x00400000, COL: 0x000000ff, extra: 0x0000000000000001)
1790338143.750243 [COL] Result: 0
1790338143.750275 Page pool usage after cell destruction: mem 85/4061, remap 5/131072
1790338143.750298 [MG] Initializing memguard on CPU 3
1790338143.750321 [MG] Initializing memguard on CPU 3
1790338143.750343 [MG] Initializing memguard on CPU 3
1790338143.750361 Created cell "rt-bench"
1790338143.750392 Page pool usage after cell creation: mem 94/4061, remap 5/131072
1790338143.750416 [MG] Initializing memguard on CPU 3
1790338143.750436 Cell "rt-bench" can be loaded
1790338143.750454 Started cell "rt-bench"
1790338143.750476 [MG] Initializing memguard on CPU 3
1790338143.750504 rt-bench: ws 1024 KB, 1024 loads/period, window 1000
1790338144.788514 W 0 lat 296 296 907 0 exe 14944 19074 180277 resp 180740 15 pmu 971198 42390 7880163 5307605 49672660
1790338145.724513 W 1 lat 296 296 592 0 exe 14962 16851 107999 resp 108314 3 pmu 972147 19816 7891649 7741776 44278186
1790338146.764482 W 2 lat 296 296 333 0 exe 14962 15129 15999 resp 16296 0 pmu 972597 170 7894376 7005748 38584701
1790338147.804510 W 3 lat 296 296 833 0 exe 14962 16685 105018 resp 105407 3 pmu 971976 18045 7891421 6075593 42767330
1790338148.740511 W 4 lat 296 296 333 0 exe 14925 15129 15833 resp 16129 0 pmu 973101 210 7898113 6976586 38562284
1790338149.780559 W 5 lat 296 462 796 0 exe 15018 23444 126240 resp 126814 10 pmu 972067 18965 7890885 6073630 38002723
1790338150.820517 W 6 lat 444 462 592 0 exe 21499 23611 118555 resp 119092 9 pmu 972020 19912 7881940 7224421 38776680
1790338151.756556 W 7 lat 444 462 648 0 exe 21499 23481 124333 resp 124925 10 pmu 972200 18458 7888492 7180316 38473695
1790338152.796516 W 8 lat 444 462 499 0 exe 21499 21703 22499 resp 22981 0 pmu 972898 82 7895264 7238014 34855929
1790338153.732553 W 9 lat 444 462 759 0 exe 21481 23481 126092 resp 126574 8 pmu 972113 18378 7891861 6209329 37898913
1790338154.772515 W 10 lat 444 462 518 0 exe 21537 21703 22703 resp 23185 0 pmu 973059 108 7899812 7255555 34872646
1790338155.812546 W 11 lat 444 462 703 0 exe 21481 23499 118648 resp 119222 9 pmu 972095 18502 7892179 6211704 37899408
1790338156.748512 W 12 lat 444 462 518 0 exe 21462 21703 22351 resp 22796 0 pmu 972994 138 7895091 7181312 34827411
1790338157.788550 W 13 lat 444 462 648 0 exe 21499 23481 123648 resp 124148 9 pmu 971653 18523 7881855 6207551 37858457
1790338158.724519 W 14 lat 444 462 518 0 exe 21499 21703 22314 resp 22777 0 pmu 972561 147 7893273 7230785 34877584
1790338159.764557 W 15 lat 444 462 740 0 exe 21499 23462 128240 resp 128759 8 pmu 972330 18202 7890718 6207628 37822166
1790338160.804515 W 16 lat 444 462 499 0 exe 21481 21703 22203 resp 22685 0 pmu 973240 71 7896159 7277057 34882566
1790338161.744555 W 17 lat 444 462 537 0 exe 21518 24574 127333 resp 127833 8 pmu 972068 29713 7890762 6206320 39586064
1790338162.784498 W 18 lat 370 462 518 0 exe 17944 21574 22185 resp 22666 0 pmu 972892 119 7896809 7272671 34891597
1790338163.824555 W 19 lat 370 462 685 0 exe 17981 24333 120444 resp 120925 9 pmu 972043 29633 7884892 6187663 39511711
1790338164.760514 W 20 lat 444 462 518 0 exe 21518 21870 26037 resp 26481 0 pmu 972879 1662 7896520 7185123 35081900
1790338165.800553 W 21 lat 444 462 703 0 exe 21499 24499 122592 resp 123074 9 pmu 972182 29127 7891767 6245542 39473615
1790338166.736515 W 22 lat 444 462 518 0 exe 21518 21925 26499 resp 26962 0 pmu 972827 2158 7890744 7225539 35197826
1790338167.776558 W 23 lat 444 462 703 0 exe 21518 24407 123981 resp 124499 9 pmu 971879 28148 7885892 6250706 39317542
1790338168.816520 W 24 lat 444 462 499 0 exe 21499 21981 28222 resp 28703 0 pmu 972453 2690 7894032 7239187 35323800
1790338169.752565 W 25 lat 444 462 666 0 exe 21499 24407 120925 resp 121537 10 pmu 972226 27985 7890449 6267998 39328704
1790338170.792515 W 26 lat 444 462 518 0 exe 21518 21907 30629 resp 31111 0 pmu 972596 2101 7892769 7208908 35152867
1790338171.728556 W 27 lat 444 462 629 0 exe 21499 24277 121666 resp 122296 8 pmu 972580 26487 7892585 6291889 39072102
1790338172.768518 W 28 lat 444 462 518 0 exe 21499 22074 32666 resp 33129 0 pmu 972905 3664 7898732 7215558 35431077
1790338173.808560 W 29 lat 444 462 648 0 exe 21499 24203 118888 resp 119499 8 pmu 971986 25960 7883362 6313042 39071994
1790338174.744512 W 30 lat 444 462 518 0 exe 21499 22240 36592 resp 37074 0 pmu 972808 5241 7890406 7187331 35665913
1790338175.784568 W 31 lat 444 462 703 0 exe 21537 23981 121203 resp 121722 8 pmu 972603 23912 7890186 6353110 38729035
1790338176.824514 W 32 lat 444 462 499 0 exe 21518 22407 44629 resp 45129 0 pmu 972799 7055 7892136 7209256 35929984
1790338177.760570 W 33 lat 444 462 629 0 exe 21499 23796 127555 resp 128055 8 pmu 972172 21799 7886713 6434528 38498750
1790338178.800516 W 34 lat 444 462 592 0 exe 21518 22611 57999 resp 58481 0 pmu 972693 9150 7897463 7271482 36276310
1790338179.736551 W 35 lat 370 462 611 0 exe 17907 23074 121185 resp 121685 9 pmu 972207 18058 7888182 6569634 38037337
1790338180.776522 W 36 lat 444 462 555 0 exe 21499 22981 64703 resp 65166 0 pmu 973088 13003 7894648 7185627 36822860
1790338181.816558 W 37 lat 444 462 851 0 exe 21462 22944 121962 resp 122444 9 pmu 972437 12876 7892704 6638145 37252917
1790338182.752516 W 38 lat 444 462 518 0 exe 21499 23574 86111 resp 86574 0 pmu 972521 19259 7887593 7212043 37740846
1790338183.792566 W 39 lat 444 462 592 0 exe 21462 22203 128518 resp 129037 5 pmu 972722 5137 7898852 6855010 36033670
1790338184.728517 W 40 lat 444 462 629 0 exe 21518 24166 112722 resp 113185 4 pmu 971995 25497 7881738 7272678 38810822
1790338185.768558 W 41 lat 425 462 611 0 exe 21481 25518 142425 resp 142962 17 pmu 971471 40541 7879650 7124808 42106014
1790338186.812522 W 42 lat 296 351 1611 0 exe 14981 38666 220222 resp 221611 150 pmu 973356 231123 7912481 7428894 96239601
1790338187.748516 W 43 lat 296 296 333 0 exe 14962 15111 15796 resp 16111 0 pmu 973019 64 7902803 8247862 39270979
1790338188.788486 W 44 lat 296 296 462 0 exe 14944 16981 119111 resp 119518 3 pmu 972261 21382 7889724 6073428 43395432
1790338189.724480 W 45 lat 296 296 333 0 exe 14962 15129 15611 resp 15925 0 pmu 972826 76 7892545 7117123 38601560
1790338190.764510 W 46 lat 296 296 555 0 exe 14962 17277 105370 resp 105703 3 pmu 972718 25322 7896519 6071686 44117733
1790338191.804565 W 47 lat 296 425 499 0 exe 14981 20055 21999 resp 22481 0 pmu 972453 368 7896105 6981556 35771532
1790338192.740526 W 48 lat 444 462 796 0 exe 21444 24666 120499 resp 121074 8 pmu 972024 30477 7889583 6162712 39704675
1790338193.780549 W 49 lat 444 462 499 0 exe 21481 21703 22166 resp 22611 0 pmu 972940 79 7895095 7206085 34826631
1790338194.820519 W 50 lat 444 462 777 0 exe 21518 24962 124648 resp 125296 11 pmu 972174 33316 7893171 6205705 40216644
1790338195.756507 W 51 lat 388 444 499 0 exe 18999 21129 22259 resp 22740 0 pmu 972964 136 7903312 7249686 34859841
1790338196.796561 W 52 lat 388 462 2759 0 exe 19037 38425 258555 resp 261314 111 pmu 972166 179593 7892646 6191592 71595191
1790338197.732517 W 53 lat 444 462 518 0 exe 21462 21722 24777 resp 25259 0 pmu 972558 304 7885378 8664123 35788044
1790338198.772552 W 54 lat 444 462 833 0 exe 21462 23481 120833 resp 121370 9 pmu 972197 18398 7885867 6232235 37924676
1790338199.816549 W 55 lat 444 462 537 0 exe 21462 21685 22240 resp 22722 0 pmu 973040 59 7893836 7203601 34820375
1790338200.752518 W 56 lat 444 462 703 0 exe 21499 24925 121148 resp 121722 7 pmu 972196 32937 7891612 6206601 40102195
1790338201.792536 W 57 lat 444 462 518 0 exe 21481 21722 22388 resp 22851 0 pmu 972709 174 7889365 7213530 34851213
1790338202.728549 W 58 lat 444 462 611 0 exe 21499 25111 122611 resp 123092 10 pmu 971889 34662 7892137 6208240 40373146
1790338203.768514 W 59 lat 444 462 518 0 exe 21481 21703 22277 resp 22740 0 pmu 972487 158 7893802 7228133 34851877
1790338204.808553 W 60 lat 444 462 685 0 exe 21462 24888 122129 resp 122648 10 pmu 972076 32848 7892665 6207079 40042365
1790338205.744513 W 61 lat 444 462 499 0 exe 21462 21703 22074 resp 22537 0 pmu 972688 73 7892598 7222666 34836818
1790338206.784551 W 62 lat 444 462 2814 0 exe 21537 25333 122537 resp 125351 10 pmu 972604 36937 7897206 6204900 40640630
1790338207.720513 W 63 lat 444 462 499 0 exe 21499 21703 22555 resp 23018 0 pmu 972971 199 7895516 7251492 34879378
1790338208.764552 W 64 lat 444 462 703 0 exe 21537 25222 113222 resp 113722 9 pmu 972461 35744 7889901 6209953 40454843
1790338209.804550 W 65 lat 444 462 518 0 exe 21481 21722 22314 resp 22796 0 pmu 972787 258 7894444 7135620 34854263
1790338210.740550 W 66 lat 444 462 611 0 exe 21537 26166 119148 resp 119759 8 pmu 971508 45894 7882004 6207657 42418441
1790338211.780562 W 67 lat 444 462 518 0 exe 21481 21703 22370 resp 22851 0 pmu 972822 148 7895188 7199727 34832664
1790338212.824773 W 68 lat 333 2814 8629 0 exe 21555 343814 567944 resp 572592 906 pmu 988892 897639 8085597 6210818 870315512
1790338213.765843 W 69 lat 314 2648 8333 0 exe 96981 397629 574537 resp 579518 996 pmu 986425 950349 8018787 13350942 1024524358
1790338214.824733 W 70 lat 388 3481 8611 0 exe 95740 411870 577037 resp 581518 998 pmu 1001809 992735 8176029 14062482 1077965781
1790338215.764831 W 71 lat 314 3222 8222 0 exe 97666 402722 559203 resp 563611 999 pmu 992966 968716 8080843 14155765 1045112909
1790338216.812849 W 72 lat 444 3851 9055 0 exe 95999 433888 584925 resp 588999 999 pmu 1007131 1001553 8219000 13937337 1131682445
1790338217.764795 W 73 lat 314 3685 9796 0 exe 92814 421592 553925 resp 558185 998 pmu 1003434 997188 8187038 14348379 1102443865
1790338218.816790 W 74 lat 314 3722 9925 0 exe 98425 438555 563111 resp 566537 999 pmu 1004126 994047 8170591 13964179 1137455348
1790338219.760727 W 75 lat 370 3574 9611 0 exe 96944 426166 563074 resp 566722 999 pmu 1000483 986145 8181690 14165617 1109903701
1790338220.824826 W 76 lat 370 3759 9222 0 exe 102777 430722 586481 resp 590981 1000 pmu 1005262 1003858 8200937 14094892 1121197333
1790338221.764804 W 77 lat 351 3722 9370 0 exe 95648 456018 568296 resp 572314 995 pmu 1004673 1011105 8199862 14384046 1185679118
1790338222.820701 W 78 lat 462 3611 8777 0 exe 97092 446574 557018 resp 560055 997 pmu 1005652 1006575 8201925 14291186 1160799470
1790338223.772801 W 79 lat 333 3444 9111 0 exe 95444 414925 577648 resp 582629 995 pmu 999649 991043 8148671 14130569 1083535053
1790338224.724694 W 80 lat 296 2333 8537 0 exe 96499 351685 571777 resp 575351 999 pmu 973483 914990 7880843 14180265 901406620
1790338225.780876 W 81 lat 314 2407 8148 0 exe 93425 358425 575592 resp 580333 995 pmu 975817 928169 7941948 13795020 926622954
1790338226.824774 W 82 lat 314 2851 10166 0 exe 95870 380611 569018 resp 574796 996 pmu 985948 965496 8024712 13855794 989991063
1790338227.768842 W 83 lat 314 3111 8537 0 exe 93499 405777 569018 resp 573629 996 pmu 990294 953262 8039047 13930763 1047159752
1790338228.820940 W 84 lat 314 3314 9092 0 exe 97259 415629 585851 resp 590555 997 pmu 997856 988967 8147237 14032119 1082190734
1790338229.768636 W 85 lat 314 2555 7611 0 exe 95722 369074 557833 resp 561981 995 pmu 976757 925135 7930867 14272688 949636886
1790338230.816777 W 86 lat 314 3222 9629 0 exe 94296 398833 558814 resp 562351 996 pmu 993684 983749 8097368 13738249 1042222074
1790338231.768855 W 87 lat 314 3185 9185 0 exe 94888 417370 566833 resp 569722 998 pmu 992355 960752 8077637 13899919 1076890237
1790338232.824754 W 88 lat 333 3277 8314 0 exe 95555 405740 573981 resp 577666 997 pmu 995137 990096 8093040 14070252 1057933211
1790338233.768743 W 89 lat 314 3092 9296 0 exe 94185 413444 555574 resp 559055 998 pmu 991808 959996 8071720 14086955 1069169045
1790338234.824890 W 90 lat 314 3037 8981 0 exe 94592 407703 576092 resp 581314 998 pmu 994347 978046 8126245 13937402 1061698681
1790338235.764747 W 91 lat 333 3407 8333 0 exe 97851 403851 578111 resp 581370 999 pmu 997172 982653 8103178 14122721 1052636685
1790338236.812676 W 92 lat 314 3148 8444 0 exe 100425 392074 575870 resp 580537 1000 pmu 989201 961897 8056618 14128844 1015713371
1790338237.756888 W 93 lat 314 3407 9499 0 exe 92203 405111 557092 resp 561722 998 pmu 997371 983136 8129946 14066476 1060356500
1790338238.808881 W 94 lat 296 2833 8611 0 exe 96703 371407 549092 resp 551888 998 pmu 980688 948872 7973777 13909273 961713731
1790338239.760764 W 95 lat 314 3259 8259 0 exe 95296 418537 571777 resp 576777 998 pmu 996764 991010 8100614 13666857 1090573637
1790338240.820753 W 96 lat 333 3425 8722 0 exe 101944 417499 554129 resp 557777 1000 pmu 995182 972916 8130026 14133934 1082791530
1790338241.764761 W 97 lat 314 3425 7870 0 exe 96203 416629 583870 resp 587018 997 pmu 999141 1004849 8150602 13981704 1089796828
1790338242.818084 W 98 lat 351 3185 8944 0 exe 97388 406462 549222 resp 552833 997 pmu 989825 956488 8032569 14239183 1049182689
1790338243.768764 W 99 lat 296 3481 8833 0 exe 97685 428222 561888 resp 566148 997 pmu 1000393 1005489 8154703 13854531 1117233684
1790338244.812750 W 100 lat 314 3351 9166 0 exe 94629 423574 566314 resp 571481 997 pmu 996071 981300 8117539 14095358 1096246235
1790338245.764635 W 101 lat 296 3444 9055 0 exe 91259 427814 555351 resp 559203 998 pmu 995962 979592 8120422 14106732 1107143944
1790338246.816911 W 102 lat 333 3907 9148 0 exe 99092 459833 576814 resp 582648 999 pmu 1010169 1019403 8274527 13994678 1195787524
1790338247.760815 W 103 lat 592 4074 8333 0 exe 97777 472925 583537 resp 589537 999 pmu 1013734 1023030 8299101 14421573 1228037310
1790338248.812885 W 104 lat 518 4055 8814 0 exe 100203 482814 596666 resp 602833 1000 pmu 1013868 1026148 8300214 14546521 1250713602
1790338249.760882 W 105 lat 592 4259 8777 0 exe 99111 496999 603944 resp 608870 999 pmu 1018093 1034877 8335059 14741830 1285045862
1790338250.812808 W 106 lat 666 4111 8777 0 exe 100166 485611 588944 resp 592148 1000 pmu 1014733 1028280 8295907 14875414 1257797969
1790338251.760787 W 107 lat 648 4203 9222 0 exe 99240 486259 611259 resp 616814 1000 pmu 1017097 1030575 8339617 14664774 1261677983
1790338252.808760 W 108 lat 370 4018 8537 0 exe 98148 473759 589796 resp 593796 998 pmu 1013072 1027077 8285763 14900861 1231525370
1790338253.756796 W 109 lat 444 3981 9629 0 exe 102148 487907 586166 resp 590740 1000 pmu 1018610 1032689 8339091 14604833 1265871473
1790338254.796796 W 110 lat 481 4092 10185 0 exe 104166 487296 587999 resp 591666 1000 pmu 1017770 1033145 8340528 14667632 1263611747
1790338255.740896 W 111 lat 629 4296 9648 0 exe 106166 482851 574555 resp 579962 1000 pmu 1018188 1034421 8342843 14692076 1255159869
1790338256.788880 W 112 lat 611 4333 9203 0 exe 100425 488259 574240 resp 580796 1000 pmu 1018238 1034731 8327224 14553158 1268710123
1790338257.736887 W 113 lat 444 4314 8944 0 exe 107499 485870 593814 resp 598888 1000 pmu 1018997 1035246 8348671 14551757 1262026961
1790338258.792870 W 114 lat 462 4037 9592 0 exe 100259 471629 585166 resp 589796 1000 pmu 1012171 1021464 8285309 14761516 1224431826
1790338259.740746 W 115 lat 314 3240 8185 0 exe 92092 396333 589296 resp 592259 996 pmu 994768 974009 8092610 14567242 1033754216
1790338260.784660 W 116 lat 314 2962 8351 0 exe 98759 395648 559814 resp 563851 999 pmu 985855 950673 8017071 14171171 1021558647
1790338261.736896 W 117 lat 314 3425 8462 0 exe 95277 414685 579074 resp 583222 997 pmu 998109 1000928 8121595 13911165 1083237558
1790338262.788841 W 118 lat 333 3351 8370 0 exe 93240 419333 581240 resp 585351 996 pmu 996615 972207 8117075 14184894 1085988014
1790338263.732668 W 119 lat 351 3555 8833 0 exe 97685 440240 560111 resp 564388 996 pmu 1002089 994678 8178296 14218607 1139263549
1790338264.788837 W 120 lat 296 3703 9185 0 exe 92833 446592 554166 resp 558629 997 pmu 1005484 1012148 8222389 14138423 1161776479
1790338265.732866 W 121 lat 314 3722 8925 0 exe 95092 464851 583185 resp 588499 996 pmu 1006120 1013057 8218845 14089645 1204946046
1790338266.784840 W 122 lat 314 3740 8796 0 exe 94370 467851 561814 resp 566833 996 pmu 1007751 1015383 8224097 14485432 1212558424
1790338267.728859 W 123 lat 333 3240 9777 0 exe 95777 401425 581611 resp 587425 999 pmu 995509 979536 8115514 14281194 1048192729
1790338268.784611 W 124 lat 333 2444 7296 0 exe 98351 360351 566185 resp 570481 998 pmu 973273 917810 7879389 14160602 924220218
1790338269.728815 W 125 lat 314 3259 8629 0 exe 95592 408074 585092 resp 590777 997 pmu 995349 976920 8105312 13789761 1063330090
1790338270.788571 W 126 lat 314 3074 7555 0 exe 97296 416555 562111 resp 565333 998 pmu 989404 965956 8068388 14221329 1075017819
1790338271.748777 W 127 lat 314 2796 9722 0 exe 94277 372481 551333 resp 555222 994 pmu 983042 944733 7994391 14023817 967486470
1790338272.792514 W 128 lat 296 703 5814 0 exe 14981 72222 569351 resp 574333 120 pmu 977100 136148 7910357 13690798 192873332
1790338273.728509 W 129 lat 296 296 462 0 exe 14944 16555 104814 resp 105129 1 pmu 971996 16534 7888702 11947943 45807154
1790338274.776774 W 130 lat 296 2907 7185 0 exe 15018 329407 634907 resp 638925 854 pmu 1018348 896159 8435086 6974276 855144646
1790338275.820756 W 131 lat 1574 3462 7055 0 exe 269037 376425 429944 resp 434425 1000 pmu 1031953 1037243 8551721 13905811 983013457
1790338276.768786 W 132 lat 1740 3462 6481 0 exe 312537 376796 438074 resp 443722 1000 pmu 1032212 1036740 8553724 13372235 983214538
1790338277.720796 W 133 lat 1037 3333 7944 0 exe 250259 369925 432833 resp 435944 1000 pmu 1031348 1033766 8533038 13676715 967119569
1790338278.776842 W 134 lat 1518 3444 7333 0 exe 325537 376962 425685 resp 430148 1000 pmu 1032113 1037425 8546205 13269126 983465019
1790338279.736790 W 135 lat 1648 3425 6870 0 exe 315685 375555 428685 resp 433259 1000 pmu 1032277 1037238 8568854 13615755 980701219
1790338280.788778 W 136 lat 1092 3462 6796 0 exe 293796 378629 431981 resp 437148 1000 pmu 1032019 1035753 8551740 13588384 986446951
1790338281.724808 W 137 lat 1574 3370 6296 0 exe 305314 379222 436074 resp 439037 1000 pmu 1031797 1035107 8539375 13527265 989093747
1790338282.764840 W 138 lat 1444 3425 6703 0 exe 331518 380999 431648 resp 435148 1000 pmu 1032242 1037489 8555697 13617236 993325153
1790338283.804808 W 139 lat 1629 3462 6481 0 exe 262203 381018 443462 resp 449537 1000 pmu 1032066 1037773 8553969 13717089 993658087
1790338284.744805 W 140 lat 1148 3333 6833 0 exe 298277 378240 443907 resp 447462 1000 pmu 1031833 1031882 8542083 13501678 986536556
1790338285.816690 W 141 lat 1740 3462 7407 0 exe 328388 381851 448629 resp 452999 1000 pmu 1031974 1036516 8544254 13658620 995421306
1790338286.768796 W 142 lat 1592 3370 7462 0 exe 242833 381999 439037 resp 443462 1000 pmu 1032049 1041511 8547550 13884980 996049473
1790338287.808794 W 143 lat 1537 3425 6499 0 exe 321351 380999 445537 resp 450518 1000 pmu 1032005 1036843 8545814 13361357 993208149
1790338288.744802 W 144 lat 1407 3407 6611 0 exe 309111 379425 437333 resp 442074 1000 pmu 1031825 1035819 8540749 13811932 989792777
1790338289.784775 W 145 lat 1870 3388 6185 0 exe 340259 382611 443944 resp 447037 1000 pmu 1032082 1038281 8556492 13659465 997256077
1790338290.720817 W 146 lat 1759 3462 6351 0 exe 326981 381333 440481 resp 446166 1000 pmu 1032172 1037768 8550469 13889132 994731694
1790338291.760791 W 147 lat 499 3370 7444 0 exe 306203 381351 435296 resp 437555 1000 pmu 1031872 1034408 8540728 13795367 994268202
1790338292.800805 W 148 lat 685 3370 6796 0 exe 277833 375740 431555 resp 436611 1000 pmu 1031944 1036283 8554596 13621214 981189782
1790338293.744805 W 149 lat 1611 3481 6518 0 exe 331185 377740 435907 resp 439499 1000 pmu 1031923 1036519 8555882 13425638 985585026
1790338294.808667 W 150 lat 1537 3388 6351 0 exe 285981 373833 440666 resp 444685 1000 pmu 1031851 1036755 8542865 13742373 976747384
1790338295.756788 W 151 lat 944 3407 7444 0 exe 281870 375351 437333 resp 441592 1000 pmu 1031762 1035953 8544935 13544996 979870246
1790338296.812783 W 152 lat 1833 3425 6629 0 exe 287944 376074 425777 resp 430518 1000 pmu 1032095 1036892 8543862 13502406 981862165
1790338297.756779 W 153 lat 1499 3462 6925 0 exe 312648 375685 438944 resp 441574 1000 pmu 1031938 1034554 8542089 13423652 980663693
1790338298.808780 W 154 lat 1444 3388 6814 0 exe 289685 375833 424111 resp 429277 1000 pmu 1032090 1036323 8552618 13666381 980382526
1790338299.760805 W 155 lat 1499 3407 6962 0 exe 306611 379999 430611 resp 436092 1000 pmu 1031942 1036005 8550198 13415352 989799101
1790338300.812787 W 156 lat 1759 3481 8185 0 exe 319814 380518 436111 resp 441407 1000 pmu 1032226 1036773 8553410 13588477 992418702
1790338301.748775 W 157 lat 1314 3388 6981 0 exe 306944 380203 439944 resp 443481 1000 pmu 1032001 1036219 8549606 13718949 991292677
1790338302.796774 W 158 lat 1222 3370 7259 0 exe 309333 380333 430592 resp 434962 1000 pmu 1031977 1038870 8549292 13673863 992074467
1790338303.732765 W 159 lat 1611 3407 6333 0 exe 334333 382814 434185 resp 437499 1000 pmu 1032083 1041284 8549658 13598044 997400632
1790338304.788680 W 160 lat 981 3388 6574 0 exe 252999 380074 450185 resp 454740 1000 pmu 1032151 1038468 8550576 13763487 991454401
1790338305.720761 W 161 lat 1185 3425 6685 0 exe 292185 381888 436574 resp 440944 1000 pmu 1032089 1038042 8549692 13507271 995386165
1790338306.772768 W 162 lat 999 3259 7685 0 exe 125851 374129 428981 resp 432185 1000 pmu 1031770 1038749 8534451 13577053 977720529
1790338307.728801 W 163 lat 1037 3407 6574 0 exe 291111 382574 431981 resp 436462 1000 pmu 1031871 1041127 8547959 12628180 996629620
1790338308.776766 W 164 lat 1796 3462 7185 0 exe 330018 382259 427018 resp 432166 1000 pmu 1032142 1038796 8551952 13528325 996469730
1790338309.720795 W 165 lat 1574 3388 6444 0 exe 298425 381203 436055 resp 441129 1000 pmu 1032029 1037512 8543132 13682155 993992671
1790338310.772799 W 166 lat 629 3296 7537 0 exe 291574 375814 429648 resp 433462 1000 pmu 1031796 1034203 8541749 13603664 980811988
1790338311.820809 W 167 lat 1296 3425 6333 0 exe 294666 377277 449888 resp 456129 1000 pmu 1032023 1036515 8555110 13472483 984307237
1790338312.764824 W 168 lat 1351 3444 7222 0 exe 312666 376574 436370 resp 440240 1000 pmu 1031928 1034937 8543919 13707802 982880684
1790338313.804840 W 169 lat 1388 3444 6074 0 exe 294185 376444 440444 resp 443666 1000 pmu 1031997 1036065 8550624 13651930 982323314
1790338314.740771 W 170 lat 1425 3462 7240 0 exe 311648 376407 436907 resp 441240 1000 pmu 1032012 1036137 8558420 13590828 982501032
1790338315.784697 W 171 lat 1518 3481 6925 0 exe 326777 377277 435296 resp 439666 1000 pmu 1032108 1037080 8554873 13654035 984608063
1790338316.820794 W 172 lat 1444 3370 6925 0 exe 304962 376018 437314 resp 441037 1000 pmu 1031910 1039111 8553476 13717435 981364575
1790338317.760792 W 173 lat 1370 3462 7499 0 exe 318685 378925 427203 resp 430851 1000 pmu 1031933 1036163 8539473 13617970 987140755
1790338318.800836 W 174 lat 1185 3444 6499 0 exe 328555 381499 436074 resp 441777 1000 pmu 1032082 1036911 8567833 13602707 994632178
1790338319.736803 W 175 lat 1555 3407 6814 0 exe 309407 380888 435777 resp 440055 1000 pmu 1032009 1038082 8549538 13757883 992916452
1790338320.776774 W 176 lat 1518 3425 7129 0 exe 297944 381499 434981 resp 438722 1000 pmu 1031955 1038344 8554518 13652163 994550058
1790338321.816789 W 177 lat 1370 3388 6129 0 exe 305055 380518 430148 resp 433092 1000 pmu 1031983 1035710 8544924 13588743 992073735
1790338322.752828 W 178 lat 1722 3444 6574 0 exe 328203 381444 447388 resp 452833 1000 pmu 1032186 1036843 8553710 13561078 994425818
1790338323.792819 W 179 lat 1259 3425 6444 0 exe 316999 381037 431907 resp 435333 1000 pmu 1032005 1036114 8548275 13870633 993576537
1790338324.732702 W 180 lat 1444 3351 6370 0 exe 275092 379944 436740 resp 440629 1000 pmu 1031951 1034658 8537227 13644716 990670387
1790338325.772800 W 181 lat 1648 3425 7166 0 exe 330314 383907 431722 resp 435870 1000 pmu 1032177 1043027 8549538 13480516 1000044354
1790338326.812702 W 182 lat 1388 3425 6685 0 exe 315981 381222 451481 resp 456055 1000 pmu 1032008 1035492 8541020 13732766 993781109
1790338327.748767 W 183 lat 1462 3370 7277 0 exe 264370 379296 425277 resp 430314 1000 pmu 1031786 1034445 8538985 13843686 989535593
1790338328.788803 W 184 lat 574 3351 7759 0 exe 287462 378185 451851 resp 456870 1000 pmu 1032044 1034649 8542520 13319631 986383596
1790338329.724747 W 185 lat 1703 3444 6259 0 exe 331944 377722 439444 resp 444407 1000 pmu 1031897 1035964 8541336 13692912 985621648
1790338330.768772 W 186 lat 1166 3444 6388 0 exe 302833 376388 441555 resp 446574 1000 pmu 1032131 1036143 8552288 13787301 982429169
1790338331.808771 W 187 lat 1351 3444 7277 0 exe 287388 375870 433462 resp 437814 1000 pmu 1031799 1034253 8540948 13654360 981199414
1790338332.744756 W 188 lat 1648 3444 6518 0 exe 333092 377648 442925 resp 447592 1000 pmu 1032213 1037398 8559275 13495720 985284780
1790338333.788786 W 189 lat 1388 3481 6870 0 exe 303722 376759 438648 resp 441740 1000 pmu 1032122 1036254 8548858 13827030 983476508
1790338334.724519 W 190 lat 296 888 5518 0 exe 14962 97222 428518 resp 431962 283 pmu 986099 355491 8015532 13623522 264953769
1790338335.764481 W 191 lat 296 296 333 0 exe 14944 15129 15870 resp 16166 0 pmu 972606 92 7892680 10656288 40735092
1790338336.180512 Closing cell "rt-bench"
1790338336.180573 [MG] Initializing memguard on CPU 3
1790338336.180599 [SMMUv2] Exiting SMMUv2 on cell 1
1790338336.180643 Page pool usage after cell destruction: mem 83/4061, remap 5/131072
1790338336.180673 [MG] Initializing memguard on CPU 3
