1790892085.541327 <missed 171133 bytes of console log>
1790892085.541432 131333 498296 resp 503092 433 pmu 1016434 493633 8265212 12601861 365194064
1790892085.541501 W 254 lat 296 1018 11055 0 exe 26185 79166 397944 resp 399629 175 pmu 1018080 461153 8268606 11658210 239352760
1790892085.541561 W 255 lat 296 296 537 0 exe 17166 23814 98999 resp 99407 0 pmu 1023581 90271 8263000 10335988 62995479
1790892085.541613 W 256 lat 296 296 981 0 exe 16944 22055 98425 resp 99407 0 pmu 1023688 69750 8267108 6961779 56345679
1790892085.541639 [MG] memguard_call 0 0 0 (CPU 0)
1790892085.541664 [MG] memguard_call 0 0 0 (CPU 1)
1790892085.541687 [MG] memguard_call 0 0 0 (CPU 2)
1790892085.541736 W 257 lat 296 296 796 0 exe 17425 29851 138685 resp 139425 71 pmu 1023193 153718 8261929 6951544 78356926
1790892085.541786 W 258 lat 296 296 333 0 exe 17074 19796 43796 resp 44111 0 pmu 1023756 42519 8267232 7393316 50190581
1790892085.541807 Closing cell "rt-bench"
1790892085.541831 [MG] Initializing memguard on CPU 3
1790892085.541855 [SMMUv2] Exiting SMMUv2 on cell 1
1790892085.541908 [COL] Colored OP 1: PHYS 0x30000000 -> VIRT 0x00000000 (SIZE: 0x00400000, COL: 0x000000ff, extra: 0x0000000000000000)
1790892085.541928 [COL] Result: 0
1790892085.541980 [COL] Colored OP 4: PHYS 0x30000000 -> VIRT 0x00000000 (SIZE: 0x00400000, COL: 0x000000ff, extra: 0x0000000000000001)
1790892085.541999 [COL] Result: 0
1790892085.542034 Page pool usage after cell destruction: mem 85/4061, remap 5/131072
1790892085.542060 [MG] Initializing memguard on CPU 3
1790892085.542084 [MG] Initializing memguard on CPU 3
1790892085.542137 [COL] Colored OP 0: PHYS 0x30000000 -> VIRT 0x00000000 (SIZE: 0x00400000, COL: 0x000000ff, extra: 0x0000000000000000)
1790892085.542156 [COL] Result: 0
1790892085.542180 [MG] Initializing memguard on CPU 3
1790892085.542200 Created cell "rt-bench"
1790892085.542234 Page pool usage after cell creation: mem 98/4061, remap 5/131072
1790892085.542288 [COL] Colored OP 3: PHYS 0x30000000 -> VIRT 0x00000000 (SIZE: 0x00400000, COL: 0x000000ff, extra: 0x0000000000000000)
1790892085.542314 [MG] Initializing memguard on CPU 3
1790892085.542331 [COL] Result: 0
1790892085.542353 Cell "rt-bench" can be loaded
1790892085.542405 [COL] Colored OP 2: PHYS 0x30000000 -> VIRT 0x00000000 (SIZE: 0x00400000, COL: 0x000000ff, extra: 0x0000000000000000)
1790892085.542425 [COL] Result: 0
1790892085.542477 [COL] Colored OP 4: PHYS 0x30000000 -> VIRT 0x00000000 (SIZE: 0x00400000, COL: 0x000000ff, extra: 0x0000000000000001)
1790892085.542496 [COL] Result: 0
1790892085.542515 Started cell "rt-bench"
1790892085.542539 [MG] Initializing memguard on CPU 3
1790892085.542570 rt-bench: ws 768 KB, 1024 loads/period, window 1000
1790892086.577553 W 0 lat 333 462 1296 0 exe 24611 36833 136777 resp 137129 60 pmu 1023513 149692 8266299 5307654 63791479
1790892087.513522 W 1 lat 296 314 796 0 exe 16907 24685 131388 resp 132185 21 pmu 1023672 97503 8265733 7446628 61071629
1790892088.557540 W 2 lat 296 296 388 0 exe 16981 21925 110833 resp 111222 7 pmu 1023719 69837 8259844 7292085 56069556
1790892089.597524 W 3 lat 296 296 333 0 exe 16870 21222 98833 resp 99148 0 pmu 1023775 62092 8258356 7068832 53655333
1790892090.533543 W 4 lat 296 296 370 0 exe 17166 22129 134888 resp 135222 6 pmu 1023775 71972 8263597 6944078 56295404
1790892091.577549 W 5 lat 296 296 333 0 exe 16703 19666 68240 resp 68537 0 pmu 1023783 43619 8262524 7311038 49810894
1790892092.517570 W 6 lat 296 518 4555 0 exe 17240 131092 594944 resp 597703 408 pmu 1022517 736195 8255703 6630643 384288381
1790892093.557529 W 7 lat 296 296 351 0 exe 16851 19759 58092 resp 58407 0 pmu 1023819 44983 8262933 12491129 53171755
1790892093.767868 [MG] memguard_call 1000 1000 1 (CPU 0)
1790892093.770879 [MG] memguard_call 1000 1000 1 (CPU 1)
1790892093.770909 [MG] memguard_call 1000 1000 1 (CPU 2)
1790892094.602867 W 8 lat 296 314 796 0 exe 16648 52111 116129 resp 116462 14 pmu 1022160 429045 8250542 6529394 136444780
1790892095.537518 W 9 lat 296 296 333 0 exe 16833 19462 45277 resp 45592 0 pmu 1023790 41213 8260021 7272888 49311172
1790892096.578868 W 10 lat 296 296 407 0 exe 17074 29074 78055 resp 78370 0 pmu 1023596 155971 8256678 6399454 73682506
1790892097.513862 W 11 lat 296 296 333 0 exe 16962 20407 64074 resp 64370 0 pmu 1023762 52317 8264897 6777100 51329856
1790892098.563863 W 12 lat 296 296 333 0 exe 16666 18537 33203 resp 33518 0 pmu 1023878 30786 8265508 6592787 46615249
1790892099.598881 W 13 lat 296 296 629 0 exe 16759 30407 80111 resp 80425 0 pmu 1023609 172061 8264062 6273416 76866026
1790892100.535864 W 14 lat 296 296 333 0 exe 16851 19185 47074 resp 47370 0 pmu 1023720 38585 8256277 6803631 48393938
1790892101.574868 W 15 lat 296 296 425 0 exe 16962 30574 77037 resp 77333 0 pmu 1023548 173799 8260224 6416160 77355231
1790892102.613864 W 16 lat 296 296 333 0 exe 16925 19055 46925 resp 47240 0 pmu 1023834 36421 8262751 6773828 47990995
1790892103.550866 W 17 lat 296 296 425 0 exe 16759 29907 80203 resp 80518 0 pmu 1023557 165841 8260426 6414500 75716111
1790892104.589872 W 18 lat 296 296 333 0 exe 16962 18999 42314 resp 42629 0 pmu 1023843 36082 8265750 6801035 47905036
1790892105.526886 W 19 lat 296 296 518 0 exe 17037 31111 80833 resp 81148 0 pmu 1023525 179921 8258421 6368200 78733508
1790892106.565865 W 20 lat 296 296 333 0 exe 17388 19370 49999 resp 50314 0 pmu 1023838 40049 8260668 6815169 48817190
1790892107.615869 W 21 lat 296 296 574 0 exe 17277 39166 72648 resp 72944 0 pmu 1023535 276186 8259581 6448990 99079731
1790892108.550873 W 22 lat 296 314 666 0 exe 19814 64481 87592 resp 87907 0 pmu 1021862 578334 8251108 6775338 167281164
1790892109.589874 W 23 lat 296 296 333 0 exe 17037 19981 45425 resp 45722 0 pmu 1023731 47336 8260717 7064549 50497539
1790892110.526872 W 24 lat 296 296 518 0 exe 17055 30444 80203 resp 80518 0 pmu 1023478 172051 8258236 6404627 77023770
1790892111.565874 W 25 lat 296 296 444 0 exe 16925 19407 57388 resp 57685 0 pmu 1023767 40757 8263908 6805629 48919463
1790892112.606873 W 26 lat 296 296 388 0 exe 16740 29759 79648 resp 79962 0 pmu 1023569 164043 8258717 6521435 75374181
1790892113.541872 W 27 lat 296 296 333 0 exe 16777 19259 45814 resp 46129 0 pmu 1023779 39050 8264756 6794721 48511858
1790892114.582893 W 28 lat 296 296 444 0 exe 16796 30111 79092 resp 79407 0 pmu 1023531 168264 8259168 6403758 76173041
1790892115.517883 W 29 lat 296 296 351 0 exe 16944 19425 51407 resp 51703 0 pmu 1023748 40947 8247195 6791332 48939232
1790892116.562896 W 30 lat 296 296 425 0 exe 16925 22666 66611 resp 66944 0 pmu 1023760 79785 8254708 6461207 57115261
1790892117.602890 W 31 lat 296 296 425 0 exe 16888 26907 78537 resp 78851 0 pmu 1023572 130103 8258452 6629995 68096180
1790892118.537515 W 32 lat 296 296 333 0 exe 16907 19018 52055 resp 52351 0 pmu 1023808 36212 8266614 6770131 47880309
1790892119.582890 W 33 lat 296 296 444 0 exe 16925 30037 77370 resp 77685 0 pmu 1023550 167393 8256397 6465264 76007085
1790892120.517514 W 34 lat 296 296 333 0 exe 17092 19259 49462 resp 49796 0 pmu 1023808 38843 8259126 6774517 48511759
1790892121.558892 W 35 lat 296 296 351 0 exe 16944 31037 78888 resp 79203 0 pmu 1023626 179211 8259276 6441852 78444303
1790892122.597885 W 36 lat 296 296 333 0 exe 16666 19814 49092 resp 49407 0 pmu 1023747 45616 8262697 6794207 49904222
1790892123.534892 W 37 lat 296 296 592 0 exe 16685 30388 78592 resp 78907 0 pmu 1023469 171722 8259860 6438700 76994589
1790892124.573890 W 38 lat 296 296 333 0 exe 16796 19203 52203 resp 52499 0 pmu 1023760 38265 8265754 6788040 48376419
1790892125.614905 W 39 lat 296 296 444 0 exe 17092 26444 79388 resp 79703 0 pmu 1023684 124289 8261969 6467265 66808681
1790892126.549904 W 40 lat 296 296 481 0 exe 16962 29962 89370 resp 89666 0 pmu 1023369 166785 8258400 6777571 77080917
1790892127.589517 W 41 lat 296 296 333 0 exe 16870 19574 52333 resp 52629 0 pmu 1023780 42505 8264212 6894429 49349411
1790892128.530894 W 42 lat 296 296 462 0 exe 17055 30222 78851 resp 79166 0 pmu 1023570 169566 8262888 6470688 76588981
1790892129.569890 W 43 lat 296 296 333 0 exe 16962 19222 56074 resp 56388 0 pmu 1023771 38506 8256260 6790923 48402029
1790892130.614898 W 44 lat 296 296 481 0 exe 16777 29814 77870 resp 78185 0 pmu 1023569 164517 8258268 6506931 75459402
1790892131.549514 W 45 lat 296 296 333 0 exe 16907 19166 46870 resp 47185 0 pmu 1023735 37819 8259518 6777824 48264953
1790892132.590901 W 46 lat 296 296 351 0 exe 16703 30055 76981 resp 77296 0 pmu 1023467 167263 8255230 6414511 76015245
1790892133.525517 W 47 lat 296 296 333 0 exe 16925 19611 48685 resp 48999 0 pmu 1023639 42908 8258288 6769033 49376727
1790892134.566910 W 48 lat 296 296 444 0 exe 16944 28796 76074 resp 76388 0 pmu 1023475 152906 8261092 6434950 73001922
1790892135.605515 W 49 lat 296 296 333 0 exe 17018 20370 63111 resp 63425 0 pmu 1023717 51870 8258760 6755317 51211852
1790892136.546886 W 50 lat 296 296 333 0 exe 16759 18685 36648 resp 36944 0 pmu 1023758 32112 8261200 6583262 46990518
1790892137.582900 W 51 lat 296 296 592 0 exe 16981 30092 77111 resp 77425 0 pmu 1023558 168064 8260393 6308878 76179699
1790892138.517904 W 52 lat 296 296 333 0 exe 16888 19407 45888 resp 46203 0 pmu 1023763 40524 8262953 6773155 48824456
1790892139.562896 W 53 lat 296 296 481 0 exe 17129 29833 78296 resp 78629 0 pmu 1023554 165087 8257350 6405671 75516706
1790892140.601898 W 54 lat 296 296 333 0 exe 16925 19388 59444 resp 59759 0 pmu 1023768 40565 8260409 6784024 48865767
1790892141.538893 W 55 lat 296 296 388 0 exe 17018 30037 78592 resp 78907 0 pmu 1023486 167079 8256326 6541405 76075312
1790892142.577891 W 56 lat 296 296 333 0 exe 16777 19185 47203 resp 47499 0 pmu 1023762 38161 8261328 6786830 48339939
1790892143.514902 W 57 lat 296 296 425 0 exe 16981 30092 76111 resp 76425 0 pmu 1023544 167970 8256192 6417154 76124345
1790892144.553897 W 58 lat 296 296 333 0 exe 16703 19240 49481 resp 49796 0 pmu 1023840 38777 8262858 6762257 48482553
1790892145.600881 W 59 lat 296 296 351 0 exe 17185 22648 72888 resp 73203 0 pmu 1023808 79444 8262168 6439895 57047056
1790892146.530895 W 60 lat 296 296 425 0 exe 16925 27092 78481 resp 78777 0 pmu 1023549 132185 8257583 6693495 68662002
1790892147.569515 W 61 lat 296 296 333 0 exe 16574 19037 45611 resp 45925 0 pmu 1023783 36473 8263281 6770657 47946527
1790892148.520885 W 62 lat 296 314 648 0 exe 17166 54962 88666 resp 88999 0 pmu 1021970 463989 8250222 6399636 143186931
1790892149.567883 W 63 lat 277 314 777 0 exe 37962 65129 88462 resp 88759 0 pmu 1022566 584725 8253925 7014516 167460953
1790892150.610887 W 64 lat 296 296 499 0 exe 17481 33666 87388 resp 87888 0 pmu 1023536 210195 8261345 7167770 85604312
1790892151.545897 W 65 lat 296 296 333 0 exe 16611 19277 47611 resp 47944 0 pmu 1023766 38957 8261827 6896766 48629995
1790892152.586894 W 66 lat 296 296 444 0 exe 16962 30851 77574 resp 77888 0 pmu 1023520 177144 8257774 6421168 77981534
1790892153.521894 W 67 lat 296 296 333 0 exe 17018 20555 51259 resp 51574 0 pmu 1023756 53912 8260474 6780831 51679924
1790892154.562906 W 68 lat 296 296 425 0 exe 16703 27296 70444 resp 70759 0 pmu 1023641 134889 8255864 6465807 68957483
1790892155.602889 W 69 lat 296 296 407 0 exe 17222 25999 84351 resp 84666 0 pmu 1023614 119024 8256518 6690373 65827841
1790892156.546935 W 70 lat 296 296 444 0 exe 16814 25629 76166 resp 76499 0 pmu 1023645 114988 8258185 6825354 65042808
1790892157.603950 W 71 lat 296 333 759 0 exe 34833 69074 96240 resp 96555 0 pmu 1021898 632965 8260289 6739915 181696350
1790892158.543914 W 72 lat 296 351 703 0 exe 51555 78703 96518 resp 96814 0 pmu 1021988 750689 8274315 7249734 211265474
1790892159.582919 W 73 lat 296 314 629 0 exe 35462 65870 91129 resp 91444 0 pmu 1022227 597153 8256680 7383983 170872216
1790892160.517918 W 74 lat 296 296 759 0 exe 34722 61648 84981 resp 85314 0 pmu 1023571 546079 8268625 7184933 152697806
1790892161.566922 W 75 lat 296 314 685 0 exe 34685 64925 86907 resp 87333 0 pmu 1022379 585332 8258925 7099393 166257355
1790892162.528913 W 76 lat 296 333 2907 0 exe 38370 62111 121611 resp 122925 4 pmu 1023556 540816 8268797 7135113 159669168
1790892163.568905 W 77 lat 296 314 3333 0 exe 33111 57296 92111 resp 95444 0 pmu 1023496 493146 8262711 7502063 148952682
1790892164.610929 W 78 lat 296 314 629 0 exe 32092 60925 86296 resp 86611 0 pmu 1022463 537126 8260242 7168710 156347090
1790892165.546924 W 79 lat 296 296 518 0 exe 31851 57685 78777 resp 79092 0 pmu 1023578 498412 8261161 7094948 143214258
1790892166.594932 W 80 lat 296 314 759 0 exe 33351 64055 96333 resp 96648 0 pmu 1022539 574922 8263306 7001865 169752113
1790892167.529939 W 81 lat 296 296 444 0 exe 34611 63148 84685 resp 84999 0 pmu 1023646 564651 8269781 7217974 156658265
1790892168.575938 W 82 lat 296 314 888 0 exe 36833 67074 89240 resp 89555 0 pmu 1021668 611499 8260530 7101696 175033136
1790892169.527941 W 83 lat 296 333 833 0 exe 39981 70314 90203 resp 90722 0 pmu 1020133 650572 8248883 7180166 189308429
1790892170.579911 W 84 lat 296 444 4277 0 exe 48240 73499 514759 resp 517037 35 pmu 1020956 640603 8255811 7222579 200184217
1790892171.528914 W 85 lat 296 388 4259 0 exe 28907 62037 506111 resp 510203 27 pmu 1022814 517924 8261142 11552173 165792666
1790892172.587914 W 86 lat 296 296 537 0 exe 31388 56962 77481 resp 77796 0 pmu 1023598 490093 8263683 11320321 143889499
1790892173.548913 W 87 lat 296 314 703 0 exe 30925 60666 86462 resp 86777 0 pmu 1022504 533548 8256135 6983133 155585368
1790892174.602958 W 88 lat 296 314 499 0 exe 31222 59277 93314 resp 93629 0 pmu 1023628 517479 8261730 7090010 151866395
1790892175.538950 W 89 lat 296 314 703 0 exe 33351 65648 88981 resp 89296 0 pmu 1022365 594172 8255565 7151938 168195568
1790892176.578931 W 90 lat 296 296 425 0 exe 34370 61851 81925 resp 82240 0 pmu 1023594 548890 8258884 7152223 153303975
1790892177.519935 W 91 lat 296 314 666 0 exe 37555 65481 89203 resp 89518 0 pmu 1022244 592412 8257835 7066103 167794586
1790892178.571943 W 92 lat 296 333 4611 0 exe 35333 61740 226092 resp 227796 3 pmu 1023414 534913 8262946 7174394 161287188
1790892179.521914 W 93 lat 296 314 592 0 exe 30925 56833 80074 resp 80388 0 pmu 1023493 488356 8261026 8540335 146152396
1790892180.554929 W 94 lat 296 314 685 0 exe 30518 60259 87592 resp 87907 0 pmu 1022566 528953 8259952 7006213 154212714
1790892181.594920 W 95 lat 296 296 518 0 exe 32148 57222 77537 resp 77851 0 pmu 1023601 492353 8256595 7097012 142061595
1790892182.538952 W 96 lat 296 314 648 0 exe 32407 63537 95277 resp 95703 0 pmu 1022441 568500 8257679 6988603 168641337
1790892183.577959 W 97 lat 296 296 444 0 exe 35907 62944 83796 resp 84111 0 pmu 1023552 562123 8258352 7200213 156068404
1790892184.522961 W 98 lat 296 314 685 0 exe 37648 64629 90277 resp 90592 0 pmu 1022515 581715 8255182 7098088 165291931
1790892185.563991 W 99 lat 296 333 3111 0 exe 36833 63814 195648 resp 198629 10 pmu 1023520 561895 8263918 7181428 163673087
1790892186.619964 W 100 lat 296 370 3444 0 exe 40907 64944 171851 resp 174314 9 pmu 1023077 571597 8266364 8252691 170560341
1790892187.571962 W 101 lat 296 314 629 0 exe 30555 58796 86277 resp 86611 0 pmu 1022948 511783 8253877 8039957 149394199
1790892188.519965 W 102 lat 296 296 499 0 exe 30092 56166 75962 resp 76277 0 pmu 1023638 480844 8261845 7076699 139244094
1790892189.595966 W 103 lat 296 314 685 0 exe 32833 60870 87074 resp 87481 0 pmu 1022478 536821 8257955 6957238 156468669
1790892190.522970 W 104 lat 296 296 499 0 exe 34759 62111 93777 resp 94092 0 pmu 1023587 551769 8260052 7107076 158871092
1790892191.562970 W 105 lat 296 314 611 0 exe 34499 65333 85740 resp 86055 0 pmu 1022304 590379 8255356 7188418 167259048
1790892192.602953 W 106 lat 296 296 481 0 exe 35129 62296 83574 resp 83888 0 pmu 1023585 554105 8257510 7123420 154457905
1790892193.543969 W 107 lat 296 462 4333 0 exe 37277 69055 206148 resp 207814 49 pmu 1022412 592081 8262639 7089124 182994062
1790892194.582947 W 108 lat 296 388 3240 0 exe 32574 63629 234777 resp 236925 29 pmu 1023055 547281 8265503 8386328 167762272
1790892195.518929 W 109 lat 296 314 555 0 exe 30611 57333 76888 resp 77203 0 pmu 1023624 494337 8261180 8618638 143191835
1790892196.566968 W 110 lat 296 314 777 0 exe 30796 60370 86814 resp 87129 0 pmu 1022371 530489 8258380 6975204 155323220
1790892197.607945 W 111 lat 296 296 703 0 exe 32111 57351 79481 resp 79796 0 pmu 1023681 494771 8265301 7091621 142514650
1790892198.546961 W 112 lat 296 314 888 0 exe 36944 66722 95277 resp 95703 0 pmu 1022228 606999 8261217 7009340 176115931
1790892199.585973 W 113 lat 296 296 425 0 exe 33796 61944 81370 resp 81685 0 pmu 1023627 550261 8265123 7239936 153603225
1790892200.526966 W 114 lat 296 314 722 0 exe 37925 64888 86814 resp 87129 0 pmu 1022322 585249 8253720 7058294 166197884
1790892201.596952 W 115 lat 296 370 3314 0 exe 36388 63499 148074 resp 151388 9 pmu 1023610 553757 8270295 7149681 162865990
1790892202.546966 W 116 lat 277 314 2759 0 exe 30999 58351 130574 resp 133333 2 pmu 1023281 504309 8264250 7776033 152733510
1790892203.586959 W 117 lat 296 314 796 0 exe 30703 60092 87888 resp 88222 0 pmu 1022720 527074 8257930 7542345 153566345
1790892204.522943 W 118 lat 296 296 462 0 exe 31722 57092 78944 resp 79259 0 pmu 1023636 491539 8260939 7100759 141738345
1790892205.562992 W 119 lat 296 314 907 0 exe 33296 64870 95277 resp 95592 0 pmu 1022447 584110 8256624 6999651 171865993
1790892206.602967 W 120 lat 296 296 425 0 exe 35462 62703 83629 resp 83962 0 pmu 1023569 559093 8258842 7212074 155487066
1790892207.538979 W 121 lat 296 314 611 0 exe 37203 65351 87759 resp 88092 0 pmu 1022210 590391 8255993 7093106 167471189
1790892208.588965 W 122 lat 296 314 2351 0 exe 35092 62407 172666 resp 174574 4 pmu 1023513 552242 8264668 7157286 159084449
1790892209.544998 W 123 lat 296 370 4462 0 exe 44055 64055 328555 resp 331444 13 pmu 1021648 556602 8261125 7997878 172154888
1790892210.582981 W 124 lat 296 314 851 0 exe 31555 57944 87203 resp 87537 0 pmu 1023074 500854 8262878 9625574 151252307
1790892211.518972 W 125 lat 296 296 537 0 exe 31055 56759 78703 resp 79018 0 pmu 1023632 487318 8263151 7087701 140855577
1790892212.570986 W 126 lat 296 314 796 0 exe 28796 61407 91129 resp 91444 0 pmu 1022389 542757 8258072 6992643 158012203
1790892213.610987 W 127 lat 296 314 537 0 exe 35129 65518 96092 resp 96407 0 pmu 1023541 592506 8263828 7130128 168001815
1790892214.554985 W 128 lat 296 314 648 0 exe 35999 65222 89648 resp 89981 0 pmu 1022241 589010 8255010 7230595 167250972
1790892215.593996 W 129 lat 296 296 629 0 exe 35685 62129 83425 resp 83740 0 pmu 1023604 552045 8262471 7169659 153922084
1790892216.548981 W 130 lat 296 574 5592 0 exe 34740 82555 337203 resp 339666 150 pmu 1022005 691558 8261042 7090680 219282772
1790892217.590980 W 131 lat 296 407 3555 0 exe 17462 68222 305222 resp 308777 74 pmu 1023339 596329 8272502 9762728 184802225
1790892218.531977 W 132 lat 296 296 407 0 exe 16999 22574 69648 resp 69962 0 pmu 1023716 78503 8260618 9279105 58602224
1790892219.574996 W 133 lat 296 296 444 0 exe 16851 34944 77870 resp 78185 0 pmu 1023470 226103 8255596 6660094 88862763
1790892220.524057 W 134 lat 296 370 1018 0 exe 27018 47703 123129 resp 123907 8 pmu 1022273 368917 8270605 6803705 131171906
1790892221.572036 W 135 lat 296 425 888 0 exe 28388 42962 62092 resp 62629 0 pmu 1019978 324237 8262469 7376443 132608421
1790892222.616044 W 136 lat 296 407 833 0 exe 26999 33611 54851 resp 55499 0 pmu 1022017 211195 8276738 6747626 102254179
1790892223.556055 W 137 lat 296 407 962 0 exe 26185 34370 58074 resp 58537 0 pmu 1021923 220638 8277805 6621741 104616570
1790892224.604047 W 138 lat 296 407 1055 0 exe 26425 42259 61629 resp 61925 0 pmu 1020186 315946 8262280 6653363 130225635
1790892225.540041 W 139 lat 296 407 888 0 exe 27185 34055 59203 resp 59537 0 pmu 1022011 216740 8278802 6729150 103413353
1790892226.579995 W 140 lat 296 407 1037 0 exe 25870 36981 60888 resp 61259 0 pmu 1021343 252144 8274667 6666960 113254215
1790892227.517023 W 141 lat 296 407 999 0 exe 26277 40499 63185 resp 63870 0 pmu 1020761 294754 8266195 6692873 123742820
1790892228.565002 W 142 lat 296 407 888 0 exe 24648 36203 59370 resp 59870 0 pmu 1021360 242406 8267258 6736948 110615647
1790892229.536025 W 143 lat 296 407 870 0 exe 27518 45388 61833 resp 62462 0 pmu 1019329 354062 8256002 6667579 139424538
1790892230.613016 W 144 lat 296 388 1037 0 exe 36925 52759 72425 resp 72759 0 pmu 1018547 441439 8244389 6753093 157895584
1790892231.576004 W 145 lat 296 388 944 0 exe 34074 53018 79074 resp 79407 0 pmu 1018497 444443 8244074 6942338 157421234
1790892232.582012 W 146 lat 296 388 888 0 exe 30981 59925 87407 resp 87740 0 pmu 1018424 526394 8245717 6995197 172392330
1790892233.577070 W 147 lat 296 388 814 0 exe 27629 57944 86888 resp 87222 0 pmu 1018429 502131 8241113 7097432 169545241
1790892234.552062 W 148 lat 296 407 814 0 exe 26814 34259 58407 resp 58870 0 pmu 1021974 219102 8277953 7065064 104130088
1790892235.536075 W 149 lat 296 407 999 0 exe 27462 37796 57833 resp 58259 0 pmu 1021174 261879 8268432 6658416 115591442
1790892236.586055 W 150 lat 296 407 944 0 exe 27666 39999 60185 resp 60537 0 pmu 1020716 288616 8267999 6674588 122307742
1790892237.522021 W 151 lat 296 407 925 0 exe 27444 34185 55407 resp 55740 0 pmu 1022050 218489 8279765 6709497 103822603
1790892238.566050 W 152 lat 296 407 907 0 exe 25777 41351 62851 resp 63185 0 pmu 1020305 304820 8266589 6631194 126921549
1790892239.601066 W 153 lat 296 407 925 0 exe 25277 34481 61074 resp 61629 0 pmu 1021867 222169 8279381 6733034 104680495
1790892240.544041 W 154 lat 296 407 1018 0 exe 25888 35092 61851 resp 62203 0 pmu 1021755 229155 8275930 6679647 106728547
1790892241.581075 W 155 lat 296 425 1037 0 exe 27388 42703 62740 resp 63092 0 pmu 1020247 321148 8260965 6693016 131211355
1790892242.520082 W 156 lat 296 407 925 0 exe 26629 34148 60833 resp 61185 0 pmu 1022075 217954 8277911 6747520 103507058
1790892243.580005 W 157 lat 296 407 981 0 exe 27055 37870 59296 resp 59833 0 pmu 1021231 262992 8278210 6681301 116020706
1790892244.620012 W 158 lat 296 407 1074 0 exe 27611 37499 98037 resp 99111 0 pmu 1021343 254928 8273379 6687817 114027769
1790892245.556018 W 159 lat 296 407 888 0 exe 26296 34037 75407 resp 76296 0 pmu 1021876 215171 8273899 7079481 103510665
1790892246.612027 W 160 lat 296 407 962 0 exe 26425 42981 58222 resp 58759 0 pmu 1020023 324607 8259305 6827422 132442733
1790892247.548027 W 161 lat 296 407 925 0 exe 26407 33925 54685 resp 54999 0 pmu 1022031 215233 8275168 6699369 102955755
1790892248.595018 W 162 lat 296 407 851 0 exe 26055 35370 57666 resp 57999 0 pmu 1021587 232433 8271952 6617499 107905800
1790892249.529061 W 163 lat 296 407 1185 0 exe 28314 39981 65222 resp 65648 0 pmu 1020716 288370 8270648 6652498 122414315
1790892250.577071 W 164 lat 296 407 944 0 exe 26499 34222 56092 resp 56518 0 pmu 1022088 218954 8283612 6764439 103962494
1790892251.529073 W 165 lat 296 425 944 0 exe 26518 41388 66092 resp 66407 0 pmu 1020330 305055 8263319 6634055 127315481
1790892252.573058 W 166 lat 296 407 1018 0 exe 26425 36185 56351 resp 56685 0 pmu 1021683 242197 8274898 6769453 110175464
1790892253.520090 W 167 lat 296 407 888 0 exe 26481 34166 55055 resp 55518 0 pmu 1022029 217822 8276550 6646121 103586608
1790892254.565094 W 168 lat 296 407 1018 0 exe 26370 42277 60981 resp 61370 0 pmu 1020278 316050 8265530 6623201 129652858
1790892255.605055 W 169 lat 296 407 888 0 exe 26314 34444 61888 resp 62222 0 pmu 1021896 221526 8277707 6722701 104586979
1790892256.556089 W 170 lat 296 407 888 0 exe 27314 36944 58074 resp 58407 0 pmu 1021332 251470 8272344 6691489 112912648
1790892257.617102 W 171 lat 296 407 925 0 exe 26611 40148 62962 resp 63407 0 pmu 1020593 290261 8265793 6670789 122744472
1790892258.553127 W 172 lat 296 407 1037 0 exe 27055 34537 62018 resp 62462 0 pmu 1021917 222482 8279622 6732988 104840432
1790892259.605115 W 173 lat 296 425 1185 0 exe 25944 41907 65129 resp 65685 0 pmu 1020414 311586 8267016 6698220 128929270
1790892260.554077 W 174 lat 296 407 999 0 exe 26740 36870 56740 resp 57166 0 pmu 1021430 250897 8274115 6762036 112409429
1790892261.592118 W 175 lat 296 407 888 0 exe 27148 34333 57203 resp 57518 0 pmu 1022130 220128 8281017 6655314 104182993
1790892262.544092 W 176 lat 296 425 999 0 exe 26796 43555 61999 resp 62314 0 pmu 1019910 331386 8260849 6648024 133896227
1790892263.584088 W 177 lat 296 388 981 0 exe 27037 33851 56351 resp 56722 0 pmu 1022087 214169 8278639 6741213 102900845
1790892264.525045 W 178 lat 296 407 870 0 exe 26537 33796 61166 resp 61499 0 pmu 1022148 213650 8281906 6637325 102840317
1790892265.574080 W 179 lat 296 407 1203 0 exe 27296 42259 75962 resp 77074 0 pmu 1020018 312009 8262730 6682055 129350742
1790892266.609123 W 180 lat 296 407 981 0 exe 26018 33629 74888 resp 75685 0 pmu 1022074 209965 8282702 6881661 102005116
1790892267.573067 W 181 lat 296 407 1018 0 exe 27425 39518 62814 resp 63370 0 pmu 1020773 282551 8266618 6818587 121357821
1790892268.614105 W 182 lat 296 407 962 0 exe 26925 35888 57333 resp 57814 0 pmu 1021689 238868 8274927 6733434 108982662
1790892269.545123 W 183 lat 296 407 1055 0 exe 26814 33740 58351 resp 58814 0 pmu 1021978 213362 8277722 6657417 102362475
1790892270.600112 W 184 lat 296 425 962 0 exe 27685 43388 63296 resp 63666 0 pmu 1020008 329643 8261264 6656638 133436088
1790892271.536107 W 185 lat 296 407 925 0 exe 25740 34166 61425 resp 61870 0 pmu 1021985 218269 8276455 6757839 103807451
1790892272.580109 W 186 lat 296 407 981 0 exe 26759 34444 56481 resp 56907 0 pmu 1021820 221435 8275883 6683375 105004319
1790892273.540114 W 187 lat 296 407 925 0 exe 26870 42703 61851 resp 62296 0 pmu 1020172 321065 8264002 6640536 131221890
1790892274.580128 W 188 lat 296 407 944 0 exe 26648 33666 56629 resp 57018 0 pmu 1022203 212196 8282362 6735799 102192798
1790892275.532112 W 189 lat 296 425 999 0 exe 26666 37574 58166 resp 58481 0 pmu 1021163 259553 8273792 6637286 115087267
1790892276.579076 W 190 lat 296 407 888 0 exe 28314 40222 59462 resp 59833 0 pmu 1020747 291381 8268225 6672462 123560596
1790892277.616108 W 191 lat 296 407 1055 0 exe 25962 34240 57425 resp 57740 0 pmu 1021937 218764 8276914 6706259 104042400
1790892278.561131 W 192 lat 296 425 888 0 exe 26351 40685 65092 resp 65444 0 pmu 1020515 296444 8264050 6644798 124926109
1790892279.605129 W 193 lat 296 407 1111 0 exe 25537 35851 57148 resp 57759 0 pmu 1021735 238950 8277202 6755033 108967484
1790892280.543088 W 194 lat 296 351 888 0 exe 17370 35611 71722 resp 72037 0 pmu 1022590 234665 8269384 6649884 99890533
1790892281.587081 W 195 lat 296 296 425 0 exe 17240 30851 79185 resp 79518 0 pmu 1023427 176946 8260024 6750622 78311281
1790892282.529094 W 196 lat 296 296 444 0 exe 16907 30037 75018 resp 75333 0 pmu 1023472 167695 8261512 6798196 76265458
1790892283.617133 W 197 lat 296 351 796 0 exe 33907 55129 84259 resp 84740 0 pmu 1019856 465043 8256273 6750968 155149639
1790892284.593148 W 198 lat 296 370 1629 0 exe 21648 36592 81685 resp 81999 0 pmu 1021772 241079 8277116 7056762 106184090
1790892285.565083 W 199 lat 296 388 1074 0 exe 24666 34259 91814 resp 92148 0 pmu 1021990 212679 8289901 6880377 102755812
1790892286.525092 W 200 lat 296 481 5666 0 exe 41462 70166 343722 resp 346888 31 pmu 1016054 563951 8242656 6982527 219816249
1790892287.585151 W 201 lat 296 444 5296 0 exe 25925 51351 166074 resp 169185 14 pmu 1019395 394662 8272092 9802861 160930701
1790892288.553114 W 202 lat 296 592 6314 0 exe 23814 53037 371722 resp 375129 65 pmu 1020876 283048 8278181 7852371 150336815
1790892289.605117 W 203 lat 296 629 6703 0 exe 23296 43222 416444 resp 421629 74 pmu 1022675 175696 8289889 9914132 120813538
1790892290.552125 W 204 lat 296 703 6166 0 exe 24407 43537 255370 resp 260722 98 pmu 1022565 168734 8289414 10320779 122372029
1790892291.612205 W 205 lat 296 574 6240 0 exe 24481 50777 331611 resp 334907 62 pmu 1020959 298687 8274372 8715607 144694903
1790892292.557104 W 206 lat 296 703 6222 0 exe 23592 44314 285537 resp 289407 106 pmu 1022521 170783 8285838 9504189 123916729
1790892293.548108 W 207 lat 296 555 6037 0 exe 24388 56629 374740 resp 377018 63 pmu 1020164 350320 8264931 9009935 161486542
1790892294.611133 W 208 lat 296 574 5648 0 exe 24796 56166 349777 resp 354796 70 pmu 1020240 337179 8269094 9957941 160782535
1790892295.577147 W 209 lat 296 481 8018 0 exe 35981 60814 451166 resp 455870 32 pmu 1019320 438228 8259325 9719982 172281804
1790892296.544123 W 210 lat 296 555 6074 0 exe 24425 63722 413796 resp 419444 61 pmu 1019494 407318 8257637 10822581 180936464
1790892297.520153 W 211 lat 277 703 5814 0 exe 23722 46574 317222 resp 321166 86 pmu 1022245 201536 8288920 10401239 131297108
1790892298.588179 W 212 lat 296 388 4814 0 exe 28018 53222 166629 resp 171166 6 pmu 1019430 401004 8258755 9336641 164447762
1790892299.552206 W 213 lat 296 388 907 0 exe 22481 40462 83277 resp 83648 0 pmu 1021313 288259 8274808 7881954 117640405
1790892300.589200 W 214 lat 296 370 851 0 exe 22425 26222 35166 resp 35462 0 pmu 1023549 120521 8294421 6916397 73827172
1790892301.532157 W 215 lat 296 370 814 0 exe 22333 40740 78037 resp 78407 0 pmu 1021204 292477 8277570 6363098 120669151
1790892302.573175 W 216 lat 296 388 925 0 exe 21648 29481 58370 resp 58777 0 pmu 1023123 158494 8288597 6864135 83364485
1790892303.613173 W 217 lat 296 370 981 0 exe 21833 26129 34703 resp 35018 0 pmu 1023539 119427 8291154 6608648 73347653
1790892304.553163 W 218 lat 296 370 814 0 exe 22703 43981 89055 resp 89388 0 pmu 1020712 329922 8270345 6355801 130674151
1790892305.604191 W 219 lat 296 370 907 0 exe 22129 26388 39481 resp 39833 0 pmu 1023517 122313 8291866 6992102 74370363
1790892306.541195 W 220 lat 296 370 1037 0 exe 22574 34740 86759 resp 87111 0 pmu 1022183 221763 8283152 6406166 99244294
1790892343.325221 W 221 lat 296 370 814 0 exe 22388 31203 54833 resp 55148 0 pmu 1022952 178884 8287269 6923571 88325450
1790892343.429205 W 222 lat 296 370 851 0 exe 22259 26203 31833 resp 32129 0 pmu 1023624 120546 8290904 6584323 73693727
1790892343.435251 W 223 lat 296 370 2592 0 exe 29759 52592 127462 resp 130055 1 pmu 1019525 432254 8268158 6328799 167971822
1790892343.436249 W 224 lat 296 333 851 0 exe 26111 41759 90759 resp 91074 0 pmu 1020736 292531 8272728 7475022 125458153
1790892343.436297 W 225 lat 296 370 1425 0 exe 31074 50981 93962 resp 94555 0 pmu 1019143 404422 8265833 7015095 163557601
1790892343.436346 W 226 lat 296 407 5148 0 exe 32814 55629 342240 resp 347277 10 pmu 1018928 435421 8256743 7122530 172208407
1790892343.436393 W 227 lat 296 370 944 0 exe 25648 40574 82481 resp 82796 0 pmu 1020886 289179 8277839 9678358 127790591
1790892343.436441 W 228 lat 296 481 5925 0 exe 25981 49851 314870 resp 318425 24 pmu 1019721 345832 8276888 6924985 155539548
1790892343.436489 W 229 lat 296 425 6055 0 exe 26796 48574 318370 resp 321814 11 pmu 1020107 350335 8276687 9338621 145879034
1790892343.436537 W 230 lat 296 592 6018 0 exe 24907 52222 312574 resp 316388 64 pmu 1021100 303230 8287980 9371250 152962275
1790892343.436585 W 231 lat 296 666 5703 0 exe 23796 42814 255611 resp 260055 93 pmu 1022641 173948 8293240 9324474 120531321
1790892343.436633 W 232 lat 296 648 8425 0 exe 24370 52944 458111 resp 465222 75 pmu 1021133 265875 8279784 8704261 148679522
1790892343.436681 W 233 lat 296 592 6296 0 exe 24759 41888 382777 resp 389074 69 pmu 1022653 163299 8286705 10809692 117921654
1790892343.436729 W 234 lat 296 685 7388 0 exe 24333 46425 437666 resp 443999 87 pmu 1022528 167132 8292399 9988250 128824441
1790892343.436777 W 235 lat 296 666 6870 0 exe 22888 47203 366722 resp 370462 81 pmu 1022463 178508 8288766 10563670 131580376
1790892343.436825 W 236 lat 296 611 8129 0 exe 24462 42648 393833 resp 401962 71 pmu 1022650 165395 8289739 9835238 119587564
1790892343.436873 W 237 lat 296 722 7796 0 exe 24759 51259 433370 resp 438907 99 pmu 1022194 183726 8289959 10119446 141617980
1790892343.436922 W 238 lat 296 592 5722 0 exe 24388 43148 298962 resp 302629 72 pmu 1022173 194840 8286627 10545313 124851270
1790892343.436970 W 239 lat 296 462 4722 0 exe 24444 48240 349759 resp 353222 28 pmu 1020503 309179 8265212 9138129 151714138
1790892343.437018 W 240 lat 296 425 5851 0 exe 23055 37129 267148 resp 271203 12 pmu 1022313 219582 8288547 9665054 108884756
1790892343.437064 W 241 lat 296 370 888 0 exe 22074 27481 56499 resp 56833 0 pmu 1023333 135916 8294484 8784848 79015084
1790892343.437111 W 242 lat 296 370 1037 0 exe 22388 28018 68555 resp 68907 0 pmu 1023361 142314 8293825 6581362 79036667
1790892343.437247 W 243 lat 296 370 814 0 exe 22314 27833 67018 resp 67425 0 pmu 1023218 140041 8288379 6707040 78540785
1790892343.437292 W 244 lat 296 370 999 0 exe 22611 26999 54388 resp 55074 0 pmu 1023410 130346 8298674 6689407 76210959
1790892343.437338 W 245 lat 296 370 925 0 exe 22351 28888 73592 resp 74092 0 pmu 1023229 152644 8296649 6562868 81453820
1790892343.437383 W 246 lat 296 370 907 0 exe 22481 26907 55333 resp 55685 0 pmu 1023460 128884 8291079 6761733 75912086
1790892343.437428 W 247 lat 296 370 907 0 exe 22944 29148 69814 resp 70148 0 pmu 1023258 155671 8292554 6569098 82155784
1790892343.447198 W 248 lat 296 370 1037 0 exe 22259 28777 55296 resp 55666 0 pmu 1023250 151435 8289798 6727327 81833524
1790892343.456191 W 249 lat 296 351 1129 0 exe 23629 40333 95055 resp 95388 0 pmu 1021450 286632 8281099 6577869 123726915
1790892343.457239 W 250 lat 296 351 888 0 exe 28629 51092 92370 resp 92703 0 pmu 1019351 405588 8266677 7040181 169321506
1790892343.457288 W 251 lat 296 351 1555 0 exe 28092 48462 85462 resp 85777 0 pmu 1019867 368139 8268343 7090780 147174178
1790892343.457335 W 252 lat 296 351 1166 0 exe 26740 55444 95740 resp 96092 0 pmu 1018495 455914 8256447 7009315 177636729
1790892343.457381 W 253 lat 296 388 1407 0 exe 26111 45092 88185 resp 88888 0 pmu 1020736 338582 8280916 7138466 137742496
1790892343.457428 W 254 lat 296 425 3722 0 exe 23555 40648 264888 resp 267796 11 pmu 1021385 264158 8280263 7011112 123655170
1790892343.458215 W 255 lat 296 499 5851 0 exe 26148 54962 395888 resp 400333 36 pmu 1018812 368110 8270935 8766126 174134729
1790892343.458266 W 256 lat 296 518 6166 0 exe 27388 52833 335796 resp 340851 38 pmu 1020051 365486 8270491 10179454 155932186
1790892343.568211 W 257 lat 296 370 4907 0 exe 18462 49851 350055 resp 353388 11 pmu 1021588 369317 8266211 9578734 140582070
1790892344.521211 W 258 lat 296 296 481 0 exe 38499 57999 81722 resp 82092 0 pmu 1022937 500612 8252066 9645993 150516917
1790892345.569220 W 259 lat 296 314 629 0 exe 31166 58185 89703 resp 90018 0 pmu 1022792 503312 8257594 7066167 149648053
1790892345.881536 [MG] memguard_call 0 0 0 (CPU 0)
1790892345.881593 [MG] memguard_call 0 0 0 (CPU 1)
1790892345.881617 [MG] memguard_call 0 0 0 (CPU 2)
1790892346.609595 W 260 lat 296 314 1074 0 exe 49388 73666 154870 resp 155222 66 pmu 1020744 674196 8246212 7110973 194637690
1790892347.545556 W 261 lat 296 370 6999 0 exe 18092 88037 599296 resp 602462 684 pmu 1022528 751343 8264712 7935622 227193014
1790892348.585553 W 262 lat 296 296 611 0 exe 17055 25148 121870 resp 122481 14 pmu 1023555 107685 8263243 12337257 67898796
1790892349.521532 W 263 lat 296 296 333 0 exe 16814 20981 69092 resp 69407 0 pmu 1023713 59169 8257509 7198129 53019607
1790892350.561543 W 264 lat 296 296 481 0 exe 16759 21666 109203 resp 109537 6 pmu 1023674 67018 8261373 6645235 55029645
1790892351.601517 W 265 lat 296 296 333 0 exe 16888 19148 50388 resp 50703 0 pmu 1023751 37582 8260477 7050454 48379094
1790892352.541542 W 266 lat 296 296 481 0 exe 16888 21555 120870 resp 121314 6 pmu 1023643 65599 8260988 6449412 54700752
1790892353.581539 W 267 lat 296 296 407 0 exe 17018 19999 48759 resp 49074 0 pmu 1023725 47396 8259665 7167657 50544537
1790892354.529563 W 268 lat 296 314 851 0 exe 17185 51444 251240 resp 252074 58 pmu 1022981 411524 8258556 6438777 132229177
1790892355.573569 W 269 lat 296 333 1074 0 exe 18888 75240 176777 resp 177111 238 pmu 1021596 678679 8258267 8627067 203791604
1790892356.613547 W 270 lat 296 296 777 0 exe 17203 31999 134833 resp 135277 41 pmu 1023468 185806 8258560 8008343 84210290
1790892357.549514 W 271 lat 296 296 333 0 exe 17037 19444 46722 resp 47037 0 pmu 1023718 40823 8255590 7362640 49316203
1790892358.589542 W 272 lat 296 296 462 0 exe 17092 21537 111740 resp 112166 6 pmu 1023666 65177 8259749 6414921 54525018
1790892359.525518 W 273 lat 296 296 333 0 exe 16962 19222 44851 resp 45166 0 pmu 1023704 38366 8262135 7077160 48586068
1790892360.565561 W 274 lat 296 296 444 0 exe 16925 21722 111907 resp 112222 6 pmu 1023709 67445 8256023 6394768 54950198
1790892361.609554 W 275 lat 296 296 629 0 exe 17351 33592 134537 resp 134870 67 pmu 1023216 204283 8260413 7078432 89354990
1790892362.545541 W 276 lat 296 296 592 0 exe 16833 22240 129018 resp 129370 7 pmu 1023704 73388 8265171 7367192 56851589
1790892363.585514 W 277 lat 296 296 333 0 exe 16962 19129 49685 resp 49999 0 pmu 1023738 37536 8256916 7252474 48503023
1790892364.525541 W 278 lat 296 296 425 0 exe 16796 21629 111351 resp 111685 7 pmu 1023605 66346 8259306 6442784 54785606
1790892365.565524 W 279 lat 296 296 333 0 exe 16962 19592 55092 resp 55407 0 pmu 1023701 42606 8257268 7071652 49492388
1790892366.605542 W 280 lat 296 296 518 0 exe 16796 21796 121407 resp 121925 7 pmu 1023671 68139 8259771 6499082 55280001
1790892367.541517 W 281 lat 296 296 333 0 exe 17037 19222 46185 resp 46499 0 pmu 1023785 38470 8262588 7174345 48659688
1790892368.581545 W 282 lat 296 296 722 0 exe 16685 21962 121037 resp 121759 8 pmu 1023678 70370 8263873 6408554 55657909
1790892369.517515 W 283 lat 296 296 333 0 exe 16870 19370 50314 resp 50629 0 pmu 1023800 40429 8262502 7173071 49044389
1790892370.557548 W 284 lat 296 296 537 0 exe 17203 21759 112370 resp 112907 8 pmu 1023648 67811 8263552 6449510 55058869
1790892371.293574 Closing cell "rt-bench"
1790892371.293645 [MG] Initializing memguard on CPU 3
1790892371.293675 [SMMUv2] Exiting SMMUv2 on cell 1
1790892371.293736 [COL] Colored OP 1: PHYS 0x30000000 -> VIRT 0x00000000 (SIZE: 0x00400000, COL: 0x000000ff, extra: 0x0000000000000000)
1790892371.293760 [COL] Result: 0
1790892371.293818 [COL] Colored OP 4: PHYS 0x30000000 -> VIRT 0x00000000 (SIZE: 0x00400000, COL: 0x000000ff, extra: 0x0000000000000001)
1790892371.293840 [COL] Result: 0
1790892371.293879 Page pool usage after cell destruction: mem 85/4061, remap 5/131072
1790892371.293907 [MG] Initializing memguard on CPU 3
