1790337947.099818 <missed 180313 bytes of console log>
1790337947.099911 11 resp 451055 1000 pmu 1029169 1004812 8524534 13146449 962908500
1790337947.099966 W 184 lat 1518 3425 6814 0 exe 286759 370555 428185 resp 432648 1000 pmu 1031410 1007129 8544261 13200429 968378887
1790337947.100018 W 185 lat 1499 3425 7240 0 exe 217981 368481 436814 resp 441722 1000 pmu 1030280 1002861 8533018 13412061 963823872
1790337947.100072 W 186 lat 1740 3425 7351 0 exe 313777 367722 426481 resp 430870 1000 pmu 1031665 996419 8545444 13148232 961473155
1790337947.100122 W 187 lat 1370 3444 9407 0 exe 210277 364481 422592 resp 427166 1000 pmu 1029552 1000609 8520605 13519514 953178017
1790337947.100172 W 188 lat 851 3166 6907 0 exe 106555 348499 428462 resp 434037 1000 pmu 1028010 1007393 8502681 12956208 916644405
1790337947.100221 W 189 lat 722 3203 6166 0 exe 116740 354240 437074 resp 441629 1000 pmu 1029482 1023813 8520431 12404860 931412032
1790337947.100269 W 190 lat 296 629 4944 0 exe 5888 48944 414129 resp 416870 120 pmu 174371 127794 1439051 12558575 131755174
1790337947.100313 W 191 lat 296 296 555 0 exe 5833 6648 67055 resp 67425 0 pmu 56366 5697 493506 10217878 20632460
1790337947.100333 Closing cell "rt-bench"
1790337947.100355 [MG] Initializing memguard on CPU 3
1790337947.100377 [SMMUv2] Exiting SMMUv2 on cell 1
1790337947.100409 Page pool usage after cell destruction: mem 83/4061, remap 5/131072
1790337947.100462 [MG] Initializing memguard on CPU 3
1790337947.100488 [MG] Initializing memguard on CPU 3
1790337947.100537 [COL] Colored OP 0: PHYS 0x30000000 -> VIRT 0x00000000 (SIZE: 0x00400000, COL: 0x000000ff, extra: 0x0000000000000000)
1790337947.100555 [COL] Result: 0
1790337947.100577 [MG] Initializing memguard on CPU 3
1790337947.100595 Created cell "rt-bench"
1790337947.100626 Page pool usage after cell creation: mem 98/4061, remap 5/131072
1790337947.100676 [COL] Colored OP 3: PHYS 0x30000000 -> VIRT 0x00000000 (SIZE: 0x00400000, COL: 0x000000ff, extra: 0x0000000000000000)
1790337947.100700 [MG] Initializing memguard on CPU 3
1790337947.100716 [COL] Result: 0
1790337947.100736 Cell "rt-bench" can be loaded
1790337947.100784 [COL] Colored OP 2: PHYS 0x30000000 -> VIRT 0x00000000 (SIZE: 0x00400000, COL: 0x000000ff, extra: 0x0000000000000000)
1790337947.100802 [COL] Result: 0
1790337947.100850 [COL] Colored OP 4: PHYS 0x30000000 -> VIRT 0x00000000 (SIZE: 0x00400000, COL: 0x000000ff, extra: 0x0000000000000001)
1790337947.100867 [COL] Result: 0
1790337947.100885 Started cell "rt-bench"
1790337947.100907 [MG] Initializing memguard on CPU 3
1790337947.100935 rt-bench: ws 512 KB, 1024 loads/period, window 1000
1790337948.140538 W 0 lat 296 296 1388 0 exe 15351 18685 175499 resp 176888 12 pmu 1005001 34078 8214791 5307576 48533189
1790337949.076485 W 1 lat 296 296 611 0 exe 15370 16777 102555 resp 102870 2 pmu 1006179 15021 8225026 7701180 43928312
1790337950.116478 W 2 lat 296 296 333 0 exe 15333 15481 16629 resp 16925 0 pmu 1007218 77 8229269 6952792 39419392
1790337951.156514 W 3 lat 296 296 481 0 exe 15351 16537 109537 resp 109944 2 pmu 1006280 12140 8227442 6085393 42305531
1790337952.092521 W 4 lat 296 296 499 0 exe 15351 15555 24129 resp 24611 0 pmu 1007329 110 8230992 7021157 39442934
1790337953.132581 W 5 lat 462 462 611 0 exe 22074 23481 114055 resp 114574 8 pmu 1006256 12788 8229723 6162506 37714701
1790337954.088717 W 6 lat 296 592 4129 0 exe 15333 109351 510074 resp 512425 257 pmu 992089 493540 8101066 7138425 310752947
1790337955.128526 W 7 lat 296 314 3407 0 exe 15296 29722 246203 resp 246611 38 pmu 996913 150289 8147718 11520387 86664912
1790337956.168515 W 8 lat 296 296 481 0 exe 15351 17185 104888 resp 105240 2 pmu 1005474 19868 8214926 8468518 45696052
1790337957.104516 W 9 lat 296 296 574 0 exe 15314 16444 106444 resp 106851 1 pmu 1006524 11170 8225894 6977681 42517856
1790337958.144487 W 10 lat 296 296 333 0 exe 15351 15481 16777 resp 17092 0 pmu 1007514 85 8230576 6990144 39449446
1790337959.084553 W 11 lat 296 425 574 0 exe 15351 21129 101185 resp 101518 1 pmu 1006348 10952 8227509 6087033 39138463
1790337960.124520 W 12 lat 462 462 518 0 exe 22092 22259 23685 resp 24166 0 pmu 1007316 78 8233164 6961298 35528479
1790337961.164552 W 13 lat 462 462 648 0 exe 22037 23444 115925 resp 116425 8 pmu 1006488 12412 8233079 6227121 37693680
1790337962.100528 W 14 lat 462 462 518 0 exe 22037 22259 23259 resp 23740 0 pmu 1006894 138 8235332 7156029 35681260
1790337963.140556 W 15 lat 462 462 666 0 exe 22092 23444 114722 resp 115388 8 pmu 1006684 12391 8226645 6222540 37704608
1790337964.076516 W 16 lat 462 462 518 0 exe 22055 22259 23166 resp 23666 0 pmu 1007683 63 8238484 7145183 35647111
1790337965.116546 W 17 lat 462 462 611 0 exe 22074 24166 108999 resp 109611 8 pmu 1006110 19930 8228903 6221833 38750290
1790337966.156521 W 18 lat 388 462 499 0 exe 18425 21870 22925 resp 23407 0 pmu 1007266 76 8230456 7090844 35621159
1790337967.092547 W 19 lat 462 462 537 0 exe 22074 24296 116722 resp 117203 7 pmu 1006638 21146 8225762 6198733 38981604
1790337968.132512 W 20 lat 462 462 499 0 exe 22074 22259 22981 resp 23462 0 pmu 1007768 54 8236556 7167890 35657995
1790337969.172549 W 21 lat 462 462 740 0 exe 22074 24277 112129 resp 112648 8 pmu 1006531 20967 8231671 6219999 38985679
1790337970.108513 W 22 lat 462 462 499 0 exe 22092 22240 22944 resp 23444 0 pmu 1007227 48 8232165 7123072 35626396
1790337971.148550 W 23 lat 462 462 574 0 exe 22074 24166 118574 resp 119055 8 pmu 1006418 19767 8221180 6219509 38779618
1790337972.084514 W 24 lat 462 462 518 0 exe 22037 22240 22666 resp 23148 0 pmu 1007346 46 8235872 7185927 35657144
1790337973.124546 W 25 lat 462 462 611 0 exe 22055 24148 113666 resp 114240 8 pmu 1006214 19689 8231332 6216558 38750386
1790337974.164522 W 26 lat 462 462 518 0 exe 22074 22240 23203 resp 23685 0 pmu 1006969 62 8234488 7137198 35638064
1790337975.100551 W 27 lat 462 462 740 0 exe 22092 24240 116129 resp 116703 8 pmu 1006256 20556 8226479 6222061 38906440
1790337976.140512 W 28 lat 462 462 518 0 exe 22074 22259 23185 resp 23685 0 pmu 1007606 47 8237020 7163089 35653267
1790337977.180550 W 29 lat 462 462 814 0 exe 22055 24240 110296 resp 110777 7 pmu 1006675 20422 8231546 6222105 38879750
1790337978.116515 W 30 lat 462 462 518 0 exe 22074 22240 22999 resp 23481 0 pmu 1007010 42 8234640 7104524 35602040
1790337979.156556 W 31 lat 462 462 629 0 exe 22092 24092 111870 resp 112370 6 pmu 1006636 18990 8227672 6219771 38640736
1790337980.092517 W 32 lat 462 462 499 0 exe 22037 22240 23759 resp 24240 0 pmu 1006997 57 8231481 7118945 35613538
1790337981.132546 W 33 lat 462 462 703 0 exe 22074 24259 112740 resp 113240 7 pmu 1006252 20576 8230663 6227365 38918757
1790337982.172520 W 34 lat 388 462 499 0 exe 18425 21870 23222 resp 23703 0 pmu 1007820 47 8241052 7128783 35651846
1790337983.108554 W 35 lat 462 462 1092 0 exe 22092 24166 109851 resp 110444 5 pmu 1006106 19682 8226138 6201654 38734189
1790337984.148524 W 36 lat 462 462 518 0 exe 22055 22240 22962 resp 23444 0 pmu 1007144 70 8232876 7101803 35620742
1790337985.084552 W 37 lat 462 462 740 0 exe 22037 24111 109777 resp 110277 7 pmu 1006427 19116 8230418 6219459 38663794
1790337986.124518 W 38 lat 462 462 499 0 exe 22092 22240 23129 resp 23611 0 pmu 1007248 45 8230724 7098439 35610497
1790337987.168545 W 39 lat 462 462 740 0 exe 22055 24166 109888 resp 110370 5 pmu 1006261 19598 8224740 6221258 38777309
1790337988.104517 W 40 lat 462 462 499 0 exe 22074 22259 22888 resp 23351 0 pmu 1007633 39 8235956 7099750 35610486
1790337989.144552 W 41 lat 462 462 611 0 exe 22092 24259 107259 resp 107870 6 pmu 1005991 20769 8219283 6218873 38937405
1790337990.080517 W 42 lat 462 462 518 0 exe 22055 22259 22962 resp 23444 0 pmu 1007842 56 8233193 7074126 35612385
1790337991.120547 W 43 lat 462 462 759 0 exe 22074 24222 111574 resp 112074 7 pmu 1006435 20345 8231464 6219635 38858613
1790337992.160516 W 44 lat 462 462 555 0 exe 22074 22240 22925 resp 23425 0 pmu 1007126 55 8235453 7117169 35620621
1790337993.100545 W 45 lat 462 462 629 0 exe 22074 24499 117055 resp 117555 8 pmu 1006111 22930 8224451 6219534 39295335
1790337994.140515 W 46 lat 462 462 499 0 exe 21944 22240 23777 resp 24259 0 pmu 1007093 70 8230564 7172719 35665502
1790337995.180545 W 47 lat 462 462 814 0 exe 22074 24444 113129 resp 113629 8 pmu 1006499 22453 8228034 6227144 39185669
1790337996.116513 W 48 lat 462 462 518 0 exe 22074 22259 23870 resp 24351 0 pmu 1007244 83 8232512 7134091 35637911
1790337997.156547 W 49 lat 462 462 814 0 exe 22037 24314 114203 resp 114814 9 pmu 1006258 21225 8231413 6228774 39006252
1790337998.092520 W 50 lat 462 462 518 0 exe 22037 22259 23148 resp 23611 0 pmu 1007223 60 8236461 7144418 35649481
1790337999.132554 W 51 lat 351 462 629 0 exe 17833 24018 115740 resp 116351 8 pmu 1006366 23245 8225472 6221268 39418377
1790338000.172512 W 52 lat 462 462 499 0 exe 22074 22259 23166 resp 23648 0 pmu 1007430 107 8235404 7135977 35642892
1790338001.108548 W 53 lat 462 462 537 0 exe 22092 24388 114518 resp 115055 8 pmu 1006321 21855 8225687 6221791 39072134
1790338002.148523 W 54 lat 462 462 499 0 exe 22037 22259 23018 resp 23499 0 pmu 1007127 71 8223336 7146584 35648653
1790338003.084557 W 55 lat 462 462 703 0 exe 22074 24592 115722 resp 116222 8 pmu 1006528 23788 8224788 6220102 39404894
1790338004.124519 W 56 lat 462 462 499 0 exe 22055 22240 22777 resp 23259 0 pmu 1007343 49 8237652 7160153 35649159
1790338005.164549 W 57 lat 462 462 666 0 exe 22055 24444 111444 resp 112055 8 pmu 1006641 22347 8235539 6217734 39163064
1790338006.100515 W 58 lat 462 462 518 0 exe 22074 22240 23240 resp 23703 0 pmu 1006945 78 8236680 7117002 35623834
1790338007.140545 W 59 lat 462 462 777 0 exe 22092 24518 113907 resp 114425 7 pmu 1006438 22992 8229941 6222255 39240315
1790338008.180514 W 60 lat 462 462 499 0 exe 22037 22240 23518 resp 23981 0 pmu 1007048 74 8239340 7142260 35634843
1790338009.116549 W 61 lat 462 462 740 0 exe 22055 24259 110259 resp 110907 6 pmu 1006343 20451 8229540 6224771 38898145
1790338010.156517 W 62 lat 462 462 499 0 exe 22074 22259 23740 resp 24240 0 pmu 1007080 105 8231488 7104676 35623127
1790338011.092546 W 63 lat 462 462 648 0 exe 22074 24203 107055 resp 107537 6 pmu 1006291 20173 8226742 6227496 38854631
1790338012.132507 W 64 lat 462 462 499 0 exe 22092 22259 23277 resp 23759 0 pmu 1007229 73 8236108 7071275 35592805
1790338013.172547 W 65 lat 462 462 629 0 exe 22037 24314 110777 resp 111259 8 pmu 1006224 21231 8230870 6222995 39008606
1790338014.108513 W 66 lat 462 462 574 0 exe 22055 22259 23222 resp 23685 0 pmu 1007175 108 8234132 7108667 35626019
1790338015.148549 W 67 lat 388 462 574 0 exe 18407 23944 117333 resp 117796 7 pmu 1006215 21344 8225165 6222508 39017053
1790338016.088543 W 68 lat 462 462 629 0 exe 22055 23092 73611 resp 74092 0 pmu 1006577 8937 8229649 7153634 37252232
1790338017.128547 W 69 lat 462 462 925 0 exe 22074 24351 115722 resp 116240 8 pmu 1006230 21493 8226467 6731087 39349321
1790338018.176933 W 70 lat 296 1740 8370 0 exe 16648 65277 299740 resp 306425 174 pmu 988022 142421 8099244 7160768 165508448
1790338019.128911 W 71 lat 296 2388 8740 0 exe 16499 119425 456037 resp 461314 485 pmu 976737 197488 8014804 9253315 332217939
1790338020.080622 W 72 lat 314 2518 8037 0 exe 16481 121499 322518 resp 326814 551 pmu 973193 199056 7998924 11084674 339627409
1790338021.131415 W 73 lat 296 3018 8666 0 exe 18444 200129 509796 resp 514111 900 pmu 955797 335280 7874838 9753120 531255031
1790338022.084693 W 74 lat 314 3203 8796 0 exe 16759 203092 333888 resp 338537 944 pmu 947671 343859 7808509 12034541 545634839
1790338023.136775 W 75 lat 370 3111 8666 0 exe 16888 193203 502499 resp 506703 892 pmu 955925 338372 7872597 10285227 518334972
1790338024.088862 W 76 lat 333 3648 8870 0 exe 19370 191481 326055 resp 330166 963 pmu 951552 319684 7839970 11919686 516333034
1790338025.132764 W 77 lat 444 4166 9888 0 exe 17962 211018 500092 resp 508314 925 pmu 950372 368929 7827373 10161975 562278340
1790338026.084817 W 78 lat 537 4203 9296 0 exe 22333 197962 343629 resp 348407 959 pmu 948285 340088 7815080 12021796 530769908
1790338027.136881 W 79 lat 351 4018 9296 0 exe 18074 188666 499388 resp 504333 922 pmu 955087 336381 7870267 10394154 511120584
1790338028.092784 W 80 lat 407 3759 9018 0 exe 17592 175611 329166 resp 332685 879 pmu 957359 285725 7884117 11882763 474987737
1790338029.140894 W 81 lat 314 3759 9277 0 exe 17611 183759 517407 resp 521999 813 pmu 961054 307641 7907985 10103400 491614619
1790338030.088832 W 82 lat 407 3888 10037 0 exe 17314 176388 354759 resp 359777 870 pmu 955005 302850 7866384 12032756 478292583
1790338031.132844 W 83 lat 370 3759 10944 0 exe 17592 180203 516388 resp 521222 818 pmu 957814 324395 7884708 10374966 491233500
1790338032.080734 W 84 lat 314 3648 9462 0 exe 17870 170370 321981 resp 328425 843 pmu 959066 279025 7894424 12014399 462448291
1790338033.132770 W 85 lat 333 3611 8981 0 exe 17944 170499 481018 resp 484703 774 pmu 961035 288653 7904558 10022142 459369530
1790338034.184885 W 86 lat 333 3870 9629 0 exe 18685 176037 339055 resp 344574 858 pmu 954090 308478 7856616 11597479 481210618
1790338035.132874 W 87 lat 462 4037 9351 0 exe 18018 198351 534611 resp 539555 888 pmu 953194 354600 7852287 10223216 534485983
1790338036.180900 W 88 lat 388 3833 9351 0 exe 18388 181833 333148 resp 338055 911 pmu 955376 301490 7869206 12284143 492241353
1790338037.128772 W 89 lat 499 4259 10092 0 exe 39574 222888 492555 resp 499074 988 pmu 947430 387759 7800629 10187382 594071648
1790338038.180746 W 90 lat 499 4240 10166 0 exe 26555 205648 324907 resp 327907 976 pmu 947475 345347 7804144 12107273 550454265
1790338039.124855 W 91 lat 703 4370 8425 0 exe 43407 231259 500796 resp 505851 994 pmu 943556 398097 7779385 10262198 614386291
1790338040.176861 W 92 lat 574 4296 8888 0 exe 42592 216796 326537 resp 332611 993 pmu 944367 365249 7789257 12236608 578199268
1790338041.132869 W 93 lat 740 4277 10129 0 exe 40462 226629 507444 resp 514555 995 pmu 944523 380721 7786474 10424231 601538876
1790338042.176743 W 94 lat 592 4111 8425 0 exe 18055 208055 496259 resp 499759 970 pmu 948606 354284 7804268 12283625 556823156
1790338043.132778 W 95 lat 629 4166 9370 0 exe 18666 198314 331537 resp 336370 938 pmu 948437 339135 7818828 11938620 534845775
1790338044.084762 W 96 lat 444 4018 9981 0 exe 20296 204018 513425 resp 516259 928 pmu 953792 350467 7861004 10257719 545861228
1790338045.144614 W 97 lat 333 3537 9166 0 exe 17296 162462 308277 resp 312925 783 pmu 960808 266268 7906952 12103990 443405469
1790338046.092809 W 98 lat 351 3314 8148 0 exe 18203 156351 458740 resp 463666 684 pmu 967590 251960 7957050 9831642 422253908
1790338047.148805 W 99 lat 314 2833 7481 0 exe 16944 104037 262370 resp 266129 454 pmu 979625 163384 8043875 11304695 295044812
1790338048.100798 W 100 lat 351 3277 8518 0 exe 17722 160111 515018 resp 518537 644 pmu 969201 262584 7966270 9061958 430001922
1790338049.152749 W 101 lat 333 3499 8703 0 exe 17203 149555 314925 resp 319814 701 pmu 963789 251333 7925132 11879123 412413510
1790338050.100746 W 102 lat 314 3388 9499 0 exe 16981 169981 461407 resp 464925 765 pmu 963221 275594 7922185 9831909 459470428
1790338051.148857 W 103 lat 314 3148 8740 0 exe 17055 137592 330203 resp 335814 592 pmu 970363 212569 7972991 11393833 376750811
1790338052.096866 W 104 lat 370 3666 10166 0 exe 18944 157907 424037 resp 428777 737 pmu 961068 281162 7909214 9926085 433841004
1790338053.140796 W 105 lat 370 3592 8314 0 exe 17185 167999 333981 resp 338462 793 pmu 960821 268828 7904266 10981233 453419389
1790338054.084923 W 106 lat 425 3703 9444 0 exe 18722 182166 504388 resp 509888 808 pmu 960021 307654 7900066 10111555 488680638
1790338055.132825 W 107 lat 333 3629 9481 0 exe 18203 167611 324277 resp 328703 794 pmu 958437 281014 7892322 11905424 457242780
1790338056.180785 W 108 lat 555 4018 9851 0 exe 18611 210092 514092 resp 518148 899 pmu 949985 366925 7822102 10023392 563213920
1790338057.132868 W 109 lat 351 3944 8851 0 exe 18555 206129 344685 resp 348685 959 pmu 950144 328138 7827634 12139053 548736122
1790338058.080815 W 110 lat 629 4240 8703 0 exe 43277 238444 508203 resp 511685 987 pmu 944607 402897 7789092 10418500 631193409
1790338059.136771 W 111 lat 333 3851 9148 0 exe 17629 197777 322111 resp 326518 912 pmu 952402 316651 7847598 12338053 528526967
1790338060.080905 W 112 lat 314 3814 9055 0 exe 17648 203851 370999 resp 376796 898 pmu 953384 343509 7856583 10149146 545876368
1790338061.128550 W 113 lat 333 3555 9018 0 exe 16999 167555 343888 resp 348888 776 pmu 959923 272623 7898789 10674395 454157290
1790338062.180761 W 114 lat 314 3203 9129 0 exe 17444 146074 498888 resp 504981 597 pmu 971502 240895 7981605 10212761 398087640
1790338063.124782 W 115 lat 314 2851 9462 0 exe 16796 105944 286166 resp 289518 440 pmu 979168 165714 8036774 11660930 299539294
1790338064.172829 W 116 lat 314 3314 9777 0 exe 17314 164407 495055 resp 500185 702 pmu 967042 274429 7953562 9316964 444144702
1790338065.128767 W 117 lat 333 3592 8981 0 exe 19277 290740 535296 resp 539796 771 pmu 961666 588204 7904097 11713708 761706028
1790338066.172787 W 118 lat 351 3111 8203 0 exe 17537 222518 535370 resp 540037 597 pmu 978383 498957 8025676 12751573 599710140
1790338067.124762 W 119 lat 314 3314 10074 0 exe 17240 142148 291222 resp 294277 645 pmu 967922 225911 7957564 12397157 389527025
1790338068.176642 W 120 lat 314 3277 10999 0 exe 16851 161685 477740 resp 482777 683 pmu 966014 258500 7944378 9554599 436128085
1790338069.120841 W 121 lat 314 2370 9407 0 exe 16962 63481 273111 resp 278129 201 pmu 991515 94805 8123506 11528467 192729958
1790338070.184606 W 122 lat 296 3370 8611 0 exe 17574 170388 510499 resp 514425 685 pmu 966871 274106 7952067 8980317 458711075
1790338071.120845 W 123 lat 314 2425 9074 0 exe 17203 64907 278314 resp 282888 209 pmu 990808 96998 8120312 11886008 196658911
1790338072.180744 W 124 lat 351 3462 10666 0 exe 17370 160574 473129 resp 476722 730 pmu 963484 272548 7917297 9037123 436004175
1790338073.120815 W 125 lat 314 3351 9462 0 exe 17185 166333 280814 resp 284555 782 pmu 961642 261671 7911652 11473342 452294941
1790338074.180794 W 126 lat 351 3240 8425 0 exe 17740 158611 503962 resp 508814 612 pmu 968664 261925 7959841 9571477 427505868
1790338075.124617 W 127 lat 407 3537 10425 0 exe 17111 159148 320018 resp 323925 759 pmu 963013 253807 7923427 11767554 432887750
1790338076.088798 W 128 lat 314 3351 9074 0 exe 17962 219962 529351 resp 532666 720 pmu 971972 444187 7990755 9934623 586740346
1790338077.140815 W 129 lat 351 3259 9351 0 exe 17407 158462 327833 resp 331833 701 pmu 963934 250147 7926727 12325163 430464712
1790338078.180512 W 130 lat 296 1388 9111 0 exe 15370 66944 334037 resp 337851 280 pmu 988006 117602 8093914 10002924 188254930
1790338079.116478 W 131 lat 296 296 333 0 exe 15370 15499 16370 resp 16685 0 pmu 1007612 134 8228189 9584226 41022466
1790338080.160768 W 132 lat 296 2055 6537 0 exe 15370 162129 410537 resp 415592 645 pmu 952204 393624 7828185 6085120 418143310
1790338081.096722 W 133 lat 1611 2981 5499 0 exe 149592 228018 299666 resp 302740 1000 pmu 915157 561620 7558752 10824940 590788402
1790338082.136766 W 134 lat 1296 3074 6314 0 exe 155518 238444 386499 resp 391962 1000 pmu 918712 590906 7583782 10713078 617457515
1790338083.176748 W 135 lat 888 3055 6740 0 exe 123296 227333 296907 resp 300296 1000 pmu 914910 556366 7550130 11678192 589224346
1790338084.112761 W 136 lat 777 3074 6833 0 exe 171555 236592 394648 resp 397037 1000 pmu 918257 583657 7583417 10555126 612588805
1790338085.156773 W 137 lat 1518 3074 6148 0 exe 162537 232537 345407 resp 348129 1000 pmu 914728 569442 7552186 11815331 602134302
1790338086.092694 W 138 lat 481 2944 5833 0 exe 168629 231074 291499 resp 294648 1000 pmu 914524 566615 7548632 11259286 598154491
1790338087.132739 W 139 lat 481 2907 6129 0 exe 115518 235222 353277 resp 357444 1000 pmu 924785 601928 7632948 10738115 610964138
1790338088.176766 W 140 lat 1629 3074 6277 0 exe 170981 238555 382333 resp 386685 1000 pmu 920405 607101 7596200 11117418 619220137
1790338089.112775 W 141 lat 1425 3018 7018 0 exe 156777 226574 328999 resp 333055 1000 pmu 916466 566207 7562933 11710146 587845226
1790338090.152735 W 142 lat 1333 3055 6185 0 exe 109888 223851 288166 resp 291388 1000 pmu 915036 559465 7552774 11047017 580780335
1790338091.092744 W 143 lat 1277 3074 6499 0 exe 123166 223629 302925 resp 305703 1000 pmu 915644 557341 7561488 10381885 580053162
1790338092.132786 W 144 lat 1425 3018 5722 0 exe 158777 224851 295759 resp 299092 1000 pmu 915634 563070 7559925 10593911 583171098
1790338093.172766 W 145 lat 1296 3055 6240 0 exe 121537 222444 292407 resp 295333 1000 pmu 915877 558065 7560985 10705847 577628235
1790338094.112791 W 146 lat 1222 3111 7296 0 exe 119425 223203 297537 resp 300499 1000 pmu 916249 555144 7564398 10474212 578575588
1790338095.152767 W 147 lat 1351 2999 5462 0 exe 171703 226629 296648 resp 299925 1000 pmu 915576 560098 7560160 10524055 586679381
1790338096.088771 W 148 lat 1555 3092 6185 0 exe 160203 228092 295722 resp 299944 1000 pmu 914251 561666 7552784 10786282 590797693
1790338097.132748 W 149 lat 1129 3111 7092 0 exe 122481 225333 311796 resp 314314 1000 pmu 915289 556110 7559789 10736604 584327456
1790338098.172786 W 150 lat 1259 3037 6685 0 exe 124944 228814 298777 resp 300962 1000 pmu 915286 562754 7559944 10688825 592667205
1790338099.108761 W 151 lat 925 3074 5962 0 exe 168925 228481 297518 resp 299981 1000 pmu 914835 561169 7555557 10585072 591930610
1790338100.148750 W 152 lat 1277 3074 5944 0 exe 116648 227888 300203 resp 303703 1000 pmu 914755 559854 7554752 10786924 590715044
1790338101.088758 W 153 lat 999 3055 7944 0 exe 125074 226555 300685 resp 304888 1000 pmu 915257 555706 7562747 10556290 587088327
1790338102.128786 W 154 lat 1537 3055 5722 0 exe 168055 229314 298148 resp 301203 1000 pmu 914566 563364 7549335 10608665 594340611
1790338103.168753 W 155 lat 1481 3037 6481 0 exe 115796 228740 301925 resp 305833 1000 pmu 914803 561761 7554001 10797714 592546094
1790338104.108769 W 156 lat 1148 3055 5981 0 exe 128814 228296 295333 resp 298444 1000 pmu 915653 559511 7557499 10578990 590969157
1790338105.148754 W 157 lat 1314 3055 8111 0 exe 129388 228129 296462 resp 300240 1000 pmu 914898 560234 7548642 10568041 591155065
1790338106.084738 W 158 lat 1574 3092 6185 0 exe 173777 229574 312462 resp 316407 1000 pmu 914071 565148 7552151 10595900 594810458
1790338107.124777 W 159 lat 1388 2999 5944 0 exe 135425 227222 294259 resp 297537 1000 pmu 915557 555355 7551636 10977931 588844287
1790338108.168799 W 160 lat 1444 3074 7351 0 exe 135203 227592 301240 resp 304518 1000 pmu 915351 558104 7553645 10586679 589564802
1790338109.104782 W 161 lat 1685 3129 6999 0 exe 171277 228962 299740 resp 302759 1000 pmu 914757 562744 7555244 10664583 593155484
1790338110.144774 W 162 lat 1425 2981 5833 0 exe 120629 228611 302203 resp 304777 1000 pmu 914483 561641 7555105 10835540 592683955
1790338111.080747 W 163 lat 1203 3092 5740 0 exe 129499 227407 292148 resp 294981 1000 pmu 914813 556426 7556188 10594793 589051618
1790338112.124771 W 164 lat 1481 3111 6166 0 exe 130074 228888 316185 resp 320074 1000 pmu 914791 561677 7553895 10532921 592578741
1790338113.164770 W 165 lat 1370 3037 6314 0 exe 112722 229666 311777 resp 315074 1000 pmu 915235 562966 7557690 10792475 594520030
1790338114.100761 W 166 lat 1074 3018 5629 0 exe 134703 226240 295481 resp 299240 1000 pmu 915870 557187 7564174 10662481 586260088
1790338115.144791 W 167 lat 1314 3055 6314 0 exe 126074 229055 303685 resp 307462 1000 pmu 914504 561294 7550523 10589448 592917455
1790338116.080792 W 168 lat 1444 3018 5537 0 exe 172925 229796 296611 resp 300518 1000 pmu 914919 562774 7553981 10647346 595016558
1790338117.120775 W 169 lat 1481 3074 6166 0 exe 118055 229370 291425 resp 295055 1000 pmu 914839 561753 7553308 10811918 593768469
1790338118.160768 W 170 lat 1203 3055 6537 0 exe 118314 230685 299277 resp 302796 1000 pmu 914743 562234 7548465 10485736 596882568
1790338119.100768 W 171 lat 574 3055 6833 0 exe 121666 230277 295870 resp 300407 1000 pmu 914990 562730 7548960 10572029 595748747
1790338120.140785 W 172 lat 388 2944 6166 0 exe 130814 225259 308222 resp 311444 1000 pmu 915464 559874 7556473 10556021 583410745
1790338121.076754 W 173 lat 1407 3037 6037 0 exe 116814 224037 302388 resp 305351 1000 pmu 915265 557338 7552346 10688670 580604665
1790338122.116775 W 174 lat 1444 3055 6092 0 exe 109555 224425 308111 resp 312166 1000 pmu 915630 560064 7560305 10557937 581725339
1790338123.160767 W 175 lat 1592 3092 7351 0 exe 127018 224425 323166 resp 326351 1000 pmu 916420 559319 7562704 10586731 581902783
1790338124.096767 W 176 lat 1481 3037 7833 0 exe 157166 225388 303240 resp 305629 1000 pmu 914601 564649 7551943 10827537 584950960
1790338125.136798 W 177 lat 1518 3055 6148 0 exe 145166 222425 302740 resp 306999 1000 pmu 916872 555568 7569834 10781480 577111505
1790338126.176780 W 178 lat 1425 3074 6518 0 exe 129222 226777 304018 resp 308814 1000 pmu 914830 562546 7552063 10702864 587526788
1790338127.144803 W 179 lat 1444 3074 6944 0 exe 127166 227370 302074 resp 305703 1000 pmu 916066 559164 7557116 10661797 588650557
1790338128.100964 W 180 lat 1462 3092 6537 0 exe 132481 227925 284407 resp 288925 1000 pmu 915402 559425 7555809 10631582 590527131
1790338129.148815 W 181 lat 1462 3037 5111 0 exe 127203 227518 310259 resp 314629 1000 pmu 915948 558944 7565719 10486662 589439364
1790338130.108768 W 182 lat 1074 3018 6277 0 exe 101592 225962 286296 resp 289722 1000 pmu 916008 556974 7562556 10708685 585946131
1790338131.164675 W 183 lat 1462 3074 6981 0 exe 129388 227388 292759 resp 296629 1000 pmu 915222 557630 7554473 10332321 588926894
1790338132.104822 W 184 lat 1462 3074 5870 0 exe 163888 228648 287888 resp 291907 1000 pmu 915012 561744 7556466 10551072 592215716
1790338133.156821 W 185 lat 1259 3018 6185 0 exe 117944 226018 307648 resp 312648 1000 pmu 915595 553885 7555893 10676280 585874105
1790338134.112787 W 186 lat 1407 3018 5037 0 exe 176037 228611 296222 resp 298888 1000 pmu 914940 561271 7558485 10636205 592389818
1790338135.076797 W 187 lat 1185 3092 6166 0 exe 139388 228574 289666 resp 291925 1000 pmu 915492 560632 7557809 10808642 591958321
1790338136.132762 W 188 lat 1499 3055 6499 0 exe 128314 227796 288981 resp 292203 1000 pmu 914562 557810 7548853 10562613 590119316
1790338137.092766 W 189 lat 1296 3055 5814 0 exe 125944 227833 292481 resp 295870 1000 pmu 915514 559031 7553308 10504307 589884659
1790338138.152806 W 190 lat 1388 3037 5870 0 exe 163925 229166 296240 resp 299685 1000 pmu 915604 562810 7556668 10524020 593491555
1790338139.112732 W 191 lat 1574 3037 6444 0 exe 163222 229907 298870 resp 301611 1000 pmu 914467 563715 7547777 10759130 595380593
1790338140.148518 W 192 lat 296 1333 5833 0 exe 15351 98296 326685 resp 329351 377 pmu 971446 243151 7966486 10784185 257117366
1790338141.084478 W 193 lat 296 296 333 0 exe 15351 15481 16629 resp 16925 0 pmu 1006983 65 8232549 9645362 41014876
1790338142.124510 W 194 lat 296 314 1333 0 exe 15370 21481 136222 resp 136814 19 pmu 1003586 64690 8209702 6085603 57019997
1790338143.164481 W 195 lat 296 296 333 0 exe 15351 15499 16740 resp 17055 0 pmu 1007067 112 8241432 7318309 39681947
1790338143.584614 Closing cell "rt-bench"
1790338143.584677 [MG] Initializing memguard on CPU 3
1790338143.584702 [SMMUv2] Exiting SMMUv2 on cell 1
1790338143.584797 [COL] Colored OP 1: PHYS 0x30000000 -> VIRT 0x00000000 (SIZE: 0x00400000, COL: 0x000000ff, extra: 0x0000000000000000)
1790338143.584820 [COL] Result: 0
1790338143.584878 [COL] Colored OP 4: PHYS 0x30000000 -> VIRT 0x00000000 (SIZE: 0x00400000, COL: 0x000000ff, extra: 0x0000000000000001)
1790338143.584899 [COL] Result: 0
1790338143.585055 Page pool usage after cell destruction: mem 85/4061, remap 5/131072
1790338143.585089 [MG] Initializing memguard on CPU 3
1790338143.688503 [MG] Initializing memguard on CPU 3
1790338143.688559 [MG] Initializing memguard on CPU 3
1790338143.688580 Created cell "rt-bench"
1790338143.688623 Page pool usage after cell creation: mem 94/4061, remap 5/131072
