1790355940.392052 <missed 380924 bytes of console log>
1790355940.392162  exe 92166 129111 249240 resp 250574 976 pmu 973547 971463 7892559 9209130 464375670
1790355940.392220 W 3524 lat 296 574 2796 0 exe 94666 128611 255907 resp 256870 981 pmu 975345 973499 7911132 9391291 465324914
1790355940.392278 W 3525 lat 296 555 2592 0 exe 93055 127592 229944 resp 230611 980 pmu 974554 972889 7899726 9461217 461606549
1790355940.392349 W 3526 lat 296 574 2888 0 exe 94611 128185 226796 resp 227166 983 pmu 974838 973352 7907563 9185817 463270876
1790355940.392406 W 3527 lat 296 574 2851 0 exe 90055 126574 219240 resp 220259 981 pmu 972590 970784 7892838 9165250 459513745
1790355940.392460 W 3528 lat 296 555 3481 0 exe 87037 127462 202592 resp 203166 981 pmu 972989 971320 7889818 9061743 461575425
1790355940.392513 W 3529 lat 296 574 3703 0 exe 94277 127407 235222 resp 238925 983 pmu 973747 972164 7893587 8885474 462259433
1790355940.392567 W 3530 lat 296 592 3240 0 exe 90240 128333 245074 resp 245425 977 pmu 973944 971910 7897565 9264716 464983636
1790355940.392620 W 3531 lat 296 611 2962 0 exe 90203 129333 250925 resp 251499 983 pmu 972738 970670 7882737 9328565 468533701
1790355940.392642 Closing cell "rt-bench"
1790355940.392667 [MG] Initializing memguard on CPU 3
1790355940.392692 [SMMUv2] Exiting SMMUv2 on cell 1
1790355940.392732 Page pool usage after cell destruction: mem 83/4061, remap 5/131072
1790355940.392759 [MG] Initializing memguard on CPU 3
1790355940.392784 [MG] Initializing memguard on CPU 3
1790355940.392838 [COL] Colored OP 0: PHYS 0x30000000 -> VIRT 0x00000000 (SIZE: 0x00400000, COL: 0x000000ff, extra: 0x0000000000000000)
1790355940.392858 [COL] Result: 0
1790355940.392883 [MG] Initializing memguard on CPU 3
1790355940.392904 Created cell "rt-bench"
1790355940.392938 Page pool usage after cell creation: mem 98/4061, remap 5/131072
1790355940.392994 [COL] Colored OP 3: PHYS 0x30000000 -> VIRT 0x00000000 (SIZE: 0x00400000, COL: 0x000000ff, extra: 0x0000000000000000)
1790355940.393021 [MG] Initializing memguard on CPU 3
1790355940.393039 [COL] Result: 0
1790355940.393061 Cell "rt-bench" can be loaded
1790355940.393115 [COL] Colored OP 2: PHYS 0x30000000 -> VIRT 0x00000000 (SIZE: 0x00400000, COL: 0x000000ff, extra: 0x0000000000000000)
1790355940.393135 [COL] Result: 0
1790355940.393188 [COL] Colored OP 4: PHYS 0x30000000 -> VIRT 0x00000000 (SIZE: 0x00400000, COL: 0x000000ff, extra: 0x0000000000000001)
1790355940.393208 [COL] Result: 0
1790355940.393228 Started cell "rt-bench"
1790355940.393253 [MG] Initializing memguard on CPU 3
1790355940.393284 rt-bench: ws 768 KB, 1024 loads/period, window 1000
1790355941.428414 W 0 lat 314 462 962 0 exe 24648 37296 171814 resp 172499 63 pmu 1023407 148343 8257105 5307657 64357042
1790355942.364377 W 1 lat 296 314 1481 0 exe 17111 24537 172888 resp 174370 19 pmu 1023664 92196 8255549 7799245 60800661
1790355943.404398 W 2 lat 296 296 407 0 exe 17259 21685 113259 resp 113592 7 pmu 1023694 64490 8254611 7714181 55692649
1790355944.444381 W 3 lat 296 296 388 0 exe 17203 20814 86370 resp 86685 0 pmu 1023737 54367 8260812 7093115 52575797
1790355945.380397 W 4 lat 296 296 444 0 exe 17240 22351 130555 resp 130870 7 pmu 1023707 71608 8257641 6819377 56747861
1790355946.424407 W 5 lat 296 296 333 0 exe 17240 19833 65870 resp 66185 0 pmu 1023785 42799 8254888 7269411 50224525
1790355947.376617 W 6 lat 296 1037 7944 0 exe 17351 213981 843870 resp 845999 829 pmu 1021322 937323 8263234 6611807 537253134
1790355948.420420 W 7 lat 296 481 5055 0 exe 17481 92388 569759 resp 572814 162 pmu 1022940 492178 8258425 15412405 302099865
1790355949.460406 W 8 lat 296 314 1666 0 exe 17296 30092 245592 resp 246944 31 pmu 1023236 150815 8262164 12050828 82689994
1790355950.396375 W 9 lat 296 296 333 0 exe 17018 19611 44777 resp 45074 0 pmu 1023663 40248 8258537 8470187 50381634
1790355951.440394 W 10 lat 296 296 407 0 exe 16851 21370 116055 resp 116462 6 pmu 1023624 60914 8257768 6396065 54150396
1790355952.376373 W 11 lat 296 296 333 0 exe 16925 19444 39111 resp 39425 0 pmu 1023684 38364 8260240 7117797 49147455
1790355953.416397 W 12 lat 296 296 518 0 exe 17277 21814 112777 resp 113092 5 pmu 1023605 65698 8258088 6338213 55132470
1790355954.460381 W 13 lat 296 296 333 0 exe 17222 21129 75703 resp 76018 0 pmu 1023654 57936 8257632 7089479 53401422
1790355955.396397 W 14 lat 296 296 444 0 exe 17259 21574 117407 resp 117814 6 pmu 1023559 63283 8260244 6714094 54884836
1790355956.436371 W 15 lat 296 296 333 0 exe 17018 19203 43351 resp 43648 0 pmu 1023651 35761 8257288 7134597 48606667
1790355957.372397 W 16 lat 296 296 648 0 exe 16888 22425 110685 resp 111092 6 pmu 1023577 73317 8257340 6379863 56786655
1790355958.412375 W 17 lat 296 296 333 0 exe 17407 19518 43944 resp 44259 0 pmu 1023611 39106 8257188 7070918 49270949
1790355959.452398 W 18 lat 296 296 444 0 exe 17148 22296 111907 resp 112277 5 pmu 1023570 71713 8256676 6389348 56448643
1790355960.388372 W 19 lat 296 296 333 0 exe 16796 19296 40925 resp 41240 0 pmu 1023680 36724 8256916 7082539 48794699
1790355961.428400 W 20 lat 296 296 962 0 exe 16962 21851 121611 resp 122277 6 pmu 1023608 66607 8257276 6355070 55358632
1790355962.364374 W 21 lat 296 296 333 0 exe 16851 19370 45925 resp 46240 0 pmu 1023700 37494 8253712 7180456 49008430
1790355963.404396 W 22 lat 296 296 555 0 exe 16907 21351 135999 resp 136555 6 pmu 1023620 60302 8257315 6405512 54062548
1790355964.444373 W 23 lat 296 296 333 0 exe 16759 19129 40407 resp 40722 0 pmu 1023703 34569 8259744 7318914 48471235
1790355965.380399 W 24 lat 296 296 407 0 exe 16981 21333 108407 resp 108722 6 pmu 1023637 60700 8258981 6348805 54065033
1790355966.420375 W 25 lat 296 296 333 0 exe 16999 19203 44259 resp 44574 0 pmu 1023705 35810 8257416 7041237 48573435
1790355967.461228 W 26 lat 296 296 462 0 exe 16870 21499 118092 resp 118555 6 pmu 1023640 62489 8255640 6388902 54497304
1790355968.396372 W 27 lat 296 296 333 0 exe 17055 19611 45037 resp 45351 0 pmu 1023647 40331 8258993 7139449 49616133
1790355969.436397 W 28 lat 296 296 462 0 exe 17166 21481 135907 resp 136240 6 pmu 1023616 61657 8260018 6399005 54373132
1790355970.372375 W 29 lat 296 296 333 0 exe 16888 19314 43777 resp 44092 0 pmu 1023700 37038 8260500 7318337 48966578
1790355971.412398 W 30 lat 296 296 574 0 exe 17074 21203 115314 resp 115648 7 pmu 1023541 58854 8258621 6384084 53676726
1790355972.452375 W 31 lat 296 296 333 0 exe 17055 19240 48296 resp 48611 0 pmu 1023630 36294 8256312 7111164 48694549
1790355973.388409 W 32 lat 296 296 462 0 exe 16870 22499 115351 resp 115666 5 pmu 1023589 74165 8259167 6429640 56957131
1790355974.428373 W 33 lat 296 296 351 0 exe 17185 19388 47555 resp 47870 0 pmu 1023639 37729 8256620 7116445 49042447
1790355975.364406 W 34 lat 296 296 518 0 exe 16759 21037 126685 resp 126999 7 pmu 1023581 57086 8260334 6423883 53356178
1790355976.404372 W 35 lat 296 296 333 0 exe 16888 19240 46740 resp 47055 0 pmu 1023653 36281 8260304 7222203 48740929
1790355977.444397 W 36 lat 296 296 537 0 exe 16611 21722 114851 resp 115259 6 pmu 1023581 65071 8261401 6413231 54987995
1790355978.380374 W 37 lat 296 296 333 0 exe 16796 19574 43425 resp 43740 0 pmu 1023618 39827 8258720 7106982 49497283
1790355979.420397 W 38 lat 296 296 537 0 exe 16888 21259 109907 resp 110240 6 pmu 1023570 60182 8259563 6381490 53935339
1790355980.460372 W 39 lat 296 296 333 0 exe 16962 19240 41999 resp 42314 0 pmu 1023691 36168 8258552 7056236 48653216
1790355981.396408 W 40 lat 296 296 1611 0 exe 17018 21148 115462 resp 115796 6 pmu 1023564 58285 8257010 6366292 53577135
1790355982.436377 W 41 lat 296 296 333 0 exe 17092 19444 44518 resp 44851 0 pmu 1023683 38752 8256178 7117289 49228970
1790355983.372406 W 42 lat 296 296 518 0 exe 16833 21407 125740 resp 126111 6 pmu 1023580 61663 8258021 6393232 54242005
1790355984.412373 W 43 lat 296 296 333 0 exe 17148 19814 44796 resp 45111 0 pmu 1023769 42934 8253792 7214975 50156432
1790355985.452400 W 44 lat 296 296 481 0 exe 17055 21111 112388 resp 112722 6 pmu 1023708 58145 8252057 6398086 53494512
1790355986.388373 W 45 lat 296 296 333 0 exe 17111 19685 46537 resp 46851 0 pmu 1023622 41270 8253236 7080765 49753042
1790355987.428406 W 46 lat 296 296 425 0 exe 16925 21018 109981 resp 110370 6 pmu 1023610 56649 8254880 6414627 53257413
1790355988.364371 W 47 lat 296 296 333 0 exe 16981 20277 45796 resp 46111 0 pmu 1023605 48241 8260916 7055618 51205373
1790355989.404403 W 48 lat 296 296 722 0 exe 16851 20555 122185 resp 122907 7 pmu 1023514 51475 8255203 6409510 52193866
1790355990.444373 W 49 lat 296 296 333 0 exe 17222 20037 58351 resp 58648 0 pmu 1023683 45327 8255428 7178136 50653956
1790355991.380405 W 50 lat 296 296 481 0 exe 16851 20203 112851 resp 113185 6 pmu 1023668 47472 8258916 6535052 51369069
1790355992.420376 W 51 lat 296 296 333 0 exe 17185 20388 86259 resp 86555 0 pmu 1023664 49785 8259144 7079908 51476471
1790355993.460403 W 52 lat 296 296 481 0 exe 17018 20055 121555 resp 121907 5 pmu 1023674 44765 8257315 6815740 51106982
1790355994.396373 W 53 lat 296 296 333 0 exe 16722 20981 94888 resp 95185 0 pmu 1023626 56637 8259873 7167138 52981899
1790355995.436405 W 54 lat 296 296 537 0 exe 16814 19111 114851 resp 115388 2 pmu 1023735 34394 8256774 6902716 48450456
1790355996.372392 W 55 lat 296 296 462 0 exe 16629 22777 126999 resp 127333 7 pmu 1023661 77357 8260985 7095663 57641098
1790355997.412381 W 56 lat 296 296 333 0 exe 16999 19370 50518 resp 50833 0 pmu 1023693 38034 8258528 7233363 49118133
1790355998.452395 W 57 lat 296 296 499 0 exe 17333 21814 117648 resp 118148 5 pmu 1023539 65788 8254788 6452319 55329493
1790355999.388370 W 58 lat 296 296 333 0 exe 16888 19018 40555 resp 40870 0 pmu 1023623 33565 8252638 7139424 48148573
1790356000.428397 W 59 lat 296 296 444 0 exe 16962 21555 118814 resp 119129 6 pmu 1023574 62361 8255716 6350343 54507768
1790356001.364375 W 60 lat 296 296 333 0 exe 16611 19203 41462 resp 41777 0 pmu 1023714 35958 8254416 7146689 48626900
1790356002.404394 W 61 lat 296 296 666 0 exe 17092 21648 110166 resp 110611 6 pmu 1023602 64147 8250862 6358957 54811529
1790356003.444377 W 62 lat 296 296 333 0 exe 16962 19759 43185 resp 43481 0 pmu 1023680 41851 8258029 7062982 49874062
1790356004.380396 W 63 lat 296 296 555 0 exe 16796 21629 118018 resp 118425 6 pmu 1023650 64055 8259826 6380621 54838324
1790356005.420377 W 64 lat 296 296 333 0 exe 17111 19685 39888 resp 40185 0 pmu 1023636 41169 8259516 7139193 49755840
1790356006.460396 W 65 lat 296 296 351 0 exe 16703 21999 123870 resp 124185 6 pmu 1023607 67659 8258544 6348084 55673430
1790356007.396370 W 66 lat 296 296 407 0 exe 16981 18925 46592 resp 46888 0 pmu 1023604 32512 8257097 7197721 47929998
1790356008.440399 W 67 lat 296 296 1148 0 exe 16999 22425 107148 resp 107518 6 pmu 1023572 73235 8256062 6411120 56790083
1790356009.376400 W 68 lat 296 296 518 0 exe 17240 21555 101351 resp 101666 1 pmu 1023639 63064 8259448 7038321 54536752
1790356010.416396 W 69 lat 296 296 740 0 exe 16944 21962 119944 resp 120685 5 pmu 1023619 67852 8256372 6973719 55980973
1790356011.464651 W 70 lat 296 296 555 0 exe 16777 23648 111518 resp 111851 15 pmu 1023561 87867 8259569 7163691 61345021
1790356012.412648 W 71 lat 296 2499 9629 0 exe 40592 219351 478148 resp 483314 934 pmu 1020457 581709 8273506 7086783 575061721
1790356013.456546 W 72 lat 388 3296 8629 0 exe 60648 255351 369740 resp 374814 989 pmu 1017788 518742 8270784 11931642 667450916
1790356014.400676 W 73 lat 351 3537 9425 0 exe 58888 268648 541351 resp 547203 987 pmu 1017229 564493 8268203 11126960 706892595
1790356015.444659 W 74 lat 333 3240 8925 0 exe 56611 253944 372018 resp 376351 989 pmu 1017755 519311 8270196 12909570 668325058
1790356016.396776 W 75 lat 333 3185 8092 0 exe 59759 259685 409722 resp 411518 984 pmu 1018000 531660 8275484 11119620 678779201
1790356017.448625 W 76 lat 314 2370 8666 0 exe 49518 212314 458462 resp 463907 983 pmu 1021560 518551 8276011 11523888 557519402
1790356018.392559 W 77 lat 314 3351 9722 0 exe 51981 265555 391314 resp 394944 990 pmu 1017814 535902 8273469 11740195 694551647
1790356019.440783 W 78 lat 333 2722 8333 0 exe 58092 224370 370314 resp 374944 982 pmu 1020145 516085 8278328 11348441 591484417
1790356020.384564 W 79 lat 314 3240 7888 0 exe 51129 270277 547018 resp 553129 989 pmu 1018326 545045 8269982 10957942 704231832
1790356021.440640 W 80 lat 314 3499 9425 0 exe 54111 257333 380962 resp 385629 984 pmu 1016933 524770 8268941 12927440 678839692
1790356022.380678 W 81 lat 407 3407 9185 0 exe 57592 266148 519388 resp 523388 992 pmu 1017661 544504 8270169 11218911 695305654
1790356023.432611 W 82 lat 333 3018 9222 0 exe 54259 236555 414648 resp 420277 985 pmu 1019370 517237 8273073 12660047 623314341
1790356024.372663 W 83 lat 351 2981 9259 0 exe 46555 249148 549037 resp 553722 982 pmu 1019406 551151 8271000 11454015 649730602
1790356025.432571 W 84 lat 333 3333 9537 0 exe 53055 257796 385259 resp 390259 985 pmu 1017963 516652 8273352 12817623 674240195
1790356026.376731 W 85 lat 333 3499 9759 0 exe 53999 256481 528981 resp 535518 989 pmu 1016968 552232 8263020 11260530 679911797
1790356027.424764 W 86 lat 388 3703 9333 0 exe 54185 281092 490166 resp 494148 990 pmu 1015573 545714 8254705 12705465 732187064
1790356028.368780 W 87 lat 407 3981 9185 0 exe 60129 309185 557611 resp 560574 992 pmu 1014609 589233 8254288 12427595 805828215
1790356029.420801 W 88 lat 537 3981 10499 0 exe 56907 286092 488314 resp 495925 988 pmu 1013993 563248 8255029 13267837 754531632
1790356030.364784 W 89 lat 388 3981 9777 0 exe 56537 294296 507740 resp 513351 990 pmu 1014376 585652 8256310 12473893 774545226
1790356031.408641 W 90 lat 370 3703 9240 0 exe 55648 281907 509407 resp 515425 989 pmu 1015360 553395 8254464 12693033 737850653
1790356032.364738 W 91 lat 296 3574 9074 0 exe 59129 281129 540518 resp 545851 990 pmu 1016889 556521 8267220 12641017 733756654
1790356033.412799 W 92 lat 351 3685 9166 0 exe 57222 270944 487092 resp 491351 984 pmu 1015329 546303 8261169 12960357 716050419
1790356034.468607 W 93 lat 333 3740 9555 0 exe 58888 285240 470537 resp 476796 990 pmu 1015931 543263 8268030 12361538 746962068
1790356035.416583 W 94 lat 314 3333 8629 0 exe 59407 263018 485759 resp 490796 988 pmu 1017263 526940 8264233 12288033 685899223
1790356036.468658 W 95 lat 314 3740 9555 0 exe 57388 278314 550240 resp 554222 987 pmu 1016516 550081 8271404 12318819 732772688
1790356037.420509 W 96 lat 333 3481 9074 0 exe 54888 267833 484518 resp 490481 990 pmu 1016357 546298 8270019 13031334 703925599
1790356038.364733 W 97 lat 351 3296 10166 0 exe 55314 266240 525925 resp 530648 989 pmu 1017787 524940 8268775 12315546 696300297
1790356039.412592 W 98 lat 314 2462 8388 0 exe 48111 214592 383537 resp 388037 982 pmu 1021143 517855 8274917 12722309 563836153
1790356040.368695 W 99 lat 333 3425 9185 0 exe 53333 267666 508333 resp 511592 990 pmu 1017310 540905 8264050 10989691 699528815
1790356041.420795 W 100 lat 388 3499 9592 0 exe 46648 256314 387574 resp 392925 985 pmu 1016999 531867 8269504 12531800 676333711
1790356042.368455 W 101 lat 314 2277 7574 0 exe 45851 222240 506370 resp 511296 986 pmu 1022134 521417 8275894 11247334 579132167
1790356043.416781 W 102 lat 314 3166 11499 0 exe 46592 235814 461666 resp 469703 986 pmu 1018234 531113 8264920 12242101 625012828
1790356044.464771 W 103 lat 296 2666 7907 0 exe 60648 235092 515259 resp 519296 987 pmu 1020756 531125 8274554 11906147 611031424
1790356045.420719 W 104 lat 314 3574 8925 0 exe 57648 264796 457370 resp 461777 984 pmu 1016210 533915 8268829 12468316 697669289
1790356046.368562 W 105 lat 314 3740 7814 0 exe 59185 283222 533814 resp 539055 987 pmu 1016030 521373 8271709 12034741 741866798
1790356047.412651 W 106 lat 370 3555 7999 0 exe 57925 288648 557388 resp 562240 993 pmu 1016323 559621 8254155 12898216 749362540
1790356048.372658 W 107 lat 333 3148 9518 0 exe 54111 241166 483259 resp 487981 985 pmu 1017850 542978 8268157 13153265 640174440
1790356049.420505 W 108 lat 425 3351 8666 0 exe 57111 261999 501851 resp 505148 989 pmu 1017711 534239 8265790 12160073 686165641
1790356050.372640 W 109 lat 296 2351 7148 0 exe 54925 206925 380333 resp 384685 980 pmu 1021803 512918 8281002 12455224 544344726
1790356051.424626 W 110 lat 370 3240 9148 0 exe 57944 258981 498962 resp 502425 986 pmu 1018045 531837 8269140 10945653 676174459
1790356052.368587 W 111 lat 333 3018 8499 0 exe 54833 241277 476425 resp 482185 987 pmu 1018626 519418 8265735 12417849 636791900
1790356053.416684 W 112 lat 351 3537 9629 0 exe 54888 277999 548999 resp 554796 987 pmu 1016851 560814 8260255 12095425 728205936
1790356054.464741 W 113 lat 407 3611 9666 0 exe 52537 276240 483962 resp 488499 988 pmu 1016121 523055 8263253 13013684 724206011
1790356055.412586 W 114 lat 333 3277 8629 0 exe 57907 255611 531666 resp 536388 991 pmu 1017824 535927 8268902 12337064 670643452
1790356056.460789 W 115 lat 314 3074 10462 0 exe 55462 243148 359648 resp 364907 981 pmu 1018651 518664 8268692 12731682 637293079
1790356057.404747 W 116 lat 388 3611 10037 0 exe 58407 277555 565296 resp 569999 988 pmu 1016767 562985 8270059 10947678 727087334
1790356058.460664 W 117 lat 425 3703 9611 0 exe 52444 272277 491740 resp 497018 990 pmu 1015982 537775 8259267 13189275 715165240
1790356059.412661 W 118 lat 314 3370 13407 0 exe 59777 266129 510037 resp 513648 988 pmu 1017500 548807 8268140 12398695 696689336
1790356060.464689 W 119 lat 314 3222 8722 0 exe 49814 248314 461796 resp 468499 983 pmu 1017731 527681 8266134 12596025 654812436
1790356061.412455 W 120 lat 314 2055 6740 0 exe 48407 209185 501648 resp 507296 982 pmu 1022940 520442 8281413 11965926 542987564
1790356062.368478 W 121 lat 314 3314 9518 0 exe 51166 251888 390574 resp 394814 982 pmu 1017405 528129 8266925 12140584 666594799
1790356063.412688 W 122 lat 333 3351 8425 0 exe 58555 267537 513574 resp 518203 984 pmu 1017354 543248 8269074 11270444 698775934
1790356064.464798 W 123 lat 333 2981 8888 0 exe 56796 239277 373166 resp 377185 985 pmu 1018833 515714 8272972 12612490 632190682
1790356065.412585 W 124 lat 370 2907 8981 0 exe 47074 244888 526314 resp 530537 987 pmu 1018962 536133 8271956 11055788 639471531
1790356066.368628 W 125 lat 351 3074 8407 0 exe 58462 245685 373111 resp 375888 984 pmu 1018821 514289 8273371 12567937 642412829
1790356067.420766 W 126 lat 314 3277 9722 0 exe 51333 251648 497240 resp 499777 987 pmu 1017938 538013 8270265 11087448 664317648
1790356068.364450 W 127 lat 333 2759 8555 0 exe 50685 239925 431388 resp 434999 986 pmu 1019858 511313 8268018 12329204 625079344
1790356069.416672 W 128 lat 314 2777 8351 0 exe 47129 233259 507499 resp 512574 970 pmu 1019769 536934 8273331 11605711 612722779
1790356070.460653 W 129 lat 351 3203 8925 0 exe 52833 254074 365888 resp 370499 987 pmu 1018101 512945 8266972 12322175 661311027
1790356071.412500 W 130 lat 314 3333 9777 0 exe 59796 255092 533833 resp 539648 981 pmu 1018293 562558 8274142 11041345 672663675
1790356072.452401 W 131 lat 296 444 5333 0 exe 17370 36777 326925 resp 331259 57 pmu 1023298 102045 8261461 12768854 103890867
1790356073.392391 W 132 lat 296 296 481 0 exe 16574 21833 116685 resp 117166 5 pmu 1023543 66310 8257897 9351492 57027899
1790356074.456673 W 133 lat 296 2685 6907 0 exe 17833 236814 548740 resp 553870 898 pmu 1012239 585800 8233635 7128667 609409717
1790356075.392672 W 134 lat 1296 2925 6166 0 exe 200703 258111 377277 resp 380388 1000 pmu 1010922 633260 8244054 12598339 668537386
1790356076.432664 W 135 lat 1425 2981 6259 0 exe 197814 253277 343537 resp 345925 1000 pmu 1010748 615956 8232948 11896901 654663941
1790356077.368668 W 136 lat 1370 2925 5185 0 exe 149666 255037 376333 resp 379999 1000 pmu 1011140 626618 8232092 11518785 660155707
1790356078.408666 W 137 lat 1518 2999 6111 0 exe 201055 251925 350111 resp 353092 1000 pmu 1010778 610664 8237797 11615241 651415044
1790356079.448686 W 138 lat 1481 2962 5018 0 exe 194444 258111 376574 resp 380277 1000 pmu 1010911 632035 8238904 11596511 668143218
1790356080.384641 W 139 lat 1351 2999 5833 0 exe 179259 250685 347055 resp 350629 1000 pmu 1010845 608914 8229708 11856788 648333476
1790356081.428544 W 140 lat 1166 2944 5592 0 exe 163666 257296 395444 resp 400740 1000 pmu 1010965 632896 8237891 11451712 665760337
1790356082.364576 W 141 lat 1499 2999 5296 0 exe 191203 251999 354962 resp 358592 1000 pmu 1010761 614436 8232290 11896891 651956295
1790356083.404664 W 142 lat 999 2999 5592 0 exe 177407 257555 390925 resp 394370 1000 pmu 1011086 636061 8231146 11595380 666488992
1790356084.444661 W 143 lat 1425 3037 6685 0 exe 144537 248888 350999 resp 353999 1000 pmu 1010767 604032 8232694 11911876 644043977
1790356085.380694 W 144 lat 1444 3037 7074 0 exe 191944 254777 359370 resp 362074 1000 pmu 1010881 626094 8227397 11310532 659062090
1790356086.420670 W 145 lat 666 3129 7407 0 exe 191907 251222 338685 resp 341666 1000 pmu 1010718 607212 8233040 11661142 649704802
1790356087.460663 W 146 lat 1296 2981 5796 0 exe 147740 254592 381611 resp 384222 1000 pmu 1010920 622111 8230140 11435843 658730548
1790356088.396695 W 147 lat 1240 2944 5999 0 exe 162888 250944 352481 resp 355777 1000 pmu 1010805 607051 8234622 11653604 648564202
1790356089.436658 W 148 lat 1444 2999 6092 0 exe 194925 258777 380833 resp 383481 1000 pmu 1010517 632861 8237492 11423870 669414990
1790356090.380553 W 149 lat 1370 2981 5666 0 exe 192370 252351 331277 resp 333592 1000 pmu 1010834 612866 8226878 11905343 652458975
1790356091.416646 W 150 lat 1259 2944 6518 0 exe 141981 253425 396351 resp 398944 1000 pmu 1011276 620618 8241123 11360691 655549948
1790356092.456684 W 151 lat 1462 2999 5703 0 exe 193981 252499 336907 resp 339555 1000 pmu 1010714 611251 8233891 11769633 652745139
1790356093.392559 W 152 lat 1370 3037 6796 0 exe 197888 252833 362555 resp 365592 1000 pmu 1010669 613149 8235437 11428205 653594007
1790356094.456656 W 153 lat 462 2796 5981 0 exe 153222 253796 394537 resp 397851 1000 pmu 1011253 624304 8235501 11713014 656158515
1790356095.396646 W 154 lat 425 2425 4851 0 exe 190685 250351 337592 resp 341203 1000 pmu 1010936 610203 8237691 11805795 647077648
1790356096.436652 W 155 lat 907 2962 6851 0 exe 179981 252111 373074 resp 375407 1000 pmu 1011102 627109 8233992 11400140 652861690
1790356097.384658 W 156 lat 944 3037 6759 0 exe 182962 247740 342870 resp 345944 1000 pmu 1010627 610177 8235624 11718885 641139454
1790356098.448654 W 157 lat 1407 3037 6185 0 exe 186037 251870 402351 resp 405259 1000 pmu 1010732 628447 8231704 11413869 652188023
1790356099.404645 W 158 lat 1425 3018 6555 0 exe 179037 244685 333648 resp 335944 1000 pmu 1011216 604148 8242514 12043191 633973347
1790356100.460561 W 159 lat 1462 2981 6203 0 exe 187703 254833 377833 resp 380666 1000 pmu 1010662 632335 8237018 11284101 659386495
1790356101.400659 W 160 lat 1037 2944 6277 0 exe 146981 244203 346074 resp 349481 1000 pmu 1010565 602506 8232174 11820988 632021249
1790356102.444664 W 161 lat 1351 2999 6444 0 exe 185277 253296 383240 resp 385796 1000 pmu 1011284 632338 8245974 11247408 655946981
1790356103.384657 W 162 lat 1611 2962 5666 0 exe 181851 247259 336462 resp 340370 1000 pmu 1011035 607625 8238203 11854666 640299941
1790356104.432666 W 163 lat 1037 2981 6037 0 exe 173259 249388 386185 resp 389555 1000 pmu 1011315 623363 8236727 11343444 646110545
1790356105.376653 W 164 lat 1388 2962 5499 0 exe 161203 246814 343740 resp 346629 1000 pmu 1010899 607231 8237133 11804837 639147303
1790356106.420654 W 165 lat 1518 2981 7351 0 exe 180722 250925 366240 resp 371074 1000 pmu 1011662 624354 8244030 11303724 649854628
1790356107.372637 W 166 lat 1037 3055 6277 0 exe 170037 246370 354537 resp 357611 1000 pmu 1010671 607732 8248103 11666523 637849170
1790356108.436667 W 167 lat 1222 3018 6851 0 exe 142111 248685 373592 resp 378074 1000 pmu 1011385 620599 8240547 11457300 644609425
1790356109.376666 W 168 lat 1425 3074 6277 0 exe 179314 247259 354648 resp 359055 1000 pmu 1010855 609534 8243885 11530234 640625522
1790356110.424560 W 169 lat 1444 2999 6592 0 exe 185981 253277 390370 resp 393314 1000 pmu 1011124 631149 8237140 11517848 656254745
1790356111.464650 W 170 lat 1351 2944 6148 0 exe 128999 244888 326092 resp 329277 1000 pmu 1011039 604544 8233878 11932484 634329971
1790356112.416647 W 171 lat 1499 2962 6592 0 exe 143018 251759 381666 resp 384296 1000 pmu 1011433 628663 8242268 10961076 652023428
1790356113.364666 W 172 lat 1407 2962 5759 0 exe 158203 247796 355888 resp 359425 1000 pmu 1010388 612263 8236093 11621538 641862723
1790356114.404636 W 173 lat 1092 2962 6777 0 exe 155407 250148 384296 resp 387018 1000 pmu 1011437 624548 8249848 11419847 648640912
1790356115.464672 W 174 lat 1351 2925 6111 0 exe 156740 243111 343425 resp 346407 1000 pmu 1010887 603633 8229521 11701087 629843273
1790356116.420646 W 175 lat 1037 3018 5777 0 exe 177462 250629 410111 resp 413777 1000 pmu 1011586 626097 8242361 11262823 649534273
1790356117.388674 W 176 lat 1499 2962 5277 0 exe 169537 244833 337333 resp 339462 1000 pmu 1010955 605516 8241664 12071682 634771751
1790356118.440645 W 177 lat 1185 3018 6277 0 exe 180388 250203 383518 resp 387388 1000 pmu 1011464 627195 8241840 11267277 648652893
1790356119.404545 W 178 lat 1499 2999 5814 0 exe 152240 244870 341592 resp 344129 1000 pmu 1011093 603465 8238375 11822485 634463148
1790356120.444697 W 179 lat 1370 3037 6055 0 exe 188425 251796 370111 resp 372833 1000 pmu 1011042 627453 8235128 11228218 652615068
1790356121.392650 W 180 lat 1407 2999 5703 0 exe 145555 246092 328296 resp 330555 1000 pmu 1011102 607827 8234641 11730617 637305421
1790356122.440667 W 181 lat 1296 2925 5870 0 exe 156055 250222 399740 resp 403425 1000 pmu 1011628 621168 8242531 11065545 648029894
1790356123.396652 W 182 lat 1259 2962 6203 0 exe 192796 248833 359611 resp 362796 1000 pmu 1010370 610828 8232591 11860104 643642885
1790356124.456676 W 183 lat 1462 2962 5592 0 exe 151518 250925 352925 resp 355796 1000 pmu 1011644 620348 8249066 11634818 649713627
1790356125.392699 W 184 lat 962 2981 5407 0 exe 164462 250314 352888 resp 355796 1000 pmu 1010487 615194 8224176 11368514 647288670
1790356126.440584 W 185 lat 1222 2981 6240 0 exe 152481 248518 354925 resp 357611 1000 pmu 1010758 607219 8235063 11426606 642887946
1790356127.384647 W 186 lat 1407 2981 6870 0 exe 166222 253981 395037 resp 398648 1000 pmu 1011042 627182 8236258 11382405 657642957
1790356128.452635 W 187 lat 1277 3074 6888 0 exe 157481 247888 332055 resp 334685 1000 pmu 1011072 603984 8245926 11888320 641999311
1790356129.392548 W 188 lat 1314 3037 6944 0 exe 163962 254314 387055 resp 390018 1000 pmu 1010955 626267 8230718 11179329 658136354
1790356130.440669 W 189 lat 1166 3037 6333 0 exe 169499 250481 346925 resp 350611 1000 pmu 1010796 610154 8231446 11795799 647981595
1790356131.400664 W 190 lat 1203 2962 5722 0 exe 188370 256277 378203 resp 381148 1000 pmu 1011138 630689 8239438 11402916 663158940
1790356132.460642 W 191 lat 1462 2925 6092 0 exe 153722 248018 343499 resp 345944 1000 pmu 1011037 607673 8242272 11831922 641999821
1790356133.396668 W 192 lat 1277 2944 5481 0 exe 161074 255370 369796 resp 373592 1000 pmu 1011183 628925 8240690 11270841 661241124
1790356134.436403 W 193 lat 296 685 5055 0 exe 16777 54370 347648 resp 350833 146 pmu 1021778 145112 8253705 11607695 142223055
1790356135.372395 W 194 lat 296 296 333 0 exe 16925 21777 120666 resp 120999 6 pmu 1023538 65744 8260375 9637841 57180318
1790356136.420829 W 195 lat 296 3333 13240 0 exe 17648 340888 599666 resp 603703 836 pmu 1013524 705953 8230694 7168318 870179195
1790356137.460895 W 196 lat 518 4981 10537 0 exe 131277 485148 645388 resp 649055 1000 pmu 1007725 852252 8190565 13656487 1225608614
1790356138.396508 W 197 lat 296 4703 13074 0 exe 63425 441333 612962 resp 620018 924 pmu 1008250 806134 8196783 15396983 1116271865
1790356139.436907 W 198 lat 296 3055 11018 0 exe 31740 305259 600462 resp 609129 616 pmu 1012759 659650 8219489 14540553 782917196
1790356140.376607 W 199 lat 296 4185 14055 0 exe 70592 426425 602370 resp 607296 984 pmu 1009549 791581 8203747 13567293 1082367227
1790356141.412736 W 200 lat 296 2203 8944 0 exe 61481 260148 563555 resp 567962 834 pmu 1013700 761147 8231743 14388324 689369593
1790356142.456672 W 201 lat 462 4481 10185 0 exe 91314 445981 609740 resp 613740 999 pmu 1009811 819910 8208211 13085503 1132886410
1790356143.392905 W 202 lat 2518 5148 10018 0 exe 176944 485648 620685 resp 625203 1000 pmu 1006636 830611 8190886 14641823 1219408551
1790356144.432821 W 203 lat 296 3148 8055 0 exe 50518 311685 511129 resp 514685 874 pmu 1010790 681302 8206211 15392919 803615810
1790356145.368787 W 204 lat 296 4370 11537 0 exe 58499 445666 600425 resp 605518 994 pmu 1009184 775010 8194406 12759900 1123675287
1790356146.416745 W 205 lat 296 2203 7481 0 exe 49166 254407 540185 resp 543314 793 pmu 1013794 701725 8230266 14393528 677520972
1790356147.460819 W 206 lat 314 4518 10944 0 exe 92555 445796 601537 resp 605240 998 pmu 1009317 820774 8207137 12747842 1129257392
1790356148.412741 W 207 lat 370 4851 12425 0 exe 130722 454814 595074 resp 599870 1000 pmu 1005706 781697 8179893 14567148 1143649626
1790356149.468661 W 208 lat 296 3722 8018 0 exe 35277 369592 557796 resp 563481 945 pmu 1009086 723717 8196471 14753195 944974325
1790356150.436766 W 209 lat 296 4111 11759 0 exe 52814 404666 591370 resp 598537 956 pmu 1009150 720975 8201790 13453590 1023043266
1790356151.380483 W 210 lat 296 2740 8814 0 exe 69666 303148 629851 resp 637481 916 pmu 1012643 754676 8225456 14080080 793513297
1790356152.428742 W 211 lat 296 3907 10222 0 exe 64722 406092 608333 resp 617018 926 pmu 1009599 800409 8201789 14022352 1032369614
1790356153.364822 W 212 lat 333 3888 8555 0 exe 115648 391537 594907 resp 600537 1000 pmu 1010413 777005 8212401 14315365 1010290084
1790356154.404663 W 213 lat 648 4851 11111 0 exe 175388 460185 580518 resp 588833 1000 pmu 1006229 772974 8184516 14339428 1156866889
1790356155.448861 W 214 lat 296 3555 8537 0 exe 56499 348944 568037 resp 573703 951 pmu 1011993 682765 8223356 14870117 891961367
1790356156.396774 W 215 lat 296 3074 8203 0 exe 56759 327981 576092 resp 580685 934 pmu 1011602 731216 8212642 13560404 839749116
1790356157.448614 W 216 lat 314 4222 10962 0 exe 100444 425148 584833 resp 590074 1000 pmu 1009545 802529 8204406 13527978 1079792877
1790356158.408935 W 217 lat 351 4166 9222 0 exe 92351 411833 589518 resp 596796 998 pmu 1009637 785694 8206392 14342495 1049984356
1790356159.368588 W 218 lat 314 4833 13592 0 exe 69055 461759 580240 resp 585537 986 pmu 1007209 770545 8189611 14283855 1157695019
1790356160.420677 W 219 lat 296 3185 9333 0 exe 59499 328999 576925 resp 580425 843 pmu 1010978 714587 8210592 14338857 845089068
1790356161.460849 W 220 lat 314 3648 8722 0 exe 61018 377759 567759 resp 572629 967 pmu 1011341 760917 8212273 13555880 970105574
1790356162.396481 W 221 lat 296 3555 7981 0 exe 72740 355425 542907 resp 546555 960 pmu 1011017 742635 8210856 13721826 914124785
1790356163.436854 W 222 lat 314 3999 10092 0 exe 71314 403444 579740 resp 587240 968 pmu 1008863 781689 8199537 13409806 1035673883
1790356164.376731 W 223 lat 629 4648 10740 0 exe 131685 449481 630185 resp 636814 1000 pmu 1008826 781319 8202909 14043355 1132383548
1790356165.416815 W 224 lat 296 2870 9666 0 exe 50518 294222 590333 resp 596314 816 pmu 1013398 686351 8227144 15082876 768912073
1790356166.456778 W 225 lat 314 4166 9148 0 exe 60444 421444 610648 resp 616851 986 pmu 1010585 785949 8213181 13483615 1067724660
1790356167.396507 W 226 lat 296 3148 8222 0 exe 58814 303388 546018 resp 550666 962 pmu 1011550 662255 8211073 14377487 784733914
1790356168.432850 W 227 lat 314 4166 10259 0 exe 74055 426574 630481 resp 634277 985 pmu 1009220 793252 8200416 13115285 1077855629
1790356169.368746 W 228 lat 1481 4777 10314 0 exe 147888 456925 595666 resp 600611 1000 pmu 1006302 783505 8183630 14663216 1150322825
1790356170.416857 W 229 lat 296 2611 8740 0 exe 43666 276851 539703 resp 544962 825 pmu 1013029 676433 8233899 14850393 726019091
1790356171.464746 W 230 lat 314 3999 10185 0 exe 57555 420314 596833 resp 601777 983 pmu 1009374 782145 8195191 12846709 1070280431
1790356172.412442 W 231 lat 314 3481 7666 0 exe 54333 338648 532685 resp 536814 989 pmu 1011101 704773 8205801 14217447 866667132
1790356173.364660 W 232 lat 314 3611 10611 0 exe 56703 376166 590537 resp 593685 929 pmu 1010077 780482 8207319 13132092 960415751
1790356174.404810 W 233 lat 722 4722 9574 0 exe 163944 470203 622462 resp 630092 1000 pmu 1007940 822360 8194108 13920696 1184161060
1790356175.444909 W 234 lat 296 2851 7685 0 exe 56685 293666 548351 resp 554148 869 pmu 1012991 666462 8226706 15270613 757593626
1790356176.380702 W 235 lat 314 4037 8944 0 exe 76740 429796 583277 resp 588148 978 pmu 1010237 801227 8205390 13081128 1088891856
1790356177.424568 W 236 lat 333 3703 8240 0 exe 110740 352537 544388 resp 549833 1000 pmu 1010326 684358 8203949 14218834 901453262
1790356178.464811 W 237 lat 296 3555 8462 0 exe 64888 370648 594277 resp 600537 916 pmu 1010778 789659 8213820 13611079 949018301
1790356179.400985 W 238 lat 1018 4740 8814 0 exe 190425 470148 586796 resp 590092 1000 pmu 1006593 802954 8180074 13975945 1187568877
1790356180.444677 W 239 lat 296 2611 8833 0 exe 55277 274092 567851 resp 572407 864 pmu 1013390 674328 8222883 15022361 723591310
1790356181.376762 W 240 lat 314 4148 8611 0 exe 49851 420240 605277 resp 611018 967 pmu 1009452 777452 8204090 13169318 1071631869
1790356182.416806 W 241 lat 314 3555 10240 0 exe 82333 363037 565981 resp 571277 996 pmu 1011196 733827 8209960 14259703 928776210
1790356183.456854 W 242 lat 296 3481 12703 0 exe 57185 347333 593222 resp 598648 835 pmu 1011090 737930 8209821 13745854 893081122
1790356184.396634 W 243 lat 333 4407 15592 0 exe 104833 434814 601481 resp 605981 1000 pmu 1009088 790306 8202689 13826877 1102253518
1790356185.436554 W 244 lat 388 3592 8314 0 exe 68555 338981 568574 resp 572925 996 pmu 1010548 650625 8206257 14599686 867808867
1790356186.372496 W 245 lat 296 3574 10166 0 exe 39796 381981 587388 resp 590851 949 pmu 1010220 763619 8206436 13569257 980754915
1790356187.412889 W 246 lat 314 3537 8833 0 exe 82722 342537 586888 resp 591796 995 pmu 1010644 695350 8207235 13832964 881519499
1790356188.453026 W 247 lat 296 3444 11277 0 exe 46074 353370 633759 resp 642203 848 pmu 1012053 732388 8220205 13845396 906330582
1790356189.392475 W 248 lat 425 4351 12222 0 exe 103407 425074 600796 resp 607148 1000 pmu 1008332 766900 8187711 14214679 1084800578
1790356190.432464 W 249 lat 314 3537 8444 0 exe 72999 330259 560444 resp 565407 992 pmu 1010956 622789 8215569 14529563 845726796
1790356191.368869 W 250 lat 296 3481 9370 0 exe 46129 374814 568148 resp 572092 919 pmu 1009433 775867 8193395 13469531 972377067
1790356192.408551 W 251 lat 333 4074 10759 0 exe 99648 385351 583851 resp 590037 1000 pmu 1009366 709325 8200227 13634369 980612101
1790356193.448744 W 252 lat 296 3018 10092 0 exe 60388 323240 599629 resp 604907 872 pmu 1012032 748592 8218436 14132395 836511500
1790356194.388711 W 253 lat 314 4444 9851 0 exe 81814 448277 600518 resp 607203 994 pmu 1008325 776739 8184695 13770244 1135211287
1790356195.428797 W 254 lat 351 3574 8388 0 exe 103277 351648 561814 resp 565481 1000 pmu 1010919 677761 8208544 14524663 900810841
1790356196.364401 W 255 lat 296 648 6074 0 exe 16962 62314 460611 resp 465185 130 pmu 1021949 181121 8253148 13732616 165007148
1790356197.404394 W 256 lat 296 296 555 0 exe 17111 22870 117796 resp 118351 6 pmu 1023551 78244 8256763 10819804 60512528
1790356198.444396 W 257 lat 296 296 1111 0 exe 16925 23481 176611 resp 177462 18 pmu 1023471 83515 8257423 7145643 60379437
1790356199.380393 W 258 lat 296 296 685 0 exe 16777 21759 120740 resp 121055 7 pmu 1023533 65153 8261115 7740276 55880450
1790356200.420366 W 259 lat 296 296 333 0 exe 16888 19037 50111 resp 50407 0 pmu 1023645 33804 8257872 7167268 48184869
1790356201.460391 W 260 lat 296 296 444 0 exe 17074 21981 132814 resp 133148 7 pmu 1023540 67648 8259823 6445963 55624106
1790356202.396367 W 261 lat 296 296 333 0 exe 16944 19092 43722 resp 44018 0 pmu 1023666 34428 8255416 7289436 48431560
1790356203.436391 W 262 lat 296 296 574 0 exe 17185 22111 123388 resp 123925 6 pmu 1023572 68954 8260144 6382577 55906138
1790356204.372366 W 263 lat 296 296 333 0 exe 16870 19499 45574 resp 45907 0 pmu 1023660 39206 8255200 7198083 49359768
1790356205.412392 W 264 lat 296 296 518 0 exe 16888 22037 116777 resp 117277 6 pmu 1023627 68303 8259656 6403054 55720256
1790356206.452364 W 265 lat 296 296 333 0 exe 16944 18944 44537 resp 44851 0 pmu 1023717 32897 8261768 7129756 47940352
1790356207.388394 W 266 lat 296 296 518 0 exe 17037 21629 120185 resp 120611 6 pmu 1023604 63464 8260101 6390276 54734677
1790356208.428367 W 267 lat 296 296 351 0 exe 16740 19685 46722 resp 47037 0 pmu 1023675 41260 8256072 7162005 49790305
1790356209.364393 W 268 lat 296 296 648 0 exe 16722 21870 132296 resp 132944 6 pmu 1023619 66113 8257480 6414783 55310262
1790356210.404369 W 269 lat 296 296 333 0 exe 16981 19370 44037 resp 44351 0 pmu 1023658 37668 8255584 7284532 49113133
1790356211.444393 W 270 lat 296 296 499 0 exe 16870 21592 114333 resp 114759 6 pmu 1023576 63437 8261026 6387485 54662677
1790356212.380365 W 271 lat 296 296 333 0 exe 17018 19259 48111 resp 48425 0 pmu 1023723 36421 8258179 7102576 48722033
1790356213.420393 W 272 lat 296 296 537 0 exe 16962 21999 134018 resp 134555 6 pmu 1023653 67904 8258137 6427752 55641999
1790356214.460367 W 273 lat 296 296 333 0 exe 16907 19537 46074 resp 46370 0 pmu 1023690 39458 8257130 7302687 49519344
1790356215.396394 W 274 lat 296 296 537 0 exe 17296 21611 112981 resp 113518 7 pmu 1023658 63712 8250538 6408283 54715623
1790356216.436367 W 275 lat 296 296 333 0 exe 17148 19537 53425 resp 53722 0 pmu 1023746 39774 8252924 7091873 49397850
1790356217.372393 W 276 lat 296 296 833 0 exe 17074 22148 121314 resp 121759 6 pmu 1023616 69651 8256169 6483077 56150764
1790356218.412372 W 277 lat 296 296 333 0 exe 17055 19388 43333 resp 43648 0 pmu 1023649 37740 8257352 7177863 49071551
1790356219.452393 W 278 lat 296 296 499 0 exe 16925 21574 138370 resp 138870 6 pmu 1023649 62636 8253037 6381031 54597885
1790356220.388366 W 279 lat 296 296 425 0 exe 17129 19074 45277 resp 45592 0 pmu 1023676 34339 8256870 7343455 48393390
1790356221.432395 W 280 lat 296 296 481 0 exe 17407 21925 109444 resp 109925 6 pmu 1023624 67241 8254876 6399705 55487246
1790356222.368383 W 281 lat 296 296 351 0 exe 17092 19796 48037 resp 48351 0 pmu 1023653 42433 8252656 7058085 49977730
1790356223.408397 W 282 lat 296 296 388 0 exe 17203 21592 120851 resp 121240 6 pmu 1023544 63441 8259286 6430279 54731881
1790356224.448369 W 283 lat 296 296 333 0 exe 17203 19259 44888 resp 45185 0 pmu 1023724 36232 8258870 7168390 48715344
1790356225.384397 W 284 lat 296 296 462 0 exe 17148 21944 136555 resp 136870 6 pmu 1023566 66600 8255859 6396425 55495163
1790356226.424371 W 285 lat 296 296 333 0 exe 16981 19314 46611 resp 46925 0 pmu 1023586 37144 8253284 7327145 48975618
1790356227.360398 W 286 lat 296 296 462 0 exe 17148 21851 109537 resp 109944 5 pmu 1023624 66389 8257012 6412953 55327891
1790356228.400375 W 287 lat 296 296 351 0 exe 17148 19833 46870 resp 47166 0 pmu 1023698 42850 8252389 7056869 50078878
1790356229.444399 W 288 lat 296 296 462 0 exe 17148 21999 124777 resp 125092 6 pmu 1023602 67835 8255186 6419005 55696832
1790356230.380369 W 289 lat 296 296 333 0 exe 16999 19203 45740 resp 46055 0 pmu 1023665 35787 8259336 7209599 48632517
1790356231.420395 W 290 lat 296 296 388 0 exe 16944 21444 125611 resp 125925 6 pmu 1023573 61598 8256641 6403878 54309198
1790356232.460372 W 291 lat 296 296 333 0 exe 16907 19148 43759 resp 44074 0 pmu 1023596 35071 8259865 7213698 48484002
1790356233.396397 W 292 lat 296 296 481 0 exe 16925 21740 115722 resp 116074 6 pmu 1023586 64960 8256337 6383195 54971882
1790356234.436374 W 293 lat 296 296 333 0 exe 17055 19999 61481 resp 61796 0 pmu 1023617 44924 8256260 7116910 50571711
1790356235.376397 W 294 lat 296 296 629 0 exe 16981 21407 110666 resp 110999 6 pmu 1023610 61515 8253002 6565430 54395425
1790356236.416369 W 295 lat 296 296 333 0 exe 17111 19333 42814 resp 43111 0 pmu 1023654 37179 8256520 7065487 48883569
1790356237.456397 W 296 lat 296 296 518 0 exe 17018 21574 119925 resp 120259 6 pmu 1023569 63157 8254309 6375598 54663447
1790356238.392369 W 297 lat 296 296 333 0 exe 17037 19592 43462 resp 43777 0 pmu 1023645 40099 8254844 7158735 49567487
1790356239.432395 W 298 lat 296 296 444 0 exe 16925 22185 110648 resp 111074 7 pmu 1023596 70668 8257328 6383262 56120671
1790356240.368371 W 299 lat 296 296 333 0 exe 16962 19407 49722 resp 50037 0 pmu 1023683 38251 8259952 7068518 49057887
1790356241.408396 W 300 lat 296 296 481 0 exe 16944 21722 114703 resp 115111 6 pmu 1023644 64614 8256567 6444453 54984194
1790356242.448371 W 301 lat 296 296 333 0 exe 16944 19259 46814 resp 47129 0 pmu 1023649 36176 8255352 7106876 48683675
1790356243.388397 W 302 lat 296 296 777 0 exe 16925 21481 116888 resp 117666 7 pmu 1023632 62329 8254795 6414589 54458259
1790356244.428368 W 303 lat 296 296 333 0 exe 16999 19444 45351 resp 45666 0 pmu 1023690 38504 8256512 7130967 49199066
1790356245.364397 W 304 lat 296 296 666 0 exe 17240 21685 122351 resp 123018 7 pmu 1023562 64430 8258833 6401104 54927473
1790356246.404372 W 305 lat 296 296 333 0 exe 17148 19333 48388 resp 48703 0 pmu 1023694 37286 8260030 7186835 48974657
1790356247.444394 W 306 lat 296 296 518 0 exe 17129 21888 114611 resp 115037 6 pmu 1023575 66779 8256751 6431656 55397247
1790356248.380373 W 307 lat 296 296 333 0 exe 17092 19296 45407 resp 45722 0 pmu 1023711 36752 8260816 7108209 48791174
1790356249.420397 W 308 lat 296 296 759 0 exe 17037 22111 114203 resp 114666 7 pmu 1023592 69442 8255252 6401328 55963314
1790356250.460371 W 309 lat 296 296 333 0 exe 16888 19333 47185 resp 47499 0 pmu 1023681 37232 8255628 7105969 48907512
1790356251.396398 W 310 lat 296 296 537 0 exe 17018 21685 123092 resp 123629 6 pmu 1023649 64728 8260449 6418343 54966727
1790356252.436369 W 311 lat 296 296 333 0 exe 16925 19148 45851 resp 46166 0 pmu 1023656 34922 8259328 7191985 48448270
1790356253.372394 W 312 lat 296 296 555 0 exe 17351 21759 113537 resp 114092 6 pmu 1023614 65421 8259061 6404205 55038066
1790356254.412374 W 313 lat 296 296 333 0 exe 16999 19351 44740 resp 45037 0 pmu 1023626 37500 8259323 7098530 48972956
1790356255.452396 W 314 lat 296 296 574 0 exe 17111 21722 111462 resp 111777 6 pmu 1023615 65121 8258410 6394442 55015111
1790356256.388372 W 315 lat 296 296 333 0 exe 17166 19499 46222 resp 46537 0 pmu 1023685 39346 8256378 7075238 49308241
1790356257.428396 W 316 lat 296 296 611 0 exe 17259 22499 118907 resp 119499 6 pmu 1023639 74302 8259050 6410969 57038973
1790356258.364390 W 317 lat 296 296 444 0 exe 16999 21518 101814 resp 102129 1 pmu 1023624 62538 8258380 7156069 54518954
1790356259.404400 W 318 lat 296 296 444 0 exe 17018 21740 126388 resp 126722 7 pmu 1023574 65074 8263495 6976602 55407596
1790356260.456660 W 319 lat 296 1814 8129 0 exe 17240 140629 502925 resp 505999 658 pmu 1019969 390922 8264114 7225802 374431632
1790356261.400587 W 320 lat 333 3222 8999 0 exe 49074 235407 519685 resp 523888 967 pmu 1018238 477949 8277383 11647508 621963447
1790356262.452766 W 321 lat 351 3277 8074 0 exe 51759 224499 411240 resp 413351 979 pmu 1017468 450680 8272502 12465696 596245127
1790356263.392658 W 322 lat 296 3018 9148 0 exe 33870 226185 528074 resp 533166 866 pmu 1018150 482547 8266461 11324941 601716055
1790356264.440763 W 323 lat 333 2481 7981 0 exe 48870 175092 348018 resp 351611 918 pmu 1020837 403097 8275235 12431013 469235868
1790356265.388794 W 324 lat 296 3037 8981 0 exe 49537 219537 472499 resp 477277 939 pmu 1018366 462117 8270487 10434198 579558509
1790356266.436659 W 325 lat 314 3166 11111 0 exe 41333 215777 427333 resp 434574 941 pmu 1017402 457850 8269699 11918409 576599945
1790356267.380545 W 326 lat 314 1888 5629 0 exe 37796 153314 351148 resp 354888 857 pmu 1023086 392483 8280493 11430273 410250440
1790356268.444657 W 327 lat 314 2703 8962 0 exe 50574 198148 420388 resp 426203 906 pmu 1018870 438147 8273938 10287077 528748986
1790356269.392717 W 328 lat 351 3499 8907 0 exe 52833 259407 518296 resp 522759 971 pmu 1016745 495471 8275295 11298930 682183718
1790356270.444668 W 329 lat 296 3574 8833 0 exe 48740 245777 429018 resp 436518 962 pmu 1016043 478403 8271503 12592830 651687766
1790356271.388601 W 330 lat 314 3148 8444 0 exe 50574 232703 527222 resp 530111 960 pmu 1017935 480487 8275588 11626328 614440342
1790356272.444682 W 331 lat 314 2759 9277 0 exe 49833 196481 412981 resp 417296 932 pmu 1019467 426086 8275423 12524805 524420893
1790356273.384654 W 332 lat 462 3703 9425 0 exe 53222 256333 505814 resp 509962 988 pmu 1015900 518789 8269903 11207259 677258329
1790356274.436749 W 333 lat 314 3166 7240 0 exe 53240 229074 408425 resp 413907 956 pmu 1017585 449111 8270573 12457039 604926972
1790356275.388650 W 334 lat 333 3240 8703 0 exe 43407 222370 502981 resp 506314 951 pmu 1017579 482558 8269892 11339208 595488463
1790356276.440640 W 335 lat 296 2388 8259 0 exe 49999 185055 309611 resp 313481 922 pmu 1020535 405465 8276867 12199017 490094889
1790356277.380509 W 336 lat 296 2722 9296 0 exe 52018 208814 340259 resp 342944 932 pmu 1018218 460430 8267234 10107782 558006192
1790356278.432598 W 337 lat 296 2629 7722 0 exe 54037 218388 424074 resp 431037 985 pmu 1017503 451722 8267603 10544093 577580566
1790356279.384653 W 338 lat 314 3185 9796 0 exe 50240 229296 536166 resp 540888 895 pmu 1017860 486707 8277439 11453217 615241718
1790356280.436762 W 339 lat 314 2722 8018 0 exe 51851 183314 337129 resp 340388 912 pmu 1019934 414725 8277273 12611780 489088479
1790356281.380612 W 340 lat 314 2759 8074 0 exe 50629 196074 519129 resp 526203 892 pmu 1020140 453527 8276583 10380875 522478180
1790356282.440442 W 341 lat 314 3222 9129 0 exe 53425 207518 344999 resp 347425 962 pmu 1018095 442116 8268948 12278243 552911042
1790356283.388682 W 342 lat 314 3407 9888 0 exe 53222 223777 351203 resp 354629 948 pmu 1016978 473171 8272505 10592457 600189549
1790356284.444570 W 343 lat 351 3259 9518 0 exe 54851 214999 401685 resp 406462 982 pmu 1017643 451452 8270796 10744728 571220278
1790356285.396599 W 344 lat 296 3333 8685 0 exe 51685 215703 370814 resp 376759 931 pmu 1017619 470662 8279939 11217966 579358242
1790356286.448668 W 345 lat 314 2240 7037 0 exe 39685 160666 308999 resp 313240 910 pmu 1022297 381771 8280913 10898854 429674748
1790356287.392509 W 346 lat 314 3388 8166 0 exe 53129 233796 518074 resp 522814 933 pmu 1017585 483816 8272968 9923254 622544529
1790356288.452600 W 347 lat 351 3351 8796 0 exe 52574 220277 418722 resp 423518 989 pmu 1017520 447836 8270893 12460987 582778188
1790356289.396751 W 348 lat 333 3740 9888 0 exe 56222 247981 514222 resp 518851 993 pmu 1015451 507099 8267280 11400604 661987261
1790356290.448747 W 349 lat 388 3796 7814 0 exe 55074 246925 501240 resp 504833 990 pmu 1014978 506164 8253055 12518594 658494168
1790356291.397818 W 350 lat 314 2722 8370 0 exe 50074 186370 337944 resp 340759 939 pmu 1020308 412130 8277811 12362733 494977156
1790356292.440743 W 351 lat 333 3574 8925 0 exe 55370 240388 516240 resp 522203 971 pmu 1017070 501558 8268286 10395218 639154252
1790356293.384531 W 352 lat 314 3111 8833 0 exe 49722 210203 402759 resp 409925 946 pmu 1019030 426142 8275022 12497451 557712724
1790356294.440670 W 353 lat 314 2981 9870 0 exe 51740 201314 384388 resp 388907 949 pmu 1018783 464786 8276773 11186599 540473188
1790356295.384499 W 354 lat 314 2462 7518 0 exe 49296 175092 327592 resp 330981 925 pmu 1021137 401824 8279842 10959961 468086543
1790356296.444474 W 355 lat 314 3277 8499 0 exe 50185 239425 520407 resp 525870 922 pmu 1017989 483994 8277153 10228597 630927909
1790356297.384627 W 356 lat 314 3055 7833 0 exe 54166 214203 327574 resp 332185 950 pmu 1018664 429976 8276978 12502375 565536789
1790356298.440735 W 357 lat 314 3314 8444 0 exe 49222 225851 514462 resp 521129 966 pmu 1017891 485284 8276057 10459278 603085085
1790356299.388790 W 358 lat 314 2444 9407 0 exe 51185 176092 315722 resp 320185 904 pmu 1020957 403673 8278274 12375884 470718365
1790356300.436631 W 359 lat 296 3240 8166 0 exe 51796 240740 523037 resp 526333 935 pmu 1017441 482631 8269611 10139109 633975736
1790356301.380547 W 360 lat 314 3222 7999 0 exe 49833 231814 367166 resp 370296 963 pmu 1017621 447506 8272413 12530529 612230564
1790356302.432712 W 361 lat 314 2074 8203 0 exe 44444 164166 500629 resp 504685 855 pmu 1022440 403689 8278021 10915372 437317980
1790356303.380610 W 362 lat 314 3148 8611 0 exe 46314 208481 350166 resp 354074 933 pmu 1018128 449725 8276163 11884747 559044844
1790356304.428752 W 363 lat 314 2962 8259 0 exe 50944 223240 500185 resp 504425 946 pmu 1018658 451137 8272495 10617860 586792652
1790356305.376628 W 364 lat 333 2537 8111 0 exe 39648 183092 363666 resp 368277 884 pmu 1020449 418036 8275818 12213808 493526600
1790356306.424543 W 365 lat 314 3129 10499 0 exe 53574 221777 390277 resp 393629 989 pmu 1018878 455300 8275558 10590804 584953342
1790356307.368667 W 366 lat 314 2962 8740 0 exe 51407 202666 366814 resp 371370 931 pmu 1018223 442399 8267652 11128470 544962417
1790356308.416685 W 367 lat 333 2648 8481 0 exe 44296 191129 342722 resp 345999 942 pmu 1020294 433331 8275712 10783744 506166750
1790356309.360622 W 368 lat 314 3018 8722 0 exe 48722 210962 394240 resp 398259 928 pmu 1018135 445766 8269705 10440400 562122511
1790356310.404529 W 369 lat 499 3277 8055 0 exe 54111 233037 531351 resp 536259 988 pmu 1018091 474117 8275616 11083562 615662172
1790356311.360794 W 370 lat 351 3462 9518 0 exe 55018 228796 390814 resp 394759 919 pmu 1016775 465305 8270536 12595309 610707046
1790356312.409814 W 371 lat 499 3259 9388 0 exe 54185 237037 531111 resp 535518 986 pmu 1017896 484069 8273357 11176157 623707228
1790356313.364569 W 372 lat 314 3462 9685 0 exe 53018 235314 442407 resp 447018 952 pmu 1016287 476573 8272557 12617538 627207366
1790356314.408643 W 373 lat 351 3425 8111 0 exe 54425 253759 520907 resp 525962 954 pmu 1017151 490876 8269264 11718628 667942970
1790356315.460708 W 374 lat 370 3351 9759 0 exe 49759 228666 425870 resp 430648 976 pmu 1017118 456904 8266848 12597287 607085930
1790356316.404618 W 375 lat 333 3629 9018 0 exe 52462 248240 475888 resp 479518 970 pmu 1015775 497286 8273174 11504769 657857276
1790356317.456609 W 376 lat 370 3462 8981 0 exe 50962 243444 437092 resp 443203 956 pmu 1016675 466406 8268661 12108086 641839632
1790356318.404657 W 377 lat 314 3648 8796 0 exe 52518 252703 485074 resp 489833 972 pmu 1015772 499522 8258645 11700060 669527617
1790356319.456682 W 378 lat 314 3444 9555 0 exe 49592 231111 425259 resp 432037 975 pmu 1016381 474505 8268766 12227055 615559949
1790356320.396398 W 379 lat 296 1111 6518 0 exe 16796 82907 314370 resp 320314 266 pmu 1021949 200258 8263060 11517004 221560132
1790356321.436377 W 380 lat 296 296 333 0 exe 17055 19907 40592 resp 40888 0 pmu 1023604 43669 8256149 9470850 51730234
1790356322.376658 W 381 lat 296 2185 5833 0 exe 17148 211314 556055 resp 559722 714 pmu 1011577 538614 8223972 6358043 544998262
1790356323.420676 W 382 lat 1611 3037 5703 0 exe 226666 278166 349129 resp 353259 1000 pmu 1003952 698728 8176199 12525315 721367492
1790356324.360654 W 383 lat 1425 3111 20333 0 exe 226018 282888 387537 resp 391092 1000 pmu 1004760 714605 8194294 11850574 733547203
1790356325.420667 W 384 lat 1314 2944 6111 0 exe 176685 274203 353333 resp 356592 1000 pmu 1004300 688757 8188299 12324543 711351716
1790356326.360663 W 385 lat 1203 2981 5351 0 exe 225666 282185 416685 resp 420129 1000 pmu 1004586 712310 8194403 11618500 731366310
1790356327.400679 W 386 lat 1481 2944 5259 0 exe 235388 278018 349648 resp 353925 1000 pmu 1003933 698446 8188933 12533395 720852450
1790356328.440673 W 387 lat 1518 3037 5777 0 exe 226537 282629 378925 resp 381462 1000 pmu 1005050 713247 8189780 11895944 732742047
1790356329.380652 W 388 lat 1259 2925 5425 0 exe 163759 272074 356518 resp 359166 1000 pmu 1004544 687589 8188527 12162140 705717357
1790356330.424653 W 389 lat 1444 3092 6018 0 exe 229592 282407 379796 resp 382537 1000 pmu 1004779 713763 8187583 11568341 732223819
1790356331.368646 W 390 lat 1592 3055 6462 0 exe 218518 278333 349796 resp 353888 1000 pmu 1003941 699011 8189701 12187135 721667502
1790356332.420670 W 391 lat 944 2981 6703 0 exe 170037 279185 368574 resp 372296 1000 pmu 1004831 705497 8192918 11820836 724019799
1790356333.364684 W 392 lat 1648 2981 5703 0 exe 228629 278981 339185 resp 342148 1000 pmu 1004063 701223 8190133 11766206 723108140
1790356334.416684 W 393 lat 1481 3018 6685 0 exe 227277 281518 372092 resp 375537 1000 pmu 1004404 709117 8187602 11758804 729586292
1790356335.456643 W 394 lat 1407 3055 6722 0 exe 171018 279370 390962 resp 395555 1000 pmu 1004303 702470 8185731 12100645 723613744
1790356336.396588 W 395 lat 1277 3037 5999 0 exe 163833 276037 348555 resp 353185 1000 pmu 1003784 693042 8182320 12002982 715334774
1790356337.440684 W 396 lat 1537 2999 7222 0 exe 225833 284277 386685 resp 389166 1000 pmu 1005117 716537 8195080 11522268 736867219
1790356338.380679 W 397 lat 1277 2981 5481 0 exe 184074 279111 350111 resp 354037 1000 pmu 1004081 699182 8178485 12251349 723072044
1790356339.420671 W 398 lat 1277 2962 5314 0 exe 182648 281555 385314 resp 388796 1000 pmu 1005344 711477 8200701 11647828 729593772
1790356340.460653 W 399 lat 1425 2999 5407 0 exe 174203 277537 349777 resp 353425 1000 pmu 1003752 696613 8181873 12002021 719152082
1790356341.396652 W 400 lat 1351 2999 6351 0 exe 226481 283592 409203 resp 413148 1000 pmu 1004629 716383 8192708 11586504 734743667
1790356342.436657 W 401 lat 1166 3074 6203 0 exe 177833 277611 355944 resp 359462 1000 pmu 1004106 694895 8191432 12478153 719617528
1790356343.376558 W 402 lat 851 3037 6148 0 exe 162740 281962 378259 resp 381351 1000 pmu 1005253 709817 8189214 11669093 730307924
1790356344.412635 W 403 lat 1592 2962 5055 0 exe 235129 279222 345999 resp 351055 1000 pmu 1003977 698333 8179486 11834234 723358585
1790356345.456620 W 404 lat 1259 2962 5796 0 exe 165759 279407 399888 resp 403907 1000 pmu 1005325 706063 8189516 11867752 724169889
1790356346.396669 W 405 lat 1314 3018 6388 0 exe 185185 277666 349388 resp 352277 1000 pmu 1004140 694995 8187991 12057646 718974474
1790356347.436636 W 406 lat 462 2611 9092 0 exe 166203 280833 387203 resp 388370 1000 pmu 1005130 711688 8195982 11638892 727512702
1790356348.376671 W 407 lat 851 2999 5685 0 exe 192907 273925 343092 resp 346407 1000 pmu 1004292 695153 8182450 11936301 710070657
1790356349.416618 W 408 lat 1407 3111 7759 0 exe 191907 279592 405703 resp 409166 1000 pmu 1004465 716324 8193436 11591863 724885240
1790356350.456655 W 409 lat 888 2981 6074 0 exe 163962 272814 337574 resp 340611 1000 pmu 1004242 691844 8182259 12255802 707365681
1790356351.396651 W 410 lat 1444 2999 6296 0 exe 218388 279259 373296 resp 376833 1000 pmu 1005235 713406 8194212 11387011 723878515
1790356352.436646 W 411 lat 1166 2962 6425 0 exe 165314 273814 366370 resp 370740 1000 pmu 1004260 696603 8190493 12055191 710086757
1790356353.372631 W 412 lat 1685 2999 5962 0 exe 208333 277370 374518 resp 377870 1000 pmu 1005046 711552 8190627 11696491 719557401
1790356354.416671 W 413 lat 1314 3092 6499 0 exe 158277 273222 349185 resp 351722 1000 pmu 1004185 694765 8180052 12006373 708839259
1790356355.460641 W 414 lat 1240 3037 5962 0 exe 197203 276796 381296 resp 384870 1000 pmu 1005149 709269 8194569 11479117 718322268
1790356356.404646 W 415 lat 1370 3018 6370 0 exe 163759 273111 351018 resp 356018 1000 pmu 1004141 694612 8187210 12014657 708408718
1790356357.448644 W 416 lat 1351 2962 5870 0 exe 212962 276574 384629 resp 387888 1000 pmu 1005113 711325 8193556 11535711 717824936
1790356358.388656 W 417 lat 1314 2981 5629 0 exe 185629 272481 355740 resp 358870 1000 pmu 1004596 693781 8188950 12123851 707360808
1790356359.428676 W 418 lat 1518 3037 5925 0 exe 211740 278129 376611 resp 379111 1000 pmu 1005040 715205 8193960 11675785 721847202
1790356360.364638 W 419 lat 1351 3055 6962 0 exe 198222 271740 333814 resp 337425 1000 pmu 1004505 693186 8189356 12042862 705645233
1790356361.408645 W 420 lat 1462 3037 5759 0 exe 165462 275370 370814 resp 374018 1000 pmu 1005444 707543 8192289 11525397 715246176
1790356362.448635 W 421 lat 1462 2981 5907 0 exe 187555 270074 348555 resp 351277 1000 pmu 1004818 693011 8191382 11742239 701141460
1790356363.384657 W 422 lat 1277 3018 6129 0 exe 189018 275037 374259 resp 378537 1000 pmu 1005486 705616 8199734 11601542 713868619
1790356364.428706 W 423 lat 1314 2981 6018 0 exe 171944 273592 343111 resp 346351 1000 pmu 1004495 694580 8188447 11899027 708876448
1790356365.368650 W 424 lat 1351 3074 7481 0 exe 169629 277555 405888 resp 409333 1000 pmu 1004881 708183 8194744 11489101 719325536
1790356366.408629 W 425 lat 1370 3055 6537 0 exe 234037 276888 343722 resp 347555 1000 pmu 1004495 696778 8186460 12134110 717263495
1790356367.456605 W 426 lat 1148 2981 6018 0 exe 186148 280166 375685 resp 378888 1000 pmu 1005569 708491 8202723 11828530 726314075
1790356368.400638 W 427 lat 1259 2962 6037 0 exe 183629 275481 359037 resp 362666 1000 pmu 1004238 692568 8185685 11917696 713865431
1790356369.448594 W 428 lat 1425 2981 5666 0 exe 231870 280666 399111 resp 403240 1000 pmu 1005122 710937 8197481 11718120 727884185
1790356370.384655 W 429 lat 1148 2999 5444 0 exe 182407 276796 356592 resp 360796 1000 pmu 1003867 697246 8179924 12387260 717684174
1790356371.428650 W 430 lat 1407 3037 6277 0 exe 184944 276703 377425 resp 380759 1000 pmu 1004474 697355 8191605 11693726 717461133
1790356372.364639 W 431 lat 1611 3092 7055 0 exe 178129 280092 375388 resp 378240 1000 pmu 1004747 707464 8187580 11915495 726189212
1790356373.405329 W 432 lat 1555 3018 5981 0 exe 223925 278555 341944 resp 344999 1000 pmu 1004069 700260 8185740 11880569 722188322
1790356374.448625 W 433 lat 1259 2981 5870 0 exe 179629 281388 404407 resp 407981 1000 pmu 1004981 712477 8191048 11762394 729495267
1790356375.384673 W 434 lat 1018 2962 5648 0 exe 173166 275129 351018 resp 354685 1000 pmu 1003927 691625 8186140 12180199 713312657
1790356376.436647 W 435 lat 1462 3018 6907 0 exe 232018 280759 412166 resp 415351 1000 pmu 1004877 708769 8185210 11580690 727977879
1790356377.372648 W 436 lat 925 3074 6462 0 exe 174962 276981 346777 resp 350333 1000 pmu 1004007 698321 8189210 12521032 718502688
1790356378.416630 W 437 lat 555 2962 6629 0 exe 139796 276981 387425 resp 391259 1000 pmu 1005516 702557 8196397 11560101 718782049
1790356379.456663 W 438 lat 1407 2981 5370 0 exe 226444 278203 353333 resp 356814 1000 pmu 1004069 698985 8188743 11790743 720968896
1790356380.396644 W 439 lat 1462 2981 4981 0 exe 231555 282425 389037 resp 391611 1000 pmu 1004773 715153 8193257 11885394 732288881
1790356381.440669 W 440 lat 1240 2981 5814 0 exe 176148 276296 356240 resp 359833 1000 pmu 1004051 694342 8182380 12282861 716585359
1790356382.376405 W 441 lat 296 1185 5166 0 exe 17018 108685 386018 resp 388555 336 pmu 1018241 295040 8243408 11653317 283518233
1790356383.416367 W 442 lat 296 296 333 0 exe 16759 18962 41759 resp 42055 0 pmu 1023646 32954 8258154 10293988 49900162
1790356384.460829 W 443 lat 296 3018 12888 0 exe 17074 285481 586944 resp 592629 648 pmu 1014971 556226 8235442 6363413 718701415
1790356385.400656 W 444 lat 370 4722 10962 0 exe 88518 453203 591018 resp 596722 996 pmu 1006756 803315 8181575 13254210 1139421118
1790356386.436592 W 445 lat 1481 5203 12481 0 exe 212611 484833 641333 resp 645129 1000 pmu 1005919 815260 8183387 14490077 1216575562
1790356387.372755 W 446 lat 296 2499 11166 0 exe 33333 251222 606499 resp 612296 543 pmu 1014870 596466 8234966 15776583 662830209
1790356388.412760 W 447 lat 296 4796 9981 0 exe 52259 474888 639481 resp 645185 967 pmu 1009539 797632 8203577 13349160 1193318473
1790356389.460816 W 448 lat 296 1925 11296 0 exe 47759 232296 547999 resp 551462 691 pmu 1013718 702553 8226651 14896340 616397426
1790356390.408938 W 449 lat 314 4314 11740 0 exe 85499 429314 600407 resp 604296 990 pmu 1010258 814015 8211552 12727880 1088139403
1790356391.360664 W 450 lat 2203 5185 11351 0 exe 317296 469944 595185 resp 599925 1000 pmu 1004768 765396 8180062 14441760 1178177645
1790356392.412676 W 451 lat 296 2981 12222 0 exe 36203 290092 609592 resp 616907 674 pmu 1012033 665132 8210325 15767246 749811378
1790356393.452847 W 452 lat 314 4907 11574 0 exe 66388 469555 607796 resp 613240 999 pmu 1009092 754313 8208041 13604027 1182726773
1790356394.400488 W 453 lat 296 2537 8388 0 exe 58518 297185 606685 resp 610944 891 pmu 1012521 768566 8223870 14631213 780697799
1790356395.456768 W 454 lat 314 3129 10037 0 exe 50018 334425 555111 resp 560777 913 pmu 1012393 776774 8220270 13685200 875919149
1790356396.412809 W 455 lat 981 4833 9888 0 exe 215962 471351 615944 resp 622259 1000 pmu 1007706 812964 8199351 13331586 1185452137
1790356397.360517 W 456 lat 296 4277 10166 0 exe 45703 409796 593944 resp 599222 952 pmu 1007057 746936 8187225 15468590 1035101714
1790356398.408780 W 457 lat 296 3703 10370 0 exe 37129 380148 616203 resp 622777 935 pmu 1011963 721077 8223882 14079592 973538254
1790356399.452645 W 458 lat 296 3092 9666 0 exe 60111 327351 576055 resp 580777 877 pmu 1010921 735408 8216428 14115419 844434785
1790356400.400752 W 459 lat 296 3074 8814 0 exe 66222 343759 594796 resp 601092 913 pmu 1012588 789878 8223969 13549082 884237000
1790356401.452905 W 460 lat 1018 4759 9574 0 exe 179574 460777 578703 resp 583351 1000 pmu 1006532 812231 8185539 13852866 1164349146
1790356402.396652 W 461 lat 314 4240 9722 0 exe 80574 408722 588592 resp 593166 992 pmu 1006504 759985 8180916 14851508 1038905567
1790356403.440832 W 462 lat 296 3685 8796 0 exe 36037 373074 577259 resp 581407 933 pmu 1010453 700475 8204824 14189050 948170626
1790356404.380659 W 463 lat 314 3111 9481 0 exe 60555 328962 555777 resp 563018 864 pmu 1011474 731341 8217584 13664947 842048838
1790356405.420764 W 464 lat 296 3111 9129 0 exe 56129 332981 569055 resp 573499 915 pmu 1012393 753403 8223090 13368439 859690702
1790356406.464789 W 465 lat 333 4833 12425 0 exe 84629 467092 626777 resp 631870 998 pmu 1007507 810978 8194336 13483582 1179912800
1790356407.400514 W 466 lat 314 4518 9537 0 exe 67314 437981 643740 resp 650555 997 pmu 1007115 786089 8183787 14902486 1104565824
1790356408.444761 W 467 lat 296 3592 8240 0 exe 54333 349722 595240 resp 599537 906 pmu 1012270 646334 8222881 14832227 888986696
1790356409.380517 W 468 lat 314 2999 9296 0 exe 61129 335499 599425 resp 601407 880 pmu 1011915 739097 8221146 13817089 865642342
1790356410.420822 W 469 lat 296 3092 8092 0 exe 48388 328240 585018 resp 590259 930 pmu 1012751 747781 8223747 13812734 846066520
1790356411.364884 W 470 lat 722 4777 10814 0 exe 170351 453074 599111 resp 605092 1000 pmu 1008143 815777 8200450 13579438 1147097798
1790356412.420640 W 471 lat 425 4685 9981 0 exe 120740 425240 580481 resp 587296 1000 pmu 1006256 736788 8186325 14982295 1072590120
1790356413.460873 W 472 lat 296 3444 11444 0 exe 32722 345944 543092 resp 546888 918 pmu 1011008 718182 8210982 14406549 886770160
1790356414.400646 W 473 lat 296 3444 10888 0 exe 59981 339611 567851 resp 571111 885 pmu 1010332 719678 8207320 13181261 878212928
1790356415.456668 W 474 lat 296 3055 8148 0 exe 67333 316444 581666 resp 589074 970 pmu 1012197 746798 8222427 13528371 814472982
1790356416.404621 W 475 lat 833 4611 12166 0 exe 155851 447407 596185 resp 601185 1000 pmu 1008613 819667 8201571 13592762 1136347778
1790356417.452705 W 476 lat 759 4351 12296 0 exe 175981 421351 561796 resp 565462 1000 pmu 1007684 770629 8192364 14853907 1067552145
1790356418.396496 W 477 lat 296 3925 10777 0 exe 48870 376833 529537 resp 536166 965 pmu 1009596 701443 8203479 14472674 958608173
1790356419.452671 W 478 lat 296 3129 7759 0 exe 40037 328296 557999 resp 563388 890 pmu 1012025 755135 8221160 13294568 864149137
1790356420.404749 W 479 lat 296 3222 10925 0 exe 69277 321407 592666 resp 597962 952 pmu 1011638 738535 8219189 13267048 836455389
1790356421.444536 W 480 lat 925 4611 12296 0 exe 178870 442740 591351 resp 597629 1000 pmu 1009550 801947 8203688 13741555 1119642970
1790356422.380738 W 481 lat 944 4388 9351 0 exe 189388 414296 543166 resp 547574 1000 pmu 1007047 764494 8189078 14904702 1050813062
1790356423.420538 W 482 lat 296 3814 8314 0 exe 35370 378111 553203 resp 557351 952 pmu 1010200 730232 8206701 14307983 966404453
1790356424.360574 W 483 lat 296 3166 7888 0 exe 59722 329759 567462 resp 572148 940 pmu 1011300 755169 8214905 13444528 860507975
1790356425.400854 W 484 lat 314 3407 7481 0 exe 67055 346944 585537 resp 590888 970 pmu 1012166 753467 8218385 13464774 895456513
1790356426.440609 W 485 lat 629 4759 11203 0 exe 129944 442870 605592 resp 609629 1000 pmu 1008655 786104 8205668 13770851 1118811859
1790356427.380873 W 486 lat 722 4388 9518 0 exe 150592 417888 568944 resp 575555 1000 pmu 1008827 747239 8194899 14785727 1056876461
1790356428.444620 W 487 lat 296 3796 10351 0 exe 43037 366962 581851 resp 585907 935 pmu 1010735 699878 8217459 14400653 938634615
1790356429.400639 W 488 lat 314 3555 8222 0 exe 67722 341481 549777 resp 554499 973 pmu 1011389 716166 8214250 13723668 875538313
1790356430.456746 W 489 lat 314 3481 9240 0 exe 71925 357907 568499 resp 574444 951 pmu 1010348 773789 8211093 13390436 913846250
1790356431.420648 W 490 lat 499 4388 9611 0 exe 134648 426685 604851 resp 609592 1000 pmu 1008930 777727 8196982 13691647 1077783458
1790356432.360826 W 491 lat 1037 4796 8851 0 exe 155759 441388 585944 resp 591092 1000 pmu 1007029 746016 8191874 14714124 1111222352
1790356433.412750 W 492 lat 314 3425 7999 0 exe 69462 343333 574962 resp 578796 962 pmu 1011306 707971 8217180 14706790 880303414
1790356434.372538 W 493 lat 296 3092 7759 0 exe 41981 309518 550518 resp 555259 866 pmu 1011708 697326 8212890 13653710 799490279
1790356435.428838 W 494 lat 314 3611 9944 0 exe 74370 383037 614814 resp 619555 971 pmu 1011376 798470 8221774 13104698 981614342
1790356436.380652 W 495 lat 1611 4759 13240 0 exe 174129 463425 592185 resp 596277 1000 pmu 1007822 816101 8193586 14290808 1166825055
1790356437.424725 W 496 lat 407 4333 8722 0 exe 114722 416703 532351 resp 537333 1000 pmu 1007055 747001 8191383 14990748 1053090506
1790356438.360852 W 497 lat 314 3925 9185 0 exe 84962 398240 552296 resp 558574 987 pmu 1009917 742198 8208690 13835317 1019942239
1790356439.428484 W 498 lat 296 2462 7388 0 exe 59629 278055 530425 resp 534759 858 pmu 1012527 725995 8216364 13799730 728578339
1790356440.372738 W 499 lat 314 3851 9148 0 exe 88277 396240 560999 resp 565981 987 pmu 1010045 794924 8207615 12827847 1018592336
1790356441.432670 W 500 lat 2277 5018 9925 0 exe 214407 467314 604833 resp 609185 1000 pmu 1006361 792535 8183623 13886706 1176306333
1790356442.372653 W 501 lat 314 3907 8722 0 exe 74351 369703 564648 resp 569907 996 pmu 1009474 700732 8200221 15327422 942489046
1790356443.424668 W 502 lat 314 4222 8851 0 exe 76018 406648 567629 resp 572148 996 pmu 1009354 719628 8199784 13720297 1032982622
1790356444.368401 W 503 lat 296 1444 8425 0 exe 17481 157925 564148 resp 567685 381 pmu 1019003 367733 8243267 13939942 404192015
1790356445.408370 W 504 lat 296 296 333 0 exe 16833 19388 44981 resp 45296 0 pmu 1023545 37555 8256034 12346564 52168225
1790356446.452405 W 505 lat 296 296 944 0 exe 16981 30203 154222 resp 154555 69 pmu 1023204 157008 8260320 6396489 78329188
1790356447.388367 W 506 lat 296 296 333 0 exe 16944 19111 50722 resp 51037 0 pmu 1023624 34864 8260358 7546654 48631916
1790356447.908402 Closing cell "rt-bench"
1790356447.908462 [MG] Initializing memguard on CPU 3
1790356447.908489 [SMMUv2] Exiting SMMUv2 on cell 1
1790356447.908551 [COL] Colored OP 1: PHYS 0x30000000 -> VIRT 0x00000000 (SIZE: 0x00400000, COL: 0x000000ff, extra: 0x0000000000000000)
1790356447.908576 [COL] Result: 0
1790356447.908633 [COL] Colored OP 4: PHYS 0x30000000 -> VIRT 0x00000000 (SIZE: 0x00400000, COL: 0x000000ff, extra: 0x0000000000000001)
1790356447.908656 [COL] Result: 0
1790356447.908697 Page pool usage after cell destruction: mem 85/4061, remap 5/131072
1790356447.908726 [MG] Initializing memguard on CPU 3
1790356448.012442 [MG] Initializing memguard on CPU 3
1790356448.012554 [COL] Colored OP 0: PHYS 0x30000000 -> VIRT 0x00000000 (SIZE: 0x00400000, COL: 0x00000fff, extra: 0x0000000000000000)
1790356448.012584 [COL] Result: 0
1790356448.012615 [MG] Initializing memguard on CPU 3
1790356448.012640 Created cell "rt-bench"
1790356448.012688 Page pool usage after cell creation: mem 99/4061, remap 5/131072
1790357582.146177 <missed 6783 bytes of console log>
1790357582.148740 ] Initializing memguard on CPU 3
1790357582.148775 [MG] Initializing memguard on CPU 3
1790357582.148804 [MG] Initializing memguard on CPU 3
1790357582.148828 Created cell "rt-bench"
1790357582.148872 Page pool usage after cell creation: mem 94/4061, remap 5/131072
1790357582.148902 [MG] Initializing memguard on CPU 3
1790357582.148936 Cell "rt-bench" can be loaded
1790357582.148959 Started cell "rt-bench"
1790357582.148985 [MG] Initializing memguard on CPU 3
1790357582.149018 rt-bench: ws 768 KB, 1024 loads/period, window 1000
1790357582.149074 W 0 lat 314 462 999 0 exe 18703 22388 143518 resp 144055 6 pmu 793298 34198 6410267 5307459 40243721
1790357582.149132 W 1 lat 277 314 1259 0 exe 12814 17037 110129 resp 110648 3 pmu 790740 31882 6374404 7411239 41208564
1790357582.149184 W 2 lat 277 296 407 0 exe 12870 13296 14574 resp 14888 0 pmu 791479 162 6397139 7021321 34057170
1790357582.149236 W 3 lat 277 296 629 0 exe 12851 14574 89388 resp 89796 0 pmu 791264 14873 6389275 6041940 37615209
1790357582.149288 W 4 lat 277 296 333 0 exe 12907 13259 14333 resp 14629 0 pmu 789259 119 6370195 6798161 33853041
1790357582.149340 W 5 lat 277 296 537 0 exe 12833 14555 94555 resp 94851 0 pmu 790405 14713 6373608 6039101 37438508
1790357582.149364 Closing cell "rt-bench"
1790357582.149390 [MG] Initializing memguard on CPU 3
1790357582.149416 [SMMUv2] Exiting SMMUv2 on cell 1
1790357582.149455 Page pool usage after cell destruction: mem 83/4061, remap 5/131072
1790357582.149483 [MG] Initializing memguard on CPU 3
1790357582.149509 [MG] Initializing memguard on CPU 3
1790357582.149567 [COL] Colored OP 0: PHYS 0x30000000 -> VIRT 0x00000000 (SIZE: 0x00400000, COL: 0x000000ff, extra: 0x0000000000000000)
1790357582.149589 [COL] Result: 0
1790357582.149615 [MG] Initializing memguard on CPU 3
1790357582.149637 Created cell "rt-bench"
1790357582.149674 Page pool usage after cell creation: mem 98/4061, remap 5/131072
1790357582.149733 [COL] Colored OP 3: PHYS 0x30000000 -> VIRT 0x00000000 (SIZE: 0x00400000, COL: 0x000000ff, extra: 0x0000000000000000)
1790357582.149762 [MG] Initializing memguard on CPU 3
1790357582.149781 [COL] Result: 0
1790357582.149805 Cell "rt-bench" can be loaded
1790357582.149863 [COL] Colored OP 2: PHYS 0x30000000 -> VIRT 0x00000000 (SIZE: 0x00400000, COL: 0x000000ff, extra: 0x0000000000000000)
1790357582.149883 [COL] Result: 0
1790357582.149941 [COL] Colored OP 4: PHYS 0x30000000 -> VIRT 0x00000000 (SIZE: 0x00400000, COL: 0x000000ff, extra: 0x0000000000000001)
1790357582.149962 [COL] Result: 0
1790357582.149983 Started cell "rt-bench"
1790357582.150009 [MG] Initializing memguard on CPU 3
1790357582.150043 rt-bench: ws 768 KB, 1024 loads/period, window 1000
1790357583.184507 W 0 lat 351 462 1166 0 exe 24666 39962 139759 resp 140129 61 pmu 1023512 178199 8262529 5307647 67571411
1790357584.120478 W 1 lat 296 296 611 0 exe 17092 24240 184388 resp 184944 21 pmu 1023667 89762 8263305 7491827 59913735
1790357585.160496 W 2 lat 277 296 444 0 exe 17296 21981 124314 resp 124740 7 pmu 1023743 68189 8258288 7818520 56448399
1790357586.200476 W 3 lat 277 296 499 0 exe 16925 20740 83796 resp 84111 0 pmu 1023801 54632 8260948 7205872 52462973
1790357587.136506 W 4 lat 277 296 462 0 exe 17092 22203 110351 resp 110685 8 pmu 1023688 71603 8260853 6792262 56455558
1790357588.176492 W 5 lat 277 296 333 0 exe 17185 19648 43611 resp 43925 0 pmu 1023841 41858 8259425 7065878 49627283
1790357589.220537 W 6 lat 296 574 4388 0 exe 17203 140425 472962 resp 475166 452 pmu 1022566 773972 8259270 6386821 405743732
1790357590.156522 W 7 lat 277 296 2055 0 exe 17092 22407 222129 resp 223185 5 pmu 1023709 70939 8262326 11314582 59493930
1790357591.196522 W 8 lat 277 296 1092 0 exe 16907 30574 131444 resp 131759 78 pmu 1023231 162569 8256804 8196596 80363733
1790357592.132492 W 9 lat 277 296 333 0 exe 16759 19574 44259 resp 44574 0 pmu 1023697 41041 8260190 7321039 49608311
1790357592.478796 Closing cell "rt-bench"
1790357592.479031 [MG] Initializing memguard on CPU 3
1790357592.479094 [SMMUv2] Exiting SMMUv2 on cell 1
1790357592.479214 [COL] Colored OP 1: PHYS 0x30000000 -> VIRT 0x00000000 (SIZE: 0x00400000, COL: 0x000000ff, extra: 0x0000000000000000)
1790357592.479250 [COL] Result: 0
1790357592.479330 [COL] Colored OP 4: PHYS 0x30000000 -> VIRT 0x00000000 (SIZE: 0x00400000, COL: 0x000000ff, extra: 0x0000000000000001)
1790357592.479381 [COL] Result: 0
1790357592.479434 Page pool usage after cell destruction: mem 85/4061, remap 5/131072
1790357592.479471 [MG] Initializing memguard on CPU 3
1790357592.479507 [MG] Initializing memguard on CPU 3
1790357592.479584 [COL] Colored OP 0: PHYS 0x30000000 -> VIRT 0x00000000 (SIZE: 0x00400000, COL: 0x00000fff, extra: 0x0000000000000000)
1790357592.479612 [COL] Result: 0
1790357592.479647 [MG] Initializing memguard on CPU 3
1790357592.479676 Created cell "rt-bench"
1790357592.479726 Page pool usage after cell creation: mem 99/4061, remap 5/131072
1790359446.965224 <missed 6781 bytes of console log>
1790359446.967774 G] Initializing memguard on CPU 3
1790359446.967804 [MG] Initializing memguard on CPU 3
1790359446.967831 [MG] Initializing memguard on CPU 3
1790359446.967855 Created cell "rt-bench"
1790359446.967896 Page pool usage after cell creation: mem 94/4061, remap 5/131072
1790359446.967924 [MG] Initializing memguard on CPU 3
1790359446.967947 Cell "rt-bench" can be loaded
1790359446.967968 Started cell "rt-bench"
1790359446.967993 [MG] Initializing memguard on CPU 3
1790359446.968025 rt-bench: ws 768 KB, 1024 loads/period, window 1000
1790359446.968077 W 0 lat 314 462 1370 0 exe 18574 22388 162925 resp 164074 8 pmu 792400 33889 6397306 5307473 40192839
1790359446.968131 W 1 lat 296 296 962 0 exe 12833 15907 129185 resp 129814 9 pmu 790345 25035 6372402 7609669 41057375
1790359446.968179 W 2 lat 296 296 333 0 exe 12814 13259 13962 resp 14277 0 pmu 789060 56 6363812 7205568 34056231
1790359446.968228 W 3 lat 296 296 555 0 exe 12851 14611 87259 resp 87666 0 pmu 790588 15299 6379628 6035012 37774983
1790359446.968276 W 4 lat 296 296 333 0 exe 12796 13277 14333 resp 14629 0 pmu 790006 114 6368281 6776802 33848268
1790359446.968325 W 5 lat 296 296 537 0 exe 12833 14537 89851 resp 90370 0 pmu 791248 14428 6390220 6038713 37403732
1790359446.968348 Closing cell "rt-bench"
1790359446.968384 [MG] Initializing memguard on CPU 3
1790359446.968412 [SMMUv2] Exiting SMMUv2 on cell 1
1790359446.968448 Page pool usage after cell destruction: mem 83/4061, remap 5/131072
1790359446.968475 [MG] Initializing memguard on CPU 3
1790359446.968500 [MG] Initializing memguard on CPU 3
1790359446.968554 [COL] Colored OP 0: PHYS 0x30000000 -> VIRT 0x00000000 (SIZE: 0x00400000, COL: 0x000000ff, extra: 0x0000000000000000)
1790359446.968575 [COL] Result: 0
1790359446.968600 [MG] Initializing memguard on CPU 3
1790359446.968621 Created cell "rt-bench"
1790359446.968656 Page pool usage after cell creation: mem 98/4061, remap 5/131072
1790359446.968711 [COL] Colored OP 3: PHYS 0x30000000 -> VIRT 0x00000000 (SIZE: 0x00400000, COL: 0x000000ff, extra: 0x0000000000000000)
1790359446.968738 [MG] Initializing memguard on CPU 3
1790359446.968757 [COL] Result: 0
1790359446.968779 Cell "rt-bench" can be loaded
1790359446.968833 [COL] Colored OP 2: PHYS 0x30000000 -> VIRT 0x00000000 (SIZE: 0x00400000, COL: 0x000000ff, extra: 0x0000000000000000)
1790359446.968853 [COL] Result: 0
1790359446.968907 [COL] Colored OP 4: PHYS 0x30000000 -> VIRT 0x00000000 (SIZE: 0x00400000, COL: 0x000000ff, extra: 0x0000000000000001)
1790359446.968927 [COL] Result: 0
1790359446.968948 Started cell "rt-bench"
1790359446.968973 [MG] Initializing memguard on CPU 3
1790359446.969004 rt-bench: ws 768 KB, 1024 loads/period, window 1000
1790359448.004470 W 0 lat 333 462 1185 0 exe 24555 39537 187666 resp 188351 54 pmu 1023287 173257 8255405 5307645 67769776
1790359448.940462 W 1 lat 296 314 1240 0 exe 17074 24222 177481 resp 178722 18 pmu 1023469 88603 8251069 7969948 60093689
1790359449.980461 W 2 lat 296 296 444 0 exe 16759 21444 113425 resp 113740 7 pmu 1023444 62103 8244189 7755914 55124253
1790359451.020451 W 3 lat 296 296 351 0 exe 17259 23018 83518 resp 83851 0 pmu 1023538 80622 8249427 7091069 58160232
1790359451.956461 W 4 lat 296 296 333 0 exe 16740 21814 122055 resp 122370 6 pmu 1023444 66154 8246939 6801883 55515684
1790359452.996433 W 5 lat 296 296 333 0 exe 16759 19370 62222 resp 62537 0 pmu 1023576 38080 8248669 7178552 49062355
1790359454.040487 W 6 lat 296 462 3851 0 exe 17185 104222 409148 resp 411166 275 pmu 1022617 633113 8258324 6569021 318340256
1790359454.976459 W 7 lat 277 296 2425 0 exe 16814 23555 306074 resp 307240 8 pmu 1023553 73568 8250256 10490912 62538856
1790359456.016461 W 8 lat 296 314 1259 0 exe 17240 31166 134074 resp 134925 75 pmu 1023049 168681 8249540 9042827 82639897
1790359456.952431 W 9 lat 296 296 333 0 exe 17055 19685 50796 resp 51129 0 pmu 1023524 41747 8255413 7355559 49944933
1790359457.318902 Closing cell "rt-bench"
1790359457.318991 [MG] Initializing memguard on CPU 3
1790359457.319032 [SMMUv2] Exiting SMMUv2 on cell 1
1790359457.319114 [COL] Colored OP 1: PHYS 0x30000000 -> VIRT 0x00000000 (SIZE: 0x00400000, COL: 0x000000ff, extra: 0x0000000000000000)
1790359457.319146 [COL] Result: 0
1790359457.319225 [COL] Colored OP 4: PHYS 0x30000000 -> VIRT 0x00000000 (SIZE: 0x00400000, COL: 0x000000ff, extra: 0x0000000000000001)
1790359457.319255 [COL] Result: 0
1790359457.319308 Page pool usage after cell destruction: mem 85/4061, remap 5/131072
1790359457.319347 [MG] Initializing memguard on CPU 3
1790359457.319384 [MG] Initializing memguard on CPU 3
1790359457.319464 [COL] Colored OP 0: PHYS 0x30000000 -> VIRT 0x00000000 (SIZE: 0x00400000, COL: 0x00000fff, extra: 0x0000000000000000)
1790359457.319493 [COL] Result: 0
1790359457.319530 [MG] Initializing memguard on CPU 3
1790359457.319560 Created cell "rt-bench"
1790359457.319612 Page pool usage after cell creation: mem 99/4061, remap 5/131072
