1790338533.035514 <missed 247390 bytes of console log>
1790338533.035619 3 277592 338796 resp 342018 1000 pmu 1020827 693491 8384651 12026633 714802899
1790338533.035675 W 187 lat 1537 3074 5666 0 exe 193722 279425 394222 resp 397222 1000 pmu 1020993 708921 8389152 11722013 720259264
1790338533.035727 W 188 lat 1222 3018 5740 0 exe 207759 275333 348074 resp 350888 1000 pmu 1021007 688542 8387256 12136952 708800789
1790338533.035779 W 189 lat 1166 3074 5888 0 exe 215129 280611 381722 resp 386055 1000 pmu 1021178 705619 8396681 11722699 722830554
1790338533.035829 W 190 lat 1425 3092 6611 0 exe 227999 277129 335499 resp 339222 1000 pmu 1020681 693371 8383482 12130789 713656478
1790338533.035879 W 191 lat 1425 3055 5499 0 exe 218925 282444 401962 resp 405222 1000 pmu 1021055 711924 8393568 11717537 727283874
1790338533.035928 W 192 lat 296 1370 5166 0 exe 41740 149648 334111 resp 336685 409 pmu 1022979 637498 8350696 12353485 383908209
1790338533.035975 W 193 lat 296 314 555 0 exe 48444 58888 110981 resp 111351 11 pmu 1024251 506389 8337231 10104690 147953937
1790338533.036022 W 194 lat 296 314 907 0 exe 50481 64629 134648 resp 135351 76 pmu 1024230 566850 8337923 7413619 162214655
1790338533.036069 W 195 lat 296 370 499 0 exe 49333 64685 124111 resp 124611 51 pmu 1024210 516665 8336606 7692626 133439606
1790338533.036089 Closing cell "rt-bench"
1790338533.036115 [MG] Initializing memguard on CPU 3
1790338533.036138 [SMMUv2] Exiting SMMUv2 on cell 1
1790338533.036187 [COL] Colored OP 1: PHYS 0x30000000 -> VIRT 0x00000000 (SIZE: 0x00400000, COL: 0x000000ff, extra: 0x0000000000000000)
1790338533.036204 [COL] Result: 0
1790338533.036253 [COL] Colored OP 4: PHYS 0x30000000 -> VIRT 0x00000000 (SIZE: 0x00400000, COL: 0x000000ff, extra: 0x0000000000000001)
1790338533.036271 [COL] Result: 0
1790338533.036303 Page pool usage after cell destruction: mem 85/4061, remap 5/131072
1790338533.036326 [MG] Initializing memguard on CPU 3
1790338533.036349 [MG] Initializing memguard on CPU 2
1790338533.036371 [MG] Initializing memguard on CPU 3
1790338533.036393 [MG] Initializing memguard on CPU 2
1790338533.036415 [MG] Initializing memguard on CPU 3
1790338533.036450 Created cell "rt-bench"
1790338533.036484 Page pool usage after cell creation: mem 94/4061, remap 5/131072
1790338533.036507 [MG] Initializing memguard on CPU 2
1790338533.036529 [MG] Initializing memguard on CPU 3
1790338533.036550 Cell "rt-bench" can be loaded
1790338533.036568 Started cell "rt-bench"
1790338533.036590 [MG] Initializing memguard on CPU 2
1790338533.036612 [MG] Initializing memguard on CPU 3
1790338533.036640 rt-bench: ws 768 KB, 1024 loads/period, window 1000
1790338534.076516 W 0 lat 296 296 907 0 exe 12907 16370 124703 resp 125388 2 pmu 788741 33851 6362504 5307446 42939846
1790338535.012483 W 1 lat 296 296 370 0 exe 12851 13296 17592 resp 17925 0 pmu 788439 526 6367120 7163402 34231432
1790338536.052516 W 2 lat 296 296 425 0 exe 12814 13907 82333 resp 82685 0 pmu 786999 7470 6346136 6072015 35429366
1790338537.092496 W 3 lat 296 296 333 0 exe 12870 13259 14555 resp 14851 0 pmu 788495 191 6365311 6722778 33824135
1790338538.028551 W 4 lat 296 296 518 0 exe 12833 14185 79203 resp 79666 0 pmu 788140 7521 6363712 6041227 35063792
1790338539.068560 W 5 lat 444 462 518 0 exe 18722 19222 19722 resp 20203 0 pmu 788197 37 6355445 6693944 30720354
1790338540.108548 W 6 lat 425 462 611 0 exe 17648 20833 87074 resp 87574 0 pmu 790575 17328 6382877 6155287 34236340
1790338541.044523 W 7 lat 370 462 499 0 exe 15777 18944 20185 resp 20685 0 pmu 791028 141 6384341 6832228 30891096
1790338542.084590 W 8 lat 444 462 537 0 exe 18722 19981 87092 resp 87629 0 pmu 788834 7662 6365448 6143439 32083425
1790338543.020522 W 9 lat 444 462 555 0 exe 18759 19240 20129 resp 20685 0 pmu 789309 99 6372324 6833335 30827733
1790338544.060560 W 10 lat 444 462 592 0 exe 18703 19962 86777 resp 87296 0 pmu 789378 7411 6372196 6160245 32046606
1790338545.100522 W 11 lat 444 462 499 0 exe 18648 19240 21037 resp 21518 0 pmu 788523 220 6364724 6830242 30833582
1790338546.040549 W 12 lat 444 462 611 0 exe 18648 19888 88037 resp 88518 0 pmu 789366 6735 6374717 6168008 31961877
1790338547.080517 W 13 lat 444 462 555 0 exe 18796 19314 37407 resp 37888 0 pmu 788999 887 6374321 6842109 30951315
1790338548.016592 W 14 lat 444 462 537 0 exe 18722 19537 86944 resp 87407 0 pmu 788262 3075 6363896 6333344 31356953
1790338549.056524 W 15 lat 444 462 518 0 exe 18814 20111 80111 resp 80574 0 pmu 790454 8762 6382953 6829410 32261149
1790338550.096576 W 16 lat 444 462 499 0 exe 18740 19259 20018 resp 20499 0 pmu 790129 22 6380780 6763941 30796168
1790338551.032515 W 17 lat 444 462 537 0 exe 18814 19999 89518 resp 89981 0 pmu 790062 7665 6375366 6158414 32124957
1790338552.072556 W 18 lat 444 462 592 0 exe 18722 19259 19907 resp 20388 0 pmu 790810 43 6385963 6857873 30870808
1790338553.008517 W 19 lat 444 462 592 0 exe 18870 20018 90314 resp 90777 0 pmu 790822 7749 6380323 6157741 32160831
1790338554.048600 W 20 lat 444 462 499 0 exe 18870 19277 19907 resp 20388 0 pmu 791707 19 6383781 6866288 30887872
1790338555.088520 W 21 lat 444 462 537 0 exe 18685 20037 83907 resp 84388 0 pmu 791806 7912 6395512 6158182 32186539
1790338556.024511 W 22 lat 444 462 499 0 exe 18740 19277 20037 resp 20518 0 pmu 791617 24 6394984 6801264 30844725
1790338557.064550 W 23 lat 388 462 629 0 exe 16425 19666 86592 resp 87222 0 pmu 789089 7778 6368536 6158719 32115228
1790338558.104515 W 24 lat 388 462 537 0 exe 16444 19111 20037 resp 20518 0 pmu 789773 49 6376298 6816045 30830384
1790338559.040550 W 25 lat 444 462 499 0 exe 18722 20074 94166 resp 94648 0 pmu 789582 8467 6377629 6146319 32237632
1790338560.080515 W 26 lat 444 462 499 0 exe 18740 19222 19796 resp 20277 0 pmu 787679 24 6359050 6904169 30827780
1790338561.016545 W 27 lat 444 462 592 0 exe 18777 19999 88759 resp 89277 0 pmu 790574 7609 6384975 6156146 32108419
1790338562.056516 W 28 lat 444 462 518 0 exe 18814 19259 20037 resp 20499 0 pmu 790565 28 6374557 6850751 30869424
1790338563.096545 W 29 lat 444 462 648 0 exe 18740 20037 86685 resp 87166 0 pmu 790719 7785 6386144 6159028 32168099
1790338564.032513 W 30 lat 444 462 518 0 exe 18722 19259 19851 resp 20314 0 pmu 790215 18 6377407 6829945 30839968
1790338565.072548 W 31 lat 444 462 611 0 exe 18685 20037 84370 resp 84962 0 pmu 790807 7823 6384926 6156701 32135977
1790338566.008517 W 32 lat 444 462 592 0 exe 18648 19277 19944 resp 20407 0 pmu 790990 46 6386034 6806845 30848127
1790338567.048544 W 33 lat 444 462 574 0 exe 18703 19999 88240 resp 88740 0 pmu 789705 7707 6372664 6157726 32085426
1790338568.088513 W 34 lat 444 462 518 0 exe 18740 19277 19888 resp 20370 0 pmu 791798 49 6389346 6844907 30878751
1790338569.024546 W 35 lat 444 462 537 0 exe 18759 20018 87296 resp 87814 0 pmu 790505 7842 6378623 6157451 32151755
1790338570.064515 W 36 lat 444 462 499 0 exe 18759 19240 19796 resp 20259 0 pmu 789003 40 6363656 6835700 30818700
1790338571.104545 W 37 lat 444 462 499 0 exe 18685 19999 93907 resp 94407 0 pmu 789339 7759 6368692 6156138 32105356
1790338572.040515 W 38 lat 444 462 537 0 exe 18703 19240 19888 resp 20351 0 pmu 789445 30 6363831 6901198 30864830
1790338573.080556 W 39 lat 444 462 777 0 exe 18629 19999 90111 resp 90629 0 pmu 788707 7814 6357769 6156905 32105734
1790338574.016519 W 40 lat 370 462 499 0 exe 15703 18925 19796 resp 20277 0 pmu 790528 18 6376888 6864395 30873876
1790338575.056547 W 41 lat 444 462 555 0 exe 18703 20037 94037 resp 94592 0 pmu 789980 7908 6377948 6139178 32124498
1790338576.096507 W 42 lat 444 462 499 0 exe 18648 19222 19888 resp 20370 0 pmu 788119 23 6360592 6903163 30837111
1790338577.032547 W 43 lat 444 462 611 0 exe 18629 20018 90833 resp 91314 0 pmu 790353 7669 6382180 6156445 32087957
1790338578.072526 W 44 lat 444 462 518 0 exe 18796 19259 19777 resp 20240 0 pmu 790783 40 6385662 6870471 30878090
1790338579.112555 W 45 lat 444 462 537 0 exe 18740 19981 90999 resp 91481 0 pmu 789533 7617 6371096 6156382 32058851
1790338580.048515 W 46 lat 444 462 518 0 exe 18759 19240 19870 resp 20351 0 pmu 789038 26 6368011 6872263 30833100
1790338581.088584 W 47 lat 296 462 1148 0 exe 14796 27907 125703 resp 126148 7 pmu 787400 92875 6358694 6157015 50901356
1790338582.024516 W 48 lat 296 296 981 0 exe 12851 20018 170722 resp 171407 11 pmu 791713 69740 6396696 7241577 55680893
1790338583.064506 W 49 lat 296 296 425 0 exe 12814 13888 84166 resp 84481 0 pmu 789522 7257 6370860 7642077 36380524
1790338584.104480 W 50 lat 296 296 333 0 exe 12888 13240 13740 resp 14074 0 pmu 788669 25 6358738 6740842 33736673
1790338585.040507 W 51 lat 296 296 333 0 exe 12851 13888 83629 resp 83925 0 pmu 788858 7313 6362022 6033277 35388363
1790338586.080519 W 52 lat 296 296 481 0 exe 12870 13388 19648 resp 20129 0 pmu 790155 28 6374198 6735137 33710396
1790338587.016544 W 53 lat 444 462 574 0 exe 18777 20018 87555 resp 88129 0 pmu 789069 7906 6364345 6094441 32086750
1790338588.056526 W 54 lat 444 462 518 0 exe 18722 19240 19870 resp 20333 0 pmu 788846 24 6363653 6838823 30818669
1790338589.096554 W 55 lat 444 462 537 0 exe 18685 20018 89055 resp 89537 0 pmu 789897 7780 6382044 6156800 32117634
1790338590.032520 W 56 lat 370 462 499 0 exe 15722 18925 19796 resp 20277 0 pmu 789930 45 6381785 6852693 30846665
1790338591.072553 W 57 lat 444 462 796 0 exe 18759 19944 86518 resp 86999 0 pmu 789925 7119 6373712 6139305 32027161
1790338592.016519 W 58 lat 296 388 1666 0 exe 12925 24240 157259 resp 157796 13 pmu 790292 83329 6383248 6828834 52494186
1790338593.056508 W 59 lat 277 296 407 0 exe 12907 13888 72518 resp 72833 0 pmu 790843 7184 6389800 7532137 36286292
1790338594.096486 W 60 lat 296 296 333 0 exe 12851 13259 13722 resp 14018 0 pmu 791207 36 6388706 6624678 33717481
1790338595.032511 W 61 lat 296 296 388 0 exe 12907 13870 75481 resp 75796 0 pmu 792139 6946 6395558 6032776 35390915
1790338596.072488 W 62 lat 296 296 351 0 exe 12944 13296 13777 resp 14092 0 pmu 792765 49 6396977 6654345 33805910
1790338597.112552 W 63 lat 296 388 555 0 exe 12888 16981 74851 resp 75166 0 pmu 791539 6803 6392900 6034314 33784982
1790338598.048518 W 64 lat 444 462 518 0 exe 18703 19259 19907 resp 20370 0 pmu 790101 33 6379644 6664659 30749148
1790338599.088556 W 65 lat 444 462 518 0 exe 18759 19944 78648 resp 79148 0 pmu 791069 6895 6388007 6157206 32034199
1790338600.024517 W 66 lat 444 462 537 0 exe 18722 19351 32685 resp 33166 0 pmu 790079 948 6381364 6748677 31102901
1790338601.064585 W 67 lat 444 462 518 0 exe 18629 19925 79814 resp 80333 0 pmu 788915 6955 6367704 6285841 32066368
1790338602.012802 W 68 lat 314 1777 4555 0 exe 18777 191203 416111 resp 420185 922 pmu 792867 593191 6404131 6762502 489145789
1790338603.064600 W 69 lat 314 1999 6185 0 exe 62370 219592 517314 resp 522166 990 pmu 802901 651751 6495794 11027106 581060257
1790338604.104872 W 70 lat 314 1999 5537 0 exe 76888 207185 502907 resp 507833 994 pmu 794823 595147 6408879 12412140 544948645
1790338605.052573 W 71 lat 314 1999 7240 0 exe 76111 206648 490277 resp 495166 992 pmu 797864 611815 6444004 12275871 546489025
1790338606.105625 W 72 lat 296 1925 5629 0 exe 66888 203499 503796 resp 507648 995 pmu 796389 615983 6430018 12151285 541482872
1790338607.048212 W 73 lat 296 1999 5907 0 exe 21370 215351 508925 resp 513481 936 pmu 809057 627093 6538411 12210834 570053495
1790338608.092618 W 74 lat 314 2240 7481 0 exe 76055 232777 520222 resp 524888 993 pmu 817459 644384 6606748 12099089 612848890
1790338609.040638 W 75 lat 314 1907 5925 0 exe 66944 202740 519203 resp 522925 989 pmu 802156 617146 6476088 12582350 537561981
1790338610.088817 W 76 lat 314 1999 6166 0 exe 74574 209499 498870 resp 503370 984 pmu 799545 634290 6457330 12362238 556615093
1790338611.032752 W 77 lat 296 1944 6074 0 exe 64981 205592 499611 resp 503499 984 pmu 797640 616265 6439252 12236580 544237403
1790338612.080560 W 78 lat 296 1981 6185 0 exe 63296 199129 489481 resp 493185 977 pmu 797109 579518 6438532 12172495 525680302
1790338613.024783 W 79 lat 296 1796 6833 0 exe 72333 218648 507796 resp 512240 973 pmu 803548 649517 6491760 12030318 576817571
1790338614.072636 W 80 lat 296 1555 5018 0 exe 61240 202203 495759 resp 498351 980 pmu 791887 617115 6395610 12362299 537288079
1790338615.020559 W 81 lat 296 1592 5999 0 exe 74444 207462 498185 resp 502592 985 pmu 799792 611529 6464538 12084551 548021428
1790338616.068633 W 82 lat 296 1796 6185 0 exe 73944 220462 514388 resp 517351 978 pmu 802253 613117 6481915 12215326 578899214
1790338617.016639 W 83 lat 296 1796 6259 0 exe 75351 220740 502629 resp 508888 981 pmu 803276 643242 6491308 12434579 580625508
1790338618.064807 W 84 lat 296 1814 5814 0 exe 70796 207907 485666 resp 488537 980 pmu 792599 612403 6400796 12342225 550439374
1790338619.012599 W 85 lat 296 1907 6351 0 exe 69425 219999 542981 resp 545870 987 pmu 808823 637971 6533821 12066698 579537401
1790338620.060666 W 86 lat 314 2092 6796 0 exe 66759 233759 540148 resp 543666 986 pmu 817391 623106 6607464 12696756 613131692
1790338621.112567 W 87 lat 314 1851 5407 0 exe 65185 215796 487574 resp 491592 981 pmu 794889 627043 6420094 12730306 567785566
1790338622.056630 W 88 lat 296 1759 4759 0 exe 61740 203962 458999 resp 462592 981 pmu 788781 608788 6372724 12101184 541092221
1790338623.112803 W 89 lat 296 1833 6259 0 exe 41648 206555 508592 resp 511925 944 pmu 801004 605079 6477628 11732918 542845024
1790338624.060568 W 90 lat 314 1944 7685 0 exe 76574 219425 522814 resp 526555 984 pmu 801081 617638 6478860 12147928 575714176
1790338625.104637 W 91 lat 314 1907 8314 0 exe 75629 230740 529685 resp 533055 984 pmu 809518 662937 6524811 12539090 607508942
1790338626.044811 W 92 lat 314 1981 6222 0 exe 61333 229296 542092 resp 545185 980 pmu 814869 653286 6590915 12660637 604437852
1790338627.092802 W 93 lat 296 2314 7722 0 exe 75499 262851 533981 resp 537018 984 pmu 834171 682946 6737542 12694564 687023789
1790338628.032817 W 94 lat 296 2111 7092 0 exe 74259 249074 525814 resp 528740 985 pmu 829900 671447 6702319 12861065 652937852
1790338629.080718 W 95 lat 314 2240 7629 0 exe 75166 268537 523833 resp 529185 988 pmu 844711 718207 6826713 12699416 707566895
1790338630.028645 W 96 lat 296 2222 8925 0 exe 74444 259259 523814 resp 527629 985 pmu 837290 700453 6782269 12797174 682481187
1790338631.072580 W 97 lat 296 2277 7425 0 exe 64703 266574 520814 resp 524759 988 pmu 839093 687260 6766467 12745532 695910875
1790338632.016760 W 98 lat 314 2203 7481 0 exe 74833 256296 530037 resp 533166 984 pmu 834301 686913 6740316 12696977 672371688
1790338633.064630 W 99 lat 296 2333 7722 0 exe 65222 277740 537833 resp 541851 981 pmu 856825 739167 6922763 12784231 732213564
1790338634.108877 W 100 lat 296 2648 8055 0 exe 64055 303685 547129 resp 550388 982 pmu 876184 758275 7085366 12927625 794542186
1790338635.052575 W 101 lat 314 2611 7833 0 exe 72351 307925 542537 resp 546185 990 pmu 866568 749454 7027287 13143887 802952026
1790338636.096840 W 102 lat 296 2851 7833 0 exe 74555 331555 546148 resp 550407 987 pmu 896780 812908 7231025 13161311 868152581
1790338637.044826 W 103 lat 333 3129 7944 0 exe 65462 356425 541796 resp 546370 988 pmu 918846 838966 7449306 13330711 933136192
1790338638.088773 W 104 lat 444 3685 8074 0 exe 70981 437962 543185 resp 547981 990 pmu 962892 941216 7798055 13369914 1131454838
1790338639.024590 W 105 lat 296 3444 7370 0 exe 39240 414592 556333 resp 561592 981 pmu 954717 926950 7722372 13824127 1080592883
1790338640.072814 W 106 lat 296 2851 7499 0 exe 76851 358833 572814 resp 576944 985 pmu 886729 847529 7160443 13676904 929111573
1790338641.012629 W 107 lat 314 2925 7648 0 exe 76296 365814 562999 resp 568592 986 pmu 898216 864680 7264960 13743142 950067348
1790338642.064825 W 108 lat 314 2944 7370 0 exe 74370 368203 571555 resp 575222 986 pmu 891425 854760 7205722 13685612 954526146
1790338643.017139 W 109 lat 296 2925 8111 0 exe 76388 369833 569388 resp 573111 985 pmu 892219 857370 7229529 13762467 957114718
1790338644.064791 W 110 lat 314 2851 7370 0 exe 75962 365388 567722 resp 572333 985 pmu 892533 861169 7222327 13762934 948121532
1790338645.116815 W 111 lat 314 2833 7037 0 exe 75666 355055 564277 resp 568999 986 pmu 878951 839032 7105490 13722305 921191481
1790338646.060774 W 112 lat 314 2944 7944 0 exe 77666 372277 565611 resp 570981 986 pmu 902193 870359 7292432 13633482 965889556
1790338647.112894 W 113 lat 314 2907 6962 0 exe 76388 364555 565833 resp 569555 986 pmu 891311 858013 7212884 13751355 945792722
1790338648.056703 W 114 lat 314 2851 6703 0 exe 75425 362074 585037 resp 589055 985 pmu 887924 850496 7177579 13695204 939510841
1790338649.108670 W 115 lat 314 2925 7129 0 exe 74351 368333 568592 resp 572203 987 pmu 897911 863748 7261814 13869888 955610167
1790338650.056710 W 116 lat 314 2888 6444 0 exe 74796 370074 567907 resp 572055 987 pmu 897935 865076 7259709 13731861 961060437
1790338651.101519 W 117 lat 333 2870 7111 0 exe 70629 362962 563388 resp 567074 987 pmu 889965 850328 7181600 13735115 939526143
1790338652.044561 W 118 lat 296 3055 7796 0 exe 76314 386833 569611 resp 572351 987 pmu 915152 889494 7400351 13634440 1004354264
1790338653.088916 W 119 lat 296 2851 8240 0 exe 76574 362629 570722 resp 575388 986 pmu 888217 847827 7198114 13843858 938963359
1790338654.036643 W 120 lat 314 2962 6666 0 exe 74259 372592 578870 resp 581925 989 pmu 899479 867803 7271780 13746174 966981961
1790338655.084559 W 121 lat 333 2888 6796 0 exe 77148 363574 561907 resp 565925 987 pmu 892437 857220 7217847 13850675 943844242
1790338656.036794 W 122 lat 314 2814 7425 0 exe 77759 361388 566074 resp 570722 985 pmu 888678 850993 7186905 13655557 937650491
1790338657.084620 W 123 lat 296 2907 7055 0 exe 76037 367074 569111 resp 572462 987 pmu 896927 861374 7252778 13695195 952346486
1790338658.028817 W 124 lat 351 2907 6833 0 exe 74111 369925 569222 resp 572574 984 pmu 900352 866357 7283901 13737469 960867706
1790338659.080777 W 125 lat 314 2925 7018 0 exe 78888 370518 562759 resp 566703 986 pmu 896576 860416 7231398 13742273 959043486
1790338660.020843 W 126 lat 314 3018 6666 0 exe 74851 386629 569740 resp 574185 988 pmu 914621 887580 7418180 13708327 1002941121
1790338661.072825 W 127 lat 333 2870 6629 0 exe 74851 362055 546611 resp 552148 986 pmu 893410 853761 7226082 13839488 940022794
1790338662.012509 W 128 lat 296 499 5537 0 exe 12833 41407 546962 resp 550870 70 pmu 802368 83487 6459401 13487244 116079737
1790338663.052482 W 129 lat 296 296 333 0 exe 12814 13259 13777 resp 14092 0 pmu 790507 43 6381884 11551403 36692422
1790338664.100699 W 130 lat 296 2314 6666 0 exe 12888 303833 472425 resp 477870 895 pmu 957704 866734 7782152 6035965 788055460
1790338665.040668 W 131 lat 1074 2537 5499 0 exe 259462 339888 401574 resp 406759 1000 pmu 991106 980273 8034663 12144097 885227362
1790338666.088675 W 132 lat 722 2555 6111 0 exe 205203 338759 407111 resp 411481 1000 pmu 991565 983935 8035969 12846567 883598205
1790338667.032702 W 133 lat 870 2537 5296 0 exe 177351 338518 402462 resp 404555 1000 pmu 990963 983513 8031884 12622238 882158020
1790338668.088669 W 134 lat 870 2537 6666 0 exe 237259 339370 401555 resp 406462 1000 pmu 992252 986297 8041084 12420396 884550105
1790338669.032686 W 135 lat 1111 2518 4703 0 exe 279314 341851 400648 resp 403740 1000 pmu 993169 990609 8052570 12736113 890514595
1790338670.084701 W 136 lat 1018 2499 5870 0 exe 179777 339129 403611 resp 406962 1000 pmu 990081 985207 8027163 12931857 883975751
1790338671.036698 W 137 lat 999 2481 6037 0 exe 310722 343685 397481 resp 400648 1000 pmu 993904 992883 8053400 12456959 894753069
1790338672.084673 W 138 lat 555 2444 5555 0 exe 225722 337407 398277 resp 400981 1000 pmu 990116 986075 8020415 13072832 880016555
1790338673.020689 W 139 lat 629 2518 6092 0 exe 177370 338888 408499 resp 410925 1000 pmu 991381 984392 8032102 12617192 882961149
1790338674.060688 W 140 lat 944 2518 6518 0 exe 140055 338499 403962 resp 406462 1000 pmu 993033 985281 8043793 12487079 882549220
1790338675.104698 W 141 lat 1129 2574 5092 0 exe 266351 340685 400296 resp 402944 1000 pmu 994206 990241 8063431 12257237 887622758
1790338676.040687 W 142 lat 481 2555 5629 0 exe 108685 336592 414351 resp 417944 1000 pmu 991498 981101 8037818 12857837 878021990
1790338677.080670 W 143 lat 981 2537 6111 0 exe 173796 338833 412555 resp 416388 1000 pmu 993854 985125 8052612 12193683 882998699
1790338678.016674 W 144 lat 518 2574 5462 0 exe 109314 338981 419499 resp 422888 1000 pmu 994163 986177 8055755 12518632 884061402
1790338679.056669 W 145 lat 1018 2518 5203 0 exe 268037 339481 406611 resp 410166 1000 pmu 994200 987965 8055372 12258698 884767998
1790338680.096682 W 146 lat 499 2499 5259 0 exe 174888 335907 410851 resp 414537 1000 pmu 990181 978535 8022849 12927729 876368446
1790338681.032692 W 147 lat 962 2574 5740 0 exe 272129 340666 410203 resp 413777 1000 pmu 994350 989702 8056273 12484863 887706381
1790338682.076615 W 148 lat 851 2555 5574 0 exe 195388 338240 401388 resp 406222 1000 pmu 992455 984104 8046544 12992856 882360112
1790338683.016682 W 149 lat 666 2574 6314 0 exe 169870 337925 411185 resp 416388 1000 pmu 990995 983650 8028361 12513508 880832115
1790338684.076712 W 150 lat 981 2518 5425 0 exe 162555 339333 398222 resp 401907 1000 pmu 992276 986748 8041238 12487123 884765892
1790338685.044684 W 151 lat 1148 2555 5814 0 exe 278777 341685 410592 resp 414333 1000 pmu 992259 988563 8037436 12317244 889956281
1790338686.092690 W 152 lat 907 2481 5796 0 exe 158833 338129 413833 resp 416111 1000 pmu 989397 983918 8016983 13037176 881778309
1790338687.060692 W 153 lat 1111 2537 5296 0 exe 314296 342351 396611 resp 399074 1000 pmu 993222 990587 8047150 12443037 891581129
1790338688.116673 W 154 lat 1074 2537 5740 0 exe 218481 341277 398259 resp 399999 1000 pmu 992888 990055 8045811 13068923 889740031
1790338689.072672 W 155 lat 481 2574 6981 0 exe 178703 333888 394537 resp 397851 1000 pmu 987290 978480 7991587 12599431 870904739
1790338690.032680 W 156 lat 666 2703 6851 0 exe 165370 338444 405314 resp 409129 1000 pmu 994431 986043 8062658 12337825 882636930
1790338691.084678 W 157 lat 1074 2648 6055 0 exe 274685 341277 412259 resp 415962 1000 pmu 994710 989964 8062265 12404918 889227351
1790338692.028692 W 158 lat 648 2574 6425 0 exe 116759 338259 410962 resp 413166 1000 pmu 992115 985271 8039752 13032416 882468710
1790338693.088668 W 159 lat 796 2648 5888 0 exe 168462 339981 399703 resp 403037 1000 pmu 992551 987162 8044960 12206508 885858780
1790338694.024669 W 160 lat 962 2537 5703 0 exe 190111 340777 411037 resp 414388 1000 pmu 993399 989009 8049212 12365164 887978371
1790338695.068696 W 161 lat 925 2518 5814 0 exe 274685 341999 413518 resp 416888 1000 pmu 992286 987381 8041062 12590112 890786839
1790338696.024661 W 162 lat 648 2499 5759 0 exe 149499 338185 404333 resp 408592 1000 pmu 990185 984409 8020954 13044227 881959634
1790338697.080701 W 163 lat 703 2499 5333 0 exe 296592 342074 403666 resp 406092 1000 pmu 990668 985962 8027410 12310083 890408784
1790338698.028686 W 164 lat 499 2518 5648 0 exe 221962 342518 400462 resp 403796 1000 pmu 993551 991922 8048062 13047254 892292527
1790338699.080699 W 165 lat 925 2481 5166 0 exe 179481 338222 396685 resp 400481 1000 pmu 988506 980630 8008799 12649488 881241667
1790338700.028659 W 166 lat 1074 2537 6388 0 exe 235203 341999 402018 resp 404611 1000 pmu 993641 992130 8049200 12379703 890905821
1790338701.092738 W 167 lat 1074 2537 5555 0 exe 275833 341296 407814 resp 410592 1000 pmu 992082 987571 8040662 12731533 888934131
1790338702.040717 W 168 lat 296 2277 6296 0 exe 99240 312814 397907 resp 400648 998 pmu 987009 985127 7998762 12986099 822960204
1790338703.096693 W 169 lat 314 2481 5314 0 exe 87499 329481 397018 resp 399259 991 pmu 989526 982689 8019070 11859976 861476374
1790338704.056702 W 170 lat 1074 2537 5592 0 exe 278351 342925 393740 resp 396388 1000 pmu 994181 991516 8052275 11869503 892836819
1790338705.104694 W 171 lat 537 2462 5814 0 exe 191370 334574 393499 resp 396277 1000 pmu 987209 978843 7998935 12865679 872983929
1790338706.040682 W 172 lat 981 2555 6129 0 exe 179203 340074 418629 resp 421833 1000 pmu 992080 987543 8039325 12385516 886021630
1790338707.080663 W 173 lat 925 2574 5740 0 exe 188537 339685 402999 resp 406111 1000 pmu 992676 985632 8043925 12609460 885657304
1790338708.020691 W 174 lat 907 2666 5907 0 exe 179166 339129 421425 resp 426833 1000 pmu 992423 985560 8045654 12495500 883913957
1790338709.060695 W 175 lat 999 2537 5851 0 exe 148759 337518 401555 resp 405722 1000 pmu 992234 983347 8040740 12642773 880324240
1790338710.100703 W 176 lat 981 2703 6999 0 exe 267166 341277 410777 resp 413333 1000 pmu 994908 990272 8063984 12277263 889027794
1790338711.036692 W 177 lat 425 2499 6074 0 exe 219314 338722 404444 resp 407722 1000 pmu 992922 985508 8046346 12978908 883503484
1790338712.076688 W 178 lat 703 2499 5574 0 exe 165944 340018 398037 resp 400833 1000 pmu 991281 985498 8035427 12658533 885915924
1790338713.032604 W 179 lat 296 2351 4981 0 exe 99944 323037 395351 resp 399259 1000 pmu 986843 985811 7994778 12330591 846754180
1790338714.080709 W 180 lat 1277 2499 6240 0 exe 292481 343296 413888 resp 416685 1000 pmu 992917 990933 8046932 11888739 893325937
1790338715.036668 W 181 lat 722 2518 5907 0 exe 168611 337592 398962 resp 401629 1000 pmu 988725 980057 8012739 13144500 880104246
1790338716.096690 W 182 lat 851 2574 5759 0 exe 273296 342814 400055 resp 404314 1000 pmu 994368 990378 8054095 12342139 892767667
1790338717.032673 W 183 lat 518 2537 5574 0 exe 120444 339203 401166 resp 404166 1000 pmu 992167 985284 8038905 12910909 884349048
1790338718.072677 W 184 lat 444 2462 7203 0 exe 177166 339407 425722 resp 427851 1000 pmu 990587 984858 8027225 12130458 883678054
1790338719.112698 W 185 lat 351 2092 6203 0 exe 215111 336481 422796 resp 425444 1000 pmu 993273 987176 8054142 12663820 877639232
1790338720.048689 W 186 lat 685 2537 6129 0 exe 269148 337203 396388 resp 399555 1000 pmu 994771 990955 8061441 12804896 879646088
1790338721.092670 W 187 lat 925 2666 6333 0 exe 170166 333129 409999 resp 412722 1000 pmu 990925 981557 8030677 12820922 869675380
1790338722.028693 W 188 lat 740 2592 6499 0 exe 163314 331703 401592 resp 404092 1000 pmu 989563 983946 8017988 12442333 865998746
1790338723.068679 W 189 lat 814 2592 6351 0 exe 181592 334277 396814 resp 398722 1000 pmu 992369 986611 8045011 12315229 872424353
1790338724.108519 W 190 lat 296 629 4925 0 exe 12981 62518 391555 resp 394499 154 pmu 823886 160037 6641966 12365830 165289390
1790338725.044505 W 191 lat 296 296 499 0 exe 12851 13814 73907 resp 74222 0 pmu 791216 6007 6390746 10096477 37707562
1790338726.088672 W 192 lat 296 2240 8648 0 exe 12925 290444 590648 resp 595777 721 pmu 875896 726551 7096136 6640776 754822750
1790338727.024797 W 193 lat 296 3462 7370 0 exe 72055 428351 619351 resp 624444 989 pmu 953306 947329 7729690 13267528 1095130741
1790338728.064617 W 194 lat 296 2759 7296 0 exe 30870 351166 537999 resp 541870 832 pmu 927001 869232 7492268 14538850 909108753
1790338729.104842 W 195 lat 296 1574 7777 0 exe 16259 193037 600944 resp 605499 354 pmu 825632 482893 6695797 13122039 507723186
1790338730.044579 W 196 lat 296 3740 7407 0 exe 47129 466222 599222 resp 603814 968 pmu 938950 920010 7583345 12889552 1181770730
1790338731.080614 W 197 lat 296 1018 5944 0 exe 29185 152740 457481 resp 459814 449 pmu 798643 622626 6467140 14400093 410336052
1790338732.016738 W 198 lat 296 2185 6722 0 exe 27648 290018 610888 resp 613703 771 pmu 868845 762943 7038407 11294197 749428011
1790338733.056803 W 199 lat 296 3648 9740 0 exe 93999 440296 635981 resp 640685 998 pmu 945225 945351 7656937 13519873 1123209440
1790338734.100617 W 200 lat 296 3611 9907 0 exe 29351 427518 603888 resp 607962 909 pmu 952054 934387 7696552 14885708 1090087011
1790338735.036969 W 201 lat 296 1240 6425 0 exe 17203 154074 568037 resp 572388 281 pmu 812079 442840 6588327 14173119 413797430
1790338736.076638 W 202 lat 296 3870 7999 0 exe 97148 487833 607814 resp 611129 999 pmu 950472 942827 7680252 12360719 1239898918
1790338737.012637 W 203 lat 296 1037 6481 0 exe 23499 160499 622222 resp 628055 475 pmu 798908 663152 6474537 14841565 430949270
1790338738.052788 W 204 lat 296 2111 6518 0 exe 21685 270092 564666 resp 569722 711 pmu 851936 723815 6906490 12972195 701213306
1790338739.092872 W 205 lat 296 3240 7685 0 exe 78277 408462 609981 resp 615407 975 pmu 938802 934303 7608284 12937907 1052322435
1790338740.028583 W 206 lat 296 3518 8370 0 exe 69444 435499 577481 resp 582685 981 pmu 965341 964483 7808230 14379294 1114192524
1790338741.068975 W 207 lat 296 999 9351 0 exe 16074 121185 548555 resp 553037 227 pmu 801253 393567 6501393 14146828 335025251
1790338742.112624 W 208 lat 296 3925 9148 0 exe 109999 493166 585999 resp 589407 1000 pmu 956975 947471 7726427 12009978 1249158661
1790338743.048619 W 209 lat 296 1148 6907 0 exe 29833 173018 480962 resp 483703 521 pmu 806161 680358 6534800 14721068 460540586
1790338744.088626 W 210 lat 296 2240 7685 0 exe 28481 282666 601944 resp 606962 703 pmu 867517 716386 7029209 11640884 730480369
1790338745.024707 W 211 lat 296 3018 9407 0 exe 76314 385481 568722 resp 571999 959 pmu 925857 920214 7501743 13413799 990547400
1790338746.064648 W 212 lat 296 3629 6999 0 exe 88462 451425 578240 resp 583833 993 pmu 974058 976160 7877395 13838755 1148802783
1790338747.112905 W 213 lat 296 907 6388 0 exe 16333 110074 520759 resp 524703 212 pmu 798031 389107 6470435 14324841 306659165
1790338748.056809 W 214 lat 314 4203 7814 0 exe 58555 519203 635814 resp 639407 996 pmu 951475 955465 7686404 11659729 1308372551
1790338749.100672 W 215 lat 296 1740 7055 0 exe 53833 238555 565370 resp 570574 608 pmu 825042 755914 6688418 15088048 629025820
1790338750.044869 W 216 lat 296 1796 8037 0 exe 28407 231759 595425 resp 600870 552 pmu 839776 642495 6806266 12948335 614024943
1790338751.084827 W 217 lat 296 2851 7574 0 exe 76018 374444 581037 resp 584555 943 pmu 911094 906032 7381186 13095450 964720438
1790338752.024866 W 218 lat 851 3833 7407 0 exe 349944 477129 569648 resp 574277 1000 pmu 989392 994585 8001322 13896406 1211865075
1790338753.064774 W 219 lat 296 907 5944 0 exe 17129 113648 551740 resp 555685 227 pmu 801184 421207 6474242 15675848 316622639
1790338754.104636 W 220 lat 296 3907 9722 0 exe 19037 489037 642166 resp 645962 951 pmu 948625 940163 7687272 11989156 1237003002
1790338755.040642 W 221 lat 296 2222 7537 0 exe 28407 284166 603092 resp 608333 676 pmu 842422 784874 6813011 14812274 741182445
1790338756.084831 W 222 lat 296 1462 6148 0 exe 27629 199925 577907 resp 581925 558 pmu 820668 618309 6650689 13431438 524027299
1790338757.028708 W 223 lat 296 2703 7055 0 exe 74462 357499 599703 resp 605555 924 pmu 902642 894045 7302296 12738833 924514972
1790338758.088709 W 224 lat 1574 3722 8629 0 exe 252888 473296 557518 resp 560703 1000 pmu 988138 993987 8006843 13998995 1202436906
1790338759.040767 W 225 lat 296 1388 6499 0 exe 16685 174796 567092 resp 571074 362 pmu 830882 526056 6715396 15052499 468411456
1790338760.097005 W 226 lat 296 3351 9111 0 exe 16648 421962 602351 resp 606740 837 pmu 920484 844536 7460905 12451380 1071784237
1790338761.040586 W 227 lat 296 2259 9925 0 exe 25962 302777 569518 resp 574240 747 pmu 864434 803017 6988417 14064042 779798257
1790338762.092915 W 228 lat 296 1203 6074 0 exe 27777 171074 556574 resp 560592 475 pmu 807566 597938 6542726 13186079 474810487
1790338763.028911 W 229 lat 296 2796 7740 0 exe 75777 367777 594814 resp 599629 954 pmu 898662 893542 7280460 12380587 950263714
1790338764.072871 W 230 lat 648 3685 7092 0 exe 150611 463166 558462 resp 562222 1000 pmu 988625 994066 8006674 14006975 1177300506
1790338765.112633 W 231 lat 296 1462 6092 0 exe 17111 187870 543055 resp 547499 406 pmu 840359 535794 6789288 14490223 497004112
1790338766.049149 W 232 lat 296 3129 8111 0 exe 16944 404518 610333 resp 615740 809 pmu 920821 826160 7465880 12278898 1035994638
1790338767.096732 W 233 lat 296 2574 8666 0 exe 57592 331907 641240 resp 646185 783 pmu 864709 817205 6992473 14057156 857612116
1790338768.032727 W 234 lat 296 981 5759 0 exe 48055 149981 506999 resp 509574 488 pmu 790273 671360 6408377 14203452 417789017
1790338769.072865 W 235 lat 296 2944 8648 0 exe 82999 376444 618277 resp 623425 937 pmu 899994 895274 7298065 11870671 970351355
1790338770.112904 W 236 lat 462 3833 7759 0 exe 118388 485148 596333 resp 600296 1000 pmu 977185 982075 7904639 14327955 1229867516
1790338771.076529 W 237 lat 296 1444 6537 0 exe 16999 183425 632259 resp 637351 459 pmu 827589 548151 6685551 14822258 490808801
1790338772.016882 W 238 lat 296 3259 7259 0 exe 24851 412407 580870 resp 586296 910 pmu 911207 869560 7372950 13153943 1048335443
1790338773.076626 W 239 lat 296 2074 7018 0 exe 55888 279907 546962 resp 550796 717 pmu 852119 775471 6905705 13837922 732435543
1790338774.024885 W 240 lat 296 1462 7018 0 exe 21018 203074 555240 resp 561277 576 pmu 810910 672572 6578337 12976267 540574066
1790338775.072966 W 241 lat 296 3037 7537 0 exe 75481 391092 595629 resp 602574 961 pmu 903952 900727 7317762 12509365 1015856761
1790338776.112767 W 242 lat 592 3648 7425 0 exe 157925 464574 584981 resp 589611 1000 pmu 978856 981724 7923269 14140935 1184238760
1790338777.048731 W 243 lat 296 1148 6888 0 exe 22074 150814 604611 resp 608092 372 pmu 805889 514763 6518473 14804636 410573629
1790338778.092809 W 244 lat 296 3722 8648 0 exe 91222 471592 618444 resp 622240 999 pmu 942717 928199 7624721 12732086 1196589890
1790338779.028735 W 245 lat 296 1592 7203 0 exe 55907 219611 526518 resp 529870 609 pmu 821234 722522 6649091 14842267 582239314
1790338780.068561 W 246 lat 296 1870 6777 0 exe 27796 247870 566388 resp 570388 625 pmu 840144 700450 6802146 12466390 656549512
1790338781.108818 W 247 lat 296 3018 7277 0 exe 67944 395925 587907 resp 593203 955 pmu 926556 920304 7506133 12869435 1018913718
1790338782.044734 W 248 lat 425 3629 6499 0 exe 166851 464222 574722 resp 579111 1000 pmu 980454 983543 7938815 14040577 1183942728
1790338783.088646 W 249 lat 296 722 6314 0 exe 16351 90648 600203 resp 605240 209 pmu 789494 365797 6393295 14737586 260535216
1790338784.020948 W 250 lat 833 3999 7499 0 exe 146296 515962 597148 resp 602407 1000 pmu 967763 973341 7827299 12361387 1306146815
1790338785.060777 W 251 lat 296 1851 6592 0 exe 12981 257981 567203 resp 571277 615 pmu 842864 743433 6816485 15132358 673668379
1790338786.104514 W 252 lat 296 574 6148 0 exe 12888 50870 467574 resp 471314 97 pmu 793447 140564 6402093 12850936 135965190
1790338787.040476 W 253 lat 296 296 351 0 exe 12833 13259 13722 resp 14018 0 pmu 788982 26 6364213 10807744 36204439
1790338788.084514 W 254 lat 296 481 5074 0 exe 12851 37555 474444 resp 477333 56 pmu 791477 76443 6391219 6032956 95795107
1790338789.020487 W 255 lat 296 296 351 0 exe 13703 14388 15999 resp 16333 0 pmu 789558 12907 6363610 10799629 39143669
1790338790.060512 W 256 lat 296 296 481 0 exe 13740 15203 75037 resp 75351 0 pmu 788510 21981 6361830 6066047 39010597
1790338791.100488 W 257 lat 296 296 333 0 exe 13740 14388 15259 resp 15555 0 pmu 790799 12565 6374803 6661037 36640583
1790338792.036513 W 258 lat 296 296 462 0 exe 13759 15296 77166 resp 77629 0 pmu 790787 22712 6381736 6058523 39333430
1790338793.076487 W 259 lat 296 296 351 0 exe 13722 14370 15518 resp 15814 0 pmu 789290 12505 6372319 6683791 36619782
1790338794.012512 W 260 lat 296 296 574 0 exe 13629 15240 77185 resp 77499 0 pmu 788342 22373 6363254 6060942 39162941
1790338795.052485 W 261 lat 296 296 425 0 exe 13685 14388 15351 resp 15648 0 pmu 790203 12613 6380201 6682749 36659530
1790338796.092512 W 262 lat 296 296 537 0 exe 13759 15333 77166 resp 77648 0 pmu 790763 23213 6380733 6059466 39329097
1790338797.028487 W 263 lat 296 296 333 0 exe 13814 14388 15314 resp 15629 0 pmu 790057 12643 6379051 6684479 36635350
1790338798.068510 W 264 lat 296 296 518 0 exe 13777 15351 78703 resp 79222 0 pmu 789312 23553 6372618 6059465 39409980
1790338799.108486 W 265 lat 296 296 407 0 exe 13759 14388 15481 resp 15777 0 pmu 790699 12618 6379569 6700003 36669154
1790338800.044514 W 266 lat 296 296 537 0 exe 13814 15666 74277 resp 74574 0 pmu 788726 27147 6360847 6061223 40250116
1790338801.084487 W 267 lat 296 296 444 0 exe 14629 15481 16759 resp 17055 0 pmu 790711 24753 6375724 6656499 39301105
1790338802.020513 W 268 lat 296 296 407 0 exe 13703 15907 75555 resp 75851 0 pmu 787741 29918 6350852 6083986 40793599
1790338803.060488 W 269 lat 296 296 407 0 exe 13722 14388 15388 resp 15685 0 pmu 788971 12701 6363363 6669297 36683923
1790338804.100509 W 270 lat 296 296 499 0 exe 13722 15240 70537 resp 70925 0 pmu 789533 22306 6363548 6060140 39104948
1790338805.036484 W 271 lat 296 296 425 0 exe 13759 14407 15388 resp 15685 0 pmu 790432 12694 6372175 6616609 36665533
1790338806.076511 W 272 lat 296 296 407 0 exe 13629 15388 86703 resp 87018 0 pmu 788194 24241 6353598 6060471 39591557
1790338807.012489 W 273 lat 296 296 425 0 exe 13703 14370 15296 resp 15592 0 pmu 789905 12566 6373658 6777802 36701052
1790338808.052512 W 274 lat 296 296 462 0 exe 13703 15222 80055 resp 80351 0 pmu 789029 22327 6365496 6059061 39093235
1790338809.092488 W 275 lat 296 296 407 0 exe 13759 14351 15314 resp 15611 0 pmu 788030 12586 6356439 6710937 36598454
1790338810.028510 W 276 lat 296 314 10259 0 exe 13759 15240 83111 resp 83759 0 pmu 789087 22324 6367129 6059303 39133543
1790338811.068486 W 277 lat 296 296 388 0 exe 13629 14351 15370 resp 15666 0 pmu 788709 12461 6359369 6792840 36669210
1790338812.108510 W 278 lat 296 296 407 0 exe 13592 15314 82092 resp 82444 0 pmu 788904 23168 6366207 6059174 39348173
1790338813.044486 W 279 lat 296 296 407 0 exe 13629 14370 15314 resp 15629 0 pmu 789279 12528 6366194 6731273 36680474
1790338814.084512 W 280 lat 296 296 499 0 exe 13685 15240 82111 resp 82462 0 pmu 790316 22284 6373659 6058897 39123444
1790338815.020486 W 281 lat 296 296 351 0 exe 13703 14425 16018 resp 16351 0 pmu 790130 13081 6369552 6731974 36805377
1790338816.060508 W 282 lat 296 296 555 0 exe 13611 15222 81907 resp 82462 0 pmu 789565 22166 6367860 6066225 39110278
1790338817.100488 W 283 lat 296 296 407 0 exe 13740 14388 15277 resp 15574 0 pmu 790865 12447 6374438 6730812 36681215
1790338818.036512 W 284 lat 296 296 481 0 exe 13759 15277 81018 resp 81444 0 pmu 789399 22799 6367455 6059013 39295411
1790338819.076487 W 285 lat 296 296 407 0 exe 13777 14407 15407 resp 15703 0 pmu 791327 12566 6378410 6721990 36693141
1790338820.016514 W 286 lat 296 296 388 0 exe 13648 15222 77277 resp 77648 0 pmu 790083 22199 6370010 6060600 39031736
1790338821.056491 W 287 lat 296 296 555 0 exe 13740 14370 15259 resp 15555 0 pmu 789188 12554 6365240 6682930 36628018
1790338822.096511 W 288 lat 296 296 462 0 exe 13814 15685 76203 resp 76518 0 pmu 788450 27516 6360206 6059452 40331385
1790338847.043415 W 289 lat 296 314 1462 0 exe 13685 29851 158055 resp 159296 8 pmu 786125 183428 6357480 6675482 84612481
1790338847.043510 W 290 lat 296 296 388 0 exe 13703 15240 16851 resp 17148 0 pmu 790515 21954 6375874 7574078 39291282
1790338847.043561 W 291 lat 296 296 351 0 exe 13740 14592 16129 resp 16462 0 pmu 789437 15002 6372504 6078705 36737464
1790338847.043609 W 292 lat 296 296 407 0 exe 13555 14925 16333 resp 16629 0 pmu 787865 18922 6353450 6068429 37532469
1790338847.043656 W 293 lat 296 296 333 0 exe 13851 15259 16296 resp 16611 0 pmu 789214 22495 6362680 6071374 38308859
1790338847.043702 W 294 lat 296 296 444 0 exe 14481 15481 16259 resp 16555 0 pmu 789251 25002 6366690 6073795 38913937
1790338847.043749 W 295 lat 296 296 370 0 exe 13944 15425 16148 resp 16444 0 pmu 789884 24455 6374192 6078179 38778894
1790338847.043795 W 296 lat 296 296 407 0 exe 13740 15037 16462 resp 16796 0 pmu 790191 20140 6372568 6073786 37844522
1790338847.043841 W 297 lat 296 296 407 0 exe 13777 15370 16203 resp 16499 0 pmu 788988 24012 6359682 6074292 38580998
1790338847.043887 W 298 lat 296 296 351 0 exe 14555 15462 16240 resp 16537 0 pmu 789138 24890 6358896 6073392 38793140
1790338847.043933 W 299 lat 296 296 388 0 exe 14574 15462 16259 resp 16574 0 pmu 789416 24889 6361984 6077798 38802913
1790338847.043978 W 300 lat 296 296 351 0 exe 14407 15481 16203 resp 16537 0 pmu 789456 24965 6364196 6078451 38914029
1790338847.044024 W 301 lat 296 296 351 0 exe 13666 14925 16351 resp 16685 0 pmu 788337 19077 6358058 6076896 37563901
1790338847.044069 W 302 lat 296 296 407 0 exe 14592 15481 16240 resp 16537 0 pmu 790322 25005 6370048 6072032 38889946
1790338847.044115 W 303 lat 296 296 351 0 exe 13740 14907 16092 resp 16388 0 pmu 789818 18679 6368408 6078185 37458474
1790338847.044161 W 304 lat 296 296 388 0 exe 13777 15333 16203 resp 16537 0 pmu 789385 23536 6365540 6069464 38557817
1790338847.044218 W 305 lat 296 296 370 0 exe 13796 15370 16277 resp 16574 0 pmu 790191 23843 6373864 6073378 38587791
1790338847.044263 W 306 lat 296 296 370 0 exe 14592 15462 16444 resp 16740 0 pmu 790179 24880 6371837 6074149 38812784
1790338847.044308 W 307 lat 296 296 351 0 exe 13703 15240 16166 resp 16462 0 pmu 790944 22144 6376724 6080060 38226511
1790338847.044352 W 308 lat 296 296 425 0 exe 14314 15481 16222 resp 16518 0 pmu 791165 24785 6380557 6071522 38860032
1790338847.044397 W 309 lat 296 296 351 0 exe 14555 15481 16499 resp 16833 0 pmu 791336 24838 6382584 6076731 38867896
1790338847.048520 W 310 lat 296 296 407 0 exe 14462 15481 16425 resp 16740 0 pmu 790503 24903 6373655 6080730 38916661
1790338847.048607 W 311 lat 296 296 333 0 exe 14537 15499 16259 resp 16592 0 pmu 790817 24911 6378328 6079524 38879461
1790338847.048655 W 312 lat 296 296 407 0 exe 14611 15499 16574 resp 16888 0 pmu 791332 24897 6384736 6078223 38926799
1790338847.060592 W 313 lat 277 296 388 0 exe 13685 15092 16351 resp 16666 0 pmu 790507 20587 6376792 6082045 37900089
1790338848.100519 W 314 lat 296 296 962 0 exe 12833 17388 98740 resp 99222 0 pmu 790414 44849 6379787 6072917 46490884
1790338849.036479 W 315 lat 296 296 351 0 exe 12851 13240 13833 resp 14148 0 pmu 788658 37 6368922 6907844 33845814
1790338850.076509 W 316 lat 296 296 740 0 exe 12888 14722 91999 resp 92314 0 pmu 791619 16134 6393030 6033972 37860157
1790338851.012478 W 317 lat 296 296 351 0 exe 12870 13277 13759 resp 14055 0 pmu 792115 28 6396184 6825355 33875496
1790338852.052543 W 318 lat 296 407 518 0 exe 12888 17907 73648 resp 73944 0 pmu 791930 7839 6395543 6033552 33507810
1790338853.092559 W 319 lat 370 462 518 0 exe 15740 18907 19870 resp 20333 0 pmu 790584 23 6386863 6657144 30737470
1790338854.028521 W 320 lat 444 462 499 0 exe 18722 20092 88944 resp 89444 0 pmu 788651 8723 6366410 6139949 32261481
1790338855.068513 W 321 lat 444 462 499 0 exe 18611 19222 19777 resp 20259 0 pmu 788009 16 6362674 6851996 30803133
1790338856.108545 W 322 lat 444 462 648 0 exe 18703 19925 79555 resp 80055 0 pmu 787827 7196 6351504 6155277 32000105
1790338857.044512 W 323 lat 444 462 499 0 exe 18685 19222 19796 resp 20259 0 pmu 788849 6 6361218 6757960 30761726
1790338858.084550 W 324 lat 351 444 925 0 exe 15166 27314 123796 resp 124462 10 pmu 791072 91058 6385700 6155876 51235802
1790338859.020515 W 325 lat 444 462 499 0 exe 18759 19259 19796 resp 20277 0 pmu 790189 33 6370688 7221423 31075432
1790338860.060545 W 326 lat 444 462 629 0 exe 18796 20055 89740 resp 90240 0 pmu 790746 8019 6377462 6156477 32174652
1790338861.100510 W 327 lat 444 462 518 0 exe 18796 19240 19944 resp 20407 0 pmu 789619 19 6370468 6860918 30843973
1790338862.036544 W 328 lat 444 462 611 0 exe 18722 20037 86092 resp 86574 0 pmu 790845 8024 6382300 6157993 32205270
1790338863.076515 W 329 lat 444 462 518 0 exe 18740 19259 19851 resp 20333 0 pmu 790911 14 6384995 6823607 30845538
1790338864.012544 W 330 lat 444 462 518 0 exe 18759 20037 85574 resp 86074 0 pmu 791718 7832 6387796 6156911 32160167
1790338865.052512 W 331 lat 444 462 499 0 exe 18777 19259 19796 resp 20277 0 pmu 790627 22 6375291 6818439 30838495
1790338866.092552 W 332 lat 444 462 574 0 exe 18740 19962 84444 resp 84962 0 pmu 788470 7541 6360295 6156638 32031873
1790338867.028510 W 333 lat 444 462 518 0 exe 18740 19240 19925 resp 20407 0 pmu 788997 28 6365856 6806997 30792597
1790338868.068543 W 334 lat 444 462 555 0 exe 18777 20018 90925 resp 91407 0 pmu 789006 7919 6370870 6157697 32118197
1790338869.108521 W 335 lat 444 462 499 0 exe 18777 19240 19796 resp 20277 0 pmu 789203 30 6366196 6872006 30847533
1790338870.044543 W 336 lat 351 462 666 0 exe 14851 19574 85574 resp 86037 0 pmu 789555 7610 6368228 6156492 32074192
1790338871.084516 W 337 lat 444 462 499 0 exe 18703 19222 19888 resp 20351 0 pmu 788357 15 6358179 6796703 30777038
1790338872.020545 W 338 lat 444 462 518 0 exe 18722 20259 77518 resp 78018 0 pmu 789134 10314 6369724 6156877 32480870
1790338873.060520 W 339 lat 444 462 537 0 exe 18722 19240 19888 resp 20370 0 pmu 788731 14 6366860 6738769 30752128
1790338874.100555 W 340 lat 444 462 518 0 exe 18722 19870 78703 resp 79185 0 pmu 787733 6733 6354567 6157284 31949035
1790338875.036513 W 341 lat 444 462 499 0 exe 18740 19222 19740 resp 20222 0 pmu 788002 31 6354371 6748674 30735958
1790338876.076544 W 342 lat 444 462 666 0 exe 18759 19925 80648 resp 81222 0 pmu 791565 6860 6384194 6155513 32012150
1790338877.012512 W 343 lat 444 462 518 0 exe 18759 19296 19814 resp 20314 0 pmu 792823 12 6394417 6769600 30847992
1790338878.056545 W 344 lat 444 462 666 0 exe 18740 19925 88537 resp 89037 0 pmu 789808 6991 6374455 6156958 32026882
1790338879.096526 W 345 lat 444 462 518 0 exe 18666 19222 19796 resp 20277 0 pmu 787763 37 6361216 6848181 30792963
1790338880.032550 W 346 lat 444 462 611 0 exe 18703 19925 82944 resp 83425 0 pmu 789254 7057 6368242 6155975 31998194
1790338881.072514 W 347 lat 444 462 499 0 exe 18796 19240 19833 resp 20314 0 pmu 789655 23 6367308 6791646 30798148
1790338882.008547 W 348 lat 444 462 592 0 exe 18722 19925 84296 resp 84759 0 pmu 790245 6834 6379840 6156952 31984629
1790338883.048514 W 349 lat 444 462 518 0 exe 18777 19240 19759 resp 20240 0 pmu 789369 13 6367089 6805109 30801264
1790338884.088546 W 350 lat 444 462 611 0 exe 18703 19925 92870 resp 93351 0 pmu 789749 6857 6378303 6156086 32019760
1790338885.024518 W 351 lat 444 462 499 0 exe 18814 19240 19981 resp 20481 0 pmu 789184 52 6374920 6890886 30855322
1790338886.064547 W 352 lat 370 462 518 0 exe 15592 19611 82240 resp 82703 0 pmu 789860 7051 6380590 6158432 32042235
1790338887.104516 W 353 lat 444 462 537 0 exe 18666 19240 19870 resp 20351 0 pmu 789725 21 6370080 6766351 30782776
1790338888.040555 W 354 lat 444 462 685 0 exe 18722 19888 77314 resp 77777 0 pmu 789804 6665 6372693 6156831 31959971
1790338889.080518 W 355 lat 444 462 518 0 exe 18777 19259 19944 resp 20407 0 pmu 790667 12 6379478 6735740 30786036
1790338890.016547 W 356 lat 444 462 740 0 exe 18740 19925 76944 resp 77407 0 pmu 789221 7132 6374458 6158124 32020446
1790338891.056516 W 357 lat 444 462 499 0 exe 18592 19222 19796 resp 20259 0 pmu 787727 32 6362033 6732334 30723961
1790338892.096561 W 358 lat 444 462 518 0 exe 18629 19907 81092 resp 81574 0 pmu 789121 6811 6368276 6155410 31987339
1790338893.032513 W 359 lat 444 462 499 0 exe 18703 19240 19925 resp 20407 0 pmu 790182 19 6379408 6772147 30792995
1790338894.072546 W 360 lat 444 462 518 0 exe 18722 19944 89240 resp 89722 0 pmu 789925 6965 6377444 6157346 32026824
1790338895.008512 W 361 lat 444 462 518 0 exe 18759 19240 19814 resp 20277 0 pmu 789676 37 6372939 6854349 30840198
1790338896.048545 W 362 lat 444 462 537 0 exe 18685 19907 84166 resp 84666 0 pmu 789691 6760 6372176 6156571 31976051
1790338897.088519 W 363 lat 444 462 537 0 exe 18740 19259 19981 resp 20481 0 pmu 790855 48 6384228 6803552 30839725
1790338898.024545 W 364 lat 444 462 611 0 exe 18685 19981 84037 resp 84518 0 pmu 791248 7321 6386644 6158430 32096798
1790338899.064512 W 365 lat 444 462 499 0 exe 18759 19277 19851 resp 20333 0 pmu 791636 21 6394218 6802702 30849248
1790338900.104543 W 366 lat 444 462 518 0 exe 18703 19944 79888 resp 80370 0 pmu 790794 7001 6384341 6157064 32040915
1790338901.040517 W 367 lat 444 462 518 0 exe 18703 19240 19796 resp 20296 0 pmu 788947 43 6363844 6760601 30771966
1790338902.080563 W 368 lat 444 462 537 0 exe 18666 19944 77296 resp 77777 0 pmu 790292 7027 6375407 6156319 32026175
1790338903.016523 W 369 lat 370 462 518 0 exe 15759 18925 19814 resp 20296 0 pmu 791025 27 6383189 6734905 30806698
1790338904.056542 W 370 lat 444 462 555 0 exe 18740 19925 84351 resp 84814 0 pmu 789859 6990 6369548 6139684 32007073
1790338905.096516 W 371 lat 444 462 537 0 exe 18685 19240 19944 resp 20444 0 pmu 789787 12 6368712 6805521 30809809
1790338906.032540 W 372 lat 444 462 537 0 exe 18740 19944 88240 resp 88722 0 pmu 790267 7027 6375125 6157672 32023888
1790338907.072579 W 373 lat 444 462 518 0 exe 18722 19240 19944 resp 20425 0 pmu 789238 34 6370825 6844527 30832587
1790338908.008542 W 374 lat 444 462 759 0 exe 18685 19925 84833 resp 85333 0 pmu 788728 7012 6367497 6157676 32012318
1790338909.048515 W 375 lat 444 462 499 0 exe 18703 19240 19777 resp 20240 0 pmu 788522 18 6359653 6811376 30792543
1790338910.088545 W 376 lat 444 462 611 0 exe 18685 20037 80740 resp 81203 0 pmu 788971 8058 6364336 6155804 32313984
1790338911.024516 W 377 lat 444 462 518 0 exe 18574 19240 19888 resp 20370 0 pmu 789148 15 6364436 6769863 30774811
1790338912.084591 W 378 lat 296 1925 7462 0 exe 18740 227425 501703 resp 505277 888 pmu 829614 661251 6709056 6159174 572356034
1790338913.024828 W 379 lat 296 2185 7462 0 exe 72685 250722 517888 resp 521259 986 pmu 833969 697714 6739760 12076680 657231948
1790338914.076822 W 380 lat 314 2222 6407 0 exe 65037 266499 527222 resp 530018 987 pmu 838026 704375 6775773 12625225 697586170
1790338915.020685 W 381 lat 296 2092 7555 0 exe 77222 249407 522111 resp 525333 987 pmu 828977 686679 6716475 12751226 655543405
1790338916.068726 W 382 lat 296 1999 7611 0 exe 76351 233296 532870 resp 538314 987 pmu 823247 672046 6634097 12682769 615027217
1790338917.016616 W 383 lat 314 1925 7870 0 exe 67129 224648 493129 resp 497185 985 pmu 811843 655470 6559292 12716371 593340213
1790338918.060762 W 384 lat 314 1888 7555 0 exe 66203 226388 499074 resp 503629 985 pmu 813348 658373 6571851 12223558 598551794
1790338919.108620 W 385 lat 314 1888 7314 0 exe 69259 222055 482925 resp 486222 987 pmu 802120 627240 6478527 12287869 578793106
1790338920.056696 W 386 lat 314 1888 6129 0 exe 74037 227648 493666 resp 497944 986 pmu 811004 643672 6569071 12112391 598841812
1790338921.108567 W 387 lat 296 1814 6888 0 exe 71111 220018 486370 resp 490592 986 pmu 807170 645197 6501122 12270641 579031048
1790338922.048623 W 388 lat 296 1833 5870 0 exe 69759 220166 489203 resp 491907 984 pmu 805584 654014 6508995 12147805 582286935
1790338923.100749 W 389 lat 333 2018 9685 0 exe 68740 231388 497999 resp 501203 984 pmu 825078 666460 6668954 12157702 611886993
1790338924.048771 W 390 lat 314 2185 8833 0 exe 71074 250888 525370 resp 528370 987 pmu 837841 693545 6772326 12319430 659684410
1790338925.100555 W 391 lat 314 1944 7166 0 exe 74518 234499 514722 resp 517796 986 pmu 815814 668074 6589837 12697708 615034215
1790338926.040736 W 392 lat 333 1944 7111 0 exe 71296 226499 500074 resp 504481 983 pmu 814402 654692 6576824 12517439 595687235
1790338927.088813 W 393 lat 314 1999 8759 0 exe 74388 234962 505166 resp 509388 983 pmu 823408 681194 6654158 12321210 620026506
1790338928.032750 W 394 lat 296 2185 7055 0 exe 60777 264870 519555 resp 522962 984 pmu 848437 723153 6859086 12437336 698604630
1790338929.088624 W 395 lat 296 1777 7648 0 exe 68925 230259 534240 resp 537425 987 pmu 823631 679588 6658164 12651180 606727577
1790338930.032708 W 396 lat 296 1999 6092 0 exe 76259 217888 489851 resp 494981 989 pmu 811540 644032 6553326 12665605 575663818
1790338931.088547 W 397 lat 314 1999 7925 0 exe 71388 217555 506944 resp 512240 983 pmu 810497 652709 6548180 12199483 572646378
1790338932.028618 W 398 lat 296 2296 7444 0 exe 76370 257685 510666 resp 513814 993 pmu 845433 731324 6835793 12354452 681770759
1790338933.080773 W 399 lat 296 2296 8703 0 exe 76018 254222 520444 resp 523296 995 pmu 840505 720315 6794515 12605619 672915821
1790338934.024618 W 400 lat 314 2148 7425 0 exe 78814 242444 504055 resp 508888 994 pmu 828751 704618 6718287 12688904 641412674
1790338935.076834 W 401 lat 296 2037 6240 0 exe 71092 223499 481388 resp 485518 994 pmu 805059 643319 6486655 12482844 585210710
1790338936.024649 W 402 lat 314 2037 5777 0 exe 74944 228425 491851 resp 496574 994 pmu 812217 651038 6582386 12112763 602531450
1790338937.072749 W 403 lat 296 2092 8092 0 exe 75703 235314 502722 resp 506814 994 pmu 817188 670996 6583149 12262105 620317875
1790338938.020801 W 404 lat 314 2148 8685 0 exe 76777 248740 501277 resp 505388 994 pmu 836634 698197 6764554 12417651 659617213
1790338939.076590 W 405 lat 296 2166 6722 0 exe 74648 251740 525962 resp 529611 993 pmu 831558 694702 6747490 12479368 663602977
1790338940.012689 W 406 lat 370 2648 8444 0 exe 75129 300611 511777 resp 517129 992 pmu 870315 767122 7052246 12718424 787279929
1790338941.060567 W 407 lat 296 2555 9462 0 exe 71055 293814 515999 resp 519796 992 pmu 867594 751179 7019588 12843125 768560103
1790338942.104803 W 408 lat 296 2629 8499 0 exe 69611 300925 516518 resp 519111 984 pmu 885495 787033 7150910 12827534 791662408
1790338943.048783 W 409 lat 314 2574 6851 0 exe 75888 304055 517648 resp 520981 985 pmu 876808 778897 7098815 12850443 799118659
1790338944.112621 W 410 lat 314 2481 7407 0 exe 76814 285999 512648 resp 516259 988 pmu 864908 753911 7000398 12904194 750793733
1790338945.052676 W 411 lat 296 2833 7666 0 exe 73759 326166 518203 resp 522870 989 pmu 895604 796537 7262206 12772124 851501339
1790338946.100573 W 412 lat 296 2685 8462 0 exe 73759 309407 522074 resp 525925 989 pmu 883564 795548 7153353 13021635 810160279
1790338947.040622 W 413 lat 333 2833 8074 0 exe 71259 332611 521481 resp 524888 988 pmu 902729 834488 7316022 12975634 872489778
1790338948.088770 W 414 lat 314 2481 7888 0 exe 76166 292259 525925 resp 528944 986 pmu 871214 765873 7054501 13069956 766470973
1790338949.032669 W 415 lat 351 2574 8203 0 exe 72148 300111 520277 resp 522555 986 pmu 867925 750243 7027289 12932533 782495048
1790338950.088692 W 416 lat 314 2537 7666 0 exe 75148 293481 517185 resp 522055 988 pmu 865236 758122 7018869 12893593 768255960
1790338951.040754 W 417 lat 314 2796 8203 0 exe 72407 326481 520814 resp 524240 987 pmu 897438 821207 7254361 12854576 857098269
1790338952.100809 W 418 lat 296 3370 8518 0 exe 49074 371203 525370 resp 529092 963 pmu 940934 891930 7652680 13038764 968167969
1790338953.040774 W 419 lat 388 3481 8722 0 exe 68203 418425 528111 resp 533240 991 pmu 966329 942038 7837082 13197191 1088305024
1790338954.084655 W 420 lat 537 3740 9166 0 exe 66074 424703 522611 resp 526277 994 pmu 985308 974841 7990196 13565245 1105794385
1790338955.024569 W 421 lat 314 3351 9555 0 exe 71555 400944 527685 resp 530740 986 pmu 951660 931617 7703978 13528178 1044525714
1790338956.068712 W 422 lat 351 3425 9166 0 exe 69166 421388 534407 resp 537407 994 pmu 960218 949907 7802834 13483346 1093295352
1790338957.012824 W 423 lat 314 3425 9351 0 exe 70703 412444 529296 resp 533555 990 pmu 962269 956249 7801744 13639118 1075078093
1790338958.056622 W 424 lat 351 3555 9111 0 exe 73018 422870 529277 resp 533981 985 pmu 967836 960208 7858683 13557993 1099285209
1790338959.100783 W 425 lat 425 3499 9185 0 exe 71685 417074 525129 resp 528203 983 pmu 970776 961773 7871546 13623461 1086883071
1790338960.036800 W 426 lat 481 3740 8851 0 exe 65685 425148 523666 resp 527148 992 pmu 984714 974236 7987046 13538689 1107676891
1790338961.080807 W 427 lat 481 3499 9648 0 exe 69981 415537 525925 resp 529611 988 pmu 967692 941684 7849120 13536302 1081076595
1790338962.020853 W 428 lat 481 3629 8444 0 exe 72055 418759 521277 resp 527203 990 pmu 974832 952786 7902634 13536082 1089205090
1790338963.064847 W 429 lat 370 3648 8574 0 exe 78629 422833 520203 resp 524666 992 pmu 981732 974486 7967539 13521782 1101681851
1790338964.016666 W 430 lat 351 3314 8407 0 exe 84388 418962 528222 resp 532185 999 pmu 975258 956503 7923513 13557273 1090450559
1790338965.060794 W 431 lat 370 3481 7666 0 exe 72574 410629 521629 resp 525537 994 pmu 970250 948713 7864930 13641733 1070840785
1790338966.104817 W 432 lat 518 3685 9222 0 exe 82055 416518 521092 resp 525166 994 pmu 981041 970321 7950111 13472054 1087309754
1790338967.040793 W 433 lat 370 3537 7166 0 exe 70018 408518 529833 resp 534259 991 pmu 966254 948392 7834872 13553695 1069227305
1790338968.101636 W 434 lat 296 2870 7611 0 exe 36388 350407 519870 resp 524296 976 pmu 930341 910872 7526784 13531130 922926100
1790338969.040792 W 435 lat 296 2981 8759 0 exe 74777 337629 516666 resp 520870 992 pmu 932455 887975 7557329 12971176 893618340
1790338970.088805 W 436 lat 351 3203 8907 0 exe 66240 361037 521851 resp 525518 994 pmu 926467 858395 7491381 13072753 940709870
1790338971.028826 W 437 lat 296 3018 8851 0 exe 72537 340351 524370 resp 529166 995 pmu 916399 845178 7431314 13198113 897041924
1790338972.068519 W 438 lat 296 629 6240 0 exe 12925 56666 513611 resp 516925 98 pmu 810887 106341 6530138 13152837 152566229
1790338973.004504 W 439 lat 296 296 481 0 exe 12870 13777 68037 resp 68351 0 pmu 789918 5803 6377293 11295840 38291631
1790338974.048684 W 440 lat 296 2129 6222 0 exe 12907 261518 400129 resp 403740 861 pmu 928336 785898 7534535 6582309 681015895
1790338975.096671 W 441 lat 592 2499 5574 0 exe 114148 332592 412648 resp 417648 1000 pmu 996008 989012 8067968 11197113 867732729
1790338976.040709 W 442 lat 1055 2555 5222 0 exe 271407 337537 411555 resp 413833 1000 pmu 997615 994705 8092988 12191089 879467668
1790338977.096694 W 443 lat 555 2537 5611 0 exe 110444 334185 431648 resp 434592 1000 pmu 993349 983724 8046045 12978522 871362347
1790338978.052698 W 444 lat 925 2555 5648 0 exe 273759 338925 420944 resp 423277 1000 pmu 996687 994086 8080335 12360415 883396609
1790338979.104705 W 445 lat 314 2407 4981 0 exe 100888 322796 407166 resp 409796 1000 pmu 990711 990817 8030597 13092829 846722672
1790338980.056701 W 446 lat 833 2537 5499 0 exe 196037 336592 398296 resp 401129 1000 pmu 992671 987091 8043631 12004271 877401497
1790338981.012669 W 447 lat 722 2537 5425 0 exe 202611 337722 414722 resp 418925 1000 pmu 997170 990484 8076461 12467206 880985564
1790338982.068685 W 448 lat 999 2555 5703 0 exe 275166 339555 431407 resp 434222 1000 pmu 996915 994955 8074475 12675892 885248237
1790338983.008686 W 449 lat 351 2499 5888 0 exe 117703 335611 404833 resp 408166 1000 pmu 991452 985049 8034019 13210781 875827948
1790338984.064712 W 450 lat 814 2537 5351 0 exe 261814 338981 414277 resp 418314 1000 pmu 995950 993061 8068759 12137734 883457689
1790338985.108662 W 451 lat 425 2444 5203 0 exe 180981 334555 399333 resp 401833 1000 pmu 992087 989348 8038939 12973050 873409810
1790338986.052681 W 452 lat 833 2555 5777 0 exe 191074 336203 409962 resp 413777 1000 pmu 992847 986728 8040610 12386338 876694600
1790338987.012683 W 453 lat 796 2499 7037 0 exe 112851 337962 419037 resp 421759 1000 pmu 996175 990548 8077725 12563554 881581449
1790338988.056693 W 454 lat 1018 2499 4962 0 exe 287407 340518 408944 resp 413722 1000 pmu 994694 993212 8055974 12272429 886999859
1790338989.096678 W 455 lat 407 2518 5333 0 exe 124611 338425 410259 resp 413111 1000 pmu 993297 990579 8043775 13057966 882609746
1790338990.032685 W 456 lat 1074 2537 5166 0 exe 208240 337555 415685 resp 419574 1000 pmu 995874 988625 8070245 12235892 880214292
1790338991.072743 W 457 lat 1166 2481 5499 0 exe 143685 338722 417129 resp 420537 1000 pmu 995469 993193 8062262 12711755 883491564
1790338992.008683 W 458 lat 722 2537 6259 0 exe 197740 338111 409148 resp 411981 1000 pmu 992828 988799 8046010 12408800 881341254
1790338993.052717 W 459 lat 740 2462 6851 0 exe 196703 336722 420759 resp 425222 1000 pmu 995021 988252 8060854 12594885 878524324
1790338994.092682 W 460 lat 1259 2481 4814 0 exe 272999 339740 428944 resp 431222 1000 pmu 994321 991952 8052599 12709808 885416548
1790338995.028662 W 461 lat 703 2518 5703 0 exe 229314 338851 414833 resp 418592 1000 pmu 994932 993028 8059712 13169824 884028053
1790338996.068670 W 462 lat 722 2499 5629 0 exe 195166 336462 407851 resp 410685 1000 pmu 992914 985821 8044281 12814998 877420216
1790338997.108686 W 463 lat 425 2499 6074 0 exe 218222 338685 418314 resp 421481 1000 pmu 996575 994520 8078099 12557597 883004745
1790338998.048704 W 464 lat 425 2370 6129 0 exe 274074 335703 395296 resp 397666 1000 pmu 994374 991759 8056279 12791067 875879027
1790338999.088693 W 465 lat 499 2537 6907 0 exe 111888 331777 402962 resp 406185 1000 pmu 993978 985984 8054496 12821149 866816770
1790339000.024703 W 466 lat 648 2537 5907 0 exe 241296 333703 413222 resp 416851 1000 pmu 996176 990149 8075611 12076454 871049080
1790339001.064668 W 467 lat 740 2555 5611 0 exe 132148 330537 405925 resp 408962 1000 pmu 993880 993078 8056294 12833349 864057034
1790339002.108724 W 468 lat 999 2462 4944 0 exe 190203 331499 417129 resp 419555 1000 pmu 991277 984032 8031520 12194919 865029830
1790339003.044725 W 469 lat 1092 2537 6055 0 exe 256925 334777 404777 resp 408055 1000 pmu 997398 993753 8077743 12596414 873698349
1790339004.084671 W 470 lat 907 2537 5703 0 exe 131907 332740 407518 resp 411518 1000 pmu 995397 991961 8067911 12833961 869363210
1790339005.024664 W 471 lat 796 2499 6055 0 exe 205925 333259 418629 resp 423092 1000 pmu 992826 990116 8041386 12226727 869468447
1790339006.064691 W 472 lat 925 2462 5518 0 exe 147796 333129 410259 resp 414351 1000 pmu 993756 990779 8057227 12713885 870098570
1790339007.108637 W 473 lat 1037 2574 6240 0 exe 255370 335129 411759 resp 415018 1000 pmu 996698 993900 8077084 12334873 874484107
1790339008.044690 W 474 lat 722 2499 5666 0 exe 186555 332833 416814 resp 419981 1000 pmu 994468 987986 8061314 12898228 868731539
1790339009.084684 W 475 lat 981 2518 5185 0 exe 207703 337499 409018 resp 411981 1000 pmu 994541 992057 8058071 12588023 879123399
1790339010.020701 W 476 lat 555 2537 13092 0 exe 112499 337851 409166 resp 413092 1000 pmu 994877 991283 8065292 12636919 881082828
1790339011.060672 W 477 lat 1111 2537 5666 0 exe 168407 337574 415833 resp 419537 1000 pmu 995813 987233 8069888 12206574 880044052
1790339012.100683 W 478 lat 499 2518 5703 0 exe 126166 335444 416888 resp 419981 1000 pmu 994534 987497 8057255 12515975 875111351
1790339013.040704 W 479 lat 1074 2537 5999 0 exe 306796 341111 416981 resp 419333 1000 pmu 996193 996132 8076231 12298660 888552189
1790339014.080726 W 480 lat 333 2444 5370 0 exe 115314 336740 406851 resp 410277 1000 pmu 992866 988644 8043592 13231827 878512640
1790339015.016696 W 481 lat 944 2518 5870 0 exe 170259 338333 422444 resp 428314 1000 pmu 995237 991131 8063149 12149136 881776089
1790339016.060701 W 482 lat 499 2499 5462 0 exe 205685 338462 422074 resp 425203 1000 pmu 994247 991984 8062134 12605894 882539572
1790339017.100695 W 483 lat 981 2481 5129 0 exe 229037 339537 404277 resp 407222 1000 pmu 995912 994268 8057851 12761965 884823503
1790339018.036685 W 484 lat 462 2462 6203 0 exe 121740 330870 420537 resp 423185 1000 pmu 989583 981455 8034924 12705919 864267181
1790339019.080700 W 485 lat 1148 2518 5240 0 exe 264962 338907 410870 resp 414870 1000 pmu 995938 993525 8067241 12289744 883250230
1790339020.016683 W 486 lat 740 2481 5462 0 exe 123277 338018 419185 resp 423629 1000 pmu 996115 990598 8070609 12955070 881728588
1790339021.056646 W 487 lat 888 2518 5129 0 exe 176870 336833 413870 resp 417629 1000 pmu 993835 988703 8051102 12326465 878225377
1790339022.100695 W 488 lat 740 2481 5888 0 exe 139129 337888 422962 resp 426407 1000 pmu 995020 991534 8066121 12531302 881129930
1790339023.036690 W 489 lat 962 2537 5666 0 exe 257999 339777 424370 resp 427574 1000 pmu 997801 994103 8081146 12439865 885712251
1790339024.076696 W 490 lat 555 2499 5944 0 exe 107759 336185 420370 resp 423185 1000 pmu 994097 987589 8053096 13057158 877345873
1790339025.012697 W 491 lat 777 2481 4925 0 exe 208777 339574 430537 resp 433851 1000 pmu 995019 993036 8060338 12245166 884590342
1790339026.056719 W 492 lat 1055 2444 5259 0 exe 133777 333740 415592 resp 418314 1000 pmu 991739 984092 8034359 12867234 871144109
1790339027.096705 W 493 lat 870 2574 6351 0 exe 189629 338759 416444 resp 420074 1000 pmu 994818 992578 8061023 12313496 882851598
1790339028.032686 W 494 lat 537 2481 5851 0 exe 203888 337685 417703 resp 420962 1000 pmu 993032 988486 8045828 12636089 880518826
1790339029.076727 W 495 lat 370 2388 5925 0 exe 285592 340370 412388 resp 415648 1000 pmu 994935 993989 8058305 12708053 886926654
1790339030.012705 W 496 lat 444 2518 5629 0 exe 128425 331444 414944 resp 419703 1000 pmu 993508 988583 8053001 13075996 866151531
1790339031.056704 W 497 lat 962 2518 4944 0 exe 196537 334870 419296 resp 421851 1000 pmu 995370 992442 8068598 12278022 873804718
1790339032.096735 W 498 lat 999 2518 5203 0 exe 164740 332592 409629 resp 412759 1000 pmu 996157 991174 8076104 12667483 869028463
1790339033.032704 W 499 lat 759 2574 6037 0 exe 170944 334240 413277 resp 416129 1000 pmu 995954 991650 8072359 12404822 872419570
1790339034.076509 W 500 lat 296 666 6129 0 exe 12962 66796 394814 resp 397240 166 pmu 826078 177758 6650620 12479913 176922231
1790339035.012483 W 501 lat 296 296 351 0 exe 12870 13277 13814 resp 14111 0 pmu 791252 43 6387308 10154066 35867898
1790339036.056766 W 502 lat 296 2074 11037 0 exe 12833 268092 598648 resp 603777 655 pmu 877542 689486 7105238 6035986 697612777
1790339037.112730 W 503 lat 296 3388 9648 0 exe 77425 429425 578277 resp 581685 930 pmu 951241 951649 7723482 13246339 1103061706
1790339038.064594 W 504 lat 296 3481 7037 0 exe 50648 434296 563370 resp 567499 959 pmu 969739 962114 7844426 14163281 1106688084
1790339039.012919 W 505 lat 296 981 6907 0 exe 15444 121111 633111 resp 639092 206 pmu 805482 352150 6530379 13893503 332789818
1790339040.060635 W 506 lat 1944 4185 8240 0 exe 383425 531999 637333 resp 641499 1000 pmu 970871 975858 7853597 12847064 1342813470
1790339041.012632 W 507 lat 296 1574 7648 0 exe 31740 223407 562944 resp 567796 602 pmu 830662 730134 6714228 16804664 598894215
1790339042.064856 W 508 lat 296 1851 7537 0 exe 28814 238518 619333 resp 623407 538 pmu 846489 637552 6860123 12738318 631939775
1790339043.112796 W 509 lat 296 2870 9611 0 exe 77296 370703 634518 resp 638888 948 pmu 912308 905501 7386836 13361295 959572896
1790339044.060664 W 510 lat 1481 3907 8518 0 exe 133018 481555 609962 resp 615537 1000 pmu 990354 995695 8019526 14433567 1222195242
1790339045.004618 W 511 lat 296 1018 6537 0 exe 16074 126425 576499 resp 580981 272 pmu 814196 389866 6570765 15030348 347205785
1790339046.056920 W 512 lat 296 3666 8888 0 exe 16370 469092 628296 resp 632833 902 pmu 944232 898320 7651109 12301531 1186378060
1790339047.100915 W 513 lat 296 2296 8796 0 exe 13092 306148 627185 resp 630833 659 pmu 874833 798415 7073078 14558698 800075440
1790339048.036565 W 514 lat 296 1185 6074 0 exe 20555 160499 486055 resp 488037 385 pmu 801115 534087 6498586 13704026 446806546
1790339049.076920 W 515 lat 296 2777 9018 0 exe 71629 364518 586277 resp 590851 869 pmu 899374 889115 7287434 11575620 929148359
1790339050.020907 W 516 lat 296 3648 9666 0 exe 62833 460240 584740 resp 589888 982 pmu 972549 954833 7878228 13889557 1168219342
1790339051.076573 W 517 lat 296 2203 6777 0 exe 30111 281888 578537 resp 583037 635 pmu 889896 725495 7189647 14318234 738202304
1790339052.012946 W 518 lat 296 2185 7148 0 exe 16370 280518 594499 resp 597907 539 pmu 871648 615626 7066563 13175607 725089026
1790339053.052744 W 519 lat 296 3111 7296 0 exe 31092 415481 600240 resp 604499 867 pmu 914912 887056 7405350 13256916 1068353511
1790339054.092643 W 520 lat 296 888 6925 0 exe 27981 135092 589703 resp 596629 311 pmu 797047 605326 6445791 14070491 370035246
1790339055.028777 W 521 lat 296 2240 6666 0 exe 28999 306203 610555 resp 615333 830 pmu 870144 817703 7049013 12549659 789806890
1790339056.068714 W 522 lat 296 3444 7370 0 exe 92277 447999 583759 resp 588388 998 pmu 959417 961556 7772935 13613983 1142595869
1790339057.008601 W 523 lat 296 3037 7722 0 exe 26814 388981 580425 resp 583703 832 pmu 939401 903196 7591261 14380110 998820707
1790339058.048820 W 524 lat 296 1537 7111 0 exe 15629 198018 597499 resp 601907 386 pmu 834124 487226 6761520 13715589 521729450
1790339059.088692 W 525 lat 296 3314 7481 0 exe 64203 441296 611685 resp 616888 949 pmu 933186 915772 7540377 12872419 1124628368
1790339060.024614 W 526 lat 296 907 6462 0 exe 27925 146296 600018 resp 605481 389 pmu 797006 615662 6459948 14486693 396717155
1790339061.068585 W 527 lat 296 2222 6907 0 exe 28629 287592 560944 resp 564203 848 pmu 865592 822187 7013057 12699150 750202570
1790339062.104850 W 528 lat 296 3592 7685 0 exe 98740 450444 589092 resp 592814 998 pmu 968161 970920 7849303 13016500 1145806354
1790339063.040595 W 529 lat 296 2759 6925 0 exe 26907 352148 581888 resp 587055 766 pmu 925283 853610 7475639 14475180 909948518
1790339064.080924 W 530 lat 296 1814 9074 0 exe 15722 224722 596148 resp 600092 435 pmu 838556 535790 6803584 13550974 590013723
1790339065.020736 W 531 lat 296 3703 7333 0 exe 54203 459388 618629 resp 622407 971 pmu 932593 924948 7531687 13001744 1165565975
1790339066.060590 W 532 lat 296 981 7018 0 exe 42611 148981 550333 resp 553351 389 pmu 804168 676543 6522477 14590688 427248613
1790339067.100701 W 533 lat 296 1648 6962 0 exe 27518 226648 551555 resp 555203 689 pmu 836306 761007 6773896 12279483 605763265
1790339068.036879 W 534 lat 296 3462 8907 0 exe 83981 429277 598666 resp 603037 974 pmu 941023 940727 7632736 12611837 1091710543
1790339069.080775 W 535 lat 296 3592 8111 0 exe 79092 452111 589685 resp 593777 983 pmu 973770 973723 7869840 14400792 1150524595
1790339070.016820 W 536 lat 296 1037 9092 0 exe 16240 130037 555685 resp 559703 244 pmu 801896 441502 6505488 14393872 356738553
1790339071.056894 W 537 lat 296 3925 8055 0 exe 109037 489833 629333 resp 633296 1000 pmu 949707 939590 7680018 12122977 1243429416
1790339072.100610 W 538 lat 296 1129 5833 0 exe 22592 183462 529944 resp 532259 530 pmu 816743 720262 6602040 15130144 498526823
1790339073.036806 W 539 lat 296 2129 7833 0 exe 27611 277555 631499 resp 637296 656 pmu 861612 698650 6995786 12139029 717273871
1790339074.084965 W 540 lat 296 3074 7425 0 exe 76703 390222 579296 resp 582722 935 pmu 924943 920404 7486602 13683713 1001028027
1790339075.028616 W 541 lat 462 3666 6962 0 exe 120796 466259 554444 resp 559259 1000 pmu 986292 991074 7976361 13961216 1184156032
1790339076.080874 W 542 lat 296 703 7499 0 exe 15796 88777 543351 resp 546777 178 pmu 785418 373249 6370399 14319549 254253747
1790339077.024804 W 543 lat 1018 4129 8092 0 exe 181444 530722 598666 resp 603814 1000 pmu 969566 974929 7840328 11778796 1335503567
1790339078.064611 W 544 lat 296 1666 7444 0 exe 66240 240481 562481 resp 566537 642 pmu 827122 766917 6682155 15401070 635850139
1790339079.104574 W 545 lat 296 1759 7203 0 exe 27925 231907 607277 resp 613592 561 pmu 840086 651244 6807559 12987033 616293427
1790339080.040714 W 546 lat 296 2888 7333 0 exe 73370 382722 590722 resp 596444 901 pmu 919669 914414 7453690 13212189 981182944
1790339081.080816 W 547 lat 1018 3722 7037 0 exe 114222 477240 552111 resp 556870 1000 pmu 990325 995619 8020832 14031450 1211983784
1790339082.020610 W 548 lat 296 1018 7351 0 exe 16259 124481 567203 resp 570370 257 pmu 811468 410871 6549581 14321384 341793314
1790339083.060964 W 549 lat 296 3574 8166 0 exe 17277 460703 615037 resp 621092 901 pmu 944542 909362 7658377 12197117 1170016281
1790339084.100644 W 550 lat 296 2074 8148 0 exe 25351 281333 622314 resp 626444 688 pmu 856029 797792 6922596 14392428 734562866
1790339085.040726 W 551 lat 296 1370 7833 0 exe 29666 185888 529370 resp 534222 499 pmu 804557 656966 6517289 13590968 496653322
1790339086.084792 W 552 lat 296 2851 7481 0 exe 75592 368888 586925 resp 592740 924 pmu 899799 893594 7285375 12205756 955577449
1790339087.036792 W 553 lat 351 3555 7129 0 exe 146481 455185 560666 resp 564648 1000 pmu 980091 976678 7939907 13936719 1161956047
1790339088.100766 W 554 lat 296 1185 6962 0 exe 22537 153407 553222 resp 556259 402 pmu 814782 525383 6583523 14451100 417304424
1790339089.068725 W 555 lat 296 3092 7722 0 exe 78222 436537 617648 resp 620148 979 pmu 932689 932213 7547373 12231752 1115859968
1790339090.008662 W 556 lat 296 1944 7277 0 exe 45111 264703 586499 resp 592203 721 pmu 849578 788381 6874957 14580285 697043973
1790339091.048897 W 557 lat 296 1129 7851 0 exe 26166 160055 558981 resp 563240 536 pmu 806597 654841 6539584 13251572 440417693
1790339092.088769 W 558 lat 296 3240 9314 0 exe 86259 400574 581981 resp 587351 976 pmu 913486 910336 7391348 12351165 1026854910
1790339093.024741 W 559 lat 370 3537 7870 0 exe 100574 445740 560277 resp 564481 1000 pmu 974330 970900 7877612 14107660 1135748813
1790339094.080843 W 560 lat 296 1185 6611 0 exe 22277 150018 482425 resp 485092 412 pmu 812161 514912 6582362 14175170 414943340
1790339095.020800 W 561 lat 314 3870 8333 0 exe 84407 476870 650759 resp 657703 994 pmu 926810 924932 7505522 11501859 1206974889
1790339096.060534 W 562 lat 296 1074 6907 0 exe 12925 120833 547296 resp 551259 240 pmu 819819 284028 6603240 15171681 313585204
1790339097.100482 W 563 lat 296 296 333 0 exe 12870 13259 13703 resp 14037 0 pmu 789816 17 6372495 11962334 36908421
1790339098.040531 W 564 lat 296 444 5074 0 exe 12944 34999 417185 resp 419777 54 pmu 791453 65700 6388870 6033149 89331913
1790339099.080493 W 565 lat 296 296 351 0 exe 13722 14388 15351 resp 15648 0 pmu 789595 12690 6370479 10212958 38786547
1790339100.016514 W 566 lat 296 296 499 0 exe 13740 15333 59499 resp 59814 0 pmu 789510 23521 6369488 6059479 39554487
1790339101.056493 W 567 lat 296 296 351 0 exe 13796 14388 15240 resp 15537 0 pmu 790213 12532 6368974 6506625 36534577
1790339102.096516 W 568 lat 296 296 611 0 exe 13703 15370 59425 resp 60037 0 pmu 789671 23994 6369243 6058750 39650904
1790339103.032489 W 569 lat 296 296 444 0 exe 13796 14388 15351 resp 15666 0 pmu 789158 12656 6364774 6507835 36520570
1790339104.072516 W 570 lat 296 296 444 0 exe 13666 15314 56611 resp 56925 0 pmu 789084 23326 6365052 6060454 39534890
1790339105.008489 W 571 lat 296 296 499 0 exe 13666 14370 15518 resp 15814 0 pmu 789140 12610 6361745 6476851 36527591
1790339106.048527 W 572 lat 296 296 1203 0 exe 13759 22333 142981 resp 143537 3 pmu 787019 100203 6350343 6061451 61107709
1790339107.096491 W 573 lat 296 296 388 0 exe 13796 14370 15314 resp 15629 0 pmu 789018 12548 6366966 7381176 37055157
1790339108.032483 W 574 lat 296 296 370 0 exe 13648 14370 15148 resp 15462 0 pmu 788986 12579 6367437 6059659 36159486
1790339109.072483 W 575 lat 296 296 351 0 exe 13648 14370 15277 resp 15574 0 pmu 789575 12584 6372301 6057183 36153651
1790339110.008484 W 576 lat 296 296 407 0 exe 13666 14370 15240 resp 15537 0 pmu 790227 12599 6377476 6058242 36161424
1790339111.048487 W 577 lat 296 296 388 0 exe 13814 14370 15277 resp 15574 0 pmu 790625 12594 6384937 6058212 36171806
1790339112.088485 W 578 lat 296 296 425 0 exe 13759 14370 15425 resp 15722 0 pmu 789533 12647 6371261 6059218 36188739
1790339113.024485 W 579 lat 296 296 388 0 exe 13777 14351 15481 resp 15796 0 pmu 789807 12527 6367313 6060639 36164010
1790339114.064486 W 580 lat 296 296 351 0 exe 13648 14370 15314 resp 15611 0 pmu 791558 12455 6383860 6061095 36234711
1790339115.000485 W 581 lat 296 296 351 0 exe 13740 14388 15370 resp 15666 0 pmu 791707 12583 6388622 6058423 36247114
1790339116.040485 W 582 lat 296 296 537 0 exe 13777 14388 15425 resp 15722 0 pmu 791140 12615 6386622 6059598 36235705
1790339117.080486 W 583 lat 296 296 333 0 exe 13703 14388 15277 resp 15592 0 pmu 791529 12623 6384060 6061359 36237758
1790339118.016485 W 584 lat 296 296 574 0 exe 13685 14407 15351 resp 15648 0 pmu 792005 12612 6386363 6058559 36253835
1790339119.056486 W 585 lat 296 296 333 0 exe 13759 14388 15203 resp 15499 0 pmu 792110 12621 6387808 6060391 36225355
1790339120.096484 W 586 lat 296 296 351 0 exe 13833 14388 15462 resp 15759 0 pmu 791113 12612 6376928 6057895 36222945
1790339121.032485 W 587 lat 296 296 351 0 exe 13777 14370 15351 resp 15648 0 pmu 790534 12503 6372133 6061057 36181816
1790339122.072486 W 588 lat 296 296 351 0 exe 13740 14370 15351 resp 15648 0 pmu 788522 12590 6357982 6059530 36166685
1790339123.008489 W 589 lat 296 296 351 0 exe 13722 14370 15407 resp 15703 0 pmu 789147 12596 6365336 6059355 36162271
1790339124.048486 W 590 lat 296 296 351 0 exe 13722 14370 15388 resp 15685 0 pmu 789336 12607 6372368 6059875 36200813
1790339125.088485 W 591 lat 296 296 425 0 exe 13722 14388 15333 resp 15629 0 pmu 789577 12632 6367524 6059641 36213897
1790339126.024485 W 592 lat 296 296 370 0 exe 13814 14370 15388 resp 15703 0 pmu 789074 12514 6365636 6059629 36166253
1790339127.064486 W 593 lat 296 296 388 0 exe 13740 14370 16074 resp 16370 0 pmu 789027 12651 6366628 6060302 36203382
1790339128.000489 W 594 lat 296 296 370 0 exe 13740 14462 16314 resp 16611 0 pmu 787750 13782 6355436 6066695 36419375
1790339129.040486 W 595 lat 296 296 388 0 exe 13629 14388 16092 resp 16388 0 pmu 789533 12681 6370032 6069623 36211344
1790339130.080489 W 596 lat 296 296 388 0 exe 13703 14370 15222 resp 15518 0 pmu 788450 12640 6357684 6066447 36182977
1790339131.016485 W 597 lat 296 296 370 0 exe 13740 14370 15388 resp 15685 0 pmu 789326 12625 6366088 6058089 36176891
1790339132.056485 W 598 lat 296 296 370 0 exe 13796 14370 15314 resp 15611 0 pmu 789399 12568 6367676 6059864 36186051
1790339133.096485 W 599 lat 296 296 388 0 exe 13814 14370 15240 resp 15537 0 pmu 788784 12588 6356932 6059467 36150495
1790339134.032486 W 600 lat 296 296 425 0 exe 13740 14370 15203 resp 15499 0 pmu 789956 12594 6365648 6058846 36187377
1790339135.072485 W 601 lat 296 296 388 0 exe 13722 14370 15444 resp 15740 0 pmu 789871 12575 6372692 6058291 36195372
1790339136.008485 W 602 lat 296 296 388 0 exe 13722 14351 15277 resp 15574 0 pmu 788443 12489 6358184 6060391 36131273
1790339137.048485 W 603 lat 296 296 351 0 exe 13777 14370 15129 resp 15444 0 pmu 789836 12538 6371152 6058581 36197521
1790339138.088487 W 604 lat 296 296 370 0 exe 13759 14388 15240 resp 15537 0 pmu 791114 12560 6385510 6057415 36242430
1790339139.024484 W 605 lat 296 296 333 0 exe 13759 14351 15351 resp 15648 0 pmu 788742 12354 6366714 6058402 36122990
1790339140.064486 W 606 lat 296 296 333 0 exe 13796 14351 15240 resp 15537 0 pmu 788725 12299 6366600 6059224 36104590
1790339141.000485 W 607 lat 296 296 370 0 exe 13777 14370 15222 resp 15518 0 pmu 789298 12530 6367600 6058300 36181987
1790339142.040485 W 608 lat 296 296 407 0 exe 13759 14370 15259 resp 15555 0 pmu 789471 12568 6367884 6058297 36180076
1790339143.080485 W 609 lat 296 296 333 0 exe 13685 14370 15351 resp 15648 0 pmu 789129 12561 6372966 6058881 36170399
1790339144.016486 W 610 lat 296 296 388 0 exe 13703 14351 15555 resp 15851 0 pmu 788479 12547 6368460 6059020 36161995
1790339145.056486 W 611 lat 296 296 388 0 exe 13703 14388 15333 resp 15666 0 pmu 790040 12629 6377638 6061255 36249846
1790339146.096485 W 612 lat 296 296 388 0 exe 13703 14370 15314 resp 15629 0 pmu 789109 12611 6366040 6059442 36206910
1790339147.032485 W 613 lat 296 296 351 0 exe 13740 14370 15351 resp 15666 0 pmu 789173 12574 6369992 6058918 36160599
1790339148.072483 W 614 lat 296 296 388 0 exe 13685 14370 15240 resp 15537 0 pmu 788744 12615 6363728 6059503 36153775
1790339149.008485 W 615 lat 296 296 425 0 exe 13722 14370 15277 resp 15574 0 pmu 789507 12663 6369442 6058216 36168384
1790339150.048487 W 616 lat 296 296 388 0 exe 13777 14370 15388 resp 15685 0 pmu 789819 12543 6370450 6058948 36170833
1790339151.088485 W 617 lat 296 296 388 0 exe 13777 14351 15314 resp 15629 0 pmu 788650 12553 6368355 6060145 36152897
1790339152.028476 W 618 lat 296 296 351 0 exe 13796 14370 15277 resp 15574 0 pmu 789336 12541 6373676 6059419 36148251
1790339153.064485 W 619 lat 296 296 370 0 exe 13796 14351 15296 resp 15592 0 pmu 789109 12554 6370270 6059007 36146723
1790339154.004487 W 620 lat 296 296 370 0 exe 13759 14370 15277 resp 15574 0 pmu 789368 12651 6369622 6059083 36208033
1790339155.044485 W 621 lat 296 296 370 0 exe 13703 14351 15222 resp 15518 0 pmu 788445 12493 6363569 6058822 36142983
1790339156.084486 W 622 lat 296 296 407 0 exe 13611 14370 15388 resp 15685 0 pmu 789280 12560 6366683 6057808 36183626
1790339157.020548 W 623 lat 296 296 388 0 exe 13722 14370 15296 resp 15592 0 pmu 788131 12598 6355704 6059326 36146441
1790339158.064509 W 624 lat 296 296 759 0 exe 12870 14925 97944 resp 98425 0 pmu 789153 18575 6366114 6058900 38380713
1790339159.000477 W 625 lat 296 296 333 0 exe 12814 13259 13722 resp 14037 0 pmu 789580 28 6368590 6886711 33865176
1790339159.208514 Closing cell "rt-bench"
1790339159.208576 [MG] Initializing memguard on CPU 2
1790339159.208603 [MG] Initializing memguard on CPU 3
1790339159.208636 [SMMUv2] Exiting SMMUv2 on cell 1
1790339159.208674 Page pool usage after cell destruction: mem 83/4061, remap 5/131072
1790339159.208701 [MG] Initializing memguard on CPU 2
1790339159.208731 [MG] Initializing memguard on CPU 3
1790339159.312550 [MG] Initializing memguard on CPU 2
1790339159.312626 [MG] Initializing memguard on CPU 3
1790339159.312717 [COL] Colored OP 0: PHYS 0x30000000 -> VIRT 0x00000000 (SIZE: 0x00400000, COL: 0x000000ff, extra: 0x0000000000000000)
1790339159.312742 [COL] Result: 0
1790339159.312766 [MG] Initializing memguard on CPU 2
1790339159.312797 [MG] Initializing memguard on CPU 3
1790339159.312818 Created cell "rt-bench"
1790339159.312849 Page pool usage after cell creation: mem 98/4061, remap 5/131072
1790339159.312880 [MG] Initializing memguard on CPU 2
1790339159.312940 [COL] Colored OP 3: PHYS 0x30000000 -> VIRT 0x00000000 (SIZE: 0x00400000, COL: 0x000000ff, extra: 0x0000000000000000)
1790339159.312970 [MG] Initializing memguard on CPU 3
1790339159.312986 [COL] Result: 0
1790339159.313006 Cell "rt-bench" can be loaded
1790339159.313065 [COL] Colored OP 2: PHYS 0x30000000 -> VIRT 0x00000000 (SIZE: 0x00400000, COL: 0x000000ff, extra: 0x0000000000000000)
1790339159.313084 [COL] Result: 0
1790339159.313140 [COL] Colored OP 4: PHYS 0x30000000 -> VIRT 0x00000000 (SIZE: 0x00400000, COL: 0x000000ff, extra: 0x0000000000000001)
1790339159.313164 [COL] Result: 0
1790339159.313183 Started cell "rt-bench"
1790339159.313211 [MG] Initializing memguard on CPU 2
1790339159.313235 [MG] Initializing memguard on CPU 3
1790339159.313262 rt-bench: ws 768 KB, 1024 loads/period, window 1000
