1790338532.736325 CONFIG ondemand 1500000
1790338539.030767 START e3 idle 1
1790338599.042252 END e3 idle 1 0
1790338601.053489 START e3 cache 1
1790338661.085185 END e3 cache 1 0
1790338663.095165 START e3 stream 1
1790338723.163474 END e3 stream 1 0
1790338725.175448 START e3 vm 1
1790338785.200143 END e3 vm 1 0
1790338787.211336 START e3 pwalk 1
1790338847.042835 END e3 pwalk 1 0
1790338849.056263 START e3 idle 2
1790338909.063146 END e3 idle 2 0
1790338911.074125 START e3 cache 2
1790338971.104006 END e3 cache 2 0
1790338973.113555 START e3 stream 2
1790339033.169159 END e3 stream 2 0
1790339035.221575 START e3 vm 2
1790339095.332614 END e3 vm 2 0
1790339097.343317 START e3 pwalk 2
1790339157.085917 END e3 pwalk 2 0
