1790342979.130144 CONFIG performance 2400000
1790342985.339542 START s1 idle 1
1790343285.346440 END s1 idle 1 0
1790343285.365406 START s3 idle 1
1790343345.374353 END s3 idle 1 0
1790343347.392943 START s3 cache 1
1790343407.420245 END s3 cache 1 0
1790343409.439103 START s3 stream 1
1790343469.485081 END s3 stream 1 0
1790343471.503836 START s3 memcpy 1
1790343531.537254 END s3 memcpy 1 0
1790343533.557684 START s3 vm 1
1790343593.672723 END s3 vm 1 0
1790343595.689389 START s3 pwalk 1
1790343655.127962 END s3 pwalk 1 0
1790343657.147268 START s3 idle 2
1790343717.154058 END s3 idle 2 0
1790343719.172880 START s3 cache 2
1790343779.197465 END s3 cache 2 0
1790343781.219215 START s3 stream 2
1790343841.263475 END s3 stream 2 0
1790343843.282646 START s3 memcpy 2
1790343903.317844 END s3 memcpy 2 0
1790343905.337131 START s3 vm 2
1790343965.463800 END s3 vm 2 0
1790343967.508025 START s3 pwalk 2
1790344027.096083 END s3 pwalk 2 0
1790344029.114758 START s3 idle 3
1790344089.123239 END s3 idle 3 0
1790344091.141052 START s3 cache 3
1790344151.166225 END s3 cache 3 0
1790344153.185590 START s3 stream 3
1790344213.224431 END s3 stream 3 0
1790344215.245755 START s3 memcpy 3
1790344275.276532 END s3 memcpy 3 0
1790344277.295760 START s3 vm 3
1790344337.418188 END s3 vm 3 0
1790344339.437466 START s3 pwalk 3
1790344399.120590 END s3 pwalk 3 0
1790352390.735590 CONFIG performance 2400000
1790357558.960174 CONFIG performance 2400000
1790359423.815947 CONFIG performance 2400000
