1790357613.563587 <missed 13348 bytes of console log>
1790357613.563710 S 0x30000000 -> VIRT 0x00000000 (SIZE: 0x00400000, COL: 0x0000ffff, extra: 0x0000000000000001)
1790357613.563734 [COL] Result: 0
1790357613.563755 Started cell "rt-bench"
1790357613.563780 [MG] Initializing memguard on CPU 3
1790357613.563811 rt-bench: ws 768 KB, 1024 loads/period, window 1000
1790357613.563860 W 0 lat 314 462 925 0 exe 19129 25055 129407 resp 129814 23 pmu 794162 57995 6400641 5307521 45700251
1790357613.563910 W 1 lat 277 314 648 0 exe 13129 16092 126759 resp 127277 10 pmu 790829 24384 6381341 7284566 40958857
1790357613.563959 W 2 lat 277 296 537 0 exe 13148 14722 104055 resp 104407 1 pmu 787467 13284 6348156 7181646 38614823
1790357613.564006 W 3 lat 277 296 407 0 exe 13074 13648 22481 resp 22777 0 pmu 788497 1300 6358862 6946277 35089861
1790357613.564054 W 4 lat 296 296 648 0 exe 13092 14666 92722 resp 93018 0 pmu 788183 12715 6354243 6123833 37847764
1790357613.564101 W 5 lat 296 296 351 0 exe 13203 13592 17166 resp 17481 0 pmu 790525 447 6371369 6832728 34786146
1790357613.564152 W 6 lat 277 518 3314 0 exe 13222 72462 398277 resp 400907 153 pmu 789675 338393 6378570 6071375 228160986
1790357613.564205 W 7 lat 296 314 2370 0 exe 13092 15574 227870 resp 228203 9 pmu 788920 13060 6359344 10204345 43754449
1790357613.564255 W 8 lat 296 314 1333 0 exe 13185 23648 114259 resp 114870 6 pmu 797664 109422 6433365 8197713 67649792
1790357613.564302 W 9 lat 277 296 351 0 exe 13092 13592 16555 resp 16870 0 pmu 789047 384 6359672 7098785 34887679
1790357613.564323 Closing cell "rt-bench"
1790357613.564347 [MG] Initializing memguard on CPU 3
1790357613.564371 [SMMUv2] Exiting SMMUv2 on cell 1
1790357613.564440 [COL] Colored OP 1: PHYS 0x30000000 -> VIRT 0x00000000 (SIZE: 0x00400000, COL: 0x0000ffff, extra: 0x0000000000000000)
1790357613.564463 [COL] Result: 0
1790357613.564515 [COL] Colored OP 4: PHYS 0x30000000 -> VIRT 0x00000000 (SIZE: 0x00400000, COL: 0x0000ffff, extra: 0x0000000000000001)
1790357613.564535 [COL] Result: 0
1790357613.564570 Page pool usage after cell destruction: mem 85/4061, remap 5/131072
1790357613.564595 [MG] Initializing memguard on CPU 3
1790357613.564619 [MG] Initializing memguard on CPU 3
1790357613.564643 [MG] Initializing memguard on CPU 3
1790357613.564663 Created cell "rt-bench"
1790357613.564697 Page pool usage after cell creation: mem 94/4061, remap 5/131072
1790357613.564722 [MG] Initializing memguard on CPU 3
1790357613.564744 Cell "rt-bench" can be loaded
1790357613.564764 Started cell "rt-bench"
1790357613.564788 [MG] Initializing memguard on CPU 3
1790357613.564818 rt-bench: ws 256 KB, 1024 loads/period, window 1000
1790357614.600498 W 0 lat 333 462 1018 0 exe 6129 9333 52740 resp 53240 0 pmu 8694 4562 82372 5307520 17100135
1790357615.536503 W 1 lat 296 296 1092 0 exe 5592 6037 45333 resp 46425 0 pmu 4945 2961 46419 6374817 16831189
1790357616.576473 W 2 lat 296 296 314 0 exe 5592 5611 6037 resp 6333 0 pmu 85 22 4896 6284070 14850293
1790357617.616503 W 3 lat 296 296 425 0 exe 5592 5759 31462 resp 31888 0 pmu 2514 1483 25284 5880697 15556843
1790357618.552481 W 4 lat 296 296 462 0 exe 5592 5629 8370 resp 8666 0 pmu 723 152 10240 6137271 14907993
1790357619.596533 W 5 lat 296 296 518 0 exe 5592 5740 29055 resp 29462 0 pmu 1922 1242 20264 5905049 15459398
1790357620.636491 W 6 lat 296 296 444 0 exe 5592 5962 35814 resp 36185 0 pmu 5494 3410 50300 6113379 16872998
1790357621.572490 W 7 lat 296 296 481 0 exe 5592 5759 33537 resp 33851 0 pmu 2746 1546 27277 6181602 15764293
1790357622.612457 W 8 lat 296 296 314 0 exe 5592 5611 6055 resp 6351 0 pmu 90 36 4879 6157858 14774679
1790357623.548487 W 9 lat 296 296 481 0 exe 5592 5740 28314 resp 28629 0 pmu 1954 1223 20375 5881037 15463161
1790357624.588457 W 10 lat 296 296 314 0 exe 5592 5611 6129 resp 6425 0 pmu 76 14 4708 6105327 14740814
1790357625.632488 W 11 lat 296 296 425 0 exe 5592 5740 29888 resp 30222 0 pmu 1830 1313 19489 5881619 15439286
1790357626.568465 W 12 lat 296 296 407 0 exe 5592 5611 6777 resp 7074 0 pmu 322 51 6740 6120891 14783368
1790357627.608489 W 13 lat 296 296 407 0 exe 5592 5759 37518 resp 37814 0 pmu 2026 1371 21159 5888724 15505601
1790357628.544462 W 14 lat 296 296 333 0 exe 5592 5611 5944 resp 6240 0 pmu 99 22 4897 6197093 14797698
1790357629.584488 W 15 lat 296 296 574 0 exe 5592 5722 29481 resp 30055 0 pmu 1640 1147 17835 5880033 15390259
1790357630.624457 W 16 lat 296 296 314 0 exe 5592 5611 5962 resp 6259 0 pmu 73 10 4716 6118703 14747372
1790357631.560486 W 17 lat 296 296 425 0 exe 5592 5740 30351 resp 30648 0 pmu 1824 1196 19424 5880084 15425390
1790357632.600459 W 18 lat 296 296 314 0 exe 5592 5611 6166 resp 6462 0 pmu 109 48 5020 6125296 14759171
1790357633.540486 W 19 lat 296 296 425 0 exe 5592 5740 32388 resp 32685 0 pmu 1974 1335 20564 5882063 15457390
1790357634.580459 W 20 lat 296 296 314 0 exe 5592 5611 6333 resp 6629 0 pmu 168 30 5468 6145805 14777599
1790357635.620484 W 21 lat 296 296 481 0 exe 5592 5740 33259 resp 33740 0 pmu 1896 1318 20144 5883826 15449446
1790357636.556464 W 22 lat 296 296 314 0 exe 5592 5611 6148 resp 6444 0 pmu 307 53 6624 6155649 14799892
1790357637.600484 W 23 lat 296 296 851 0 exe 5592 5740 33629 resp 34481 0 pmu 1920 1325 20347 5881973 15458811
1790357638.536457 W 24 lat 296 296 314 0 exe 5592 5611 6240 resp 6537 0 pmu 154 36 5388 6163059 14787207
1790357639.576487 W 25 lat 296 296 518 0 exe 5592 5740 29592 resp 30092 0 pmu 1929 1374 20456 5882878 15459398
1790357640.616459 W 26 lat 296 296 314 0 exe 5592 5611 6277 resp 6574 0 pmu 112 33 4993 6119332 14752096
1790357641.552490 W 27 lat 296 296 481 0 exe 5592 5740 31351 resp 31759 0 pmu 1866 1181 19828 5883272 15427844
1790357642.592457 W 28 lat 296 296 314 0 exe 5592 5611 6240 resp 6537 0 pmu 134 35 5248 6136265 14765635
1790357643.528488 W 29 lat 296 296 444 0 exe 5592 5722 29129 resp 29537 0 pmu 1760 1211 18980 5882899 15415750
1790357644.568456 W 30 lat 296 296 314 0 exe 5592 5611 6092 resp 6388 0 pmu 87 11 4788 6113743 14746451
1790357645.608486 W 31 lat 296 296 481 0 exe 5592 5740 31129 resp 31611 0 pmu 1834 1220 19520 5881316 15427179
1790357646.544456 W 32 lat 296 296 314 0 exe 5592 5611 5907 resp 6203 0 pmu 87 25 4780 6134270 14758313
1790357647.584487 W 33 lat 296 296 685 0 exe 5592 5740 30277 resp 30703 0 pmu 1863 1304 19710 5879450 15435405
1790357648.624462 W 34 lat 296 296 314 0 exe 5592 5611 6444 resp 6740 0 pmu 265 44 6212 6126608 14779441
1790357649.560487 W 35 lat 296 296 462 0 exe 5592 5759 35814 resp 36129 0 pmu 2030 1337 21148 5884871 15506706
1790357650.600467 W 36 lat 296 296 314 0 exe 5592 5611 5999 resp 6296 0 pmu 80 13 4684 6180424 14784158
1790357651.536488 W 37 lat 296 296 388 0 exe 5592 5740 36092 resp 36388 0 pmu 1682 1185 18044 5880389 15428080
1790357652.576459 W 38 lat 296 296 314 0 exe 5592 5611 6148 resp 6444 0 pmu 208 38 5752 6182565 14803492
1790357653.620487 W 39 lat 296 296 425 0 exe 5592 5740 32111 resp 32425 0 pmu 1878 1322 19985 5881887 15448232
1790357654.556460 W 40 lat 296 296 314 0 exe 5592 5611 6277 resp 6574 0 pmu 187 26 5612 6143068 14777640
1790357655.596489 W 41 lat 296 296 407 0 exe 5592 5722 30685 resp 30981 0 pmu 1718 1168 18528 5883287 15416461
1790357656.532457 W 42 lat 296 296 333 0 exe 5592 5611 6055 resp 6351 0 pmu 85 27 4813 6128538 14755478
1790357657.572487 W 43 lat 296 296 870 0 exe 5592 5759 32425 resp 32722 0 pmu 1909 1402 20132 5881094 15484542
1790357658.612463 W 44 lat 296 296 314 0 exe 5592 5611 6370 resp 6666 0 pmu 139 30 5274 6148376 14773381
1790357659.548488 W 45 lat 296 296 611 0 exe 5592 5722 28148 resp 28444 0 pmu 1723 1226 18678 5884223 15404531
1790357660.588460 W 46 lat 296 296 314 0 exe 5592 5611 6037 resp 6333 0 pmu 197 30 5676 6104158 14754714
1790357661.628491 W 47 lat 296 296 407 0 exe 5592 5740 28648 resp 28944 0 pmu 1774 1207 18904 5880862 15419914
1790357662.564460 W 48 lat 296 296 314 0 exe 5592 5611 6055 resp 6351 0 pmu 109 34 5024 6108276 14746974
1790357663.604488 W 49 lat 296 296 407 0 exe 5592 5722 33277 resp 33611 0 pmu 1688 1176 18381 5880971 15408349
1790357664.540462 W 50 lat 296 296 314 0 exe 5592 5611 6518 resp 6814 0 pmu 145 39 5281 6154710 14778196
1790357665.580486 W 51 lat 296 296 722 0 exe 5592 5759 34444 resp 34870 0 pmu 1918 1292 20156 5885607 15479151
1790357666.620460 W 52 lat 296 296 314 0 exe 5592 5611 6129 resp 6425 0 pmu 130 24 5204 6168590 14784054
1790357667.556488 W 53 lat 296 296 407 0 exe 5592 5740 31499 resp 31833 0 pmu 1847 1320 19828 5881635 15447999
1790357668.596456 W 54 lat 296 296 314 0 exe 5592 5611 5962 resp 6259 0 pmu 83 9 4704 6137033 14758717
1790357669.532498 W 55 lat 296 296 444 0 exe 5592 5722 27999 resp 28314 0 pmu 1791 1195 19136 5880059 15413917
1790357670.572462 W 56 lat 296 296 333 0 exe 5592 5611 6074 resp 6370 0 pmu 163 19 5476 6102029 14747531
1790357671.612488 W 57 lat 296 296 555 0 exe 5592 5740 36740 resp 37111 0 pmu 1833 1286 19619 5881317 15450739
1790357672.548461 W 58 lat 296 296 314 0 exe 5592 5611 6277 resp 6574 0 pmu 189 40 5679 6190394 14805454
1790357673.588487 W 59 lat 296 296 833 0 exe 5592 5740 27129 resp 27444 0 pmu 1786 1211 19282 5883281 15427778
1790357674.628457 W 60 lat 296 296 314 0 exe 5592 5611 6148 resp 6462 0 pmu 116 22 4988 6095373 14738415
1790357675.564488 W 61 lat 296 296 351 0 exe 5592 5740 30129 resp 30481 0 pmu 1745 1262 18786 5882001 15419103
1790357676.604463 W 62 lat 296 296 314 0 exe 5592 5611 6129 resp 6425 0 pmu 196 22 5740 6122956 14763063
1790357677.540496 W 63 lat 296 296 425 0 exe 5592 5722 29444 resp 29759 0 pmu 1805 1178 19260 5881745 15420694
1790357678.580464 W 64 lat 296 296 407 0 exe 5592 5611 6444 resp 6740 0 pmu 287 43 6504 6116370 14771834
1790357679.624500 W 65 lat 296 296 407 0 exe 5592 5740 29907 resp 30203 0 pmu 1767 1197 18823 5885375 15422205
1790357680.560462 W 66 lat 296 296 388 0 exe 5592 5648 11129 resp 11425 0 pmu 1005 401 12508 6120911 15012722
1790357681.604488 W 67 lat 296 296 518 0 exe 5592 5740 35870 resp 36240 0 pmu 1783 1247 19278 5932279 15465682
1790357682.556515 W 68 lat 277 2166 9037 0 exe 5611 90962 459648 resp 466388 237 pmu 214945 217634 1798427 6182300 257736078
1790357683.600790 W 69 lat 296 3518 9703 0 exe 6074 218296 466111 resp 470999 701 pmu 445867 455885 3692471 10932053 589700981
1790357684.548862 W 70 lat 296 2944 8888 0 exe 5999 139592 425685 resp 429240 428 pmu 280605 288123 2335918 11635794 387060229
1790357685.604771 W 71 lat 296 2777 9425 0 exe 5574 130629 433814 resp 438388 414 pmu 272208 279224 2265839 10823895 366406909
1790357686.544691 W 72 lat 314 3333 9185 0 exe 6240 184999 525407 resp 529351 574 pmu 378836 387564 3134137 10865741 499379540
1790357687.592731 W 73 lat 296 2518 8981 0 exe 6203 94999 429962 resp 435166 283 pmu 194332 199732 1619764 12054582 279676053
1790357688.540751 W 74 lat 407 3425 9222 0 exe 5592 192666 518851 resp 525777 604 pmu 398753 407449 3301145 10651978 519536765
1790357689.592010 W 75 lat 277 2907 9833 0 exe 6055 131351 492888 resp 499055 414 pmu 274925 281823 2287086 12040565 369872406
1790357690.528753 W 76 lat 314 3222 19592 0 exe 5592 176777 550888 resp 555148 536 pmu 356994 364912 2954060 11472899 480967718
1790357691.592529 W 77 lat 296 3407 9277 0 exe 5592 186185 403666 resp 408555 604 pmu 386058 396187 3200662 12319138 508801281
1790357692.532838 W 78 lat 296 3277 8944 0 exe 6129 177444 497907 resp 504740 582 pmu 388682 398197 3228887 10846088 490977751
1790357693.584690 W 79 lat 296 2814 8444 0 exe 5888 133277 443944 resp 450055 409 pmu 258640 265226 2144895 11754538 365082204
1790357694.632706 W 80 lat 296 3277 9351 0 exe 6555 181092 555203 resp 559851 550 pmu 387353 396068 3214968 10984633 499801899
1790357695.572708 W 81 lat 296 3518 8870 0 exe 6037 202277 536166 resp 541037 647 pmu 418014 428216 3454080 12339577 548298902
1790357696.620861 W 82 lat 314 3277 8037 0 exe 5962 179425 563055 resp 568574 529 pmu 361455 368857 2999731 12252035 488143284
1790357697.560789 W 83 lat 314 3722 8888 0 exe 5685 227074 529111 resp 535685 747 pmu 480867 493113 3986997 12405056 613616543
1790357698.612860 W 84 lat 296 2999 7888 0 exe 5888 159870 461592 resp 465259 492 pmu 317802 324647 2634277 12313418 439020923
1790357699.560920 W 85 lat 296 3499 9259 0 exe 5814 188925 418296 resp 421796 610 pmu 395644 405511 3280865 11280295 515086129
1790357700.604801 W 86 lat 277 3611 9703 0 exe 5870 242074 559314 resp 565592 735 pmu 482437 493084 3993867 11001041 651256323
1790357701.548797 W 87 lat 296 3351 9555 0 exe 5574 181722 562481 resp 571111 573 pmu 377768 387391 3133324 12693429 492764971
1790357702.592606 W 88 lat 296 3481 8370 0 exe 5999 209685 546259 resp 552851 629 pmu 417712 426504 3464036 12432021 565266498
1790357703.536879 W 89 lat 314 3592 9425 0 exe 6462 205018 559703 resp 564722 656 pmu 442801 453121 3668581 12396162 561539069
1790357704.588930 W 90 lat 296 3592 9870 0 exe 5592 222370 552611 resp 559574 696 pmu 447358 456523 3698061 12507724 594892322
1790357705.532863 W 91 lat 296 3203 9574 0 exe 5833 164592 481537 resp 484999 552 pmu 346673 355641 2875950 12530747 457560509
1790357706.588728 W 92 lat 314 3388 8370 0 exe 5962 184222 518555 resp 523333 599 pmu 382898 390599 3164161 11511587 502477165
1790357707.544788 W 93 lat 296 3222 9703 0 exe 6722 162555 408740 resp 414222 529 pmu 332742 340857 2761067 11981796 447187393
1790357708.592769 W 94 lat 277 2777 8185 0 exe 6203 122870 450166 resp 454444 392 pmu 258954 264297 2143439 10787992 348571244
1790357709.532744 W 95 lat 314 3314 10333 0 exe 6111 165185 434314 resp 438796 549 pmu 355404 363819 2940712 10985799 451228461
1790357710.592763 W 96 lat 296 2537 8888 0 exe 5611 123629 442796 resp 448518 388 pmu 258072 263839 2149802 11052439 350374830
1790357711.536757 W 97 lat 296 3129 8092 0 exe 5907 190018 438222 resp 442722 593 pmu 371036 379736 3062217 10922581 513575873
1790357712.588644 W 98 lat 296 3462 9629 0 exe 6481 202925 467111 resp 471111 640 pmu 408508 417394 3385816 11203338 548437781
1790357713.632799 W 99 lat 333 3740 8981 0 exe 7074 230666 535037 resp 541685 760 pmu 489970 500786 4051695 11566737 626964987
1790357714.580765 W 100 lat 296 3574 9018 0 exe 5574 227814 581388 resp 586944 671 pmu 452859 462130 3739079 12399256 608929868
1790357715.632688 W 101 lat 296 3777 9092 0 exe 5592 246592 576185 resp 580777 778 pmu 489123 500870 4055892 12834999 659493056
1790357716.580858 W 102 lat 314 3777 10166 0 exe 6425 247777 541129 resp 545037 791 pmu 503916 514947 4169027 12873605 667049664
1790357717.628705 W 103 lat 296 3555 9370 0 exe 5796 219407 525314 resp 531333 701 pmu 442586 453399 3666536 12534887 592833601
1790357718.576944 W 104 lat 314 3277 10518 0 exe 5592 184574 537222 resp 544796 572 pmu 372156 380458 3089330 12236714 502029292
1790357719.632769 W 105 lat 296 3037 8796 0 exe 6037 145722 416629 resp 420240 473 pmu 299196 306608 2472777 12192375 406398129
1790357720.580918 W 106 lat 351 3481 8888 0 exe 5592 204833 541648 resp 547351 629 pmu 417634 425965 3459989 10765243 550553430
1790357721.636818 W 107 lat 333 3777 10833 0 exe 5981 235074 547462 resp 554074 733 pmu 482121 493045 3991593 12322469 632897340
1790357722.580745 W 108 lat 314 4092 9870 0 exe 6018 280296 562333 resp 568166 881 pmu 569219 581670 4705510 12549908 747754679
1790357723.628863 W 109 lat 314 4166 8833 0 exe 6777 294185 551851 resp 555740 922 pmu 583142 596637 4826912 12917728 782189693
1790357724.580618 W 110 lat 592 4444 8777 0 exe 5925 332499 580555 resp 584481 968 pmu 673332 686300 5576413 12871880 875867327
1790357725.628900 W 111 lat 407 4277 9351 0 exe 6629 308722 557666 resp 563407 917 pmu 624097 638248 5177333 13348761 820527640
1790357726.576828 W 112 lat 388 4351 9018 0 exe 11092 312277 569537 resp 576333 972 pmu 633372 646932 5243667 13014866 828470677
1790357727.628889 W 113 lat 462 4388 10962 0 exe 5981 323592 566018 resp 569833 947 pmu 651604 665637 5401597 13177513 857768581
1790357728.576714 W 114 lat 777 4481 10574 0 exe 7425 334962 561537 resp 568555 961 pmu 677924 691653 5620328 13168761 883334695
1790357729.628813 W 115 lat 296 3499 10259 0 exe 6407 252240 542222 resp 546722 833 pmu 531877 545060 4404811 13203828 683090570
1790357730.572726 W 116 lat 351 3648 9574 0 exe 6222 217851 534722 resp 541499 693 pmu 449574 459640 3722976 12569687 588699362
1790357731.616901 W 117 lat 296 3407 8685 0 exe 6851 203962 532777 resp 538574 639 pmu 406268 415447 3361784 12330983 551253631
1790357732.564767 W 118 lat 296 3185 9092 0 exe 5592 164370 420296 resp 423333 532 pmu 341348 349908 2829654 12233991 456469109
1790357733.620551 W 119 lat 296 3370 9240 0 exe 6518 204333 566166 resp 572574 597 pmu 397556 405981 3292436 10892060 546847283
1790357734.564690 W 120 lat 296 3425 8444 0 exe 5574 201537 522277 resp 528296 646 pmu 415834 425653 3437467 12574018 546268121
1790357735.608741 W 121 lat 351 3518 9888 0 exe 5592 209796 520259 resp 524481 686 pmu 448616 459218 3721598 12110841 573741821
1790357736.556683 W 122 lat 314 2407 9296 0 exe 5592 74833 407407 resp 411425 218 pmu 145317 149178 1205628 12129512 219647321
1790357737.604802 W 123 lat 296 3685 9666 0 exe 6185 255129 556277 resp 560425 776 pmu 506584 517877 4202445 10318015 684707478
1790357738.552794 W 124 lat 314 3296 8888 0 exe 5759 183777 484351 resp 490722 580 pmu 367303 376534 3039578 12719691 498454049
1790357739.608693 W 125 lat 333 3499 9240 0 exe 5611 210685 544685 resp 551481 655 pmu 430819 440169 3571377 11647143 569059804
1790357740.544695 W 126 lat 296 2870 8629 0 exe 6166 123851 541555 resp 550185 391 pmu 259129 265898 2148939 12388313 351172097
1790357741.592554 W 127 lat 314 3574 9055 0 exe 6018 199888 526314 resp 532425 637 pmu 425343 435308 3527256 11929182 541751588
1790357742.532498 W 128 lat 277 833 8833 0 exe 5592 30074 388592 resp 391555 83 pmu 62314 62541 517367 12147717 95205061
1790357743.572491 W 129 lat 277 296 407 0 exe 5592 5722 24555 resp 24851 0 pmu 1799 1072 19215 9887985 17786859
1790357744.616761 W 130 lat 296 2518 6611 0 exe 5592 236666 420629 resp 424370 689 pmu 682197 631879 5685998 6069501 617807702
1790357745.556769 W 131 lat 592 3388 6722 0 exe 272851 346870 420962 resp 423814 1000 pmu 1014021 941357 8437855 11245968 906672804
1790357746.608762 W 132 lat 740 3444 6222 0 exe 281962 352814 429296 resp 433981 1000 pmu 1013652 941189 8434685 13138504 921868793
1790357747.560767 W 133 lat 1111 3481 6759 0 exe 134833 346388 416777 resp 419722 1000 pmu 1001473 928109 8312005 13304797 906034617
1790357748.620740 W 134 lat 740 3425 7240 0 exe 145518 347740 413407 resp 418074 1000 pmu 1011381 938499 8420177 12407898 909394858
1790357749.556762 W 135 lat 1722 3499 6555 0 exe 273870 346851 423425 resp 427499 1000 pmu 1015353 941498 8438944 12443193 907663536
1790357750.600745 W 136 lat 1648 3481 6296 0 exe 277925 346944 418407 resp 422222 1000 pmu 1013066 940678 8427943 13179810 907707843
1790357751.536766 W 137 lat 1222 3333 6870 0 exe 147037 338962 439462 resp 443666 1000 pmu 991618 920841 8248962 13147244 887275096
1790357752.576733 W 138 lat 1666 3518 7759 0 exe 266092 351333 417944 resp 423833 1000 pmu 1013534 941084 8438154 12665394 917830777
1790357753.616748 W 139 lat 1703 3425 6796 0 exe 280777 350777 414555 resp 419259 1000 pmu 1014208 940728 8442981 13123425 917399858
1790357754.556765 W 140 lat 1259 3425 7407 0 exe 146240 347555 437462 resp 442574 1000 pmu 1003794 930899 8349639 13149131 908718512
1790357755.596781 W 141 lat 1537 3444 7888 0 exe 135037 349518 420388 resp 424203 1000 pmu 1008669 935621 8383475 12692206 913619693
1790357756.540781 W 142 lat 1851 3499 6814 0 exe 275462 351018 422370 resp 425777 1000 pmu 1013084 939335 8426229 12472654 917243058
1790357757.592779 W 143 lat 1462 3499 6629 0 exe 141629 349407 419037 resp 422444 1000 pmu 1008953 935007 8384492 13196530 913815397
1790357758.532784 W 144 lat 685 3333 7518 0 exe 119055 344296 418648 resp 424037 1000 pmu 1003595 929710 8342048 12483121 900528067
1790357759.572762 W 145 lat 1203 3499 6296 0 exe 205129 347740 435740 resp 439111 1000 pmu 1015237 942348 8439840 12350291 909636564
1790357760.616752 W 146 lat 1777 3462 6648 0 exe 274129 345999 412166 resp 416240 1000 pmu 1012311 937797 8422286 12956112 905422288
1790357761.552755 W 147 lat 925 3518 7481 0 exe 148222 343555 412759 resp 417333 1000 pmu 1008229 934360 8382427 13064731 899764654
1790357762.592771 W 148 lat 1333 3518 6370 0 exe 150611 346074 417722 resp 421407 1000 pmu 1007117 933320 8376092 12431567 904171063
1790357763.632767 W 149 lat 1629 3444 6481 0 exe 264611 350981 429796 resp 434240 1000 pmu 1014347 942182 8429054 12497654 917029709
1790357764.568773 W 150 lat 1222 3462 6222 0 exe 143555 348925 416537 resp 422759 1000 pmu 1009582 934436 8390204 13218456 912244772
1790357765.612764 W 151 lat 1166 3462 7055 0 exe 146296 348759 410981 resp 414481 1000 pmu 1006996 935818 8373817 12475948 911717608
1790357766.548794 W 152 lat 1444 3444 7296 0 exe 140166 348796 417499 resp 422148 1000 pmu 1008761 934233 8387663 12423655 911475484
1790357767.588779 W 153 lat 1425 3462 6851 0 exe 214277 349537 427037 resp 433018 1000 pmu 1008506 940597 8386379 12466614 913752813
1790357768.628745 W 154 lat 1129 3425 7425 0 exe 129481 346407 416629 resp 419537 1000 pmu 1002977 928513 8337885 12940694 905892990
1790357769.564636 W 155 lat 1611 3462 7518 0 exe 135481 350703 424092 resp 429833 1000 pmu 1009918 937056 8398954 12382806 916327809
1790357770.604761 W 156 lat 1611 3481 7111 0 exe 276518 351203 425814 resp 431277 1000 pmu 1013790 939879 8426370 12526043 918202799
1790357771.560772 W 157 lat 944 3425 7259 0 exe 148907 350740 424444 resp 428296 1000 pmu 1009783 935881 8392745 13247629 916727623
1790357772.608768 W 158 lat 870 3444 6648 0 exe 131351 344962 413666 resp 417722 1000 pmu 1009164 937119 8398926 12582745 902888623
1790357773.560776 W 159 lat 1166 3518 8425 0 exe 144518 345518 413888 resp 419870 1000 pmu 1008782 936514 8392936 12355899 903742300
1790357774.604748 W 160 lat 1351 3444 7925 0 exe 129518 344148 417740 resp 421962 1000 pmu 1008991 935980 8389441 12447087 901079733
1790357775.544771 W 161 lat 1129 3499 6851 0 exe 133851 344518 415648 resp 420314 1000 pmu 1009416 934912 8395324 12392967 901412054
1790357776.608766 W 162 lat 1499 3425 6777 0 exe 177462 343388 426074 resp 429203 1000 pmu 1006218 937524 8367313 12391514 898919777
1790357777.556774 W 163 lat 1314 3499 7999 0 exe 145833 343259 421407 resp 425629 1000 pmu 1007924 931444 8388939 12701894 898443217
1790357778.608755 W 164 lat 1351 3462 6629 0 exe 138574 347722 421518 resp 426407 1000 pmu 1008461 936260 8383478 12507335 908513419
1790357779.568781 W 165 lat 925 3444 7018 0 exe 128981 349203 410740 resp 414962 1000 pmu 1010553 938599 8422356 12490904 912502782
1790357780.620759 W 166 lat 1296 3425 6092 0 exe 127759 347907 422425 resp 426648 1000 pmu 1008112 935108 8392397 12338766 909925032
1790357781.572767 W 167 lat 1407 3462 5981 0 exe 148129 348796 429240 resp 434518 1000 pmu 1010566 935797 8402169 12440390 911685255
1790357782.616804 W 168 lat 1462 3462 6203 0 exe 154555 348166 410685 resp 416129 1000 pmu 1008074 935284 8387444 12620248 910587545
1790357783.569796 W 169 lat 1537 3481 6833 0 exe 268592 351666 422574 resp 425574 1000 pmu 1014043 941514 8445195 12465829 918885471
1790357784.616754 W 170 lat 925 3370 6425 0 exe 149259 345314 427259 resp 430129 1000 pmu 1002659 932142 8343186 13163933 903899302
1790357785.552759 W 171 lat 962 3481 7296 0 exe 128870 350351 427203 resp 431111 1000 pmu 1008732 935669 8393667 12575920 915567588
1790357786.592747 W 172 lat 1462 3444 6944 0 exe 134870 349962 413537 resp 417240 1000 pmu 1010937 938304 8410599 12508998 914931970
1790357787.532782 W 173 lat 1370 3481 6629 0 exe 158611 348537 421740 resp 426370 1000 pmu 1009315 934562 8397722 12399853 911195653
1790357788.576652 W 174 lat 1111 3407 6148 0 exe 164981 349148 416129 resp 419925 1000 pmu 1008614 936054 8388882 12596333 912791374
1790357789.612789 W 175 lat 1574 3499 7222 0 exe 149222 350740 426685 resp 430592 1000 pmu 1011047 939743 8420714 12566792 916445196
1790357790.548767 W 176 lat 1388 3444 6462 0 exe 273333 352537 421259 resp 425462 1000 pmu 1014239 944707 8436399 12610293 921176093
1790357791.588785 W 177 lat 1166 3407 5722 0 exe 141185 349333 413222 resp 417907 1000 pmu 1008262 933896 8392499 13182068 913362382
1790357792.628774 W 178 lat 1055 3518 7203 0 exe 136777 349666 434185 resp 437148 1000 pmu 1007554 936570 8377998 12422288 913927594
1790357793.564783 W 179 lat 1425 3462 5981 0 exe 125888 349685 415518 resp 419018 1000 pmu 1008744 935755 8400032 12610536 914033802
1790357794.604756 W 180 lat 1074 3425 6370 0 exe 130018 350537 454814 resp 460148 1000 pmu 1008292 939497 8387318 12367350 915906758
1790357795.544789 W 181 lat 574 3166 6833 0 exe 288703 350351 415351 resp 419944 1000 pmu 1012750 937267 8418393 12794448 915685061
1790357796.592661 W 182 lat 1499 3444 7074 0 exe 135129 339870 420166 resp 425277 1000 pmu 996421 926899 8282803 13187200 890420916
1790357797.628819 W 183 lat 1388 3462 6981 0 exe 139333 344814 409703 resp 413111 1000 pmu 1007377 934312 8389434 12424798 902124996
1790357798.564787 W 184 lat 1833 3518 7092 0 exe 259666 347296 424129 resp 429407 1000 pmu 1012032 940952 8417261 12356494 908260681
1790357799.604774 W 185 lat 1129 3462 7166 0 exe 125999 345129 418277 resp 423351 1000 pmu 1009220 936365 8402463 13127246 903399214
1790357800.540756 W 186 lat 1296 3444 6222 0 exe 138148 341574 417999 resp 420944 1000 pmu 1001584 933796 8333019 12385124 894352035
1790357801.580778 W 187 lat 1407 3444 6518 0 exe 166648 346462 406166 resp 410481 1000 pmu 1010751 941238 8413914 12410669 906328868
1790357802.624750 W 188 lat 1277 3425 6425 0 exe 202759 346111 450592 resp 453259 1000 pmu 1013010 939287 8426677 12468106 905794524
1790357803.560762 W 189 lat 1314 3444 6444 0 exe 126055 342462 421611 resp 426777 1000 pmu 1002501 930540 8351073 13081825 896726309
1790357804.600501 W 190 lat 277 1388 6111 0 exe 5592 120555 404407 resp 407611 336 pmu 344550 319458 2861262 12401006 318111550
1790357805.536459 W 191 lat 277 296 351 0 exe 5592 5722 31074 resp 31407 0 pmu 1982 1142 20695 10488908 18176472
1790357805.952494 Closing cell "rt-bench"
1790357805.952554 [MG] Initializing memguard on CPU 3
1790357805.952580 [SMMUv2] Exiting SMMUv2 on cell 1
1790357805.952625 Page pool usage after cell destruction: mem 83/4061, remap 5/131072
1790357805.952655 [MG] Initializing memguard on CPU 3
1790359478.307639 <missed 13344 bytes of console log>
1790359478.308272 4: PHYS 0x30000000 -> VIRT 0x00000000 (SIZE: 0x00400000, COL: 0x0000ffff, extra: 0x0000000000000001)
1790359478.308298 [COL] Result: 0
1790359478.308321 Started cell "rt-bench"
1790359478.308347 [MG] Initializing memguard on CPU 3
1790359478.308398 rt-bench: ws 768 KB, 1024 loads/period, window 1000
1790359478.308450 W 0 lat 333 462 1851 0 exe 19074 24537 166333 resp 167277 26 pmu 794539 51938 6405733 5307537 44611590
1790359478.308502 W 1 lat 296 314 740 0 exe 13092 15944 112333 resp 112851 8 pmu 790848 23645 6376454 7658657 41015509
1790359478.308552 W 2 lat 296 296 629 0 exe 13055 14648 103722 resp 104222 1 pmu 788325 12720 6354194 7036889 38359646
1790359478.308600 W 3 lat 296 296 425 0 exe 13074 13648 21740 resp 22055 0 pmu 789050 1288 6358682 6943378 35091192
1790359478.308650 W 4 lat 296 296 499 0 exe 13074 14685 105962 resp 106333 1 pmu 789298 13185 6362799 6116546 37910331
1790359478.308698 W 5 lat 296 296 351 0 exe 13055 13555 17592 resp 17925 0 pmu 788051 467 6353083 6964855 34736892
1790359478.308749 W 6 lat 296 481 2981 0 exe 13129 44814 297962 resp 300574 97 pmu 787561 175203 6362985 6074670 162774692
1790359478.308797 W 7 lat 296 296 333 0 exe 13092 13537 16148 resp 16462 0 pmu 787984 389 6352892 9060579 36010557
1790359478.308847 W 8 lat 296 314 1111 0 exe 13111 20833 102777 resp 103092 2 pmu 795797 78399 6413185 6059822 57850502
1790359478.308895 W 9 lat 296 296 351 0 exe 13129 13537 15037 resp 15351 0 pmu 789020 229 6357876 6966713 34677509
1790359478.308917 Closing cell "rt-bench"
1790359478.308942 [MG] Initializing memguard on CPU 3
1790359478.308967 [SMMUv2] Exiting SMMUv2 on cell 1
1790359478.309021 [COL] Colored OP 1: PHYS 0x30000000 -> VIRT 0x00000000 (SIZE: 0x00400000, COL: 0x0000ffff, extra: 0x0000000000000000)
1790359478.309042 [COL] Result: 0
1790359478.309096 [COL] Colored OP 4: PHYS 0x30000000 -> VIRT 0x00000000 (SIZE: 0x00400000, COL: 0x0000ffff, extra: 0x0000000000000001)
1790359478.309116 [COL] Result: 0
1790359478.309152 Page pool usage after cell destruction: mem 85/4061, remap 5/131072
1790359478.309187 [MG] Initializing memguard on CPU 3
1790359478.309211 [MG] Initializing memguard on CPU 3
1790359478.309236 [MG] Initializing memguard on CPU 3
1790359478.309255 Created cell "rt-bench"
1790359478.309289 Page pool usage after cell creation: mem 94/4061, remap 5/131072
1790359478.309315 [MG] Initializing memguard on CPU 3
1790359478.309337 Cell "rt-bench" can be loaded
1790359478.309357 Started cell "rt-bench"
1790359478.309381 [MG] Initializing memguard on CPU 3
1790359478.309411 rt-bench: ws 256 KB, 1024 loads/period, window 1000
1790359479.344460 W 0 lat 314 462 944 0 exe 6499 9407 55666 resp 56018 0 pmu 9919 4920 92713 5307526 17405769
1790359480.280448 W 1 lat 296 296 740 0 exe 5611 6074 43833 resp 44407 0 pmu 5934 3098 53997 6405262 17004842
1790359481.320418 W 2 lat 296 296 314 0 exe 5611 5611 5796 resp 6111 0 pmu 62 13 4589 6264880 14839285
1790359482.360452 W 3 lat 296 296 481 0 exe 5611 5759 33814 resp 34259 0 pmu 2143 1415 22151 5878471 15534432
1790359483.296419 W 4 lat 296 296 333 0 exe 5611 5611 6018 resp 6314 0 pmu 124 19 5072 6161172 14785077
1790359484.336488 W 5 lat 296 296 592 0 exe 5611 5759 33166 resp 33759 0 pmu 2516 1408 25363 5880717 15570939
1790359484.458782 Closing cell "rt-bench"
1790359484.458895 [MG] Initializing memguard on CPU 3
1790359484.458940 [SMMUv2] Exiting SMMUv2 on cell 1
1790359484.458998 Page pool usage after cell destruction: mem 83/4061, remap 5/131072
1790359484.459043 [MG] Initializing memguard on CPU 3
1790359484.459083 [MG] Initializing memguard on CPU 3
1790359484.459169 [COL] Colored OP 0: PHYS 0x30000000 -> VIRT 0x00000000 (SIZE: 0x00400000, COL: 0x000000ff, extra: 0x0000000000000000)
1790359484.459203 [COL] Result: 0
1790359484.459241 [MG] Initializing memguard on CPU 3
1790359484.459302 Created cell "rt-bench"
1790359484.459356 Page pool usage after cell creation: mem 98/4061, remap 5/131072
