1790358195.136072 <missed 77510 bytes of console log>
1790358195.136174 74 449555 resp 454629 1000 pmu 1028062 994101 8508007 13530369 954778223
1790358195.136239 W 184 lat 1185 3499 6388 0 exe 247425 366333 434296 resp 437759 1000 pmu 1029625 996573 8522489 13224528 953198131
1790358195.136290 W 185 lat 1611 3462 6296 0 exe 301685 368722 434999 resp 439296 1000 pmu 1030938 999643 8540763 13247176 958749117
1790358195.136341 W 186 lat 1833 3481 7129 0 exe 312907 367481 429481 resp 433925 1000 pmu 1030985 997905 8536074 13543115 956002883
1790358195.136391 W 187 lat 1351 3388 6407 0 exe 195296 365759 422574 resp 426648 1000 pmu 1028341 992717 8511514 13543782 951630441
1790358195.136480 W 188 lat 1074 3481 6222 0 exe 210055 367129 441314 resp 444296 1000 pmu 1030000 997085 8529067 12869783 955129838
1790358195.136534 W 189 lat 1685 3462 6629 0 exe 315129 368907 433833 resp 437222 1000 pmu 1031086 999353 8543067 13130328 958935495
1790358195.136581 W 190 lat 296 925 5296 0 exe 5888 80148 434037 resp 438722 206 pmu 266005 214360 2193770 13594648 213239660
1790358195.136627 W 191 lat 277 296 333 0 exe 5888 6055 8111 resp 8407 0 pmu 47727 177 420604 10585858 18596731
1790358195.136648 Closing cell "rt-bench"
1790358195.136670 [MG] Initializing memguard on CPU 3
1790358195.136692 [SMMUv2] Exiting SMMUv2 on cell 1
1790358195.136725 Page pool usage after cell destruction: mem 83/4061, remap 5/131072
1790358195.136748 [MG] Initializing memguard on CPU 3
1790358195.136770 [MG] Initializing memguard on CPU 3
1790358195.136819 [COL] Colored OP 0: PHYS 0x30000000 -> VIRT 0x00000000 (SIZE: 0x00400000, COL: 0x000000ff, extra: 0x0000000000000000)
1790358195.136836 [COL] Result: 0
1790358195.136858 [MG] Initializing memguard on CPU 3
1790358195.136877 Created cell "rt-bench"
1790358195.136908 Page pool usage after cell creation: mem 98/4061, remap 5/131072
1790358195.136957 [COL] Colored OP 3: PHYS 0x30000000 -> VIRT 0x00000000 (SIZE: 0x00400000, COL: 0x000000ff, extra: 0x0000000000000000)
1790358195.136981 [MG] Initializing memguard on CPU 3
1790358195.136997 [COL] Result: 0
1790358195.137017 Cell "rt-bench" can be loaded
1790358195.137065 [COL] Colored OP 2: PHYS 0x30000000 -> VIRT 0x00000000 (SIZE: 0x00400000, COL: 0x000000ff, extra: 0x0000000000000000)
1790358195.137082 [COL] Result: 0
1790358195.137130 [COL] Colored OP 4: PHYS 0x30000000 -> VIRT 0x00000000 (SIZE: 0x00400000, COL: 0x000000ff, extra: 0x0000000000000001)
1790358195.137148 [COL] Result: 0
1790358195.137166 Started cell "rt-bench"
1790358195.137187 [MG] Initializing memguard on CPU 3
1790358195.137215 rt-bench: ws 512 KB, 1024 loads/period, window 1000
1790358196.176505 W 0 lat 314 462 1537 0 exe 22648 28166 154722 resp 155814 32 pmu 1003195 48928 8168338 5307640 49334548
1790358197.112474 W 1 lat 296 314 944 0 exe 16259 18722 164370 resp 165314 12 pmu 1004899 22081 8176654 7577470 46972688
1790358198.152491 W 2 lat 277 296 537 0 exe 16240 17481 118870 resp 119185 3 pmu 1006203 12701 8187173 7590273 45361858
1790358199.192472 W 3 lat 296 296 333 0 exe 16240 16481 33814 resp 34111 0 pmu 1006791 1304 8191513 7123467 42007289
1790358200.128491 W 4 lat 296 296 499 0 exe 16222 17537 104870 resp 105259 3 pmu 1005467 13561 8182864 6266654 44706534
1790358201.168467 W 5 lat 296 296 314 0 exe 16240 16370 18685 resp 18999 0 pmu 1006111 199 8185141 6983997 41618091
1790358202.116514 W 6 lat 277 499 5981 0 exe 16240 61148 545777 resp 551759 146 pmu 990795 231918 8088593 6115296 216333956
1790358203.156470 W 7 lat 296 296 333 0 exe 16240 16407 19074 resp 19388 0 pmu 1006973 378 8194558 11667865 44518574
1790358204.196495 W 8 lat 296 296 1037 0 exe 16259 19888 172388 resp 173425 6 pmu 1003781 38658 8170044 6119219 52295960
1790358205.132469 W 9 lat 277 296 370 0 exe 16240 16370 17481 resp 17796 0 pmu 1006677 63 8196369 7677063 41993029
1790358206.172494 W 10 lat 296 296 574 0 exe 16259 17314 104629 resp 105074 1 pmu 1005887 10979 8184875 6103183 44063539
1790358207.212465 W 11 lat 277 296 314 0 exe 16240 16370 17166 resp 17481 0 pmu 1007404 55 8199977 6981262 41594439
1790358208.148495 W 12 lat 277 296 499 0 exe 16240 17296 109796 resp 110092 1 pmu 1006509 10833 8194556 6099630 44037522
1790358209.188465 W 13 lat 296 296 314 0 exe 16240 16370 17037 resp 17333 0 pmu 1007152 64 8197808 7031511 41618785
1790358210.124501 W 14 lat 277 296 499 0 exe 16259 18037 96259 resp 96629 0 pmu 1006064 19345 8188899 6098257 45818186
1790358211.164466 W 15 lat 296 296 333 0 exe 16240 16370 17925 resp 18240 0 pmu 1007059 89 8201929 6900401 41545074
1790358212.204500 W 16 lat 277 296 611 0 exe 16240 18037 99814 resp 100425 1 pmu 1006186 19456 8188962 6107235 45850975
1790358213.140469 W 17 lat 296 296 333 0 exe 16222 16370 16888 resp 17203 0 pmu 1007090 44 8199392 6937502 41555555
1790358214.180519 W 18 lat 277 296 518 0 exe 16259 18166 102166 resp 102462 1 pmu 1005822 20769 8188357 6096917 46168619
1790358215.116471 W 19 lat 296 296 333 0 exe 16222 16370 17574 resp 17888 0 pmu 1007281 115 8199944 6959818 41608942
1790358216.156493 W 20 lat 296 296 888 0 exe 16240 18203 109777 resp 110666 1 pmu 1006114 21066 8191566 6103832 46235001
1790358217.196462 W 21 lat 277 296 333 0 exe 16222 16370 17518 resp 17833 0 pmu 1006992 89 8193393 7040748 41629850
1790358218.132495 W 22 lat 277 296 425 0 exe 16240 18129 117703 resp 118018 2 pmu 1005846 20009 8188561 6103141 46021823
1790358219.172468 W 23 lat 277 296 314 0 exe 16240 16370 17796 resp 18111 0 pmu 1007426 72 8200932 7114268 41671457
1790358220.112496 W 24 lat 277 296 462 0 exe 16222 18314 103666 resp 103981 2 pmu 1006349 22173 8191628 6105870 46469864
1790358221.152468 W 25 lat 296 296 314 0 exe 16240 16370 17314 resp 17611 0 pmu 1006760 63 8193946 6975140 41567128
1790358222.192492 W 26 lat 296 296 425 0 exe 16240 18814 109814 resp 110129 2 pmu 1005589 27892 8182501 6101085 47742049
1790358223.128473 W 27 lat 296 296 333 0 exe 16222 16370 17499 resp 17796 0 pmu 1007130 99 8198225 7038971 41629634
1790358224.168496 W 28 lat 277 296 537 0 exe 16222 18481 104407 resp 104740 2 pmu 1005923 24164 8188744 6103036 46838395
1790358225.208465 W 29 lat 296 296 314 0 exe 16222 16370 17425 resp 17722 0 pmu 1006808 98 8194779 6983807 41571347
1790358226.144508 W 30 lat 277 296 481 0 exe 16222 18685 103796 resp 104277 2 pmu 1006382 26416 8192213 6102180 47373428
1790358227.184467 W 31 lat 296 296 314 0 exe 16222 16370 17444 resp 17740 0 pmu 1006922 134 8192972 6979191 41598378
1790358228.120493 W 32 lat 277 296 407 0 exe 16240 18333 108111 resp 108444 1 pmu 1005930 22532 8187520 6102355 46510086
1790358229.160464 W 33 lat 277 296 333 0 exe 16240 16370 17259 resp 17555 0 pmu 1007017 86 8196590 7019400 41593677
1790358230.200492 W 34 lat 277 296 425 0 exe 16203 18129 115166 resp 115481 2 pmu 1006180 19915 8190843 6100600 45962526
1790358231.136467 W 35 lat 296 296 333 0 exe 16240 16370 17388 resp 17703 0 pmu 1007169 67 8198924 7088799 41631953
1790358232.176494 W 36 lat 277 296 592 0 exe 16222 18425 100888 resp 101222 1 pmu 1005599 23571 8184663 6102118 46779762
1790358233.112468 W 37 lat 296 296 333 0 exe 16240 16370 17185 resp 17481 0 pmu 1006963 57 8192972 6948665 41545927
1790358234.152490 W 38 lat 296 296 555 0 exe 16240 18388 105092 resp 105407 2 pmu 1005707 23167 8190740 6100014 46665112
1790358235.192462 W 39 lat 296 296 333 0 exe 16240 16370 17833 resp 18148 0 pmu 1007325 77 8199427 6990293 41582254
1790358236.128491 W 40 lat 277 296 611 0 exe 16259 18388 109351 resp 109796 1 pmu 1006049 23381 8188256 6106493 46667819
1790358237.168466 W 41 lat 277 296 333 0 exe 16240 16370 17074 resp 17388 0 pmu 1007080 84 8196656 7033988 41627183
1790358238.208492 W 42 lat 277 296 425 0 exe 16240 18444 99555 resp 99870 0 pmu 1006046 23954 8192292 6098777 46790667
1790358239.144469 W 43 lat 296 296 407 0 exe 16222 16370 17240 resp 17537 0 pmu 1007255 44 8197808 6934667 41557355
1790358240.184491 W 44 lat 296 296 425 0 exe 16259 18370 98185 resp 98481 0 pmu 1005969 22936 8184679 6100804 46602384
1790358241.120469 W 45 lat 277 296 333 0 exe 16185 16370 17129 resp 17425 0 pmu 1006848 272 8195956 6920549 41572515
1790358242.160491 W 46 lat 277 296 444 0 exe 16222 18296 106796 resp 107092 2 pmu 1005754 22152 8188334 6099082 46448272
1790358243.200465 W 47 lat 296 296 333 0 exe 16203 16351 17203 resp 17518 0 pmu 1006416 58 8191871 7006175 41579052
1790358244.136492 W 48 lat 277 296 555 0 exe 16203 18370 110925 resp 111351 1 pmu 1005707 23105 8187294 6099852 46592517
1790358245.176464 W 49 lat 296 296 333 0 exe 16203 16370 16833 resp 17148 0 pmu 1007207 36 8196304 7048941 41611639
1790358246.112493 W 50 lat 296 296 611 0 exe 16240 18407 107185 resp 107574 3 pmu 1006064 23191 8188254 6096237 46631122
1790358247.152469 W 51 lat 296 296 333 0 exe 16222 16370 17018 resp 17333 0 pmu 1007266 45 8190384 7012023 41597842
1790358248.192511 W 52 lat 296 296 481 0 exe 16222 18555 107851 resp 108259 3 pmu 1006256 24955 8187203 6098143 46997264
1790358249.128463 W 53 lat 296 296 333 0 exe 16240 16370 17462 resp 17759 0 pmu 1006908 133 8197552 7018891 41616232
1790358250.168494 W 54 lat 277 296 1148 0 exe 16259 18388 109148 resp 109462 1 pmu 1006058 23344 8191512 6102709 46686818
1790358251.208465 W 55 lat 277 296 333 0 exe 16222 16370 17333 resp 17648 0 pmu 1006715 177 8190948 7033923 41623810
1790358252.144491 W 56 lat 277 296 518 0 exe 16222 18462 108222 resp 108648 2 pmu 1005861 23920 8186148 6101358 46778253
1790358253.184466 W 57 lat 296 296 314 0 exe 16259 16370 17240 resp 17537 0 pmu 1007169 90 8199412 7022229 41628464
1790358254.120504 W 58 lat 296 296 351 0 exe 16222 18370 104444 resp 104777 3 pmu 1005920 22967 8193172 6100439 46563622
1790358255.160466 W 59 lat 296 296 333 0 exe 16240 16370 17074 resp 17388 0 pmu 1006685 58 8194472 6982829 41573293
1790358256.200492 W 60 lat 277 296 555 0 exe 16259 18370 107444 resp 107777 1 pmu 1006350 23107 8194090 6098938 46609529
1790358257.136465 W 61 lat 296 296 314 0 exe 16259 16388 16833 resp 17148 0 pmu 1006999 195 8194838 7014001 41635867
1790358258.176502 W 62 lat 296 296 555 0 exe 16240 18277 111166 resp 111629 1 pmu 1006281 21916 8190177 6096589 46366918
1790358259.112465 W 63 lat 296 296 333 0 exe 16203 16370 17370 resp 17685 0 pmu 1006866 73 8194508 7051404 41614370
1790358260.152488 W 64 lat 277 296 407 0 exe 16203 18351 100203 resp 100537 1 pmu 1006406 22855 8193849 6101628 46510701
1790358261.192466 W 65 lat 277 296 333 0 exe 16222 16388 17351 resp 17666 0 pmu 1006605 234 8192032 6940268 41588455
1790358262.128497 W 66 lat 296 296 574 0 exe 16240 18092 99185 resp 99499 0 pmu 1005937 19828 8187791 6101611 45945165
1790358263.168464 W 67 lat 296 296 314 0 exe 16240 16370 17999 resp 18296 0 pmu 1006804 90 8195228 6929982 41573255
1790358264.208496 W 68 lat 277 296 444 0 exe 16240 19037 108259 resp 108574 1 pmu 1005068 30948 8177940 6107972 48516453
1790358265.144464 W 69 lat 296 296 333 0 exe 16222 16370 17129 resp 17444 0 pmu 1007246 111 8201056 7024711 41601175
1790358266.200665 W 70 lat 277 2092 9462 0 exe 16259 105722 495185 resp 498759 359 pmu 978521 219894 8011543 6100358 282063845
1790358267.144741 W 71 lat 333 3685 10277 0 exe 17925 156592 334722 resp 339611 748 pmu 961189 269417 7899761 11400471 431835468
1790358268.200797 W 72 lat 407 3944 9425 0 exe 19407 194222 538222 resp 543611 826 pmu 957845 334406 7884107 10077874 519264676
1790358269.144785 W 73 lat 314 3462 9074 0 exe 18166 157296 281314 resp 287148 721 pmu 966128 243450 7945019 12307889 422052690
1790358270.200786 W 74 lat 314 3351 9351 0 exe 18962 147185 540037 resp 546814 597 pmu 968914 263723 7958308 9545122 405310814
1790358271.148596 W 75 lat 314 3407 9407 0 exe 18518 149222 291055 resp 294907 676 pmu 967593 233551 7956037 12091549 406372515
1790358272.200777 W 76 lat 314 2833 7166 0 exe 17537 157703 528018 resp 532555 639 pmu 969003 255805 7957740 9595675 424294529
1790358273.148715 W 77 lat 296 3092 9611 0 exe 18092 152870 320481 resp 325166 672 pmu 965864 242688 7940335 11992310 415839703
1790358274.204608 W 78 lat 314 3685 9518 0 exe 17981 186981 520814 resp 525074 779 pmu 959664 319246 7894516 9909891 500700391
1790358275.148620 W 79 lat 351 2314 7166 0 exe 18259 63944 284722 resp 287944 171 pmu 993676 84458 8134347 12081877 189612229
1790358276.204535 W 80 lat 314 3388 9592 0 exe 18666 167259 484722 resp 488166 733 pmu 962737 275286 7921148 9085239 453505399
1790358277.148657 W 81 lat 296 2333 7425 0 exe 16574 77314 457481 resp 461851 218 pmu 990077 111628 8102646 11620806 221261806
1790358278.204736 W 82 lat 333 3296 9574 0 exe 18037 139962 314814 resp 318407 617 pmu 967911 228407 7956211 10877575 386318504
1790358279.160827 W 83 lat 333 3240 9259 0 exe 17666 155796 497314 resp 501962 617 pmu 969721 240899 7964172 9783553 414386982
1790358280.212844 W 84 lat 333 3148 8796 0 exe 18685 131685 280962 resp 284407 564 pmu 971753 207140 7981428 11689199 364956210
1790358281.160794 W 85 lat 351 3796 9944 0 exe 18907 204796 524888 resp 529388 849 pmu 956510 334749 7871754 9402167 543782161
1790358282.208849 W 86 lat 425 3907 8444 0 exe 19777 210629 366666 resp 371481 920 pmu 951298 326512 7835577 12222744 555483023
1790358283.148791 W 87 lat 425 4185 10870 0 exe 20314 230185 531629 resp 539314 914 pmu 950246 377249 7824712 10669009 607408843
1790358284.204888 W 88 lat 499 4148 9592 0 exe 18537 222833 357092 resp 361425 946 pmu 945972 360449 7804236 12446905 593345818
1790358285.156640 W 89 lat 425 3925 8851 0 exe 18444 222685 528555 resp 533370 933 pmu 951474 359392 7842281 10633028 584416861
1790358286.208772 W 90 lat 333 3611 8907 0 exe 18148 183925 328999 resp 335166 814 pmu 955972 299082 7873695 12343221 497106931
1790358287.148790 W 91 lat 462 3611 9259 0 exe 19277 179703 502944 resp 507740 765 pmu 960319 294792 7897440 10157291 480432719
1790358288.192690 W 92 lat 407 3629 10370 0 exe 19833 174148 333203 resp 338240 759 pmu 959302 279040 7891336 11876850 465606865
1790358289.140823 W 93 lat 444 3851 9185 0 exe 19444 195629 557611 resp 561351 791 pmu 956816 339605 7877788 10161058 525352731
1790358290.192874 W 94 lat 314 3722 9203 0 exe 18851 182333 332888 resp 338277 804 pmu 958182 286383 7883111 12499588 485142143
1790358291.148793 W 95 lat 407 4074 8907 0 exe 19759 230592 518111 resp 523425 948 pmu 949436 372692 7822860 10190212 607751729
1790358292.196946 W 96 lat 481 4037 8462 0 exe 19407 223388 349296 resp 355222 936 pmu 946306 355089 7794877 12288682 590921794
1790358293.144695 W 97 lat 351 3648 8722 0 exe 19796 191481 531888 resp 538074 698 pmu 960590 320054 7895764 10563201 509246311
1790358294.192763 W 98 lat 314 3314 8888 0 exe 18351 152055 319037 resp 325499 653 pmu 965018 245924 7935204 12231276 415809989
1790358295.136742 W 99 lat 314 3481 9555 0 exe 18851 170462 375351 resp 380185 721 pmu 961258 289731 7902165 9898904 457926058
1790358296.196547 W 100 lat 351 3611 9037 0 exe 19499 183648 333925 resp 339314 787 pmu 959046 279169 7892915 10552888 488835472
1790358297.144883 W 101 lat 314 3925 9574 0 exe 19685 214259 527944 resp 534148 885 pmu 953037 356119 7847614 10209239 568048523
1790358298.196898 W 102 lat 462 4222 9592 0 exe 22537 237166 351462 resp 355037 980 pmu 943497 374342 7780431 12311747 624329074
1790358299.140870 W 103 lat 537 4240 9518 0 exe 19203 244907 523703 resp 529055 970 pmu 943655 411994 7776603 10664881 646009505
1790358300.196864 W 104 lat 666 4611 11648 0 exe 44240 256907 358314 resp 363888 992 pmu 936820 414025 7729009 12418293 674105404
1790358301.148877 W 105 lat 518 4499 9185 0 exe 38055 263370 528425 resp 533759 992 pmu 941333 430160 7760765 10963797 687313108
1790358302.196865 W 106 lat 537 4388 10111 0 exe 18240 242166 384814 resp 389703 982 pmu 939792 396960 7750974 12651630 639054910
1790358303.148795 W 107 lat 611 4185 9425 0 exe 25111 238888 524907 resp 530907 985 pmu 947886 393926 7808623 11012298 630724421
1790358304.208780 W 108 lat 611 4259 9814 0 exe 22333 210166 331814 resp 338740 952 pmu 949182 339274 7820070 12432499 557711143
1790358305.152826 W 109 lat 537 3981 8833 0 exe 18666 212333 532685 resp 537740 904 pmu 952160 353143 7842487 10350849 561958650
1790358306.204910 W 110 lat 388 3888 9333 0 exe 18666 193722 334851 resp 338611 907 pmu 953319 314817 7856217 12336155 521846937
1790358307.156672 W 111 lat 296 3981 9407 0 exe 18481 204481 537111 resp 542685 874 pmu 956401 340578 7872595 10259547 543026478
1790358308.200783 W 112 lat 314 3777 9185 0 exe 18851 172388 338481 resp 343203 836 pmu 957071 292406 7881491 12344248 468608208
1790358309.144751 W 113 lat 296 3499 8981 0 exe 17166 155111 506462 resp 510925 684 pmu 966092 263714 7937555 10192542 418644637
1790358310.212543 W 114 lat 296 3592 8537 0 exe 16629 162611 339981 resp 344592 743 pmu 962673 257755 7920530 11774032 439272366
1790358311.152770 W 115 lat 296 2962 10814 0 exe 17407 132999 513555 resp 520166 545 pmu 974434 228886 8001804 10142554 368795400
1790358312.200644 W 116 lat 314 2888 9055 0 exe 18870 138518 305388 resp 307555 584 pmu 972061 207268 7983554 11752195 373728378
1790358313.140830 W 117 lat 444 3685 8833 0 exe 19425 174222 526833 resp 533277 764 pmu 960701 294559 7908081 9674843 472708423
1790358314.188762 W 118 lat 314 3444 8666 0 exe 18388 166092 513185 resp 518629 690 pmu 963619 267387 7916442 12095249 447564742
1790358315.128773 W 119 lat 296 3111 7925 0 exe 18222 139148 313259 resp 318574 574 pmu 972332 206696 7985460 11904937 375520025
1790358316.184850 W 120 lat 351 2851 8555 0 exe 18481 120666 514555 resp 519388 460 pmu 978568 199805 8028910 9763620 335901381
1790358317.132763 W 121 lat 314 2981 6814 0 exe 18092 122018 352833 resp 357444 483 pmu 977312 176644 8023903 11685102 334988482
1790358318.176872 W 122 lat 314 3462 9185 0 exe 18833 151629 533648 resp 538648 649 pmu 967710 262564 7952625 10063825 414866420
1790358319.124779 W 123 lat 314 3425 9037 0 exe 18296 172166 372407 resp 377314 754 pmu 962983 259023 7918162 12040414 463911645
1790358320.188795 W 124 lat 351 3388 9740 0 exe 18259 162777 490685 resp 495777 660 pmu 965819 260011 7932461 10526322 437708347
1790358321.132643 W 125 lat 314 3166 8518 0 exe 17444 129666 294185 resp 296907 564 pmu 971729 204847 7982526 11666219 357630058
1790358322.180750 W 126 lat 370 2833 8907 0 exe 17555 112555 525648 resp 529722 356 pmu 984142 181105 8065890 9511732 308917824
1790358323.124627 W 127 lat 296 3277 8444 0 exe 17629 146499 283685 resp 287259 633 pmu 968950 225057 7967032 11749319 403012070
1790358324.176726 W 128 lat 333 3666 10388 0 exe 19092 174240 496111 resp 499907 770 pmu 960973 290062 7906357 9497420 468954951
1790358325.124882 W 129 lat 351 3296 9277 0 exe 18203 149296 331314 resp 336907 630 pmu 968292 230083 7959052 11780161 406142293
1790358326.164502 W 130 lat 277 1518 9907 0 exe 16259 86018 394148 resp 400259 313 pmu 987467 147508 8073508 10003629 235729540
1790358327.204465 W 131 lat 277 296 333 0 exe 16240 16370 17314 resp 17629 0 pmu 1007381 77 8200644 10301304 43594442
1790358328.144748 W 132 lat 296 1740 8574 0 exe 16240 130481 517203 resp 521166 532 pmu 957116 303903 7848167 6102768 334913170
1790358329.184727 W 133 lat 1481 2999 5703 0 exe 160666 213425 296351 resp 301092 1000 pmu 915080 506602 7564533 11740899 549922445
1790358330.120745 W 134 lat 1481 3111 5777 0 exe 155333 222296 367944 resp 371296 1000 pmu 918125 534543 7586542 10671094 572360176
1790358331.160758 W 135 lat 1074 3092 6240 0 exe 114574 212185 290018 resp 293574 1000 pmu 915111 503086 7557192 11398840 546697338
1790358332.204741 W 136 lat 1333 3037 6388 0 exe 119499 219111 385277 resp 389537 1000 pmu 918836 529669 7589461 10366263 564337610
1790358333.140756 W 137 lat 1462 3111 6555 0 exe 155240 214611 284037 resp 287222 1000 pmu 915028 507886 7564136 11383665 552650562
1790358334.180726 W 138 lat 1240 3055 6092 0 exe 154314 217759 377703 resp 380462 1000 pmu 918009 525239 7589395 10523738 560885162
1790358335.116769 W 139 lat 925 2962 5407 0 exe 113129 210092 284981 resp 289444 1000 pmu 916214 497206 7573338 11465690 541306249
1790358336.160726 W 140 lat 1592 3018 5999 0 exe 168259 221481 349407 resp 352814 1000 pmu 918710 533224 7590316 10297166 570254602
1790358337.200744 W 141 lat 1555 3129 6999 0 exe 148462 214870 285481 resp 289333 1000 pmu 914660 510736 7558208 11275335 553090131
1790358338.136743 W 142 lat 1222 2999 5648 0 exe 106388 217703 351518 resp 354722 1000 pmu 919168 524538 7595535 10511683 560743266
1790358339.176747 W 143 lat 1388 3037 6203 0 exe 127351 211444 302611 resp 305814 1000 pmu 916434 504097 7562862 10963604 543960902
1790358340.116758 W 144 lat 1462 3111 6240 0 exe 153185 218333 372444 resp 375240 1000 pmu 918476 533788 7588559 10551665 562315028
1790358341.156756 W 145 lat 1481 3055 5796 0 exe 130777 209333 284240 resp 287462 1000 pmu 915456 505698 7561522 11412624 539838769
1790358342.196755 W 146 lat 1277 2981 5703 0 exe 122425 213462 387444 resp 390722 1000 pmu 919833 525202 7596720 10373382 550621762
1790358343.132736 W 147 lat 1407 3074 6740 0 exe 143018 210666 298425 resp 302999 1000 pmu 915168 507361 7559504 11382634 542709033
1790358344.176765 W 148 lat 1555 3037 5759 0 exe 149129 217185 361388 resp 364777 1000 pmu 918155 531456 7585168 10594178 559729940
1790358345.216758 W 149 lat 1259 3037 6111 0 exe 118722 208444 300092 resp 302962 1000 pmu 916030 500734 7577156 11276908 537044863
1790358346.152718 W 150 lat 629 2925 18462 0 exe 117962 217148 369166 resp 373296 1000 pmu 918652 528672 7582725 10465574 559049784
1790358347.192744 W 151 lat 592 2999 7685 0 exe 151074 216611 294722 resp 298462 1000 pmu 914629 511163 7554293 11260671 556829379
1790358348.132745 W 152 lat 999 3018 6407 0 exe 125111 221574 377907 resp 380277 1000 pmu 918721 530014 7591379 10623361 570056308
1790358349.172732 W 153 lat 1499 3111 5944 0 exe 134277 214999 306629 resp 310185 1000 pmu 915109 506875 7556474 11338964 553128083
1790358350.212739 W 154 lat 1351 3037 5851 0 exe 154518 221277 351962 resp 355814 1000 pmu 918013 530489 7585636 10645827 569647203
1790358351.148718 W 155 lat 1481 2999 5537 0 exe 128129 214851 292777 resp 296907 1000 pmu 915281 507356 7561322 11231662 552752351
1790358352.192753 W 156 lat 1222 3074 16999 0 exe 116055 219888 358092 resp 361888 1000 pmu 917817 525984 7587448 10476078 566005832
1790358353.128756 W 157 lat 1444 3055 6944 0 exe 118314 215722 335703 resp 339833 1000 pmu 915888 512619 7564459 11148740 555122203
1790358354.168650 W 158 lat 1592 2981 5314 0 exe 158407 217055 294240 resp 298111 1000 pmu 913682 514340 7543917 10867607 558244733
1790358355.212759 W 159 lat 1333 3055 6759 0 exe 117518 220314 368222 resp 370666 1000 pmu 917468 528545 7572049 10651048 567309184
1790358356.148765 W 160 lat 1277 3055 6166 0 exe 115074 213814 310129 resp 315018 1000 pmu 915085 507342 7559180 11201956 550259350
1790358357.188755 W 161 lat 1592 3018 5592 0 exe 152907 221907 367685 resp 371555 1000 pmu 917988 533387 7586109 10585065 571307092
1790358358.152765 W 162 lat 1370 3111 6074 0 exe 130333 213722 295222 resp 299166 1000 pmu 914431 506931 7559581 11383936 550330620
1790358359.120732 W 163 lat 1240 3018 5962 0 exe 114314 218870 382796 resp 387055 1000 pmu 918623 528352 7587039 10507470 563797231
1790358360.196765 W 164 lat 1518 2999 5703 0 exe 115962 214111 295592 resp 298870 1000 pmu 915823 506369 7569561 11328852 551428038
1790358361.140754 W 165 lat 1499 3111 6462 0 exe 123166 221740 372481 resp 375203 1000 pmu 917860 533065 7581620 10436358 570719315
1790358362.184758 W 166 lat 1444 2999 5537 0 exe 122703 213240 272314 resp 276314 1000 pmu 915339 506017 7565728 11280861 549171346
1790358363.136755 W 167 lat 1148 3018 5370 0 exe 144037 219518 385981 resp 390074 1000 pmu 918290 526423 7586720 10235355 565235993
1790358364.212682 W 168 lat 1425 3148 6296 0 exe 146777 215722 292259 resp 298222 1000 pmu 914802 511839 7559973 11508281 555568684
1790358365.156760 W 169 lat 1314 3074 5999 0 exe 116999 219888 354907 resp 357592 1000 pmu 918996 527881 7588038 10581896 566436032
1790358366.204774 W 170 lat 1407 3018 5592 0 exe 153499 215574 305981 resp 309407 1000 pmu 915228 511355 7564751 11061585 554685577
1790358367.152767 W 171 lat 1462 3129 6777 0 exe 143388 220277 373018 resp 378037 1000 pmu 917383 529399 7579393 10735011 567576627
1790358368.212733 W 172 lat 1129 3018 6166 0 exe 123407 212629 281388 resp 284444 1000 pmu 915663 503694 7569308 11393262 547678631
1790358369.156736 W 173 lat 1370 3037 6018 0 exe 135537 220685 372648 resp 377037 1000 pmu 917435 530472 7577429 10323510 568267181
1790358370.124746 W 174 lat 1407 3111 6703 0 exe 131314 213129 285722 resp 289444 1000 pmu 915446 505985 7566607 11344328 549179084
1790358371.176740 W 175 lat 1370 3018 5907 0 exe 129462 219037 381499 resp 385648 1000 pmu 918529 528608 7588216 10416708 564291433
1790358372.144722 W 176 lat 1185 3055 6574 0 exe 122185 213185 284759 resp 288018 1000 pmu 915914 507925 7567921 11392275 548583727
1790358373.204663 W 177 lat 1629 3111 6185 0 exe 154444 217648 354259 resp 357518 1000 pmu 918149 530774 7590696 10357483 560755879
1790358374.168750 W 178 lat 1185 3018 6074 0 exe 119092 208425 292074 resp 295648 1000 pmu 916040 503962 7565646 11236713 537385272
1790358375.216743 W 179 lat 574 3018 5685 0 exe 118611 212333 332777 resp 336407 1000 pmu 919060 522276 7595265 10390136 547968503
1790358376.168795 W 180 lat 1222 3111 6296 0 exe 140629 211481 279722 resp 282981 1000 pmu 915341 510422 7568492 10809647 544628753
1790358377.216763 W 181 lat 1296 3055 6444 0 exe 139574 216870 362259 resp 365333 1000 pmu 918658 529175 7590884 10389655 558744880
1790358378.164748 W 182 lat 1370 3055 5888 0 exe 120351 210407 289629 resp 293055 1000 pmu 915704 505465 7568965 11236836 542072957
1790358379.116746 W 183 lat 425 2870 6314 0 exe 112351 217925 363592 resp 366981 1000 pmu 917856 530131 7588104 10381359 561071083
1790358380.156738 W 184 lat 888 3037 5703 0 exe 160944 217092 296777 resp 300240 1000 pmu 914689 511989 7553807 11114740 558260771
1790358381.200763 W 185 lat 962 3055 5925 0 exe 121074 221870 356555 resp 360111 1000 pmu 918499 529943 7592457 10685953 570961178
1790358382.164833 W 186 lat 1444 3092 6518 0 exe 124351 216888 304351 resp 307962 1000 pmu 914612 512641 7548479 11110374 557956816
1790358383.220649 W 187 lat 1481 3037 6185 0 exe 154518 221703 382148 resp 386074 1000 pmu 918012 531286 7587149 10585569 570825177
1790358384.176729 W 188 lat 1499 3037 6462 0 exe 115222 214648 285370 resp 289148 1000 pmu 914501 506858 7551317 11538299 552438813
1790358385.128760 W 189 lat 1425 3074 6148 0 exe 132888 220148 365259 resp 369518 1000 pmu 918116 526963 7586864 10339457 566661609
1790358386.184744 W 190 lat 1370 2999 5166 0 exe 128666 214111 300740 resp 303499 1000 pmu 915113 506733 7562091 11254960 551258054
1790358387.132753 W 191 lat 1092 3092 5777 0 exe 146074 218592 387370 resp 390907 1000 pmu 916592 520404 7577839 10545208 562405191
1790358388.176504 W 192 lat 277 1703 6462 0 exe 16240 118203 355111 resp 358574 496 pmu 962644 275460 7887816 11525596 306081536
1790358389.216497 W 193 lat 277 296 314 0 exe 16240 16370 17259 resp 17555 0 pmu 1006688 77 8187909 10042374 43407411
1790358390.152508 W 194 lat 296 296 1037 0 exe 16259 22185 121351 resp 121666 18 pmu 1001847 62688 8157032 6100590 58330718
1790358391.193049 W 195 lat 296 296 444 0 exe 16240 16370 17351 resp 17666 0 pmu 1006754 118 8193833 7174569 41722826
1790358391.720646 Closing cell "rt-bench"
1790358391.720727 [MG] Initializing memguard on CPU 3
1790358391.720752 [SMMUv2] Exiting SMMUv2 on cell 1
1790358391.721169 [COL] Colored OP 1: PHYS 0x30000000 -> VIRT 0x00000000 (SIZE: 0x00400000, COL: 0x000000ff, extra: 0x0000000000000000)
1790358391.721201 [COL] Result: 0
1790358391.721274 [COL] Colored OP 4: PHYS 0x30000000 -> VIRT 0x00000000 (SIZE: 0x00400000, COL: 0x000000ff, extra: 0x0000000000000001)
1790358391.721298 [COL] Result: 0
1790358391.721366 Page pool usage after cell destruction: mem 85/4061, remap 5/131072
1790358391.721393 [MG] Initializing memguard on CPU 3
1790358391.855013 [MG] Initializing memguard on CPU 3
1790358391.855098 [MG] Initializing memguard on CPU 3
1790358391.855128 Created cell "rt-bench"
1790358391.855187 Page pool usage after cell creation: mem 94/4061, remap 5/131072
1790359501.157277 <missed 18371 bytes of console log>
1790359501.159853 : mem 85/4061, remap 5/131072
1790359501.159886 [MG] Initializing memguard on CPU 3
1790359501.159916 [MG] Initializing memguard on CPU 3
1790359501.159949 [MG] Initializing memguard on CPU 3
1790359501.159973 Created cell "rt-bench"
1790359501.160019 Page pool usage after cell creation: mem 94/4061, remap 5/131072
1790359501.160049 [MG] Initializing memguard on CPU 3
1790359501.160074 Cell "rt-bench" can be loaded
1790359501.160095 Started cell "rt-bench"
1790359501.160122 [MG] Initializing memguard on CPU 3
1790359501.160155 rt-bench: ws 512 KB, 1024 loads/period, window 1000
1790359501.160206 W 0 lat 314 462 1203 0 exe 9314 11518 87592 resp 88037 0 pmu 74733 18556 651661 5307534 22056392
1790359501.160258 W 1 lat 296 296 629 0 exe 5888 7629 74981 resp 75462 0 pmu 69052 13419 602280 6751049 21420789
1790359501.160308 W 2 lat 296 296 425 0 exe 5888 6092 9203 resp 9537 0 pmu 49392 203 436368 6584700 16258168
1790359501.160359 W 3 lat 296 296 537 0 exe 5870 6703 72407 resp 72703 0 pmu 59281 6243 521202 5917311 18396391
1790359501.160430 W 4 lat 296 296 425 0 exe 5888 6074 8870 resp 9166 0 pmu 47367 189 420897 6552826 16187514
1790359501.160484 W 5 lat 296 296 499 0 exe 5851 6648 67314 resp 67648 0 pmu 56381 5896 495775 5913794 18107349
1790359501.160507 Closing cell "rt-bench"
1790359501.160534 [MG] Initializing memguard on CPU 3
1790359501.160559 [SMMUv2] Exiting SMMUv2 on cell 1
1790359501.160598 Page pool usage after cell destruction: mem 83/4061, remap 5/131072
1790359501.160626 [MG] Initializing memguard on CPU 3
1790359501.160652 [MG] Initializing memguard on CPU 3
1790359501.160711 [COL] Colored OP 0: PHYS 0x30000000 -> VIRT 0x00000000 (SIZE: 0x00400000, COL: 0x000000ff, extra: 0x0000000000000000)
1790359501.160732 [COL] Result: 0
1790359501.160758 [MG] Initializing memguard on CPU 3
1790359501.160780 Created cell "rt-bench"
1790359501.160817 Page pool usage after cell creation: mem 98/4061, remap 5/131072
1790359501.160877 [COL] Colored OP 3: PHYS 0x30000000 -> VIRT 0x00000000 (SIZE: 0x00400000, COL: 0x000000ff, extra: 0x0000000000000000)
1790359501.160906 [MG] Initializing memguard on CPU 3
1790359501.160925 [COL] Result: 0
1790359501.160949 Cell "rt-bench" can be loaded
1790359501.161007 [COL] Colored OP 2: PHYS 0x30000000 -> VIRT 0x00000000 (SIZE: 0x00400000, COL: 0x000000ff, extra: 0x0000000000000000)
1790359501.161028 [COL] Result: 0
1790359501.161086 [COL] Colored OP 4: PHYS 0x30000000 -> VIRT 0x00000000 (SIZE: 0x00400000, COL: 0x000000ff, extra: 0x0000000000000001)
1790359501.161107 [COL] Result: 0
1790359501.161128 Started cell "rt-bench"
1790359501.161154 [MG] Initializing memguard on CPU 3
1790359501.161187 rt-bench: ws 512 KB, 1024 loads/period, window 1000
1790359502.196469 W 0 lat 351 462 1444 0 exe 19222 26814 177592 resp 178333 30 pmu 1003202 49185 8211874 5307622 46781797
1790359503.132433 W 1 lat 296 314 592 0 exe 15314 17685 116314 resp 116814 12 pmu 1005760 21520 8236210 7780247 44743011
1790359504.176453 W 2 lat 296 296 796 0 exe 15296 16481 105574 resp 105907 2 pmu 1006655 11729 8242673 7095583 42662001
1790359505.216429 W 3 lat 296 296 333 0 exe 15314 15611 37888 resp 38222 0 pmu 1007027 1776 8244494 6982310 39817465
1790359506.152464 W 4 lat 296 296 759 0 exe 15333 16425 103555 resp 104314 1 pmu 1006858 11147 8241059 6298748 42037591
1790359507.192462 W 5 lat 296 296 333 0 exe 15314 15481 17777 resp 18092 0 pmu 1007196 262 8239997 6963904 39440677
1790359508.136465 W 6 lat 296 462 2925 0 exe 15370 49999 511796 resp 514722 87 pmu 991970 203466 8115345 6097237 189936201
1790359509.176428 W 7 lat 296 296 333 0 exe 15314 15518 19370 resp 19685 0 pmu 1007377 538 8246830 11237204 42112764
1790359510.220454 W 8 lat 296 314 944 0 exe 15333 22203 142740 resp 143129 24 pmu 1003377 72739 8213833 6113053 58859547
1790359511.156424 W 9 lat 296 296 333 0 exe 15314 15481 16833 resp 17148 0 pmu 1007388 193 8246463 7383875 39667628
1790359511.498906 Closing cell "rt-bench"
1790359511.498995 [MG] Initializing memguard on CPU 3
1790359511.499036 [SMMUv2] Exiting SMMUv2 on cell 1
1790359511.499119 [COL] Colored OP 1: PHYS 0x30000000 -> VIRT 0x00000000 (SIZE: 0x00400000, COL: 0x000000ff, extra: 0x0000000000000000)
1790359511.499151 [COL] Result: 0
1790359511.499231 [COL] Colored OP 4: PHYS 0x30000000 -> VIRT 0x00000000 (SIZE: 0x00400000, COL: 0x000000ff, extra: 0x0000000000000001)
1790359511.499278 [COL] Result: 0
1790359511.499330 Page pool usage after cell destruction: mem 85/4061, remap 5/131072
1790359511.499368 [MG] Initializing memguard on CPU 3
1790359511.499403 [MG] Initializing memguard on CPU 3
1790359511.499439 [MG] Initializing memguard on CPU 3
1790359511.499468 Created cell "rt-bench"
1790359511.499519 Page pool usage after cell creation: mem 94/4061, remap 5/131072
