1790338336.293432 <missed 224663 bytes of console log>
1790338336.293535 p 430314 1000 pmu 1031786 1034445 8538985 13843686 989535593
1790338336.293592 W 184 lat 574 3351 7759 0 exe 287462 378185 451851 resp 456870 1000 pmu 1032044 1034649 8542520 13319631 986383596
1790338336.293644 W 185 lat 1703 3444 6259 0 exe 331944 377722 439444 resp 444407 1000 pmu 1031897 1035964 8541336 13692912 985621648
1790338336.293695 W 186 lat 1166 3444 6388 0 exe 302833 376388 441555 resp 446574 1000 pmu 1032131 1036143 8552288 13787301 982429169
1790338336.293745 W 187 lat 1351 3444 7277 0 exe 287388 375870 433462 resp 437814 1000 pmu 1031799 1034253 8540948 13654360 981199414
1790338336.293795 W 188 lat 1648 3444 6518 0 exe 333092 377648 442925 resp 447592 1000 pmu 1032213 1037398 8559275 13495720 985284780
1790338336.293844 W 189 lat 1388 3481 6870 0 exe 303722 376759 438648 resp 441740 1000 pmu 1032122 1036254 8548858 13827030 983476508
1790338336.293892 W 190 lat 296 888 5518 0 exe 14962 97222 428518 resp 431962 283 pmu 986099 355491 8015532 13623522 264953769
1790338336.293936 W 191 lat 296 296 333 0 exe 14944 15129 15870 resp 16166 0 pmu 972606 92 7892680 10656288 40735092
1790338336.293956 Closing cell "rt-bench"
1790338336.293979 [MG] Initializing memguard on CPU 3
1790338336.294001 [SMMUv2] Exiting SMMUv2 on cell 1
1790338336.294033 Page pool usage after cell destruction: mem 83/4061, remap 5/131072
1790338336.294056 [MG] Initializing memguard on CPU 3
1790338336.294079 [MG] Initializing memguard on CPU 3
1790338336.294127 [COL] Colored OP 0: PHYS 0x30000000 -> VIRT 0x00000000 (SIZE: 0x00400000, COL: 0x000000ff, extra: 0x0000000000000000)
1790338336.294145 [COL] Result: 0
1790338336.294167 [MG] Initializing memguard on CPU 3
1790338336.294185 Created cell "rt-bench"
1790338336.294216 Page pool usage after cell creation: mem 98/4061, remap 5/131072
1790338336.294265 [COL] Colored OP 3: PHYS 0x30000000 -> VIRT 0x00000000 (SIZE: 0x00400000, COL: 0x000000ff, extra: 0x0000000000000000)
1790338336.294289 [MG] Initializing memguard on CPU 3
1790338336.294305 [COL] Result: 0
1790338336.294325 Cell "rt-bench" can be loaded
1790338336.294373 [COL] Colored OP 2: PHYS 0x30000000 -> VIRT 0x00000000 (SIZE: 0x00400000, COL: 0x000000ff, extra: 0x0000000000000000)
1790338336.294390 [COL] Result: 0
1790338336.294439 [COL] Colored OP 4: PHYS 0x30000000 -> VIRT 0x00000000 (SIZE: 0x00400000, COL: 0x000000ff, extra: 0x0000000000000001)
1790338336.294456 [COL] Result: 0
1790338336.294473 Started cell "rt-bench"
1790338336.294495 [MG] Initializing memguard on CPU 3
1790338336.294523 rt-bench: ws 1024 KB, 1024 loads/period, window 1000
1790338337.332508 W 0 lat 296 314 888 0 exe 48759 62777 134240 resp 134592 36 pmu 1024279 548868 8340860 5307691 155981945
1790338338.372511 W 1 lat 296 314 1555 0 exe 43851 61055 120444 resp 120888 11 pmu 1024306 532424 8339371 7668667 152015161
1790338339.308485 W 2 lat 296 314 462 0 exe 49555 54907 67814 resp 68129 0 pmu 1024255 459894 8331332 7501152 136137228
1790338340.352510 W 3 lat 296 314 407 0 exe 43740 60796 115314 resp 115685 12 pmu 1024249 529225 8338169 6966530 150781082
1790338341.288518 W 4 lat 296 314 499 0 exe 48444 55296 87314 resp 87814 0 pmu 1024317 460478 8330192 7441947 135591479
1790338342.328614 W 5 lat 462 481 555 0 exe 59388 71425 140555 resp 141037 73 pmu 1024162 501562 8337904 7159256 111471061
1790338343.272667 W 6 lat 296 499 4259 0 exe 71722 138851 590777 resp 594888 844 pmu 1024020 969068 8332683 7831238 370416023
1790338344.312534 W 7 lat 296 314 2074 0 exe 48796 67703 323555 resp 325388 31 pmu 1024202 594953 8335537 12765980 172761068
1790338345.356523 W 8 lat 296 314 2481 0 exe 49129 72555 152796 resp 155277 174 pmu 1024082 659822 8334242 9600601 188761189
1790338346.292522 W 9 lat 296 296 444 0 exe 48851 57574 122999 resp 123444 11 pmu 1024158 490714 8334821 7923589 143413006
1790338347.332497 W 10 lat 296 314 333 0 exe 49425 55129 74518 resp 74833 0 pmu 1024208 461188 8328520 7528706 136352607
1790338348.372560 W 11 lat 296 425 722 0 exe 49277 67277 133296 resp 133981 71 pmu 1024129 496242 8334785 7033535 119661895
1790338349.308529 W 12 lat 444 462 537 0 exe 60537 68666 92944 resp 93388 0 pmu 1024182 472079 8337756 7685783 106707060
1790338350.348568 W 13 lat 462 481 685 0 exe 60833 69703 136129 resp 136629 65 pmu 1024053 483516 8329166 7344369 108885419
1790338351.284535 W 14 lat 462 481 629 0 exe 60740 68962 93407 resp 93888 0 pmu 1024251 475664 8338256 7783914 107292967
1790338352.324561 W 15 lat 462 481 740 0 exe 60666 69037 137111 resp 137611 64 pmu 1024196 475954 8340303 7352267 107883947
1790338353.364543 W 16 lat 462 481 555 0 exe 60240 69203 96685 resp 97166 0 pmu 1024337 479100 8339251 7789857 107742380
1790338354.300562 W 17 lat 462 481 796 0 exe 59888 69962 140888 resp 141407 70 pmu 1024199 485562 8336363 7383361 109296532
1790338355.340524 W 18 lat 444 481 518 0 exe 60740 68870 98759 resp 99259 0 pmu 1024220 474221 8335274 7828778 107141076
1790338356.276563 W 19 lat 462 481 611 0 exe 59814 68166 134222 resp 134814 59 pmu 1024193 466193 8332744 7404655 106496043
1790338357.316515 W 20 lat 462 481 537 0 exe 59907 69814 100870 resp 101370 3 pmu 1024175 485233 8327555 7752066 108559779
1790338358.356561 W 21 lat 462 481 555 0 exe 59537 68666 138074 resp 138555 59 pmu 1024186 472688 8338816 7426643 107398061
1790338359.292528 W 22 lat 462 481 518 0 exe 60814 69962 100814 resp 101314 3 pmu 1024204 487146 8338433 7791037 108865859
1790338360.332562 W 23 lat 388 462 833 0 exe 56814 67592 133185 resp 134018 54 pmu 1024253 468383 8331474 7431074 107619136
1790338361.372522 W 24 lat 462 481 537 0 exe 59555 69129 103333 resp 103796 7 pmu 1024139 478237 8336808 7725740 107563445
1790338362.308571 W 25 lat 462 481 740 0 exe 59722 67981 133999 resp 134499 51 pmu 1024114 465179 8338006 7445959 106248309
1790338363.348524 W 26 lat 462 481 518 0 exe 60277 70370 106351 resp 106851 24 pmu 1024318 490656 8335904 7748793 109408318
1790338364.288562 W 27 lat 462 481 648 0 exe 59981 67277 132481 resp 132981 41 pmu 1024295 458063 8336907 7485873 105261290
1790338365.328533 W 28 lat 462 481 537 0 exe 61351 70703 108981 resp 109481 27 pmu 1024229 494474 8336170 7730944 109973240
1790338366.368564 W 29 lat 462 481 666 0 exe 60648 67537 135425 resp 135944 33 pmu 1024188 460376 8340479 7519284 105646839
1790338367.304514 W 30 lat 462 481 518 0 exe 60462 70796 111648 resp 112111 36 pmu 1024201 495101 8336649 7765312 110020526
1790338368.344577 W 31 lat 462 481 796 0 exe 60296 66629 133462 resp 133962 24 pmu 1024301 450516 8342254 7541520 104064208
1790338369.280556 W 32 lat 462 481 777 0 exe 59981 73925 126925 resp 127407 72 pmu 1024099 528296 8331305 7739799 115123755
1790338370.320519 W 33 lat 444 462 537 0 exe 59814 66129 84462 resp 84944 0 pmu 1024282 446301 8337575 7709240 102955599
1790338371.360563 W 34 lat 462 481 629 0 exe 59999 71833 135499 resp 136129 57 pmu 1024214 506287 8332652 7243284 112106843
1790338372.296521 W 35 lat 444 481 518 0 exe 58092 66055 90870 resp 91351 0 pmu 1024280 445231 8335868 7784432 102855121
1790338373.336565 W 36 lat 462 481 685 0 exe 59703 72666 135333 resp 135851 56 pmu 1024306 515163 8334166 7298212 113480886
1790338374.272520 W 37 lat 462 481 518 0 exe 59925 66444 86777 resp 87277 0 pmu 1024288 450421 8335500 7785211 103585521
1790338375.312565 W 38 lat 462 481 648 0 exe 58777 72111 138703 resp 139314 55 pmu 1024216 509114 8336876 7268761 112590336
1790338376.352507 W 39 lat 388 462 592 0 exe 59074 65851 87703 resp 88203 0 pmu 1024131 447863 8336824 7811802 103731097
1790338377.288555 W 40 lat 388 462 1185 0 exe 55259 72240 143925 resp 144407 73 pmu 1024230 516030 8333465 7270677 114215805
1790338378.328515 W 41 lat 462 481 518 0 exe 61185 66203 82148 resp 82629 0 pmu 1024260 446968 8338733 7848540 103111956
1790338379.368562 W 42 lat 462 481 592 0 exe 61092 72685 132351 resp 132870 76 pmu 1024204 515405 8339960 7227374 113379477
1790338380.304520 W 43 lat 462 481 537 0 exe 59925 66185 86425 resp 86888 0 pmu 1024201 446681 8332092 7761954 103015839
1790338381.344558 W 44 lat 462 481 703 0 exe 60629 72888 134388 resp 134944 72 pmu 1024140 517081 8337054 7263852 113687002
1790338382.280528 W 45 lat 444 481 537 0 exe 59481 67648 88981 resp 89481 0 pmu 1024182 462330 8336292 7781659 105328712
1790338383.320559 W 46 lat 462 481 648 0 exe 59722 73240 133888 resp 134370 77 pmu 1024126 520430 8335260 7294639 114219936
1790338384.360535 W 47 lat 444 481 537 0 exe 60666 65888 85888 resp 86370 0 pmu 1024232 443557 8331416 7773294 102641556
1790338385.300558 W 48 lat 444 481 740 0 exe 60611 71888 131648 resp 132185 51 pmu 1024212 506678 8339832 7260760 112150782
1790338386.340528 W 49 lat 462 481 537 0 exe 60703 66407 86018 resp 86499 0 pmu 1024335 449704 8338236 7749115 103451974
1790338387.276560 W 50 lat 462 481 648 0 exe 60999 71999 138555 resp 139185 57 pmu 1024142 507127 8338943 7264883 112333491
1790338388.316537 W 51 lat 444 481 518 0 exe 59425 68092 94814 resp 95314 0 pmu 1024071 467574 8339544 7820966 106130026
1790338389.356560 W 52 lat 462 481 592 0 exe 60444 73018 131259 resp 131796 76 pmu 1024168 519282 8338942 7354737 114037354
1790338390.292529 W 53 lat 462 481 537 0 exe 60425 66499 83203 resp 83685 0 pmu 1024328 450261 8340816 7749546 103541205
1790338391.332556 W 54 lat 462 481 1388 0 exe 59851 72129 144351 resp 144851 63 pmu 1024315 508645 8337195 7235731 112511284
1790338392.372531 W 55 lat 462 481 574 0 exe 59574 65870 80685 resp 81166 0 pmu 1024200 443945 8335024 7876806 102737556
1790338393.308555 W 56 lat 388 462 629 0 exe 60314 71259 132759 resp 133388 53 pmu 1024143 513766 8333877 7203400 114900077
1790338394.348534 W 57 lat 462 462 537 0 exe 60148 66296 81444 resp 81925 0 pmu 1024156 447257 8337496 7755271 103134642
1790338395.284558 W 58 lat 462 481 611 0 exe 59537 72166 135148 resp 135648 64 pmu 1024246 508945 8338078 7215799 112534530
1790338396.324528 W 59 lat 444 481 518 0 exe 59203 65370 82833 resp 83314 0 pmu 1024263 438164 8330709 7779558 101837994
1790338397.364562 W 60 lat 462 481 833 0 exe 60222 73259 136685 resp 137444 77 pmu 1024232 520781 8337626 7220196 114218619
1790338398.300528 W 61 lat 462 481 518 0 exe 60574 66092 85518 resp 86018 0 pmu 1024250 446106 8341600 7806179 102984775
1790338399.340557 W 62 lat 444 481 796 0 exe 60259 72944 131574 resp 132111 66 pmu 1024205 518187 8333588 7257546 113856978
1790338400.276531 W 63 lat 462 462 537 0 exe 60277 66203 84148 resp 84629 0 pmu 1024195 446502 8329884 7752380 103019704
1790338401.316549 W 64 lat 462 481 648 0 exe 60574 72981 132462 resp 132944 61 pmu 1024292 517566 8337499 7242863 113774365
1790338402.356523 W 65 lat 462 481 518 0 exe 60870 65777 85055 resp 85518 0 pmu 1024306 442866 8335844 7762139 102492647
1790338403.292558 W 66 lat 462 481 611 0 exe 60814 72259 147666 resp 148166 67 pmu 1024276 509819 8339800 7252802 112588967
1790338404.332529 W 67 lat 462 481 537 0 exe 61240 66796 82462 resp 82962 0 pmu 1024230 453205 8339912 7911588 104041969
1790338405.372560 W 68 lat 462 481 1222 0 exe 60814 75240 140166 resp 140777 101 pmu 1024179 542259 8334914 7234111 117554370
1790338406.308533 W 69 lat 444 481 518 0 exe 60814 66592 85314 resp 85814 0 pmu 1024287 451124 8340908 7855025 103766997
1790338407.356630 W 70 lat 314 1888 8148 0 exe 60518 238722 509648 resp 512037 798 pmu 1023513 766607 8348285 7261399 549385221
1790338408.312938 W 71 lat 314 2703 8629 0 exe 70851 305111 422148 resp 426166 987 pmu 1023711 728341 8357009 12418829 786207117
1790338409.364903 W 72 lat 296 3333 9277 0 exe 72722 343481 542018 resp 546629 990 pmu 1023465 782715 8367088 11941996 884118753
1790338410.312936 W 73 lat 351 3611 9092 0 exe 69851 339648 474092 resp 476277 988 pmu 1023165 719317 8379244 13351359 878802295
1790338411.368873 W 74 lat 314 3425 8185 0 exe 78111 342333 516148 resp 520796 996 pmu 1023272 742509 8369809 12627276 881743087
1790338412.314702 W 75 lat 351 3518 9203 0 exe 75074 319999 464203 resp 468037 992 pmu 1023073 725273 8364725 13109103 833887951
1790338413.360781 W 76 lat 314 3611 7648 0 exe 85592 347018 558611 resp 562314 997 pmu 1023284 755767 8371024 12464499 899333626
1790338414.304845 W 77 lat 425 3240 9259 0 exe 74037 341444 502666 resp 505314 993 pmu 1023498 778256 8371397 13588171 877120536
1790338415.360736 W 78 lat 314 2259 8425 0 exe 75222 291592 513462 resp 518296 988 pmu 1023874 773737 8349392 12944527 751703942
1790338416.300865 W 79 lat 314 3314 9870 0 exe 74129 330944 452481 resp 458499 990 pmu 1023216 714193 8368091 12810477 853367482
1790338417.356733 W 80 lat 333 3518 9351 0 exe 72222 341796 543999 resp 548166 989 pmu 1023260 755150 8369381 12410232 884918192
1790338418.296680 W 81 lat 314 2185 6685 0 exe 74611 308037 478907 resp 483333 991 pmu 1023985 773822 8347017 13359364 787317977
1790338419.348801 W 82 lat 351 3407 7962 0 exe 68796 344851 550444 resp 555277 987 pmu 1023331 766745 8371397 12533024 891263757
1790338420.296776 W 83 lat 388 3481 9203 0 exe 72574 346722 463425 resp 468037 991 pmu 1023185 742795 8366425 13418158 892637452
1790338421.348738 W 84 lat 370 3870 8407 0 exe 73574 361518 529370 resp 536740 990 pmu 1023029 738145 8375433 12581735 935262221
1790338422.288877 W 85 lat 333 3925 9240 0 exe 75833 352407 507666 resp 512518 990 pmu 1022530 729300 8372553 13331761 914740812
1790338423.340777 W 86 lat 351 3722 9851 0 exe 76222 342333 493240 resp 498296 992 pmu 1022914 741052 8372135 13072055 891352163
1790338424.292782 W 87 lat 407 3388 9296 0 exe 71518 347388 501925 resp 506370 990 pmu 1023327 747525 8366765 12882534 888955247
1790338425.348633 W 88 lat 351 3314 9166 0 exe 77425 343592 547037 resp 552666 997 pmu 1023507 777868 8370875 12964136 887899159
1790338426.292866 W 89 lat 333 3962 10129 0 exe 73148 337388 496962 resp 501129 995 pmu 1022693 704327 8379970 13430566 878838054
1790338427.348843 W 90 lat 388 4055 9481 0 exe 74185 347592 539722 resp 546148 996 pmu 1022959 694520 8388021 12877906 904319017
1790338428.296755 W 91 lat 629 4111 10981 0 exe 77148 355666 498185 resp 506629 996 pmu 1022211 718327 8379217 13370384 921770278
1790338429.348914 W 92 lat 574 4148 10018 0 exe 69037 359981 561370 resp 565962 996 pmu 1022564 719817 8382193 13029355 933315112
1790338430.292865 W 93 lat 314 3611 9055 0 exe 76481 351685 498074 resp 503407 992 pmu 1022639 721321 8372427 13618004 910655301
1790338431.340794 W 94 lat 333 3499 8444 0 exe 73314 343240 534962 resp 542240 988 pmu 1023196 773506 8370755 12975533 891741003
1790338432.280665 W 95 lat 351 2870 7462 0 exe 75074 339111 491129 resp 494037 990 pmu 1023568 777540 8360767 13292688 866282190
1790338433.332816 W 96 lat 333 3574 9462 0 exe 74999 334037 494944 resp 499314 991 pmu 1022998 747521 8373695 12812747 866997484
1790338434.380838 W 97 lat 333 3629 10037 0 exe 71351 356925 488499 resp 494481 990 pmu 1023061 743174 8374803 12846063 920014011
1790338435.332690 W 98 lat 314 3833 10092 0 exe 73166 364518 550111 resp 553888 991 pmu 1023031 736660 8378724 12888729 940383013
1790338436.280837 W 99 lat 333 3222 10740 0 exe 71981 328777 498629 resp 504092 987 pmu 1022997 766232 8364975 13542043 850363681
1790338437.336759 W 100 lat 314 3314 7666 0 exe 70129 341888 509925 resp 513888 991 pmu 1023345 733102 8366434 12851507 879917650
1790338438.280810 W 101 lat 351 2777 8925 0 exe 75296 310629 488222 resp 492962 990 pmu 1023590 760759 8362343 12998113 800848790
1790338439.340822 W 102 lat 333 3444 9185 0 exe 74388 335185 509629 resp 514796 988 pmu 1023179 712544 8372554 12658324 865432004
1790338440.288666 W 103 lat 333 3185 8425 0 exe 71888 335592 544518 resp 549148 988 pmu 1023542 761561 8364248 12997344 863176082
1790338441.348796 W 104 lat 333 3518 9648 0 exe 78370 332685 491740 resp 495870 995 pmu 1023149 730403 8372800 13328010 864167976
1790338442.296710 W 105 lat 314 3148 9222 0 exe 79722 346814 517462 resp 521407 996 pmu 1023429 793091 8364382 12823346 888622801
1790338443.344727 W 106 lat 314 1981 5759 0 exe 67444 269055 426388 resp 430796 991 pmu 1024058 745487 8343567 13152903 696119839
1790338444.296801 W 107 lat 314 2703 8611 0 exe 71462 310148 515425 resp 518611 994 pmu 1023781 769409 8361919 11771331 798557876
1790338445.344989 W 108 lat 333 3259 8537 0 exe 80759 313759 497222 resp 500796 995 pmu 1023471 725961 8361781 12898923 811010430
1790338446.288740 W 109 lat 333 3499 8351 0 exe 83296 361777 550074 resp 556907 998 pmu 1023013 796314 8370856 12785908 931569223
1790338447.340763 W 110 lat 314 3351 9648 0 exe 74537 334277 516203 resp 520407 992 pmu 1023065 735509 8374984 13583846 868780092
1790338448.280773 W 111 lat 333 3611 8796 0 exe 72185 355740 558037 resp 565851 991 pmu 1023393 743129 8371422 13056259 915983076
1790338449.332656 W 112 lat 370 3574 9407 0 exe 74555 352759 489907 resp 491999 993 pmu 1022916 743432 8367976 13585374 909828630
1790338450.380678 W 113 lat 444 3759 8962 0 exe 75462 348166 531148 resp 536240 992 pmu 1023070 748302 8377606 12875618 904955998
1790338451.328778 W 114 lat 444 3907 8962 0 exe 73574 348018 489944 resp 495388 993 pmu 1022813 722339 8379600 13283507 903607023
1790338452.284855 W 115 lat 407 3777 8592 0 exe 71185 363055 544851 resp 550962 992 pmu 1023044 749939 8376270 12863707 937930833
1790338453.332831 W 116 lat 425 4148 7962 0 exe 69740 354481 494222 resp 501259 992 pmu 1022576 685659 8381217 13476824 916186325
1790338454.280928 W 117 lat 370 3999 8259 0 exe 73092 362666 543925 resp 548962 990 pmu 1022923 711972 8379801 12923757 938090130
1790338455.332893 W 118 lat 425 4074 9648 0 exe 76925 359870 523037 resp 526481 989 pmu 1022434 720518 8375730 13468970 931858258
1790338456.288753 W 119 lat 574 4203 9722 0 exe 73740 366851 512999 resp 517907 994 pmu 1022207 729659 8382271 13264884 950944809
1790338457.340916 W 120 lat 555 4259 8555 0 exe 74611 379851 513277 resp 518055 991 pmu 1021930 725164 8379515 13192588 983608667
1790338458.295683 W 121 lat 574 4370 8481 0 exe 68462 381777 542166 resp 545555 993 pmu 1022239 738433 8380626 13258449 986149717
1790338459.344626 W 122 lat 314 3888 9277 0 exe 75499 338833 498907 resp 503407 993 pmu 1022966 693161 8378165 13519594 879395674
1790338460.385295 W 123 lat 351 3833 10740 0 exe 97129 405537 551685 resp 557185 999 pmu 1023880 901374 8393452 12913424 1050806811
1790338461.324890 W 124 lat 333 2944 9111 0 exe 80518 337388 529222 resp 535499 999 pmu 1024279 867408 8377402 13894830 880141433
1790338462.380751 W 125 lat 314 3333 9833 0 exe 80962 328296 535148 resp 539999 999 pmu 1023479 753059 8367194 13237580 848899595
1790338463.328565 W 126 lat 388 3407 9740 0 exe 80370 329518 442648 resp 450629 996 pmu 1023232 720610 8368463 13252160 850936161
1790338464.380804 W 127 lat 314 3370 8925 0 exe 77870 320759 499833 resp 503611 995 pmu 1023315 745768 8374552 12345951 833488477
1790338465.324806 W 128 lat 314 2888 8111 0 exe 76537 333148 471925 resp 477314 991 pmu 1023393 743477 8366695 12836092 855762685
1790338466.376762 W 129 lat 314 2388 9370 0 exe 71407 301685 506611 resp 509796 989 pmu 1023794 772338 8359900 12613871 780723673
1790338467.312526 W 130 lat 296 925 5925 0 exe 49574 143796 427333 resp 432796 328 pmu 1024143 588894 8336893 12768496 365967589
1790338468.352520 W 131 lat 296 314 518 0 exe 47481 57833 131314 resp 131722 9 pmu 1024203 493784 8333929 11063018 146061446
1790338469.296778 W 132 lat 296 1962 5999 0 exe 50833 203962 557925 resp 561444 659 pmu 1022324 649849 8371067 7608568 519540197
1790338470.340757 W 133 lat 1629 3074 5796 0 exe 223499 280185 368925 resp 371796 1000 pmu 1021067 702196 8388935 12674742 722028936
1790338471.292737 W 134 lat 537 3018 6296 0 exe 106925 293518 417981 resp 421740 1000 pmu 1022090 777786 8404021 12037252 759407724
1790338472.352768 W 135 lat 537 2999 7666 0 exe 177648 283740 391518 resp 395499 1000 pmu 1021236 725439 8386427 12012572 731547458
1790338473.300826 W 136 lat 1388 3018 5370 0 exe 204444 276148 331537 resp 334981 1000 pmu 1020956 688795 8388606 12060778 711048508
1790338474.344782 W 137 lat 1092 3074 6499 0 exe 234370 283814 392648 resp 399148 1000 pmu 1020983 718153 8392869 11546988 731013970
1790338475.284784 W 138 lat 1277 2999 5962 0 exe 191037 273944 344481 resp 346833 1000 pmu 1020813 690116 8391731 12365825 705757061
1790338476.324796 W 139 lat 1222 3074 6185 0 exe 213574 278240 395333 resp 399370 1000 pmu 1021356 701866 8390509 11595302 716750268
1790338477.364772 W 140 lat 1537 3074 5648 0 exe 233907 277203 349740 resp 353388 1000 pmu 1020882 694937 8392730 12247571 713841281
1790338478.300805 W 141 lat 1518 3111 5777 0 exe 218703 278370 387037 resp 390388 1000 pmu 1020939 700196 8402327 11885118 717571497
1790338479.340764 W 142 lat 1129 3037 5740 0 exe 209185 275222 360055 resp 363481 1000 pmu 1021141 692990 8386503 12187097 708598461
1790338480.284762 W 143 lat 1574 3074 5907 0 exe 230592 276388 335055 resp 337944 1000 pmu 1020725 694133 8383797 11851729 711314561
1790338481.332671 W 144 lat 1518 3037 5499 0 exe 233296 276814 360462 resp 365574 1000 pmu 1021192 706116 8391509 11715353 713377499
1790338482.369962 W 145 lat 1037 3111 6777 0 exe 189888 271759 340055 resp 343462 1000 pmu 1020703 693416 8391275 11993673 700718678
1790338483.308781 W 146 lat 1425 3037 5407 0 exe 192851 274407 390888 resp 394851 1000 pmu 1021251 701749 8395951 11543130 707396836
1790338484.348771 W 147 lat 1462 3074 6259 0 exe 226351 273685 339796 resp 343111 1000 pmu 1020637 695050 8384380 12076899 704905228
1790338485.284766 W 148 lat 1462 3037 5703 0 exe 203833 276499 375851 resp 378425 1000 pmu 1021380 705611 8398204 11731303 712775872
1790338486.324783 W 149 lat 1259 3111 6462 0 exe 204203 271148 352481 resp 356370 1000 pmu 1021016 688947 8391213 11986651 698251943
1790338487.364762 W 150 lat 555 2962 7185 0 exe 216148 281999 378499 resp 381592 1000 pmu 1021098 714515 8392056 11737655 725857504
1790338488.300772 W 151 lat 1388 3074 6203 0 exe 228555 277629 339296 resp 343944 1000 pmu 1020864 689421 8389704 12107343 714165597
1790338489.340803 W 152 lat 1388 3055 5759 0 exe 214240 281685 373574 resp 378481 1000 pmu 1021020 709406 8388523 11763080 725165568
1790338490.388664 W 153 lat 1407 2999 7740 0 exe 210981 275999 343666 resp 348166 1000 pmu 1020730 688479 8389485 12053433 710128281
1790338491.328803 W 154 lat 1370 3055 5907 0 exe 198259 281407 405462 resp 409999 1000 pmu 1021149 713175 8394396 11717405 724975954
1790338492.372766 W 155 lat 1370 2999 5592 0 exe 209592 277092 336481 resp 339629 1000 pmu 1020649 694200 8389951 12289937 713412629
1790338493.308755 W 156 lat 1259 3092 6185 0 exe 212388 280981 372277 resp 374537 1000 pmu 1020987 711427 8386654 11626433 723776857
1790338494.356769 W 157 lat 1629 3037 5499 0 exe 231018 276833 340499 resp 343537 1000 pmu 1020871 692029 8387194 12016349 712556968
1790338495.296766 W 158 lat 1518 3074 6018 0 exe 221018 282740 403555 resp 407055 1000 pmu 1021088 711231 8391320 11772908 728284615
1790338496.344775 W 159 lat 1407 3018 5629 0 exe 217351 274796 348166 resp 352092 1000 pmu 1020869 685569 8389017 12387241 707850031
1790338497.384787 W 160 lat 1055 3055 6259 0 exe 223407 280370 378018 resp 380888 1000 pmu 1021097 708181 8388727 11774906 722180381
1790338498.324760 W 161 lat 1407 3055 6111 0 exe 233407 277203 335462 resp 338444 1000 pmu 1020826 693884 8396088 12127712 713950602
1790338499.384768 W 162 lat 1333 3018 5518 0 exe 224444 280814 383555 resp 386388 1000 pmu 1020985 707711 8384616 11737949 723238009
1790338500.324762 W 163 lat 1074 3074 6148 0 exe 221203 275481 326722 resp 328944 1000 pmu 1020857 689394 8393251 12187885 709431067
1790338501.364745 W 164 lat 1203 3074 5833 0 exe 204555 281777 391666 resp 396925 1000 pmu 1020869 711045 8392332 11575785 726038719
1790338502.300776 W 165 lat 1314 3092 6685 0 exe 215574 277074 352055 resp 357499 1000 pmu 1020762 693842 8387675 12187851 713288199
1790338503.340763 W 166 lat 1648 3074 6944 0 exe 229166 279611 363870 resp 367185 1000 pmu 1021208 703086 8396289 11829214 720557177
1790338504.380778 W 167 lat 1296 3055 6333 0 exe 230092 275111 337870 resp 340277 1000 pmu 1020835 691432 8392437 12020132 708277566
1790338505.320687 W 168 lat 1481 3129 7166 0 exe 233351 278870 383314 resp 385833 1000 pmu 1020995 706646 8388284 11732744 718412067
1790338506.356808 W 169 lat 1259 3055 7037 0 exe 227462 271925 338037 resp 341666 1000 pmu 1020831 691837 8390869 12228343 700862643
1790338507.292810 W 170 lat 1277 3037 6407 0 exe 208537 275351 372648 resp 376203 1000 pmu 1021027 706817 8387537 11714814 710179389
1790338508.336754 W 171 lat 1407 3037 5462 0 exe 190481 269314 346166 resp 349962 1000 pmu 1020989 686857 8386198 11979983 694369651
1790338509.376788 W 172 lat 1407 3055 6277 0 exe 200129 276944 396148 resp 399759 1000 pmu 1021116 707787 8395168 11591881 713868482
1790338510.316769 W 173 lat 1444 3111 6370 0 exe 199777 271703 334944 resp 338481 1000 pmu 1021017 690635 8384852 12181275 699776232
1790338511.360806 W 174 lat 1370 3074 5666 0 exe 193796 272425 346555 resp 350074 1000 pmu 1020985 690274 8395460 11541808 701684283
1790338512.300791 W 175 lat 1222 3074 5981 0 exe 197851 275370 367055 resp 370499 1000 pmu 1020952 702034 8386131 11627411 709126739
1790338513.348704 W 176 lat 481 2925 7499 0 exe 227685 276222 357814 resp 361851 1000 pmu 1020660 695655 8392496 11867852 710815243
1790338514.308821 W 177 lat 759 3037 7629 0 exe 217277 280129 380055 resp 383351 1000 pmu 1021124 701820 8385470 11935043 720796656
1790338515.360781 W 178 lat 1444 3074 5870 0 exe 217907 278166 340407 resp 345055 1000 pmu 1020783 692806 8388871 12123748 715621658
1790338516.304766 W 179 lat 1314 3055 6037 0 exe 218370 280777 404055 resp 406537 1000 pmu 1021015 707333 8384390 11722219 722790217
1790338517.352777 W 180 lat 1537 3055 6314 0 exe 210074 277055 351111 resp 355185 1000 pmu 1020712 692718 8386460 12363270 713113633
1790338518.288786 W 181 lat 1388 3111 6722 0 exe 202055 281351 384240 resp 388037 1000 pmu 1021124 710265 8392993 11784146 724485511
1790338519.328778 W 182 lat 1166 3037 5370 0 exe 210462 274685 346166 resp 349666 1000 pmu 1020986 684846 8392171 12096924 706816993
1790338520.368772 W 183 lat 1481 3055 5870 0 exe 222814 281981 383537 resp 386555 1000 pmu 1021088 710540 8387216 11715415 726087118
1790338521.308813 W 184 lat 1259 3092 6870 0 exe 215351 277148 356481 resp 359999 1000 pmu 1020860 693374 8387450 12188951 713734690
1790338522.356774 W 185 lat 1370 3037 6259 0 exe 218185 279740 370092 resp 374129 1000 pmu 1021123 705512 8393995 11863633 720464471
1790338523.304842 W 186 lat 1462 2999 5814 0 exe 223203 277592 338796 resp 342018 1000 pmu 1020827 693491 8384651 12026633 714802899
1790338524.348652 W 187 lat 1537 3074 5666 0 exe 193722 279425 394222 resp 397222 1000 pmu 1020993 708921 8389152 11722013 720259264
1790338525.384790 W 188 lat 1222 3018 5740 0 exe 207759 275333 348074 resp 350888 1000 pmu 1021007 688542 8387256 12136952 708800789
1790338526.320774 W 189 lat 1166 3074 5888 0 exe 215129 280611 381722 resp 386055 1000 pmu 1021178 705619 8396681 11722699 722830554
1790338527.376757 W 190 lat 1425 3092 6611 0 exe 227999 277129 335499 resp 339222 1000 pmu 1020681 693371 8383482 12130789 713656478
1790338528.328776 W 191 lat 1425 3055 5499 0 exe 218925 282444 401962 resp 405222 1000 pmu 1021055 711924 8393568 11717537 727283874
1790338529.380517 W 192 lat 296 1370 5166 0 exe 41740 149648 334111 resp 336685 409 pmu 1022979 637498 8350696 12353485 383908209
1790338530.316515 W 193 lat 296 314 555 0 exe 48444 58888 110981 resp 111351 11 pmu 1024251 506389 8337231 10104690 147953937
1790338531.360526 W 194 lat 296 314 907 0 exe 50481 64629 134648 resp 135351 76 pmu 1024230 566850 8337923 7413619 162214655
1790338532.296556 W 195 lat 296 370 499 0 exe 49333 64685 124111 resp 124611 51 pmu 1024210 516665 8336606 7692626 133439606
1790338532.826283 Closing cell "rt-bench"
1790338532.826374 [MG] Initializing memguard on CPU 3
1790338532.826417 [SMMUv2] Exiting SMMUv2 on cell 1
1790338532.826524 [COL] Colored OP 1: PHYS 0x30000000 -> VIRT 0x00000000 (SIZE: 0x00400000, COL: 0x000000ff, extra: 0x0000000000000000)
1790338532.826562 [COL] Result: 0
1790338532.826659 [COL] Colored OP 4: PHYS 0x30000000 -> VIRT 0x00000000 (SIZE: 0x00400000, COL: 0x000000ff, extra: 0x0000000000000001)
1790338532.826695 [COL] Result: 0
1790338532.826791 Page pool usage after cell destruction: mem 85/4061, remap 5/131072
1790338532.826837 [MG] Initializing memguard on CPU 3
1790338532.954749 [MG] Initializing memguard on CPU 2
1790338532.954827 [MG] Initializing memguard on CPU 3
1790338532.954877 [MG] Initializing memguard on CPU 2
1790338532.954936 [MG] Initializing memguard on CPU 3
1790338532.954965 Created cell "rt-bench"
1790338532.955010 Page pool usage after cell creation: mem 94/4061, remap 5/131072
