1790319277.355138 START s1 idle 1
1790319577.356348 END s1 idle 1 0
1790319577.359975 START s3 idle 1
1790319637.361158 END s3 idle 1 0
1790319639.363789 START s3 cache 1
1790319699.388053 END s3 cache 1 0
1790319701.390174 START s3 stream 1
1790319761.430902 END s3 stream 1 0
1790319763.432884 START s3 memcpy 1
1790319823.460183 END s3 memcpy 1 0
1790319825.462088 START s3 vm 1
1790319885.517209 END s3 vm 1 0
1790319887.519161 START s3 pwalk 1
1790319947.118297 END s3 pwalk 1 0
1790319949.120386 START s3 idle 2
1790320009.121341 END s3 idle 2 0
1790320011.124147 START s3 cache 2
1790320071.146811 END s3 cache 2 0
1790320073.148888 START s3 stream 2
1790320133.189242 END s3 stream 2 0
1790320135.191311 START s3 memcpy 2
1790320195.211123 END s3 memcpy 2 0
1790320197.213045 START s3 vm 2
1790320257.256976 END s3 vm 2 0
1790320259.259017 START s3 pwalk 2
1790320319.087500 END s3 pwalk 2 0
1790320321.089603 START s3 idle 3
1790320381.090575 END s3 idle 3 0
1790320383.093087 START s3 cache 3
1790320443.116839 END s3 cache 3 0
1790320445.118936 START s3 stream 3
1790320505.161998 END s3 stream 3 0
1790320507.163982 START s3 memcpy 3
1790320567.188872 END s3 memcpy 3 0
1790320569.190896 START s3 vm 3
1790320629.222842 END s3 vm 3 0
1790320631.224851 START s3 pwalk 3
1790320691.111510 END s3 pwalk 3 0
