1790358391.940049 <missed 99635 bytes of console log>
1790358391.940140 4740 558260771
1790358391.940200 W 185 lat 962 3055 5925 0 exe 121074 221870 356555 resp 360111 1000 pmu 918499 529943 7592457 10685953 570961178
1790358391.940259 W 186 lat 1444 3092 6518 0 exe 124351 216888 304351 resp 307962 1000 pmu 914612 512641 7548479 11110374 557956816
1790358391.940318 W 187 lat 1481 3037 6185 0 exe 154518 221703 382148 resp 386074 1000 pmu 918012 531286 7587149 10585569 570825177
1790358391.940375 W 188 lat 1499 3037 6462 0 exe 115222 214648 285370 resp 289148 1000 pmu 914501 506858 7551317 11538299 552438813
1790358391.940447 W 189 lat 1425 3074 6148 0 exe 132888 220148 365259 resp 369518 1000 pmu 918116 526963 7586864 10339457 566661609
1790358391.940507 W 190 lat 1370 2999 5166 0 exe 128666 214111 300740 resp 303499 1000 pmu 915113 506733 7562091 11254960 551258054
1790358391.940564 W 191 lat 1092 3092 5777 0 exe 146074 218592 387370 resp 390907 1000 pmu 916592 520404 7577839 10545208 562405191
1790358391.940619 W 192 lat 277 1703 6462 0 exe 16240 118203 355111 resp 358574 496 pmu 962644 275460 7887816 11525596 306081536
1790358391.940674 W 193 lat 277 296 314 0 exe 16240 16370 17259 resp 17555 0 pmu 1006688 77 8187909 10042374 43407411
1790358391.940728 W 194 lat 296 296 1037 0 exe 16259 22185 121351 resp 121666 18 pmu 1001847 62688 8157032 6100590 58330718
1790358391.940779 W 195 lat 296 296 444 0 exe 16240 16370 17351 resp 17666 0 pmu 1006754 118 8193833 7174569 41722826
1790358391.940802 Closing cell "rt-bench"
1790358391.940827 [MG] Initializing memguard on CPU 3
1790358391.940853 [SMMUv2] Exiting SMMUv2 on cell 1
1790358391.940908 [COL] Colored OP 1: PHYS 0x30000000 -> VIRT 0x00000000 (SIZE: 0x00400000, COL: 0x000000ff, extra: 0x0000000000000000)
1790358391.940929 [COL] Result: 0
1790358391.940984 [COL] Colored OP 4: PHYS 0x30000000 -> VIRT 0x00000000 (SIZE: 0x00400000, COL: 0x000000ff, extra: 0x0000000000000001)
1790358391.941004 [COL] Result: 0
1790358391.941041 Page pool usage after cell destruction: mem 85/4061, remap 5/131072
1790358391.941067 [MG] Initializing memguard on CPU 3
1790358391.941093 [MG] Initializing memguard on CPU 3
1790358391.941118 [MG] Initializing memguard on CPU 3
1790358391.941139 Created cell "rt-bench"
1790358391.941175 Page pool usage after cell creation: mem 94/4061, remap 5/131072
1790358391.941201 [MG] Initializing memguard on CPU 3
1790358391.941224 Cell "rt-bench" can be loaded
1790358391.941245 Started cell "rt-bench"
1790358391.941270 [MG] Initializing memguard on CPU 3
1790358391.941302 rt-bench: ws 1024 KB, 1024 loads/period, window 1000
1790358392.976532 W 0 lat 314 462 1185 0 exe 21481 25888 146833 resp 147666 19 pmu 970980 46901 7886191 5307613 45665313
1790358393.916501 W 1 lat 277 296 537 0 exe 14962 19499 118314 resp 118777 15 pmu 970915 46664 7882688 7478344 49886103
1790358394.956463 W 2 lat 277 296 333 0 exe 14925 15111 15685 resp 15981 0 pmu 972764 67 7897449 7122581 38596475
1790358395.996503 W 3 lat 277 296 1277 0 exe 14981 16703 113870 resp 114277 3 pmu 971905 18181 7894090 6072042 42807862
1790358396.932467 W 4 lat 277 296 333 0 exe 14962 15111 16129 resp 16425 0 pmu 972899 107 7900017 7067480 38584308
1790358397.972556 W 5 lat 277 296 592 0 exe 14944 16611 105555 resp 105944 2 pmu 972081 17219 7895159 6076514 42478922
1790358399.012500 W 6 lat 277 296 648 0 exe 14962 17703 119944 resp 120351 7 pmu 972132 29504 7892807 6980220 46808052
1790358399.952498 W 7 lat 296 296 629 0 exe 14962 16648 106407 resp 106814 2 pmu 972217 17652 7893541 7129955 43209872
1790358400.992467 W 8 lat 277 296 333 0 exe 14962 15129 16037 resp 16333 0 pmu 973431 91 7901329 6989411 38541402
1790358401.928497 W 9 lat 277 296 518 0 exe 14981 16648 113777 resp 114129 3 pmu 971782 17461 7884413 6075679 42580533
1790358402.968465 W 10 lat 277 296 333 0 exe 14944 15111 15925 resp 16222 0 pmu 972252 91 7892376 7062322 38551664
1790358404.008497 W 11 lat 277 296 518 0 exe 14925 16611 105092 resp 105407 3 pmu 972139 17448 7894220 6074427 42471313
1790358404.944470 W 12 lat 277 296 333 0 exe 14944 15129 16092 resp 16388 0 pmu 972819 121 7897337 6974660 38565575
1790358405.984499 W 13 lat 277 296 481 0 exe 14962 16648 108018 resp 108499 3 pmu 972427 17700 7898052 6076369 42597678
1790358406.920465 W 14 lat 277 296 333 0 exe 14907 15111 15833 resp 16129 0 pmu 972851 79 7894761 7005093 38548281
1790358407.964496 W 15 lat 277 296 537 0 exe 14962 16629 112814 resp 113351 3 pmu 971957 17349 7893260 6073327 42446396
1790358409.004465 W 16 lat 277 296 333 0 exe 14925 15111 15833 resp 16129 0 pmu 972353 83 7894945 7053575 38544384
1790358409.940498 W 17 lat 296 296 481 0 exe 14962 16629 100759 resp 101074 3 pmu 972297 17639 7891545 6073497 42508526
1790358410.980470 W 18 lat 296 296 351 0 exe 14944 15129 15907 resp 16203 0 pmu 972376 163 7893660 6931688 38536232
1790358411.916497 W 19 lat 296 296 444 0 exe 14944 16666 110499 resp 110925 1 pmu 972166 17913 7898169 6074621 42715547
1790358412.956467 W 20 lat 277 296 333 0 exe 14981 15111 15740 resp 16037 0 pmu 972900 83 7899029 7029515 38550085
1790358414.000498 W 21 lat 277 296 592 0 exe 14962 16611 106722 resp 107074 4 pmu 971619 17373 7885941 6072689 42468771
1790358414.936467 W 22 lat 277 296 333 0 exe 14962 15111 15648 resp 15944 0 pmu 972282 95 7892709 6991889 38505097
1790358415.976498 W 23 lat 277 296 888 0 exe 14962 16648 112388 resp 113277 2 pmu 972079 17717 7889598 6071817 42587083
1790358416.912471 W 24 lat 277 296 333 0 exe 14944 15129 15777 resp 16092 0 pmu 972520 144 7890595 7052948 38596122
1790358417.952501 W 25 lat 277 296 1074 0 exe 14981 17129 107240 resp 107555 2 pmu 971786 23578 7887537 6073221 43673073
1790358418.992466 W 26 lat 277 296 333 0 exe 14925 15111 16333 resp 16629 0 pmu 972129 86 7885796 7002040 38515352
1790358419.928498 W 27 lat 277 296 962 0 exe 14944 17148 114370 resp 114685 3 pmu 972214 23759 7895576 6078437 43794839
1790358420.968466 W 28 lat 296 296 333 0 exe 14962 15111 15925 resp 16222 0 pmu 972917 91 7900184 7072721 38582093
1790358422.012498 W 29 lat 277 296 685 0 exe 14944 16703 130092 resp 130425 3 pmu 971920 17833 7892721 6074572 42658948
1790358422.948467 W 30 lat 296 296 333 0 exe 14944 15129 17166 resp 17481 0 pmu 972605 205 7894341 7226274 38725462
1790358423.988499 W 31 lat 277 296 537 0 exe 14962 16666 109240 resp 109759 3 pmu 972009 17992 7891413 6087197 42598631
1790358424.924470 W 32 lat 277 296 333 0 exe 14962 15129 15777 resp 16074 0 pmu 972790 114 7898450 7017896 38578596
1790358425.964497 W 33 lat 277 296 611 0 exe 14925 16629 107740 resp 108074 1 pmu 971993 17721 7891277 6073341 42534320
1790358427.004473 W 34 lat 277 296 333 0 exe 14962 15111 15740 resp 16037 0 pmu 972793 84 7893253 7001898 38541098
1790358427.940496 W 35 lat 277 296 481 0 exe 14962 16648 103555 resp 103870 3 pmu 972410 17812 7893195 6072694 42492242
1790358428.980473 W 36 lat 296 296 333 0 exe 14944 15111 15648 resp 15944 0 pmu 972301 93 7898143 6959555 38504929
1790358429.916499 W 37 lat 277 296 648 0 exe 14962 16611 114074 resp 114388 3 pmu 972164 17158 7891053 6071801 42473022
1790358430.956464 W 38 lat 277 296 333 0 exe 14962 15111 15574 resp 15870 0 pmu 972536 68 7894707 7065340 38554362
1790358431.996495 W 39 lat 296 296 833 0 exe 14944 17240 114629 resp 115055 2 pmu 972160 24832 7894033 6071122 44022900
1790358432.932476 W 40 lat 277 296 333 0 exe 14962 15111 15666 resp 15962 0 pmu 973167 72 7900192 7075404 38589143
1790358433.972496 W 41 lat 277 296 499 0 exe 14944 17018 110055 resp 110481 2 pmu 972248 22116 7895872 6071966 43424373
1790358435.012471 W 42 lat 296 296 333 0 exe 14925 15111 16129 resp 16425 0 pmu 972376 114 7894622 7026922 38580470
1790358435.948497 W 43 lat 277 296 666 0 exe 14925 17314 111314 resp 111981 1 pmu 971938 25904 7892126 6076471 44204802
1790358436.988468 W 44 lat 277 296 333 0 exe 14944 15111 15444 resp 15740 0 pmu 972756 77 7897417 7042911 38565489
1790358437.924496 W 45 lat 296 296 425 0 exe 14962 17833 104999 resp 105296 3 pmu 972153 31491 7893104 6069727 45411341
1790358438.964465 W 46 lat 277 296 333 0 exe 14962 15111 15481 resp 15796 0 pmu 972538 159 7895244 6979665 38507618
1790358440.004497 W 47 lat 277 296 518 0 exe 14962 17870 112629 resp 112944 2 pmu 971902 31760 7893431 6070382 45527289
1790358440.940467 W 48 lat 277 296 333 0 exe 14944 15148 16037 resp 16333 0 pmu 972536 316 7899032 7056621 38647194
1790358441.984496 W 49 lat 277 296 518 0 exe 14962 17962 103129 resp 103648 2 pmu 972025 32774 7892784 6075861 45780469
1790358442.920465 W 50 lat 296 296 333 0 exe 14962 15148 15888 resp 16185 0 pmu 973034 323 7899241 6963172 38564711
1790358443.960498 W 51 lat 277 296 537 0 exe 14944 17907 104592 resp 105129 5 pmu 972057 32108 7892379 6074519 45637232
1790358445.000465 W 52 lat 277 296 333 0 exe 14925 15111 15851 resp 16148 0 pmu 972976 168 7899541 6977607 38530065
1790358445.936497 W 53 lat 277 296 518 0 exe 14962 18037 124481 resp 124796 4 pmu 972125 33348 7893168 6073756 45911732
1790358446.976468 W 54 lat 296 296 333 0 exe 14925 15129 15888 resp 16203 0 pmu 972306 257 7891717 7176053 38684752
1790358447.912495 W 55 lat 277 296 759 0 exe 14925 18018 107407 resp 108018 2 pmu 971646 33506 7890146 6074393 45861719
1790358448.952465 W 56 lat 277 296 333 0 exe 14925 15111 16370 resp 16666 0 pmu 972157 158 7886531 7007638 38520287
1790358449.996497 W 57 lat 277 296 555 0 exe 14962 17888 115092 resp 115648 1 pmu 972122 32088 7891166 6078922 45631336
1790358450.932482 W 58 lat 277 296 333 0 exe 14944 15129 15703 resp 16018 0 pmu 973463 219 7903563 7082758 38613889
1790358451.972493 W 59 lat 277 296 444 0 exe 14981 17925 108685 resp 108999 3 pmu 972305 32355 7897291 6072506 45630627
1790358453.012468 W 60 lat 277 296 333 0 exe 14962 15129 16166 resp 16462 0 pmu 972156 317 7895293 7017261 38606113
1790358453.948496 W 61 lat 277 296 537 0 exe 14962 17925 117333 resp 117685 3 pmu 971765 32122 7887442 6077130 45712540
1790358454.988467 W 62 lat 277 296 333 0 exe 14962 15111 15648 resp 15944 0 pmu 972735 109 7894933 7104316 38579298
1790358455.924496 W 63 lat 277 296 740 0 exe 14944 17796 110481 resp 110907 2 pmu 971810 30759 7892921 6071886 45333176
1790358456.964467 W 64 lat 277 296 333 0 exe 14944 15129 15796 resp 16092 0 pmu 972828 240 7895968 7036356 38576236
1790358458.012499 W 65 lat 296 296 518 0 exe 14925 18611 103648 resp 103981 1 pmu 971713 41102 7890871 6073433 47573779
1790358458.948468 W 66 lat 277 296 444 0 exe 14962 15666 52222 resp 52611 0 pmu 971836 6719 7888889 6970524 40292384
1790358459.988496 W 67 lat 277 296 629 0 exe 14981 17240 103907 resp 104481 2 pmu 972175 24943 7894841 6441492 44183646
1790358460.940751 W 68 lat 296 2944 9648 0 exe 15018 356277 562555 resp 567092 899 pmu 992361 890920 8112237 6970902 917339748
1790358462.000687 W 69 lat 314 2685 9074 0 exe 94444 370518 574722 resp 579888 997 pmu 982049 925248 7969551 13331707 951206556
1790358462.956721 W 70 lat 314 3185 9648 0 exe 96888 393129 580925 resp 583407 995 pmu 994077 975126 8117086 13920891 1024715393
1790358464.000660 W 71 lat 296 3537 8574 0 exe 98351 439870 594425 resp 599907 998 pmu 1002956 987936 8165057 14100060 1134140433
1790358464.944775 W 72 lat 314 2777 9333 0 exe 93259 371314 575259 resp 581611 997 pmu 981878 940294 7999339 14487407 959727685
1790358465.992856 W 73 lat 314 3333 8611 0 exe 96703 430185 575907 resp 582222 999 pmu 999068 984990 8121688 13932139 1108094706
1790358466.944673 W 74 lat 351 3648 8351 0 exe 94740 439018 590703 resp 595888 998 pmu 1004683 993712 8212176 14248908 1136995272
1790358467.992869 W 75 lat 351 3814 10111 0 exe 92814 426370 583037 resp 587629 999 pmu 1006699 1000120 8223267 14426062 1106760818
1790358468.936847 W 76 lat 314 3388 9462 0 exe 95907 431611 572518 resp 576685 998 pmu 998627 983671 8136367 14283084 1114813589
1790358469.988887 W 77 lat 314 3629 9351 0 exe 93981 425444 583740 resp 589870 999 pmu 1003851 994092 8193903 14212108 1105251866
1790358470.936914 W 78 lat 499 3851 9296 0 exe 98018 441833 571537 resp 577611 999 pmu 1008118 1005008 8238096 14294129 1147048632
1790358471.984891 W 79 lat 351 3833 9351 0 exe 96351 456259 580092 resp 584907 999 pmu 1007993 1009812 8229440 14275749 1180121167
1790358472.936884 W 80 lat 351 3629 9333 0 exe 97666 445222 596814 resp 601148 999 pmu 1005196 1001527 8199468 14418292 1151697676
1790358473.988781 W 81 lat 296 3537 10240 0 exe 54499 406907 583944 resp 588148 967 pmu 1001593 975553 8180233 14533351 1056978673
1790358474.928873 W 82 lat 314 2648 8185 0 exe 96166 357277 589870 resp 593037 999 pmu 977709 921905 7938534 14000514 919591032
1790358475.984749 W 83 lat 296 3388 8759 0 exe 100333 441888 567074 resp 572999 1000 pmu 1010005 1009225 8259660 14000086 1148887200
1790358476.920882 W 84 lat 314 3796 9814 0 exe 99074 463537 581351 resp 585944 1000 pmu 1013545 1015848 8273914 14236072 1199656786
1790358477.976867 W 85 lat 296 3740 8351 0 exe 94925 464722 581833 resp 589481 999 pmu 1007168 1005415 8204947 14481788 1197029907
1790358478.924926 W 86 lat 351 3814 8537 0 exe 94888 466444 587314 resp 590888 999 pmu 1009008 1007835 8268733 14479337 1203355154
1790358479.972677 W 87 lat 314 3851 9462 0 exe 99481 462037 601851 resp 605759 1000 pmu 1010820 1009160 8260958 14523799 1193242363
1790358481.020771 W 88 lat 296 3703 10314 0 exe 99629 434888 589740 resp 593592 1000 pmu 1006509 996361 8207349 14676203 1128630719
1790358481.964884 W 89 lat 462 3425 8722 0 exe 98166 433796 569240 resp 573148 999 pmu 998319 972644 8116150 14423392 1114647560
1790358483.012905 W 90 lat 314 3574 9481 0 exe 97388 438629 591925 resp 597722 998 pmu 1002901 994574 8200391 14197418 1135838873
1790358483.956723 W 91 lat 314 3759 9574 0 exe 93388 451759 579796 resp 586018 999 pmu 1008132 1007363 8213004 14457772 1169141242
1790358485.016532 W 92 lat 351 3518 8592 0 exe 94203 442129 580851 resp 585592 998 pmu 999972 980095 8183572 14385695 1136925244
1790358485.956910 W 93 lat 462 3666 8462 0 exe 96703 436444 580740 resp 584851 998 pmu 1005109 999436 8202940 14338738 1133272474
1790358487.012739 W 94 lat 314 3388 10185 0 exe 98518 426333 585796 resp 589722 999 pmu 997578 979535 8115674 14319202 1097625168
1790358487.956562 W 95 lat 333 3351 9574 0 exe 98888 424666 586740 resp 590333 999 pmu 996629 967881 8121606 14334038 1094516697
1790358489.008756 W 96 lat 314 3185 9259 0 exe 99037 393055 577944 resp 584555 999 pmu 991850 968120 8098699 14332138 1019661610
1790358489.956828 W 97 lat 296 2907 8666 0 exe 57407 399907 566962 resp 570388 976 pmu 987631 945421 8041175 14099280 1026584693
1790358491.000769 W 98 lat 296 2888 8740 0 exe 97074 381574 580481 resp 583907 996 pmu 987961 957053 8021472 13795364 988169431
1790358491.948784 W 99 lat 314 3314 9018 0 exe 96481 418888 589999 resp 595888 999 pmu 993812 957604 8116302 14037468 1076715666
1790358493.004855 W 100 lat 333 3574 9759 0 exe 94055 427592 591129 resp 595833 996 pmu 1003007 1001827 8164085 14332129 1111348845
1790358493.948767 W 101 lat 351 3444 9907 0 exe 98055 434981 572999 resp 577555 998 pmu 1000668 992311 8163335 14373904 1123802473
1790358494.999946 W 102 lat 314 3499 9462 0 exe 93314 437037 577185 resp 581092 998 pmu 999245 986733 8164094 14249082 1126683262
1790358495.936863 W 103 lat 333 3574 9481 0 exe 95203 422740 587074 resp 592592 999 pmu 1003874 1002099 8193821 14272105 1100075858
1790358496.984801 W 104 lat 388 3722 9870 0 exe 97685 436351 583370 resp 588185 999 pmu 1003671 984308 8171997 14317448 1126135281
1790358497.928563 W 105 lat 296 3388 9425 0 exe 95611 416203 573814 resp 576574 999 pmu 998337 976842 8139832 14360507 1077779302
1790358498.976792 W 106 lat 296 3611 9851 0 exe 94759 432999 603796 resp 609740 998 pmu 1004564 1008143 8197137 14139290 1126875709
1790358499.920783 W 107 lat 425 3407 9351 0 exe 96222 415314 571722 resp 574277 999 pmu 996943 964071 8148709 14537928 1070852815
1790358500.968905 W 108 lat 499 3777 8999 0 exe 95444 430629 593870 resp 596944 998 pmu 1006612 999410 8229439 14116241 1120815496
1790358502.020859 W 109 lat 462 3944 9925 0 exe 98944 447499 569555 resp 574351 999 pmu 1009270 1006837 8240065 14413427 1157988032
1790358502.964857 W 110 lat 370 3648 9759 0 exe 93981 448796 579592 resp 583777 998 pmu 1004964 1002958 8198477 14286050 1159588222
1790358504.016922 W 111 lat 314 4129 8944 0 exe 99462 480740 589518 resp 593648 999 pmu 1015160 1030812 8298391 14362368 1243131851
1790358504.964873 W 112 lat 351 3851 9629 0 exe 107462 490555 582074 resp 587574 1000 pmu 1020426 1034783 8371654 14646243 1267522297
1790358506.016893 W 113 lat 314 3962 8833 0 exe 97518 483907 583796 resp 587259 999 pmu 1016852 1032595 8319175 14670132 1250439703
1790358506.968763 W 114 lat 314 3111 9092 0 exe 95777 407259 574333 resp 579370 997 pmu 993362 971172 8068816 14590655 1052302371
1790358508.016689 W 115 lat 314 3185 9037 0 exe 95388 416148 570314 resp 574611 999 pmu 993540 955103 8109324 14108961 1070663582
1790358508.964867 W 116 lat 296 3388 7981 0 exe 94796 429462 579481 resp 583351 994 pmu 1001208 1005307 8167618 14107450 1112992100
1790358510.012794 W 117 lat 314 3351 8129 0 exe 98055 426888 584037 resp 586388 998 pmu 997118 966663 8106200 14256272 1098271934
1790358510.960791 W 118 lat 314 2462 8222 0 exe 95703 355259 563703 resp 568537 996 pmu 976575 931426 7953621 14298407 918283187
1790358512.012731 W 119 lat 333 3185 7907 0 exe 95999 424499 565351 resp 568314 997 pmu 991693 964253 8055575 13733680 1090240503
1790358512.968522 W 120 lat 314 3370 8833 0 exe 94166 428277 584648 resp 588462 996 pmu 997340 988976 8153384 14090656 1108632698
1790358514.004763 W 121 lat 296 3259 8796 0 exe 94814 417203 590944 resp 594777 995 pmu 996998 978465 8104492 14303003 1079317005
1790358514.952840 W 122 lat 333 3148 7981 0 exe 95388 412444 588833 resp 594222 997 pmu 991321 961665 8094793 14313085 1061018561
1790358516.000842 W 123 lat 296 2574 7981 0 exe 94351 363777 573777 resp 577611 995 pmu 979314 930370 7941690 14274260 937735602
1790358516.948663 W 124 lat 296 3351 9240 0 exe 93888 423407 593555 resp 597111 997 pmu 995555 973265 8115440 13864686 1092285007
1790358518.004696 W 125 lat 296 3481 8037 0 exe 95481 438537 580703 resp 583462 996 pmu 1003342 1008071 8189244 14366861 1137764278
1790358518.948892 W 126 lat 314 3277 9074 0 exe 95074 432833 556481 resp 560999 999 pmu 995816 972285 8131462 14312609 1112365847
1790358520.000821 W 127 lat 333 3703 9240 0 exe 93777 457074 581185 resp 584814 998 pmu 1006858 1015982 8220816 14052896 1182319706
1790358520.936502 W 128 lat 277 555 6796 0 exe 14944 55648 547296 resp 550814 115 pmu 974076 144038 7887909 14410602 153441688
1790358521.976479 W 129 lat 277 296 333 0 exe 14944 15222 19944 resp 20240 0 pmu 972385 1080 7895075 11641130 41655360
1790358522.928773 W 130 lat 277 2796 7092 0 exe 14981 330037 632703 resp 638037 853 pmu 1018276 897911 8416655 6117806 852158418
1790358523.980740 W 131 lat 611 3203 7814 0 exe 255796 382407 438962 resp 441944 1000 pmu 1032302 1048461 8534880 13892156 991027744
1790358524.932761 W 132 lat 1648 3370 6092 0 exe 324592 380907 437666 resp 443166 1000 pmu 1032321 1045833 8540994 13416174 987310385
1790358525.996749 W 133 lat 1092 3351 6222 0 exe 291148 375944 435314 resp 440240 1000 pmu 1031851 1039225 8530109 13749801 975905668
1790358526.944772 W 134 lat 1703 3444 6259 0 exe 316759 379611 436833 resp 441185 1000 pmu 1032291 1039812 8541342 13529008 984568036
1790358527.996765 W 135 lat 1740 3444 6481 0 exe 307833 379037 440759 resp 444592 1000 pmu 1032270 1040185 8541030 13691529 983505523
1790358528.948764 W 136 lat 1685 3444 7518 0 exe 307203 379259 429722 resp 433333 1000 pmu 1032254 1041622 8546346 13681954 983775608
1790358530.012770 W 137 lat 1259 3351 6407 0 exe 277074 377499 446185 resp 450777 1000 pmu 1032145 1044230 8541520 13573501 979507536
1790358530.960799 W 138 lat 1777 3499 6814 0 exe 321370 378703 436851 resp 440555 1000 pmu 1032431 1040273 8539043 13575475 982427426
1790358532.000790 W 139 lat 1814 3444 6944 0 exe 316537 378037 435407 resp 438722 1000 pmu 1032395 1040794 8546685 13710525 980828525
1790358532.940752 W 140 lat 1259 3425 6351 0 exe 300925 379055 441370 resp 444759 1000 pmu 1032093 1038382 8534178 13667185 981771901
1790358533.980780 W 141 lat 1574 3333 6796 0 exe 318148 383259 445074 resp 449796 1000 pmu 1032232 1044184 8539957 13648307 993136870
1790358535.020795 W 142 lat 1740 3481 7314 0 exe 337629 383555 438722 resp 441703 1000 pmu 1032329 1041777 8543225 13802607 993918627
1790358535.956774 W 143 lat 1259 3425 6537 0 exe 324722 381759 434999 resp 439555 1000 pmu 1032270 1039031 8540484 13833377 989861992
1790358536.996765 W 144 lat 1592 3425 7055 0 exe 323111 381666 438666 resp 441518 1000 pmu 1032136 1038351 8526950 13723986 989255882
1790358537.936792 W 145 lat 981 3425 6407 0 exe 269611 383611 433648 resp 438314 1000 pmu 1032395 1041643 8539494 13747790 994232856
1790358538.992749 W 146 lat 1370 3333 5333 0 exe 311833 383944 434129 resp 437648 1000 pmu 1032244 1043544 8526122 13442608 994513858
1790358539.936739 W 147 lat 870 3333 6648 0 exe 262370 381444 446759 resp 450888 1000 pmu 1032017 1043657 8539794 13650501 989105036
1790358540.984750 W 148 lat 1296 3370 6259 0 exe 295962 383462 441925 resp 446407 1000 pmu 1032416 1043869 8538083 13524155 993570225
1790358541.924750 W 149 lat 1685 3481 8296 0 exe 335259 383777 438296 resp 441648 1000 pmu 1032470 1041010 8539701 13656030 994664084
1790358542.984771 W 150 lat 1777 3351 6351 0 exe 323814 383777 447222 resp 451037 1000 pmu 1032183 1041711 8533364 13824801 994559079
1790358543.940765 W 151 lat 1277 3370 13148 0 exe 312999 382518 438333 resp 443796 1000 pmu 1032147 1043842 8539347 13849304 991694311
1790358544.984725 W 152 lat 1666 3407 6333 0 exe 335574 383740 441685 resp 446074 1000 pmu 1032370 1041148 8541699 13739879 994476097
1790358545.932763 W 153 lat 1425 3370 6074 0 exe 254999 381870 439611 resp 443185 1000 pmu 1032166 1038194 8532351 13855153 990156299
1790358546.988786 W 154 lat 1277 3444 7333 0 exe 286537 383074 434851 resp 438870 1000 pmu 1032114 1038737 8532811 13415271 992531266
1790358547.936773 W 155 lat 888 3407 6777 0 exe 286277 383092 456611 resp 460148 1000 pmu 1032341 1040183 8541272 13539583 993103777
1790358548.980722 W 156 lat 444 3222 7333 0 exe 324574 383111 456240 resp 459870 1000 pmu 1032400 1042373 8539623 13748637 992723735
1790358549.928754 W 157 lat 1333 3462 7888 0 exe 295925 378129 438481 resp 442407 1000 pmu 1032218 1039692 8539227 13936581 981167556
1790358550.976760 W 158 lat 1425 3388 7629 0 exe 331259 379592 439407 resp 442870 1000 pmu 1032127 1043644 8533853 13600821 984283226
1790358552.016794 W 159 lat 1351 3444 6703 0 exe 305925 378740 429259 resp 434129 1000 pmu 1032309 1041867 8541444 13790463 982474091
1790358552.952739 W 160 lat 1351 3351 6111 0 exe 269870 376314 436203 resp 440574 1000 pmu 1031926 1042525 8542152 13560323 976794793
1790358554.008702 W 161 lat 1574 3444 6092 0 exe 301222 378499 443888 resp 449407 1000 pmu 1032346 1042967 8550894 13431457 981615065
1790358554.972801 W 162 lat 1277 3481 6888 0 exe 299314 377648 432925 resp 438370 1000 pmu 1032124 1039776 8535307 13683236 980047840
1790358556.016768 W 163 lat 1111 3370 5907 0 exe 287648 375722 445555 resp 450944 1000 pmu 1032079 1037364 8536367 13562205 975127080
1790358556.952795 W 164 lat 1481 3518 7370 0 exe 299981 377111 439796 resp 443907 1000 pmu 1032463 1038522 8544585 13613967 978934615
1790358557.992768 W 165 lat 1592 3444 7166 0 exe 323574 378370 437592 resp 443092 1000 pmu 1032237 1039930 8542626 13628581 981737446
1790358558.932642 W 166 lat 962 3407 6574 0 exe 305444 377685 444851 resp 450518 1000 pmu 1032123 1038974 8531474 13736878 979706680
1790358559.968835 W 167 lat 1407 3462 6555 0 exe 302722 380074 437870 resp 441888 1000 pmu 1032314 1038595 8542264 13709927 984261419
1790358561.008747 W 168 lat 1055 3351 7166 0 exe 297481 379444 437685 resp 442185 1000 pmu 1032061 1038520 8536638 13632494 983879956
1790358561.952767 W 169 lat 1425 3425 7851 0 exe 293462 381555 440796 resp 444407 1000 pmu 1032141 1038493 8536918 13604566 988702510
1790358563.016904 W 170 lat 1240 3277 7888 0 exe 275092 375759 435703 resp 439888 1000 pmu 1031957 1045446 8516993 13627209 977266169
1790358563.988869 W 171 lat 462 3074 5944 0 exe 131592 361148 437814 resp 441240 1000 pmu 1031210 1047193 8518035 13457068 943729454
1790358564.940772 W 172 lat 1611 3388 6851 0 exe 193574 382129 432851 resp 436370 1000 pmu 1032168 1046854 8533596 12668817 990428194
1790358566.004765 W 173 lat 1574 3425 7388 0 exe 325351 384185 437296 resp 440685 1000 pmu 1032215 1044208 8544639 13046500 994893280
1790358566.944771 W 174 lat 1259 3351 7407 0 exe 290907 382740 441499 resp 447240 1000 pmu 1032252 1042126 8531010 13762086 992230158
1790358568.012753 W 175 lat 1259 3444 7203 0 exe 320777 383185 448685 resp 452518 1000 pmu 1032328 1041115 8542653 13634465 992869719
1790358568.952778 W 176 lat 1259 3370 6240 0 exe 323611 382537 441351 resp 446203 1000 pmu 1032213 1039765 8531195 13848028 991700163
1790358569.992784 W 177 lat 1611 3407 5796 0 exe 311777 382481 434722 resp 438407 1000 pmu 1032297 1041370 8539626 13785384 991347287
1790358570.932670 W 178 lat 1129 3444 7222 0 exe 306055 383333 438777 resp 442111 1000 pmu 1032077 1040024 8531398 13653770 993411398
1790358571.968822 W 179 lat 1444 3425 6277 0 exe 304240 381703 433314 resp 437592 1000 pmu 1032144 1038930 8535915 13672915 989700643
1790358573.008803 W 180 lat 1333 3370 6074 0 exe 305129 382407 447888 resp 452425 1000 pmu 1032149 1039520 8546411 13602567 991183038
1790358573.948759 W 181 lat 1240 3499 6574 0 exe 333314 383462 436648 resp 440777 1000 pmu 1032243 1042033 8537136 13755611 993705091
1790358574.996780 W 182 lat 814 3185 5907 0 exe 115796 370222 436074 resp 441462 1000 pmu 1031888 1044137 8530894 13790190 964010209
1790358575.932766 W 183 lat 1314 3333 7240 0 exe 303296 383759 428888 resp 432629 1000 pmu 1032221 1045686 8537535 12629740 993566902
1790358576.980757 W 184 lat 1185 3462 6833 0 exe 316370 383388 435370 resp 439185 1000 pmu 1032206 1041463 8539581 13564946 993728921
1790358577.924789 W 185 lat 1666 3407 6851 0 exe 335259 385444 445888 resp 451166 1000 pmu 1032621 1047670 8555876 13691613 998577814
1790358578.984758 W 186 lat 870 3259 7444 0 exe 300296 384388 450166 resp 451740 1000 pmu 1032097 1046220 8531860 13911166 996215098
1790358579.928763 W 187 lat 499 3129 6555 0 exe 296074 379370 437277 resp 440796 1000 pmu 1032048 1046367 8542745 13753296 983591810
1790358580.988789 W 188 lat 1259 3388 7944 0 exe 287629 378351 433740 resp 437388 1000 pmu 1032181 1045331 8544610 13581274 981705389
1790358581.924816 W 189 lat 1296 3407 6425 0 exe 294851 379962 434407 resp 440833 1000 pmu 1032279 1046526 8551109 13511137 985067808
1790358582.964499 W 190 lat 277 870 5888 0 exe 14962 83685 431203 resp 434444 193 pmu 983296 225481 7986913 13566128 220350850
1790358584.004469 W 191 lat 277 296 314 0 exe 14962 15111 15722 resp 16018 0 pmu 972288 158 7892525 10616022 40712361
1790358584.226893 Closing cell "rt-bench"
1790358584.226985 [MG] Initializing memguard on CPU 3
1790358584.227025 [SMMUv2] Exiting SMMUv2 on cell 1
1790358584.227079 Page pool usage after cell destruction: mem 83/4061, remap 5/131072
1790358584.227121 [MG] Initializing memguard on CPU 3
1790358584.227157 [MG] Initializing memguard on CPU 3
1790358584.227236 [COL] Colored OP 0: PHYS 0x30000000 -> VIRT 0x00000000 (SIZE: 0x00400000, COL: 0x000000ff, extra: 0x0000000000000000)
1790358584.227266 [COL] Result: 0
1790358584.227301 [MG] Initializing memguard on CPU 3
1790358584.227331 Created cell "rt-bench"
1790358584.227381 Page pool usage after cell creation: mem 98/4061, remap 5/131072
1790359511.584183 <missed 20201 bytes of console log>
1790359511.584682 000000 -> VIRT 0x00000000 (SIZE: 0x00400000, COL: 0x000000ff, extra: 0x0000000000000001)
1790359511.584712 [COL] Result: 0
1790359511.584735 Started cell "rt-bench"
1790359511.584762 [MG] Initializing memguard on CPU 3
1790359511.584794 rt-bench: ws 512 KB, 1024 loads/period, window 1000
1790359511.584845 W 0 lat 351 462 1444 0 exe 19222 26814 177592 resp 178333 30 pmu 1003202 49185 8211874 5307622 46781797
1790359511.584896 W 1 lat 296 314 592 0 exe 15314 17685 116314 resp 116814 12 pmu 1005760 21520 8236210 7780247 44743011
1790359511.584946 W 2 lat 296 296 796 0 exe 15296 16481 105574 resp 105907 2 pmu 1006655 11729 8242673 7095583 42662001
1790359511.584995 W 3 lat 296 296 333 0 exe 15314 15611 37888 resp 38222 0 pmu 1007027 1776 8244494 6982310 39817465
1790359511.585055 W 4 lat 296 296 759 0 exe 15333 16425 103555 resp 104314 1 pmu 1006858 11147 8241059 6298748 42037591
1790359511.585103 W 5 lat 296 296 333 0 exe 15314 15481 17777 resp 18092 0 pmu 1007196 262 8239997 6963904 39440677
1790359511.585153 W 6 lat 296 462 2925 0 exe 15370 49999 511796 resp 514722 87 pmu 991970 203466 8115345 6097237 189936201
1790359511.585201 W 7 lat 296 296 333 0 exe 15314 15518 19370 resp 19685 0 pmu 1007377 538 8246830 11237204 42112764
1790359511.585250 W 8 lat 296 314 944 0 exe 15333 22203 142740 resp 143129 24 pmu 1003377 72739 8213833 6113053 58859547
1790359511.585297 W 9 lat 296 296 333 0 exe 15314 15481 16833 resp 17148 0 pmu 1007388 193 8246463 7383875 39667628
1790359511.585319 Closing cell "rt-bench"
1790359511.585343 [MG] Initializing memguard on CPU 3
1790359511.585366 [SMMUv2] Exiting SMMUv2 on cell 1
1790359511.585419 [COL] Colored OP 1: PHYS 0x30000000 -> VIRT 0x00000000 (SIZE: 0x00400000, COL: 0x000000ff, extra: 0x0000000000000000)
1790359511.585439 [COL] Result: 0
1790359511.585492 [COL] Colored OP 4: PHYS 0x30000000 -> VIRT 0x00000000 (SIZE: 0x00400000, COL: 0x000000ff, extra: 0x0000000000000001)
1790359511.585511 [COL] Result: 0
1790359511.585546 Page pool usage after cell destruction: mem 85/4061, remap 5/131072
1790359511.585571 [MG] Initializing memguard on CPU 3
1790359511.585595 [MG] Initializing memguard on CPU 3
1790359511.585619 [MG] Initializing memguard on CPU 3
1790359511.585639 Created cell "rt-bench"
1790359511.585673 Page pool usage after cell creation: mem 94/4061, remap 5/131072
1790359511.585698 [MG] Initializing memguard on CPU 3
1790359511.585720 Cell "rt-bench" can be loaded
1790359511.585740 Started cell "rt-bench"
1790359511.585763 [MG] Initializing memguard on CPU 3
1790359511.585794 rt-bench: ws 1024 KB, 1024 loads/period, window 1000
1790359512.624467 W 0 lat 314 462 1759 0 exe 21444 27722 140111 resp 140666 28 pmu 969519 66455 7868876 5307642 49794133
1790359513.560428 W 1 lat 296 296 796 0 exe 14981 18092 118296 resp 118796 12 pmu 971084 29875 7881921 7421658 45648572
1790359514.600454 W 2 lat 296 296 518 0 exe 14962 16629 108814 resp 109203 3 pmu 972043 17351 7886579 7116959 43136742
1790359515.640433 W 3 lat 296 296 388 0 exe 14962 15203 21462 resp 21777 0 pmu 972032 916 7884642 7012702 38893501
1790359516.576453 W 4 lat 296 296 425 0 exe 14925 16648 111777 resp 112203 3 pmu 972002 17627 7883285 6130789 42675057
1790359517.616482 W 5 lat 296 296 333 0 exe 14944 15129 17592 resp 17888 0 pmu 972598 251 7895280 7041965 38642040
1790359517.738694 Closing cell "rt-bench"
1790359517.738800 [MG] Initializing memguard on CPU 3
1790359517.738845 [SMMUv2] Exiting SMMUv2 on cell 1
1790359517.738900 Page pool usage after cell destruction: mem 83/4061, remap 5/131072
1790359517.738943 [MG] Initializing memguard on CPU 3
1790359517.738982 [MG] Initializing memguard on CPU 3
1790359517.739104 [COL] Colored OP 0: PHYS 0x30000000 -> VIRT 0x00000000 (SIZE: 0x00400000, COL: 0x000000ff, extra: 0x0000000000000000)
1790359517.739140 [COL] Result: 0
1790359517.739178 [MG] Initializing memguard on CPU 3
1790359517.739248 Created cell "rt-bench"
1790359517.739301 Page pool usage after cell creation: mem 98/4061, remap 5/131072
