1790340956.629587 CONFIG performance 2400000
1790340962.867435 START s1 idle 1
1790341262.876130 END s1 idle 1 0
1790341262.892202 START s1 idle 2
1790341562.898668 END s1 idle 2 0
1790341562.914212 START s1 idle 3
1790341862.920382 END s1 idle 3 0
1790341862.982926 START s3 idle 1
1790341922.989950 END s3 idle 1 0
1790341925.008364 START s3 cache 1
1790341985.127591 END s3 cache 1 0
1790341987.144284 START s3 stream 1
1790342047.187962 END s3 stream 1 0
1790342049.206469 START s3 memcpy 1
1790342109.241901 END s3 memcpy 1 0
1790342111.263412 START s3 vm 1
1790342171.303234 END s3 vm 1 0
1790342173.321952 START s3 pwalk 1
1790342233.076112 END s3 pwalk 1 0
1790342235.095469 START s3 idle 2
1790342295.102221 END s3 idle 2 0
1790342297.120710 START s3 cache 2
1790342357.146207 END s3 cache 2 0
1790342359.165333 START s3 stream 2
1790342419.200276 END s3 stream 2 0
1790342421.218968 START s3 memcpy 2
1790342481.244351 END s3 memcpy 2 0
1790342483.263469 START s3 vm 2
1790342543.316615 END s3 vm 2 0
1790342545.336043 START s3 pwalk 2
1790342605.106061 END s3 pwalk 2 0
1790342607.125130 START s3 idle 3
1790342667.134119 END s3 idle 3 0
1790342669.152917 START s3 cache 3
1790342729.178105 END s3 cache 3 0
1790342731.197064 START s3 stream 3
1790342791.240009 END s3 stream 3 0
1790342793.259266 START s3 memcpy 3
1790342853.294113 END s3 memcpy 3 0
1790342855.313079 START s3 vm 3
1790342915.343803 END s3 vm 3 0
1790342917.363197 START s3 pwalk 3
1790342977.108154 END s3 pwalk 3 0
1790349062.654448 CONFIG performance 2400000
1790349068.941471 START s2 bitonicsort 1
1790349098.967457 END s2 bitonicsort 1 0
1790349100.986172 START s2 bsearch 1
1790349131.010979 END s2 bsearch 1 0
1790349133.030889 START s2 bubblesort 1
1790349163.054906 END s2 bubblesort 1 0
1790349165.074015 START s2 cache 1
1790349195.100332 END s2 cache 1 0
1790349197.119641 START s2 cachehammer 1
1790349227.148851 END s2 cachehammer 1 0
1790349229.169049 START s2 cacheline 1
1790349259.192999 END s2 cacheline 1 0
1790349261.213393 START s2 dekker 1
1790349291.240163 END s2 dekker 1 0
1790349293.259358 START s2 far-branch 1
1790349323.298464 END s2 far-branch 1 0
1790349325.317845 START s2 fibsearch 1
1790349355.345074 END s2 fibsearch 1 0
1790349357.363937 START s2 flushcache 1
1790349387.393859 END s2 flushcache 1 0
1790349389.413177 START s2 heapsort 1
1790349419.439333 END s2 heapsort 1 0
1790349421.461394 START s2 hsearch 1
1790349451.483917 END s2 hsearch 1 0
1790349453.502816 START s2 icache 1
1790349483.527259 END s2 icache 1 0
1790349485.546299 START s2 insertionsort 1
1790349515.571207 END s2 insertionsort 1 0
1790349517.590262 START s2 judy 1
1790349547.639556 END s2 judy 1 0
1790349549.658717 START s2 l1cache 1
1790349581.336108 END s2 l1cache 1 0
1790349583.354988 START s2 list 1
1790349613.379090 END s2 list 1 0
1790349615.397894 START s2 llc-affinity 1
1790349645.423279 END s2 llc-affinity 1 0
1790349647.565072 START s2 lockbus 1
1790349677.595830 END s2 lockbus 1 0
1790349679.656264 START s2 lsearch 1
1790349709.679131 END s2 lsearch 1 0
1790349711.697950 START s2 malloc 1
1790349741.892163 END s2 malloc 1 0
1790349744.092508 START s2 matrix 1
1790349774.530984 END s2 matrix 1 0
1790349776.549700 START s2 matrix-3d 1
1790349806.624955 END s2 matrix-3d 1 0
1790349808.643846 START s2 membarrier 1
1790349838.707180 END s2 membarrier 1 0
1790349840.725866 START s2 memcpy 1
1790349870.760638 END s2 memcpy 1 0
1790349872.779780 START s2 mergesort 1
1790349902.803479 END s2 mergesort 1 0
1790349904.822150 START s2 misaligned 1
1790349934.844195 END s2 misaligned 1 0
1790349936.863754 START s2 peterson 1
1790349966.887948 END s2 peterson 1 0
1790349968.907108 START s2 prefetch 1
1790349999.019522 END s2 prefetch 1 0
1790350001.038231 START s2 ptr-chase 1
1790350031.067990 END s2 ptr-chase 1 0
1790350033.087176 START s2 qsort 1
1790350063.110377 END s2 qsort 1 0
1790350065.129700 START s2 radixsort 1
1790350095.155560 END s2 radixsort 1 0
1790350097.174906 START s2 shellsort 1
1790350127.199938 END s2 shellsort 1 0
1790350129.220034 START s2 skiplist 1
1790350159.242800 END s2 skiplist 1 0
1790350161.262708 START s2 sparsematrix 1
1790350191.295512 END s2 sparsematrix 1 0
1790350193.314848 START s2 spinmem 1
1790350223.343329 END s2 spinmem 1 0
1790350225.362209 START s2 str 1
1790350255.384708 END s2 str 1 0
1790350257.403817 START s2 stream 1
1790350287.456785 END s2 stream 1 0
1790350289.476154 START s2 tree 1
1790350319.500350 END s2 tree 1 0
1790350321.519326 START s2 tsearch 1
1790350351.605350 END s2 tsearch 1 0
1790350353.624329 START s2 wcs 1
1790350383.646241 END s2 wcs 1 0
1790350385.665594 START s2 zlib 1
1790350416.182940 END s2 zlib 1 0
1790350418.202110 START s2 atomic 1
1790350448.252196 END s2 atomic 1 0
1790350450.271389 START s2 bad-altstack 1
1790350480.293783 END s2 bad-altstack 1 0
1790350482.313277 START s2 context 1
1790350512.339070 END s2 context 1 0
1790350514.358093 START s2 full 1
1790350544.384239 END s2 full 1 0
1790350546.403128 START s2 mcontend 1
1790350576.428761 END s2 mcontend 1 0
1790350578.449399 START s2 memfd 1
1790350608.486150 END s2 memfd 1 0
1790350610.505415 START s2 memrate 1
1790350641.838225 END s2 memrate 1 0
1790350643.991223 START s2 memthrash 1
1790350674.493973 END s2 memthrash 1 0
1790350676.659587 START s2 mincore 1
1790350706.729491 END s2 mincore 1 0
1790350708.750407 START s2 null 1
1790350738.774082 END s2 null 1 0
1790350740.793143 START s2 numa 1
1790350770.816921 END s2 numa 1 0
1790350772.836253 START s2 pipe 1
1790350802.858746 END s2 pipe 1 0
1790350804.877565 START s2 pipeherd 1
1790350905.572019 END s2 pipeherd 1 124
1790350907.610090 START s2 randlist 1
1790350937.650378 END s2 randlist 1 0
1790350939.669450 START s2 remap 1
1790350969.704794 END s2 remap 1 0
1790350971.725294 START s2 rmap 1
1790351107.953360 END s2 rmap 1 124
1790351109.984857 START s2 stack 1
1790351140.023499 END s2 stack 1 0
1790351142.041844 START s2 stackmmap 1
1790351172.065255 END s2 stackmmap 1 0
1790351174.084089 START s2 tlb-shootdown 1
1790351211.313736 END s2 tlb-shootdown 1 0
1790351213.361957 START s2 vm 1
1790351243.400939 END s2 vm 1 0
1790351245.419610 START s2 vm-addr 1
1790351277.018151 END s2 vm-addr 1 0
1790351279.037132 START s2 vm-rw 1
1790351309.066106 END s2 vm-rw 1 0
1790351311.085439 START s2 vm-segv 1
1790351341.108148 END s2 vm-segv 1 0
1790351343.128104 START s2 zero 1
1790351373.149800 END s2 zero 1 0
1790351375.169541 START s2 af-alg 1
1790351405.192168 END s2 af-alg 1 0
1790351407.211195 START s2 besselmath 1
1790351437.644584 END s2 besselmath 1 0
1790351439.663285 START s2 bitops 1
1790351469.684974 END s2 bitops 1 0
1790351471.706873 START s2 branch 1
1790351501.728793 END s2 branch 1 0
1790351503.748081 START s2 cpu 1
1790351533.810365 END s2 cpu 1 0
1790351535.829291 START s2 crypt 1
1790351565.852412 END s2 crypt 1 0
1790351567.871958 START s2 dfp 1
1790351597.923938 END s2 dfp 1 0
1790351599.944335 START s2 easy-opcode 1
1790351629.971690 END s2 easy-opcode 1 0
1790351631.990627 START s2 eigen 1
1790351662.016944 END s2 eigen 1 0
1790351664.037550 START s2 expmath 1
1790351694.101447 END s2 expmath 1 0
1790351696.121525 START s2 factor 1
1790351726.143296 END s2 factor 1 0
1790351728.164151 START s2 fma 1
1790351758.186470 END s2 fma 1 0
1790351760.205486 START s2 fp 1
1790351790.266831 END s2 fp 1 0
1790351792.286218 START s2 fp-error 1
1790351822.308681 END s2 fp-error 1 0
1790351824.327965 START s2 fractal 1
1790351854.391409 END s2 fractal 1 0
1790351856.410166 START s2 funccall 1
1790351886.467922 END s2 funccall 1 0
1790351888.486962 START s2 funcret 1
1790351918.509579 END s2 funcret 1 0
1790351920.528814 START s2 getrandom 1
1790351950.550502 END s2 getrandom 1 0
1790351952.569083 START s2 goto 1
1790351982.590724 END s2 goto 1 0
1790351984.609748 START s2 hash 1
1790352014.634808 END s2 hash 1 0
1790352016.653467 START s2 hyperbolic 1
1790352046.690939 END s2 hyperbolic 1 0
1790352048.709976 START s2 intmath 1
1790352078.731973 END s2 intmath 1 0
1790352080.751116 START s2 jpeg 1
1790352110.774237 END s2 jpeg 1 0
1790352112.792982 START s2 logmath 1
1790352142.849379 END s2 logmath 1 0
1790352144.868231 START s2 longjmp 1
1790352174.890610 END s2 longjmp 1 0
1790352176.910107 START s2 monte-carlo 1
1790352206.981808 END s2 monte-carlo 1 0
1790352209.000350 START s2 mpfr 1
1790352239.030477 END s2 mpfr 1 0
1790352241.049435 START s2 nop 1
1790352271.071478 END s2 nop 1 0
1790352273.090257 START s2 opcode 1
1790352384.445849 CONFIG performance 2400000
1790352407.415038 CONFIG performance 2400000
1790352413.748022 END s2 opcode 1 hang
1790352413.767006 START s2 powmath 1
1790352444.001770 END s2 powmath 1 0
1790352446.020453 START s2 prime 1
1790352476.043145 END s2 prime 1 0
1790352478.062230 START s2 regex 1
1790352508.257853 END s2 regex 1 0
1790352510.278210 START s2 regs 1
1790352540.300896 END s2 regs 1 0
1790352542.320092 START s2 rotate 1
1790352572.343133 END s2 rotate 1 0
1790352574.365894 START s4 unixbench 1
1790355940.158800 END s4 unixbench 1 0
1790357552.657933 CONFIG performance 2400000
1790357575.611098 CONFIG performance 2400000
1790359417.531812 CONFIG performance 2400000
1790359440.482658 CONFIG performance 2400000
