1790891826.329824 <missed 141265 bytes of console log>
1790891826.329936 40 resp 626388 867 pmu 1012790 668475 8229130 14447525 838772802
1790891826.329997 W 253 lat 296 4222 9851 0 exe 56277 421148 634462 resp 640111 963 pmu 1010636 722872 8227550 13838355 1065697474
1790891826.330055 W 254 lat 296 999 7555 0 exe 17166 117537 505333 resp 510407 397 pmu 1018162 448233 8246170 14592709 318407974
1790891826.330109 W 255 lat 296 296 333 0 exe 17203 19537 45240 resp 45555 0 pmu 1023705 38388 8259495 11556049 52040373
1790891826.330136 [MG] memguard_call 0 0 0 (CPU 0)
1790891826.330161 [MG] memguard_call 0 0 0 (CPU 1)
1790891826.330185 [MG] memguard_call 0 0 0 (CPU 2)
1790891826.330238 W 256 lat 296 296 1685 0 exe 17092 31537 129388 resp 129777 83 pmu 1023151 171849 8260579 6401698 82378161
1790891826.330289 W 257 lat 296 296 333 0 exe 17222 19888 38537 resp 38851 0 pmu 1023716 42878 8265406 7309764 50398338
1790891826.330312 Closing cell "rt-bench"
1790891826.330338 [MG] Initializing memguard on CPU 3
1790891826.330362 [SMMUv2] Exiting SMMUv2 on cell 1
1790891826.330418 [COL] Colored OP 1: PHYS 0x30000000 -> VIRT 0x00000000 (SIZE: 0x00400000, COL: 0x000000ff, extra: 0x0000000000000000)
1790891826.330438 [COL] Result: 0
1790891826.330493 [COL] Colored OP 4: PHYS 0x30000000 -> VIRT 0x00000000 (SIZE: 0x00400000, COL: 0x000000ff, extra: 0x0000000000000001)
1790891826.330517 [COL] Result: 0
1790891826.330554 Page pool usage after cell destruction: mem 85/4061, remap 5/131072
1790891826.330581 [MG] Initializing memguard on CPU 3
1790891826.330606 [MG] Initializing memguard on CPU 3
1790891826.330662 [COL] Colored OP 0: PHYS 0x30000000 -> VIRT 0x00000000 (SIZE: 0x00400000, COL: 0x000000ff, extra: 0x0000000000000000)
1790891826.330682 [COL] Result: 0
1790891826.330707 [MG] Initializing memguard on CPU 3
1790891826.330727 Created cell "rt-bench"
1790891826.330763 Page pool usage after cell creation: mem 98/4061, remap 5/131072
1790891826.330820 [COL] Colored OP 3: PHYS 0x30000000 -> VIRT 0x00000000 (SIZE: 0x00400000, COL: 0x000000ff, extra: 0x0000000000000000)
1790891826.330847 [MG] Initializing memguard on CPU 3
1790891826.330865 [COL] Result: 0
1790891826.330888 Cell "rt-bench" can be loaded
1790891826.330943 [COL] Colored OP 2: PHYS 0x30000000 -> VIRT 0x00000000 (SIZE: 0x00400000, COL: 0x000000ff, extra: 0x0000000000000000)
1790891826.330963 [COL] Result: 0
1790891826.331018 [COL] Colored OP 4: PHYS 0x30000000 -> VIRT 0x00000000 (SIZE: 0x00400000, COL: 0x000000ff, extra: 0x0000000000000001)
1790891826.331038 [COL] Result: 0
1790891826.331058 Started cell "rt-bench"
1790891826.331083 [MG] Initializing memguard on CPU 3
1790891826.331115 rt-bench: ws 768 KB, 1024 loads/period, window 1000
1790891827.369558 W 0 lat 296 425 1759 0 exe 16851 32296 150981 resp 151777 45 pmu 1023676 113362 8260247 5307617 59117079
1790891828.305547 W 1 lat 296 314 703 0 exe 17074 28388 174111 resp 174814 31 pmu 1023647 137556 8266297 7531341 70860311
1790891829.345524 W 2 lat 296 296 333 0 exe 17074 19851 55666 resp 55962 0 pmu 1023859 43198 8256236 7737655 50516517
1790891830.385547 W 3 lat 296 296 462 0 exe 16814 23314 115574 resp 115888 7 pmu 1023800 84037 8260202 6506614 59077644
1790891831.321517 W 4 lat 296 296 333 0 exe 17074 19333 49277 resp 49592 0 pmu 1023833 37191 8261166 7122224 48855906
1790891832.361588 W 5 lat 296 296 611 0 exe 17185 22203 110129 resp 110444 8 pmu 1023713 70717 8256575 6440089 56254287
1790891833.312681 W 6 lat 296 481 3462 0 exe 17092 109166 415481 resp 418944 311 pmu 1022694 657481 8255597 7065779 329609183
1790891834.349543 W 7 lat 296 314 1462 0 exe 16814 26055 255629 resp 256666 18 pmu 1023560 106673 8261515 10584070 69871506
1790891834.561712 [MG] memguard_call 1000 5000 1 (CPU 0)
1790891834.561781 [MG] memguard_call 1000 5000 1 (CPU 1)
1790891834.561809 [MG] memguard_call 1000 5000 1 (CPU 2)
1790891835.389544 W 8 lat 296 296 537 0 exe 17129 31518 122203 resp 122537 11 pmu 1023183 181065 8264045 8545475 83938908
1790891836.325539 W 9 lat 296 296 425 0 exe 17074 23574 97037 resp 97351 0 pmu 1023503 87455 8261301 7231703 60655034
1790891837.365525 W 10 lat 296 296 333 0 exe 17314 19870 47499 resp 47796 0 pmu 1023745 43312 8263515 6939295 50098748
1790891838.305537 W 11 lat 296 296 444 0 exe 17166 23351 95722 resp 96037 0 pmu 1023613 84966 8264400 6426186 59578887
1790891839.345517 W 12 lat 296 296 333 0 exe 17185 19314 45462 resp 45759 0 pmu 1023821 36800 8264223 6925670 48694194
1790891840.385538 W 13 lat 296 296 611 0 exe 17055 23444 96814 resp 97148 0 pmu 1023644 86158 8261310 6402272 59822717
1790891841.321521 W 14 lat 296 296 333 0 exe 16981 19777 47499 resp 47814 0 pmu 1023880 42589 8258740 6937308 49886080
1790891842.365543 W 15 lat 296 296 574 0 exe 17018 23796 97092 resp 97444 0 pmu 1023619 90166 8258742 6424116 60564841
1790891843.301519 W 16 lat 296 296 333 0 exe 17148 19388 50444 resp 50740 0 pmu 1023832 37868 8263568 6941655 48893767
1790891844.341541 W 17 lat 296 296 592 0 exe 17333 23481 98074 resp 98407 0 pmu 1023624 86355 8259445 6452385 59794061
1790891845.381522 W 18 lat 296 296 333 0 exe 17388 19740 50407 resp 50722 0 pmu 1023774 41813 8259276 6951532 49750204
1790891846.317536 W 19 lat 296 296 592 0 exe 17148 23703 97018 resp 97351 0 pmu 1023543 89106 8258478 6454976 60384670
1790891847.357523 W 20 lat 296 296 333 0 exe 17018 19296 44999 resp 45314 0 pmu 1023744 36810 8259807 6941142 48713391
1790891848.401541 W 21 lat 296 296 444 0 exe 17074 23999 99259 resp 99574 0 pmu 1023569 92396 8258793 6396781 61081838
1790891849.337528 W 22 lat 296 296 333 0 exe 17185 19648 54148 resp 54462 0 pmu 1023797 40964 8264433 6963926 49589119
1790891850.377544 W 23 lat 296 296 425 0 exe 17092 23407 97685 resp 97999 0 pmu 1023576 85623 8263530 6490985 59729557
1790891851.313516 W 24 lat 296 296 333 0 exe 16666 19574 47148 resp 47462 0 pmu 1023789 39949 8267252 6945264 49352264
1790891852.353542 W 25 lat 296 296 425 0 exe 17111 23259 96796 resp 97092 0 pmu 1023591 84069 8264796 6418108 59312555
1790891853.393527 W 26 lat 296 296 370 0 exe 17037 19722 52388 resp 52703 0 pmu 1023794 41671 8267404 6935489 49723401
1790891854.329539 W 27 lat 296 296 444 0 exe 17111 23777 97925 resp 98222 0 pmu 1023578 90057 8258114 6473174 60629890
1790891855.369522 W 28 lat 296 296 333 0 exe 16999 19740 46462 resp 46777 0 pmu 1023789 42209 8267985 6949470 49840281
1790891856.305541 W 29 lat 296 296 518 0 exe 17037 23240 96444 resp 96759 0 pmu 1023613 83755 8263981 6413712 59253282
1790891857.345526 W 30 lat 296 296 333 0 exe 16703 19907 53759 resp 54074 0 pmu 1023772 43843 8263652 6932060 50183437
1790891858.385538 W 31 lat 296 296 481 0 exe 16888 23370 97222 resp 97574 0 pmu 1023614 85214 8260104 6485940 59640667
1790891859.321515 W 32 lat 296 296 333 0 exe 17092 19759 48648 resp 48962 0 pmu 1023780 41989 8263832 6939678 49803847
1790891860.361542 W 33 lat 296 296 629 0 exe 17092 23444 96648 resp 96962 0 pmu 1023604 86317 8264529 6436103 59799411
1790891861.401530 W 34 lat 296 296 333 0 exe 17148 19962 52277 resp 52574 0 pmu 1023791 44373 8262740 6935965 50295512
1790891862.341558 W 35 lat 296 296 537 0 exe 16833 23277 96703 resp 97055 0 pmu 1023587 84253 8261888 6473624 59331579
1790891863.381514 W 36 lat 296 296 333 0 exe 17314 19833 55888 resp 56203 0 pmu 1023728 42867 8259356 6934227 49996783
1790891864.321549 W 37 lat 296 296 499 0 exe 17055 22629 98203 resp 98518 0 pmu 1023503 76748 8258872 6510048 57776453
1790891865.365570 W 38 lat 296 296 518 0 exe 17240 28370 103388 resp 103777 1 pmu 1023615 143546 8263358 6946653 72395052
1790891866.301552 W 39 lat 296 296 722 0 exe 17351 35962 100203 resp 100685 2 pmu 1022715 234601 8260880 7028691 95205519
1790891867.341539 W 40 lat 296 296 499 0 exe 17111 22259 96777 resp 97092 0 pmu 1023610 72189 8259771 7036620 56856370
1790891868.381550 W 41 lat 296 296 333 0 exe 17129 19685 56962 resp 57277 0 pmu 1023795 41457 8261472 6930795 49650441
1790891869.317521 W 42 lat 296 296 925 0 exe 17074 24037 96425 resp 97074 0 pmu 1023586 93017 8263549 6519100 61257475
1790891870.357522 W 43 lat 296 296 333 0 exe 16777 19018 39129 resp 39462 0 pmu 1023857 33713 8255133 6939739 48004771
1790891871.397552 W 44 lat 296 296 481 0 exe 17166 23277 99685 resp 100018 1 pmu 1023564 83969 8262755 6335747 59240865
1790891872.333528 W 45 lat 296 296 333 0 exe 17055 19407 62740 resp 63055 0 pmu 1023799 38296 8262328 6965299 49003275
1790891873.373547 W 46 lat 296 296 407 0 exe 17055 23796 97592 resp 97907 0 pmu 1023622 90215 8264981 6575049 60648704
1790891874.309520 W 47 lat 296 296 333 0 exe 17018 19611 45759 resp 46074 0 pmu 1023760 40420 8264964 6945892 49459659
1790891875.349551 W 48 lat 296 296 499 0 exe 17333 23407 97759 resp 98092 0 pmu 1023582 85303 8263569 6406068 59650592
1790891876.389523 W 49 lat 296 296 333 0 exe 17203 19111 48611 resp 48925 0 pmu 1023798 35030 8266532 6947562 48261519
1790891877.325541 W 50 lat 296 296 537 0 exe 17240 23351 96574 resp 96907 0 pmu 1023616 84875 8258904 6432925 59499424
1790891878.365531 W 51 lat 296 296 333 0 exe 16962 19777 50333 resp 50648 0 pmu 1023645 42775 8254888 6935151 49909180
1790891879.301540 W 52 lat 296 296 462 0 exe 17148 23796 98499 resp 98833 0 pmu 1023606 90372 8263344 6452375 60677951
1790891880.341517 W 53 lat 296 296 333 0 exe 17018 19185 45833 resp 46129 0 pmu 1023772 35782 8265212 6955839 48459827
1790891881.381563 W 54 lat 296 296 592 0 exe 17351 23611 97962 resp 98277 0 pmu 1023557 87799 8263774 6404606 60192492
1790891882.317519 W 55 lat 296 296 333 0 exe 16944 19629 49092 resp 49388 0 pmu 1023786 40750 8265149 6951150 49505158
1790891883.357552 W 56 lat 296 296 629 0 exe 17018 23351 96833 resp 97166 0 pmu 1023502 84624 8259328 6438983 59537142
1790891884.397536 W 57 lat 296 296 333 0 exe 17111 19981 64814 resp 65129 0 pmu 1023801 44874 8261679 6937067 50387972
1790891885.333555 W 58 lat 296 296 574 0 exe 17407 24259 97777 resp 98240 0 pmu 1023576 95302 8257815 6598961 61889023
1790891886.373521 W 59 lat 296 296 333 0 exe 17166 19425 49370 resp 49685 0 pmu 1023817 38227 8256147 6953450 48996997
1790891887.309540 W 60 lat 296 296 518 0 exe 17148 23462 98462 resp 98777 0 pmu 1023613 86064 8258472 6442104 59775784
1790891888.349521 W 61 lat 296 296 333 0 exe 16888 19111 48296 resp 48592 0 pmu 1023789 35111 8262639 6953939 48293815
1790891889.389541 W 62 lat 296 296 629 0 exe 17314 23999 97796 resp 98129 0 pmu 1023595 92431 8260621 6428173 61101681
1790891890.325522 W 63 lat 296 296 333 0 exe 17129 19962 47999 resp 48296 0 pmu 1023763 44573 8264352 6951386 50350578
1790891891.365538 W 64 lat 296 296 648 0 exe 17092 23925 98185 resp 98481 0 pmu 1023593 91595 8263106 6430791 60976645
1790891892.301519 W 65 lat 296 296 333 0 exe 16740 19277 47037 resp 47351 0 pmu 1023831 36710 8265384 6953740 48630908
1790891893.345539 W 66 lat 296 296 462 0 exe 17314 23944 97611 resp 97925 0 pmu 1023553 91744 8258179 6415777 60985287
1790891894.385520 W 67 lat 296 296 333 0 exe 17166 19388 48814 resp 49129 0 pmu 1023803 38070 8258064 6948491 48937701
1790891895.321539 W 68 lat 296 296 444 0 exe 17259 25962 98796 resp 99129 0 pmu 1023496 115784 8263800 6436186 66290387
1790891896.361528 W 69 lat 296 296 333 0 exe 16851 19814 45222 resp 45518 0 pmu 1023830 42952 8267244 6970112 49980196
1790891897.305573 W 70 lat 296 407 4092 0 exe 17018 64703 567629 resp 571611 13 pmu 1020763 541023 8264529 6400717 185346348
1790891898.349797 W 71 lat 296 425 3407 0 exe 39203 82611 433703 resp 435925 69 pmu 1023531 586245 8270862 11888292 212027928
1790891899.393593 W 72 lat 296 833 4907 0 exe 34981 150166 463148 resp 465314 280 pmu 1023151 614412 8267302 10738024 379539038
1790891900.345642 W 73 lat 296 314 685 0 exe 31574 53055 87796 resp 88092 0 pmu 1023634 440432 8269691 11357580 140086118
1790891901.381693 W 74 lat 296 851 5499 0 exe 40740 138814 473999 resp 477055 268 pmu 1023213 554304 8272807 7069043 351348442
1790891902.317552 W 75 lat 296 444 4074 0 exe 29925 68722 425185 resp 426703 81 pmu 1023317 417405 8273181 11445950 179883523
1790891903.361698 W 76 lat 296 555 5907 0 exe 30740 88092 397499 resp 400222 103 pmu 1022680 568024 8276989 10536473 235438602
1790891904.309705 W 77 lat 296 962 5222 0 exe 59703 153203 407777 resp 410537 324 pmu 1022181 805584 8301120 10376886 406056660
1790891905.357640 W 78 lat 296 351 4259 0 exe 33666 65277 384796 resp 386759 9 pmu 1023113 560190 8274123 10947908 176575827
1790891906.401948 W 79 lat 296 629 5055 0 exe 38870 111388 435944 resp 439592 183 pmu 1023154 570966 8265491 10137125 283862945
1790891907.342718 W 80 lat 296 592 4888 0 exe 31851 97629 450425 resp 453351 164 pmu 1023333 441631 8273287 10918888 250041669
1790891908.389612 W 81 lat 296 333 981 0 exe 34796 56740 93185 resp 93925 0 pmu 1023137 485208 8274118 10954526 153254963
1790891909.329685 W 82 lat 296 907 4851 0 exe 41407 140111 425462 resp 427574 311 pmu 1021953 694998 8293993 7161436 370114499
1790891910.381690 W 83 lat 296 629 6074 0 exe 36740 100425 408648 resp 411814 118 pmu 1022294 667796 8288964 10962830 270769290
1790891911.321736 W 84 lat 296 740 4962 0 exe 48018 132537 472777 resp 476722 243 pmu 1023039 744250 8284108 10583282 342616547
1790891912.365759 W 85 lat 296 518 4925 0 exe 36981 87129 482944 resp 487296 96 pmu 1023083 566946 8275599 11440021 229247142
1790891913.305655 W 86 lat 296 574 4629 0 exe 43333 104370 447407 resp 449722 115 pmu 1022410 737166 8290611 11260217 279250982
1790891914.349586 W 87 lat 296 981 6333 0 exe 34388 142425 431444 resp 433074 311 pmu 1021608 714641 8290447 11012019 381495343
1790891915.389586 W 88 lat 296 314 814 0 exe 32351 60759 93944 resp 94277 0 pmu 1023424 533070 8276379 11004003 160936307
1790891916.325819 W 89 lat 296 888 5148 0 exe 42537 137185 432629 resp 434888 305 pmu 1022388 717397 8282552 7173838 354863719
1790891917.377848 W 90 lat 296 518 4722 0 exe 32870 88407 434722 resp 438425 91 pmu 1022752 604566 8276424 11027694 237930048
1790891918.317883 W 91 lat 296 666 5481 0 exe 41870 111296 420537 resp 421851 174 pmu 1022175 724141 8289897 10759666 299848000
1790891919.357617 W 92 lat 296 703 4962 0 exe 29814 103018 428351 resp 431481 193 pmu 1023179 511182 8278850 10770012 267590696
1790891920.401695 W 93 lat 296 574 3981 0 exe 35666 98351 423203 resp 425462 114 pmu 1022279 662375 8280188 10752821 265485432
1790891921.341611 W 94 lat 296 944 5462 0 exe 47296 151407 420444 resp 422629 295 pmu 1021493 772354 8287749 10697991 402985439
1790891922.381590 W 95 lat 296 333 833 0 exe 29629 52259 90981 resp 91370 0 pmu 1023004 431569 8271650 11001955 143554556
1790891923.329794 W 96 lat 296 759 5444 0 exe 40851 121851 472481 resp 475777 237 pmu 1022885 638595 8282429 7088364 313271738
1790891924.373792 W 97 lat 296 685 6925 0 exe 33796 110592 398407 resp 401925 159 pmu 1022451 695363 8294702 11347342 296122577
1790891925.309826 W 98 lat 296 592 5759 0 exe 44277 101962 407685 resp 409611 125 pmu 1022411 692681 8289008 10523061 274907599
1790891926.349635 W 99 lat 296 962 6277 0 exe 32907 139611 469962 resp 472888 272 pmu 1020712 672660 8278209 10611157 375896094
1790891927.397911 W 100 lat 296 333 981 0 exe 31351 57296 93777 resp 94129 0 pmu 1023341 492207 8276144 11374138 153953961
1790891928.337938 W 101 lat 296 999 6425 0 exe 44888 151759 480314 resp 484518 316 pmu 1021321 785475 8298326 7151006 406520096
1790891929.389617 W 102 lat 296 574 5407 0 exe 31185 89592 429592 resp 432055 118 pmu 1022815 537148 8284896 11605752 238504988
1790891930.325780 W 103 lat 296 759 5592 0 exe 47129 115537 435555 resp 440462 219 pmu 1022589 678006 8281314 10703588 306080044
1790891931.370812 W 104 lat 296 722 6240 0 exe 33333 115499 403962 resp 406055 189 pmu 1022574 733734 8289771 10986624 304737026
1790891932.313836 W 105 lat 296 537 3888 0 exe 42425 95166 398296 resp 400574 99 pmu 1022122 681113 8284611 10590345 260004021
1790891933.353612 W 106 lat 296 814 5777 0 exe 34425 128462 445407 resp 447166 252 pmu 1022891 595935 8279776 10465907 330736039
1790891934.397739 W 107 lat 296 333 888 0 exe 33907 62203 92648 resp 93203 0 pmu 1022913 550560 8271849 11071404 168158998
1790891935.345678 W 108 lat 296 944 5185 0 exe 40481 146888 434222 resp 436481 319 pmu 1021948 765011 8297943 7177473 388284327
1790891936.389615 W 109 lat 296 592 5777 0 exe 32129 93870 416185 resp 417925 117 pmu 1022415 592838 8279713 11082321 252666499
1790891937.333800 W 110 lat 296 703 4907 0 exe 37740 122944 444314 resp 446462 221 pmu 1023339 573429 8280394 10594080 315848435
1790891938.373628 W 111 lat 296 555 5407 0 exe 28814 88185 431185 resp 433999 120 pmu 1022892 503415 8274160 11046561 230596307
1790891939.314065 W 112 lat 296 425 3537 0 exe 35240 71814 414499 resp 417796 48 pmu 1023151 543044 8270334 10701720 191704826
1790891940.365866 W 113 lat 296 962 5222 0 exe 60037 151777 467018 resp 468925 320 pmu 1021603 792171 8311014 10478276 406479023
1790891941.301590 W 114 lat 296 481 5685 0 exe 32314 79074 426888 resp 430481 63 pmu 1022965 560293 8275696 11530798 211115719
1790891942.345882 W 115 lat 296 759 5185 0 exe 39611 133981 456370 resp 458537 258 pmu 1023078 661357 8274212 10636311 342702085
1790891943.389650 W 116 lat 296 518 5148 0 exe 32574 76407 447648 resp 452074 82 pmu 1023031 494667 8275018 11233468 202779173
1790891944.329843 W 117 lat 296 592 5462 0 exe 47129 103962 412925 resp 415351 116 pmu 1022536 744122 8294406 10833149 277812022
1790891945.377586 W 118 lat 296 1037 6481 0 exe 32833 149851 449314 resp 451462 322 pmu 1022096 665177 8288686 10688948 396866349
1790891946.313578 W 119 lat 296 314 666 0 exe 31629 50777 90944 resp 91351 0 pmu 1023436 413633 8271036 11215981 135784662
1790891947.357900 W 120 lat 296 851 4833 0 exe 39018 144999 456907 resp 459962 301 pmu 1022617 643046 8275234 7090071 371030747
1790891948.397671 W 121 lat 296 388 3870 0 exe 32611 65148 382481 resp 384925 40 pmu 1023316 487665 8276490 11293864 173329759
1790891949.337865 W 122 lat 296 703 7148 0 exe 41870 113462 468907 resp 470666 149 pmu 1022435 734888 8293388 10108498 308411078
1790891950.385581 W 123 lat 296 907 5333 0 exe 32962 140777 462925 resp 465999 307 pmu 1022791 613798 8280563 11275603 362339561
1790891951.321572 W 124 lat 296 314 759 0 exe 29703 50111 94185 resp 94611 0 pmu 1023259 405499 8274491 11305657 136054392
1790891952.361753 W 125 lat 296 648 4981 0 exe 42814 125462 448018 resp 450629 198 pmu 1023382 626556 8268630 7109662 314616956
1790891953.309580 W 126 lat 296 574 5537 0 exe 31666 96666 438407 resp 441537 151 pmu 1023024 458806 8267936 11124133 250066471
1790891954.345587 W 127 lat 296 314 685 0 exe 32240 55425 90148 resp 90462 0 pmu 1023537 469021 8271467 10832932 146444051
1790891955.393602 W 128 lat 296 944 5407 0 exe 53055 151796 432981 resp 435296 327 pmu 1022076 760246 8285755 7107941 395016034
1790891956.329637 W 129 lat 296 611 5370 0 exe 33629 101611 405851 resp 407574 118 pmu 1022691 690734 8290561 11158761 272171244
1790891957.373544 W 130 lat 296 333 833 0 exe 17425 50499 96370 resp 96999 0 pmu 1022809 410203 8267402 10534135 141568039
1790891958.309522 W 131 lat 296 296 333 0 exe 17351 20092 48611 resp 48907 0 pmu 1023649 45855 8258271 7072880 50748521
1790891959.365782 W 132 lat 296 1111 5981 0 exe 17296 105703 449037 resp 451518 324 pmu 1018590 362168 8254151 6439473 271497232
1790891960.337790 W 133 lat 648 2925 5722 0 exe 61925 240111 290814 resp 295222 998 pmu 1008346 593629 8242485 10917137 614993805
1790891961.309739 W 134 lat 333 2851 7259 0 exe 60851 231740 349814 resp 352537 940 pmu 1009237 610707 8248078 10249117 597937228
1790891962.385782 W 135 lat 870 2944 6185 0 exe 67907 240925 299129 resp 302981 999 pmu 1007998 590690 8237395 10789433 616990736
1790891963.357722 W 136 lat 333 2814 6425 0 exe 64444 232629 347740 resp 351296 938 pmu 1008537 614537 8234299 10367202 600523409
1790891964.329782 W 137 lat 1111 2888 5777 0 exe 79703 240722 301888 resp 306074 999 pmu 1007536 594796 8231030 10790906 617096944
1790891965.409710 W 138 lat 370 2777 6148 0 exe 70555 233981 339111 resp 344055 940 pmu 1008406 624110 8239297 10453266 603860647
1790891966.377767 W 139 lat 1037 2907 6037 0 exe 72870 241870 303370 resp 307351 999 pmu 1008041 599179 8242691 10747447 618576236
1790891967.349801 W 140 lat 351 2703 5907 0 exe 63259 229962 350629 resp 353907 939 pmu 1008976 613701 8241696 10439655 593393077
1790891968.317808 W 141 lat 611 2888 6222 0 exe 73185 242833 281666 resp 285388 999 pmu 1007586 600503 8230540 10796238 621465010
1790891969.361839 W 142 lat 333 2833 6833 0 exe 65185 233185 362481 resp 365611 938 pmu 1008380 620506 8237489 10226185 601988794
1790891970.401819 W 143 lat 999 2907 6074 0 exe 63370 242759 300925 resp 304055 999 pmu 1007769 598329 8236687 10944770 621372250
1790891971.337683 W 144 lat 425 2833 5481 0 exe 61296 238129 296277 resp 300388 980 pmu 1008247 596093 8237737 10368029 610473324
1790891972.377794 W 145 lat 333 2777 5388 0 exe 76481 234703 331944 resp 335537 954 pmu 1008439 615538 8235973 10286514 603752379
1790891973.313830 W 146 lat 703 2925 5870 0 exe 63870 242018 300870 resp 303592 999 pmu 1007976 599240 8241396 10698504 619672013
1790891974.353800 W 147 lat 333 2777 6240 0 exe 70148 233648 339277 resp 342981 941 pmu 1008892 617193 8244441 10361546 602777248
1790891975.397751 W 148 lat 333 2759 5407 0 exe 40444 232703 319185 resp 322092 959 pmu 1008606 582270 8232768 10739484 596720179
1790891976.329792 W 149 lat 333 2759 6185 0 exe 65240 234055 349555 resp 353074 940 pmu 1008453 621533 8233974 10376963 603558879
1790891977.373826 W 150 lat 944 2870 5925 0 exe 67259 244388 311592 resp 313999 999 pmu 1007654 606957 8232539 10818636 624857582
1790891978.309807 W 151 lat 333 2759 5481 0 exe 63203 235407 341574 resp 343666 946 pmu 1007916 629972 8232848 10497398 607051626
1790891979.349796 W 152 lat 870 2833 5833 0 exe 63111 241185 293055 resp 296592 999 pmu 1008081 597945 8233195 10724722 616864789
1790891980.389822 W 153 lat 333 2777 6074 0 exe 66981 233740 339259 resp 342055 939 pmu 1008195 624398 8232394 10279782 603429102
1790891981.329790 W 154 lat 740 2888 6055 0 exe 66888 241999 306148 resp 309092 998 pmu 1007895 598977 8233861 10718675 619234719
1790891982.369796 W 155 lat 333 2796 5444 0 exe 71092 232148 309907 resp 312629 942 pmu 1009043 617366 8241974 10431525 598975206
1790891983.305784 W 156 lat 537 2888 5611 0 exe 61481 239277 289277 resp 293018 998 pmu 1008483 585913 8241035 10434271 612369983
1790891984.345782 W 157 lat 351 2722 6203 0 exe 58888 232685 321981 resp 325944 934 pmu 1008578 621880 8236822 10222809 600040279
1790891985.389790 W 158 lat 629 2925 5722 0 exe 64166 241796 293740 resp 298333 999 pmu 1008377 598787 8244069 10506236 618569479
1790891986.338640 W 159 lat 314 2259 5314 0 exe 48722 192629 364574 resp 367888 701 pmu 1010904 664798 8249498 10298416 514731875
1790891987.385791 W 160 lat 333 2740 6388 0 exe 57166 230703 346574 resp 349833 939 pmu 1008863 610014 8238237 10670901 595984074
1790891988.329797 W 161 lat 444 2870 6314 0 exe 63222 241351 350555 resp 353740 983 pmu 1007475 607401 8232894 10731162 619821876
1790891989.381790 W 162 lat 703 2870 5722 0 exe 62611 243203 297833 resp 300425 997 pmu 1007417 605647 8231465 10854931 622947947
1790891990.321799 W 163 lat 851 2870 5925 0 exe 59999 243259 311018 resp 314425 999 pmu 1007817 603686 8233210 10329380 622208597
1790891991.377782 W 164 lat 333 2740 5833 0 exe 42518 230981 300018 resp 303185 959 pmu 1008747 582127 8239394 10454088 592730038
1790891992.317795 W 165 lat 870 2907 5629 0 exe 62425 241037 301537 resp 304666 999 pmu 1008274 595008 8237156 10190420 616682886
1790891993.377817 W 166 lat 1444 2925 5796 0 exe 77851 242796 298648 resp 301907 998 pmu 1007870 594614 8245933 10357850 621355582
1790891994.333812 W 167 lat 499 2870 5814 0 exe 62592 243129 299833 resp 302833 998 pmu 1007373 598633 8232016 10419530 622174435
1790891995.397796 W 168 lat 648 2833 7240 0 exe 66999 240944 314425 resp 318703 999 pmu 1007848 593028 8238945 10350381 616758273
1790891996.349701 W 169 lat 1074 2851 5648 0 exe 68962 242481 303388 resp 306203 999 pmu 1007444 598575 8236731 10521504 620387730
1790891997.397842 W 170 lat 685 2851 6055 0 exe 63481 241685 291055 resp 293222 999 pmu 1007608 599281 8234680 10415564 618310862
1790891998.345849 W 171 lat 555 2870 5685 0 exe 66888 241777 284259 resp 287537 999 pmu 1007564 599107 8234461 10257592 618390584
1790891999.305847 W 172 lat 888 2814 5555 0 exe 47777 239425 292222 resp 296462 999 pmu 1007820 591173 8234681 10210567 612779541
1790892000.365759 W 173 lat 833 2907 5833 0 exe 66777 242759 295629 resp 298962 998 pmu 1007553 601379 8235419 10188319 621101194
1790892001.317862 W 174 lat 685 2907 6148 0 exe 58703 242166 300648 resp 306796 996 pmu 1007712 592432 8237152 10331134 620135978
1790892002.357840 W 175 lat 629 2944 6129 0 exe 69370 242648 320444 resp 323092 999 pmu 1008092 595107 8236335 10352802 621556631
1790892003.401855 W 176 lat 499 2870 5314 0 exe 69981 241296 309537 resp 311870 999 pmu 1007605 592169 8231400 10588753 617905873
1790892004.349830 W 177 lat 685 2907 5666 0 exe 63444 241814 299518 resp 303814 998 pmu 1007529 598826 8235140 10469422 619210432
1790892005.405743 W 178 lat 611 2851 6444 0 exe 64907 243240 300851 resp 304222 999 pmu 1007313 603713 8234238 10351746 622394045
1790892006.349888 W 179 lat 833 2833 5055 0 exe 61388 242907 298555 resp 301111 999 pmu 1007602 599038 8232578 10378008 621031350
1790892007.301857 W 180 lat 796 2833 5240 0 exe 61666 241870 296629 resp 299962 999 pmu 1007846 597910 8239274 10325823 618538894
1790892008.365832 W 181 lat 314 2759 5277 0 exe 43759 233944 288296 resp 290796 957 pmu 1007977 596408 8237069 10307483 599595368
1790892009.309758 W 182 lat 703 2851 5685 0 exe 61407 242777 286981 resp 289444 998 pmu 1007373 602649 8229306 10088508 620527305
1790892010.349850 W 183 lat 703 2888 5796 0 exe 59925 242888 301314 resp 305888 998 pmu 1007614 601078 8239712 10211745 621237351
1790892011.389869 W 184 lat 740 2888 6592 0 exe 62814 241944 296407 resp 300370 999 pmu 1007528 595991 8233595 10359488 619118904
1790892012.329694 W 185 lat 425 2888 5314 0 exe 67629 241518 301444 resp 304351 988 pmu 1007005 606705 8226776 10321250 618849375
1790892013.365830 W 186 lat 851 2851 5592 0 exe 67888 242888 302203 resp 305129 999 pmu 1007024 603503 8229822 10380283 621692116
1790892014.301852 W 187 lat 740 2814 5759 0 exe 67277 242388 299259 resp 301907 999 pmu 1007069 599488 8231440 10399358 620348338
1790892015.341862 W 188 lat 574 2833 5481 0 exe 73129 242703 321277 resp 324833 998 pmu 1007719 599191 8231214 10363306 620568918
1790892016.385761 W 189 lat 685 2888 5203 0 exe 61555 244555 308870 resp 312129 999 pmu 1007290 605409 8232309 10616666 625208880
1790892017.317867 W 190 lat 1407 2833 5203 0 exe 73074 244574 293944 resp 296666 999 pmu 1007302 607270 8233728 10441852 625059682
1790892018.361843 W 191 lat 555 2814 5851 0 exe 63870 243703 304314 resp 307277 999 pmu 1007375 602568 8236887 10351060 623013937
1790892019.401547 W 192 lat 296 2092 5666 0 exe 18592 181685 292685 resp 295574 721 pmu 1012136 517518 8239915 10403671 467715599
1790892020.337521 W 193 lat 296 296 333 0 exe 17407 20388 64333 resp 64666 0 pmu 1023817 49757 8262818 9742595 53116226
1790892021.385777 W 194 lat 296 537 8111 0 exe 17388 57185 537444 resp 542518 97 pmu 1021797 233192 8260315 6598154 153166165
1790892022.322159 W 195 lat 314 3722 13296 0 exe 52574 326074 588740 resp 594833 833 pmu 1012162 733939 8242346 11579396 837048108
1790892023.362000 W 196 lat 314 3388 10740 0 exe 45185 287851 630055 resp 637944 747 pmu 1011569 617150 8241893 13659679 739644621
1790892024.405735 W 197 lat 314 3148 12944 0 exe 41425 267796 572777 resp 579314 822 pmu 1011552 583567 8240810 13839545 690504113
1790892025.341899 W 198 lat 296 1074 10333 0 exe 34925 119314 568259 resp 575092 270 pmu 1016556 559111 8251579 13149050 341080772
1790892026.382059 W 199 lat 314 3907 12537 0 exe 45185 119185 283888 resp 286037 688 pmu 1016128 502098 8265024 12308055 328784496
1790892027.318425 W 200 lat 296 3185 12111 0 exe 32981 139074 401259 resp 404222 681 pmu 1016118 539044 8261729 9516839 383260373
1790892028.361967 W 201 lat 296 1407 10703 0 exe 39351 178907 651888 resp 658666 629 pmu 1014298 705214 8244097 10726935 489788098
1790892029.401806 W 202 lat 314 3148 9777 0 exe 53296 308851 597907 resp 604055 852 pmu 1011591 754323 8238423 13468268 810839154
1790892030.338008 W 203 lat 314 3074 10574 0 exe 45166 251222 536499 resp 542333 830 pmu 1011968 614874 8240540 13648773 654585321
1790892031.377799 W 204 lat 314 2962 13685 0 exe 47240 245999 557796 resp 564999 846 pmu 1012035 578633 8242673 12708006 639107719
1790892032.317959 W 205 lat 296 1296 12722 0 exe 29777 103740 571277 resp 575296 315 pmu 1016999 533476 8255230 12925634 304336679
1790892033.358023 W 206 lat 314 3907 11870 0 exe 43592 121907 449907 resp 454037 682 pmu 1015974 486055 8263882 12233873 336625320
1790892034.397692 W 207 lat 296 2111 12907 0 exe 33796 126333 451425 resp 452814 496 pmu 1015759 562169 8263289 11188757 355694441
1790892035.341799 W 208 lat 296 1462 7111 0 exe 39407 174814 538814 resp 542111 649 pmu 1014173 665212 8237376 11160033 481382007
1790892036.389976 W 209 lat 314 3499 9611 0 exe 64444 319333 615870 resp 620222 907 pmu 1012005 752707 8230941 12282187 829346089
1790892037.325909 W 210 lat 333 2759 8777 0 exe 51462 237351 512277 resp 517111 947 pmu 1011920 568392 8243433 13928720 619899258
1790892038.365620 W 211 lat 296 2222 10685 0 exe 46333 202388 542518 resp 546314 796 pmu 1013049 588578 8247603 12412368 539784238
1790892039.301977 W 212 lat 296 1777 10259 0 exe 40759 97962 389999 resp 392407 344 pmu 1016486 568144 8246476 12514393 285717126
1790892040.345771 W 213 lat 333 3759 12277 0 exe 40259 131111 489129 resp 494777 664 pmu 1015754 518213 8256898 10429015 360567545
1790892041.397695 W 214 lat 296 1574 11074 0 exe 36425 132888 452796 resp 454555 493 pmu 1015345 571766 8259612 11619357 381281221
1790892042.341747 W 215 lat 296 1777 9111 0 exe 37851 198722 628555 resp 634796 658 pmu 1014441 694480 8240623 11209689 542769741
1790892043.378516 W 216 lat 314 3296 9277 0 exe 55407 296388 607925 resp 612870 898 pmu 1011736 702866 8231472 13317891 764462365
1790892044.314442 W 217 lat 333 2759 8277 0 exe 45462 238796 573870 resp 578574 866 pmu 1012394 588140 8242256 13689680 624476786
1790892045.353636 W 218 lat 296 2296 11574 0 exe 37888 203259 576148 resp 587722 541 pmu 1013377 556866 8238541 13001789 544949586
1790892046.397753 W 219 lat 296 2055 10574 0 exe 36481 96425 387722 resp 391722 389 pmu 1017473 463964 8269017 12856824 277788349
1790892047.333990 W 220 lat 314 2351 13518 0 exe 43648 108203 316203 resp 317666 406 pmu 1015115 608236 8255644 10387320 311922024
1790892048.373636 W 221 lat 296 1666 10851 0 exe 35074 151777 474944 resp 479611 586 pmu 1014945 601346 8246099 9770612 420565871
1790892049.310025 W 222 lat 296 2037 11685 0 exe 49277 212259 541537 resp 545962 658 pmu 1013267 726915 8235357 11532692 582376460
1790892050.353795 W 223 lat 314 3074 11851 0 exe 46092 290814 574685 resp 580740 820 pmu 1011449 701368 8231495 12577466 764900037
1790892051.401805 W 224 lat 333 2944 8703 0 exe 47240 241870 590148 resp 595074 803 pmu 1012023 586013 8243020 13299772 630504277
1790892052.349632 W 225 lat 296 2462 10407 0 exe 45796 195444 587203 resp 593407 640 pmu 1013191 556570 8240604 13192892 523659451
1790892053.301968 W 226 lat 296 1648 11425 0 exe 36611 90277 282648 resp 285833 329 pmu 1017437 492066 8260962 12935625 264328629
1790892054.349877 W 227 lat 314 3796 11888 0 exe 43481 119333 322055 resp 324740 682 pmu 1016142 480541 8259716 9305327 325447328
1790892055.401779 W 228 lat 296 1314 8074 0 exe 37685 141722 466499 resp 470388 537 pmu 1014762 620562 8249491 9889140 402348873
1790892056.333713 W 229 lat 296 1999 10796 0 exe 37962 227037 608203 resp 612314 668 pmu 1013814 689675 8236718 11391434 603619498
1790892057.378645 W 230 lat 314 3055 11481 0 exe 43685 289685 589240 resp 595555 812 pmu 1012131 712322 8231965 13255143 759719122
1790892058.314445 W 231 lat 333 3388 11277 0 exe 43333 258462 566648 resp 570685 741 pmu 1011878 558323 8235759 13426825 665915322
1790892059.357604 W 232 lat 296 2314 11814 0 exe 36833 188444 537796 resp 544611 564 pmu 1014235 540867 8250774 13032070 504228571
1790892060.394574 W 233 lat 296 1148 12870 0 exe 29462 89777 425740 resp 427037 235 pmu 1017971 449915 8266964 12370784 263482832
1790892061.330480 W 234 lat 333 3388 12833 0 exe 45499 113962 332944 resp 333407 599 pmu 1015949 519323 8259057 10693126 322547731
1790892062.389620 W 235 lat 296 1648 10351 0 exe 32740 155240 493259 resp 498777 520 pmu 1015041 573420 8258812 9973075 427962488
1790892063.341627 W 236 lat 296 1962 9629 0 exe 42481 214129 530722 resp 535129 657 pmu 1014175 677739 8239998 11723079 573932024
1790892064.385860 W 237 lat 314 3222 9740 0 exe 47407 285981 597962 resp 605388 809 pmu 1011171 678733 8231105 12433887 740506030
1790892065.330475 W 238 lat 333 3092 11499 0 exe 44018 254870 571055 resp 576722 782 pmu 1011650 592304 8241481 13511953 661440208
1790892066.390509 W 239 lat 296 2333 10425 0 exe 33425 193925 555185 resp 558703 531 pmu 1014374 519766 8244972 13068996 517537945
1790892067.334899 W 240 lat 296 999 11203 0 exe 31296 93277 439685 resp 443037 222 pmu 1017457 466603 8265349 12531887 275027362
1790892068.381774 W 241 lat 314 3296 11666 0 exe 43055 114092 298129 resp 299148 595 pmu 1016054 502182 8263516 10860352 316057430
1790892069.329793 W 242 lat 296 1277 8203 0 exe 36722 131888 424333 resp 428777 481 pmu 1015310 574543 8255806 9609358 368827684
1790892070.378048 W 243 lat 314 2166 8092 0 exe 51444 241666 583759 resp 588462 751 pmu 1012900 742276 8238070 10919312 641174158
1790892071.313979 W 244 lat 314 2999 10925 0 exe 49851 260222 574574 resp 579444 769 pmu 1011158 657400 8237867 13141306 688259324
1790892072.365901 W 245 lat 314 3074 15351 0 exe 44074 251092 552851 resp 557759 798 pmu 1011996 594931 8242529 13153642 656714077
1790892073.309758 W 246 lat 296 1851 8129 0 exe 34518 148999 528074 resp 532962 513 pmu 1015946 481299 8260363 12883796 408616129
1790892074.361855 W 247 lat 296 1129 11796 0 exe 36740 87759 478981 resp 484462 222 pmu 1017782 471421 8272761 12034396 259198339
1790892075.309848 W 248 lat 314 2462 10777 0 exe 33259 107203 352444 resp 354555 485 pmu 1015961 477271 8260696 11266947 299742308
1790892076.357925 W 249 lat 296 1222 8796 0 exe 43777 137018 470944 resp 476407 462 pmu 1015426 585402 8252846 10066131 384406963
1790892077.402055 W 250 lat 314 2629 9370 0 exe 48425 249259 564777 resp 568981 792 pmu 1013298 670246 8237591 11454231 657627202
1790892078.342107 W 251 lat 314 3351 11240 0 exe 49703 285425 593833 resp 598944 835 pmu 1011237 677772 8238053 12980950 740221435
1790892079.385775 W 252 lat 314 2833 10240 0 exe 46407 234629 533481 resp 540296 794 pmu 1012127 570389 8239755 13475993 616091204
1790892080.330085 W 253 lat 296 1499 7592 0 exe 37518 131333 498296 resp 503092 433 pmu 1016434 493633 8265212 12601861 365194064
1790892081.377555 W 254 lat 296 1018 11055 0 exe 26185 79166 397944 resp 399629 175 pmu 1018080 461153 8268606 11658210 239352760
1790892082.313539 W 255 lat 296 296 537 0 exe 17166 23814 98999 resp 99407 0 pmu 1023581 90271 8263000 10335988 62995479
1790892083.357600 W 256 lat 296 296 981 0 exe 16944 22055 98425 resp 99407 0 pmu 1023688 69750 8267108 6961779 56345679
1790892083.357710 [MG] memguard_call 0 0 0 (CPU 0)
1790892083.357739 [MG] memguard_call 0 0 0 (CPU 1)
1790892083.357761 [MG] memguard_call 0 0 0 (CPU 2)
1790892084.397549 W 257 lat 296 296 796 0 exe 17425 29851 138685 resp 139425 71 pmu 1023193 153718 8261929 6951544 78356926
1790892085.333520 W 258 lat 296 296 333 0 exe 17074 19796 43796 resp 44111 0 pmu 1023756 42519 8267232 7393316 50190581
1790892085.455761 Closing cell "rt-bench"
1790892085.455867 [MG] Initializing memguard on CPU 3
1790892085.455912 [SMMUv2] Exiting SMMUv2 on cell 1
1790892085.456152 [COL] Colored OP 1: PHYS 0x30000000 -> VIRT 0x00000000 (SIZE: 0x00400000, COL: 0x000000ff, extra: 0x0000000000000000)
1790892085.456207 [COL] Result: 0
1790892085.456301 [COL] Colored OP 4: PHYS 0x30000000 -> VIRT 0x00000000 (SIZE: 0x00400000, COL: 0x000000ff, extra: 0x0000000000000001)
1790892085.456331 [COL] Result: 0
1790892085.456384 Page pool usage after cell destruction: mem 85/4061, remap 5/131072
1790892085.456424 [MG] Initializing memguard on CPU 3
1790892085.456461 [MG] Initializing memguard on CPU 3
1790892085.456540 [COL] Colored OP 0: PHYS 0x30000000 -> VIRT 0x00000000 (SIZE: 0x00400000, COL: 0x000000ff, extra: 0x0000000000000000)
1790892085.456568 [COL] Result: 0
1790892085.456619 [MG] Initializing memguard on CPU 3
1790892085.456649 Created cell "rt-bench"
1790892085.456699 Page pool usage after cell creation: mem 98/4061, remap 5/131072
