1790894047.146514 CONFIG performance 2400000
1790894055.603384 START s1 idle 1
1790894355.610385 END s1 idle 1 0
1790894355.632474 START s3 idle 1
1790894415.640934 END s3 idle 1 0
1790894417.667362 START s3 cache 1
1790894477.818858 END s3 cache 1 0
1790894479.840141 START s3 stream 1
1790894539.877037 END s3 stream 1 0
1790894541.896201 START s3 memcpy 1
1790894601.931848 END s3 memcpy 1 0
1790894603.950947 START s3 vm 1
1790894664.031506 END s3 vm 1 0
1790894666.052634 START s3 pwalk 1
1790894726.097077 END s3 pwalk 1 0
1790940911.424019 CONFIG performance 2400000
1790940921.924694 CONFIG performance 2400000
1790940930.558893 START s2 bitonicsort 1
1790940960.708837 END s2 bitonicsort 1 0
1790940962.727640 START s2 bsearch 1
1790940992.754131 END s2 bsearch 1 0
1790940994.775154 START s2 bubblesort 1
1790941024.798592 END s2 bubblesort 1 0
1790941026.858355 START s2 cache 1
1790941056.885600 END s2 cache 1 0
1790941058.907103 START s2 cachehammer 1
1790941088.939490 END s2 cachehammer 1 0
1790941090.959378 START s2 cacheline 1
1790941120.984105 END s2 cacheline 1 0
1790941123.003076 START s2 dekker 1
1790941153.030407 END s2 dekker 1 0
1790941155.049312 START s2 far-branch 1
1790941185.109552 END s2 far-branch 1 0
1790941187.130652 START s2 fibsearch 1
1790941217.157419 END s2 fibsearch 1 0
1790941219.176572 START s2 flushcache 1
1790941249.206510 END s2 flushcache 1 0
1790941251.225486 START s2 heapsort 1
1790941281.252609 END s2 heapsort 1 0
1790941283.271436 START s2 hsearch 1
1790941313.294220 END s2 hsearch 1 0
1790941315.315244 START s2 icache 1
1790941345.340051 END s2 icache 1 0
1790941347.359568 START s2 insertionsort 1
1790941377.382840 END s2 insertionsort 1 0
1790941379.406114 START s2 judy 1
1790941409.442375 END s2 judy 1 0
1790941411.460888 START s2 l1cache 1
1790941443.133601 END s2 l1cache 1 0
1790941445.155105 START s2 list 1
1790941475.179117 END s2 list 1 0
1790941477.198075 START s2 llc-affinity 1
1790941507.223160 END s2 llc-affinity 1 0
1790941509.242194 START s2 lockbus 1
1790941539.275488 END s2 lockbus 1 0
1790941541.294122 START s2 lsearch 1
1790941571.318959 END s2 lsearch 1 0
1790941573.340322 START s2 malloc 1
1790941603.597451 END s2 malloc 1 0
1790941605.762318 START s2 matrix 1
1790941635.832155 END s2 matrix 1 0
1790941637.850963 START s2 matrix-3d 1
1790941667.930729 END s2 matrix-3d 1 0
1790941669.951726 START s2 membarrier 1
1790941700.034590 END s2 membarrier 1 0
1790941702.054142 START s2 memcpy 1
1790941732.081160 END s2 memcpy 1 0
1790941734.100478 START s2 mergesort 1
1790941764.126056 END s2 mergesort 1 0
1790941766.145221 START s2 misaligned 1
1790941796.167323 END s2 misaligned 1 0
1790941798.187078 START s2 peterson 1
1790941828.214813 END s2 peterson 1 0
1790941830.234413 START s2 prefetch 1
1790941860.352671 END s2 prefetch 1 0
1790941862.371319 START s2 ptr-chase 1
1790941892.422060 END s2 ptr-chase 1 0
1790941894.441045 START s2 qsort 1
1790941924.467104 END s2 qsort 1 0
1790941926.486102 START s2 radixsort 1
1790941956.511345 END s2 radixsort 1 0
1790941958.530047 START s2 shellsort 1
1790941988.555058 END s2 shellsort 1 0
1790941990.574104 START s2 skiplist 1
1790942020.596335 END s2 skiplist 1 0
1790942022.617777 START s2 sparsematrix 1
1790942052.651978 END s2 sparsematrix 1 0
1790942054.671036 START s2 spinmem 1
1790942084.695456 END s2 spinmem 1 0
1790942086.716168 START s2 str 1
1790942116.738462 END s2 str 1 0
1790942118.759379 START s2 stream 1
1790942148.840780 END s2 stream 1 0
1790942150.860002 START s2 tree 1
1790942180.883725 END s2 tree 1 0
1790942182.905640 START s2 tsearch 1
1790942212.989482 END s2 tsearch 1 0
1790942215.008232 START s2 wcs 1
1790942245.030078 END s2 wcs 1 0
1790942247.051102 START s2 zlib 1
1790942277.288794 END s2 zlib 1 0
1790942279.308056 START s2 atomic 1
1790942309.367868 END s2 atomic 1 0
1790942311.389250 START s2 bad-altstack 1
1790942341.411872 END s2 bad-altstack 1 0
1790942343.434736 START s2 context 1
1790942373.458945 END s2 context 1 0
1790942375.478127 START s2 full 1
1790942405.500968 END s2 full 1 0
1790942407.519996 START s2 mcontend 1
1790942437.547666 END s2 mcontend 1 0
1790942439.570426 START s2 memfd 1
1790942469.617402 END s2 memfd 1 0
1790942471.636810 START s2 memrate 1
1790942503.864266 END s2 memrate 1 0
1790942506.012459 START s2 memthrash 1
1790942537.892343 END s2 memthrash 1 0
1790942540.055857 START s2 mincore 1
1790942570.120271 END s2 mincore 1 0
1790942572.142321 START s2 null 1
1790942609.411343 END s2 null 1 0
1790942611.427973 START s2 numa 1
1790942641.455735 END s2 numa 1 0
1790942643.474774 START s2 pipe 1
1790942673.496690 END s2 pipe 1 0
1790942675.515408 START s2 pipeherd 1
1790942720.955151 END s2 pipeherd 1 124
1790942722.988953 START s2 randlist 1
1790942753.030091 END s2 randlist 1 0
1790942755.051643 START s2 remap 1
1790942785.086755 END s2 remap 1 0
1790942787.107455 START s2 rmap 1
1790943333.674495 CONFIG performance 2400000
1790943344.195224 CONFIG performance 2400000
1790943352.854189 END s2 rmap 1 hang
1790943352.878494 START s2 stack 1
1790943383.241120 END s2 stack 1 0
1790943385.259451 START s2 stackmmap 1
1790943415.474135 END s2 stackmmap 1 0
1790943417.491243 START s2 tlb-shootdown 1
1790943447.520582 END s2 tlb-shootdown 1 0
1790943449.547375 START s2 vm 1
1790943479.615312 END s2 vm 1 0
1790943481.633958 START s2 vm-addr 1
1790943513.219551 END s2 vm-addr 1 0
1790943515.238146 START s2 vm-rw 1
1790943545.266492 END s2 vm-rw 1 0
1790943547.285207 START s2 vm-segv 1
1790943577.312343 END s2 vm-segv 1 0
1790943579.331181 START s2 zero 1
1790943609.352581 END s2 zero 1 0
1790943611.371131 START s2 af-alg 1
1790943641.395944 END s2 af-alg 1 0
1790943643.414612 START s2 besselmath 1
1790943673.876577 END s2 besselmath 1 0
1790943675.895849 START s2 bitops 1
1790943705.917926 END s2 bitops 1 0
1790943707.938249 START s2 branch 1
1790943737.960558 END s2 branch 1 0
1790943739.980705 START s2 cpu 1
1790943770.090270 END s2 cpu 1 0
1790943772.110139 START s2 crypt 1
1790943802.138416 END s2 crypt 1 0
1790943804.157561 START s2 dfp 1
1790943834.230397 END s2 dfp 1 0
1790943836.251454 START s2 easy-opcode 1
1790943866.278355 END s2 easy-opcode 1 0
1790943868.297345 START s2 eigen 1
1790943898.323153 END s2 eigen 1 0
1790943900.341532 START s2 expmath 1
1790943930.377205 END s2 expmath 1 0
1790943932.396076 START s2 factor 1
1790943962.422491 END s2 factor 1 0
1790943964.441144 START s2 fma 1
1790943994.462636 END s2 fma 1 0
1790943996.481296 START s2 fp 1
1790944026.521735 END s2 fp 1 0
1790944028.540400 START s2 fp-error 1
1790944058.562177 END s2 fp-error 1 0
1790944060.580830 START s2 fractal 1
1790944090.603246 END s2 fractal 1 0
1790944092.622104 START s2 funccall 1
1790944122.678051 END s2 funccall 1 0
1790944124.696884 START s2 funcret 1
1790944154.720117 END s2 funcret 1 0
1790944156.780683 START s2 getrandom 1
1790944186.803043 END s2 getrandom 1 0
1790944188.822357 START s2 goto 1
1790944218.850560 END s2 goto 1 0
1790944220.869732 START s2 hash 1
1790944250.891190 END s2 hash 1 0
1790944252.910043 START s2 hyperbolic 1
1790944282.950271 END s2 hyperbolic 1 0
1790944284.969491 START s2 intmath 1
1790944314.991660 END s2 intmath 1 0
1790944317.010468 START s2 jpeg 1
1790944347.035317 END s2 jpeg 1 0
1790944349.054602 START s2 logmath 1
1790944379.124563 END s2 logmath 1 0
1790944381.143633 START s2 longjmp 1
1790944411.166130 END s2 longjmp 1 0
1790944413.185064 START s2 monte-carlo 1
1790944443.245833 END s2 monte-carlo 1 0
1790944445.264146 START s2 mpfr 1
1790944475.384826 END s2 mpfr 1 0
1790944477.403455 START s2 nop 1
1790944507.425518 END s2 nop 1 0
1790944509.444282 START s2 opcode 1
1790944539.500426 END s2 opcode 1 0
1790944541.593232 START s2 powmath 1
1790944571.752905 END s2 powmath 1 0
1790944573.771572 START s2 prime 1
1790944603.793899 END s2 prime 1 0
1790944605.812331 START s2 regex 1
1790944635.836558 END s2 regex 1 0
1790944637.855489 START s2 regs 1
1790944667.877500 END s2 regs 1 0
1790944669.896064 START s2 rotate 1
1790944699.917433 END s2 rotate 1 0
1790947086.134846 CONFIG performance 2400000
1790947096.697299 CONFIG performance 2400000
