1790339159.338019 <missed 316191 bytes of console log>
1790339159.338111 4 0 pmu 789336 12541 6373676 6059419 36148251
1790339159.338158 W 619 lat 296 296 370 0 exe 13796 14351 15296 resp 15592 0 pmu 789109 12554 6370270 6059007 36146723
1790339159.338230 W 620 lat 296 296 370 0 exe 13759 14370 15277 resp 15574 0 pmu 789368 12651 6369622 6059083 36208033
1790339159.338275 W 621 lat 296 296 370 0 exe 13703 14351 15222 resp 15518 0 pmu 788445 12493 6363569 6058822 36142983
1790339159.338320 W 622 lat 296 296 407 0 exe 13611 14370 15388 resp 15685 0 pmu 789280 12560 6366683 6057808 36183626
1790339159.338365 W 623 lat 296 296 388 0 exe 13722 14370 15296 resp 15592 0 pmu 788131 12598 6355704 6059326 36146441
1790339159.338410 W 624 lat 296 296 759 0 exe 12870 14925 97944 resp 98425 0 pmu 789153 18575 6366114 6058900 38380713
1790339159.338453 W 625 lat 296 296 333 0 exe 12814 13259 13722 resp 14037 0 pmu 789580 28 6368590 6886711 33865176
1790339159.338473 Closing cell "rt-bench"
1790339159.338495 [MG] Initializing memguard on CPU 2
1790339159.338518 [MG] Initializing memguard on CPU 3
1790339159.338540 [SMMUv2] Exiting SMMUv2 on cell 1
1790339159.338572 Page pool usage after cell destruction: mem 83/4061, remap 5/131072
1790339159.338596 [MG] Initializing memguard on CPU 2
1790339159.338618 [MG] Initializing memguard on CPU 3
1790339159.338640 [MG] Initializing memguard on CPU 2
1790339159.338662 [MG] Initializing memguard on CPU 3
1790339159.338711 [COL] Colored OP 0: PHYS 0x30000000 -> VIRT 0x00000000 (SIZE: 0x00400000, COL: 0x000000ff, extra: 0x0000000000000000)
1790339159.338729 [COL] Result: 0
1790339159.338751 [MG] Initializing memguard on CPU 2
1790339159.338773 [MG] Initializing memguard on CPU 3
1790339159.338792 Created cell "rt-bench"
1790339159.338823 Page pool usage after cell creation: mem 98/4061, remap 5/131072
1790339159.338846 [MG] Initializing memguard on CPU 2
1790339159.338895 [COL] Colored OP 3: PHYS 0x30000000 -> VIRT 0x00000000 (SIZE: 0x00400000, COL: 0x000000ff, extra: 0x0000000000000000)
1790339159.338919 [MG] Initializing memguard on CPU 3
1790339159.338935 [COL] Result: 0
1790339159.338955 Cell "rt-bench" can be loaded
1790339159.339003 [COL] Colored OP 2: PHYS 0x30000000 -> VIRT 0x00000000 (SIZE: 0x00400000, COL: 0x000000ff, extra: 0x0000000000000000)
1790339159.339021 [COL] Result: 0
1790339159.339069 [COL] Colored OP 4: PHYS 0x30000000 -> VIRT 0x00000000 (SIZE: 0x00400000, COL: 0x000000ff, extra: 0x0000000000000001)
1790339159.339087 [COL] Result: 0
1790339159.339105 Started cell "rt-bench"
1790339159.339127 [MG] Initializing memguard on CPU 2
1790339159.339149 [MG] Initializing memguard on CPU 3
1790339159.339177 rt-bench: ws 768 KB, 1024 loads/period, window 1000
1790339160.376512 W 0 lat 296 296 1074 0 exe 16981 24574 130555 resp 131425 31 pmu 1023509 97568 8264091 5307568 62350033
1790339161.416512 W 1 lat 296 296 425 0 exe 17425 22999 108296 resp 108611 6 pmu 1023707 81569 8259363 7285141 58566631
1790339162.352484 W 2 lat 296 296 370 0 exe 17055 19259 47796 resp 48111 0 pmu 1023705 37930 8259360 7050881 48661436
1790339163.392511 W 3 lat 296 296 370 0 exe 16944 22351 121907 resp 122222 6 pmu 1023670 73793 8262033 6424961 56412982
1790339164.328508 W 4 lat 296 296 370 0 exe 16629 19111 45685 resp 45999 0 pmu 1023664 36091 8257940 7180996 48369613
1790339165.368617 W 5 lat 296 462 666 0 exe 17759 29444 127240 resp 127629 14 pmu 1023666 72833 8260156 6401049 48371928
1790339166.324753 W 6 lat 296 499 2685 0 exe 17018 120666 379092 resp 380425 722 pmu 1023240 817949 8279788 7278853 319151195
1790339167.364512 W 7 lat 277 296 444 0 exe 16814 23777 122185 resp 122499 6 pmu 1023603 90860 8260349 10262867 62231541
1790339168.404515 W 8 lat 296 296 407 0 exe 16814 22296 109925 resp 110259 8 pmu 1023632 73255 8259903 7190616 56880928
1790339169.340517 W 9 lat 296 296 462 0 exe 16759 21611 111314 resp 111629 8 pmu 1023675 65173 8258401 7060565 54837911
1790339170.380485 W 10 lat 296 296 351 0 exe 16907 19092 44037 resp 44333 0 pmu 1023727 35516 8263473 7070918 48248256
1790339171.316556 W 11 lat 296 407 537 0 exe 17037 26074 137055 resp 137537 18 pmu 1023683 61956 8260688 6385673 48449461
1790339172.356522 W 12 lat 462 462 537 0 exe 24203 26666 59037 resp 59518 0 pmu 1023677 37436 8255764 7354012 42464339
1790339173.396552 W 13 lat 462 462 537 0 exe 24203 29166 134685 resp 135185 18 pmu 1023688 63073 8258432 6613632 46340010
1790339174.332529 W 14 lat 462 462 555 0 exe 23907 26722 56277 resp 56759 0 pmu 1023742 37966 8254064 7382600 42584192
1790339175.372553 W 15 lat 462 462 592 0 exe 23851 28833 131499 resp 132018 18 pmu 1023667 59492 8258456 6584917 45813476
1790339176.412522 W 16 lat 462 462 555 0 exe 23981 26425 53314 resp 53814 0 pmu 1023708 35170 8259308 7347798 42123839
1790339177.348550 W 17 lat 462 462 555 0 exe 24296 28925 131740 resp 132259 18 pmu 1023682 60490 8257708 6554175 45943766
1790339178.388520 W 18 lat 462 462 537 0 exe 24462 26388 50814 resp 51277 0 pmu 1023697 34563 8258850 7352732 42041341
1790339179.324555 W 19 lat 462 462 537 0 exe 24111 28537 125481 resp 125962 18 pmu 1023681 56949 8257361 6531094 45354448
1790339180.364528 W 20 lat 462 462 555 0 exe 24129 26703 59703 resp 60166 0 pmu 1023640 37885 8256632 7286933 42502193
1790339181.404895 W 21 lat 462 462 574 0 exe 24111 29111 132574 resp 133074 19 pmu 1023633 62540 8256836 6619995 46272635
1790339182.340521 W 22 lat 407 462 555 0 exe 21833 26018 50666 resp 51092 0 pmu 1023761 36799 8256656 7361023 42569913
1790339183.380556 W 23 lat 462 462 611 0 exe 23981 28833 138037 resp 138537 18 pmu 1023679 59760 8256236 6514302 45797194
1790339184.316519 W 24 lat 462 462 537 0 exe 23962 26537 57148 resp 57629 0 pmu 1023719 36019 8259048 7413859 42300603
1790339185.356554 W 25 lat 462 462 759 0 exe 24333 29314 135111 resp 135611 19 pmu 1023833 64833 8258265 6592823 46579838
1790339186.396529 W 26 lat 462 462 555 0 exe 24074 26740 55166 resp 55648 0 pmu 1023796 38152 8255299 7389472 42636848
1790339187.332568 W 27 lat 462 462 611 0 exe 23833 29074 131555 resp 132018 18 pmu 1023751 62137 8253608 6574760 46200702
1790339188.372521 W 28 lat 462 462 555 0 exe 24537 27499 79148 resp 79611 0 pmu 1023756 45863 8257272 7349182 43760065
1790339189.412551 W 29 lat 462 462 814 0 exe 24314 28740 130129 resp 130944 19 pmu 1023710 58817 8259221 6820646 45861390
1790339190.348517 W 30 lat 462 462 537 0 exe 24074 26499 46314 resp 46814 0 pmu 1023663 36108 8259120 7338341 42270885
1790339191.388554 W 31 lat 462 462 592 0 exe 24185 28648 130611 resp 131092 19 pmu 1023625 58308 8261403 6484848 45501380
1790339192.324525 W 32 lat 462 462 537 0 exe 23870 27018 56314 resp 56777 0 pmu 1023627 40764 8255972 7339258 43002310
1790339193.364565 W 33 lat 462 462 796 0 exe 24129 28759 131351 resp 131814 19 pmu 1023751 59085 8257869 6586353 45694590
1790339194.404515 W 34 lat 462 462 537 0 exe 24129 26518 49592 resp 50092 0 pmu 1023697 35932 8259515 7348138 42253134
1790339195.340564 W 35 lat 462 462 555 0 exe 24055 28703 126314 resp 126814 18 pmu 1023630 58894 8259741 6518057 45638884
1790339196.380540 W 36 lat 462 462 555 0 exe 23796 27185 64740 resp 65203 0 pmu 1023671 42583 8257168 7295985 43255676
1790339197.316558 W 37 lat 462 462 611 0 exe 24388 29055 134685 resp 135203 18 pmu 1023724 62228 8258372 6671284 46205719
1790339198.356530 W 38 lat 388 462 537 0 exe 20592 26907 55907 resp 56388 0 pmu 1023600 44125 8257082 7383495 43607121
1790339199.396554 W 39 lat 462 462 555 0 exe 24185 28870 134388 resp 134888 19 pmu 1023649 59972 8258449 6564995 45858442
1790339200.332517 W 40 lat 462 462 555 0 exe 24018 26925 58018 resp 58499 0 pmu 1023722 40026 8261063 7378340 42860112
1790339201.372567 W 41 lat 462 462 537 0 exe 24314 28777 133944 resp 134444 17 pmu 1023710 59047 8257164 6603622 45749986
1790339202.412521 W 42 lat 462 462 555 0 exe 24314 27518 77277 resp 77740 0 pmu 1023688 46386 8252960 7373960 43806992
1790339203.348559 W 43 lat 462 462 555 0 exe 23777 27870 130351 resp 130851 13 pmu 1023722 49721 8254892 6800871 44519203
1790339204.388527 W 44 lat 462 462 537 0 exe 24092 28296 114851 resp 115314 6 pmu 1023651 54337 8258159 7330788 44943739
1790339205.324556 W 45 lat 462 462 555 0 exe 24277 27296 127351 resp 127833 4 pmu 1023665 43892 8255640 7179256 43631993
1790339206.364522 W 46 lat 462 462 555 0 exe 24499 28648 135499 resp 135999 15 pmu 1023620 57818 8253742 7300533 45623953
1790339207.404563 W 47 lat 462 462 555 0 exe 24222 26370 47574 resp 48055 0 pmu 1023702 34437 8259204 7389883 42034015
1790339208.340520 W 48 lat 462 462 814 0 exe 24333 29296 137962 resp 138444 19 pmu 1023748 64382 8259320 6497541 46494146
1790339209.380563 W 49 lat 462 462 537 0 exe 24166 26703 48222 resp 48685 0 pmu 1023689 37537 8254730 7418069 42560788
1790339210.316524 W 50 lat 462 462 611 0 exe 23981 29462 131370 resp 131907 18 pmu 1023636 66077 8261756 6505357 46763942
1790339211.360561 W 51 lat 462 462 555 0 exe 24333 26870 54074 resp 54574 0 pmu 1023623 39326 8259876 7350519 42775712
1790339212.400519 W 52 lat 462 462 555 0 exe 24240 29148 133537 resp 134055 20 pmu 1023684 62956 8260439 6565864 46288162
1790339213.336519 W 53 lat 462 462 537 0 exe 24037 26425 41481 resp 41962 0 pmu 1023676 34949 8261232 7371456 42123950
1790339214.376541 W 54 lat 388 462 740 0 exe 21518 28944 132388 resp 132888 19 pmu 1023583 62024 8258956 6435935 46163025
1790339215.312519 W 55 lat 388 462 537 0 exe 20611 26166 61462 resp 61925 0 pmu 1023584 35087 8259116 7345773 42164544
1790339216.368536 W 56 lat 296 425 1259 0 exe 24796 74444 195666 resp 196925 331 pmu 1023154 582836 8266957 6617850 150256261
1790339217.408521 W 57 lat 296 296 370 0 exe 17111 21740 114148 resp 114444 5 pmu 1023607 66838 8260708 8228603 55473814
1790339218.344484 W 58 lat 296 296 370 0 exe 16777 21333 121851 resp 122166 7 pmu 1023592 61898 8261002 7101094 54221723
1790339219.384519 W 59 lat 296 296 351 0 exe 17018 18722 32092 resp 32388 0 pmu 1023646 31349 8262124 7174506 47376006
1790339220.320487 W 60 lat 296 296 388 0 exe 17129 21203 120166 resp 120481 8 pmu 1023574 60162 8258532 6264846 53382327
1790339221.364519 W 61 lat 296 333 537 0 exe 16796 20407 45814 resp 46277 0 pmu 1023625 36889 8259880 7158836 47466798
1790339222.404552 W 62 lat 462 462 629 0 exe 24222 29425 135185 resp 135796 19 pmu 1023612 65690 8250517 6411582 46607734
1790339223.340520 W 63 lat 462 462 555 0 exe 23981 26555 52240 resp 52703 0 pmu 1023682 36328 8259716 7390087 42313646
1790339224.380551 W 64 lat 462 462 703 0 exe 24296 29259 132203 resp 132703 20 pmu 1023668 64189 8261307 6543917 46454312
1790339225.316513 W 65 lat 462 462 537 0 exe 23962 26574 60944 resp 61425 0 pmu 1023769 36394 8256374 7359569 42320093
1790339226.356547 W 66 lat 462 462 537 0 exe 24166 28981 136462 resp 136944 20 pmu 1023617 60973 8253042 6631076 46055345
1790339227.396562 W 67 lat 370 462 1611 0 exe 22759 41722 192277 resp 193888 114 pmu 1023417 201847 8256740 7399640 74148904
1790339228.332551 W 68 lat 425 462 537 0 exe 23629 30851 133333 resp 133851 30 pmu 1023747 82939 8256916 8024855 50259363
1790339229.372520 W 69 lat 462 462 537 0 exe 24129 26722 62648 resp 63129 0 pmu 1023660 38005 8259656 7374645 42583181
1790339230.320600 W 70 lat 296 1666 8981 0 exe 24999 134185 413277 resp 416907 671 pmu 1022569 408449 8272872 6651578 323360550
1790339231.372740 W 71 lat 314 2055 6796 0 exe 38925 155666 301759 resp 304833 884 pmu 1023105 389074 8287003 10763776 417250631
1790339232.320822 W 72 lat 296 2185 18499 0 exe 41351 174814 465018 resp 477648 929 pmu 1022611 407906 8282497 9814070 459778060
1790339233.376646 W 73 lat 314 2370 8574 0 exe 48407 176314 315685 resp 319037 928 pmu 1021700 412667 8283017 11661338 471486746
1790339234.316680 W 74 lat 314 2666 9222 0 exe 49888 200925 446148 resp 448851 945 pmu 1020282 440801 8285338 10115889 532485938
1790339235.380808 W 75 lat 333 3333 9314 0 exe 53518 210425 319425 resp 322740 962 pmu 1019029 440691 8273004 11552312 558539309
1790339236.320621 W 76 lat 388 3407 8370 0 exe 56425 217925 424333 resp 428018 984 pmu 1018793 455465 8280635 10357792 577644916
1790339237.376814 W 77 lat 296 3240 8166 0 exe 53129 215611 314425 resp 318462 973 pmu 1019324 430264 8279442 11456874 572705205
1790339238.316792 W 78 lat 314 3222 8888 0 exe 54018 215055 453592 resp 456240 969 pmu 1019341 455203 8283737 10329048 570799010
1790339239.368675 W 79 lat 351 3166 9055 0 exe 49740 210407 312407 resp 316666 987 pmu 1019922 430876 8285870 11718998 554989479
1790339240.316796 W 80 lat 333 3037 8407 0 exe 52944 212759 421703 resp 424092 957 pmu 1019977 437857 8281226 10271454 565706052
1790339241.364600 W 81 lat 314 3037 8685 0 exe 51870 206018 307296 resp 310518 980 pmu 1020103 421199 8282496 11378842 545081511
1790339242.312621 W 82 lat 333 2999 9222 0 exe 48277 213037 481388 resp 485944 967 pmu 1019521 452346 8277239 10200875 562161418
1790339243.356825 W 83 lat 314 3092 9351 0 exe 49203 209148 310240 resp 313055 967 pmu 1019390 432153 8279480 11968422 556932151
1790339244.412670 W 84 lat 314 3111 8055 0 exe 45499 222666 429999 resp 433574 971 pmu 1019526 442800 8279384 10234260 584084342
1790339245.352784 W 85 lat 333 3092 8129 0 exe 44981 210314 306425 resp 310851 973 pmu 1019416 438104 8287055 11478425 558218526
1790339246.400777 W 86 lat 314 3018 9277 0 exe 45814 212203 432240 resp 435537 971 pmu 1019782 445965 8279700 10182899 559278491
1790339247.340622 W 87 lat 296 2796 8870 0 exe 34907 194481 334111 resp 337870 926 pmu 1020378 428439 8284075 11454288 517317157
1790339248.396794 W 88 lat 314 3055 8981 0 exe 48388 218870 463388 resp 467537 981 pmu 1019359 455496 8280207 10329196 576498316
1790339249.336751 W 89 lat 314 3111 10648 0 exe 49222 209629 309648 resp 313833 975 pmu 1019227 439614 8278545 11815171 554676334
1790339250.388633 W 90 lat 333 2851 7925 0 exe 50722 206814 459111 resp 463722 961 pmu 1020012 447427 8279538 10244476 547279261
1790339251.336779 W 91 lat 333 2814 9148 0 exe 46722 200481 312148 resp 315759 958 pmu 1020882 417480 8279903 11719725 528972022
1790339252.388765 W 92 lat 333 3055 8999 0 exe 47537 212851 341981 resp 342870 963 pmu 1019224 450461 8276437 10199306 563898106
1790339253.332669 W 93 lat 388 2925 7055 0 exe 47462 210722 324074 resp 328944 963 pmu 1020346 418333 8288095 10550523 555262358
1790339254.380786 W 94 lat 407 3074 9074 0 exe 48203 214796 472759 resp 474796 970 pmu 1019454 457406 8282090 10370242 568577170
1790339255.324820 W 95 lat 314 2944 7629 0 exe 45166 204370 312962 resp 316111 954 pmu 1020312 419116 8286647 11877988 542209915
1790339256.372804 W 96 lat 314 3037 8648 0 exe 46370 220740 485648 resp 489259 974 pmu 1019621 446763 8281000 10209870 580183125
1790339257.316760 W 97 lat 314 3111 8888 0 exe 46592 210333 312648 resp 315537 970 pmu 1019340 437067 8279613 12032375 558066530
1790339258.364699 W 98 lat 314 2907 8888 0 exe 48555 213203 415703 resp 419740 976 pmu 1019584 449528 8273659 10249535 560150299
1790339259.412745 W 99 lat 314 2814 9166 0 exe 52777 195925 312925 resp 315851 945 pmu 1020089 433624 8284238 11308873 522111356
1790339260.356630 W 100 lat 314 2592 8018 0 exe 48407 197648 362388 resp 365388 960 pmu 1020451 434120 8285542 10211224 523339486
1790339261.404780 W 101 lat 351 3240 9074 0 exe 51296 201259 311648 resp 314851 956 pmu 1019391 435838 8277997 10685988 534671631
1790339262.348767 W 102 lat 333 2981 9907 0 exe 51666 201796 449462 resp 452314 948 pmu 1019888 444003 8286630 10220994 537058229
1790339263.396692 W 103 lat 314 2944 9703 0 exe 52018 195537 314222 resp 316351 972 pmu 1020435 422271 8276177 11604643 518334974
1790339264.336802 W 104 lat 296 2370 7222 0 exe 36499 176814 460722 resp 465999 911 pmu 1021806 425577 8281780 10217676 472784304
1790339265.384615 W 105 lat 314 2129 7037 0 exe 51555 162203 280444 resp 284537 945 pmu 1023268 383925 8286452 11512010 428072478
1790339266.328796 W 106 lat 314 2092 8129 0 exe 50685 163185 336888 resp 340777 909 pmu 1022900 406752 8283794 9703193 435252606
1790339267.384615 W 107 lat 314 2018 7574 0 exe 50277 155851 284425 resp 288222 891 pmu 1023292 386318 8282114 10272485 416084257
1790339268.332800 W 108 lat 296 2129 8462 0 exe 43944 170333 498666 resp 502574 928 pmu 1022908 407432 8281924 9705586 447936244
1790339269.384753 W 109 lat 314 2055 6740 0 exe 42981 157296 288055 resp 291277 902 pmu 1023054 391673 8281888 11894219 423406765
1790339270.332682 W 110 lat 296 2111 7148 0 exe 41851 170259 480499 resp 483037 923 pmu 1022767 406748 8280350 9705861 447765460
1790339271.376813 W 111 lat 314 2351 7074 0 exe 48277 175222 302074 resp 305666 920 pmu 1021906 405572 8277657 11688215 466295485
1790339272.328802 W 112 lat 333 2592 8166 0 exe 49462 187944 460648 resp 464370 942 pmu 1021043 435529 8279510 9967280 500030348
1790339273.384558 W 113 lat 333 2592 8999 0 exe 50981 188351 333129 resp 335759 961 pmu 1021506 407752 8284819 11629868 496009403
1790339274.328624 W 114 lat 314 2555 8425 0 exe 50166 185240 343240 resp 348018 963 pmu 1021062 433889 8280799 10363125 494506073
1790339275.388808 W 115 lat 333 2499 8296 0 exe 50055 182999 306740 resp 311055 951 pmu 1021894 405809 8285338 10452013 483565861
1790339276.328770 W 116 lat 314 2629 7999 0 exe 47592 196981 466999 resp 471388 937 pmu 1020886 435403 8278516 10072128 519685150
1790339277.376775 W 117 lat 314 3203 10148 0 exe 50092 207925 322259 resp 326259 974 pmu 1019309 437093 8278467 11732072 553672590
1790339278.316774 W 118 lat 333 3055 10499 0 exe 46981 219777 454481 resp 457703 977 pmu 1019367 449410 8276794 10363498 577332243
1790339279.360815 W 119 lat 296 3351 9833 0 exe 50833 223888 355351 resp 358203 977 pmu 1018477 447746 8281159 11726819 593268453
1790339280.400774 W 120 lat 296 2999 9148 0 exe 42296 211425 438462 resp 440740 970 pmu 1019898 431785 8280840 10771367 556276005
1790339281.352818 W 121 lat 314 2777 7185 0 exe 48629 209907 462148 resp 466129 966 pmu 1020593 434245 8283227 11489190 551893324
1790339282.412639 W 122 lat 351 3055 7055 0 exe 48425 219851 334592 resp 338777 970 pmu 1019736 426045 8281969 11747900 578414494
1790339283.356810 W 123 lat 314 2870 6518 0 exe 47703 213740 434259 resp 436759 963 pmu 1020274 438800 8279881 10523020 561806812
1790339284.404773 W 124 lat 314 3092 6722 0 exe 52222 217240 333481 resp 339074 965 pmu 1019816 425208 8282753 11473123 571712143
1790339285.348627 W 125 lat 314 2833 6537 0 exe 51037 216481 460055 resp 463666 952 pmu 1020200 437877 8279294 10523001 568960291
1790339286.396667 W 126 lat 296 2740 6333 0 exe 47388 209759 336425 resp 341111 920 pmu 1020108 421622 8281351 11766836 554012322
1790339287.344832 W 127 lat 370 3055 9462 0 exe 51055 208685 451722 resp 455277 921 pmu 1019957 441652 8284177 10482423 552039575
1790339288.392795 W 128 lat 351 2999 6185 0 exe 50777 207111 329925 resp 334425 937 pmu 1019994 423242 8284681 11660510 548273059
1790339289.344563 W 129 lat 314 2999 7055 0 exe 50499 210944 510981 resp 514981 963 pmu 1020273 438894 8281822 10421293 556429244
1790339290.384517 W 130 lat 296 1203 6407 0 exe 16962 83703 302907 resp 307518 306 pmu 1022402 187150 8265241 12249229 223935402
1790339291.320510 W 131 lat 296 296 351 0 exe 16722 21092 115796 resp 116111 6 pmu 1023664 59142 8255298 9354270 54939809
1790339292.364685 W 132 lat 296 1740 6499 0 exe 17055 128907 439999 resp 442574 645 pmu 1019721 323654 8275201 7114433 330138849
1790339293.404674 W 133 lat 481 2555 5111 0 exe 86462 177685 329962 resp 333611 999 pmu 1017561 443395 8286475 10947860 459700657
1790339294.340687 W 134 lat 1240 2611 6148 0 exe 136444 176203 227574 resp 229555 1000 pmu 1017673 427623 8287885 10442009 455131443
1790339295.380698 W 135 lat 740 2518 5425 0 exe 98444 179499 339425 resp 342333 1000 pmu 1017308 443351 8286742 9661414 463188549
1790339296.316709 W 136 lat 1111 2648 6351 0 exe 124685 177629 243388 resp 246222 1000 pmu 1017378 430849 8282060 10604408 458746019
1790339297.356665 W 137 lat 518 2499 6296 0 exe 90185 177481 353314 resp 355685 999 pmu 1017615 439024 8284114 9772650 458395482
1790339298.400698 W 138 lat 907 2555 5444 0 exe 110259 174018 231111 resp 235018 1000 pmu 1017823 421654 8290163 10692500 449649541
1790339299.336713 W 139 lat 1037 2555 5925 0 exe 123666 181574 343888 resp 347018 1000 pmu 1017149 447930 8281707 9558895 468484017
1790339300.376685 W 140 lat 999 2592 5851 0 exe 119203 177592 248592 resp 251833 1000 pmu 1017409 432246 8291506 10790933 458937101
1790339301.316683 W 141 lat 648 2574 5666 0 exe 87925 180092 352833 resp 356888 999 pmu 1017473 444729 8286139 9795798 464801647
1790339302.356717 W 142 lat 870 2555 4925 0 exe 109425 174962 251074 resp 254796 1000 pmu 1017781 422906 8288083 10695831 451875783
1790339303.400690 W 143 lat 518 2574 7351 0 exe 94407 180740 314166 resp 316481 999 pmu 1017365 447033 8285068 9755599 466573719
1790339304.336677 W 144 lat 1111 2537 6388 0 exe 134222 175833 233333 resp 236370 1000 pmu 1017445 425694 8278343 10343822 454004567
1790339305.376692 W 145 lat 962 2555 5703 0 exe 92111 178907 346703 resp 350944 999 pmu 1017188 440755 8281824 9711504 461525967
1790339306.312709 W 146 lat 833 2574 5981 0 exe 117481 177629 261666 resp 265166 1000 pmu 1017466 432494 8288429 10651968 458775832
1790339307.352683 W 147 lat 666 2537 5407 0 exe 123833 180592 355851 resp 358777 1000 pmu 1017213 444563 8279739 9919365 466012562
1790339308.392699 W 148 lat 814 2555 6481 0 exe 99777 175074 252499 resp 255870 1000 pmu 1017644 426286 8286498 10901009 452332722
1790339309.328689 W 149 lat 518 2518 6185 0 exe 121944 181499 360685 resp 364666 1000 pmu 1017366 446804 8280958 9727877 468135058
1790339310.372723 W 150 lat 1259 2555 5740 0 exe 135740 176018 221925 resp 224833 1000 pmu 1017566 425792 8287026 10952669 454893502
1790339311.412681 W 151 lat 499 2499 5611 0 exe 95296 179259 351740 resp 353740 999 pmu 1017456 441088 8287578 9602927 462326139
1790339312.348681 W 152 lat 370 2518 5092 0 exe 125648 175259 253666 resp 257648 1000 pmu 1017245 430620 8283192 10705853 452975906
1790339313.392703 W 153 lat 574 2537 6796 0 exe 85018 173092 340537 resp 341833 998 pmu 1017675 439649 8286932 9863568 447679443
1790339314.328692 W 154 lat 907 2537 6111 0 exe 97944 170240 244037 resp 246740 999 pmu 1018005 423317 8289095 10514695 440328189
1790339315.368674 W 155 lat 574 2574 5240 0 exe 124388 174111 345259 resp 348722 1000 pmu 1017399 436446 8284884 9605024 450298577
1790339316.408684 W 156 lat 1055 2611 5055 0 exe 125851 173166 237592 resp 240407 1000 pmu 1017419 428108 8283780 10766862 447725431
1790339317.348648 W 157 lat 1018 2611 7814 0 exe 87592 179833 359129 resp 362037 997 pmu 1017325 448992 8283567 9691219 463738430
1790339318.388697 W 158 lat 944 2574 5537 0 exe 110537 174537 231296 resp 234314 1000 pmu 1017850 423049 8290978 10762864 451232854
1790339319.328742 W 159 lat 999 2574 5648 0 exe 120685 178722 354537 resp 358037 1000 pmu 1017463 439351 8287224 9561253 461365062
1790339320.368705 W 160 lat 833 2537 6277 0 exe 109574 174629 238055 resp 240370 1000 pmu 1017843 424289 8292906 10868659 451128158
1790339321.408696 W 161 lat 1037 2592 7129 0 exe 100907 179296 342462 resp 345740 1000 pmu 1017593 441734 8283831 9623922 462570236
1790339322.344711 W 162 lat 1166 2648 5759 0 exe 133407 174981 233962 resp 235851 1000 pmu 1017627 423991 8287407 10658353 452223788
1790339323.384676 W 163 lat 1129 2574 5537 0 exe 101370 180333 351296 resp 353999 1000 pmu 1017483 444960 8288227 9701547 465454694
1790339324.320669 W 164 lat 907 2592 7055 0 exe 108814 174870 247351 resp 249981 1000 pmu 1017503 423960 8280241 10743808 451758869
1790339325.360690 W 165 lat 499 2592 5777 0 exe 119666 183185 332425 resp 335388 1000 pmu 1017040 453768 8281760 9720319 472783045
1790339326.404714 W 166 lat 999 2629 6277 0 exe 119666 177740 245333 resp 247907 1000 pmu 1017122 433813 8287323 10660273 459295668
1790339327.340691 W 167 lat 462 2555 9185 0 exe 95592 179796 331518 resp 334296 998 pmu 1017458 443975 8284004 9765485 463707092
1790339328.380678 W 168 lat 944 2574 5740 0 exe 126148 175185 230962 resp 233907 1000 pmu 1017743 422744 8290699 10529728 452401465
1790339329.316682 W 169 lat 722 2499 5444 0 exe 105611 178425 326222 resp 328555 1000 pmu 1017380 444211 8280845 9639870 460705946
1790339330.360681 W 170 lat 981 2555 5481 0 exe 109259 174629 243740 resp 245907 1000 pmu 1017860 421923 8293860 10499843 450684926
1790339331.404679 W 171 lat 592 2611 5907 0 exe 115666 180148 340277 resp 343907 1000 pmu 1017070 443054 8278412 9675260 464648438
1790339332.340686 W 172 lat 1018 2574 5388 0 exe 119203 177703 246888 resp 249925 1000 pmu 1017211 433968 8288814 10708036 459047680
1790339333.380696 W 173 lat 592 2574 5444 0 exe 95111 180259 331722 resp 334351 999 pmu 1017420 443818 8280728 9776023 465009481
1790339334.316692 W 174 lat 907 2518 5333 0 exe 102999 176722 240777 resp 244648 1000 pmu 1017497 428973 8288378 10512724 456199177
1790339335.360774 W 175 lat 611 2574 5537 0 exe 128092 178611 324481 resp 326592 1000 pmu 1017515 436133 8287116 9632216 460626578
1790339336.400714 W 176 lat 370 2518 5296 0 exe 104962 177555 301388 resp 305037 1000 pmu 1017332 430834 8280588 10595043 458269970
1790339337.340710 W 177 lat 314 1962 5203 0 exe 75592 226333 385981 resp 388370 996 pmu 1014617 730503 8249179 10248135 589156413
1790339338.380677 W 178 lat 444 2499 5537 0 exe 106611 175444 337259 resp 339944 1000 pmu 1017459 443180 8283698 11181360 454609279
1790339339.316712 W 179 lat 925 2537 4962 0 exe 104055 169518 223722 resp 227074 1000 pmu 1017659 417764 8288732 10601279 438580713
1790339340.356710 W 180 lat 518 2592 6166 0 exe 102425 175129 314148 resp 316222 1000 pmu 1017437 442141 8285458 9426555 452653471
1790339341.396694 W 181 lat 1129 2555 5444 0 exe 122962 170574 243481 resp 245240 1000 pmu 1017692 420822 8289432 10348416 440916685
1790339342.332706 W 182 lat 518 2574 5870 0 exe 134870 177962 352166 resp 354185 1000 pmu 1017298 444406 8283573 9719346 459215938
1790339343.372678 W 183 lat 999 2574 6074 0 exe 104185 173648 229314 resp 234018 1000 pmu 1017792 420843 8290325 10903333 448701215
1790339344.312690 W 184 lat 666 2574 6092 0 exe 100814 181185 310351 resp 313333 1000 pmu 1017179 448121 8277856 9516472 467319763
1790339345.352711 W 185 lat 925 2629 6777 0 exe 124351 177055 244611 resp 246425 1000 pmu 1017269 430867 8284744 10337590 457266501
1790339346.392698 W 186 lat 370 2537 5629 0 exe 84722 177999 355648 resp 358944 999 pmu 1017241 444202 8284852 9776499 459440763
1790339347.328688 W 187 lat 870 2611 5888 0 exe 108740 172833 245462 resp 247277 1000 pmu 1017758 419112 8286067 10691961 446550217
1790339348.368687 W 188 lat 333 2444 5759 0 exe 94703 197907 386574 resp 389425 998 pmu 1016283 544954 8270912 9680949 512328369
1790339349.408690 W 189 lat 703 2574 5907 0 exe 105814 176351 226481 resp 229685 1000 pmu 1017363 429140 8285725 11148386 455625111
1790339350.348712 W 190 lat 740 2592 6648 0 exe 116222 182111 341648 resp 344814 1000 pmu 1017049 448680 8279326 9500096 469567344
1790339351.388705 W 191 lat 1055 2574 4962 0 exe 130907 175518 256981 resp 259648 1000 pmu 1017787 424811 8286652 10736265 453356669
1790339352.324519 W 192 lat 296 1222 6777 0 exe 17351 86851 319833 resp 322148 408 pmu 1020976 234009 8268755 9919211 225065007
1790339353.364484 W 193 lat 296 296 351 0 exe 17092 19203 45462 resp 45777 0 pmu 1023713 37125 8254426 9531787 50025444
1790339354.312578 W 194 lat 296 1740 7240 0 exe 17296 154370 485592 resp 488722 515 pmu 1021062 344292 8267334 6403089 395578108
1790339355.368867 W 195 lat 296 2925 9425 0 exe 40222 237685 420111 resp 423277 860 pmu 1019343 465606 8280643 11538340 603169301
1790339356.316581 W 196 lat 296 3444 9203 0 exe 23222 259851 465870 resp 470499 926 pmu 1017705 434415 8280977 11431902 654630268
1790339357.376956 W 197 lat 296 981 8074 0 exe 18851 90074 419462 resp 423518 197 pmu 1022167 257187 8259799 11922072 241921529
1790339358.332663 W 198 lat 314 3833 9129 0 exe 60074 304537 530814 resp 535314 988 pmu 1018693 446515 8286458 10568724 762667884
1790339359.384605 W 199 lat 296 999 6777 0 exe 28851 124203 492814 resp 496537 443 pmu 1022605 465210 8272167 12981006 333481531
1790339360.328680 W 200 lat 296 1870 6685 0 exe 31314 189592 513703 resp 516611 637 pmu 1020515 506092 8273315 11513811 488141806
1790339361.384731 W 201 lat 296 3166 10333 0 exe 38999 257499 448444 resp 454277 907 pmu 1018575 486427 8276918 12062461 657589728
1790339362.328689 W 202 lat 296 3407 9203 0 exe 30499 257277 478166 resp 482185 902 pmu 1018222 433095 8284794 11827533 649158556
1790339363.368873 W 203 lat 296 1111 7148 0 exe 20388 94240 475129 resp 478629 282 pmu 1022602 269236 8268935 12065600 248158540
1790339364.308822 W 204 lat 537 4018 8592 0 exe 87740 319111 535111 resp 539037 998 pmu 1017687 483713 8272379 11147039 806925974
1790339365.348640 W 205 lat 296 999 6074 0 exe 29407 112833 547703 resp 553018 432 pmu 1023054 453688 8279530 13231623 306236263
1790339366.388688 W 206 lat 296 1685 7888 0 exe 32888 174462 456814 resp 459962 675 pmu 1021444 542342 8278184 12013152 463982394
1790339367.328817 W 207 lat 296 3148 6962 0 exe 34203 245796 420574 resp 424611 917 pmu 1018138 466844 8280424 11432303 620197557
1790339368.388602 W 208 lat 296 3055 7777 0 exe 31018 230092 451999 resp 456648 842 pmu 1018317 421573 8279090 11439970 584995906
1790339369.344943 W 209 lat 277 1277 7462 0 exe 19314 113574 486481 resp 489981 309 pmu 1022141 299111 8263496 11664967 297808674
1790339370.408665 W 210 lat 296 3703 9425 0 exe 50574 282333 469314 resp 473111 959 pmu 1018881 448673 8283635 11354330 717647379
1790339371.344616 W 211 lat 296 833 5129 0 exe 27611 104944 371037 resp 374351 342 pmu 1023107 448377 8281790 12204438 286825692
1790339372.384745 W 212 lat 296 1851 12499 0 exe 33888 191296 489499 resp 492222 661 pmu 1020931 514315 8271957 10182429 493450491
1790339373.320819 W 213 lat 296 3277 9259 0 exe 62481 257370 384370 resp 387462 977 pmu 1018059 453554 8280622 11870166 656804959
1790339374.360627 W 214 lat 296 2407 7648 0 exe 27444 181740 361185 resp 363944 676 pmu 1020397 389709 8277380 11284298 469755193
1790339375.400834 W 215 lat 296 2314 7407 0 exe 21648 187037 478222 resp 485629 622 pmu 1021096 333730 8277508 10484852 473031950
1790339376.336798 W 216 lat 296 2851 7314 0 exe 24925 245203 501833 resp 506129 815 pmu 1019668 465639 8275568 11674706 616242039
1790339377.380659 W 217 lat 296 833 5462 0 exe 32981 102518 436518 resp 439537 348 pmu 1023214 439966 8278750 12203348 265381893
1790339378.316841 W 218 lat 296 2648 7203 0 exe 33333 254833 504722 resp 507962 871 pmu 1019143 543316 8274099 10852850 641602404
1790339379.356739 W 219 lat 351 3870 8907 0 exe 61796 282999 441092 resp 445499 985 pmu 1017746 426287 8280906 12317382 711436272
1790339380.396771 W 220 lat 296 1259 8740 0 exe 25722 98092 337592 resp 342425 322 pmu 1022403 305353 8275360 11983170 260884587
1790339381.332794 W 221 lat 296 3333 9185 0 exe 30037 267185 466407 resp 469740 959 pmu 1019741 432007 8286616 9832933 669136562
1790339382.372627 W 222 lat 296 1592 7055 0 exe 26055 159351 460962 resp 464148 550 pmu 1021365 445079 8273226 11992176 415609552
1790339383.308824 W 223 lat 296 1407 9796 0 exe 28370 143999 490018 resp 493666 473 pmu 1021531 464669 8272586 11358268 370016823
1790339384.348755 W 224 lat 296 3351 9648 0 exe 30370 270888 503314 resp 508037 941 pmu 1017885 480972 8269901 11600202 682264193
1790339385.392704 W 225 lat 296 3166 9018 0 exe 47185 221907 374907 resp 379537 848 pmu 1019178 379834 8282390 12391456 563539609
1790339386.328796 W 226 lat 296 1462 5944 0 exe 23648 130074 484870 resp 488555 453 pmu 1021923 331315 8275006 10941133 335577588
1790339387.368702 W 227 lat 296 2907 7814 0 exe 25962 242018 475037 resp 477425 845 pmu 1018939 455870 8276924 11436284 609286134
1790339388.408751 W 228 lat 296 888 5203 0 exe 29629 109481 476296 resp 479537 362 pmu 1023103 447854 8281712 11917971 287105787
1790339389.344645 W 229 lat 296 2462 8740 0 exe 31277 226796 472481 resp 476499 851 pmu 1019592 548267 8271414 11268786 589535767
1790339390.384845 W 230 lat 333 3629 7777 0 exe 83296 268981 429574 resp 434722 995 pmu 1017510 439099 8276688 11855505 682696104
1790339391.324629 W 231 lat 296 1333 7240 0 exe 21111 110240 499814 resp 503666 393 pmu 1022447 312463 8271409 11902454 290951677
1790339392.365881 W 232 lat 296 3388 8129 0 exe 41259 275222 517277 resp 520999 981 pmu 1019430 423567 8278022 11480822 701682783
1790339393.404730 W 233 lat 296 1796 8888 0 exe 24796 175092 527925 resp 532222 579 pmu 1021304 447061 8274202 12594129 442714473
1790339394.340765 W 234 lat 296 1351 6870 0 exe 29277 143648 457314 resp 461296 498 pmu 1021884 481025 8274414 12116153 372649166
1790339395.380894 W 235 lat 296 3129 7981 0 exe 37018 255574 451481 resp 456462 945 pmu 1018512 476636 8279337 11262639 644631397
1790339396.320619 W 236 lat 296 3185 7018 0 exe 42092 234055 418685 resp 422296 886 pmu 1018918 405624 8285892 11822085 597549261
1790339397.360795 W 237 lat 296 1499 6481 0 exe 24518 123092 500777 resp 504796 413 pmu 1022346 306571 8274897 11398881 327747107
1790339398.400666 W 238 lat 296 3555 7759 0 exe 47055 300592 497296 resp 502796 958 pmu 1017884 495104 8270274 11569798 762197549
1790339399.336597 W 239 lat 296 740 6148 0 exe 29462 96222 371037 resp 372999 313 pmu 1023221 435205 8275420 12557474 254420824
1790339400.376663 W 240 lat 296 2111 8574 0 exe 34203 214888 514759 resp 517796 767 pmu 1020572 543912 8275833 10146257 550602076
1790339401.312930 W 241 lat 388 3537 8314 0 exe 74611 264277 435925 resp 439759 987 pmu 1017943 434091 8287068 12225674 669437999
1790339402.356597 W 242 lat 296 1981 7444 0 exe 26351 148018 361592 resp 364425 527 pmu 1021305 324727 8276464 11895430 382908466
1790339403.396946 W 243 lat 296 2722 9074 0 exe 26925 211166 446388 resp 450555 780 pmu 1020600 373913 8285761 10312407 532979148
1790339404.332622 W 244 lat 296 2425 7055 0 exe 25888 220462 514277 resp 518129 704 pmu 1020386 456429 8275963 11497287 557253993
1790339405.372614 W 245 lat 296 999 6833 0 exe 33759 116148 447166 resp 450277 401 pmu 1022718 480393 8274988 12203510 305881083
1790339406.312876 W 246 lat 296 2907 8462 0 exe 34296 256833 468370 resp 472537 912 pmu 1019233 526406 8271696 11039601 656793910
1790339407.352844 W 247 lat 537 3925 8185 0 exe 102851 286574 506074 resp 509722 1000 pmu 1017603 437842 8284315 11981134 720032362
1790339408.392622 W 248 lat 296 1055 7222 0 exe 19888 83925 357314 resp 361351 269 pmu 1022825 261568 8268201 12849653 224811747
1790339409.328759 W 249 lat 314 3629 7592 0 exe 45092 283796 500814 resp 504833 987 pmu 1018189 455697 8275822 9917696 714244361
1790339410.372782 W 250 lat 296 1444 7185 0 exe 24796 155277 542444 resp 546648 525 pmu 1021743 449609 8273595 12491552 402671559
1790339411.412584 W 251 lat 296 1537 10518 0 exe 23611 155703 440981 resp 443074 582 pmu 1021457 470660 8276088 12151855 405196351
1790339412.348706 W 252 lat 296 3092 8370 0 exe 30870 240222 446703 resp 449259 898 pmu 1018755 472386 8281005 11140761 611109255
1790339413.392559 W 253 lat 333 3499 7666 0 exe 68555 249666 458277 resp 462222 939 pmu 1018211 421039 8281563 11656268 631876400
1790339414.328523 W 254 lat 296 333 5351 0 exe 17370 34092 211296 resp 212629 20 pmu 1023593 181045 8259718 12010809 95734954
1790339415.368513 W 255 lat 296 296 537 0 exe 17037 21222 107166 resp 107481 6 pmu 1023548 60434 8255625 8166095 54564886
1790339416.324560 W 256 lat 296 462 4740 0 exe 17092 41648 503888 resp 506537 63 pmu 1023237 107397 8257584 7029582 104633629
1790339417.392519 W 257 lat 296 314 611 0 exe 18685 25037 116518 resp 116833 13 pmu 1023605 105442 8257210 11132788 66206977
1790339418.348497 W 258 lat 296 296 481 0 exe 18333 21333 45074 resp 45388 0 pmu 1023617 64284 8253488 7150703 54034715
1790339419.388522 W 259 lat 296 314 555 0 exe 18777 24981 115592 resp 115907 10 pmu 1023608 105542 8255984 6415091 63291989
1790339420.324493 W 260 lat 296 314 574 0 exe 18611 21203 49185 resp 49499 0 pmu 1023601 62707 8252866 7141354 53662564
1790339421.364519 W 261 lat 296 314 629 0 exe 18796 25351 122166 resp 122499 9 pmu 1023564 110562 8255537 6457492 64297655
1790339422.404496 W 262 lat 296 314 592 0 exe 18518 21537 61129 resp 61444 0 pmu 1023612 66687 8253705 7209582 54558131
1790339423.340519 W 263 lat 296 296 574 0 exe 18851 25129 117314 resp 117629 11 pmu 1023574 107180 8255766 6578254 63721449
1790339424.380493 W 264 lat 296 296 592 0 exe 17944 21314 52703 resp 53018 0 pmu 1023635 64076 8255897 7159776 54009379
1790339425.316520 W 265 lat 296 314 574 0 exe 18629 24555 114314 resp 114648 11 pmu 1023554 101092 8255618 6490049 62221779
1790339426.356493 W 266 lat 296 296 499 0 exe 19037 21666 50462 resp 50796 0 pmu 1023643 67824 8256152 7125812 54802472
1790339427.396521 W 267 lat 296 296 592 0 exe 19111 25277 112962 resp 113277 12 pmu 1023559 109502 8252673 6474434 64125417
1790339428.332496 W 268 lat 296 296 518 0 exe 18796 22055 59129 resp 59425 0 pmu 1023681 72772 8257473 7118357 55867171
1790339429.372524 W 269 lat 296 314 574 0 exe 19333 24981 112851 resp 113166 10 pmu 1023553 105152 8254159 6561873 63306871
1790339430.308496 W 270 lat 296 314 592 0 exe 18648 21796 49888 resp 50296 0 pmu 1023637 68895 8256987 7116791 55146436
1790339431.348517 W 271 lat 296 296 592 0 exe 18611 24092 121962 resp 122277 8 pmu 1023578 95627 8256597 6468413 61071482
1790339432.388502 W 272 lat 296 296 592 0 exe 18740 21648 46999 resp 47296 0 pmu 1023574 68034 8252771 7199858 54898042
1790339433.324517 W 273 lat 296 314 537 0 exe 18592 25092 117851 resp 118166 7 pmu 1023538 107088 8255452 6438560 63613956
1790339434.364502 W 274 lat 296 296 537 0 exe 18740 21351 49129 resp 49444 0 pmu 1023637 64723 8256543 7163486 54067691
1790339435.404518 W 275 lat 296 314 592 0 exe 18481 24425 107777 resp 108092 10 pmu 1023573 99504 8251822 6458206 61942329
1790339436.340493 W 276 lat 296 296 574 0 exe 18629 21277 46166 resp 46481 0 pmu 1023668 63699 8253620 7059035 53809988
1790339437.380521 W 277 lat 296 314 518 0 exe 18555 24870 110907 resp 111222 13 pmu 1023575 104051 8255806 6427855 62953474
1790339438.316499 W 278 lat 296 314 574 0 exe 18685 21740 47629 resp 47925 0 pmu 1023640 68756 8256607 7092618 55039360
1790339439.356522 W 279 lat 296 314 499 0 exe 18740 25037 114240 resp 114555 13 pmu 1023617 106135 8257050 6445042 63389832
1790339440.396494 W 280 lat 296 296 499 0 exe 18870 21370 48777 resp 49111 0 pmu 1023611 64681 8254475 7127567 54097875
1790339441.332519 W 281 lat 296 314 611 0 exe 18574 24481 108925 resp 109259 12 pmu 1023587 99632 8254646 6455322 61948755
1790339442.372492 W 282 lat 296 296 444 0 exe 19092 21481 47944 resp 48259 0 pmu 1023599 65965 8252198 7071516 54382990
1790339443.412525 W 283 lat 296 314 537 0 exe 18722 24129 117740 resp 118055 11 pmu 1023646 96016 8257430 6448209 61090941
1790339444.348497 W 284 lat 296 296 574 0 exe 18351 21666 67296 resp 67611 0 pmu 1023624 68153 8254732 7158057 54857864
1790339445.388522 W 285 lat 296 296 537 0 exe 18444 24629 125240 resp 125574 12 pmu 1023549 101806 8254835 6639728 62476165
1790339446.324496 W 286 lat 296 296 592 0 exe 18759 21444 47425 resp 47740 0 pmu 1023635 65710 8255548 7234370 54363077
1790339447.364519 W 287 lat 296 314 481 0 exe 18685 24222 115037 resp 115462 11 pmu 1023618 97098 8256163 6441989 61306953
1790339448.404495 W 288 lat 296 296 518 0 exe 19222 22055 45981 resp 46296 0 pmu 1023594 71236 8254565 7131655 55765385
1790339449.340521 W 289 lat 296 296 481 0 exe 18666 24166 113222 resp 113537 12 pmu 1023585 96308 8255989 6432534 61183081
1790339450.380498 W 290 lat 296 296 592 0 exe 18314 21722 46981 resp 47296 0 pmu 1023725 68650 8251774 7112514 54996122
1790339451.316520 W 291 lat 296 314 537 0 exe 18499 24333 117870 resp 118185 13 pmu 1023620 98263 8253106 6436636 61623158
1790339452.356501 W 292 lat 296 296 592 0 exe 18462 21981 47833 resp 48240 0 pmu 1023652 71506 8255614 7159366 55671251
1790339453.396519 W 293 lat 296 296 537 0 exe 18740 24074 114388 resp 114703 12 pmu 1023554 95531 8254277 6447653 60959082
1790339454.332498 W 294 lat 296 296 425 0 exe 18462 21462 48481 resp 48796 0 pmu 1023695 65826 8255549 7124424 54357396
1790339455.372518 W 295 lat 296 296 462 0 exe 18555 23722 118444 resp 118777 12 pmu 1023594 91645 8255971 6450311 60144329
1790339456.412502 W 296 lat 296 296 518 0 exe 18685 21888 47648 resp 47981 0 pmu 1023653 70967 8259185 7161988 55479354
1790339457.348523 W 297 lat 296 314 2611 0 exe 18648 24759 118425 resp 118740 11 pmu 1023621 103334 8255264 6445859 62769089
1790339458.388528 W 298 lat 296 314 1518 0 exe 18870 60722 175574 resp 175907 213 pmu 1022761 505533 8263944 7178888 160573692
1790339459.324521 W 299 lat 296 296 537 0 exe 18518 25407 110925 resp 111240 10 pmu 1023524 110764 8256450 7925526 65279199
1790339460.364495 W 300 lat 296 296 555 0 exe 18351 21444 51888 resp 52296 0 pmu 1023677 65436 8255416 7095309 54283838
1790339461.408504 W 301 lat 296 296 481 0 exe 18370 25092 108703 resp 109074 8 pmu 1023589 107624 8257607 6484781 63633916
1790339462.340500 W 302 lat 296 296 574 0 exe 18740 21870 48592 resp 48907 0 pmu 1023623 70329 8259899 7070744 55327194
1790339463.380522 W 303 lat 296 314 481 0 exe 18722 25277 104277 resp 104592 9 pmu 1023643 109479 8259968 6455537 63996582
1790339464.316496 W 304 lat 296 314 592 0 exe 18629 21666 52037 resp 52351 0 pmu 1023638 68000 8255384 7029125 54779681
1790339465.356528 W 305 lat 296 296 555 0 exe 18518 24740 107370 resp 107703 9 pmu 1023590 103284 8255607 6488501 62588236
1790339466.396492 W 306 lat 296 314 499 0 exe 18759 21851 58703 resp 58999 0 pmu 1023614 69926 8255549 7056550 55268683
1790339467.332530 W 307 lat 296 314 555 0 exe 18148 21888 102407 resp 102740 2 pmu 1023622 70516 8254464 6556320 55225843
1790339468.372546 W 308 lat 296 314 2462 0 exe 18666 35851 195240 resp 196129 97 pmu 1023197 224831 8257999 6991100 93615954
1790339469.336702 W 309 lat 296 314 925 0 exe 18037 26907 132907 resp 133833 20 pmu 1023615 126403 8249962 8004219 69069580
1790339470.404516 W 310 lat 296 314 555 0 exe 18518 24148 113055 resp 113370 13 pmu 1023564 96088 8254203 7325285 61695219
1790339471.368529 W 311 lat 296 296 592 0 exe 18444 20907 48092 resp 48407 0 pmu 1023631 59478 8253650 7110386 52882444
1790339472.324498 W 312 lat 296 314 537 0 exe 17981 24129 119981 resp 120314 14 pmu 1023609 95296 8256804 6444199 61035192
1790339473.396519 W 313 lat 296 314 611 0 exe 18462 22111 43814 resp 44129 0 pmu 1023605 72715 8252953 7176880 55997391
1790339474.364497 W 314 lat 296 314 425 0 exe 18462 26222 119388 resp 119703 11 pmu 1023576 118097 8255754 6407748 66240247
1790339475.324515 W 315 lat 296 296 444 0 exe 18037 24722 112259 resp 112592 8 pmu 1023628 102926 8257435 7183315 62556175
1790339476.364509 W 316 lat 296 296 444 0 exe 17370 22314 114481 resp 114796 6 pmu 1023646 73078 8261480 7102453 56569747
1790339477.404508 W 317 lat 296 296 351 0 exe 16685 22037 107555 resp 107870 4 pmu 1023651 70602 8263269 7109222 55823471
1790339478.344513 W 318 lat 296 296 407 0 exe 17148 21592 122555 resp 122870 7 pmu 1023605 64651 8261516 7034664 54805255
1790339479.384484 W 319 lat 296 296 370 0 exe 17240 18981 40111 resp 40425 0 pmu 1023647 34512 8258904 7184970 48030915
1790339480.320551 W 320 lat 296 388 648 0 exe 17018 24592 113314 resp 113629 7 pmu 1023631 59991 8262155 6347540 50282932
1790339481.360515 W 321 lat 462 462 537 0 exe 24240 26851 50166 resp 50666 0 pmu 1023711 39520 8265784 7108538 42621511
1790339482.400548 W 322 lat 462 462 574 0 exe 24574 29499 130018 resp 130499 18 pmu 1023770 66674 8261512 6525973 46801166
1790339483.336524 W 323 lat 462 462 537 0 exe 23759 27129 80962 resp 81462 0 pmu 1023825 42821 8264024 7339685 43193856
1790339484.376548 W 324 lat 462 462 611 0 exe 24407 29388 133629 resp 134203 18 pmu 1023796 65592 8257422 6833020 46813090
1790339485.312516 W 325 lat 462 462 537 0 exe 24370 26685 54037 resp 54499 0 pmu 1023794 37917 8259677 7374940 42519893
1790339486.352552 W 326 lat 462 462 703 0 exe 24499 29444 134277 resp 134777 19 pmu 1023727 65960 8259106 6564614 46732803
1790339487.392522 W 327 lat 462 462 555 0 exe 23981 26796 55814 resp 56333 0 pmu 1023804 39333 8258692 7382464 42740098
1790339488.328558 W 328 lat 462 462 611 0 exe 24407 31092 133666 resp 134240 19 pmu 1023745 82994 8262353 6581239 49284697
1790339489.368519 W 329 lat 462 462 537 0 exe 23777 26703 56203 resp 56722 0 pmu 1023696 38150 8265296 7383913 42568479
1790339490.408553 W 330 lat 462 462 574 0 exe 24555 29462 137185 resp 137685 18 pmu 1023681 66164 8265109 6583647 46766930
1790339491.344518 W 331 lat 462 462 537 0 exe 24499 26574 56555 resp 57055 0 pmu 1023741 36999 8259422 7411279 42379535
1790339492.384577 W 332 lat 462 462 555 0 exe 23870 29240 136648 resp 137129 19 pmu 1023700 63841 8264316 6590040 46440545
1790339493.320534 W 333 lat 407 462 555 0 exe 22870 27185 67777 resp 68314 0 pmu 1023711 45887 8259944 7400954 43837324
1790339494.360554 W 334 lat 407 462 574 0 exe 22629 29518 135407 resp 135981 19 pmu 1023766 70190 8258145 6697102 47523306
1790339495.400521 W 335 lat 462 462 555 0 exe 24203 26518 47351 resp 47814 0 pmu 1023743 36132 8258101 7384122 42291561
1790339496.336553 W 336 lat 462 462 555 0 exe 24074 29240 133499 resp 134037 18 pmu 1023671 63946 8261416 6495872 46400362
1790339497.376530 W 337 lat 462 462 537 0 exe 24481 26685 48259 resp 48740 0 pmu 1023718 37964 8264696 7370867 42540974
1790339498.312560 W 338 lat 462 462 611 0 exe 24185 29555 132833 resp 133314 18 pmu 1023661 67109 8263002 6507449 46863507
1790339499.352522 W 339 lat 462 462 537 0 exe 24425 26962 50111 resp 50611 0 pmu 1023706 40527 8264944 7366271 42929269
1790339500.392568 W 340 lat 425 462 537 0 exe 23537 29555 136074 resp 136592 20 pmu 1023691 68727 8265631 6526997 47135653
1790339501.328522 W 341 lat 462 462 537 0 exe 24388 26944 56722 resp 57222 0 pmu 1023694 40453 8261559 7395301 42934604
1790339502.368553 W 342 lat 462 462 814 0 exe 24444 29537 131759 resp 132574 19 pmu 1023699 66666 8263974 6592837 46869490
1790339503.408521 W 343 lat 462 462 537 0 exe 24055 26592 55166 resp 55666 0 pmu 1023764 36948 8259315 7359666 42368649
1790339504.344555 W 344 lat 462 462 777 0 exe 24277 29314 135648 resp 136148 18 pmu 1023657 64676 8257669 6574060 46592157
1790339505.384541 W 345 lat 462 462 537 0 exe 23999 27407 62314 resp 62796 0 pmu 1023684 45476 8263984 7394884 43652415
1790339506.320552 W 346 lat 462 462 537 0 exe 24148 29685 127685 resp 128185 18 pmu 1023779 68739 8260522 6649194 47176341
1790339507.360523 W 347 lat 462 462 555 0 exe 24148 26481 48962 resp 49462 0 pmu 1023759 35691 8257600 7315169 42169165
1790339508.400551 W 348 lat 462 462 537 0 exe 24444 29296 137907 resp 138425 18 pmu 1023815 64615 8256834 6511856 46496811
1790339509.336528 W 349 lat 462 462 555 0 exe 23888 26666 47796 resp 48296 0 pmu 1023822 37761 8259944 7416928 42520322
1790339510.380552 W 350 lat 388 462 574 0 exe 20796 29092 132444 resp 132944 18 pmu 1023680 66881 8265994 6499897 46956122
1790339511.316523 W 351 lat 462 462 537 0 exe 23777 27129 55907 resp 56388 0 pmu 1023703 42382 8266484 7342772 43179847
1790339512.356548 W 352 lat 462 462 574 0 exe 24592 29574 133518 resp 134037 19 pmu 1023746 67487 8266872 6582630 46962710
1790339513.396523 W 353 lat 462 462 555 0 exe 23999 26796 48055 resp 48555 0 pmu 1023737 39029 8267734 7375445 42691620
1790339514.332553 W 354 lat 462 462 537 0 exe 24555 29518 130277 resp 130796 18 pmu 1023643 66727 8265426 6503752 46839074
1790339515.372523 W 355 lat 462 462 537 0 exe 23666 26518 49277 resp 49740 0 pmu 1023677 36137 8261660 7342398 42238667
1790339516.412551 W 356 lat 462 462 537 0 exe 24611 29833 131018 resp 131518 19 pmu 1023727 70028 8264836 6512668 47326782
1790339517.348529 W 357 lat 462 462 537 0 exe 24277 27407 70462 resp 70925 0 pmu 1023695 45216 8264284 7351431 43601094
1790339518.392555 W 358 lat 462 462 648 0 exe 24111 29555 134148 resp 134796 19 pmu 1023736 67149 8266821 6731838 47005957
1790339519.328521 W 359 lat 462 462 555 0 exe 24111 26518 56685 resp 57203 0 pmu 1023674 36123 8263380 7380209 42239604
1790339520.368553 W 360 lat 462 462 537 0 exe 24111 29296 131629 resp 132148 20 pmu 1023678 64670 8264596 6589085 46526537
1790339521.408529 W 361 lat 462 462 537 0 exe 24203 27203 56611 resp 57092 0 pmu 1023723 43225 8265988 7352484 43301591
1790339522.344553 W 362 lat 462 462 629 0 exe 23962 29574 135333 resp 135833 19 pmu 1023684 67185 8266544 6591956 46919779
1790339523.384520 W 363 lat 462 462 537 0 exe 24259 26611 59296 resp 59759 0 pmu 1023725 37184 8266648 7390701 42406852
1790339524.320555 W 364 lat 462 462 555 0 exe 24222 29314 136907 resp 137388 19 pmu 1023722 64449 8266676 6616187 46564486
1790339525.360528 W 365 lat 462 462 537 0 exe 24129 26888 59814 resp 60314 0 pmu 1023730 39907 8265612 7405902 42848226
1790339526.400539 W 366 lat 462 462 555 0 exe 24425 29462 136814 resp 137314 17 pmu 1023725 65917 8262360 6622140 46772104
1790339527.336533 W 367 lat 407 462 537 0 exe 22259 26666 58870 resp 59314 0 pmu 1023744 44283 8260268 7406719 43702330
1790339528.376551 W 368 lat 462 462 574 0 exe 24222 29407 132222 resp 132796 19 pmu 1023741 65788 8261789 6601778 46738230
1790339529.312529 W 369 lat 462 462 537 0 exe 24222 26796 52129 resp 52592 0 pmu 1023736 38825 8265131 7360016 42651461
1790339530.352550 W 370 lat 462 462 611 0 exe 24222 30518 135611 resp 136074 20 pmu 1023704 77156 8262825 6545163 48364513
1790339531.392521 W 371 lat 462 462 537 0 exe 24259 26537 48148 resp 48648 0 pmu 1023841 36245 8263124 7398932 42287725
1790339532.328547 W 372 lat 462 462 740 0 exe 24333 29148 134148 resp 134629 19 pmu 1023801 63108 8258544 6504476 46276072
1790339533.368532 W 373 lat 462 462 537 0 exe 24166 27333 55425 resp 55907 0 pmu 1023741 44295 8262727 7378764 43493375
1790339534.408550 W 374 lat 462 462 537 0 exe 24129 29666 135759 resp 136259 18 pmu 1023787 68294 8259336 6580833 47112964
1790339535.344520 W 375 lat 462 462 537 0 exe 24203 26685 48222 resp 48703 0 pmu 1023740 37910 8258662 7395762 42544756
1790339536.384554 W 376 lat 462 462 611 0 exe 24518 29481 133444 resp 133907 19 pmu 1023775 66605 8259067 6505597 46799036
1790339537.320550 W 377 lat 462 462 537 0 exe 24203 29129 114703 resp 115185 11 pmu 1023692 63157 8262626 7373817 46389756
1790339538.360555 W 378 lat 462 462 648 0 exe 24203 30129 135166 resp 135648 19 pmu 1023671 72997 8266101 7182797 48157583
1790339539.408720 W 379 lat 333 777 8092 0 exe 23925 50870 425425 resp 429037 136 pmu 1022667 137165 8267383 7393324 90342521
1790339540.356696 W 380 lat 314 1981 5814 0 exe 39833 191203 455444 resp 459277 929 pmu 1022953 485139 8273762 10454586 502059078
1790339541.408810 W 381 lat 314 2203 8425 0 exe 53888 190666 318166 resp 321592 952 pmu 1021805 482874 8274661 11531725 503466208
1790339542.360611 W 382 lat 333 2333 7796 0 exe 53666 200185 457796 resp 460537 956 pmu 1021153 499064 8277287 10238606 530720612
1790339543.408807 W 383 lat 296 2222 9037 0 exe 45037 189944 321740 resp 326870 922 pmu 1021909 469553 8273658 11675677 497652873
1790339544.352803 W 384 lat 314 2444 7499 0 exe 53981 210518 464111 resp 466296 953 pmu 1020670 499841 8273493 10238319 553195381
1790339545.400783 W 385 lat 314 3259 8611 0 exe 56148 235277 327777 resp 331370 984 pmu 1017408 502815 8268416 11788264 623684657
1790339546.348748 W 386 lat 314 3185 7444 0 exe 54759 245851 320685 resp 324296 980 pmu 1017821 503028 8273593 10576393 643597942
1790339547.388784 W 387 lat 314 3518 9666 0 exe 49370 245851 323555 resp 327240 980 pmu 1016642 497617 8264411 10545212 649845347
1790339548.328670 W 388 lat 481 3629 9648 0 exe 52314 261407 449074 resp 452666 988 pmu 1015940 526597 8260421 10560129 685339110
1790339549.376829 W 389 lat 462 3574 8555 0 exe 55722 256074 332259 resp 335314 988 pmu 1016088 504048 8263359 11908545 673882698
1790339550.316759 W 390 lat 444 3685 8481 0 exe 50722 261185 455925 resp 459407 987 pmu 1015748 524985 8261436 10722401 686906546
1790339551.360687 W 391 lat 388 3555 7055 0 exe 53703 258518 328481 resp 334333 989 pmu 1016945 482282 8271785 11961760 676729416
1790339552.404800 W 392 lat 481 3666 9055 0 exe 50333 260555 344740 resp 348611 985 pmu 1015523 516570 8256004 10692785 684914494
1790339553.344795 W 393 lat 444 3648 8740 0 exe 49999 259037 339759 resp 343074 987 pmu 1015382 507906 8258322 10849700 680268259
1790339554.392794 W 394 lat 481 3648 8425 0 exe 54055 261888 473074 resp 477648 989 pmu 1015878 525360 8256722 10786107 686806053
1790339555.328796 W 395 lat 462 3777 8740 0 exe 54703 255185 327851 resp 331185 990 pmu 1015417 508331 8262279 12158692 672011103
1790339556.368779 W 396 lat 407 3722 9629 0 exe 50425 263166 464759 resp 466833 995 pmu 1015579 517724 8261977 10672057 688941346
1790339557.412818 W 397 lat 499 3888 9259 0 exe 54277 253648 342148 resp 346277 989 pmu 1015030 513646 8258234 12057470 670000622
1790339558.348660 W 398 lat 537 3722 8981 0 exe 54611 260092 467333 resp 469944 993 pmu 1015826 520723 8262360 10812570 681603770
1790339559.396781 W 399 lat 314 3777 8703 0 exe 55055 244648 332703 resp 337425 987 pmu 1015567 502592 8257002 12088605 649027167
1790339560.340777 W 400 lat 333 3074 8203 0 exe 59407 232722 387388 resp 389092 979 pmu 1018211 498519 8266614 10675703 615003040
1790339561.396765 W 401 lat 333 3111 6981 0 exe 60666 227277 338648 resp 343981 978 pmu 1018975 483048 8272415 11163459 598510302
1790339562.340766 W 402 lat 314 2907 6462 0 exe 59999 222314 472907 resp 476833 962 pmu 1019551 483382 8272869 10667426 585149917
1790339563.392891 W 403 lat 333 3055 7222 0 exe 62425 231722 458259 resp 460907 956 pmu 1018706 489476 8269247 11971188 609929571
1790339564.341216 W 404 lat 333 2870 7611 0 exe 61314 218629 355722 resp 359740 935 pmu 1019869 478081 8271656 11882017 577559489
1790339565.388568 W 405 lat 314 2999 7111 0 exe 61703 232907 466111 resp 468666 945 pmu 1018538 500768 8271818 10793559 612583063
1790339566.332795 W 406 lat 296 2796 7499 0 exe 54425 235796 321537 resp 326814 959 pmu 1018325 487083 8273309 11961479 620268263
1790339567.384807 W 407 lat 314 3018 9592 0 exe 54333 244203 451018 resp 454388 970 pmu 1017673 508341 8263970 10508411 643473965
1790339568.336798 W 408 lat 314 3055 7796 0 exe 50018 235148 349018 resp 353981 980 pmu 1018718 483692 8277198 11846730 617154813
1790339569.380797 W 409 lat 314 3259 8777 0 exe 55314 244351 431777 resp 434740 979 pmu 1017858 507530 8267404 10759091 640773492
1790339570.320810 W 410 lat 333 3537 6999 0 exe 51814 260037 327092 resp 331259 986 pmu 1016315 493254 8267427 11655271 681629754
1790339571.372769 W 411 lat 296 3277 6981 0 exe 49462 254092 454444 resp 456037 982 pmu 1017141 501171 8265323 10667934 666493900
1790339572.412793 W 412 lat 370 3462 7666 0 exe 49944 257999 325999 resp 329944 982 pmu 1016927 486552 8272275 11885429 676031044
1790339573.352810 W 413 lat 388 3499 8981 0 exe 49722 257092 449222 resp 451314 984 pmu 1016834 510749 8265105 10639599 675119167
1790339574.392761 W 414 lat 314 3499 8629 0 exe 55925 254722 332240 resp 337259 988 pmu 1016375 499848 8262022 11863618 669135402
1790339575.332809 W 415 lat 314 3388 7777 0 exe 53148 260555 465166 resp 468685 985 pmu 1016669 517828 8265559 10725485 682924019
1790339576.380797 W 416 lat 314 3351 7740 0 exe 48962 240981 330185 resp 334185 971 pmu 1017943 475581 8274013 12057784 635947754
1790339577.324800 W 417 lat 314 3259 9074 0 exe 56240 241685 318814 resp 322777 978 pmu 1017794 505172 8265297 10591132 632886135
1790339578.372639 W 418 lat 296 3444 8962 0 exe 54722 252759 443666 resp 446407 982 pmu 1016101 529287 8259002 10523386 668244555
1790339579.320624 W 419 lat 296 2555 7537 0 exe 58648 299203 515166 resp 519370 986 pmu 1016816 758361 8243481 11813801 775722217
1790339580.368722 W 420 lat 314 1981 6870 0 exe 47296 180944 318037 resp 321259 920 pmu 1022824 469736 8276794 12776260 481511482
1790339581.320571 W 421 lat 314 1925 6944 0 exe 41999 185055 478037 resp 481148 917 pmu 1022874 484342 8279994 10145783 487257170
1790339582.368559 W 422 lat 296 1888 6685 0 exe 41592 179018 282907 resp 285703 926 pmu 1023419 459948 8275992 11739445 471333160
1790339583.416682 W 423 lat 314 2148 7092 0 exe 49814 187351 396296 resp 400555 932 pmu 1021849 485036 8273591 9752837 494713777
1790339584.368818 W 424 lat 277 2314 7685 0 exe 48981 194259 315481 resp 320166 941 pmu 1021597 476264 8277843 10980271 515786756
1790339585.316742 W 425 lat 333 2314 7962 0 exe 55351 200666 474185 resp 478296 966 pmu 1021193 492847 8274552 10208395 527058028
1790339586.372707 W 426 lat 333 2277 8166 0 exe 53888 195851 321203 resp 326148 958 pmu 1021619 477130 8273275 11857974 516322467
1790339587.324771 W 427 lat 314 2481 8759 0 exe 52499 205240 378685 resp 383555 951 pmu 1020522 494740 8271110 10301829 543029763
1790339588.388584 W 428 lat 296 2555 8944 0 exe 52870 204111 314425 resp 316814 954 pmu 1020567 481276 8273845 10919987 540353243
1790339589.328667 W 429 lat 314 2407 7407 0 exe 50888 243537 522296 resp 526222 967 pmu 1020101 580365 8270600 10262491 630613026
1790339590.384785 W 430 lat 314 2592 8666 0 exe 54129 217166 516703 resp 519796 966 pmu 1020003 532195 8272877 12527614 576380139
1790339591.336651 W 431 lat 314 2592 7092 0 exe 53796 218888 467518 resp 471148 976 pmu 1020318 503283 8274065 12359410 574910277
1790339592.388800 W 432 lat 296 2629 8648 0 exe 52037 210037 325277 resp 328981 963 pmu 1020245 482963 8275312 11869192 554611833
1790339593.328816 W 433 lat 296 3314 7611 0 exe 52185 244703 363833 resp 366611 977 pmu 1017266 506795 8267670 10402004 645592692
1790339594.372669 W 434 lat 388 3314 8222 0 exe 57370 244888 326018 resp 329388 988 pmu 1017478 499617 8258710 10955351 641408157
1790339595.416785 W 435 lat 333 3166 8351 0 exe 56648 235629 432240 resp 434148 977 pmu 1017829 516932 8268189 10610420 623213589
1790339596.372773 W 436 lat 333 2888 8777 0 exe 53314 222259 316370 resp 321055 967 pmu 1019245 487649 8276565 11615022 588685648
1790339597.316807 W 437 lat 407 3055 7499 0 exe 53555 242666 440981 resp 445388 978 pmu 1018296 511432 8263669 10387596 633933109
1790339598.360799 W 438 lat 333 3462 8722 0 exe 56777 238962 321129 resp 324222 983 pmu 1017343 495049 8266340 11730372 632827263
1790339599.404520 W 439 lat 296 3185 7907 0 exe 18185 229462 468425 resp 471462 877 pmu 1017099 489285 8260840 10530325 604084426
1790339600.340487 W 440 lat 296 296 351 0 exe 16981 18962 43018 resp 43333 0 pmu 1023583 34543 8255169 11754118 50767409
1790339601.384675 W 441 lat 296 499 5666 0 exe 16092 42129 439592 resp 443314 102 pmu 1023269 121713 8258467 6375598 106340009
1790339602.320681 W 442 lat 1148 2611 6499 0 exe 120425 155759 198722 resp 202537 1000 pmu 1019358 362434 8300646 10500294 401696802
1790339603.360682 W 443 lat 962 2537 5703 0 exe 119333 158685 306592 resp 308722 1000 pmu 1019307 377340 8300966 9200924 408970672
1790339604.400672 W 444 lat 1240 2518 5259 0 exe 130944 154222 191259 resp 193648 1000 pmu 1019505 359233 8307644 10275170 397334167
1790339605.336682 W 445 lat 1018 2462 5518 0 exe 98166 154888 307314 resp 309277 999 pmu 1019458 372197 8299210 9157974 398623470
1790339606.376693 W 446 lat 1092 2518 5962 0 exe 117740 150407 195685 resp 198111 1000 pmu 1019569 357600 8302975 10155842 388407583
1790339607.420683 W 447 lat 1074 2648 6055 0 exe 110111 153944 327870 resp 331759 1000 pmu 1019409 374896 8297252 9120098 397520877
1790339608.356710 W 448 lat 870 2499 6314 0 exe 88833 147999 250574 resp 253555 996 pmu 1019825 353300 8309152 10429855 382823795
1790339609.396693 W 449 lat 444 2462 5185 0 exe 88629 153222 341388 resp 344166 990 pmu 1019240 377288 8298985 9515822 395924173
1790339610.332681 W 450 lat 1166 2499 4740 0 exe 102666 150296 199851 resp 203833 1000 pmu 1019556 356215 8302996 10439998 388423636
1790339611.376709 W 451 lat 907 2555 5537 0 exe 87499 153351 318259 resp 320999 997 pmu 1019346 373790 8301376 9087839 395844262
1790339612.416710 W 452 lat 425 2444 6870 0 exe 101314 150166 188092 resp 190629 1000 pmu 1019510 355915 8306689 10208237 387901058
1790339613.352679 W 453 lat 481 2370 5092 0 exe 93259 159462 311425 resp 312592 999 pmu 1019405 378932 8301231 8962048 410485396
1790339614.396698 W 454 lat 777 2499 5092 0 exe 95999 154870 200018 resp 202481 998 pmu 1019356 359161 8304182 10185813 398953159
1790339615.332692 W 455 lat 740 2518 5240 0 exe 103574 160537 323018 resp 326129 1000 pmu 1019205 378649 8300176 9071166 413148481
1790339616.372701 W 456 lat 1074 2537 6518 0 exe 116518 155222 194148 resp 197240 1000 pmu 1019562 359263 8304168 10371152 400147572
1790339617.412677 W 457 lat 629 2555 5999 0 exe 96425 159148 336277 resp 339351 998 pmu 1019206 375488 8298150 9128792 409850451
1790339618.348684 W 458 lat 888 2537 5629 0 exe 93703 154203 191037 resp 194425 997 pmu 1019621 357320 8309093 10464544 397730430
1790339619.392716 W 459 lat 481 2481 5018 0 exe 103462 157092 298129 resp 300537 1000 pmu 1019438 373872 8309821 8974653 404763844
1790339620.332696 W 460 lat 1018 2425 5074 0 exe 101666 154296 203592 resp 206685 1000 pmu 1019679 356061 8307681 10098457 397496869
1790339621.380688 W 461 lat 796 2499 4981 0 exe 100388 157499 306814 resp 310259 1000 pmu 1019369 370365 8309208 9136382 405905538
1790339622.328680 W 462 lat 1148 2574 6129 0 exe 121240 157185 304962 resp 307296 1000 pmu 1019518 367816 8313927 10178659 404941954
1790339623.404681 W 463 lat 981 2537 6314 0 exe 122685 155333 190759 resp 195111 1000 pmu 1019290 362212 8309870 10265227 400584390
1790339624.348701 W 464 lat 777 2499 5185 0 exe 92574 158592 315259 resp 317981 998 pmu 1019327 377814 8307300 9131025 408303035
1790339625.404655 W 465 lat 759 2444 4962 0 exe 88722 153870 236333 resp 240259 996 pmu 1019575 359405 8305088 10226876 396694436
1790339626.352696 W 466 lat 907 2555 6796 0 exe 103962 160611 323037 resp 325314 1000 pmu 1019114 380596 8304560 9399413 413681836
1790339627.404612 W 467 lat 759 2555 5296 0 exe 91796 153518 212370 resp 215648 998 pmu 1019397 357489 8310093 10378392 395762481
1790339628.340699 W 468 lat 666 2499 5462 0 exe 119074 159796 322870 resp 324962 1000 pmu 1019172 379968 8307660 9172427 411806382
1790339629.380712 W 469 lat 1111 2481 5444 0 exe 116296 155074 198037 resp 201518 1000 pmu 1019548 359586 8307738 10439261 399876030
1790339630.316669 W 470 lat 833 2481 5629 0 exe 91240 158611 301407 resp 304092 998 pmu 1019287 376828 8303530 9162346 408598542
1790339631.360716 W 471 lat 1240 2537 5537 0 exe 118870 154518 199925 resp 204351 1000 pmu 1019549 356797 8312259 10083843 398199753
1790339632.400707 W 472 lat 685 2574 6055 0 exe 90592 159814 362148 resp 365518 999 pmu 1019275 378516 8303699 9197522 411431903
1790339633.336704 W 473 lat 907 2555 6240 0 exe 101148 153925 195999 resp 199203 1000 pmu 1019609 357516 8311613 10699533 397077191
1790339634.376665 W 474 lat 499 2499 5129 0 exe 96925 159481 325333 resp 328092 999 pmu 1019018 378522 8307308 9062484 410812557
1790339635.416705 W 475 lat 1148 2499 5018 0 exe 130666 154611 194314 resp 197018 1000 pmu 1019493 358197 8313230 10352279 398797535
1790339636.352636 W 476 lat 481 2462 5055 0 exe 91907 158870 329370 resp 334277 999 pmu 1019393 376131 8312814 9188973 409181102
1790339637.396685 W 477 lat 999 2574 5944 0 exe 102907 153685 200425 resp 205314 1000 pmu 1019463 356960 8313876 10374625 396428802
1790339638.332677 W 478 lat 648 2574 6148 0 exe 118111 161148 333185 resp 336222 1000 pmu 1018945 383900 8306287 9121811 415019350
1790339639.376686 W 479 lat 759 2537 6277 0 exe 98388 155129 201370 resp 203537 1000 pmu 1019457 361800 8307910 10552507 400243941
1790339640.316669 W 480 lat 648 2499 6277 0 exe 82314 159722 340685 resp 343814 994 pmu 1019158 379982 8300010 9102444 411269674
1790339641.356672 W 481 lat 1111 2481 4888 0 exe 119907 155833 194425 resp 197481 1000 pmu 1019489 361175 8300360 10442207 401704536
1790339642.396666 W 482 lat 703 2462 5425 0 exe 90277 157240 348092 resp 351444 998 pmu 1019342 374432 8298467 9143013 405048773
1790339643.336695 W 483 lat 870 2537 6314 0 exe 98259 152351 194222 resp 199425 1000 pmu 1019621 352338 8300940 10540681 393162718
1790339644.376699 W 484 lat 907 2611 5796 0 exe 72870 161074 322203 resp 324981 999 pmu 1019033 382857 8305612 9032292 414814456
1790339645.416688 W 485 lat 1055 2518 5814 0 exe 119314 155203 218203 resp 219962 1000 pmu 1019389 362131 8306116 10214634 400289977
1790339646.352668 W 486 lat 481 2481 5240 0 exe 100851 159537 329740 resp 333629 1000 pmu 1019372 377576 8302650 9372756 410835652
1790339647.392683 W 487 lat 796 2555 6111 0 exe 120833 155685 193444 resp 196592 1000 pmu 1019588 361459 8310603 10422339 401226604
1790339648.332688 W 488 lat 796 2611 6370 0 exe 122833 162074 333666 resp 337074 1000 pmu 1019016 384483 8299987 9142557 417178778
1790339649.372714 W 489 lat 1037 2611 5666 0 exe 99981 153537 202648 resp 205388 1000 pmu 1019580 357005 8306086 10589784 396192110
1790339650.412690 W 490 lat 518 2518 5703 0 exe 100833 159370 336722 resp 340703 1000 pmu 1019227 378668 8301736 9116837 410621145
1790339651.348681 W 491 lat 1222 2518 5129 0 exe 133296 154592 182777 resp 185648 1000 pmu 1019475 358731 8306001 10494269 398932043
1790339652.388671 W 492 lat 759 2481 5092 0 exe 75666 159092 318666 resp 322148 999 pmu 1019435 377434 8308100 9088460 409718031
1790339653.324700 W 493 lat 888 2481 4833 0 exe 97018 154574 200499 resp 203722 999 pmu 1019569 358106 8308451 10181991 398398778
1790339654.368699 W 494 lat 777 2518 4888 0 exe 104907 161407 312537 resp 314444 1000 pmu 1019192 383054 8300923 9082617 415701305
1790339655.408699 W 495 lat 851 2592 6851 0 exe 103740 153648 192074 resp 195851 1000 pmu 1019492 357204 8308453 10269781 396127872
1790339656.344709 W 496 lat 629 2537 5314 0 exe 58166 158796 348537 resp 350462 998 pmu 1019239 378036 8302689 9040567 409092478
1790339657.384686 W 497 lat 1018 2537 5203 0 exe 116814 155999 218833 resp 221629 1000 pmu 1019582 363919 8304451 10384838 402425311
1790339658.324660 W 498 lat 388 2499 5870 0 exe 67407 155796 331611 resp 334666 996 pmu 1019460 372763 8302284 9372620 401580593
1790339659.364674 W 499 lat 907 2499 6314 0 exe 102574 155388 206648 resp 210018 1000 pmu 1019469 362499 8303192 10253792 400463054
1790339660.408691 W 500 lat 888 2574 6037 0 exe 113351 159555 329962 resp 332629 1000 pmu 1019246 378461 8309418 9184169 410913998
1790339661.344534 W 501 lat 296 2462 6111 0 exe 19240 149148 238092 resp 239074 937 pmu 1019485 371675 8301170 10487350 384962673
1790339662.384508 W 502 lat 296 296 685 0 exe 17222 21370 110222 resp 110537 5 pmu 1023564 62339 8259463 9031604 55442434
1790339663.328748 W 503 lat 296 370 4518 0 exe 16981 39999 426907 resp 429388 56 pmu 1023385 192298 8263678 7062430 104486244
1790339664.380659 W 504 lat 296 2351 9037 0 exe 27351 214111 443962 resp 446148 775 pmu 1020581 538751 8288705 10354037 552081404
1790339665.320795 W 505 lat 407 3833 8444 0 exe 112166 279166 407333 resp 410629 1000 pmu 1017506 442065 8283226 11478698 704164726
1790339666.364564 W 506 lat 296 2222 7537 0 exe 23888 168537 370833 resp 375425 560 pmu 1020290 380805 8275418 11871101 435078948
1790339667.404907 W 507 lat 296 2148 7185 0 exe 18462 176370 444648 resp 447592 551 pmu 1020179 327751 8268834 10504882 445897857
1790339668.340739 W 508 lat 296 2648 8074 0 exe 31055 228462 438703 resp 442870 829 pmu 1019619 517527 8274557 11245636 590654248
1790339669.380881 W 509 lat 296 851 6444 0 exe 25092 106981 402925 resp 406518 375 pmu 1023260 455343 8276413 11521243 293436096
1790339670.420813 W 510 lat 277 2259 6777 0 exe 38796 227759 471555 resp 474592 853 pmu 1020012 599758 8275951 10507527 597177833
1790339671.356891 W 511 lat 444 3777 9944 0 exe 77351 284907 452777 resp 456407 999 pmu 1017161 479247 8275376 11872921 725942495
1790339672.396572 W 512 lat 296 1703 9666 0 exe 24685 129814 384888 resp 387962 453 pmu 1021437 358562 8273188 12189245 343921372
1790339673.340921 W 513 lat 296 2870 9870 0 exe 24685 233518 488444 resp 491703 819 pmu 1020242 436964 8280529 10457175 592447781
1790339674.400589 W 514 lat 296 2277 7314 0 exe 27166 206851 489203 resp 491981 691 pmu 1020600 485754 8275087 12018551 525608286
1790339692.648913 W 515 lat 296 1055 6907 0 exe 30333 140037 465222 resp 470074 472 pmu 1022400 535711 8279210 11886353 358590035
1790339692.649852 W 516 lat 296 2462 8851 0 exe 36185 253370 463148 resp 467370 924 pmu 1018717 522143 8276630 11331810 653031431
1790339692.649906 W 517 lat 314 3092 6685 0 exe 65277 240629 413370 resp 416277 901 pmu 1018266 417423 8282266 11920599 609904969
1790339692.649957 W 518 lat 296 1518 5851 0 exe 23407 123962 420685 resp 424555 428 pmu 1022633 301808 8274906 11489101 320732196
1790339692.650007 W 519 lat 296 3259 9092 0 exe 29314 275518 483037 resp 487222 936 pmu 1018435 455833 8274097 10763602 691643988
1790339692.650056 W 520 lat 296 870 4907 0 exe 29555 124796 545407 resp 548925 426 pmu 1023203 520963 8282913 12199626 324998469
1790339692.650106 W 521 lat 296 2296 6981 0 exe 26925 216981 446648 resp 449925 770 pmu 1020073 510792 8275022 12035626 556709351
1790339692.650156 W 522 lat 407 3833 9499 0 exe 95796 292851 454055 resp 455833 999 pmu 1017831 462915 8277332 11512824 735574186
1790339692.650205 W 523 lat 296 1777 6481 0 exe 25055 133185 381333 resp 386166 467 pmu 1021704 317743 8273662 12322484 351099202
1790339692.650268 W 524 lat 296 2777 6574 0 exe 24518 230685 503370 resp 509444 853 pmu 1019714 416388 8274256 10433633 580930575
1790339692.650317 W 525 lat 296 1888 6999 0 exe 26148 182962 462037 resp 464925 622 pmu 1021093 470341 8282252 12149806 477371066
1790339692.650365 W 526 lat 296 1333 5759 0 exe 32055 169703 446388 resp 450574 565 pmu 1021672 563563 8270810 11487525 430859238
1790339692.650414 W 527 lat 296 3314 9259 0 exe 48129 286592 481685 resp 486574 960 pmu 1018592 516713 8280029 11293047 719526768
1790339692.650462 W 528 lat 314 3592 10277 0 exe 68833 261722 379759 resp 384499 968 pmu 1018292 425169 8280807 12341784 660882951
1790339692.650510 W 529 lat 296 1259 6074 0 exe 19277 104092 407203 resp 410814 391 pmu 1022749 274077 8278462 11305830 267457039
1790339692.650623 W 530 lat 314 3648 9074 0 exe 56129 304981 487944 resp 490944 985 pmu 1017958 482274 8275097 10507546 764277789
1790339692.650675 W 531 lat 296 759 4537 0 exe 30648 104962 404314 resp 406222 366 pmu 1023275 474429 8279551 12525956 274888544
1790339692.650724 W 532 lat 296 1907 7074 0 exe 38018 204388 458814 resp 462425 759 pmu 1020739 581378 8281278 10520520 528606874
1790339693.352876 W 533 lat 314 3407 9592 0 exe 88685 277592 451648 resp 455166 998 pmu 1017651 487318 8273071 11627088 707017561
1790339694.392627 W 534 lat 296 1944 7537 0 exe 24648 152740 357425 resp 361907 536 pmu 1020902 351143 8276466 12193324 394973094
1790339695.328824 W 535 lat 277 2611 6629 0 exe 26055 226944 478611 resp 481870 749 pmu 1019555 421865 8270300 10294364 575650311
1790339696.372611 W 536 lat 296 1944 6629 0 exe 30407 202574 437111 resp 440407 682 pmu 1019889 526484 8267892 11876587 527714592
1790339697.408625 W 537 lat 296 1055 8370 0 exe 30314 135203 461351 resp 465018 462 pmu 1022534 528036 8280586 11357878 341895139
1790339698.344918 W 538 lat 296 2944 8481 0 exe 49185 264833 493777 resp 499407 927 pmu 1018727 534995 8267912 11270281 670322743
1790339699.384888 W 539 lat 333 3629 6796 0 exe 77351 284611 458722 resp 462944 994 pmu 1016609 464294 8272146 12357308 717567616
1790339700.320736 W 540 lat 296 1129 6018 0 exe 20444 104129 465981 resp 469648 292 pmu 1022476 288709 8266241 12232603 273365141
1790339701.360861 W 541 lat 314 3518 7407 0 exe 47203 304814 514055 resp 518981 985 pmu 1017632 511194 8272433 11100592 771336615
1790339702.400611 W 542 lat 296 1296 6388 0 exe 31296 154518 493685 resp 498259 467 pmu 1021825 530744 8276487 12742320 417306621
1790339703.340810 W 543 lat 296 1481 5814 0 exe 33796 183092 455425 resp 459074 635 pmu 1021411 596963 8278253 11690215 471033190
1790339704.389688 W 544 lat 296 3296 9740 0 exe 45703 292018 498481 resp 502388 954 pmu 1018338 547570 8269519 11457270 736644856
1790339705.336848 W 545 lat 314 2888 9296 0 exe 78851 333537 555722 resp 559185 986 pmu 1016064 782532 8248493 12522207 846386105
1790339706.392864 W 546 lat 296 944 7833 0 exe 19629 84611 420037 resp 422907 231 pmu 1022866 282384 8265696 13459325 230021929
1790339707.340660 W 547 lat 314 3611 8703 0 exe 55481 290407 472370 resp 475074 985 pmu 1018318 462291 8275583 10543673 739577640
1790339708.392641 W 548 lat 296 1481 7907 0 exe 31203 164814 454425 resp 456722 523 pmu 1021679 527689 8277030 12291011 429218150
1790339709.328829 W 549 lat 296 1833 6370 0 exe 25611 198518 539666 resp 544388 603 pmu 1020846 542318 8273797 11345503 509259141
1790339710.372873 W 550 lat 296 2685 8425 0 exe 51870 250296 486703 resp 490648 834 pmu 1019340 553219 8275951 12345482 644685245
1790339711.412747 W 551 lat 592 3777 9055 0 exe 91259 291833 472944 resp 476277 998 pmu 1017274 457767 8282113 12217154 734428690
1790339712.348749 W 552 lat 296 1037 4962 0 exe 23037 94462 422148 resp 424888 321 pmu 1022844 308937 8271651 12489418 250664248
1790339713.388725 W 553 lat 314 3425 6999 0 exe 52462 298870 475074 resp 479166 991 pmu 1017555 509222 8266800 10616547 750404002
1790339714.324586 W 554 lat 296 962 6574 0 exe 29629 122185 565388 resp 567722 406 pmu 1022937 493387 8280153 12342315 324068749
1790339715.364782 W 555 lat 296 1851 7074 0 exe 27740 210574 522222 resp 525740 718 pmu 1020681 608075 8278503 12225566 544798044
1790339723.303380 W 556 lat 314 3648 9166 0 exe 76555 298685 533814 resp 537925 996 pmu 1017884 519983 8275726 12239986 750578364
1790339723.303482 W 557 lat 296 2666 7370 0 exe 28611 200333 380611 resp 386074 750 pmu 1019718 399109 8277274 13062665 512316329
1790339723.303534 W 558 lat 296 1981 7777 0 exe 24074 164111 449777 resp 453296 573 pmu 1021450 340411 8275992 10791132 421606725
1790339723.303583 W 559 lat 296 2722 7518 0 exe 28611 248796 504574 resp 508092 803 pmu 1019333 486791 8271436 11268602 624908177
1790339723.303632 W 560 lat 296 1018 5796 0 exe 32759 121740 450981 resp 454296 419 pmu 1023028 486719 8282203 12263890 307725969
1790339723.303681 W 561 lat 296 2481 7185 0 exe 41592 249277 475111 resp 478481 895 pmu 1019651 597986 8271051 11096621 648900802
1790339723.303730 W 562 lat 351 3685 8055 0 exe 89722 281962 433111 resp 436203 998 pmu 1017651 460535 8283240 12034648 713783071
1790339723.376536 W 563 lat 296 1203 6851 0 exe 24074 100777 354037 resp 356981 348 pmu 1022472 319556 8270855 12026015 267768363
1790339724.416523 W 564 lat 296 296 703 0 exe 17092 29222 208277 resp 208611 49 pmu 1023338 147099 8259506 9980837 77230094
1790339725.356804 W 565 lat 296 296 592 0 exe 16851 19759 129351 resp 129722 6 pmu 1023640 42447 8259285 8081777 51073794
1790339726.396552 W 566 lat 296 462 5462 0 exe 17814 42111 531925 resp 535425 62 pmu 1023312 104010 8258311 7243846 105504396
1790339727.332676 W 567 lat 296 314 537 0 exe 18148 20259 42444 resp 42759 0 pmu 1023618 52169 8254499 11426683 53786398
1790339728.412515 W 568 lat 296 314 592 0 exe 17907 24425 117074 resp 117388 12 pmu 1023551 99638 8253737 6383011 61660680
1790339729.384517 W 569 lat 296 314 574 0 exe 18296 21037 46722 resp 47037 0 pmu 1023599 61024 8250585 7149219 53167551
1790339730.356490 W 570 lat 296 314 499 0 exe 18166 23462 120370 resp 120703 8 pmu 1023566 88708 8258522 6430540 59296493
1790339731.328489 W 571 lat 296 314 574 0 exe 17870 20351 51074 resp 51388 0 pmu 1023559 53217 8250323 7178173 51464698
1790339732.396515 W 572 lat 296 314 537 0 exe 18259 24425 113722 resp 114037 12 pmu 1023480 98766 8251750 6468490 61633517
1790339733.368493 W 573 lat 296 314 462 0 exe 17870 20518 42037 resp 42351 0 pmu 1023523 55271 8249518 7117176 51875957
1790339734.340513 W 574 lat 296 314 499 0 exe 18222 24037 109944 resp 110277 14 pmu 1023553 95020 8255419 6378417 60723826
1790339735.416644 W 575 lat 296 314 611 0 exe 18222 20314 43129 resp 43444 0 pmu 1023593 52855 8251136 7077119 51366134
1790339736.388513 W 576 lat 296 314 592 0 exe 18499 23092 117888 resp 118240 14 pmu 1023566 84090 8251565 6390700 58350943
1790339737.364495 W 577 lat 296 314 518 0 exe 18240 20759 53111 resp 53407 0 pmu 1023574 57651 8253017 7153749 52449900
1790339738.328517 W 578 lat 296 314 518 0 exe 18037 25796 118222 resp 118555 9 pmu 1023546 113816 8255145 6492344 65060286
1790339739.408490 W 579 lat 296 314 481 0 exe 18499 20388 41444 resp 41759 0 pmu 1023581 53318 8252871 7167889 51519308
1790339740.344515 W 580 lat 296 314 611 0 exe 18611 24148 118407 resp 118722 11 pmu 1023563 95340 8248532 6375027 60896749
1790339741.400495 W 581 lat 296 314 518 0 exe 18851 21574 42425 resp 42740 0 pmu 1023577 65737 8247384 7164670 54420715
1790339742.372516 W 582 lat 296 314 555 0 exe 18092 23814 120759 resp 121074 6 pmu 1023577 92470 8252574 6392744 60130235
1790339743.344490 W 583 lat 296 314 574 0 exe 18240 20537 54333 resp 54648 0 pmu 1023612 55370 8250364 7183650 51955136
1790339744.316514 W 584 lat 296 314 481 0 exe 17870 23944 119833 resp 120148 17 pmu 1023534 93835 8257349 6503828 60551218
1790339745.396492 W 585 lat 296 314 592 0 exe 17851 20481 43037 resp 43351 0 pmu 1023588 54336 8248834 7173580 51787490
1790339746.368515 W 586 lat 296 314 518 0 exe 18296 24111 123851 resp 124166 14 pmu 1023602 95255 8253462 6388739 60833925
1790339747.340490 W 587 lat 296 314 592 0 exe 18111 20296 39703 resp 40018 0 pmu 1023611 52709 8255023 7216941 51365890
1790339748.384542 W 588 lat 296 314 537 0 exe 17962 23999 118999 resp 119296 8 pmu 1023613 94822 8252031 6355623 60562268
1790339749.320495 W 589 lat 296 314 462 0 exe 18314 20888 60851 resp 61166 0 pmu 1023645 59287 8251686 7166263 52778849
1790339750.360517 W 590 lat 296 314 648 0 exe 18166 23703 122333 resp 122666 14 pmu 1023562 91425 8261093 6570650 59955810
1790339751.400490 W 591 lat 296 314 574 0 exe 17962 20314 47759 resp 48074 0 pmu 1023493 52590 8251017 7199796 51408480
1790339752.336521 W 592 lat 296 314 518 0 exe 18037 23314 115092 resp 115388 12 pmu 1023564 87066 8251049 6435605 58973933
1790339753.376495 W 593 lat 296 314 537 0 exe 18018 20703 47703 resp 47999 0 pmu 1023608 57333 8254414 7123974 52314241
1790339754.416519 W 594 lat 296 314 518 0 exe 18240 23518 117203 resp 117574 12 pmu 1023535 89316 8254049 6436973 59452649
1790339755.352498 W 595 lat 296 314 592 0 exe 17981 21018 61592 resp 61888 0 pmu 1023596 60795 8254863 7147537 53083915
1790339756.392521 W 596 lat 296 314 611 0 exe 18814 27796 118611 resp 118925 11 pmu 1023564 135415 8254460 6577609 70034027
1790339757.328495 W 597 lat 296 314 555 0 exe 18092 21685 47037 resp 47351 0 pmu 1023572 67935 8249550 7186081 54739579
1790339758.392515 W 598 lat 296 314 611 0 exe 18370 25648 119518 resp 119981 9 pmu 1023602 112051 8254282 6435913 64701911
1790339759.364493 W 599 lat 296 314 462 0 exe 21351 24537 41185 resp 41499 0 pmu 1023568 97879 8260445 7182766 61665012
1790339760.332517 W 600 lat 296 314 574 0 exe 20814 29185 114481 resp 114796 7 pmu 1023547 151668 8252123 6407394 73218728
1790339761.412498 W 601 lat 296 314 537 0 exe 21370 24759 45148 resp 45462 0 pmu 1023587 100399 8253327 7161471 62223816
1790339762.384516 W 602 lat 296 314 592 0 exe 20055 30574 106851 resp 107166 4 pmu 1023532 168116 8254672 6448558 76773386
1790339763.360493 W 603 lat 296 314 537 0 exe 19907 22499 40277 resp 40611 0 pmu 1023591 75988 8256033 7088477 56631942
1790339764.332516 W 604 lat 296 314 666 0 exe 18314 26611 105944 resp 106259 8 pmu 1023541 124243 8255221 6381386 66936451
1790339765.412497 W 605 lat 296 314 611 0 exe 18092 20888 42518 resp 42833 0 pmu 1023565 59152 8253669 7051161 52716797
1790339766.384513 W 606 lat 296 314 574 0 exe 18388 23833 108592 resp 108907 10 pmu 1023600 93150 8254683 6386859 60259337
1790339767.356488 W 607 lat 296 314 518 0 exe 18111 20351 41055 resp 41388 0 pmu 1023576 53115 8253470 7063689 51413443
1790339768.328516 W 608 lat 296 314 592 0 exe 18240 25388 107499 resp 107814 9 pmu 1023563 109685 8255769 6369162 63993108
1790339769.408493 W 609 lat 296 314 537 0 exe 21777 24222 43259 resp 43574 0 pmu 1023549 94515 8251181 7059956 60871845
1790339770.384516 W 610 lat 296 314 481 0 exe 17981 24722 105592 resp 105925 9 pmu 1023618 103093 8254006 6429080 62406182
1790339771.356492 W 611 lat 296 314 555 0 exe 17740 20574 43185 resp 43499 0 pmu 1023596 55594 8253556 7035543 51931745
1790339772.328512 W 612 lat 296 314 611 0 exe 18240 24574 103259 resp 103574 5 pmu 1023520 101803 8253486 6390010 62130224
1790339773.404493 W 613 lat 296 314 574 0 exe 17925 20499 41629 resp 41944 0 pmu 1023575 54684 8248242 7013267 51711172
1790339774.372515 W 614 lat 296 314 555 0 exe 18166 24277 105703 resp 106018 10 pmu 1023556 97864 8256468 6375025 61305540
1790339775.344490 W 615 lat 296 314 611 0 exe 18666 21407 41296 resp 41592 0 pmu 1023572 64092 8253487 7035837 53951347
1790339776.316512 W 616 lat 296 314 611 0 exe 18759 24925 105018 resp 105351 9 pmu 1023564 104960 8254802 6380056 62882159
1790339777.392493 W 617 lat 296 314 518 0 exe 17999 20870 40499 resp 40814 0 pmu 1023621 59038 8254835 7035444 52693599
1790339778.364513 W 618 lat 296 314 574 0 exe 18296 23703 106777 resp 107222 10 pmu 1023572 91647 8254630 6365658 59914647
1790339779.340493 W 619 lat 296 314 518 0 exe 18148 20444 45351 resp 45648 0 pmu 1023633 54193 8254672 7045237 51587684
1790339780.416515 W 620 lat 296 314 499 0 exe 17999 23962 105092 resp 105425 8 pmu 1023531 94593 8257038 6412719 60594921
1790339781.380496 W 621 lat 296 314 611 0 exe 18037 20629 45888 resp 46203 0 pmu 1023493 56135 8254787 7027087 52085739
1790339782.352513 W 622 lat 296 314 611 0 exe 18166 23685 107185 resp 107518 10 pmu 1023523 91230 8255531 6419004 59854819
1790339783.328491 W 623 lat 296 314 611 0 exe 18037 20685 41685 resp 41999 0 pmu 1023588 56869 8249887 7047956 52243288
1790339784.408516 W 624 lat 296 314 499 0 exe 18185 24870 105666 resp 106074 9 pmu 1023546 104284 8254068 6377311 62832153
1790339785.368516 W 625 lat 296 314 499 0 exe 17703 27277 116981 resp 117314 12 pmu 1023588 130450 8256707 7038744 68641608
1790339786.408509 W 626 lat 296 296 388 0 exe 17092 21333 126981 resp 127296 7 pmu 1023639 61643 8256566 7161234 54239710
1790339787.348526 W 627 lat 296 296 962 0 exe 16740 27314 174777 resp 175092 68 pmu 1023535 124908 8257161 7227899 69920468
1790339788.388549 W 628 lat 296 370 833 0 exe 17277 26092 133314 resp 133796 20 pmu 1023656 77702 8260472 7736911 52721889
1790339789.285538 Closing cell "rt-bench"
1790339789.285613 [MG] Initializing memguard on CPU 2
1790339789.285638 [MG] Initializing memguard on CPU 3
1790339789.285674 [SMMUv2] Exiting SMMUv2 on cell 1
1790339789.285729 [COL] Colored OP 1: PHYS 0x30000000 -> VIRT 0x00000000 (SIZE: 0x00400000, COL: 0x000000ff, extra: 0x0000000000000000)
1790339789.285755 [COL] Result: 0
1790339789.285811 [COL] Colored OP 4: PHYS 0x30000000 -> VIRT 0x00000000 (SIZE: 0x00400000, COL: 0x000000ff, extra: 0x0000000000000001)
1790339789.285842 [COL] Result: 0
1790339789.285883 Page pool usage after cell destruction: mem 85/4061, remap 5/131072
1790339789.285908 [MG] Initializing memguard on CPU 2
1790339789.285939 [MG] Initializing memguard on CPU 3
1790339789.388502 [MG] Initializing memguard on CPU 3
1790339789.388554 [MG] Initializing memguard on CPU 3
1790339789.388574 Created cell "rt-bench"
1790339789.388617 Page pool usage after cell creation: mem 94/4061, remap 5/131072
