1790339159.101969 CONFIG ondemand 2400000
1790339167.476191 START e3 idle 1
1790339227.484168 END e3 idle 1 0
1790339229.494966 START e3 cache 1
1790339289.641364 END e3 cache 1 0
1790339291.648321 START e3 stream 1
1790339351.709974 END e3 stream 1 0
1790339353.719415 START e3 vm 1
1790339413.774290 END e3 vm 1 0
1790339415.784119 START e3 pwalk 1
1790339475.102108 END e3 pwalk 1 0
1790339477.112065 START e3 idle 2
1790339537.159998 END e3 idle 2 0
1790339539.171153 START e3 cache 2
1790339599.201361 END e3 cache 2 0
1790339601.210504 START e3 stream 2
1790339661.256069 END e3 stream 2 0
1790339663.266761 START e3 vm 2
1790339723.303884 END e3 vm 2 0
1790339725.314586 START e3 pwalk 2
1790339785.085312 END e3 pwalk 2 0
