1790947079.771888 19834 16929 19924
1790947113.856045 21453 18529 21356
1790947118.875365 22702 19787 22604
1790947123.908032 23973 21050 23868
1790947128.927926 25239 22314 25131
1790947134.003909 26517 23585 26408
1790947139.084050 27801 24857 27684
1790947144.104251 29065 26114 28947
1790947149.123512 29898 26901 29753
1790947154.153456 31171 28161 31016
1790947159.181012 32438 29419 32276
1790947164.211510 33708 30680 33539
1790947169.238785 34978 31939 34800
1790947174.267874 36246 33199 36063
1790947179.288743 37079 33989 36868
1790947184.312684 38349 35246 38129
1790947189.331119 39614 36502 39384
1790947194.351429 40880 37757 40645
1790947199.371981 42149 39014 41905
1790947204.395993 43415 40274 43162
1790947209.419891 44421 41262 44163
1790947214.435358 45514 42338 45255
1790947219.479342 46787 43603 46522
1790947224.527486 48059 44861 47786
1790947229.551698 49329 46120 49053
1790947234.579330 50597 47378 50317
1790947239.603488 51863 48636 51580
1790947244.632262 52675 49426 52406
1790947249.675754 53947 50690 53672
1790947254.789682 55242 51970 54955
1790947259.823745 56513 53231 56216
1790947264.853556 57786 54488 57480
1790947269.885702 59055 55748 58744
1790947274.915776 59845 56561 59542
1790947279.940896 61116 57820 60801
1790947284.960796 62383 59076 62061
1790947289.984985 63652 60334 63321
1790947295.004773 64921 61590 64582
1790947300.027508 66190 62846 65844
1790947305.048602 67315 63967 66960
1790947310.063381 68274 64930 67914
1790947315.088762 69544 66187 69176
1790947320.112426 70814 67446 70435
1790947325.132336 72083 68702 71695
1790947330.152758 73350 69958 72957
1790947335.172478 74620 71213 74217
1790947340.196316 75427 72012 75031
1790947345.224735 76699 73270 76292
1790947350.244623 77968 74526 77553
1790947355.264531 79234 75784 78812
1790947360.288530 80504 77041 80073
1790947365.316419 81768 78301 81332
1790947370.336317 82620 79147 82187
1790947375.351408 83857 80367 83417
1790947380.376419 85125 81627 84678
1790947385.396416 86391 82886 85938
1790947390.420496 87658 84147 87198
1790947395.440304 88926 85404 88458
1790947400.464263 90194 86663 89720
1790947405.484423 90996 87456 90523
1790947410.511907 92265 88715 91786
1790947415.532021 93531 89971 93046
1790947420.555921 94798 91229 94309
1790947425.576463 96067 92487 95568
1790947430.595933 97336 93746 96829
1790947435.656014 98151 94541 97647
1790947440.684104 99421 95801 98910
1790947445.704324 100687 97059 100170
1790947450.728270 101956 98318 101430
1790947455.748555 103225 99574 102690
1790947460.768353 104492 100832 103951
1790947465.792364 105504 101833 104961
1790947470.807308 106578 102888 106027
1790947475.847364 107847 104148 107292
1790947480.873454 109113 105411 108551
1790947485.891966 110381 106666 109810
1790947490.919401 111651 107928 111074
1790947495.939330 112919 109186 112334
1790947501.088017 113774 110059 113176
1790947506.119958 115044 111323 114438
1790947511.139904 116311 112582 115698
1790947516.159963 117579 113840 116957
1790947521.183966 118849 115097 118218
1790947526.204039 120117 116354 119476
1790947531.228667 120944 117173 120271
1790947536.264234 122217 118433 121534
1790947541.302697 123490 119697 122798
1790947546.336291 124760 120958 124060
1790947551.375758 126032 122219 125325
1790947556.411059 127303 123483 126588
1790947561.442004 128437 124601 127712
1790947566.459464 129431 125545 128660
1790947571.488611 130701 126802 129922
1790947576.508531 131971 128058 131185
1790947581.528795 133234 129316 132445
1790947586.552762 134503 130574 133708
1790947591.576804 135771 131831 134971
1790947596.600611 136591 132624 135784
1790947601.632712 137862 133884 137047
1790947606.659408 139129 135145 138309
1790947611.684452 140397 136403 139569
1790947616.704477 141666 137662 140829
1790947621.724595 142935 138918 142090
1790947626.744401 143796 139773 142960
1790947631.759371 145021 140984 144182
1790947636.783913 146290 142241 145444
1790947641.807545 147560 143497 146706
1790947646.828090 148828 144755 147964
1790947651.848032 150098 146010 149224
1790947656.871937 151367 147270 150483
1790947661.892014 152186 148060 151278
1790947666.924015 153458 149316 152541
1790947671.944014 154726 150575 153799
1790947676.964015 155994 151832 155058
1790947681.996133 157264 153095 156321
1790947687.016548 158536 154352 157580
1790947692.036091 159294 155109 158376
1790947697.079519 160571 156374 159646
1790947702.143498 161847 157641 160915
1790947707.187400 163120 158907 162184
1790947712.235473 164392 160169 163450
1790947717.275471 165663 161434 164713
1790947722.307911 166745 162512 165789
1790947727.315609 167742 163504 166776
1790947732.331326 169009 164760 168033
1790947737.343739 170274 166014 169293
1790947742.356380 171540 167269 170551
1790947747.368616 172803 168524 171811
1790947752.383649 174068 169782 173069
1790947757.399389 174887 170595 173862
1790947762.432007 176159 171854 175125
1790947767.451914 177428 173111 176384
1790947772.472010 178696 174367 177644
1790947777.491896 179964 175624 178906
1790947782.515968 181233 176882 180166
1790947787.536005 182043 177701 180962
1790947792.555467 183319 178959 182223
1790947797.576447 184582 180217 183483
1790947802.600258 185851 181477 184744
1790947807.616324 187115 182732 186005
1790947812.636310 188382 183989 187266
1790947817.656230 189647 185244 188526
1790947822.674534 190453 186048 189338
1790947827.698580 191722 187304 190596
1790947832.723710 192994 188565 191858
1790947837.750355 194258 189825 193117
1790947842.785458 195528 191082 194380
1790947847.823474 196800 192342 195645
1790947852.848153 197627 193130 196442
1790947857.889922 198899 194393 197709
1790947862.927631 200171 195656 198974
1790947867.956374 201439 196917 200235
1790947872.987768 202711 198177 201497
1790947878.028388 203984 199437 202763
1790947883.062151 204968 200414 203731
1790947888.124014 206108 201486 204866
1790947893.564731 207442 202818 206130
1790947898.953737 208773 204155 207444
1790947904.183155 210095 205436 208767
1790947909.655432 211417 206750 210050
1790947914.900767 212509 207819 211128
1790947919.987757 213558 208831 212120
1790947925.201420 214853 210077 213340
1790947930.340036 216119 211340 214559
1790947935.658294 217453 212657 215850
1790947941.059556 218761 213955 217136
1790947946.241827 219962 215129 218376
1790947951.311404 220722 215903 219149
1790947956.336013 221989 217160 220412
1790947961.355882 223254 218417 221675
1790947966.375992 224519 219674 222936
1790947971.395891 225786 220930 224198
1790947976.415979 227054 222186 225461
1790947981.436017 227852 222968 226287
1790947986.467998 229121 224230 227550
1790947991.487900 230386 225487 228813
1790947996.508037 231654 226744 230074
1790948001.528051 232922 228002 231334
1790948006.548033 234188 229259 232593
1790948011.567918 235334 230385 233731
1790948016.577641 236292 231301 234659
1790948021.589955 237556 232556 235918
1790948026.607052 238825 233807 237171
1790948031.624811 240093 235064 238430
1790948036.639596 241359 236320 239688
1790948041.651462 242623 237577 240946
1790948046.671339 243433 238346 241705
1790948051.698636 244687 239595 242960
1790948056.710304 245949 240852 244217
1790948061.722619 247210 242108 245473
1790948066.734372 248477 243363 246730
1790948071.746940 249743 244618 247988
1790948076.758477 250619 245474 248868
1790948081.769104 251828 246670 250067
1790948086.835660 253102 247937 251337
1790948091.944193 254401 249227 252629
1790948097.113977 255703 250516 253920
1790948102.274002 256998 251805 255207
1790948107.635201 258237 253031 256443
1790948112.651402 259182 253940 257365
1790948117.677360 260450 255200 258625
1790948122.705002 261720 256459 259887
1790948127.735481 262992 257718 261150
1790948132.764996 264261 258976 262413
1790948137.787780 265531 260234 263673
1790948142.812892 266364 261027 264463
1790948147.844730 267633 262289 265725
1790948152.872250 268902 263548 266986
1790948157.896407 270171 264806 268246
1790948162.917926 271439 266066 269506
1790948167.942101 272709 267324 270764
1790948172.961217 273581 268204 271631
1790948177.969637 273755 268403 271793
1790948183.001085 273936 268569 271953
1790948188.041929 274127 268766 272133
1790948193.382755 274315 268971 272339
1790948198.468142 274502 269160 272548
1790948203.743146 274756 269404 272763
1790948208.759533 275668 270302 273657
1790948213.785277 276940 271560 274916
1790948218.809242 278209 272819 276176
1790948223.835546 279478 274080 277438
1790948228.859865 280746 275337 278699
1790948233.895502 282018 276599 279963
1790948238.916581 282652 277127 280558
1790948243.950859 283531 277534 281250
1790948248.966735 284601 277974 282100
1790948253.979160 285544 278442 282855
1790948258.991918 286436 279086 283635
1790948264.281738 287329 279521 284402
1790948269.294638 288000 279930 284976
1790948274.311869 289260 281178 286231
1790948279.431655 290551 282457 287515
1790948284.494373 291829 283728 288790
1790948289.571594 293108 284998 290066
1790948294.627671 294385 286264 291338
1790948299.690102 295621 287495 292569
1790948304.703884 296484 288352 293409
1790948309.755882 297761 289616 294674
1790948314.817189 299039 290883 295940
1790948319.841766 300310 292143 297207
1790948324.905467 301584 293407 298478
1790948329.943953 302854 294668 299742
1790948334.995517 303674 295504 300541
1790948340.025765 304949 296764 301806
1790948345.087928 306230 298030 303076
1790948350.144000 307505 299297 304346
1790948355.195714 308779 300559 305614
1790948360.217893 310051 301820 306879
1790948365.270632 310955 302720 307756
1790948370.287742 312148 303901 308943
1790948375.335817 313420 305166 310206
1790948380.372964 314692 306429 311474
1790948385.424566 315965 307684 312739
1790948390.468410 317238 308950 314005
1790948395.527787 318515 310216 315272
1790948400.572133 319326 311020 316075
1790948405.654054 320607 312293 317351
1790948410.673703 321877 313549 318611
1790948415.694215 323146 314805 319873
1790948420.713822 324411 316064 321131
1790948425.730525 325678 317320 322392
1790948430.755336 326505 318113 323184
1790948435.787525 327775 319376 324445
1790948440.808028 329046 320633 325703
1790948445.831920 330316 321892 326963
1790948450.852022 331579 323150 328223
1790948455.872043 332849 324409 329482
1790948460.892000 333862 325408 330495
1790948465.907332 334901 326449 331534
1790948471.024323 336194 327731 332818
1790948476.048944 337464 328989 334081
1790948481.085150 338738 330250 335347
1790948486.114241 340009 331510 336608
1790948491.150778 341280 332772 337874
1790948496.197651 342098 333579 338672
1790948501.223995 343369 334838 339934
1790948506.243988 344638 336096 341192
1790948511.264023 345905 337352 342452
1790948516.283931 347171 338610 343713
1790948521.303976 348437 339868 344973
1790948526.324179 349235 340678 345747
1790948531.347547 350507 341940 347014
1790948536.371908 351775 343197 348278
1790948541.391997 353043 344455 349538
1790948546.412026 354311 345711 350800
1790948551.432015 355578 346968 352060
1790948556.451917 356821 348204 353300
1790948561.467338 357656 349060 354136
1790948566.492884 358923 350320 355397
1790948571.516010 360194 351578 356655
1790948576.535892 361462 352836 357915
1790948581.556010 362730 354094 359173
1790948586.575900 363997 355353 360432
1790948591.596100 364800 356160 361213
1790948596.624094 366069 357420 362477
1790948601.644840 367336 358677 363737
1790948606.664102 368605 359935 364996
1790948611.684126 369873 361191 366255
1790948616.704057 371141 362447 367514
1790948621.728086 372116 363424 368475
1790948626.743307 373225 364530 369583
1790948631.768096 374495 365788 370843
1790948636.787930 375765 367046 372102
1790948641.808028 377033 368305 373360
1790948646.827919 378302 369564 374618
1790948651.935576 379593 370842 375900
1790948656.955926 380389 371626 376712
1790948661.988057 381659 372886 377975
1790948667.008063 382927 374146 379234
1790948672.028112 384193 375403 380493
1790948677.047921 385459 376663 381753
1790948682.068016 386727 377921 383013
1790948687.088024 387542 378709 383805
1790948692.120067 388815 379969 385066
1790948697.139943 390085 381227 386326
1790948702.160067 391351 382486 387585
1790948707.180113 392618 383746 388843
1790948712.200096 393886 385002 390103
1790948717.219940 395043 386140 391251
1790948722.235345 395984 387055 392164
1790948727.259988 397252 388313 393429
1790948732.284051 398519 389572 394689
1790948737.303962 399787 390832 395948
1790948742.324107 401056 392089 397207
1790948747.343952 402324 393346 398467
1790948752.364109 403138 394144 399263
1790948757.396022 404407 395406 400527
1790948762.416030 405677 396665 401785
1790948767.435911 406947 397923 403044
1790948772.456061 408213 399182 404303
1790948777.476132 409478 400442 405563
1790948782.496100 410343 401311 406423
1790948787.511303 411558 402521 407631
1790948792.536062 412827 403778 408893
1790948797.555924 414093 405038 410152
1790948802.576016 415360 406297 411412
1790948807.595908 416626 407556 412672
1790948812.616011 417893 408813 413933
1790948817.636191 418702 409607 414729
1790948822.660009 419972 410865 415989
1790948827.679967 421235 412123 417251
1790948832.780051 422524 413400 418530
1790948837.799908 423790 414658 419791
1790948842.820000 425058 415915 421051
1790948847.840000 425866 416716 421861
1790948852.864021 427136 417974 423122
1790948857.883971 428405 419230 424389
1790948862.908009 429673 420492 425648
1790948867.927914 430944 421749 426908
1790948872.948021 432211 423005 428168
1790948877.967921 433251 424043 429203
1790948882.983348 434286 425077 430232
1790948888.007913 435556 426337 431490
1790948893.032031 436824 427594 432751
1790948898.051910 438094 428852 434011
1790948903.072012 439361 430110 435270
1790948908.095921 440633 431368 436529
1790948913.116030 441465 432158 437325
1790948918.143916 442732 433419 438588
1790948923.164004 443999 434677 439847
1790948928.183915 445271 435934 441105
1790948933.204014 446536 437192 442364
1790948938.224007 447807 438450 443621
1790948943.243951 448632 439243 444414
1790948948.268072 449900 440501 445675
1790948953.288035 451168 441761 446935
1790948958.308014 452436 443016 448195
1790948963.328025 453706 444274 449455
1790948968.348035 454974 445530 450714
1790948973.367964 456198 446752 451929
1790948978.383335 457070 447606 452786
1790948983.408032 458339 448866 454048
1790948988.436048 459607 450125 455308
1790948993.455979 460877 451383 456568
1790948998.476044 462144 452640 457827
1790949003.496012 463415 453899 459089
1790949008.515995 464235 454693 459889
1790949013.540017 465505 455954 461150
1790949018.560022 466771 457211 462410
1790949023.580042 468040 458470 463671
1790949028.600026 469306 459729 464929
1790949033.620021 470573 460988 466190
1790949038.640041 471506 461905 467105
1790949043.655310 472673 463044 468243
1790949048.680035 473941 464302 469504
1790949053.700043 475209 465564 470763
1790949058.720043 476476 466821 472023
1790949063.739927 477744 468082 473282
1790949068.760027 479011 469340 474542
1790949073.780040 479836 470129 475334
1790949078.884025 481125 471407 476616
1790949083.904037 482394 472663 477879
1790949088.924072 483661 473921 479138
1790949093.944007 484930 475180 480396
1790949098.964041 486196 476439 481656
1790949103.984096 486998 477224 482471
1790949109.012058 488268 478482 483732
1790949114.031919 489536 479740 484994
1790949119.052025 490803 480997 486253
1790949124.072019 492070 482258 487512
1790949129.092051 493337 483514 488774
1790949134.111918 494441 484616 489873
1790949139.127342 495413 485589 490840
1790949144.152007 496682 486847 492102
1790949149.172042 497949 488103 493362
1790949154.191916 499220 489362 494619
1790949159.212019 500490 490620 495877
1790949164.232051 501758 491877 497136
1790949169.252124 502552 492692 497940
1790949174.280374 503822 493953 499206
1790949179.300381 505089 495209 500467
1790949184.320384 506359 496466 501728
1790949189.340341 507626 497721 502989
1790949194.360363 508897 498978 504250
1790949199.380378 509718 499798 505062
1790949204.395307 510988 501055 506318
1790949209.420051 512258 502312 507579
1790949214.440105 513527 503568 508839
1790949219.460069 514792 504826 510100
1790949224.479924 516064 506082 511358
1790949229.503943 517334 507338 512616
1790949234.519304 518141 508131 513420
1790949239.544034 519409 509391 514680
1790949244.563907 520678 510648 515940
1790949249.584079 521943 511905 517198
1790949254.603916 523210 513164 518460
1790949259.708057 524500 514442 519739
1790949264.728085 525302 515242 520532
1790949269.752046 526572 516501 521791
1790949274.776105 527838 517760 523052
1790949279.796077 529103 519015 524314
1790949284.816037 530374 520272 525574
1790949289.864018 531648 521538 526841
1790949294.883933 532631 522513 527829
1790949299.899343 533734 523600 528924
1790949304.923968 535008 524860 530183
1790949309.948311 536274 526119 531442
1790949314.967938 537543 527376 532705
1790949319.988106 538811 528632 533963
1790949325.007970 540079 529889 535226
1790949330.028095 540897 530668 536029
1790949335.052081 542165 531928 537293
1790949340.072063 543430 533185 538553
1790949345.091910 544697 534442 539814
1790949350.112077 545964 535699 541074
1790949355.136043 547235 536961 542333
1790949360.156044 548026 537767 543122
1790949365.169331 549296 539023 544381
1790949370.181862 550564 540279 545642
1790949375.197467 551834 541535 546900
1790949380.213018 553100 542792 548158
1790949385.229650 554369 544049 549416
1790949390.242333 555527 545203 550574
1790949395.251404 556441 546113 551498
1790949400.276078 557710 547374 552756
1790949405.296063 558977 548631 554017
1790949410.316057 560241 549888 555276
1790949415.335920 561512 551147 556534
1790949420.356081 562780 552403 557793
1790949425.375928 563584 553207 558587
1790949430.400062 564855 554464 559846
1790949435.419919 566121 555724 561107
1790949440.484027 567398 556991 562378
1790949445.504059 568666 558249 563639
1790949450.524004 569934 559506 564898
1790949455.544023 570839 560375 565779
1790949460.559455 572026 561549 566955
1790949465.588618 573293 562807 568219
1790949470.608583 574561 564064 569478
1790949475.632597 575832 565322 570738
1790949480.652611 577100 566578 571999
1790949485.672618 578368 567837 573258
1790949490.692558 579178 568647 574051
1790949495.716070 580447 569903 575313
1790949500.736079 581714 571162 576572
1790949505.756074 582982 572419 577831
1790949510.775910 584250 573678 579091
1790949515.796059 585515 574935 580350
1790949520.816062 586320 575732 581143
1790949525.844040 587588 576993 582403
1790949530.863934 588853 578253 583664
1790949535.884033 590121 579510 584923
1790949540.904034 591390 580766 586184
1790949545.924042 592656 582025 587444
1790949550.944063 593744 583086 588529
