1790950838.472982 <missed 116184 bytes of console log>
1790950838.473087 irqs: 64, preallocated irqs: 0
1790950838.473119 Root IRQ handler: 0xffff800080010000
1790950838.473162 rcu: srcu_init: Setting srcu_struct sizes based on contention.
1790950838.473209 arch_timer: cp15 timer(s) running at 54.00MHz (virt).
1790950838.473268 clocksource: arch_sys_counter: mask: 0xffffffffffffff max_cycles: 0xc743ce346, max_idle_ns: 440795203123 ns
1790950838.473315 sched_clock: 56 bits at 54MHz, resolution 18ns, wraps every 4398046511102ns
1790950838.473349 printk: legacy console [hvc0] enabled
1790950838.473383 printk: legacy bootconsole [jailhouse0] disabled
1790950838.473439 Calibrating delay loop (skipped), value calculated using timer frequency.. 108.00 BogoMIPS (lpj=54000)
1790950838.473469 pid_max: default: 4096 minimum: 301
1790950838.473510 Mount-cache hash table entries: 512 (order: 0, 4096 bytes, linear)
1790950838.473554 Mountpoint-cache hash table entries: 512 (order: 0, 4096 bytes, linear)
1790950838.473590 cacheinfo: Unable to detect cache hierarchy for CPU 0
1790950838.473621 rcu: Hierarchical SRCU implementation.
1790950838.473652 rcu: 	Max phase no-delay instances is 400.
1790950838.473680 smp: Bringing up secondary CPUs ...
1790950838.473706 smp: Brought up 1 node, 1 CPU
1790950838.473736 SMP: Total of 1 processors activated.
1790950838.473767 CPU features: detected: 32-bit EL0 Support
1790950838.473814 CPU features: detected: Data cache clean to the PoU not required for I/D coherence
1790950838.473847 CPU features: detected: CRC32 instructions
1790950838.473881 CPU features: detected: RCpc load-acquire (LDAPR)
1790950838.473920 CPU features: detected: Speculative Store Bypassing Safe (SSBS)
1790950838.473957 spectre-bhb mitigation disabled by compile time option
1790950838.473984 CPU: All CPU(s) started at EL1
1790950838.474017 alternatives: applying system-wide alternatives
1790950838.474040 devtmpfs: initialized
1790950838.474092 clocksource: jiffies: mask: 0xffffffff max_cycles: 0xffffffff, max_idle_ns: 1911260446275000 ns
1790950838.474132 futex hash table entries: 16 (order: -2, 1024 bytes, linear)
1790950838.474177 DMA: preallocated 128 KiB GFP_KERNEL pool for atomic allocations
1790950838.474217 hw-breakpoint: found 6 breakpoint and 4 watchpoint registers.
1790950838.474251 ASID allocator initialised with 65536 entries
1790950838.474286 clocksource: Switched to clocksource arch_sys_counter
1790950838.474324 workingset: timestamp_bits=62 max_order=13 bucket_order=0
1790950838.474350 clk: Disabling unused clocks
1790950838.474378 Freeing unused kernel memory: 1728K
1790950838.474403 Run /init as init process
1790950838.474445 linux-guest: 6.6.78-rt51+, cyclictest windows of 1 s, deadline 100 us
1790950839.615292 L 1000 1 2 13 0
1790950840.655284 L 1000 1 1 14 0
1790950841.695264 L 1000 1 1 14 0
1790950842.735315 L 1000 1 1 3 0
1790950843.879263 L 1000 1 1 12 0
1790950844.927357 L 1000 1 1 6 0
1790950845.971317 L 1000 1 1 12 0
1790950846.704506 [MG] memguard_call 1000 1000 1 (CPU 0)
1790950846.706522 [MG] memguard_call 1000 1000 1 (CPU 1)
1790950846.706549 [MG] memguard_call 1000 1000 1 (CPU 2)
1790950847.012594 L 1000 1 1 10 0
1790950848.160489 L 1000 1 1 13 0
1790950849.200474 L 1000 1 1 2 0
1790950850.240478 L 1000 1 1 7 0
1790950851.284470 L 1000 1 1 13 0
1790950852.427463 L 1000 1 1 12 0
1790950853.468467 L 1000 1 1 15 0
1790950854.508478 L 1000 1 1 11 0
1790950855.552447 L 1000 1 1 12 0
1790950856.695437 L 1000 1 1 14 0
1790950857.740429 L 1000 1 1 2 0
1790950858.779424 L 1000 1 1 12 0
1790950859.826432 L 1000 1 1 14 0
1790950860.968414 L 1000 1 1 12 0
1790950862.013412 L 1000 1 1 13 0
1790950863.052407 L 1000 1 1 2 0
1790950864.091402 L 1000 1 1 7 0
1790950865.240390 L 1000 1 1 13 0
1790950866.279380 L 1000 1 1 12 0
1790950867.328376 L 1000 1 1 9 0
1790950868.367261 L 1000 1 1 12 0
1790950869.512361 L 1000 1 1 14 0
1790950870.552343 L 1000 1 1 15 0
1790950871.596360 L 1000 1 1 9 0
1790950872.636341 L 1000 1 1 12 0
1790950873.788337 L 1000 1 1 3 0
1790950874.827325 L 1000 1 1 13 0
1790950875.868323 L 1000 1 1 11 0
1790950876.907311 L 1000 1 1 13 0
1790950878.056308 L 1000 1 1 2 0
1790950879.095301 L 1000 1 1 8 0
1790950880.136296 L 1000 1 1 14 0
1790950881.176288 L 1000 1 1 2 0
1790950882.320292 L 1000 1 1 3 0
1790950883.359273 L 1000 1 1 14 0
1790950884.404268 L 1000 1 1 13 0
1790950885.446248 L 1000 1 1 16 0
1790950886.592255 L 1000 1 1 12 0
1790950887.633235 L 1000 1 1 13 0
1790950888.672235 L 1000 1 1 11 0
1790950889.712260 L 1000 1 1 10 0
1790950890.857232 L 1000 1 1 11 0
1790950891.897225 L 1000 1 1 15 0
1790950892.936216 L 1000 1 1 15 0
1790950893.981210 L 1000 1 1 12 0
1790950895.124204 L 1000 1 1 15 0
1790950896.169200 L 1000 1 1 14 0
1790950897.208191 L 1000 1 1 9 0
1790950898.257179 L 1000 1 1 11 0
1790950899.400171 L 1000 1 1 13 0
1790950900.441163 L 1000 1 1 3 0
1790950901.485160 L 1000 1 1 12 0
1790950902.525154 L 1000 1 1 13 0
1790950903.668147 L 1000 1 1 12 0
1790950904.709138 L 1000 1 1 8 0
1790950905.748137 L 1000 1 1 12 0
1790950906.790137 L 1000 1 1 14 0
1790950907.933131 L 1000 1 1 13 0
1790950908.973135 L 1000 1 1 10 0
1790950910.021133 L 1000 1 1 13 0
1790950911.063111 L 1000 1 1 14 0
1790950912.118113 L 1000 1 1 13 0
1790950913.268113 L 1000 1 1 13 0
1790950914.305120 L 1000 1 1 13 0
1790950915.345169 L 1000 1 1 11 0
1790950916.410095 L 1000 1 1 15 0
1790950917.551067 L 1000 1 1 12 0
1790950918.615060 L 1000 1 1 12 0
1790950919.674058 L 1000 1 1 14 0
1790950920.721073 L 1000 1 1 14 0
1790950921.762048 L 1000 1 1 3 0
1790950922.805081 L 1000 1 1 11 0
1790950923.949136 L 1000 1 1 16 0
1790950924.998032 L 1000 1 2 23 0
1790950926.037033 L 1000 1 1 18 0
1790950927.082022 L 1000 1 1 8 0
1790950928.135077 L 1000 1 1 20 0
1790950929.302038 L 1000 1 1 11 0
1790950930.345024 L 1000 1 1 14 0
1790950931.398001 L 1000 1 1 12 0
1790950932.439033 L 1000 1 1 13 0
1790950933.491015 L 1000 1 1 14 0
1790950934.555002 L 1000 1 1 12 0
1790950935.701010 L 1000 1 1 14 0
1790950936.744978 L 1000 1 1 13 0
1790950937.788979 L 1000 1 1 13 0
1790950938.850992 L 1000 1 1 10 0
1790950939.906022 L 1000 1 2 11 0
1790950940.945081 L 1000 1 2 14 0
1790950942.096939 L 1000 1 1 12 0
1790950943.153945 L 1000 1 1 12 0
1790950944.210934 L 1000 1 1 12 0
1790950945.273962 L 1000 1 1 8 0
1790950946.317933 L 1000 1 1 13 0
1790950947.353951 L 1000 1 1 14 0
1790950948.440907 L 1000 1 1 15 0
1790950949.490895 L 1000 1 1 12 0
1790950950.645902 L 1000 1 1 16 0
1790950951.689887 L 1000 1 1 17 0
1790950952.729868 L 1000 1 1 10 0
1790950953.790861 L 1000 1 1 21 0
1790950954.866858 L 1000 1 1 13 0
1790950955.910881 L 1000 1 1 13 0
1790950957.065858 L 1000 1 1 13 0
1790950958.101859 L 1000 1 1 12 0
1790950959.150873 L 1000 1 1 9 0
1790950960.197901 L 1000 1 1 11 0
1790950961.238932 L 1000 1 1 14 0
1790950962.388865 L 1000 1 1 13 0
1790950963.438826 L 1000 1 1 14 0
1790950964.485819 L 1000 1 1 14 0
1790950965.524814 L 1000 1 1 13 0
1790950966.678830 L 1000 1 1 13 0
1790950967.726862 L 1000 1 1 12 0
1790950968.786816 L 1000 1 1 16 0
1790950969.824800 L 1000 1 1 15 0
1790950970.868767 L 1000 1 1 5 0
1790950972.008777 L 1000 1 1 13 0
1790950973.066820 L 1000 1 1 14 0
1790950974.149783 L 1000 1 2 14 0
1790950975.190780 L 1000 1 6 15 0
1790950976.237781 L 1000 1 2 12 0
1790950977.278778 L 1000 1 2 13 0
1790950978.425792 L 1000 1 2 12 0
1790950979.473804 L 1000 1 2 11 0
1790950980.514760 L 1000 1 5 15 0
1790950981.557783 L 1000 1 2 11 0
1790950982.705754 L 1000 1 2 11 0
1790950983.754745 L 1000 1 2 21 0
1790950984.797735 L 1000 1 2 13 0
1790950985.848686 L 1000 1 2 12 0
1790950986.900678 L 1000 1 2 13 0
1790950988.040680 L 1000 1 2 13 0
1790950989.094670 L 1000 1 2 15 0
1790950990.133674 L 1000 1 2 8 0
1790950991.185676 L 1000 1 2 13 0
1790950992.336653 L 1000 1 2 7 0
1790950993.373670 L 1000 1 2 15 0
1790950994.436638 L 1000 1 2 13 0
1790950995.475663 L 1000 1 2 15 0
1790950996.529630 L 1000 1 2 12 0
1790950997.585643 L 1000 1 2 12 0
1790950998.729628 L 1000 1 2 13 0
1790950999.789626 L 1000 1 2 12 0
1790951000.829615 L 1000 1 2 15 0
1790951001.882613 L 1000 1 2 16 0
1790951002.965599 L 1000 1 2 12 0
1790951004.042599 L 1000 1 2 12 0
1790951005.126594 L 1000 1 2 11 0
1790951006.209583 L 1000 1 2 14 0
1790951007.282586 L 1000 1 2 8 0
1790951008.365570 L 1000 3 7 27 0
1790951009.343578 L 1000 1 2 12 0
1790951010.430572 L 1000 1 2 12 0
1790951011.513556 L 1000 1 2 8 0
1790951012.618555 L 1000 1 2 11 0
1790951013.698546 L 1000 1 2 13 0
1790951014.789553 L 1000 1 2 13 0
1790951015.854537 L 1000 1 2 11 0
1790951016.830530 L 1000 1 2 13 0
1790951017.902547 L 1000 1 6 31 0
1790951019.049556 L 1000 1 2 9 0
1790951020.098522 L 1000 1 2 13 0
1790951021.141515 L 1000 1 2 15 0
1790951022.185493 L 1000 1 2 13 0
1790951023.331514 L 1000 1 2 15 0
1790951024.371511 L 1000 1 2 11 0
1790951025.420486 L 1000 1 2 15 0
1790951026.459498 L 1000 1 2 13 0
1790951027.615480 L 1000 1 4 30 0
1790951028.664460 L 1000 1 2 11 0
1790951029.703487 L 1000 1 2 18 0
1790951030.761510 L 1000 1 6 28 0
1790951031.794533 L 1000 1 2 10 0
1790951032.965522 L 1000 1 2 11 0
1790951034.000442 L 1000 1 1 12 0
1790951035.039442 L 1000 1 1 12 0
1790951036.106427 L 1000 1 1 14 0
1790951037.177435 L 1000 1 4 18 0
1790951038.258436 L 1000 1 6 19 0
1790951039.338451 L 1000 1 2 25 0
1790951040.429434 L 1000 1 2 12 0
1790951041.501419 L 1000 1 2 16 0
1790951042.577399 L 1000 1 2 16 0
1790951043.619408 L 1000 1 2 23 0
1790951044.665392 L 1000 1 2 21 0
1790951045.713384 L 1000 1 3 21 0
1790951046.753373 L 1000 1 2 16 0
1790951047.900363 L 1000 1 2 14 0
1790951048.938391 L 1000 1 2 18 0
1790951049.980395 L 1000 1 2 16 0
1790951051.027417 L 1000 1 1 14 0
1790951052.108345 L 1000 1 1 10 0
1790951053.193362 L 1000 1 1 15 0
1790951054.277359 L 1000 1 1 11 0
1790951055.361348 L 1000 1 1 14 0
1790951056.441346 L 1000 1 2 21 0
1790951057.518358 L 1000 1 2 15 0
1790951058.589337 L 1000 1 2 17 0
1790951059.632303 L 1000 1 1 14 0
1790951060.709320 L 1000 1 1 13 0
1790951061.746333 L 1000 1 1 12 0
1790951062.793304 L 1000 1 4 38 0
1790951063.941296 L 1000 1 1 15 0
1790951064.989290 L 1000 1 1 11 0
1790951066.037282 L 1000 1 6 25 0
1790951067.080339 L 1000 1 2 19 0
1790951068.222324 L 1000 1 6 41 0
1790951069.265320 L 1000 1 2 23 0
1790951070.306308 L 1000 1 2 20 0
1790951071.350298 L 1000 1 2 19 0
1790951072.497314 L 1000 1 2 37 0
1790951073.566249 L 1000 1 2 15 0
1790951074.606237 L 1000 1 5 48 0
1790951075.665250 L 1000 1 3 16 0
1790951076.702238 L 1000 1 2 16 0
1790951077.749230 L 1000 1 1 17 0
1790951078.910286 L 1000 1 2 15 0
1790951079.962258 L 1000 1 1 7 0
1790951081.053248 L 1000 1 2 15 0
1790951082.103299 L 1000 1 1 13 0
1790951083.166253 L 1000 1 1 12 0
1790951084.217299 L 1000 1 1 15 0
1790951085.274242 L 1000 1 1 14 0
1790951086.349244 L 1000 1 1 10 0
1790951087.406208 L 1000 1 1 13 0
1790951088.481249 L 1000 1 1 10 0
1790951089.529203 L 1000 1 2 24 0
1790951090.594191 L 1000 1 2 14 0
1790951091.643170 L 1000 1 1 12 0
1790951092.706172 L 1000 1 2 23 0
1790951093.798149 L 1000 1 2 20 0
1790951094.855135 L 1000 1 2 23 0
1790951096.002151 L 1000 1 2 18 0
1790951097.040151 L 1000 1 1 12 0
1790951098.087116 L 1000 1 1 14 0
1790951098.295339 [MG] memguard_call 0 0 0 (CPU 0)
1790951098.295400 [MG] memguard_call 0 0 0 (CPU 1)
1790951098.295425 [MG] memguard_call 0 0 0 (CPU 2)
1790951099.127267 L 1000 1 1 9 0
1790951100.275282 L 1000 1 1 12 0
1790951101.315265 L 1000 1 1 13 0
1790951102.355286 L 1000 1 1 15 0
1790951103.399288 L 1000 1 1 14 0
1790951104.547289 L 1000 1 1 13 0
1790951105.587262 L 1000 1 1 13 0
1790951106.627287 L 1000 1 1 13 0
1790951107.667261 L 1000 1 1 9 0
1790951108.815283 L 1000 1 1 12 0
1790951109.855262 L 1000 1 1 15 0
1790951110.895284 L 1000 1 1 14 0
1790951111.935264 L 1000 1 1 15 0
1790951113.079286 L 1000 1 1 15 0
1790951114.123306 L 1000 1 1 2 0
1790951115.163279 L 1000 1 1 5 0
1790951116.203290 L 1000 1 1 13 0
1790951117.347271 L 1000 1 1 13 0
1790951118.387287 L 1000 1 1 14 0
1790951119.427264 L 1000 1 1 2 0
1790951120.471286 L 1000 1 1 13 0
1790951121.615262 L 1000 1 1 13 0
1790951122.655288 L 1000 1 1 10 0
1790951123.695286 L 1000 1 1 13 0
1790951124.735285 L 1000 1 1 14 0
1790951125.879262 L 1000 1 1 14 0
1790951126.919287 L 1000 1 1 11 0
1790951127.959291 L 1000 1 1 11 0
1790951128.999285 L 1000 1 1 12 0
1790951130.143296 L 1000 1 1 14 0
1790951131.183261 L 1000 1 1 13 0
1790951132.227285 L 1000 1 1 12 0
1790951133.267348 L 1000 1 1 14 0
1790951134.411283 L 1000 1 1 12 0
1790951135.451258 L 1000 1 1 15 0
1790951136.491288 L 1000 1 1 17 0
1790951137.531397 L 1000 1 1 16 0
1790951138.675288 L 1000 1 1 12 0
1790951139.715267 L 1000 1 1 15 0
1790951140.755286 L 1000 1 1 16 0
1790951141.899267 L 1000 1 1 10 0
1790951142.939288 L 1000 1 1 14 0
1790951143.979264 L 1000 1 1 2 0
1790951145.019288 L 1000 1 1 13 0
1790951146.163282 L 1000 1 1 13 0
1790951147.203264 L 1000 1 1 16 0
1790951148.243286 L 1000 1 1 5 0
1790951149.283266 L 1000 1 1 9 0
1790951150.427285 L 1000 1 1 16 0
1790951151.467268 L 1000 1 1 13 0
1790951152.507283 L 1000 1 1 17 0
1790951153.547285 L 1000 1 1 12 0
1790951154.691288 L 1000 1 1 13 0
1790951155.731265 L 1000 1 1 13 0
1790951156.771284 L 1000 1 1 14 0
1790951157.811451 L 1000 1 1 8 0
1790951158.955284 L 1000 1 1 16 0
1790951159.995264 L 1000 1 1 2 0
1790951161.035283 L 1000 1 1 13 0
1790951162.183282 L 1000 1 1 13 0
1790951163.223286 L 1000 1 1 14 0
1790951164.263297 L 1000 1 1 13 0
1790951165.303267 L 1000 1 1 7 0
1790951166.447282 L 1000 1 1 3 0
1790951167.487264 L 1000 1 1 13 0
1790951168.527286 L 1000 1 1 13 0
1790951169.567264 L 1000 1 1 9 0
1790951170.711282 L 1000 1 1 13 0
1790951171.751260 L 1000 1 1 2 0
1790951172.791284 L 1000 1 1 14 0
1790951173.831283 L 1000 1 1 3 0
1790951174.975286 L 1000 1 1 15 0
1790951176.015262 L 1000 1 1 14 0
1790951177.055287 L 1000 1 1 13 0
1790951178.095292 L 1000 1 1 12 0
1790951179.239284 L 1000 1 1 13 0
1790951180.279298 L 1000 1 1 15 0
1790951181.319266 L 1000 1 1 12 0
1790951182.359578 L 1000 1 1 15 0
1790951183.503286 L 1000 1 1 10 0
1790951184.543285 L 1000 1 1 12 0
1790951185.583264 L 1000 1 1 13 0
1790951186.727284 L 1000 1 1 3 0
1790951187.767263 L 1000 1 1 14 0
1790951188.807284 L 1000 1 1 14 0
1790951189.847264 L 1000 1 1 17 0
1790951190.991283 L 1000 1 1 7 0
1790951192.031258 L 1000 1 1 14 0
1790951193.071289 L 1000 1 1 15 0
1790951194.111276 L 1000 1 1 12 0
1790951195.255284 L 1000 1 1 12 0
1790951196.295311 L 1000 1 1 13 0
1790951197.335260 L 1000 1 1 12 0
1790951198.375297 L 1000 1 1 8 0
1790951199.519266 L 1000 1 1 12 0
1790951200.559283 L 1000 1 1 13 0
1790951201.599264 L 1000 1 1 14 0
1790951202.639538 L 1000 1 1 13 0
1790951203.783287 L 1000 1 1 12 0
1790951204.823284 L 1000 1 1 13 0
1790951205.863262 L 1000 1 1 9 0
1790951206.903283 L 1000 1 1 14 0
1790951208.047286 L 1000 1 1 3 0
1790951209.087285 L 1000 1 1 14 0
1790951210.127266 L 1000 1 1 13 0
1790951211.271282 L 1000 1 1 16 0
1790951212.311258 L 1000 1 1 3 0
1790951213.351284 L 1000 1 1 9 0
1790951214.391293 L 1000 1 1 12 0
1790951215.535270 L 1000 1 1 14 0
1790951216.575305 L 1000 1 1 14 0
1790951217.615261 L 1000 1 1 11 0
1790951218.655303 L 1000 1 1 13 0
1790951219.799263 L 1000 1 1 14 0
1790951220.843289 L 1000 1 1 10 0
1790951221.883263 L 1000 1 1 13 0
1790951222.923284 L 1000 1 1 12 0
1790951224.067303 L 1000 1 1 9 0
1790951225.107285 L 1000 1 1 13 0
1790951226.147267 L 1000 1 1 15 0
1790951227.187536 L 1000 1 1 14 0
1790951228.331287 L 1000 1 1 14 0
1790951229.371288 L 1000 1 1 17 0
1790951230.411296 L 1000 1 1 3 0
1790951231.451269 L 1000 1 1 14 0
1790951232.595290 L 1000 1 1 15 0
1790951233.635287 L 1000 1 1 15 0
1790951234.675288 L 1000 1 1 9 0
1790951235.819272 L 1000 1 1 13 0
1790951236.863284 L 1000 1 1 3 0
1790951237.903265 L 1000 1 1 13 0
1790951238.943285 L 1000 1 1 12 0
1790951240.087265 L 1000 1 1 12 0
1790951241.127284 L 1000 1 1 15 0
1790951242.167270 L 1000 1 1 9 0
1790951243.211285 L 1000 1 1 13 0
1790951244.355262 L 1000 1 1 2 0
1790951245.395285 L 1000 1 1 10 0
1790951246.435306 L 1000 1 1 11 0
1790951247.475276 L 1000 1 1 15 0
1790951248.623282 L 1000 1 1 13 0
1790951249.663264 L 1000 1 1 12 0
1790951250.703288 L 1000 1 1 6 0
1790951251.743265 L 1000 1 1 3 0
1790951252.887287 L 1000 1 1 9 0
1790951253.927286 L 1000 1 1 14 0
1790951254.967284 L 1000 1 1 13 0
1790951256.007267 L 1000 1 1 3 0
1790951257.151284 L 1000 1 1 11 0
1790951258.191289 L 1000 1 1 12 0
1790951259.231284 L 1000 1 1 13 0
1790951260.271390 L 1000 1 1 10 0
1790951261.419282 L 1000 1 1 12 0
1790951262.459259 L 1000 1 1 3 0
1790951263.499285 L 1000 1 1 9 0
1790951264.539391 L 1000 1 1 12 0
1790951265.683285 L 1000 1 1 15 0
1790951266.723287 L 1000 1 1 14 0
1790951267.763261 L 1000 1 1 3 0
1790951268.907287 L 1000 1 1 13 0
1790951269.947262 L 1000 1 1 3 0
1790951270.987283 L 1000 1 1 10 0
1790951272.027262 L 1000 1 1 15 0
1790951273.171287 L 1000 1 1 14 0
1790951274.211264 L 1000 1 1 15 0
1790951275.251288 L 1000 1 1 14 0
1790951276.291264 L 1000 1 1 13 0
1790951277.435287 L 1000 1 1 16 0
1790951278.475288 L 1000 1 1 8 0
1790951279.515285 L 1000 1 1 17 0
1790951280.555262 L 1000 1 1 13 0
1790951281.699286 L 1000 1 1 13 0
1790951282.739293 L 1000 1 1 7 0
1790951283.779287 L 1000 1 1 14 0
1790951284.819536 L 1000 1 1 14 0
1790951285.963264 L 1000 1 1 14 0
1790951287.007284 L 1000 1 1 11 0
1790951288.047261 L 1000 1 1 13 0
1790951289.091297 L 1000 1 1 13 0
1790951290.235263 L 1000 1 1 9 0
1790951291.275289 L 1000 1 1 12 0
1790951292.315262 L 1000 1 1 14 0
1790951293.355507 L 1000 1 1 14 0
1790951294.499279 L 1000 1 1 13 0
1790951295.543286 L 1000 1 1 12 0
1790951296.583261 L 1000 1 1 15 0
1790951297.623492 L 1000 1 1 13 0
1790951298.767289 L 1000 1 1 15 0
1790951299.807264 L 1000 1 1 16 0
1790951300.847287 L 1000 1 1 13 0
1790951301.991262 L 1000 1 1 13 0
1790951303.031285 L 1000 1 1 15 0
1790951304.071287 L 1000 1 1 5 0
1790951305.111302 L 1000 1 1 13 0
1790951306.255268 L 1000 1 1 14 0
1790951307.299288 L 1000 1 1 15 0
1790951308.343285 L 1000 1 1 9 0
1790951309.387289 L 1000 1 1 15 0
1790951310.531261 L 1000 1 1 13 0
1790951311.571286 L 1000 1 1 13 0
1790951312.611260 L 1000 1 1 10 0
1790951313.655289 L 1000 1 1 13 0
1790951314.799286 L 1000 1 1 14 0
1790951315.839260 L 1000 1 1 13 0
1790951316.879284 L 1000 1 1 13 0
1790951317.919260 L 1000 1 1 14 0
1790951319.063289 L 1000 1 1 13 0
1790951320.103268 L 1000 1 1 12 0
1790951321.143301 L 1000 1 1 13 0
1790951322.183269 L 1000 1 1 2 0
1790951323.327283 L 1000 1 1 9 0
1790951324.367274 L 1000 1 1 3 0
1790951325.407290 L 1000 1 1 14 0
1790951326.447261 L 1000 1 1 3 0
1790951327.591286 L 1000 1 1 12 0
1790951328.631283 L 1000 1 1 3 0
1790951329.675284 L 1000 1 1 15 0
1790951330.715258 L 1000 1 1 12 0
1790951331.863282 L 1000 1 1 12 0
1790951332.903294 L 1000 1 1 12 0
1790951333.943284 L 1000 1 1 7 0
1790951334.983564 L 1000 1 1 13 0
1790951336.127279 L 1000 1 1 14 0
1790951337.167282 L 1000 1 1 6 0
1790951338.207289 L 1000 1 1 13 0
1790951339.247349 L 1000 1 1 13 0
1790951340.391266 L 1000 1 1 15 0
1790951341.431285 L 1000 1 1 6 0
1790951342.471264 L 1000 1 1 12 0
1790951343.615285 L 1000 1 1 12 0
1790951344.655265 L 1000 1 1 13 0
1790951345.695284 L 1000 1 1 8 0
1790951346.735261 L 1000 1 1 3 0
1790951347.879301 L 1000 1 1 14 0
1790951348.919285 L 1000 1 1 3 0
1790951349.959263 L 1000 1 1 17 0
1790951350.999285 L 1000 1 1 15 0
1790951352.143261 L 1000 1 1 15 0
1790951353.183287 L 1000 1 1 8 0
1790951354.223276 L 1000 1 1 12 0
1790951355.263285 L 1000 1 1 15 0
1790951356.407263 L 1000 1 1 14 0
1790951357.447283 L 1000 1 1 8 0
1790951358.487286 L 1000 1 1 14 0
1790951359.527409 L 1000 1 1 3 0
1790951360.671260 L 1000 1 1 15 0
1790951361.711285 L 1000 1 1 14 0
1790951362.751261 L 1000 1 1 12 0
1790951363.895284 L 1000 1 1 14 0
1790951364.935286 L 1000 1 1 14 0
1790951365.975265 L 1000 1 1 11 0
1790951367.015299 L 1000 1 1 14 0
1790951368.159262 L 1000 1 1 7 0
1790951369.199287 L 1000 1 1 14 0
1790951370.239265 L 1000 1 1 14 0
1790951371.283286 L 1000 1 1 15 0
1790951372.427261 L 1000 1 1 12 0
1790951373.467287 L 1000 1 1 14 0
1790951374.507262 L 1000 1 1 14 0
1790951375.547287 L 1000 1 1 12 0
1790951376.691261 L 1000 1 1 12 0
1790951377.731286 L 1000 1 1 13 0
1790951378.771285 L 1000 1 1 15 0
1790951379.811284 L 1000 1 1 13 0
1790951380.955261 L 1000 1 1 14 0
1790951381.995286 L 1000 1 1 13 0
1790951383.035295 L 1000 1 1 9 0
1790951384.075540 L 1000 1 1 12 0
1790951385.223283 L 1000 1 1 13 0
1790951386.263262 L 1000 1 1 15 0
1790951387.303284 L 1000 1 1 13 0
1790951388.343605 L 1000 1 1 14 0
1790951389.487285 L 1000 1 1 13 0
1790951390.527261 L 1000 1 1 12 0
1790951391.567290 L 1000 1 1 14 0
1790951392.711260 L 1000 1 1 3 0
1790951393.751286 L 1000 1 1 11 0
1790951394.791263 L 1000 1 1 13 0
1790951395.831284 L 1000 1 1 13 0
1790951396.975265 L 1000 1 1 6 0
1790951398.015283 L 1000 1 1 11 0
1790951399.055285 L 1000 1 1 14 0
1790951400.095263 L 1000 1 1 10 0
1790951401.239282 L 1000 1 1 13 0
1790951402.279266 L 1000 1 1 13 0
1790951403.319301 L 1000 1 1 12 0
1790951404.359264 L 1000 1 1 14 0
1790951405.507283 L 1000 1 1 13 0
1790951406.547262 L 1000 1 1 5 0
1790951407.587284 L 1000 1 1 3 0
1790951408.627282 L 1000 1 1 4 0
1790951409.771284 L 1000 1 1 11 0
1790951410.811263 L 1000 1 1 14 0
1790951411.851281 L 1000 1 1 11 0
1790951412.891366 L 1000 1 1 7 0
1790951414.035285 L 1000 1 1 15 0
1790951415.075298 L 1000 1 1 15 0
1790951416.115282 L 1000 1 1 14 0
1790951417.259282 L 1000 1 1 8 0
1790951418.299264 L 1000 1 1 12 0
1790951419.339284 L 1000 1 1 13 0
1790951420.379264 L 1000 1 1 16 0
1790951421.523285 L 1000 1 1 3 0
1790951422.563282 L 1000 1 1 12 0
1790951423.603287 L 1000 1 1 15 0
1790951424.643269 L 1000 1 1 14 0
1790951425.787282 L 1000 1 1 11 0
1790951426.827265 L 1000 1 1 15 0
1790951427.867281 L 1000 1 1 13 0
1790951428.907286 L 1000 1 1 7 0
1790951430.051286 L 1000 1 1 12 0
1790951431.091263 L 1000 1 1 15 0
1790951432.131293 L 1000 1 1 20 0
1790951433.175292 L 1000 1 1 12 0
1790951434.319283 L 1000 1 1 15 0
1790951435.359283 L 1000 1 1 15 0
1790951436.399263 L 1000 1 1 15 0
1790951437.439515 L 1000 1 1 13 0
1790951438.583285 L 1000 1 1 12 0
1790951439.623284 L 1000 1 1 15 0
1790951440.663265 L 1000 1 1 14 0
1790951441.707488 L 1000 1 1 14 0
1790951442.851264 L 1000 1 1 2 0
1790951443.891285 L 1000 1 1 13 0
1790951444.931269 L 1000 1 1 11 0
1790951446.075281 L 1000 1 1 14 0
1790951447.115267 L 1000 1 1 14 0
1790951448.155284 L 1000 1 1 12 0
1790951449.199286 L 1000 1 1 13 0
1790951450.343264 L 1000 1 1 7 0
1790951451.383282 L 1000 1 1 12 0
1790951452.423263 L 1000 1 1 13 0
1790951453.463296 L 1000 1 1 15 0
1790951454.607281 L 1000 1 1 14 0
1790951455.647284 L 1000 1 1 14 0
1790951456.687264 L 1000 1 1 12 0
1790951457.727283 L 1000 1 1 8 0
1790951458.871284 L 1000 1 1 12 0
1790951459.911282 L 1000 1 1 3 0
1790951460.951264 L 1000 1 1 15 0
1790951461.991374 L 1000 1 1 14 0
1790951463.135259 L 1000 1 1 12 0
1790951464.179282 L 1000 1 1 14 0
1790951465.219264 L 1000 1 1 9 0
1790951466.259527 L 1000 1 1 3 0
1790951467.403285 L 1000 1 1 14 0
1790951468.443282 L 1000 1 1 8 0
1790951469.483285 L 1000 1 1 13 0
1790951470.523258 L 1000 1 1 14 0
1790951471.667290 L 1000 1 1 13 0
1790951472.707280 L 1000 1 1 13 0
1790951473.747287 L 1000 1 1 14 0
1790951474.891278 L 1000 1 1 12 0
1790951475.931280 L 1000 1 1 8 0
1790951476.971261 L 1000 1 1 14 0
1790951478.015283 L 1000 1 1 15 0
1790951479.159284 L 1000 1 1 14 0
1790951480.199285 L 1000 1 1 13 0
1790951481.239264 L 1000 1 1 16 0
1790951482.279283 L 1000 1 1 15 0
1790951483.427300 L 1000 1 1 9 0
1790951484.467282 L 1000 1 1 13 0
1790951485.507293 L 1000 1 1 15 0
1790951486.547267 L 1000 1 1 15 0
1790951487.691282 L 1000 1 1 12 0
1790951488.731283 L 1000 1 1 13 0
1790951489.771285 L 1000 1 1 15 0
1790951490.811261 L 1000 1 1 12 0
1790951491.955282 L 1000 1 1 12 0
1790951492.995260 L 1000 1 1 3 0
1790951494.035285 L 1000 1 1 8 0
1790951495.075431 L 1000 1 1 13 0
1790951496.219287 L 1000 1 1 14 0
1790951497.259260 L 1000 1 1 15 0
1790951498.303283 L 1000 1 1 12 0
1790951499.343547 L 1000 1 1 13 0
1790951500.487287 L 1000 1 1 4 0
1790951501.527291 L 1000 1 1 9 0
1790951502.567263 L 1000 1 1 11 0
1790951503.711284 L 1000 1 1 11 0
1790951504.751264 L 1000 1 1 8 0
1790951505.791285 L 1000 1 1 14 0
1790951506.831261 L 1000 1 1 14 0
1790951507.975287 L 1000 1 1 3 0
1790951509.015286 L 1000 1 1 13 0
1790951510.055286 L 1000 1 1 14 0
1790951511.095270 L 1000 1 1 13 0
1790951512.239283 L 1000 1 1 9 0
1790951513.279258 L 1000 1 1 13 0
1790951514.319287 L 1000 1 1 15 0
1790951515.359263 L 1000 1 1 3 0
1790951516.503287 L 1000 1 1 13 0
1790951517.543282 L 1000 1 1 13 0
1790951518.583296 L 1000 1 1 14 0
1790951519.623549 L 1000 1 1 12 0
1790951520.767274 L 1000 1 1 13 0
1790951521.807284 L 1000 1 1 13 0
1790951522.847266 L 1000 1 1 15 0
1790951523.887291 L 1000 1 1 14 0
1790951525.031267 L 1000 1 1 14 0
1790951526.071282 L 1000 1 1 4 0
1790951527.111261 L 1000 1 1 12 0
1790951528.255282 L 1000 1 1 14 0
1790951529.295285 L 1000 1 1 13 0
1790951530.335284 L 1000 1 1 4 0
1790951531.375266 L 1000 1 1 13 0
1790951532.519284 L 1000 1 1 15 0
1790951533.559512 L 1000 1 1 15 0
1790951534.599285 L 1000 1 1 12 0
1790951535.639291 L 1000 1 1 13 0
1790951536.783263 L 1000 1 1 15 0
1790951537.823282 L 1000 1 1 14 0
1790951538.863306 L 1000 1 1 13 0
1790951539.907287 L 1000 1 1 12 0
1790951541.051269 L 1000 1 1 2 0
1790951542.091292 L 1000 1 1 12 0
1790951543.131266 L 1000 1 1 12 0
1790951544.171539 L 1000 1 1 6 0
1790951545.315265 L 1000 1 1 14 0
1790951546.355283 L 1000 1 1 13 0
1790951547.395266 L 1000 1 1 3 0
1790951548.439526 L 1000 1 1 13 0
1790951549.583283 L 1000 1 1 14 0
1790951550.623285 L 1000 1 1 14 0
1790951551.663293 L 1000 1 1 3 0
1790951552.807259 L 1000 1 1 12 0
1790951553.847284 L 1000 1 1 14 0
1790951554.887264 L 1000 1 1 14 0
1790951555.927283 L 1000 1 1 7 0
1790951557.071264 L 1000 1 1 12 0
1790951558.111283 L 1000 1 1 15 0
1790951559.151287 L 1000 1 1 16 0
1790951560.191283 L 1000 1 1 12 0
1790951561.335261 L 1000 1 1 13 0
1790951562.375282 L 1000 1 1 13 0
1790951563.415263 L 1000 1 1 9 0
1790951564.459285 L 1000 1 1 12 0
1790951565.603263 L 1000 1 1 12 0
1790951566.643281 L 1000 1 1 4 0
1790951567.683281 L 1000 1 1 12 0
1790951568.723294 L 1000 1 1 13 0
1790951569.867287 L 1000 1 1 4 0
1790951570.907263 L 1000 1 1 13 0
1790951571.947281 L 1000 1 1 11 0
1790951572.987409 L 1000 1 1 13 0
1790951574.131284 L 1000 1 1 5 0
1790951575.171291 L 1000 1 1 13 0
1790951576.211281 L 1000 1 1 14 0
1790951577.251271 L 1000 1 1 16 0
1790951578.395283 L 1000 1 1 8 0
1790951579.435282 L 1000 1 1 13 0
1790951580.475283 L 1000 1 1 15 0
1790951581.619268 L 1000 1 1 14 0
1790951582.659283 L 1000 1 1 14 0
1790951583.699291 L 1000 1 1 12 0
1790951584.739287 L 1000 1 1 16 0
1790951585.883287 L 1000 1 1 17 0
1790951586.923261 L 1000 1 1 12 0
1790951587.963287 L 1000 1 1 11 0
1790951589.003285 L 1000 1 1 15 0
1790951590.147296 L 1000 1 1 12 0
1790951591.187262 L 1000 1 1 15 0
1790951592.227283 L 1000 1 1 14 0
1790951593.267384 L 1000 1 1 3 0
1790951594.415284 L 1000 1 1 4 0
1790951595.455262 L 1000 1 1 13 0
1790951596.499284 L 1000 1 1 14 0
1790951597.539264 L 1000 1 1 11 0
1790951598.683288 L 1000 1 1 4 0
1790951599.723266 L 1000 1 1 13 0
1790951600.767282 L 1000 1 1 15 0
1790951601.807295 L 1000 1 1 14 0
1790951602.951258 L 1000 1 1 13 0
1790951603.991284 L 1000 1 1 12 0
1790951605.031266 L 1000 1 1 13 0
1790951606.071461 L 1000 1 1 13 0
1790951607.215265 L 1000 1 1 15 0
1790951608.255282 L 1000 1 1 7 0
1790951609.295289 L 1000 1 1 13 0
1790951610.439283 L 1000 1 1 15 0
1790951611.479261 L 1000 1 1 17 0
1790951612.519284 L 1000 1 1 12 0
1790951613.559268 L 1000 1 1 12 0
1790951614.703284 L 1000 1 1 13 0
1790951615.743262 L 1000 1 1 17 0
1790951616.787285 L 1000 1 1 12 0
1790951617.827303 L 1000 1 1 14 0
1790951618.971284 L 1000 1 1 13 0
1790951620.011290 L 1000 1 1 11 0
1790951621.051263 L 1000 1 1 13 0
1790951622.095292 L 1000 1 1 3 0
1790951623.239268 L 1000 1 1 3 0
1790951624.283283 L 1000 1 1 13 0
1790951625.323269 L 1000 1 1 3 0
1790951626.363286 L 1000 1 1 15 0
1790951627.507267 L 1000 1 1 10 0
1790951628.547298 L 1000 1 1 13 0
1790951629.587285 L 1000 1 1 13 0
1790951630.627294 L 1000 1 1 15 0
1790951631.771259 L 1000 1 1 11 0
1790951632.811283 L 1000 1 1 4 0
1790951633.851288 L 1000 1 1 4 0
1790951634.891508 L 1000 1 1 13 0
1790951636.035287 L 1000 1 1 13 0
1790951637.075264 L 1000 1 1 14 0
1790951638.119299 L 1000 1 1 8 0
1790951639.159549 L 1000 1 1 12 0
1790951640.303286 L 1000 1 1 14 0
1790951641.343264 L 1000 1 1 14 0
1790951642.383282 L 1000 1 1 12 0
1790951643.423271 L 1000 1 1 14 0
1790951644.567287 L 1000 1 1 13 0
1790951645.607262 L 1000 1 1 3 0
1790951646.647283 L 1000 1 1 14 0
1790951647.791260 L 1000 1 1 13 0
1790951648.831290 L 1000 1 1 3 0
1790951649.871265 L 1000 1 1 11 0
1790951650.911284 L 1000 1 1 15 0
1790951652.055315 L 1000 1 1 3 0
1790951653.095277 L 1000 1 1 15 0
1790951654.135296 L 1000 1 1 13 0
1790951655.175274 L 1000 1 1 13 0
1790951656.319285 L 1000 1 1 15 0
1790951657.359265 L 1000 1 1 9 0
1790951658.399284 L 1000 1 1 13 0
1790951659.439285 L 1000 1 1 13 0
1790951660.583283 L 1000 1 1 14 0
1790951661.623260 L 1000 1 1 2 0
1790951662.663285 L 1000 1 1 13 0
1790951663.703369 L 1000 1 1 15 0
1790951664.851284 L 1000 1 1 7 0
1790951665.891264 L 1000 1 1 13 0
1790951666.931288 L 1000 1 1 13 0
1790951667.971260 L 1000 1 1 17 0
1790951669.115296 L 1000 1 1 12 0
1790951670.155294 L 1000 1 1 14 0
1790951671.195263 L 1000 1 1 16 0
1790951672.339285 L 1000 1 1 10 0
1790951673.379265 L 1000 1 1 12 0
1790951674.419284 L 1000 1 1 6 0
1790951675.459261 L 1000 1 1 9 0
1790951676.603286 L 1000 1 1 13 0
1790951677.643261 L 1000 1 1 13 0
1790951678.683283 L 1000 1 1 14 0
1790951679.723286 L 1000 1 1 12 0
1790951680.867284 L 1000 1 1 5 0
1790951681.907261 L 1000 1 1 15 0
1790951682.947300 L 1000 1 1 8 0
1790951683.987286 L 1000 1 1 13 0
1790951685.131294 L 1000 1 1 3 0
1790951686.171285 L 1000 1 1 14 0
1790951687.211264 L 1000 1 1 13 0
1790951688.251592 L 1000 1 1 12 0
1790951689.399285 L 1000 1 1 16 0
1790951690.439284 L 1000 1 1 10 0
1790951691.479258 L 1000 1 1 12 0
1790951692.519466 L 1000 1 1 14 0
1790951693.663267 L 1000 1 1 13 0
1790951694.703285 L 1000 1 1 12 0
1790951695.743261 L 1000 1 1 13 0
1790951696.887285 L 1000 1 1 14 0
1790951697.927264 L 1000 1 1 10 0
1790951698.967290 L 1000 1 1 11 0
1790951700.007263 L 1000 1 1 13 0
1790951701.151282 L 1000 1 1 13 0
1790951702.191310 L 1000 1 1 10 0
1790951703.231282 L 1000 1 1 13 0
1790951704.271295 L 1000 1 1 15 0
1790951705.415267 L 1000 1 1 9 0
1790951706.455290 L 1000 1 1 4 0
1790951707.495262 L 1000 1 1 14 0
1790951708.535281 L 1000 1 1 15 0
1790951709.679288 L 1000 1 1 12 0
1790951710.719284 L 1000 1 1 13 0
1790951711.759262 L 1000 1 1 13 0
1790951712.799540 L 1000 1 1 7 0
1790951713.943294 L 1000 1 1 15 0
1790951714.983283 L 1000 1 1 13 0
1790951716.023263 L 1000 1 1 15 0
1790951717.167296 L 1000 1 1 14 0
1790951718.207264 L 1000 1 1 12 0
1790951719.247289 L 1000 1 1 13 0
1790951720.287296 L 1000 1 1 10 0
1790951721.431266 L 1000 1 1 13 0
1790951722.471286 L 1000 1 1 14 0
1790951723.511259 L 1000 1 1 14 0
1790951724.551287 L 1000 1 1 13 0
1790951725.695265 L 1000 1 1 13 0
1790951726.735286 L 1000 1 1 17 0
1790951727.775261 L 1000 1 1 8 0
1790951728.819284 L 1000 1 1 3 0
1790951729.963286 L 1000 1 1 13 0
1790951731.003288 L 1000 1 1 13 0
1790951732.043262 L 1000 1 1 9 0
1790951733.083289 L 1000 1 1 14 0
1790951734.227287 L 1000 1 1 12 0
1790951735.267284 L 1000 1 1 10 0
1790951736.311292 L 1000 1 1 11 0
1790951737.351275 L 1000 1 1 13 0
1790951738.495287 L 1000 1 1 13 0
1790951739.535283 L 1000 1 1 3 0
1790951740.575285 L 1000 1 1 12 0
1790951741.615411 L 1000 1 1 12 0
1790951742.759281 L 1000 1 1 9 0
1790951743.799264 L 1000 1 1 11 0
1790951744.839289 L 1000 1 1 13 0
1790951745.983263 L 1000 1 1 16 0
1790951747.023286 L 1000 1 1 12 0
1790951748.063263 L 1000 1 1 13 0
1790951749.103303 L 1000 1 1 14 0
1790951750.247261 L 1000 1 1 7 0
1790951751.291283 L 1000 1 1 13 0
1790951752.331270 L 1000 1 1 15 0
1790951753.371285 L 1000 1 1 5 0
1790951754.519285 L 1000 1 1 14 0
1790951755.559259 L 1000 1 1 13 0
1790951756.603285 L 1000 1 1 13 0
1790951757.643264 L 1000 1 1 13 0
1790951758.787289 L 1000 1 1 12 0
1790951759.827288 L 1000 1 1 15 0
1790951760.867286 L 1000 1 1 11 0
1790951761.907265 L 1000 1 1 11 0
1790951763.051284 L 1000 1 1 12 0
1790951764.091288 L 1000 1 1 13 0
1790951765.131285 L 1000 1 1 13 0
1790951766.171263 L 1000 1 1 13 0
1790951767.315287 L 1000 1 1 14 0
1790951768.355262 L 1000 1 1 9 0
1790951769.395288 L 1000 1 1 12 0
1790951770.435600 L 1000 1 1 3 0
1790951771.579269 L 1000 1 1 9 0
1790951772.619293 L 1000 1 1 12 0
1790951773.659264 L 1000 1 1 13 0
1790951774.703552 L 1000 1 1 4 0
1790951775.847265 L 1000 1 1 11 0
1790951776.887282 L 1000 1 1 14 0
1790951777.927264 L 1000 1 1 3 0
1790951779.071288 L 1000 1 1 11 0
1790951780.111261 L 1000 1 1 12 0
1790951781.155282 L 1000 1 1 13 0
1790951782.195265 L 1000 1 1 8 0
1790951783.339284 L 1000 1 1 13 0
1790951784.379285 L 1000 1 1 15 0
1790951785.419284 L 1000 1 1 3 0
1790951786.463299 L 1000 1 1 9 0
1790951787.607267 L 1000 1 1 13 0
1790951788.647287 L 1000 1 1 14 0
1790951789.687285 L 1000 1 1 14 0
1790951790.727283 L 1000 1 1 10 0
1790951791.871264 L 1000 1 1 12 0
1790951792.911284 L 1000 1 1 14 0
1790951793.951261 L 1000 1 1 14 0
1790951794.991288 L 1000 1 1 4 0
1790951796.135268 L 1000 1 1 13 0
1790951797.175285 L 1000 1 1 3 0
1790951798.215262 L 1000 1 1 10 0
1790951799.259285 L 1000 1 1 12 0
1790951800.403265 L 1000 1 1 3 0
1790951801.443284 L 1000 1 1 14 0
1790951802.483260 L 1000 1 1 11 0
1790951803.523285 L 1000 1 1 14 0
1790951804.667286 L 1000 1 1 19 0
1790951805.707265 L 1000 1 1 14 0
1790951806.751284 L 1000 1 1 12 0
1790951807.791365 L 1000 1 1 13 0
1790951808.935282 L 1000 1 1 14 0
1790951809.975283 L 1000 1 1 8 0
1790951811.015283 L 1000 1 1 14 0
1790951812.055377 L 1000 1 1 13 0
1790951813.199284 L 1000 1 1 14 0
1790951814.243286 L 1000 1 1 12 0
1790951815.283283 L 1000 1 1 12 0
1790951816.323274 L 1000 1 1 13 0
1790951817.467285 L 1000 1 1 10 0
1790951818.507263 L 1000 1 1 12 0
1790951819.551285 L 1000 1 1 13 0
1790951820.695285 L 1000 1 1 3 0
1790951821.735263 L 1000 1 1 12 0
1790951822.775287 L 1000 1 1 13 0
1790951823.815264 L 1000 1 1 15 0
1790951824.959284 L 1000 1 1 9 0
1790951825.999266 L 1000 1 1 11 0
1790951827.039285 L 1000 1 1 16 0
1790951828.079260 L 1000 1 1 13 0
1790951829.227289 L 1000 1 1 14 0
1790951830.267264 L 1000 1 1 14 0
1790951831.307283 L 1000 1 1 13 0
1790951832.347262 L 1000 1 1 11 0
1790951833.491284 L 1000 1 1 12 0
1790951834.531288 L 1000 1 1 14 0
1790951835.571284 L 1000 1 1 13 0
1790951836.611277 L 1000 1 1 11 0
1790951837.755287 L 1000 1 1 13 0
1790951838.795287 L 1000 1 1 12 0
1790951839.835287 L 1000 1 1 15 0
1790951840.875489 L 1000 1 1 13 0
1790951842.019267 L 1000 1 1 15 0
1790951843.063288 L 1000 1 1 13 0
1790951844.107292 L 1000 1 1 12 0
1790951845.147285 L 1000 1 1 13 0
1790951846.291264 L 1000 1 1 15 0
1790951847.331285 L 1000 1 1 12 0
1790951848.371264 L 1000 1 1 12 0
1790951849.415285 L 1000 1 1 14 0
1790951850.559263 L 1000 1 1 2 0
1790951851.599286 L 1000 1 1 14 0
1790951852.639258 L 1000 1 1 14 0
1790951853.679525 L 1000 1 1 13 0
1790951854.823284 L 1000 1 1 11 0
1790951855.863261 L 1000 1 1 13 0
1790951856.903282 L 1000 1 1 14 0
1790951858.047262 L 1000 1 1 16 0
1790951859.087292 L 1000 1 1 13 0
1790951860.127284 L 1000 1 1 12 0
1790951861.167279 L 1000 1 1 13 0
1790951862.311267 L 1000 1 1 14 0
1790951863.351284 L 1000 1 1 14 0
1790951864.391284 L 1000 1 1 14 0
1790951865.431289 L 1000 1 1 15 0
1790951866.575260 L 1000 1 1 4 0
1790951867.615285 L 1000 1 1 12 0
1790951868.655261 L 1000 1 1 15 0
1790951869.695284 L 1000 1 1 14 0
1790951870.839285 L 1000 1 1 8 0
1790951871.879266 L 1000 1 1 13 0
1790951872.919286 L 1000 1 1 13 0
1790951873.959419 L 1000 1 1 14 0
1790951875.103293 L 1000 1 1 11 0
1790951876.143263 L 1000 1 1 3 0
1790951877.183285 L 1000 1 1 3 0
1790951878.327268 L 1000 1 1 12 0
1790951879.367285 L 1000 1 1 15 0
1790951880.407264 L 1000 1 1 14 0
1790951881.447285 L 1000 1 1 13 0
1790951882.591266 L 1000 1 1 12 0
1790951883.635288 L 1000 1 1 3 0
1790951884.675285 L 1000 1 1 9 0
1790951885.715284 L 1000 1 1 13 0
1790951886.859285 L 1000 1 1 12 0
1790951887.899263 L 1000 1 1 21 0
1790951888.939287 L 1000 1 1 11 0
1790951889.979285 L 1000 1 1 14 0
1790951891.127284 L 1000 1 1 14 0
1790951892.167260 L 1000 1 1 6 0
1790951893.207282 L 1000 1 1 11 0
1790951894.247291 L 1000 1 1 14 0
1790951895.391285 L 1000 1 1 3 0
1790951896.435262 L 1000 1 1 11 0
1790951897.475284 L 1000 1 1 15 0
1790951898.515262 L 1000 1 1 14 0
1790951899.659286 L 1000 1 1 10 0
1790951900.699263 L 1000 1 1 11 0
1790951901.739284 L 1000 1 1 14 0
1790951902.779266 L 1000 1 1 12 0
1790951903.923281 L 1000 1 1 4 0
1790951904.963288 L 1000 1 1 14 0
1790951906.003261 L 1000 1 1 12 0
1790951907.043534 L 1000 1 1 8 0
1790951908.187265 L 1000 1 1 12 0
1790951909.231286 L 1000 1 1 16 0
1790951910.271263 L 1000 1 1 14 0
1790951911.311511 L 1000 1 1 12 0
1790951912.455261 L 1000 1 1 13 0
1790951913.495287 L 1000 1 1 15 0
1790951914.539284 L 1000 1 1 10 0
1790951915.579288 L 1000 1 1 11 0
1790951916.723267 L 1000 1 1 2 0
1790951917.763284 L 1000 1 1 14 0
1790951918.803262 L 1000 1 1 12 0
1790951919.951282 L 1000 1 1 13 0
1790951920.991284 L 1000 1 1 15 0
1790951922.031263 L 1000 1 1 11 0
1790951923.071286 L 1000 1 1 13 0
1790951924.215262 L 1000 1 1 2 0
1790951925.255294 L 1000 1 1 14 0
1790951926.295261 L 1000 1 1 12 0
1790951927.339282 L 1000 1 1 14 0
1790951928.483275 L 1000 1 1 13 0
1790951929.523288 L 1000 1 1 14 0
1790951930.563262 L 1000 1 1 13 0
1790951931.603285 L 1000 1 1 11 0
1790951932.747262 L 1000 1 1 13 0
1790951933.791283 L 1000 1 1 11 0
1790951934.831285 L 1000 1 1 14 0
1790951935.875286 L 1000 1 1 12 0
1790951937.019292 L 1000 1 1 15 0
1790951938.059263 L 1000 1 1 10 0
1790951939.099286 L 1000 1 1 14 0
1790951940.139294 L 1000 1 1 14 0
1790951941.287284 L 1000 1 1 12 0
1790951942.327260 L 1000 1 1 13 0
1790951943.367281 L 1000 1 1 15 0
1790951944.407286 L 1000 1 1 13 0
1790951945.551285 L 1000 1 1 13 0
1790951946.591260 L 1000 1 1 13 0
1790951947.631286 L 1000 1 1 9 0
1790951948.671267 L 1000 1 1 12 0
1790951949.819284 L 1000 1 1 5 0
1790951950.859264 L 1000 1 1 13 0
1790951951.899283 L 1000 1 1 3 0
1790951952.939407 L 1000 1 1 12 0
1790951954.083281 L 1000 1 1 3 0
1790951955.131282 L 1000 1 1 8 0
1790951956.171261 L 1000 1 1 13 0
1790951957.211286 L 1000 1 1 15 0
1790951958.355261 L 1000 1 1 7 0
1790951959.395293 L 1000 1 1 14 0
1790951960.435266 L 1000 1 1 17 0
1790951961.475555 L 1000 1 1 14 0
1790951962.619262 L 1000 1 1 14 0
1790951963.659280 L 1000 1 1 15 0
1790951964.699283 L 1000 1 1 14 0
1790951965.843284 L 1000 1 1 10 0
1790951966.883262 L 1000 1 1 13 0
1790951967.923283 L 1000 1 1 13 0
1790951968.963263 L 1000 1 1 14 0
1790951970.107288 L 1000 1 1 12 0
1790951971.147294 L 1000 1 1 2 0
1790951972.187262 L 1000 1 1 15 0
1790951973.227286 L 1000 1 1 10 0
1790951974.371284 L 1000 1 1 12 0
1790951975.415285 L 1000 1 1 14 0
1790951976.455267 L 1000 1 1 14 0
1790951977.495287 L 1000 1 1 12 0
1790951978.639261 L 1000 1 1 13 0
1790951979.683283 L 1000 1 1 12 0
1790951980.723263 L 1000 1 1 9 0
1790951981.763288 L 1000 1 1 11 0
1790951982.907260 L 1000 1 1 3 0
1790951983.947284 L 1000 1 1 6 0
1790951984.987284 L 1000 1 1 14 0
1790951986.031284 L 1000 1 1 12 0
1790951987.175283 L 1000 1 1 14 0
1790951988.215260 L 1000 1 1 9 0
1790951989.255292 L 1000 1 1 14 0
1790951990.295284 L 1000 1 1 3 0
1790951991.439281 L 1000 1 1 7 0
1790951992.479259 L 1000 1 1 13 0
1790951993.519284 L 1000 1 1 13 0
1790951994.559494 L 1000 1 1 14 0
1790951995.703281 L 1000 1 1 12 0
1790951996.743267 L 1000 1 1 15 0
1790951997.787283 L 1000 1 1 3 0
1790951998.827376 L 1000 1 1 10 0
1790951999.971285 L 1000 1 1 12 0
1790952001.011264 L 1000 1 1 3 0
1790952002.051280 L 1000 1 1 8 0
1790952003.195283 L 1000 1 1 12 0
1790952004.235265 L 1000 1 1 13 0
1790952005.275281 L 1000 1 1 18 0
1790952006.315259 L 1000 1 1 7 0
1790952007.459280 L 1000 1 1 13 0
1790952008.499262 L 1000 1 1 12 0
1790952009.539288 L 1000 1 1 3 0
1790952010.579263 L 1000 1 1 14 0
1790952011.727281 L 1000 1 1 13 0
1790952012.767264 L 1000 1 1 15 0
1790952013.807284 L 1000 1 1 5 0
1790952014.847285 L 1000 1 1 11 0
1790952015.991283 L 1000 1 1 13 0
1790952017.031262 L 1000 1 1 3 0
1790952018.071283 L 1000 1 1 14 0
1790952019.111265 L 1000 1 1 13 0
1790952020.255289 L 1000 1 1 14 0
1790952021.295292 L 1000 1 1 9 0
1790952022.335263 L 1000 1 1 14 0
1790952023.375526 L 1000 1 1 13 0
1790952024.519290 L 1000 1 1 16 0
1790952025.559282 L 1000 1 1 12 0
1790952026.599259 L 1000 1 1 13 0
1790952027.743284 L 1000 1 1 13 0
1790952028.783260 L 1000 1 1 8 0
1790952029.823285 L 1000 1 1 12 0
1790952030.863262 L 1000 1 1 13 0
1790952032.007282 L 1000 1 1 15 0
1790952033.047259 L 1000 1 1 12 0
1790952034.091287 L 1000 1 1 15 0
1790952035.131285 L 1000 1 1 14 0
1790952036.275286 L 1000 1 1 10 0
1790952037.315283 L 1000 1 1 3 0
1790952038.355266 L 1000 1 1 10 0
1790952039.395283 L 1000 1 1 7 0
1790952040.539284 L 1000 1 1 14 0
1790952041.579287 L 1000 1 1 13 0
1790952042.619265 L 1000 1 1 12 0
1790952043.659288 L 1000 1 1 11 0
1790952044.803300 L 1000 1 1 13 0
1790952045.847284 L 1000 1 1 15 0
1790952046.887261 L 1000 1 1 15 0
1790952047.927289 L 1000 1 1 13 0
1790952049.071264 L 1000 1 1 12 0
1790952050.111285 L 1000 1 1 16 0
1790952051.151264 L 1000 1 1 9 0
1790952052.191512 L 1000 1 1 14 0
1790952053.339284 L 1000 1 1 13 0
1790952054.379265 L 1000 1 1 6 0
1790952055.423284 L 1000 1 1 14 0
1790952056.463419 L 1000 1 1 14 0
1790952057.607281 L 1000 1 1 14 0
1790952058.647263 L 1000 1 1 9 0
1790952059.687287 L 1000 1 1 12 0
1790952060.727264 L 1000 1 1 15 0
1790952061.871283 L 1000 1 1 14 0
1790952062.911262 L 1000 1 1 3 0
1790952063.951284 L 1000 1 1 13 0
1790952065.095292 L 1000 1 1 13 0
1790952066.135283 L 1000 1 1 8 0
1790952067.175262 L 1000 1 1 12 0
1790952068.215287 L 1000 1 1 14 0
1790952069.359300 L 1000 1 1 16 0
1790952070.399283 L 1000 1 1 13 0
1790952071.439264 L 1000 1 1 13 0
1790952072.479285 L 1000 1 1 14 0
1790952073.623287 L 1000 1 1 7 0
1790952074.663288 L 1000 1 1 13 0
1790952075.703286 L 1000 1 1 13 0
1790952076.743274 L 1000 1 1 13 0
1790952077.887281 L 1000 1 1 6 0
1790952078.927266 L 1000 1 1 13 0
1790952079.967288 L 1000 1 1 13 0
1790952081.007370 L 1000 1 1 3 0
1790952082.151285 L 1000 1 1 12 0
1790952083.191260 L 1000 1 1 14 0
1790952084.231284 L 1000 1 1 13 0
1790952085.375284 L 1000 1 1 7 0
1790952086.415285 L 1000 1 1 12 0
1790952087.455263 L 1000 1 1 13 0
1790952088.495283 L 1000 1 1 14 0
1790952089.639287 L 1000 1 1 10 0
1790952090.679262 L 1000 1 1 12 0
1790952091.719285 L 1000 1 1 17 0
1790952092.759266 L 1000 1 1 13 0
1790952093.903282 L 1000 1 1 12 0
1790952094.943285 L 1000 1 1 12 0
1790952095.983286 L 1000 1 1 14 0
1790952097.023269 L 1000 1 1 13 0
1790952098.167283 L 1000 1 1 13 0
1790952099.207263 L 1000 1 1 14 0
1790952100.247285 L 1000 1 1 13 0
1790952101.287412 L 1000 1 1 12 0
1790952102.431284 L 1000 1 1 14 0
1790952103.471260 L 1000 1 1 14 0
1790952104.511285 L 1000 1 1 8 0
1790952105.655284 L 1000 1 1 13 0
1790952106.695262 L 1000 1 1 13 0
1790952107.735284 L 1000 1 1 3 0
1790952108.775262 L 1000 1 1 7 0
1790952109.919285 L 1000 1 1 12 0
1790952110.959264 L 1000 1 1 2 0
1790952111.999281 L 1000 1 1 8 0
1790952113.039259 L 1000 1 1 12 0
1790952114.183281 L 1000 1 1 16 0
1790952115.223291 L 1000 1 1 13 0
1790952116.263284 L 1000 1 1 13 0
1790952117.303263 L 1000 1 1 13 0
1790952118.447282 L 1000 1 1 14 0
1790952119.487261 L 1000 1 1 13 0
1790952120.527283 L 1000 1 1 14 0
1790952121.567400 L 1000 1 1 3 0
1790952122.711284 L 1000 1 1 7 0
1790952123.751286 L 1000 1 1 11 0
1790952124.795284 L 1000 1 1 12 0
1790952125.835558 L 1000 1 1 15 0
1790952126.979262 L 1000 1 1 14 0
1790952128.019284 L 1000 1 1 13 0
1790952129.059268 L 1000 1 1 13 0
1790952130.203282 L 1000 1 1 9 0
1790952131.243263 L 1000 1 1 13 0
1790952132.283287 L 1000 1 1 11 0
1790952133.323262 L 1000 1 1 13 0
1790952134.467282 L 1000 1 1 12 0
1790952135.507285 L 1000 1 1 16 0
1790952136.547285 L 1000 1 1 14 0
1790952137.587272 L 1000 1 1 7 0
1790952138.731283 L 1000 1 1 12 0
1790952139.771288 L 1000 1 1 14 0
1790952140.811282 L 1000 1 1 12 0
1790952141.851295 L 1000 1 1 14 0
1790952142.995262 L 1000 1 1 14 0
1790952144.039285 L 1000 1 1 4 0
1790952145.079285 L 1000 1 1 11 0
1790952146.119293 L 1000 1 1 11 0
1790952147.263259 L 1000 1 1 2 0
1790952148.303285 L 1000 1 1 8 0
1790952149.343267 L 1000 1 1 13 0
1790952150.387288 L 1000 1 1 14 0
1790952151.531260 L 1000 1 1 3 0
1790952152.571284 L 1000 1 1 12 0
1790952153.611263 L 1000 1 1 12 0
1790952154.655294 L 1000 1 1 14 0
1790952155.799262 L 1000 1 1 7 0
1790952156.839287 L 1000 1 1 11 0
1790952157.883290 L 1000 1 1 12 0
1790952158.923306 L 1000 1 1 12 0
1790952160.067287 L 1000 1 1 13 0
1790952161.107269 L 1000 1 1 14 0
1790952162.147297 L 1000 1 1 16 0
1790952163.187367 L 1000 1 1 10 0
1790952164.331285 L 1000 1 1 15 0
1790952165.371287 L 1000 1 1 15 0
1790952166.411288 L 1000 1 1 16 0
1790952167.555262 L 1000 1 1 13 0
1790952168.595285 L 1000 1 1 12 0
1790952169.635265 L 1000 1 1 16 0
1790952170.675290 L 1000 1 1 8 0
1790952171.819260 L 1000 1 1 13 0
1790952172.859281 L 1000 1 1 13 0
1790952173.899294 L 1000 1 1 2 0
1790952174.939286 L 1000 1 1 10 0
1790952176.083289 L 1000 1 1 13 0
1790952177.123268 L 1000 1 1 14 0
1790952178.163281 L 1000 1 1 16 0
1790952179.203262 L 1000 1 1 13 0
1790952180.351286 L 1000 1 1 15 0
1790952181.391262 L 1000 1 1 15 0
1790952182.431283 L 1000 1 1 12 0
1790952183.471263 L 1000 1 1 15 0
1790952184.615284 L 1000 1 1 4 0
1790952185.655284 L 1000 1 1 8 0
1790952186.695286 L 1000 1 1 14 0
1790952187.735385 L 1000 1 1 14 0
1790952188.883283 L 1000 1 1 14 0
1790952189.923282 L 1000 1 1 14 0
1790952190.963284 L 1000 1 1 13 0
1790952192.003629 L 1000 1 1 13 0
1790952193.147273 L 1000 1 1 13 0
1790952194.187284 L 1000 1 1 14 0
1790952195.227285 L 1000 1 1 13 0
1790952196.371285 L 1000 1 1 15 0
1790952197.411264 L 1000 1 1 14 0
1790952198.451283 L 1000 1 1 13 0
1790952199.491266 L 1000 1 1 14 0
1790952200.635283 L 1000 1 1 6 0
1790952201.675267 L 1000 1 1 13 0
1790952202.719283 L 1000 1 1 16 0
1790952203.759261 L 1000 1 1 14 0
1790952204.903292 L 1000 1 1 12 0
1790952205.943265 L 1000 1 1 12 0
1790952206.983283 L 1000 1 1 14 0
1790952208.023345 L 1000 1 1 14 0
1790952209.167263 L 1000 1 1 12 0
1790952210.207284 L 1000 1 1 14 0
1790952211.247265 L 1000 1 1 15 0
1790952212.287284 L 1000 1 1 12 0
1790952213.431265 L 1000 1 1 11 0
1790952214.471285 L 1000 1 1 3 0
1790952215.511285 L 1000 1 1 6 0
1790952216.551418 L 1000 1 1 12 0
1790952217.695266 L 1000 1 1 13 0
1790952218.735298 L 1000 1 1 13 0
1790952219.775291 L 1000 1 1 11 0
1790952220.919282 L 1000 1 1 13 0
1790952221.959263 L 1000 1 1 14 0
1790952222.999284 L 1000 1 1 9 0
1790952224.039262 L 1000 1 1 11 0
1790952225.183289 L 1000 1 1 12 0
1790952226.223286 L 1000 1 1 9 0
1790952227.263261 L 1000 1 1 13 0
1790952228.303284 L 1000 1 1 13 0
1790952229.447264 L 1000 1 1 11 0
1790952230.487284 L 1000 1 1 12 0
1790952231.527264 L 1000 1 1 12 0
1790952232.567285 L 1000 1 1 16 0
1790952233.711265 L 1000 1 1 3 0
1790952234.751312 L 1000 1 1 13 0
1790952235.791276 L 1000 1 1 13 0
1790952236.835286 L 1000 1 1 14 0
1790952237.979275 L 1000 1 1 12 0
1790952239.019285 L 1000 1 1 12 0
1790952240.059283 L 1000 1 1 12 0
1790952241.099519 L 1000 1 1 9 0
1790952242.243288 L 1000 1 1 12 0
1790952243.283264 L 1000 1 1 13 0
1790952244.323291 L 1000 1 1 12 0
1790952245.467283 L 1000 1 1 12 0
1790952246.507285 L 1000 1 1 12 0
1790952247.547263 L 1000 1 1 2 0
1790952248.587282 L 1000 1 1 3 0
1790952249.731266 L 1000 1 1 13 0
1790952250.771284 L 1000 1 1 13 0
1790952251.811263 L 1000 1 1 13 0
1790952252.851283 L 1000 1 1 8 0
1790952253.995263 L 1000 1 1 13 0
1790952255.035285 L 1000 1 1 12 0
1790952256.075264 L 1000 1 1 14 0
1790952257.115283 L 1000 1 1 11 0
1790952258.259294 L 1000 1 1 13 0
1790952259.299260 L 1000 1 1 17 0
1790952260.339285 L 1000 1 1 10 0
1790952261.379412 L 1000 1 1 13 0
1790952262.523282 L 1000 1 1 15 0
1790952263.563265 L 1000 1 1 13 0
1790952264.603285 L 1000 1 1 12 0
1790952265.747284 L 1000 1 1 14 0
1790952266.787287 L 1000 1 1 13 0
1790952267.827262 L 1000 1 1 9 0
1790952268.867292 L 1000 1 1 12 0
1790952270.011285 L 1000 1 1 12 0
1790952271.051283 L 1000 1 1 13 0
1790952272.091263 L 1000 1 1 11 0
1790952273.131283 L 1000 1 1 13 0
1790952274.275283 L 1000 1 1 12 0
1790952275.315283 L 1000 1 1 3 0
1790952276.355291 L 1000 1 1 11 0
1790952277.395263 L 1000 1 1 14 0
1790952278.539284 L 1000 1 1 14 0
1790952279.579261 L 1000 1 1 12 0
1790952280.619286 L 1000 1 1 12 0
1790952281.659437 L 1000 1 1 14 0
1790952282.803284 L 1000 1 1 10 0
1790952283.843260 L 1000 1 1 13 0
1790952284.883294 L 1000 1 1 14 0
1790952285.923360 L 1000 1 1 15 0
1790952287.067287 L 1000 1 1 13 0
1790952288.107267 L 1000 1 1 14 0
1790952289.147301 L 1000 1 1 14 0
1790952290.291286 L 1000 1 1 8 0
1790952291.331266 L 1000 1 1 13 0
1790952292.371295 L 1000 1 1 15 0
1790952293.411272 L 1000 1 1 15 0
1790952294.555282 L 1000 1 1 13 0
1790952295.599282 L 1000 1 1 13 0
1790952296.639286 L 1000 1 1 14 0
1790952297.679264 L 1000 1 1 9 0
1790952298.823283 L 1000 1 1 12 0
1790952299.867293 L 1000 1 1 13 0
1790952300.907284 L 1000 1 1 14 0
1790952301.947264 L 1000 1 1 13 0
1790952303.091283 L 1000 1 1 13 0
1790952304.131268 L 1000 1 1 15 0
1790952305.171284 L 1000 1 1 10 0
1790952306.211263 L 1000 1 1 13 0
1790952307.355284 L 1000 1 1 15 0
1790952308.395290 L 1000 1 1 8 0
1790952309.435262 L 1000 1 1 11 0
1790952310.475488 L 1000 1 1 12 0
1790952311.619264 L 1000 1 1 9 0
1790952312.663282 L 1000 1 1 11 0
1790952313.703260 L 1000 1 1 14 0
1790952314.743458 L 1000 1 1 4 0
1790952315.887285 L 1000 1 1 12 0
1790952316.931329 L 1000 1 1 14 0
1790952317.971271 L 1000 1 1 12 0
1790952319.011464 L 1000 1 1 4 0
1790952320.155286 L 1000 1 1 14 0
1790952321.195285 L 1000 1 1 13 0
1790952322.235264 L 1000 1 1 14 0
1790952323.379284 L 1000 1 1 11 0
1790952324.423284 L 1000 1 1 13 0
1790952325.463286 L 1000 1 1 14 0
1790952326.503288 L 1000 1 1 15 0
1790952327.647259 L 1000 1 1 12 0
1790952328.687285 L 1000 1 1 3 0
1790952329.727267 L 1000 1 1 13 0
1790952330.767288 L 1000 1 1 12 0
1790952331.911262 L 1000 1 1 12 0
1790952332.951283 L 1000 1 1 3 0
1790952333.991269 L 1000 1 1 15 0
1790952335.031294 L 1000 1 1 12 0
1790952336.175260 L 1000 1 1 13 0
1790952337.215282 L 1000 1 1 13 0
1790952338.255263 L 1000 1 1 9 0
1790952339.295283 L 1000 1 1 15 0
1790952340.443283 L 1000 1 1 13 0
1790952341.483262 L 1000 1 1 14 0
1790952342.523291 L 1000 1 1 9 0
1790952343.563265 L 1000 1 1 14 0
1790952344.707287 L 1000 1 1 14 0
1790952345.747285 L 1000 1 1 13 0
1790952346.787283 L 1000 1 1 12 0
1790952347.827397 L 1000 1 1 14 0
1790952348.975281 L 1000 1 1 13 0
1790952350.015287 L 1000 1 1 7 0
1790952351.055282 L 1000 1 1 12 0
1790952352.095389 L 1000 1 1 13 0
1790952353.239283 L 1000 1 1 13 0
1790952354.279260 L 1000 1 1 11 0
1790952355.319286 L 1000 1 1 12 0
1790952356.463261 L 1000 1 1 2 0
1790952357.503282 L 1000 1 1 15 0
1790952358.543289 L 1000 1 1 12 0
1790952359.583260 L 1000 1 1 13 0
1790952360.731281 L 1000 1 1 15 0
1790952361.771264 L 1000 1 1 14 0
1790952362.815283 L 1000 1 1 13 0
1790952363.855260 L 1000 1 1 14 0
1790952364.999297 L 1000 1 1 7 0
1790952366.039281 L 1000 1 1 14 0
1790952367.079285 L 1000 1 1 13 0
1790952368.119268 L 1000 1 1 13 0
1790952369.263286 L 1000 1 1 11 0
1790952370.303284 L 1000 1 1 12 0
1790952371.343280 L 1000 1 1 13 0
1790952372.383265 L 1000 1 1 13 0
1790952373.527282 L 1000 1 1 14 0
1790952374.567284 L 1000 1 1 13 0
1790952375.607286 L 1000 1 1 12 0
1790952376.647286 L 1000 1 1 11 0
1790952377.791263 L 1000 1 1 12 0
1790952378.831286 L 1000 1 1 12 0
1790952379.871262 L 1000 1 1 16 0
1790952380.911547 L 1000 1 1 12 0
1790952382.055264 L 1000 1 1 12 0
1790952383.095280 L 1000 1 1 16 0
1790952384.135261 L 1000 1 1 12 0
1790952385.279283 L 1000 1 1 13 0
1790952386.319264 L 1000 1 1 15 0
1790952387.359281 L 1000 1 1 8 0
1790952388.399261 L 1000 1 1 12 0
1790952389.543282 L 1000 1 1 15 0
1790952390.583298 L 1000 1 1 15 0
1790952391.623267 L 1000 1 1 12 0
1790952392.663294 L 1000 1 1 13 0
1790952393.807259 L 1000 1 1 14 0
1790952394.847288 L 1000 1 1 11 0
1790952395.891284 L 1000 1 1 13 0
1790952396.931297 L 1000 1 1 14 0
1790952398.075264 L 1000 1 1 14 0
1790952399.115279 L 1000 1 1 12 0
1790952400.155290 L 1000 1 1 13 0
1790952401.195291 L 1000 1 1 13 0
1790952402.339267 L 1000 1 1 8 0
1790952403.379284 L 1000 1 1 13 0
1790952404.419259 L 1000 1 1 12 0
1790952405.459383 L 1000 1 1 7 0
1790952406.603278 L 1000 1 1 16 0
1790952407.643285 L 1000 1 1 14 0
1790952408.683295 L 1000 1 1 13 0
1790952409.827263 L 1000 1 1 13 0
1790952410.867285 L 1000 1 1 14 0
1790952411.907261 L 1000 1 1 14 0
1790952412.947285 L 1000 1 1 9 0
1790952414.091271 L 1000 1 1 13 0
1790952415.131285 L 1000 1 1 15 0
1790952416.171268 L 1000 1 1 4 0
1790952417.211288 L 1000 1 1 13 0
1790952418.355266 L 1000 1 1 13 0
1790952419.395283 L 1000 1 1 3 0
1790952420.435285 L 1000 1 1 13 0
1790952421.475282 L 1000 1 1 13 0
1790952422.619262 L 1000 1 1 12 0
1790952423.659283 L 1000 1 1 3 0
1790952424.699286 L 1000 1 1 8 0
1790952425.739560 L 1000 1 1 12 0
1790952426.883287 L 1000 1 1 15 0
1790952427.923272 L 1000 1 1 15 0
1790952428.963284 L 1000 1 1 11 0
1790952430.107293 L 1000 1 1 13 0
1790952431.147289 L 1000 1 1 13 0
1790952432.187266 L 1000 1 1 3 0
1790952433.227284 L 1000 1 1 12 0
1790952434.371269 L 1000 1 1 14 0
1790952435.411284 L 1000 1 1 15 0
1790952436.451260 L 1000 1 1 13 0
1790952437.491286 L 1000 1 1 13 0
1790952438.635262 L 1000 1 1 13 0
1790952439.679281 L 1000 1 1 12 0
1790952440.719286 L 1000 1 1 14 0
1790952441.759285 L 1000 1 1 15 0
1790952442.903284 L 1000 1 1 8 0
1790952443.947262 L 1000 1 1 12 0
1790952444.987285 L 1000 1 1 12 0
1790952446.027287 L 1000 1 1 16 0
1790952447.171286 L 1000 1 1 13 0
1790952448.211276 L 1000 1 1 13 0
1790952449.251303 L 1000 1 1 15 0
1790952450.291286 L 1000 1 1 12 0
1790952451.435287 L 1000 1 1 13 0
1790952452.475265 L 1000 1 1 13 0
1790952453.515287 L 1000 1 1 14 0
1790952454.555374 L 1000 1 1 12 0
1790952455.699286 L 1000 1 1 3 0
1790952456.739291 L 1000 1 1 5 0
1790952457.783297 L 1000 1 1 10 0
1790952458.823618 L 1000 1 1 13 0
1790952459.967266 L 1000 1 1 15 0
1790952461.007282 L 1000 1 1 10 0
1790952462.047264 L 1000 1 1 15 0
1790952463.191282 L 1000 1 1 12 0
1790952464.231260 L 1000 1 1 15 0
1790952465.167320 Closing cell "linux-guest"
1790952465.167379 [MG] Initializing memguard on CPU 3
1790952465.167404 [SMMUv2] Exiting SMMUv2 on cell 1
1790952465.167455 [COL] Colored OP 1: PHYS 0x30000000 -> VIRT 0x30000000 (SIZE: 0x02000000, COL: 0x000000ff, extra: 0x0000000000000000)
1790952465.167475 [COL] Result: 0
1790952465.167524 [COL] Colored OP 4: PHYS 0x30000000 -> VIRT 0x30000000 (SIZE: 0x02000000, COL: 0x000000ff, extra: 0x0000000000000001)
1790952465.167544 [COL] Result: 0
1790952465.167577 Page pool usage after cell destruction: mem 142/4061, remap 5/131072
1790952465.167602 [MG] Initializing memguard on CPU 3
1790952465.271359 [MG] Initializing memguard on CPU 3
1790952465.271456 [COL] Colored OP 0: PHYS 0x30000000 -> VIRT 0x00000000 (SIZE: 0x00400000, COL: 0x000000ff, extra: 0x0000000000000000)
1790952465.271481 [COL] Result: 0
1790952465.271510 [MG] Initializing memguard on CPU 3
1790952465.271534 Created cell "rt-bench"
1790952465.271573 Page pool usage after cell creation: mem 155/4061, remap 5/131072
