1790950844.459018 801191 780880 798090
1790950849.473496 801536 781263 798550
1790950854.622478 801748 781477 798777
1790950859.750409 801948 781719 798981
1790950864.904395 802142 781908 799184
1790950870.026357 802355 782086 799361
1790950875.152328 802547 782263 799541
1790950880.280323 802771 782495 799782
1790950885.414270 802946 782720 799960
1790950890.540247 803143 782894 800141
1790950895.663216 803389 783140 800376
1790950900.783197 803592 783329 800542
1790950905.913151 803811 783511 800731
1790950911.046297 804406 784063 801369
1790950916.509130 805405 784588 801844
1790950921.654051 805922 784815 802848
1790950926.825049 806507 785312 803594
1790950931.990021 807575 785768 804092
1790950937.233994 808108 786104 805149
1790950942.398974 808775 786804 805920
1790950947.565971 809832 787472 806687
1790950952.932950 810936 788175 807689
1790950958.157847 811854 789095 808767
1790950963.405867 812667 790021 809596
1790950968.566841 813747 790734 810221
1790950973.925774 814345 791426 811103
1790950979.301732 815708 792772 812445
1790950984.729765 817079 794126 813808
1790950990.157701 818445 795480 815165
1790950995.545645 819804 796827 816517
1790951000.962666 821167 798186 817879
1790951006.361714 822526 799537 819231
1790951011.829634 823918 800915 820611
1790951017.273534 825276 802268 821967
1790951022.681557 826644 803622 823325
1790951028.030526 827988 804954 824660
1790951033.456496 829251 806216 825928
1790951038.601426 830179 807125 826860
1790951043.985414 831533 808467 828206
1790951049.316413 832883 809806 829543
1790951054.700368 834243 811154 830892
1790951060.030331 835585 812484 832222
1790951065.486322 836962 813850 833590
1790951070.761250 838290 815168 834913
1790951076.109277 839642 816510 836255
1790951081.485303 841002 817857 837606
1790951086.834310 842349 819192 838942
1790951092.217261 843709 820543 840295
1790951097.635151 844637 821457 841244
1790951102.757457 844886 821640 841469
1790951107.766059 845027 821706 841544
1790951112.774047 845187 821772 841617
1790951117.782250 845331 821821 841687
1790951122.790665 845481 821885 841763
1790951127.798795 845631 821932 841824
1790951132.806852 845791 821994 841903
1790951137.814592 845919 822056 841966
1790951142.822277 846065 822136 842041
1790951147.830165 846212 822175 842105
1790951152.838120 846373 822249 842184
1790951157.846037 846521 822303 842260
1790951162.853887 846687 822365 842342
1790951167.862191 846832 822424 842413
1790951172.870250 846989 822487 842496
1790951177.876030 847130 822556 842572
1790951182.883786 847236 822620 842696
1790951187.891733 847337 822712 842781
1790951192.899834 847452 822816 842861
1790951197.909165 847552 822922 842930
1790951202.917296 847656 823026 843007
1790951207.925236 847751 823123 843067
1790951212.933127 847861 823233 843145
1790951217.940950 847943 823344 843196
1790951222.948931 848042 823470 843279
1790951227.956846 848165 823547 843337
1790951232.964624 848310 823632 843419
1790951237.972355 848421 823726 843486
1790951242.980148 848528 823851 843554
1790951247.987773 848609 823961 843624
1790951252.996302 848706 824089 843706
1790951258.004360 848795 824216 843770
1790951263.012385 848907 824362 843854
1790951268.020303 848992 824482 843926
1790951273.028401 849126 824563 843999
1790951278.036386 849261 824625 844064
1790951283.044491 849393 824710 844146
1790951288.052510 849521 824775 844211
1790951293.063237 849674 824851 844295
1790951298.071108 849771 824941 844368
1790951303.078943 849909 825019 844462
1790951308.087143 850034 825073 844538
1790951313.095327 850148 825164 844631
1790951318.103267 850273 825225 844711
1790951323.111309 850415 825295 844781
1790951328.119171 850534 825387 844853
1790951333.127080 850644 825508 844943
1790951338.135099 850732 825609 845015
1790951343.142594 850841 825722 845088
1790951348.150264 850933 825807 845149
1790951353.157919 851038 825913 845215
1790951358.165708 851192 825983 845276
1790951363.173547 851334 826046 845344
1790951368.181446 851462 826112 845409
1790951373.189236 851598 826202 845484
1790951378.237751 851720 826270 845554
1790951383.245455 851860 826353 845630
1790951388.254287 851956 826458 845693
1790951393.262542 852059 826573 845770
1790951398.270352 852152 826689 845843
1790951403.278040 852257 826806 845911
1790951408.287781 852355 826907 845974
1790951413.295528 852459 827033 846068
1790951418.303175 852550 827154 846135
1790951423.310919 852661 827281 846211
1790951428.318506 852738 827390 846270
1790951433.326267 852838 827502 846353
1790951438.333854 852937 827608 846431
1790951443.383110 853060 827727 846518
1790951448.390767 853140 827822 846595
1790951453.398245 853254 827951 846698
1790951458.406141 853342 828051 846776
1790951463.413874 853433 828174 846876
1790951468.421709 853516 828267 846953
1790951473.429397 853635 828385 847050
1790951478.437073 853724 828480 847124
1790951483.444562 853816 828596 847206
1790951488.452465 853904 828703 847279
1790951493.460174 853989 828819 847368
1790951498.469923 854066 828917 847416
1790951503.477594 854188 828998 847478
1790951508.485529 854308 829069 847557
1790951513.493010 854439 829139 847641
1790951518.501409 854563 829208 847712
1790951523.509101 854653 829292 847780
1790951528.517499 854735 829402 847861
1790951533.525585 854807 829509 847934
1790951538.533561 854906 829635 848010
1790951543.541643 854984 829748 848091
1790951548.549721 855066 829861 848179
1790951553.557683 855142 829965 848253
1790951558.606750 855230 830074 848337
1790951563.614770 855314 830177 848414
1790951568.622843 855405 830291 848507
1790951573.630742 855489 830402 848588
1790951578.638779 855575 830489 848705
1790951583.646812 855658 830530 848823
1790951588.655108 855757 830593 848960
1790951593.663316 855841 830645 849086
1790951598.671329 855936 830717 849215
1790951603.679378 856025 830778 849331
1790951608.687445 856114 830857 849467
1790951613.695160 856191 830924 849603
1790951618.703206 856279 830989 849738
1790951623.711223 856368 831046 849854
1790951628.719243 856469 831131 849972
1790951633.727224 856573 831203 850087
1790951638.735080 856714 831279 850175
1790951643.743081 856857 831345 850243
1790951648.751433 856988 831434 850337
1790951653.759348 857121 831512 850408
1790951658.767082 857218 831646 850484
1790951663.775256 857298 831743 850546
1790951668.783147 857424 831837 850626
1790951673.791061 857559 831895 850693
1790951678.799018 857702 831966 850756
1790951683.806907 857832 832026 850819
1790951688.814760 857992 832105 850899
1790951693.822906 858128 832175 850963
1790951698.830997 858281 832253 851033
1790951703.839261 858419 832318 851097
1790951708.847138 858520 832423 851177
1790951713.855273 858649 832464 851236
1790951718.863363 858814 832532 851313
1790951723.871409 858946 832579 851383
1790951728.879386 859092 832636 851467
1790951733.887459 859212 832676 851544
1790951738.895448 859322 832734 851674
1790951743.903538 859423 832787 851800
1790951748.911604 859569 832851 851888
1790951753.919604 859697 832907 851983
1790951758.927650 859808 832966 852110
1790951763.935612 859941 833007 852182
1790951768.943306 860079 833071 852290
1790951773.950759 860166 833133 852391
1790951778.958544 860265 833248 852463
1790951783.966372 860347 833352 852523
1790951788.974240 860446 833457 852606
1790951793.982037 860534 833545 852683
1790951798.989770 860635 833657 852773
1790951803.997271 860730 833749 852854
1790951809.005153 860820 833861 852937
1790951814.012903 860903 833959 853004
1790951819.020706 861020 834076 853087
1790951824.028288 861121 834176 853154
1790951829.036501 861231 834331 853232
1790951834.044356 861354 834479 853304
1790951839.052576 861532 834600 853383
1790951844.060576 861647 834697 853486
1790951849.068826 861768 834853 853570
1790951854.117680 861869 835004 853650
1790951859.126723 861973 835181 853743
1790951864.134948 862052 835340 853815
1790951869.143109 862159 835454 853961
1790951874.151074 862244 835534 854104
1790951879.159193 862342 835625 854265
1790951884.167201 862434 835729 854394
1790951889.175503 862529 835900 854481
1790951894.185522 862611 836059 854540
1790951899.193443 862726 836228 854630
1790951904.201366 862812 836377 854699
1790951909.209489 862914 836529 854792
1790951914.218656 863010 836675 854862
1790951919.226438 863117 836826 854953
1790951924.234031 863195 836978 855013
1790951929.242120 863296 837120 855110
1790951934.249726 863389 837214 855250
1790951939.257657 863496 837342 855360
1790951944.265453 863584 837497 855428
1790951949.273393 863683 837662 855516
1790951954.281020 863768 837801 855588
1790951959.288873 863852 837965 855663
1790951964.296485 863952 838117 855742
1790951969.304289 864042 838271 855836
1790951974.328620 864125 838418 855899
1790951979.337077 864215 838576 855990
1790951984.345078 864319 838719 856045
1790951989.353303 864432 838881 856117
1790951994.361513 864532 839018 856175
1790951999.369702 864647 839167 856256
1790952004.377794 864742 839297 856322
1790952009.386035 864857 839440 856407
1790952014.394200 864952 839569 856478
1790952019.402629 865062 839716 856557
1790952024.410679 865150 839853 856632
1790952029.418677 865251 840001 856718
1790952034.426776 865337 840124 856817
1790952039.434755 865427 840211 856966
1790952044.442607 865512 840284 857107
1790952049.450547 865641 840350 857254
1790952054.458433 865741 840391 857393
1790952059.466379 865850 840455 857552
1790952064.474223 865960 840512 857702
1790952069.482294 866074 840576 857864
1790952074.492819 866195 840630 858001
1790952079.500742 866311 840678 858143
1790952084.509696 866411 840737 858279
1790952089.517780 866526 840794 858428
1790952094.526398 866676 840842 858528
1790952099.534212 866761 840882 858671
1790952104.542286 866848 840940 858827
1790952109.550186 866930 840996 858979
1790952114.558135 867036 841076 859143
1790952119.566164 867118 841138 859283
1790952124.573991 867217 841224 859441
1790952129.582066 867324 841281 859584
1790952134.590146 867413 841356 859743
1790952139.598118 867493 841453 859849
1790952144.606103 867610 841576 859957
1790952149.614251 867766 841624 860046
1790952154.622215 867924 841691 860144
1790952159.630075 868070 841739 860229
1790952164.638011 868231 841798 860332
1790952169.646064 868372 841840 860420
1790952174.654122 868535 841899 860517
1790952179.662054 868661 841948 860634
1790952184.670135 868778 842014 860799
1790952189.678036 868886 842061 860935
1790952194.685918 869006 842130 861082
1790952199.693888 869090 842171 861220
1790952204.702014 869191 842235 861363
1790952209.709937 869290 842281 861505
1790952214.717915 869395 842347 861650
1790952219.725844 869480 842395 861787
1790952224.733813 869588 842464 861936
1790952229.741751 869692 842522 862067
1790952234.749946 869797 842601 862223
1790952239.758033 869888 842694 862331
1790952244.766113 869989 842806 862429
1790952249.773885 870082 842874 862557
1790952254.781531 870191 842950 862701
1790952259.789191 870294 843012 862833
1790952264.796902 870406 843068 862973
1790952269.804533 870519 843115 863091
1790952274.815762 870635 843165 863230
1790952279.823685 870736 843207 863353
1790952284.831258 870902 843258 863439
1790952289.838913 871048 843306 863519
1790952294.846518 871194 843380 863613
1790952299.854402 871301 843494 863685
1790952304.861882 871416 843612 863760
1790952309.869622 871526 843720 863838
1790952314.877359 871641 843827 863927
1790952319.885295 871761 843903 864013
1790952324.893021 871910 843956 864105
1790952329.941683 872050 844029 864191
1790952334.949288 872180 844128 864282
1790952339.957042 872254 844250 864350
1790952344.964649 872361 844367 864441
1790952349.972385 872455 844476 864528
1790952354.979993 872549 844598 864626
1790952359.987628 872649 844705 864705
1790952364.995170 872749 844819 864803
1790952370.002854 872834 844935 864882
1790952375.010443 872946 845065 864982
1790952380.018070 873036 845176 865051
1790952385.025506 873132 845299 865143
1790952390.033166 873217 845406 865217
1790952395.040761 873324 845524 865316
1790952400.048409 873408 845634 865399
1790952405.056010 873509 845724 865536
1790952410.064028 873661 845789 865597
1790952415.071919 873812 845854 865679
1790952420.079787 873941 845923 865756
1790952425.087556 874095 846004 865855
1790952430.095538 874204 846071 865964
1790952435.103409 874298 846148 866111
1790952440.111427 874391 846217 866241
1790952445.120977 874485 846283 866380
1790952450.128828 874585 846354 866539
1790952455.136324 874673 846417 866676
1790952460.143859 874824 846559 866880
1790952465.151476 874973 846644 867059
