1790357806.051815 <missed 34590 bytes of console log>
1790357806.051919 409703 resp 413111 1000 pmu 1007377 934312 8389434 12424798 902124996
1790357806.051985 W 184 lat 1833 3518 7092 0 exe 259666 347296 424129 resp 429407 1000 pmu 1012032 940952 8417261 12356494 908260681
1790357806.052039 W 185 lat 1129 3462 7166 0 exe 125999 345129 418277 resp 423351 1000 pmu 1009220 936365 8402463 13127246 903399214
1790357806.052091 W 186 lat 1296 3444 6222 0 exe 138148 341574 417999 resp 420944 1000 pmu 1001584 933796 8333019 12385124 894352035
1790357806.052143 W 187 lat 1407 3444 6518 0 exe 166648 346462 406166 resp 410481 1000 pmu 1010751 941238 8413914 12410669 906328868
1790357806.052195 W 188 lat 1277 3425 6425 0 exe 202759 346111 450592 resp 453259 1000 pmu 1013010 939287 8426677 12468106 905794524
1790357806.052247 W 189 lat 1314 3444 6444 0 exe 126055 342462 421611 resp 426777 1000 pmu 1002501 930540 8351073 13081825 896726309
1790357806.052296 W 190 lat 277 1388 6111 0 exe 5592 120555 404407 resp 407611 336 pmu 344550 319458 2861262 12401006 318111550
1790357806.052341 W 191 lat 277 296 351 0 exe 5592 5722 31074 resp 31407 0 pmu 1982 1142 20695 10488908 18176472
1790357806.052362 Closing cell "rt-bench"
1790357806.052385 [MG] Initializing memguard on CPU 3
1790357806.052408 [SMMUv2] Exiting SMMUv2 on cell 1
1790357806.052471 Page pool usage after cell destruction: mem 83/4061, remap 5/131072
1790357806.052496 [MG] Initializing memguard on CPU 3
1790357806.052519 [MG] Initializing memguard on CPU 3
1790357806.052570 [COL] Colored OP 0: PHYS 0x30000000 -> VIRT 0x00000000 (SIZE: 0x00400000, COL: 0x000000ff, extra: 0x0000000000000000)
1790357806.052588 [COL] Result: 0
1790357806.052611 [MG] Initializing memguard on CPU 3
1790357806.052630 Created cell "rt-bench"
1790357806.052663 Page pool usage after cell creation: mem 98/4061, remap 5/131072
1790357806.052687 [MG] Initializing memguard on CPU 3
1790357806.052737 [COL] Colored OP 3: PHYS 0x30000000 -> VIRT 0x00000000 (SIZE: 0x00400000, COL: 0x000000ff, extra: 0x0000000000000000)
1790357806.052756 [COL] Result: 0
1790357806.052776 Cell "rt-bench" can be loaded
1790357806.052827 [COL] Colored OP 2: PHYS 0x30000000 -> VIRT 0x00000000 (SIZE: 0x00400000, COL: 0x000000ff, extra: 0x0000000000000000)
1790357806.052845 [COL] Result: 0
1790357806.052895 [COL] Colored OP 4: PHYS 0x30000000 -> VIRT 0x00000000 (SIZE: 0x00400000, COL: 0x000000ff, extra: 0x0000000000000001)
1790357806.052913 [COL] Result: 0
1790357806.052931 Started cell "rt-bench"
1790357806.052954 [MG] Initializing memguard on CPU 3
1790357806.052983 rt-bench: ws 256 KB, 1024 loads/period, window 1000
1790357807.088515 W 0 lat 314 462 1351 0 exe 8203 10851 135407 resp 136759 1 pmu 56350 14029 487768 5307524 21094325
1790357808.128466 W 1 lat 296 296 1018 0 exe 5777 6629 70240 resp 70777 0 pmu 44569 5186 388790 7225588 18469054
1790357809.064493 W 2 lat 296 296 481 0 exe 5814 6277 60203 resp 60499 0 pmu 39061 3551 336059 6534074 17326406
1790357810.104479 W 3 lat 296 296 314 0 exe 5796 5999 13611 resp 13907 0 pmu 37960 404 335588 6428059 16012323
1790357811.040491 W 4 lat 277 296 388 0 exe 5796 6277 66074 resp 66370 0 pmu 40072 3389 351724 5959799 17014256
1790357812.080518 W 5 lat 296 296 314 0 exe 5777 5907 9444 resp 9740 0 pmu 31266 189 279744 6486330 15767491
1790357813.036642 W 6 lat 277 537 4611 0 exe 5814 19666 270796 resp 275407 16 pmu 141242 57379 1182168 5917717 114803894
1790357814.076540 W 7 lat 277 296 3592 0 exe 5777 6740 182685 resp 186203 5 pmu 36798 4264 319246 8644837 20367693
1790357815.120497 W 8 lat 296 296 1351 0 exe 5759 7277 70685 resp 71055 0 pmu 61906 12369 529386 7686977 22766271
1790357816.056462 W 9 lat 296 296 314 0 exe 5796 5944 8888 resp 9185 0 pmu 33800 201 297762 6542683 15867408
1790357817.096491 W 10 lat 296 296 462 0 exe 5759 6259 62444 resp 62740 0 pmu 38841 3378 343828 5912254 16918774
1790357818.032470 W 11 lat 296 296 407 0 exe 5777 5962 8796 resp 9092 0 pmu 36307 214 321423 6450131 15889455
1790357819.072498 W 12 lat 296 296 444 0 exe 5759 6277 73185 resp 73629 0 pmu 38406 3664 336988 5911818 16995574
1790357820.112478 W 13 lat 296 296 314 0 exe 5796 5981 8537 resp 8833 0 pmu 39100 136 345328 6558403 15957749
1790357821.048485 W 14 lat 296 296 499 0 exe 5796 6296 74629 resp 75129 0 pmu 39969 3706 353153 5909011 17055591
1790357822.088467 W 15 lat 296 296 314 0 exe 5796 5944 9129 resp 9425 0 pmu 34592 210 303252 6573639 15930966
1790357823.128496 W 16 lat 277 296 425 0 exe 5796 6296 69870 resp 70166 0 pmu 38855 3608 338716 5914721 17002229
1790357824.064466 W 17 lat 296 296 314 0 exe 5759 5944 8907 resp 9203 0 pmu 33997 241 302340 6524520 15870351
1790357825.104489 W 18 lat 277 296 537 0 exe 5740 6222 57444 resp 57759 0 pmu 35786 3274 316816 5912226 16795412
1790357826.040461 W 19 lat 296 296 314 0 exe 5759 5925 9648 resp 9944 0 pmu 32321 211 284508 6400327 15746894
1790357827.080486 W 20 lat 296 296 407 0 exe 5740 6222 64462 resp 64759 0 pmu 34600 3315 303547 5919565 16830276
1790357828.120465 W 21 lat 296 296 314 0 exe 5777 5925 9370 resp 9666 0 pmu 32390 188 285772 6469699 15764722
1790357829.056490 W 22 lat 277 296 518 0 exe 5796 6240 68666 resp 69129 0 pmu 36500 3395 322180 5917080 16879180
1790357830.096468 W 23 lat 277 296 740 0 exe 5814 5925 8555 resp 9296 0 pmu 31944 192 282188 6513400 15819454
1790357831.032487 W 24 lat 277 296 462 0 exe 5777 6222 65870 resp 66333 0 pmu 34563 3150 305460 5913137 16756695
1790357832.072460 W 25 lat 296 296 314 0 exe 5814 5944 9407 resp 9703 0 pmu 34041 151 299600 6485112 15804594
1790357833.112491 W 26 lat 277 296 425 0 exe 5759 6259 63722 resp 64148 0 pmu 36352 3726 318114 5917411 16951377
1790357834.048463 W 27 lat 277 296 314 0 exe 5685 5907 8518 resp 8814 0 pmu 30818 169 277422 6463362 15723600
1790357835.088494 W 28 lat 296 296 462 0 exe 5740 6222 60074 resp 60370 0 pmu 36149 3321 321451 5907741 16818272
1790357836.128466 W 29 lat 277 296 314 0 exe 5814 5962 9518 resp 9814 0 pmu 36878 181 327956 6426007 15862615
1790357837.064489 W 30 lat 296 296 444 0 exe 5814 6314 71166 resp 71574 0 pmu 41527 3434 366886 5918701 17025483
1790357838.104461 W 31 lat 296 296 314 0 exe 5833 5962 8629 resp 8925 0 pmu 37688 171 331049 6538321 15936820
1790357839.040488 W 32 lat 296 296 425 0 exe 5722 6222 64592 resp 64962 0 pmu 35132 3323 311719 5909962 16827750
1790357840.080461 W 33 lat 296 296 314 0 exe 5796 5944 8537 resp 8833 0 pmu 36002 167 315034 6471397 15839839
1790357841.124489 W 34 lat 277 296 666 0 exe 5759 6259 65722 resp 66388 0 pmu 36439 3556 315366 5908845 16892284
1790357842.060465 W 35 lat 277 296 314 0 exe 5796 5962 9092 resp 9407 0 pmu 35618 204 314132 6485860 15888385
1790357843.100487 W 36 lat 277 296 629 0 exe 5777 6240 61944 resp 62314 0 pmu 37602 3414 332918 5914412 16839786
1790357844.036458 W 37 lat 277 296 314 0 exe 5777 5962 8759 resp 9055 0 pmu 37100 173 328816 6446255 15865834
1790357845.076486 W 38 lat 296 296 407 0 exe 5740 6240 59703 resp 59999 0 pmu 36627 3322 320653 5911016 16842034
1790357846.116463 W 39 lat 296 296 314 0 exe 5759 5962 8203 resp 8499 0 pmu 35909 219 319293 6422172 15833972
1790357847.052489 W 40 lat 296 296 407 0 exe 5759 6222 66999 resp 67314 0 pmu 37943 3251 330421 5905376 16837509
1790357848.092467 W 41 lat 296 296 314 0 exe 5740 5962 8518 resp 8814 0 pmu 36042 186 321997 6495348 15881296
1790357849.028488 W 42 lat 296 296 425 0 exe 5814 6259 61481 resp 61796 0 pmu 39725 3189 350080 5908349 16880402
1790357850.068460 W 43 lat 296 296 314 0 exe 5796 5944 8296 resp 8592 0 pmu 33257 158 293981 6440558 15780728
1790357851.108487 W 44 lat 277 296 796 0 exe 5814 6296 65351 resp 65777 0 pmu 40450 3480 348968 5906425 16973779
1790357852.044462 W 45 lat 296 296 314 0 exe 5796 5944 8388 resp 8685 0 pmu 35427 169 309370 6482035 15852013
1790357853.084497 W 46 lat 296 296 555 0 exe 5796 6240 57166 resp 57518 0 pmu 38446 3164 334416 5907291 16832333
1790357854.124467 W 47 lat 277 296 407 0 exe 5740 5925 8388 resp 8685 0 pmu 32448 218 288694 6398239 15768222
1790357855.060490 W 48 lat 277 296 444 0 exe 5796 6240 63148 resp 63499 0 pmu 38313 3373 338513 5907334 16883894
1790357856.100467 W 49 lat 277 296 333 0 exe 5759 5925 8407 resp 8703 0 pmu 33464 156 297520 6457395 15774398
1790357857.036490 W 50 lat 296 296 425 0 exe 5740 6296 67166 resp 67481 0 pmu 40500 3572 357420 5907360 17007512
1790357858.076463 W 51 lat 296 296 407 0 exe 5740 5944 8166 resp 8462 0 pmu 33789 195 297484 6497262 15829738
1790357859.116489 W 52 lat 296 296 703 0 exe 5796 6240 65666 resp 66370 0 pmu 36444 3422 321329 5905343 16845817
1790357860.052467 W 53 lat 296 296 314 0 exe 5796 5925 8388 resp 8685 0 pmu 32883 205 289576 6485706 15823756
1790357861.092488 W 54 lat 296 296 499 0 exe 5777 6259 70277 resp 70574 0 pmu 36556 3414 319538 5907309 16888905
1790357862.028462 W 55 lat 296 296 314 0 exe 5777 5907 8888 resp 9185 0 pmu 30189 168 275927 6528876 15774209
1790357863.068489 W 56 lat 277 296 388 0 exe 5777 6240 63851 resp 64166 0 pmu 36412 3327 324360 5912138 16841865
1790357864.108464 W 57 lat 296 296 407 0 exe 5796 5962 8759 resp 9055 0 pmu 36759 173 326440 6463850 15873479
1790357865.044488 W 58 lat 296 296 425 0 exe 5777 6240 58351 resp 58685 0 pmu 38689 3193 340088 5911737 16808386
1790357866.084479 W 59 lat 277 296 314 0 exe 5777 5925 7981 resp 8277 0 pmu 32843 170 296017 6409232 15772960
1790357867.124510 W 60 lat 296 296 333 0 exe 5759 6222 63851 resp 64166 0 pmu 36400 3313 322720 5903038 16826028
1790357868.060465 W 61 lat 296 296 407 0 exe 5796 5907 8796 resp 9203 0 pmu 31275 190 280059 6463325 15747559
1790357869.100501 W 62 lat 296 296 518 0 exe 5759 6240 70203 resp 70703 0 pmu 34566 3523 304616 5912275 16871667
1790357870.036464 W 63 lat 296 296 314 0 exe 5777 5925 8888 resp 9185 0 pmu 33528 191 300605 6528920 15845128
1790357871.076515 W 64 lat 296 296 425 0 exe 5759 6240 65740 resp 66037 0 pmu 37075 3208 323126 5912060 16857042
1790357872.116484 W 65 lat 277 296 314 0 exe 5814 5981 12111 resp 12407 0 pmu 36582 349 320497 6482749 15960797
1790357873.052492 W 66 lat 296 296 370 0 exe 5703 6277 74259 resp 74629 0 pmu 38545 3465 336448 5944787 16969064
1790357874.092465 W 67 lat 296 296 333 0 exe 5740 5944 7833 resp 8129 0 pmu 34888 209 309652 6568175 15902267
1790357875.028491 W 68 lat 277 296 629 0 exe 5777 6388 59129 resp 59555 0 pmu 39878 4856 352871 5901607 17521083
1790357876.068463 W 69 lat 296 296 314 0 exe 5777 5907 9074 resp 9370 0 pmu 30322 148 266744 6419241 15676609
1790357877.116593 W 70 lat 296 1833 9259 0 exe 5833 67740 452296 resp 455648 243 pmu 199267 158825 1669687 5914698 193926051
1790357878.068575 W 71 lat 296 3203 9981 0 exe 7666 109314 340981 resp 346037 693 pmu 250901 236015 2110758 10726131 317621609
1790357879.112660 W 72 lat 407 3111 9481 0 exe 8444 104277 411129 resp 416648 578 pmu 245028 228916 2056877 9848489 297642032
1790357880.064907 W 73 lat 296 3092 8407 0 exe 7370 91574 322796 resp 326370 559 pmu 222309 205216 1875802 10528539 274008726
1790357881.116576 W 74 lat 296 2481 7055 0 exe 6703 70425 396574 resp 400851 325 pmu 167069 143089 1409896 9559933 207561601
1790357882.056721 W 75 lat 314 3166 8648 0 exe 7648 98444 342240 resp 348185 581 pmu 234509 217694 1975175 10183067 288762852
1790357883.104774 W 76 lat 296 2740 7759 0 exe 6370 80962 306685 resp 310185 427 pmu 204115 184143 1715417 9803959 244183265
1790357884.044694 W 77 lat 296 2888 9314 0 exe 7222 84907 289611 resp 294074 491 pmu 201918 184103 1702665 9335818 246939812
1790357885.096859 W 78 lat 333 3333 9037 0 exe 7685 117759 476666 resp 480759 632 pmu 274382 258864 2297522 9202813 336061087
1790357886.040759 W 79 lat 296 3314 8814 0 exe 7185 112870 320296 resp 325574 703 pmu 256446 243178 2154850 11239549 325335140
1790357887.100520 W 80 lat 351 3185 9537 0 exe 7333 107222 441962 resp 447018 592 pmu 246303 230164 2071443 9652946 304607562
1790357888.044855 W 81 lat 296 3222 9499 0 exe 7129 108074 261092 resp 263870 681 pmu 249036 234757 2094429 10844417 314940371
1790357889.092587 W 82 lat 296 2185 8425 0 exe 6462 44685 317962 resp 321907 147 pmu 123922 97386 1053377 9025715 143837232
1790357890.040791 W 83 lat 296 3166 10092 0 exe 7555 105462 284629 resp 289388 622 pmu 250513 234764 2100855 9270852 306737399
1790357891.092872 W 84 lat 314 3037 9666 0 exe 7129 94870 380537 resp 384499 554 pmu 219250 201437 1856680 9264062 272731914
1790357892.040735 W 85 lat 314 2666 8629 0 exe 7462 82148 463185 resp 468925 369 pmu 198280 176445 1664764 10160746 245039023
1790357893.084777 W 86 lat 277 3240 9166 0 exe 6851 97185 323055 resp 328962 607 pmu 235907 219919 1982704 10927926 286299537
1790357894.132753 W 87 lat 296 3407 9166 0 exe 6925 126870 469296 resp 473481 680 pmu 289517 275120 2426759 9605255 357234312
1790357895.076538 W 88 lat 462 3314 9259 0 exe 7888 105055 356037 resp 361574 632 pmu 249871 235624 2101583 11208646 302358959
1790357896.124760 W 89 lat 296 3185 7944 0 exe 7129 123074 334407 resp 340870 762 pmu 295890 282382 2483858 9979661 352518527
1790357897.068729 W 90 lat 296 3185 8314 0 exe 8925 115481 330222 resp 334481 717 pmu 261197 247869 2198154 9846173 327998390
1790357898.124884 W 91 lat 296 3499 9462 0 exe 7648 134518 457740 resp 464648 726 pmu 309093 295923 2586918 9766143 377426605
1790357899.072836 W 92 lat 296 3370 9388 0 exe 5870 121592 336148 resp 340888 703 pmu 275932 262444 2315930 11150771 344420059
1790357900.120842 W 93 lat 314 3462 8814 0 exe 7129 136574 461759 resp 465888 735 pmu 293721 280136 2464152 9849336 380408407
1790357901.064908 W 94 lat 296 3129 10166 0 exe 6703 101222 377296 resp 383055 583 pmu 237728 221986 1994861 11180896 296741383
1790357902.120721 W 95 lat 314 3203 9277 0 exe 7222 118925 479407 resp 485722 613 pmu 267731 251570 2247626 10170682 336001867
1790357903.072639 W 96 lat 333 3333 7962 0 exe 7351 114759 334240 resp 338037 711 pmu 254482 240258 2139153 11281960 326346664
1790357904.116845 W 97 lat 296 3481 9240 0 exe 7499 131851 422277 resp 425574 795 pmu 301621 288681 2529041 9791903 375070479
1790357905.056821 W 98 lat 407 3222 8685 0 exe 8296 103333 331851 resp 337592 593 pmu 240448 225252 2025094 10762331 296370476
1790357906.108711 W 99 lat 296 3407 9296 0 exe 7203 125592 425351 resp 429351 746 pmu 284993 272151 2387197 9728559 357253855
1790357907.052755 W 100 lat 296 3129 8759 0 exe 6944 103240 329037 resp 334092 613 pmu 234564 218698 1972314 10763914 296513749
1790357908.104644 W 101 lat 296 3629 8759 0 exe 8111 143185 465037 resp 469166 792 pmu 305615 292996 2563576 9689326 395834000
1790357909.044862 W 102 lat 314 3203 8870 0 exe 7111 100259 330796 resp 339666 615 pmu 239718 225308 2017435 11252315 295564283
1790357910.096777 W 103 lat 296 2870 9055 0 exe 6592 85425 283277 resp 288092 476 pmu 211813 191246 1784026 9711889 250773041
1790357911.044674 W 104 lat 296 2629 8962 0 exe 6814 68055 331722 resp 336388 365 pmu 167096 145454 1414279 9138506 207924129
1790357912.102276 W 105 lat 296 3259 8888 0 exe 8018 125444 466925 resp 469574 659 pmu 276404 260793 2320699 9535759 349976665
1790357913.044826 W 106 lat 296 3129 9388 0 exe 7351 95277 332574 resp 335944 572 pmu 230072 213756 1943465 11173398 283140265
1790357914.096868 W 107 lat 296 2351 8944 0 exe 6611 64444 432425 resp 435833 262 pmu 162483 137025 1369274 9680118 197659750
1790357915.044743 W 108 lat 296 3222 8648 0 exe 5814 113425 268574 resp 274055 704 pmu 248975 235173 2095920 10516033 322395755
1790357916.088658 W 109 lat 388 3277 9925 0 exe 8796 106629 345537 resp 349074 598 pmu 254530 239494 2134528 9131434 304212286
1790357917.032731 W 110 lat 296 3185 8314 0 exe 6925 104722 242203 resp 245648 643 pmu 245925 230530 2071985 9879548 306000643
1790357918.080925 W 111 lat 314 2814 8555 0 exe 7092 82314 388185 resp 391629 430 pmu 202440 179929 1706788 8817055 240708896
1790357919.132678 W 112 lat 296 2685 9537 0 exe 6462 72703 301222 resp 305851 399 pmu 181476 159187 1533657 10165007 221660689
1790357920.076636 W 113 lat 314 3222 8740 0 exe 7185 112092 469907 resp 475851 584 pmu 253655 235684 2129101 9254999 317230497
1790357921.132633 W 114 lat 314 3074 8592 0 exe 6851 91222 329037 resp 333129 562 pmu 227017 209268 1917595 11147668 271325227
1790357922.072588 W 115 lat 314 2759 7648 0 exe 6999 82703 442777 resp 447259 438 pmu 202819 181534 1710402 9621832 243691920
1790357923.128608 W 116 lat 296 2777 10092 0 exe 7092 105314 231166 resp 233648 651 pmu 242849 227472 2041121 10713621 305940756
1790357924.076790 W 117 lat 296 2203 6666 0 exe 6833 56796 412629 resp 415629 230 pmu 146538 120546 1242533 8712043 177741004
1790357925.128820 W 118 lat 314 2981 7444 0 exe 6537 95351 218444 resp 223981 580 pmu 212191 196235 1784581 10266392 274050032
1790357926.072868 W 119 lat 296 2703 11018 0 exe 6555 77685 353277 resp 360277 408 pmu 199409 178795 1685351 8535794 233909234
1790357927.124613 W 120 lat 296 2629 10555 0 exe 6629 71833 265740 resp 269111 389 pmu 171862 150645 1454103 9819814 213361797
1790357928.072742 W 121 lat 333 3166 9537 0 exe 6759 113277 481111 resp 485981 644 pmu 268515 253354 2255040 8895305 328762084
1790357929.121230 W 122 lat 296 2351 8037 0 exe 8259 52092 217685 resp 220759 213 pmu 137249 112769 1166106 11260896 163630075
1790357930.068693 W 123 lat 296 2907 9259 0 exe 6962 92870 324703 resp 329666 517 pmu 228770 209922 1922286 8308323 273326286
1790357931.128635 W 124 lat 296 3148 8759 0 exe 7555 101740 221888 resp 228074 610 pmu 226083 210669 1906560 9594606 290902821
1790357932.072810 W 125 lat 296 3185 9407 0 exe 5814 116759 473296 resp 478907 614 pmu 276010 260188 2314788 8618457 335983424
1790357933.124793 W 126 lat 314 3240 8833 0 exe 8018 110925 328481 resp 332185 659 pmu 242878 227926 2044158 11199798 314373523
1790357934.068706 W 127 lat 296 3685 10092 0 exe 7759 152092 465814 resp 470074 862 pmu 323808 312710 2711425 9721944 419408125
1790357935.112794 W 128 lat 296 3314 9888 0 exe 6833 116611 342722 resp 348481 735 pmu 265198 252413 2227222 11310648 337749025
1790357936.060915 W 129 lat 296 2407 8351 0 exe 7333 60018 354518 resp 359277 258 pmu 162095 137876 1373908 9900936 187382908
1790357937.100505 W 130 lat 296 1629 7611 0 exe 5759 63518 326925 resp 330481 367 pmu 152521 126607 1290797 9721566 178564434
1790357938.036497 W 131 lat 277 296 444 0 exe 5777 6222 53574 resp 54018 0 pmu 36145 3124 318941 9440592 18966279
1790357939.088651 W 132 lat 277 1814 6981 0 exe 5814 66259 302407 resp 309388 286 pmu 210311 160768 1787125 6362797 176965741
1790357940.124765 W 133 lat 1555 3018 6981 0 exe 53388 105907 314962 resp 319444 520 pmu 324746 272625 2755399 9225735 283606970
1790357941.072762 W 134 lat 1388 2925 5277 0 exe 52574 105037 294092 resp 297462 509 pmu 322494 271417 2725969 9787394 281500843
1790357942.120730 W 135 lat 722 3037 7166 0 exe 17148 98759 193296 resp 197333 455 pmu 306827 253291 2603172 9554757 265027866
1790357943.068774 W 136 lat 1481 2999 5833 0 exe 33148 109370 307962 resp 310944 542 pmu 335765 283462 2847888 8348575 292115429
1790357944.112702 W 137 lat 1203 3037 6055 0 exe 52759 99018 202074 resp 204537 450 pmu 308767 256819 2621852 9619586 265986097
1790357945.048779 W 138 lat 1648 3018 5981 0 exe 43999 106037 316481 resp 320240 469 pmu 335068 283010 2834327 8604365 284001635
1790357946.088746 W 139 lat 537 2888 6444 0 exe 27203 94796 182333 resp 184851 391 pmu 302857 250767 2573984 9747531 255326717
1790357947.132774 W 140 lat 574 2962 5666 0 exe 58462 110814 328425 resp 330148 556 pmu 335815 284758 2837637 8256559 295059959
1790357948.068739 W 141 lat 1370 3018 5777 0 exe 52203 99611 188944 resp 191351 437 pmu 305379 254772 2588087 9946156 267267993
1790357949.112717 W 142 lat 1185 2962 6259 0 exe 31833 110055 325611 resp 328833 508 pmu 334331 282571 2820100 8472514 293442374
1790357950.048745 W 143 lat 1333 2999 5499 0 exe 32592 100388 179148 resp 182018 485 pmu 307730 255496 2610160 9794468 269308793
1790357951.088718 W 144 lat 1277 3037 5888 0 exe 56666 110259 345055 resp 348648 508 pmu 339020 284960 2866831 8280933 294236859
1790357952.132788 W 145 lat 1481 3037 5611 0 exe 32277 100425 191388 resp 194999 468 pmu 307054 255708 2604615 10115087 269689369
1790357953.068744 W 146 lat 1074 2962 5814 0 exe 31111 108666 339870 resp 344092 498 pmu 334542 281162 2825819 8407097 290167062
1790357954.108758 W 147 lat 1481 3037 7277 0 exe 56222 100648 201425 resp 205388 446 pmu 310301 257631 2632975 9928676 270286577
1790357955.048741 W 148 lat 1722 3018 5592 0 exe 56944 111111 329722 resp 333351 547 pmu 338996 286180 2872193 8638587 296766787
1790357956.088742 W 149 lat 1037 3037 6037 0 exe 31462 98722 184148 resp 186814 446 pmu 305615 252900 2596576 9968279 265462009
1790357957.128769 W 150 lat 1185 3018 5759 0 exe 28851 110240 324185 resp 326777 516 pmu 336413 284209 2850833 8317339 294210588
1790357958.064764 W 151 lat 1592 2999 6592 0 exe 52425 101425 198777 resp 201370 476 pmu 312887 259780 2655532 9760893 272213934
1790357959.108779 W 152 lat 1018 2981 6129 0 exe 29648 109166 322444 resp 326407 528 pmu 336350 282306 2851285 8587114 291916014
1790357960.044762 W 153 lat 1296 3018 7407 0 exe 30703 99574 187185 resp 189629 440 pmu 308316 255061 2621552 9749653 267221099
1790357961.084743 W 154 lat 1481 3018 6388 0 exe 56333 110722 335481 resp 339703 543 pmu 337248 285776 2851217 8355186 295630009
1790357962.128772 W 155 lat 1388 3018 6037 0 exe 29259 99722 187222 resp 190351 451 pmu 309938 256144 2635003 10026504 268110154
1790357963.064774 W 156 lat 1259 3018 6222 0 exe 37537 109648 303925 resp 307629 489 pmu 336146 283129 2845600 8345781 292703970
1790357964.104741 W 157 lat 1407 2981 6037 0 exe 28296 100999 191537 resp 194444 461 pmu 311076 258677 2644060 9607088 271056376
1790357965.040757 W 158 lat 1351 2962 5962 0 exe 52259 107666 310333 resp 313240 518 pmu 331293 280255 2800692 8389604 287769367
1790357966.084726 W 159 lat 1388 2999 5574 0 exe 31759 97740 200185 resp 202722 409 pmu 304771 251668 2591292 9729601 262629553
1790357967.124741 W 160 lat 1074 3037 5796 0 exe 40907 105555 323444 resp 327074 460 pmu 331648 279156 2808119 8472757 282426607
1790357968.060728 W 161 lat 1481 3055 5925 0 exe 47407 97870 186425 resp 189333 439 pmu 310263 258636 2640576 9795286 263480435
1790357969.100752 W 162 lat 499 2925 7611 0 exe 32351 107018 330222 resp 333129 455 pmu 332713 279179 2816342 8418433 285750208
1790357970.040751 W 163 lat 1314 3018 5481 0 exe 42555 101666 194185 resp 198999 475 pmu 310178 258804 2631054 9829586 272461944
1790357971.080720 W 164 lat 1333 3055 5796 0 exe 27351 109814 335111 resp 338074 498 pmu 336855 283300 2852532 8497068 293215278
1790357972.120753 W 165 lat 1425 2999 6277 0 exe 31555 99833 193055 resp 195092 449 pmu 306332 254454 2605326 9863525 267940324
1790357973.056800 W 166 lat 1407 3018 6333 0 exe 34833 108833 340129 resp 343444 503 pmu 333393 279959 2825329 8412273 290628300
1790357974.100744 W 167 lat 1462 2981 5833 0 exe 44499 101555 205999 resp 208425 469 pmu 311109 259146 2637164 9950816 272325026
1790357975.037801 W 168 lat 1388 3018 6351 0 exe 34592 100925 239870 resp 242870 459 pmu 311597 258781 2651170 8614633 270211910
1790357976.080755 W 169 lat 1333 3018 6962 0 exe 33740 108074 352185 resp 355999 498 pmu 332716 278914 2813511 8905969 288962232
1790357977.120681 W 170 lat 1203 2981 5648 0 exe 29407 99444 202425 resp 205407 441 pmu 308213 255160 2621511 10067429 267359620
1790357978.056727 W 171 lat 888 3018 5907 0 exe 43574 107592 333129 resp 336648 538 pmu 328978 277216 2790964 8493502 287547138
1790357979.100731 W 172 lat 1055 2999 5925 0 exe 36870 99999 183185 resp 185907 482 pmu 308542 256339 2623612 9914839 268665361
1790357980.036749 W 173 lat 1222 2999 6185 0 exe 33555 109074 340018 resp 344777 486 pmu 334846 281150 2833573 8340785 291506870
1790357981.096760 W 174 lat 1185 2962 5703 0 exe 52296 98555 185333 resp 188555 423 pmu 305076 252693 2585075 9949933 264896082
1790357982.044764 W 175 lat 1074 2999 6222 0 exe 33999 110314 308555 resp 312314 548 pmu 338058 284747 2861076 8434210 294604725
1790357983.104795 W 176 lat 1370 2981 5314 0 exe 46407 99370 187518 resp 190833 455 pmu 307695 255253 2613287 9638209 266655436
1790357984.064732 W 177 lat 1259 3055 6166 0 exe 57499 109499 308944 resp 312777 497 pmu 335755 282453 2840176 8430063 292427285
1790357985.120789 W 178 lat 1148 2925 5851 0 exe 24148 100370 193722 resp 196407 467 pmu 308836 256890 2620960 9757061 269254945
1790357986.072741 W 179 lat 1055 3055 6333 0 exe 31537 108166 336648 resp 339370 504 pmu 333281 280067 2821822 8383881 289111795
1790357987.128762 W 180 lat 1296 2944 7055 0 exe 36888 100592 187592 resp 190629 480 pmu 310096 258060 2633496 9891737 269946259
1790357988.088755 W 181 lat 1537 3055 8129 0 exe 58888 108944 325777 resp 328981 531 pmu 337330 284230 2853212 8396102 291001900
1790357989.132701 W 182 lat 1111 2981 5925 0 exe 37833 96407 191407 resp 195185 401 pmu 306801 254465 2605800 9937116 259506985
1790357990.068745 W 183 lat 425 2888 6240 0 exe 27203 107037 317777 resp 321222 484 pmu 338746 285537 2869462 8415091 286468694
1790357991.108751 W 184 lat 555 2999 6388 0 exe 59333 101203 196111 resp 199851 459 pmu 309491 257419 2627640 9674845 271136087
1790357992.068753 W 185 lat 1148 3018 6370 0 exe 33981 110037 331129 resp 335518 509 pmu 336521 283566 2843984 8593276 293660270
1790357993.132762 W 186 lat 1796 2962 5166 0 exe 54425 100611 195981 resp 199685 480 pmu 306806 256384 2604197 9866905 269936630
1790357994.072748 W 187 lat 1055 3055 6388 0 exe 36481 110685 327703 resp 331444 562 pmu 336264 284043 2841852 8564395 295372084
1790357995.112760 W 188 lat 1185 2925 5296 0 exe 60203 100722 182277 resp 184814 445 pmu 309836 257312 2626796 9844896 270112394
1790357996.052751 W 189 lat 1462 3055 5777 0 exe 28444 107907 315203 resp 318870 480 pmu 332189 278625 2813802 8448044 288517340
1790357997.092720 W 190 lat 1129 2925 5629 0 exe 32129 99537 178648 resp 181129 469 pmu 308327 256090 2614688 9664418 267080100
1790357998.132767 W 191 lat 1407 3055 6870 0 exe 59185 110351 322388 resp 325740 537 pmu 337402 284489 2854314 8266665 294462801
1790357999.068501 W 192 lat 296 1462 5759 0 exe 5851 50296 311611 resp 314259 227 pmu 171438 123794 1467579 9905150 136227393
1790358000.108491 W 193 lat 296 296 462 0 exe 5777 6222 52870 resp 53203 0 pmu 40589 2791 363901 9207110 18849072
1790358001.044502 W 194 lat 296 296 1148 0 exe 5777 7240 69351 resp 69685 0 pmu 55207 11989 481766 6354437 21251919
1790358002.084492 W 195 lat 277 296 481 0 exe 5777 6277 63796 resp 64277 0 pmu 38916 3591 347913 6528019 17420978
1790358002.608622 Closing cell "rt-bench"
1790358002.608695 [MG] Initializing memguard on CPU 3
1790358002.608724 [SMMUv2] Exiting SMMUv2 on cell 1
1790358002.608788 [COL] Colored OP 1: PHYS 0x30000000 -> VIRT 0x00000000 (SIZE: 0x00400000, COL: 0x000000ff, extra: 0x0000000000000000)
1790358002.608814 [COL] Result: 0
1790358002.608874 [COL] Colored OP 4: PHYS 0x30000000 -> VIRT 0x00000000 (SIZE: 0x00400000, COL: 0x000000ff, extra: 0x0000000000000001)
1790358002.608901 [COL] Result: 0
1790358002.608946 Page pool usage after cell destruction: mem 85/4061, remap 5/131072
1790358002.608988 [MG] Initializing memguard on CPU 3
1790358002.716516 [MG] Initializing memguard on CPU 3
1790358002.716596 [MG] Initializing memguard on CPU 3
1790358002.716630 Created cell "rt-bench"
1790358002.716702 Page pool usage after cell creation: mem 94/4061, remap 5/131072
1790359484.511958 <missed 14963 bytes of console log>
1790359484.514905  after cell destruction: mem 85/4061, remap 5/131072
1790359484.514937 [MG] Initializing memguard on CPU 3
1790359484.514963 [MG] Initializing memguard on CPU 3
1790359484.514988 [MG] Initializing memguard on CPU 3
1790359484.515009 Created cell "rt-bench"
1790359484.515043 Page pool usage after cell creation: mem 94/4061, remap 5/131072
1790359484.515070 [MG] Initializing memguard on CPU 3
1790359484.515092 Cell "rt-bench" can be loaded
1790359484.515112 Started cell "rt-bench"
1790359484.515136 [MG] Initializing memguard on CPU 3
1790359484.515166 rt-bench: ws 256 KB, 1024 loads/period, window 1000
1790359484.515214 W 0 lat 314 462 944 0 exe 6499 9407 55666 resp 56018 0 pmu 9919 4920 92713 5307526 17405769
1790359484.515259 W 1 lat 296 296 740 0 exe 5611 6074 43833 resp 44407 0 pmu 5934 3098 53997 6405262 17004842
1790359484.515302 W 2 lat 296 296 314 0 exe 5611 5611 5796 resp 6111 0 pmu 62 13 4589 6264880 14839285
1790359484.515346 W 3 lat 296 296 481 0 exe 5611 5759 33814 resp 34259 0 pmu 2143 1415 22151 5878471 15534432
1790359484.515396 W 4 lat 296 296 333 0 exe 5611 5611 6018 resp 6314 0 pmu 124 19 5072 6161172 14785077
1790359484.515440 W 5 lat 296 296 592 0 exe 5611 5759 33166 resp 33759 0 pmu 2516 1408 25363 5880717 15570939
1790359484.515461 Closing cell "rt-bench"
1790359484.515484 [MG] Initializing memguard on CPU 3
1790359484.515506 [SMMUv2] Exiting SMMUv2 on cell 1
1790359484.515540 Page pool usage after cell destruction: mem 83/4061, remap 5/131072
1790359484.515565 [MG] Initializing memguard on CPU 3
1790359484.515588 [MG] Initializing memguard on CPU 3
1790359484.515639 [COL] Colored OP 0: PHYS 0x30000000 -> VIRT 0x00000000 (SIZE: 0x00400000, COL: 0x000000ff, extra: 0x0000000000000000)
1790359484.515657 [COL] Result: 0
1790359484.515680 [MG] Initializing memguard on CPU 3
1790359484.515699 Created cell "rt-bench"
1790359484.515732 Page pool usage after cell creation: mem 98/4061, remap 5/131072
1790359484.515783 [COL] Colored OP 3: PHYS 0x30000000 -> VIRT 0x00000000 (SIZE: 0x00400000, COL: 0x000000ff, extra: 0x0000000000000000)
1790359484.515809 [MG] Initializing memguard on CPU 3
1790359484.515825 [COL] Result: 0
1790359484.515846 Cell "rt-bench" can be loaded
1790359484.515897 [COL] Colored OP 2: PHYS 0x30000000 -> VIRT 0x00000000 (SIZE: 0x00400000, COL: 0x000000ff, extra: 0x0000000000000000)
1790359484.515915 [COL] Result: 0
1790359484.515965 [COL] Colored OP 4: PHYS 0x30000000 -> VIRT 0x00000000 (SIZE: 0x00400000, COL: 0x000000ff, extra: 0x0000000000000001)
1790359484.515983 [COL] Result: 0
1790359484.516002 Started cell "rt-bench"
1790359484.516025 [MG] Initializing memguard on CPU 3
1790359484.516054 rt-bench: ws 256 KB, 1024 loads/period, window 1000
1790359485.552464 W 0 lat 314 462 1259 0 exe 7055 10407 75851 resp 76462 0 pmu 50596 10435 437663 5307521 19784351
1790359486.488448 W 1 lat 296 296 1240 0 exe 5796 6944 74574 resp 75407 0 pmu 49483 7809 428459 6617924 19541831
1790359487.528430 W 2 lat 277 296 351 0 exe 5796 5944 7870 resp 8185 0 pmu 33741 106 301378 6581649 15861056
1790359488.568452 W 3 lat 296 296 481 0 exe 5777 6240 59870 resp 60277 0 pmu 37800 3221 336845 5902277 16977756
1790359489.504419 W 4 lat 296 296 333 0 exe 5796 5925 7740 resp 8037 0 pmu 32574 144 291866 6425081 15766523
1790359490.544449 W 5 lat 296 296 444 0 exe 5796 6240 70018 resp 70333 0 pmu 36390 3186 323363 5900824 16885778
1790359491.588469 W 6 lat 296 481 5592 0 exe 5796 13814 234407 resp 239999 14 pmu 101498 36311 858580 6525934 101640257
1790359492.524450 W 7 lat 296 296 4111 0 exe 5759 7055 205833 resp 209944 3 pmu 44992 6947 393563 8261026 21773809
1790359493.564462 W 8 lat 296 296 648 0 exe 5759 7148 61999 resp 62314 0 pmu 53992 11696 462005 7925450 22333315
1790359494.500446 W 9 lat 296 296 444 0 exe 5759 6203 47796 resp 48222 0 pmu 37475 2860 331240 6451166 17160192
1790359494.862789 Closing cell "rt-bench"
1790359494.862882 [MG] Initializing memguard on CPU 3
1790359494.862925 [SMMUv2] Exiting SMMUv2 on cell 1
1790359494.863011 [COL] Colored OP 1: PHYS 0x30000000 -> VIRT 0x00000000 (SIZE: 0x00400000, COL: 0x000000ff, extra: 0x0000000000000000)
1790359494.863047 [COL] Result: 0
1790359494.863129 [COL] Colored OP 4: PHYS 0x30000000 -> VIRT 0x00000000 (SIZE: 0x00400000, COL: 0x000000ff, extra: 0x0000000000000001)
1790359494.863170 [COL] Result: 0
1790359494.863224 Page pool usage after cell destruction: mem 85/4061, remap 5/131072
1790359494.863270 [MG] Initializing memguard on CPU 3
1790359494.863309 [MG] Initializing memguard on CPU 3
1790359494.863373 [MG] Initializing memguard on CPU 3
1790359494.863406 Created cell "rt-bench"
1790359494.863459 Page pool usage after cell creation: mem 94/4061, remap 5/131072
