1790949807.159055 <missed 77698 bytes of console log>
1790949807.159155 irqs: 64, preallocated irqs: 0
1790949807.159185 Root IRQ handler: 0xffff800080010000
1790949807.159254 rcu: srcu_init: Setting srcu_struct sizes based on contention.
1790949807.159297 arch_timer: cp15 timer(s) running at 54.00MHz (virt).
1790949807.159351 clocksource: arch_sys_counter: mask: 0xffffffffffffff max_cycles: 0xc743ce346, max_idle_ns: 440795203123 ns
1790949807.159404 sched_clock: 56 bits at 54MHz, resolution 18ns, wraps every 4398046511102ns
1790949807.159432 printk: legacy console [hvc0] enabled
1790949807.159463 printk: legacy bootconsole [jailhouse0] disabled
1790949807.159514 Calibrating delay loop (skipped), value calculated using timer frequency.. 108.00 BogoMIPS (lpj=54000)
1790949807.159542 pid_max: default: 4096 minimum: 301
1790949807.159579 Mount-cache hash table entries: 512 (order: 0, 4096 bytes, linear)
1790949807.159618 Mountpoint-cache hash table entries: 512 (order: 0, 4096 bytes, linear)
1790949807.159652 cacheinfo: Unable to detect cache hierarchy for CPU 0
1790949807.159679 rcu: Hierarchical SRCU implementation.
1790949807.159707 rcu: 	Max phase no-delay instances is 400.
1790949807.159733 smp: Bringing up secondary CPUs ...
1790949807.159757 smp: Brought up 1 node, 1 CPU
1790949807.159783 SMP: Total of 1 processors activated.
1790949807.159811 CPU features: detected: 32-bit EL0 Support
1790949807.159854 CPU features: detected: Data cache clean to the PoU not required for I/D coherence
1790949807.159883 CPU features: detected: CRC32 instructions
1790949807.159914 CPU features: detected: RCpc load-acquire (LDAPR)
1790949807.159950 CPU features: detected: Speculative Store Bypassing Safe (SSBS)
1790949807.159984 spectre-bhb mitigation disabled by compile time option
1790949807.160008 CPU: All CPU(s) started at EL1
1790949807.160038 alternatives: applying system-wide alternatives
1790949807.160059 devtmpfs: initialized
1790949807.160106 clocksource: jiffies: mask: 0xffffffff max_cycles: 0xffffffff, max_idle_ns: 1911260446275000 ns
1790949807.160142 futex hash table entries: 16 (order: -2, 1024 bytes, linear)
1790949807.160182 DMA: preallocated 128 KiB GFP_KERNEL pool for atomic allocations
1790949807.160219 hw-breakpoint: found 6 breakpoint and 4 watchpoint registers.
1790949807.160249 ASID allocator initialised with 65536 entries
1790949807.160281 clocksource: Switched to clocksource arch_sys_counter
1790949807.160315 workingset: timestamp_bits=62 max_order=13 bucket_order=0
1790949807.160339 clk: Disabling unused clocks
1790949807.160365 Freeing unused kernel memory: 1728K
1790949807.160387 Run /init as init process
1790949807.160425 linux-guest: 6.6.78-rt51+, cyclictest windows of 1 s, deadline 100 us
1790949808.299316 L 1000 2 2 11 0
1790949809.339309 L 1000 1 1 3 0
1790949810.379311 L 1000 1 1 9 0
1790949811.419287 L 1000 1 1 9 0
1790949812.563299 L 1000 1 1 5 0
1790949813.291298 [MG] memguard_call 1000 5000 1 (CPU 0)
1790949813.291352 [MG] memguard_call 1000 5000 1 (CPU 1)
1790949813.291378 [MG] memguard_call 1000 5000 1 (CPU 2)
1790949813.603286 L 1000 1 1 9 0
1790949814.643314 L 1000 1 1 3 0
1790949815.683288 L 1000 1 1 9 0
1790949816.827320 L 1000 1 1 10 0
1790949817.867284 L 1000 1 1 9 0
1790949818.907317 L 1000 1 1 8 0
1790949819.947295 L 1000 1 1 2 0
1790949821.091346 L 1000 1 1 10 0
1790949822.131293 L 1000 1 1 7 0
1790949823.171318 L 1000 1 1 9 0
1790949824.211313 L 1000 1 1 9 0
1790949825.355312 L 1000 1 1 9 0
1790949826.395286 L 1000 1 1 9 0
1790949827.435317 L 1000 1 1 7 0
1790949828.475396 L 1000 1 1 12 0
1790949829.619675 L 1000 1 1 3 0
1790949830.659370 L 1000 1 1 11 0
1790949831.699277 L 1000 1 1 9 0
1790949832.743315 L 1000 1 1 9 0
1790949833.887309 L 1000 1 1 13 0
1790949834.927299 L 1000 1 1 7 0
1790949835.967277 L 1000 1 1 9 0
1790949837.007306 L 1000 1 1 12 0
1790949838.151291 L 1000 1 1 10 0
1790949839.191314 L 1000 1 1 8 0
1790949840.231283 L 1000 1 1 2 0
1790949841.271299 L 1000 1 1 7 0
1790949842.415293 L 1000 1 1 7 0
1790949843.455310 L 1000 1 1 6 0
1790949844.495275 L 1000 1 1 8 0
1790949845.535313 L 1000 1 1 5 0
1790949846.679275 L 1000 1 1 10 0
1790949847.719299 L 1000 1 1 2 0
1790949848.759312 L 1000 1 1 9 0
1790949849.799311 L 1000 1 1 8 0
1790949850.943285 L 1000 1 1 3 0
1790949851.983286 L 1000 1 1 11 0
1790949853.023323 L 1000 1 1 3 0
1790949854.063310 L 1000 1 1 3 0
1790949855.207305 L 1000 1 1 8 0
1790949856.247280 L 1000 1 1 2 0
1790949857.287312 L 1000 1 1 8 0
1790949858.327286 L 1000 1 1 3 0
1790949859.471307 L 1000 1 1 7 0
1790949860.511278 L 1000 1 1 10 0
1790949861.551313 L 1000 1 1 10 0
1790949862.591288 L 1000 1 1 9 0
1790949863.739306 L 1000 1 1 9 0
1790949864.779283 L 1000 1 1 10 0
1790949865.819307 L 1000 1 1 8 0
1790949866.859275 L 1000 1 1 9 0
1790949868.003299 L 1000 1 1 9 0
1790949869.043304 L 1000 1 1 8 0
1790949870.083310 L 1000 1 1 3 0
1790949871.123282 L 1000 1 1 10 0
1790949872.267297 L 1000 1 1 9 0
1790949873.311298 L 1000 1 1 2 0
1790949874.351299 L 1000 1 1 8 0
1790949875.395301 L 1000 1 1 10 0
1790949876.439310 L 1000 1 1 13 0
1790949877.591313 L 1000 1 2 35 0
1790949878.631310 L 1000 1 1 30 0
1790949879.675782 L 1000 1 2 21 0
1790949880.715311 L 1000 1 4 39 0
1790949881.871739 L 1000 1 3 31 0
1790949882.915303 L 1000 1 4 45 0
1790949883.955302 L 1000 1 1 7 0
1790949885.003298 L 1000 1 2 14 0
1790949886.147301 L 1000 1 1 7 0
1790949887.191310 L 1000 1 6 23 0
1790949888.235299 L 1000 1 7 44 0
1790949889.283300 L 1000 1 3 29 0
1790949890.331805 L 1000 1 1 16 0
1790949891.483312 L 1000 1 4 34 0
1790949892.523303 L 1000 1 1 11 0
1790949893.575606 L 1000 1 3 20 0
1790949894.623322 L 1000 1 3 31 0
1790949895.775303 L 1000 1 6 26 0
1790949896.815306 L 1000 1 1 8 0
1790949897.855661 L 1000 1 2 18 0
1790949898.903378 L 1000 1 4 47 0
1790949900.051318 L 1000 1 7 32 0
1790949901.091323 L 1000 1 1 51 0
1790949902.139525 L 1000 1 3 26 0
1790949903.183339 L 1000 1 1 34 0
1790949904.339480 L 1000 1 2 29 0
1790949905.383512 L 1000 1 2 23 0
1790949906.435664 L 1000 1 4 45 0
1790949907.488153 L 1000 1 2 31 0
1790949908.523607 L 1000 1 1 7 0
1790949909.680099 L 1000 1 8 49 0
1790949910.715462 L 1000 1 2 37 0
1790949911.760141 L 1000 1 9 31 0
1790949912.803737 L 1000 1 3 31 0
1790949913.956053 L 1000 1 4 28 0
1790949914.996206 L 1000 1 4 30 0
1790949916.040022 L 1000 1 3 20 0
1790949917.084288 L 1000 1 5 29 0
1790949918.231960 L 1000 1 7 40 0
1790949919.284103 L 1000 1 4 29 0
1790949920.327320 L 1000 1 5 46 0
1790949921.380113 L 1000 1 9 46 0
1790949922.527863 L 1000 1 9 57 0
1790949923.575823 L 1000 1 3 19 0
1790949924.627382 L 1000 1 3 34 0
1790949925.667360 L 1000 1 9 45 0
1790949926.819321 L 1000 1 4 49 0
1790949927.863738 L 1000 1 7 44 0
1790949928.907713 L 1000 1 2 24 0
1790949929.951709 L 1000 1 3 20 0
1790949931.095579 L 1000 1 2 22 0
1790949932.139909 L 1000 1 7 43 0
1790949933.183828 L 1000 1 3 39 0
1790949934.227828 L 1000 1 3 39 0
1790949935.371754 L 1000 1 6 39 0
1790949936.411313 L 1000 1 1 46 0
1790949937.455288 L 1000 1 1 9 0
1790949938.507657 L 1000 1 16 28 0
1790949939.659595 L 1000 1 9 47 0
1790949940.703580 L 1000 3 15 47 0
1790949941.847592 L 1000 4 22 43 0
1790949942.891527 L 1000 3 6 49 0
1790949943.935517 L 1000 3 21 47 0
1790949944.987551 L 1000 3 22 45 0
1790949946.139516 L 1000 3 21 45 0
1790949947.195418 L 1000 3 6 25 0
1790949948.239718 L 1000 4 22 47 0
1790949949.391558 L 1000 3 14 47 0
1790949950.435538 L 1000 3 21 49 0
1790949951.483761 L 1000 6 22 49 0
1790949952.647425 L 1000 2 13 29 0
1790949953.692019 L 1000 2 6 21 0
1790949954.751989 L 1000 5 22 40 0
1790949955.792008 L 1000 12 22 42 0
1790949956.951934 L 1000 3 19 49 0
1790949958.003439 L 1000 3 12 55 0
1790949959.047899 L 1000 9 22 49 0
1790949960.195922 L 1000 11 23 46 0
1790949961.235881 L 1000 9 22 43 0
1790949962.275876 L 1000 8 22 41 0
1790949963.419847 L 1000 11 23 41 0
1790949964.463762 L 1000 4 22 48 0
1790949965.603867 L 1000 6 22 50 0
1790949966.643786 L 1000 3 22 44 0
1790949967.687765 L 1000 4 20 44 0
1790949968.831796 L 1000 3 22 54 0
1790949969.875694 L 1000 3 20 41 0
1790949970.911788 L 1000 4 20 47 0
1790949972.059785 L 1000 5 21 50 0
1790949973.103728 L 1000 4 21 50 0
1790949974.247721 L 1000 8 22 51 0
1790949975.303705 L 1000 6 22 43 0
1790949976.351699 L 1000 7 22 45 0
1790949977.411650 L 1000 3 19 48 0
1790949978.467656 L 1000 8 21 47 0
1790949979.627677 L 1000 5 22 51 0
1790949980.687675 L 1000 6 22 47 0
1790949981.747622 L 1000 4 21 50 0
1790949982.795654 L 1000 5 22 51 0
1790949983.943495 L 1000 4 22 41 0
1790949984.979626 L 1000 4 22 49 0
1790949986.019659 L 1000 6 21 44 0
1790949987.163590 L 1000 7 22 44 0
1790949988.211415 L 1000 12 22 46 0
1790949989.255579 L 1000 4 21 51 0
1790949990.411518 L 1000 5 22 53 0
1790949991.471535 L 1000 4 20 48 0
1790949992.527541 L 1000 9 22 47 0
1790949993.579512 L 1000 4 22 47 0
1790949994.733347 L 1000 4 21 53 0
1790949995.780099 L 1000 3 19 45 0
1790949996.823764 L 1000 10 22 52 0
1790949997.971303 L 1000 1 17 41 0
1790949999.011276 L 1000 1 1 2 0
1790950000.059831 L 1000 1 4 42 0
1790950001.204288 L 1000 2 22 77 0
1790950002.244214 L 1000 2 19 60 0
1790950003.283413 L 1000 1 20 56 0
1790950004.428109 L 1000 1 26 53 0
1790950005.475417 L 1000 2 29 61 0
1790950006.519564 L 1000 1 7 54 0
1790950007.675746 L 1000 2 20 41 0
1790950008.720168 L 1000 3 22 48 0
1790950009.763377 L 1000 2 21 64 0
1790950010.828136 L 1000 1 7 53 0
1790950011.980007 L 1000 1 24 51 0
1790950013.023456 L 1000 1 6 27 0
1790950014.071554 L 1000 1 17 49 0
1790950015.216029 L 1000 2 27 59 0
1790950016.255697 L 1000 1 22 70 0
1790950017.296688 L 1000 1 14 42 0
1790950018.439895 L 1000 2 13 44 0
1790950019.487813 L 1000 1 8 61 0
1790950020.524193 L 1000 1 20 47 0
1790950021.667875 L 1000 3 26 61 0
1790950022.719742 L 1000 2 20 53 0
1790950023.764075 L 1000 2 8 65 0
1790950024.912539 L 1000 2 6 30 0
1790950025.971303 L 1000 1 12 46 0
1790950027.007851 L 1000 1 9 35 0
1790950028.159868 L 1000 2 25 49 0
1790950029.203654 L 1000 2 30 51 0
1790950030.243492 L 1000 2 11 44 0
1790950031.391903 L 1000 1 24 48 0
1790950032.431563 L 1000 1 17 48 0
1790950033.471412 L 1000 1 13 54 0
1790950034.615718 L 1000 2 16 44 0
1790950035.659662 L 1000 2 19 51 0
1790950036.699506 L 1000 2 20 72 0
1790950037.843804 L 1000 1 7 40 0
1790950038.887554 L 1000 2 7 39 0
1790950039.927576 L 1000 1 10 35 0
1790950041.071718 L 1000 2 21 50 0
1790950042.115565 L 1000 3 25 51 0
1790950043.259802 L 1000 1 22 82 0
1790950044.299582 L 1000 2 12 71 0
1790950045.344108 L 1000 2 6 29 0
1790950046.487714 L 1000 1 11 39 0
1790950047.535506 L 1000 1 15 46 0
1790950048.576211 L 1000 3 20 53 0
1790950049.719710 L 1000 1 20 56 0
1790950050.772243 L 1000 1 9 43 0
1790950051.824091 L 1000 2 14 50 0
1790950052.879512 L 1000 1 7 36 0
1790950054.027905 L 1000 1 13 38 0
1790950055.067728 L 1000 3 22 51 0
1790950056.111965 L 1000 2 20 53 0
1790950057.256148 L 1000 2 9 39 0
1790950058.296100 L 1000 3 24 47 0
1790950059.339420 L 1000 2 7 35 0
1790950060.483316 L 1000 1 5 38 0
1790950061.523305 L 1000 1 1 11 0
1790950061.888058 [MG] memguard_call 0 0 0 (CPU 0)
1790950061.888135 [MG] memguard_call 0 0 0 (CPU 1)
1790950061.888162 [MG] memguard_call 0 0 0 (CPU 2)
1790950061.888183 Closing cell "linux-guest"
1790950061.888219 [MG] Initializing memguard on CPU 3
1790950061.888248 [SMMUv2] Exiting SMMUv2 on cell 1
1790950061.888292 Page pool usage after cell destruction: mem 126/4061, remap 5/131072
1790950061.888321 [MG] Initializing memguard on CPU 3
1790950062.030822 [MG] Initializing memguard on CPU 3
1790950062.030901 [MG] Initializing memguard on CPU 3
1790950062.030935 Created cell "linux-guest"
1790950062.031032 Page pool usage after cell creation: mem 138/4061, remap 5/131072
1790950062.031080 [MG] Initializing memguard on CPU 3
1790950062.031114 Cell "linux-guest" can be loaded
