1790949813.148386 632730 623034 628297
1790949818.204062 632928 623172 628415
1790949823.226920 633133 623307 628510
1790949828.248804 633309 623416 628591
1790949833.270658 633456 623564 628701
1790949838.291567 633553 623724 628781
1790949843.313232 633675 623908 628902
1790949848.334182 633791 624083 628997
1790949853.356027 633912 624270 629110
1790949858.377918 634026 624450 629197
1790949863.399608 634151 624635 629305
1790949868.419657 634247 624797 629386
1790949873.440358 634372 624979 629487
1790949878.464077 634845 625319 629980
1790949883.490393 635577 625752 630746
1790949888.520597 636331 626232 631516
1790949893.568434 637038 626828 632350
1790949898.593352 637866 627376 633260
1790949903.644266 638667 627823 634155
1790949908.674479 639440 628297 634991
1790949913.730073 640337 628962 636078
1790949918.772810 641330 629583 637131
1790949923.816021 642287 630323 638150
1790949928.849768 643231 630914 639204
1790949933.889669 644175 631600 640233
1790949938.928401 644915 632237 640982
1790949944.008298 646197 633510 642257
1790949949.081172 647478 634781 643528
1790949954.150285 648757 636051 644801
1790949959.224081 650040 637319 646071
1790949964.292026 651319 638586 647344
1790949969.357044 652599 639856 648617
1790949974.417915 653874 641122 649888
1790949979.480824 655153 642391 651156
1790949984.543620 656431 643657 652426
1790949989.610412 657712 644926 653700
1790949994.678357 658991 646194 654972
1790949999.746274 659813 647035 655782
1790950004.792483 661087 648299 657052
1790950009.859828 662367 649569 658324
1790950015.008858 663669 650857 659614
1790950020.068981 664946 652124 660884
1790950025.129052 666222 653392 662155
1790950030.189487 667501 654657 663426
1790950035.244632 668776 655924 664695
1790950040.305428 670056 657190 665964
1790950045.370413 671335 658463 667235
1790950050.431431 672611 659728 668503
1790950055.489999 673885 660994 669771
1790950060.560309 674976 662082 670855
