1790891054.919511 <missed 54024 bytes of console log>
1790891054.919605 97269 8141372 15605914 1238976628
1790891054.919662 W 242 lat 314 3777 9629 0 exe 101833 467092 674796 resp 679851 1000 pmu 1012515 1011094 8217150 15385854 1203087594
1790891054.919720 W 243 lat 574 5203 12111 0 exe 103203 575018 719444 resp 724092 1000 pmu 1025897 1034658 8334655 15449083 1453768988
1790891054.919776 W 244 lat 296 4462 11018 0 exe 99574 535018 697759 resp 701777 1000 pmu 1019376 1024442 8272468 16460837 1357389945
1790891054.919832 W 245 lat 1018 5185 11166 0 exe 118296 599444 724944 resp 734259 1000 pmu 1023872 1032647 8318140 16012295 1508044083
1790891054.919885 W 246 lat 296 2907 8962 0 exe 71092 383111 639222 resp 645722 962 pmu 989183 967695 8012950 16733985 1001520970
1790891054.919941 W 247 lat 296 4148 9037 0 exe 96703 519944 674425 resp 680759 999 pmu 1007723 1013820 8169616 14519131 1322763999
1790891054.919996 W 248 lat 462 4629 11148 0 exe 102148 530555 682222 resp 686870 1000 pmu 1020008 1010736 8282697 15689284 1348458253
1790891054.920050 W 249 lat 296 4111 10185 0 exe 86555 493425 713148 resp 718666 998 pmu 1014850 1016906 8225343 15852678 1260059535
1790891054.920105 W 250 lat 407 5222 12296 0 exe 105074 592203 722999 resp 728537 1000 pmu 1023908 1032185 8325907 15894556 1494943403
1790891054.920159 W 251 lat 296 3740 10296 0 exe 76481 458907 727499 resp 734148 995 pmu 1007530 999858 8163219 16596280 1176296397
1790891054.920211 W 252 lat 296 462 4888 0 exe 12925 62351 507259 resp 510296 243 pmu 837159 260925 6742573 15817410 173575913
1790891054.920259 W 253 lat 296 296 351 0 exe 12907 13277 13870 resp 14166 0 pmu 791027 90 6377621 11251865 36564041
1790891054.920284 [MG] memguard_call 0 0 0 (CPU 0)
1790891054.920308 [MG] memguard_call 0 0 0 (CPU 1)
1790891054.920331 [MG] memguard_call 0 0 0 (CPU 2)
1790891054.920351 Closing cell "rt-bench"
1790891054.920375 [MG] Initializing memguard on CPU 3
1790891054.920399 [SMMUv2] Exiting SMMUv2 on cell 1
1790891054.920434 Page pool usage after cell destruction: mem 77/4061, remap 5/131072
1790891054.920460 [MG] Initializing memguard on CPU 3
1790891054.920484 [MG] Initializing memguard on CPU 3
1790891054.920508 [MG] Initializing memguard on CPU 3
1790891054.920528 Created cell "rt-bench"
1790891054.920562 Page pool usage after cell creation: mem 88/4061, remap 5/131072
1790891054.920587 [MG] Initializing memguard on CPU 3
1790891054.920610 Cell "rt-bench" can be loaded
1790891054.920629 Started cell "rt-bench"
1790891054.920653 [MG] Initializing memguard on CPU 3
1790891054.920683 rt-bench: ws 768 KB, 1024 loads/period, window 1000
1790891055.961554 W 0 lat 333 462 888 0 exe 17333 23092 125444 resp 125999 6 pmu 793196 41374 6398978 5307468 41464074
1790891056.897539 W 1 lat 296 296 814 0 exe 12777 15240 115703 resp 116277 2 pmu 791389 18398 6380036 7226923 38818349
1790891057.941539 W 2 lat 277 296 499 0 exe 12888 14499 90925 resp 91259 0 pmu 791343 13995 6381414 7066112 37888782
1790891058.981522 W 3 lat 296 296 351 0 exe 12851 13333 18907 resp 19203 0 pmu 790703 696 6383172 6812281 34187594
1790891059.917537 W 4 lat 296 296 462 0 exe 12851 14574 95740 resp 96203 0 pmu 791687 14868 6388524 6085056 37474016
1790891060.957528 W 5 lat 296 296 407 0 exe 12870 13277 15277 resp 15574 0 pmu 789696 230 6367280 6861132 33957071
1790891061.061987 [MG] memguard_call 1000 5000 1 (CPU 0)
1790891061.062040 [MG] memguard_call 1000 5000 1 (CPU 1)
1790891061.062066 [MG] memguard_call 1000 5000 1 (CPU 2)
1790891061.893539 W 6 lat 296 296 796 0 exe 12907 19777 129537 resp 130333 1 pmu 790522 75922 6382787 6049000 55369964
1790891062.933511 W 7 lat 296 296 333 0 exe 12907 13296 15203 resp 15499 0 pmu 791790 200 6385469 7228940 34235610
1790891063.973540 W 8 lat 296 296 629 0 exe 12907 14814 59814 resp 60129 0 pmu 790825 18124 6374286 6048039 38719211
1790891064.909512 W 9 lat 296 296 351 0 exe 12888 13277 13740 resp 14055 0 pmu 790207 60 6372085 6503324 33671824
1790891065.953537 W 10 lat 296 296 574 0 exe 12833 14685 55370 resp 55666 0 pmu 790088 16772 6373153 6033351 38318688
1790891066.993510 W 11 lat 296 296 333 0 exe 12870 13277 13870 resp 14166 0 pmu 791351 100 6382551 6457697 33683992
1790891067.929535 W 12 lat 296 296 425 0 exe 12907 14759 57833 resp 58129 0 pmu 789652 17580 6366183 6034548 38552280
1790891068.969520 W 13 lat 296 296 333 0 exe 12833 13277 15537 resp 15833 0 pmu 788974 271 6364217 6482300 33778223
1790891069.909535 W 14 lat 296 296 499 0 exe 12888 14777 58981 resp 59296 0 pmu 790831 17916 6378120 6051064 38633781
1790891070.949511 W 15 lat 296 296 333 0 exe 12870 13296 14092 resp 14388 0 pmu 791901 125 6382560 6494256 33739725
1790891071.989555 W 16 lat 296 296 592 0 exe 12851 19796 72148 resp 72462 0 pmu 790142 77280 6379178 6036823 55574728
1790891072.925517 W 17 lat 296 296 574 0 exe 12907 15833 76111 resp 76444 0 pmu 792451 30141 6383998 6651394 42193142
1790891073.969536 W 18 lat 296 296 444 0 exe 12814 14814 58037 resp 58481 0 pmu 790864 18234 6377281 6671387 39202122
1790891074.905513 W 19 lat 296 296 351 0 exe 12944 13296 13870 resp 14166 0 pmu 792335 93 6391872 6484870 33728600
1790891075.945537 W 20 lat 296 296 499 0 exe 12925 14777 61833 resp 62148 0 pmu 790054 17980 6372000 6035032 38706937
1790891076.985514 W 21 lat 296 296 333 0 exe 12814 13277 14185 resp 14481 0 pmu 789820 164 6370410 6522862 33719654
1790891077.921536 W 22 lat 296 296 648 0 exe 12888 14796 62240 resp 62592 0 pmu 789801 18218 6373192 6037297 38776474
1790891078.961510 W 23 lat 296 296 333 0 exe 12907 13277 14018 resp 14314 0 pmu 790984 161 6381295 6527882 33724062
1790891079.897537 W 24 lat 277 296 777 0 exe 12833 14740 59259 resp 59555 0 pmu 789793 17484 6370874 6036125 38579823
1790891080.937514 W 25 lat 296 296 351 0 exe 12851 13296 14074 resp 14388 0 pmu 790411 227 6376236 6497930 33745505
1790891081.977537 W 26 lat 296 296 444 0 exe 12870 14722 61666 resp 61962 0 pmu 789852 17351 6372802 6036741 38539254
1790891082.913511 W 27 lat 296 296 333 0 exe 12925 13277 14092 resp 14388 0 pmu 790012 188 6372679 6520357 33717450
1790891083.953540 W 28 lat 296 296 592 0 exe 12907 14703 57425 resp 57907 0 pmu 790176 17080 6369910 6037023 38403765
1790891084.993512 W 29 lat 296 296 333 0 exe 12870 13277 13870 resp 14185 0 pmu 790387 161 6367080 6479687 33715922
1790891085.929539 W 30 lat 296 296 518 0 exe 12870 14833 62981 resp 63499 0 pmu 790500 18526 6371821 6034682 38925271
1790891086.969512 W 31 lat 296 296 333 0 exe 12870 13296 14333 resp 14629 0 pmu 791197 238 6381240 6535427 33774749
1790891087.905545 W 32 lat 296 296 518 0 exe 12833 14740 58462 resp 58759 0 pmu 790165 17535 6372257 6039296 38585497
1790891088.945513 W 33 lat 296 296 333 0 exe 12851 13314 14666 resp 14962 0 pmu 790397 402 6375754 6488688 33789755
1790891089.989538 W 34 lat 296 296 518 0 exe 12833 14703 59166 resp 59592 0 pmu 790324 17084 6370836 6042693 38456932
1790891090.925513 W 35 lat 296 296 333 0 exe 12833 13370 19833 resp 20148 0 pmu 791042 1064 6372002 6496096 33924928
1790891091.965548 W 36 lat 296 296 407 0 exe 12888 13648 44685 resp 45018 0 pmu 789788 4635 6364282 6094454 35082992
1790891092.901513 W 37 lat 296 296 462 0 exe 12888 14296 55499 resp 55796 0 pmu 792154 11935 6385606 6345232 36873555
1790891093.945545 W 38 lat 296 296 351 0 exe 12814 13259 13777 resp 14074 0 pmu 791160 39 6379212 6456861 33630446
1790891094.981521 W 39 lat 296 296 462 0 exe 12888 14722 59629 resp 59925 0 pmu 789597 17222 6368521 6033282 38498168
1790891095.917510 W 40 lat 296 296 333 0 exe 12796 13259 13740 resp 14055 0 pmu 789578 45 6365216 6500209 33628414
1790891096.961537 W 41 lat 296 296 537 0 exe 12851 14722 56685 resp 57092 0 pmu 789825 17288 6374359 6032766 38466551
1790891097.897512 W 42 lat 296 296 351 0 exe 12870 13277 16092 resp 16388 0 pmu 789182 220 6368181 6471583 33693357
1790891098.937541 W 43 lat 277 296 444 0 exe 12888 14740 58555 resp 58907 0 pmu 790157 17612 6370310 6056832 38568196
1790891099.977509 W 44 lat 296 296 351 0 exe 12833 13259 13944 resp 14240 0 pmu 790179 103 6369794 6489596 33662723
1790891100.913535 W 45 lat 277 296 462 0 exe 12851 14740 56518 resp 56925 0 pmu 788982 17443 6360967 6035105 38462041
1790891101.953514 W 46 lat 296 296 351 0 exe 12925 13277 14037 resp 14333 0 pmu 790101 158 6376608 6469386 33708555
1790891102.993536 W 47 lat 277 296 518 0 exe 12907 14796 56740 resp 57074 0 pmu 790197 17922 6368693 6036566 38610558
1790891103.929516 W 48 lat 296 296 333 0 exe 12833 13277 15370 resp 15685 0 pmu 791038 179 6370144 6472254 33730425
1790891104.969537 W 49 lat 296 296 537 0 exe 12833 14740 57277 resp 57574 0 pmu 790024 17466 6369645 6049447 38576284
1790891105.905510 W 50 lat 296 296 351 0 exe 12870 13259 14777 resp 15092 0 pmu 790348 74 6372592 6476996 33656262
1790891106.945537 W 51 lat 296 296 444 0 exe 12888 14777 57407 resp 57703 0 pmu 790830 17699 6374867 6043760 38609490
1790891107.985508 W 52 lat 296 296 333 0 exe 12851 13259 13777 resp 14074 0 pmu 790059 58 6364040 6478224 33646887
1790891108.921535 W 53 lat 296 296 425 0 exe 12870 14740 56907 resp 57203 0 pmu 790624 17399 6378672 6033386 38515208
1790891109.961512 W 54 lat 296 296 333 0 exe 12740 13277 14388 resp 14685 0 pmu 789120 121 6361583 6472777 33667164
1790891110.897536 W 55 lat 296 296 499 0 exe 12833 14796 56962 resp 57370 0 pmu 789723 18172 6364608 6039127 38653682
1790891111.937512 W 56 lat 296 296 351 0 exe 12870 13277 13907 resp 14203 0 pmu 790190 100 6369661 6474461 33691780
1790891112.977536 W 57 lat 296 296 555 0 exe 12833 14722 57185 resp 57481 0 pmu 789750 17259 6368939 6034938 38426409
1790891113.913510 W 58 lat 296 296 370 0 exe 12888 13277 13981 resp 14314 0 pmu 790943 61 6380152 6476012 33660323
1790891114.957536 W 59 lat 296 296 518 0 exe 12870 14740 57759 resp 58148 0 pmu 788866 17602 6362705 6035985 38498277
1790891115.893513 W 60 lat 296 296 444 0 exe 12814 13277 14111 resp 14407 0 pmu 789147 173 6361809 6482305 33700453
1790891116.937536 W 61 lat 296 296 462 0 exe 12814 14814 58203 resp 58666 0 pmu 789357 18232 6367158 6037078 38793365
1790891117.977509 W 62 lat 296 296 333 0 exe 12851 13259 13796 resp 14092 0 pmu 789747 58 6367329 6486861 33649674
1790891118.913535 W 63 lat 296 296 611 0 exe 12870 14703 63611 resp 63925 0 pmu 789562 17006 6368371 6033710 38406207
1790891119.953510 W 64 lat 277 296 333 0 exe 12870 13259 13870 resp 14185 0 pmu 788630 68 6354482 6540563 33673595
1790891120.893536 W 65 lat 296 296 537 0 exe 12851 14740 61814 resp 62129 0 pmu 789608 17567 6369924 6034442 38595654
1790891121.933536 W 66 lat 296 296 499 0 exe 12907 13574 31944 resp 32296 0 pmu 788741 3752 6360561 6522446 34965460
1790891122.973536 W 67 lat 296 296 444 0 exe 12925 14703 58203 resp 58648 0 pmu 790164 17136 6375885 6218186 38548521
1790891123.917564 W 68 lat 296 370 3462 0 exe 12851 56592 489648 resp 492499 270 pmu 851892 484608 6895022 6487488 170515855
1790891124.970432 W 69 lat 296 981 5962 0 exe 25518 118796 501722 resp 504333 348 pmu 798448 398194 6450864 11039073 311410405
1790891125.910405 W 70 lat 296 296 703 0 exe 19129 38925 59999 resp 60296 0 pmu 790175 304529 6387161 11547434 101631949
1790891126.945558 W 71 lat 296 314 740 0 exe 24259 52666 112370 resp 112777 1 pmu 797509 468962 6449375 6657440 141257920
1790891127.998423 W 72 lat 296 925 4222 0 exe 25462 124092 472481 resp 474148 343 pmu 795477 556534 6432213 7277505 321417864
1790891128.930458 W 73 lat 296 314 870 0 exe 22629 51629 96999 resp 97574 0 pmu 797415 456554 6454719 11267645 136863359
1790891129.969557 W 74 lat 296 314 8925 0 exe 19777 47907 113148 resp 122074 2 pmu 794167 412846 6422801 7110996 127969306
1790891130.918439 W 75 lat 296 870 5611 0 exe 19629 114370 485388 resp 488833 297 pmu 825534 549336 6682227 7322410 312651547
1790891131.957845 W 76 lat 296 333 1777 0 exe 19111 45648 120870 resp 122648 1 pmu 816291 384158 6603800 11334484 139257853
1790891132.905869 W 77 lat 296 962 6555 0 exe 30296 159018 550648 resp 554833 436 pmu 955756 934324 7777991 7313973 460481553
1790891133.958454 W 78 lat 296 574 4740 0 exe 21666 91018 472611 resp 474259 134 pmu 827328 528228 6687230 12273171 252067353
1790891134.993566 W 79 lat 296 333 3277 0 exe 25129 58407 121981 resp 125259 1 pmu 810209 537998 6559168 11085269 165504027
1790891135.942503 W 80 lat 296 907 5370 0 exe 30388 124833 453648 resp 455888 301 pmu 821456 631189 6652682 7433648 335298519
1790891136.981585 W 81 lat 296 333 851 0 exe 31055 66203 107814 resp 108277 1 pmu 815856 630657 6607264 11116086 188504620
1790891137.929917 W 82 lat 296 722 4648 0 exe 28166 128462 481462 resp 482925 219 pmu 874064 810275 7102085 7333982 367783217
1790891138.978493 W 83 lat 296 611 4333 0 exe 19537 102166 478222 resp 482555 151 pmu 854585 651104 6920495 11393305 293076164
1790891139.913857 W 84 lat 296 518 4351 0 exe 27666 95296 474925 resp 477759 84 pmu 837125 680700 6786410 11198260 271943324
1790891140.957970 W 85 lat 296 629 4314 0 exe 21351 105074 488796 resp 490814 148 pmu 869990 772644 7078639 11163981 316703263
1790891142.005743 W 86 lat 296 611 5481 0 exe 25999 104592 508981 resp 511833 156 pmu 873993 742606 7066838 11316348 307794916
1790891142.937597 W 87 lat 296 777 4740 0 exe 24055 114481 468277 resp 470703 264 pmu 828859 621887 6713280 11549304 319072175
1790891143.981573 W 88 lat 296 333 1833 0 exe 27481 55351 119814 resp 121648 1 pmu 804523 500586 6512161 11176190 156690694
1790891144.921663 W 89 lat 296 592 4425 0 exe 25240 90851 472092 resp 474759 159 pmu 797684 546324 6451387 7393496 234308151
1790891145.961594 W 90 lat 296 629 5870 0 exe 17555 80666 527925 resp 532722 170 pmu 811251 400330 6559724 11101286 217730655
1790891146.897576 W 91 lat 296 333 2759 0 exe 22425 58351 112055 resp 114814 2 pmu 807423 537073 6531541 11587703 165233150
1790891147.949761 W 92 lat 296 796 5537 0 exe 32296 138074 569444 resp 573981 244 pmu 901268 878979 7331054 7315118 408291920
1790891148.989589 W 93 lat 296 555 4148 0 exe 22759 98555 472759 resp 474981 108 pmu 838939 654636 6796525 12361965 279531087
1790891149.933622 W 94 lat 296 518 4666 0 exe 26222 77518 418666 resp 422018 109 pmu 819862 534517 6628521 11130275 218834344
1790891150.969587 W 95 lat 296 722 4240 0 exe 26166 94240 486851 resp 489999 209 pmu 796205 486773 6443872 10509535 247322404
1790891151.909579 W 96 lat 296 314 2777 0 exe 22870 46407 109388 resp 112166 1 pmu 800883 393360 6479045 11272052 132137263
1790891152.957599 W 97 lat 296 907 4685 0 exe 40537 111777 439629 resp 443185 324 pmu 790124 557981 6390231 7231311 283026821
1790891153.997590 W 98 lat 296 351 3351 0 exe 21870 45148 352574 resp 355518 20 pmu 795790 339358 6435676 10964579 128013298
1790891154.933576 W 99 lat 296 314 814 0 exe 24037 55666 83537 resp 83962 0 pmu 789274 506676 6383291 9655011 147911223
1790891155.981606 W 100 lat 296 944 4907 0 exe 49092 122685 490685 resp 493296 340 pmu 800969 609789 6481892 7003451 319626686
1790891156.917612 W 101 lat 277 296 666 0 exe 43722 52555 71166 resp 71462 0 pmu 789132 468710 6386479 11568939 136699029
1790891157.957593 W 102 lat 296 314 6648 0 exe 46814 65425 117833 resp 124481 2 pmu 802109 621933 6491959 6960088 175511738
1790891158.997619 W 103 lat 296 907 4185 0 exe 45277 122388 466722 resp 469351 308 pmu 819568 622869 6634711 7569214 328918073
1790891159.945600 W 104 lat 296 351 2722 0 exe 33870 65203 142648 resp 143055 12 pmu 821712 617092 6655727 11305228 189883096
1790891160.985672 W 105 lat 296 851 7185 0 exe 19185 139388 484870 resp 486703 245 pmu 882766 825563 7180147 7700764 398246821
1790891161.925589 W 106 lat 296 611 4592 0 exe 18759 98574 494425 resp 497666 131 pmu 844012 600252 6825310 11452303 279853055
1790891162.965569 W 107 lat 296 333 3703 0 exe 26092 56648 108944 resp 112648 1 pmu 808258 517148 6541774 11334004 160736384
1790891163.909570 W 108 lat 296 907 4259 0 exe 19629 107518 470740 resp 473629 321 pmu 811283 474494 6564447 7303554 289848524
1790891164.949562 W 109 lat 296 314 4129 0 exe 19499 26629 118870 resp 122999 1 pmu 791209 156800 6394303 11144384 79961401
1790891165.997662 W 110 lat 277 407 3888 0 exe 25481 68407 393648 resp 395129 60 pmu 801337 532069 6478113 7223113 181237969
1790891166.933564 W 111 lat 296 833 4370 0 exe 20740 84185 466166 resp 468148 279 pmu 791450 315714 6396484 10196400 219329541
1790891167.973557 W 112 lat 296 314 703 0 exe 20148 33574 125759 resp 126222 2 pmu 796929 239061 6442681 10983076 98445366
1790891168.917667 W 113 lat 296 703 4259 0 exe 24370 70722 389462 resp 392037 228 pmu 792489 293771 6403827 7295034 185247639
1790891169.957567 W 114 lat 296 518 3925 0 exe 19370 56407 474740 resp 478092 111 pmu 800179 318681 6468417 10169084 155023282
1790891170.997554 W 115 lat 296 314 2370 0 exe 28444 55796 122481 resp 124851 2 pmu 791543 508112 6404620 10926092 150046676
1790891171.941572 W 116 lat 296 981 4907 0 exe 23148 123999 490314 resp 492999 340 pmu 812295 528711 6568140 7432975 326933896
1790891172.981552 W 117 lat 296 296 759 0 exe 23592 48907 68388 resp 68685 0 pmu 788629 424759 6382107 11442710 127942315
1790891173.917560 W 118 lat 296 333 833 0 exe 28314 62092 117574 resp 118018 1 pmu 806774 581924 6530662 6813930 171158540
1790891174.961976 W 119 lat 296 851 5185 0 exe 55074 142870 480518 resp 482537 270 pmu 897521 882439 7301548 7397272 418803388
1790891175.897573 W 120 lat 296 629 4722 0 exe 25666 107333 479888 resp 484555 109 pmu 862494 743762 6987197 11596467 314175546
1790891176.937578 W 121 lat 296 796 4685 0 exe 23240 120296 478425 resp 481555 253 pmu 846280 660487 6856665 11275903 341107263
1790891177.981957 W 122 lat 277 462 5259 0 exe 27592 85129 542703 resp 546388 53 pmu 832192 692641 6775103 11306172 245393634
1790891178.921949 W 123 lat 296 722 4999 0 exe 36907 129277 535981 resp 540981 233 pmu 900090 888319 7291531 11799210 387927414
1790891179.965575 W 124 lat 296 518 4407 0 exe 19370 80740 485462 resp 488592 103 pmu 814098 450353 6580028 12005649 218781702
1790891180.910020 W 125 lat 296 518 4018 0 exe 22407 78703 472018 resp 475685 73 pmu 833597 502839 6761926 11156411 227965451
1790891181.953575 W 126 lat 296 833 4611 0 exe 77074 142740 493240 resp 496111 377 pmu 918006 914463 7462889 11028796 425867654
1790891183.002165 W 127 lat 296 648 4462 0 exe 51444 118962 473462 resp 475703 128 pmu 880146 828385 7131788 11834428 350256818
1790891183.937541 W 128 lat 277 388 3629 0 exe 12833 44370 485407 resp 487092 159 pmu 840156 302674 6790410 11384842 142371869
1790891184.977537 W 129 lat 296 296 481 0 exe 12759 14370 56351 resp 56703 0 pmu 791272 12719 6382708 10929396 40467735
1790891185.917960 W 130 lat 296 1537 5796 0 exe 12907 126777 486685 resp 492333 553 pmu 916184 608422 7466757 6467196 357736621
1790891186.957966 W 131 lat 351 2499 6592 0 exe 95685 183907 436111 resp 440425 982 pmu 1031886 1031024 8453499 11394380 535013732
1790891187.897930 W 132 lat 888 3111 5759 0 exe 98851 189296 429555 resp 433203 999 pmu 1031796 1032977 8430006 11590320 547569660
1790891188.937983 W 133 lat 333 2944 5888 0 exe 98537 183722 442518 resp 447018 999 pmu 1031607 1032399 8426247 11565921 534992523
1790891189.977933 W 134 lat 740 3148 5870 0 exe 101851 190759 420129 resp 424351 1000 pmu 1030595 1029324 8421324 11667411 550878633
1790891190.934027 W 135 lat 351 2944 6648 0 exe 97925 181333 434981 resp 438351 998 pmu 1031709 1031668 8421533 11496633 529178112
1790891191.901822 W 136 lat 740 3203 6148 0 exe 101314 187499 427055 resp 431981 1000 pmu 1031762 1027940 8426705 11575237 543414585
1790891192.950020 W 137 lat 333 2037 5851 0 exe 89462 148203 425259 resp 429074 928 pmu 1030770 1025005 8405073 11551989 451795530
1790891194.002026 W 138 lat 351 3111 6129 0 exe 98425 188907 419148 resp 424999 990 pmu 1031160 1030729 8430865 11263548 546214403
1790891194.941980 W 139 lat 314 2999 6222 0 exe 97759 176296 417962 resp 422037 987 pmu 1031722 1028925 8427726 11467725 517315645
1790891195.998057 W 140 lat 1018 3148 6518 0 exe 101796 185666 415833 resp 418685 1000 pmu 1031945 1030265 8435463 11380713 538980803
1790891196.942031 W 141 lat 370 2999 6111 0 exe 97351 178685 418685 resp 422592 980 pmu 1031634 1027599 8427165 11425744 523090134
1790891197.906002 W 142 lat 462 3092 5740 0 exe 101203 189907 435703 resp 440740 1000 pmu 1031505 1030130 8430063 11396507 548667763
1790891198.974012 W 143 lat 333 2981 5925 0 exe 96055 178370 426907 resp 431814 990 pmu 1031739 1027812 8429840 11646597 522337403
1790891199.918047 W 144 lat 537 3240 6203 0 exe 100296 208574 440962 resp 445370 1000 pmu 1032183 1031022 8447712 11474486 593337684
1790891200.960154 W 145 lat 425 3277 6574 0 exe 97314 202518 450555 resp 454055 998 pmu 1032165 1028876 8441812 11788341 579188931
1790891201.902058 W 146 lat 370 2962 6518 0 exe 95388 183518 426074 resp 430481 972 pmu 1031263 1025933 8428208 11836090 534156879
1790891202.957997 W 147 lat 333 3092 5870 0 exe 90574 185777 441370 resp 445259 981 pmu 1031639 1027078 8430161 11489014 539135518
1790891203.902064 W 148 lat 351 2981 5870 0 exe 98314 179055 415981 resp 419611 994 pmu 1031779 1029877 8440512 11623905 524124759
1790891204.954023 W 149 lat 370 3166 6407 0 exe 99296 188092 431888 resp 435333 1000 pmu 1031670 1030867 8428584 11373372 544711175
1790891205.906076 W 150 lat 351 2944 6351 0 exe 97981 186888 415592 resp 418240 991 pmu 1031100 1026739 8421391 11585295 541869095
1790891206.970037 W 151 lat 907 3203 7018 0 exe 100999 190314 434518 resp 438259 1000 pmu 1031981 1031675 8441245 11404196 549982739
1790891207.914116 W 152 lat 333 2925 5703 0 exe 98722 181203 439740 resp 442462 995 pmu 1031698 1033118 8435647 11638502 528899784
1790891208.962085 W 153 lat 351 3129 6129 0 exe 98407 190574 435962 resp 438999 999 pmu 1031944 1029311 8433605 11617991 550747670
1790891209.918112 W 154 lat 333 2925 6925 0 exe 97796 187740 443240 resp 447703 993 pmu 1031255 1027115 8430608 11630378 544200062
1790891210.982104 W 155 lat 759 3129 6166 0 exe 100388 181703 443370 resp 447203 1000 pmu 1031870 1029372 8437887 11695812 529732526
1790891211.937992 W 156 lat 333 2907 5759 0 exe 93407 174851 369703 resp 373351 989 pmu 1031696 1029470 8428575 11676133 514002302
1790891212.994047 W 157 lat 462 3222 6129 0 exe 98944 186129 407685 resp 411166 999 pmu 1031980 1029717 8444317 10864194 539891613
1790891213.946070 W 158 lat 351 3092 6759 0 exe 93870 186240 415166 resp 419999 981 pmu 1031476 1025920 8426979 11331223 540550720
1790891214.902111 W 159 lat 666 3259 6611 0 exe 97148 199925 431759 resp 438037 998 pmu 1031991 1031329 8435146 11389907 572763634
1790891215.966111 W 160 lat 351 3055 6259 0 exe 94999 195148 437296 resp 441999 993 pmu 1031815 1027353 8434966 11649742 562011962
1790891216.922029 W 161 lat 462 3240 6666 0 exe 96907 192055 418592 resp 422796 998 pmu 1031934 1029292 8437727 11658202 554255820
1790891217.958143 W 162 lat 351 2962 6370 0 exe 96462 193425 435111 resp 438796 999 pmu 1030771 1029187 8424754 11466176 557337284
1790891218.898090 W 163 lat 333 3018 6333 0 exe 98759 181333 432999 resp 436370 998 pmu 1031779 1032781 8430362 11630087 528629357
1790891219.939145 W 164 lat 351 3240 7888 0 exe 98722 196259 437240 resp 441481 999 pmu 1031970 1030266 8441455 11558365 564250941
1790891220.978088 W 165 lat 314 3074 6074 0 exe 96999 191462 424407 resp 427999 986 pmu 1031862 1029921 8438405 11688388 553399640
1790891221.914051 W 166 lat 703 3166 6277 0 exe 100574 205685 435074 resp 438685 1000 pmu 1031298 1025140 8427936 11514263 585744820
1790891222.958109 W 167 lat 351 2962 5740 0 exe 96537 174518 411870 resp 415314 982 pmu 1031627 1025642 8427850 11713325 513312402
1790891223.998066 W 168 lat 685 3185 6296 0 exe 100166 180870 407444 resp 410814 1000 pmu 1031930 1028119 8437061 11298960 527539060
1790891224.934045 W 169 lat 425 2981 6944 0 exe 98629 187314 436055 resp 439907 996 pmu 1031788 1032443 8433374 11309665 543081989
1790891225.974118 W 170 lat 462 3166 6537 0 exe 98925 198759 431814 resp 437685 999 pmu 1031385 1030708 8433163 11623910 569367210
1790891226.914172 W 171 lat 351 2962 6425 0 exe 97907 177833 421537 resp 424888 993 pmu 1031613 1032584 8430684 11649362 521112838
1790891227.958098 W 172 lat 592 3166 6740 0 exe 96981 193240 432203 resp 437222 999 pmu 1032024 1033495 8440570 11422080 556878764
1790891228.998070 W 173 lat 351 3018 6740 0 exe 97055 186425 431333 resp 434629 993 pmu 1031787 1032198 8440992 11613189 541551839
1790891229.946056 W 174 lat 462 3148 5685 0 exe 100555 189314 431999 resp 435407 1000 pmu 1031440 1028619 8424131 11560307 547118129
1790891230.902020 W 175 lat 425 2999 6444 0 exe 97462 179129 436388 resp 439425 993 pmu 1031799 1030267 8436822 11595252 523965208
1790891231.950150 W 176 lat 481 3166 5814 0 exe 100944 179185 384555 resp 387796 1000 pmu 1031950 1032944 8438919 11574044 523927054
1790891232.990113 W 177 lat 351 2962 6592 0 exe 99444 176055 425888 resp 429574 999 pmu 1031504 1033166 8427905 11072285 516406251
1790891233.926189 W 178 lat 592 3148 5981 0 exe 96407 189388 433666 resp 439444 999 pmu 1031334 1028568 8424745 11466942 547406204
1790891234.970114 W 179 lat 333 3018 7962 0 exe 97129 185481 425537 resp 429537 981 pmu 1031848 1028711 8437612 11605717 539227383
1790891235.930108 W 180 lat 333 3092 6388 0 exe 90666 182296 405296 resp 409314 967 pmu 1031676 1022678 8430666 11507530 530712133
1790891236.990067 W 181 lat 333 3018 6870 0 exe 94833 185499 425425 resp 428611 975 pmu 1031808 1021771 8433187 11249390 538854786
1790891237.934155 W 182 lat 518 3148 6555 0 exe 96425 197481 424537 resp 428370 997 pmu 1031281 1018744 8426785 11485472 566435470
1790891238.982192 W 183 lat 388 2999 6407 0 exe 92129 176870 426796 resp 431296 945 pmu 1031708 1020769 8423712 11547629 518464231
1790891239.950198 W 184 lat 388 3148 6277 0 exe 94111 182203 434962 resp 438648 998 pmu 1031681 1028277 8433535 11447042 530707559
1790891240.922221 W 185 lat 833 3296 6092 0 exe 98555 183611 418148 resp 421833 999 pmu 1031585 1021295 8431300 11561223 533903349
1790891241.986102 W 186 lat 351 2962 5703 0 exe 94833 180240 415851 resp 419018 963 pmu 1031358 1018189 8424789 11424184 526051041
1790891242.942225 W 187 lat 444 3259 6296 0 exe 99740 190314 420722 resp 423666 1000 pmu 1031875 1021579 8431391 11357141 549600567
1790891243.994418 W 188 lat 351 3018 7907 0 exe 93962 186055 437370 resp 441851 975 pmu 1031784 1026694 8430548 11484668 540422298
1790891244.954099 W 189 lat 518 3240 6796 0 exe 94925 203740 446148 resp 449648 999 pmu 1031895 1028357 8444246 11615140 581545235
1790891245.993544 W 190 lat 296 1370 6481 0 exe 12907 91870 424907 resp 429074 414 pmu 904938 503349 7321686 11785906 268619146
1790891246.929509 W 191 lat 296 296 370 0 exe 12851 13277 13851 resp 14166 0 pmu 791813 20 6387557 10593949 36138084
1790891247.974128 W 192 lat 296 1259 9370 0 exe 12907 148648 691370 resp 697444 367 pmu 881140 461112 7162675 6035687 396942766
1790891248.909991 W 193 lat 314 3629 10981 0 exe 91074 430388 706796 resp 714425 950 pmu 1014908 1018172 8248431 13568925 1115564077
1790891249.950434 W 194 lat 314 3499 11574 0 exe 96351 421111 711222 resp 719981 951 pmu 1029006 1033223 8381923 15550484 1088084827
1790891250.993638 W 195 lat 296 2999 9092 0 exe 90444 413629 697999 resp 702814 997 pmu 1027222 1033609 8349737 15582709 1071746299
1790891251.930372 W 196 lat 296 592 4999 0 exe 63629 114370 562092 resp 564629 498 pmu 974344 845858 7920998 15347663 362547054
1790891252.974539 W 197 lat 314 981 7648 0 exe 98629 162944 691648 resp 696962 998 pmu 1027908 1009234 8359638 12315725 478643638
1790891253.910328 W 198 lat 296 925 5703 0 exe 71388 165333 541166 resp 544796 914 pmu 1005041 981716 8167275 14058106 496656875
1790891254.950570 W 199 lat 296 1444 7814 0 exe 67074 232351 661888 resp 668740 860 pmu 988927 939285 8020769 12410275 641463344
1790891255.909986 W 200 lat 296 3148 10351 0 exe 61351 393055 721703 resp 729166 965 pmu 1011801 1010924 8225438 13960541 1029692353
1790891256.950524 W 201 lat 296 3537 11055 0 exe 95999 430962 712055 resp 716740 898 pmu 1029185 1031041 8388238 15357524 1111229888
1790891257.990341 W 202 lat 333 3277 11074 0 exe 98574 411685 730833 resp 738259 985 pmu 1028697 1034970 8373973 15615735 1065657360
1790891258.926283 W 203 lat 296 1018 11814 0 exe 64962 171629 696666 resp 703925 517 pmu 979303 895699 7948017 15731600 493448818
1790891259.970344 W 204 lat 333 851 6481 0 exe 98925 151999 653111 resp 658499 999 pmu 1027822 1007925 8363683 14014240 454083822
1790891260.906378 W 205 lat 296 1129 7333 0 exe 71462 194018 646870 resp 651777 931 pmu 1009320 992144 8198887 13613289 556213572
1790891261.949803 W 206 lat 296 1351 6759 0 exe 66166 223148 653462 resp 658129 838 pmu 988513 940005 8017149 13626590 615997542
1790891262.985840 W 207 lat 314 3648 9777 0 exe 99759 459851 720296 resp 726037 1000 pmu 1015571 1022281 8258794 13809134 1183146275
1790891263.926527 W 208 lat 351 2814 9648 0 exe 93648 384944 674388 resp 681685 973 pmu 1029180 1001242 8390142 15861036 1006692376
1790891264.965612 W 209 lat 296 2296 8277 0 exe 67907 307592 647611 resp 652425 816 pmu 1014185 944300 8228067 14999381 820304940
1790891265.906514 W 210 lat 296 666 5481 0 exe 52037 134407 570574 resp 573203 665 pmu 997867 925466 8120949 14193561 409488725
1790891266.961833 W 211 lat 277 833 6481 0 exe 99999 147851 654481 resp 659666 1000 pmu 1027654 1021366 8364014 12445933 443320881
1790891267.909630 W 212 lat 296 1333 6518 0 exe 71333 225074 643759 resp 649666 896 pmu 996477 973585 8082010 13610200 643269553
1790891268.961846 W 213 lat 296 1962 7888 0 exe 66185 283851 688499 resp 695537 902 pmu 999742 979093 8128823 13752251 765912632
1790891269.914030 W 214 lat 314 3518 9907 0 exe 98296 425166 700629 resp 707555 998 pmu 1023131 1029968 8321088 14483837 1099845716
1790891270.962024 W 215 lat 351 3037 9037 0 exe 101037 417092 670462 resp 677148 1000 pmu 1029532 1038218 8378941 15489543 1080802588
1790891271.905726 W 216 lat 296 2037 8222 0 exe 84185 286499 683185 resp 687777 750 pmu 999563 976599 8111114 15152614 769259678
1790891272.974547 W 217 lat 296 740 6037 0 exe 86222 140925 612277 resp 613685 963 pmu 1018896 1011036 8275885 14523661 431059027
1790891273.922272 W 218 lat 296 796 6462 0 exe 88851 153499 590759 resp 591462 960 pmu 1021535 1019536 8287756 13063359 461061373
1790891274.969643 W 219 lat 296 1074 8018 0 exe 77055 205740 597648 resp 603462 887 pmu 991089 966259 8051991 12922982 571195948
1790891275.926629 W 220 lat 296 2574 10259 0 exe 96129 339796 699259 resp 704037 991 pmu 1013060 1015003 8231363 13229051 910648714
1790891276.974389 W 221 lat 296 3444 12814 0 exe 94592 407259 726018 resp 732962 986 pmu 1027426 1024700 8351999 15024220 1062930777
1790891277.909804 W 222 lat 314 3203 13148 0 exe 88796 403370 678592 resp 683759 910 pmu 1029515 997966 8392214 15649258 1050221887
1790891278.949934 W 223 lat 296 1314 8555 0 exe 58759 192481 640092 resp 644999 612 pmu 1001904 894296 8119124 15117384 549292795
1790891279.990600 W 224 lat 314 703 5370 0 exe 94962 136055 588833 resp 591425 845 pmu 1022137 996563 8310867 13494559 415314938
1790891280.930368 W 225 lat 314 925 6499 0 exe 83981 176037 623333 resp 629833 929 pmu 1017419 1007885 8268468 12850664 515285226
1790891281.970084 W 226 lat 296 1277 7425 0 exe 41648 229981 606055 resp 612870 929 pmu 993367 972928 8059600 13367021 638720654
1790891282.909864 W 227 lat 296 2925 10499 0 exe 85111 382629 711537 resp 715703 958 pmu 1014855 1010564 8243262 13260261 1002004929
1790891283.949975 W 228 lat 333 3277 10370 0 exe 100537 412037 721888 resp 727296 1000 pmu 1028754 1036710 8373444 15306029 1074620503
1790891284.990471 W 229 lat 314 3037 11074 0 exe 96296 402925 711037 resp 717592 943 pmu 1027908 1032101 8364242 15641131 1045784123
1790891285.925767 W 230 lat 296 1203 7537 0 exe 61777 185129 639518 resp 645722 674 pmu 999122 945237 8109538 15472952 527585720
1790891286.971831 W 231 lat 296 740 5296 0 exe 94962 137666 552074 resp 553148 831 pmu 1022265 1000344 8308958 13468109 422555874
1790891287.906451 W 232 lat 296 888 6351 0 exe 75259 169796 567425 resp 569722 951 pmu 1013861 1001570 8233125 12483324 504472901
1790891288.946046 W 233 lat 296 1592 7574 0 exe 41462 264259 616611 resp 621870 910 pmu 993473 969440 8057187 12710996 708928918
1790891289.990098 W 234 lat 296 2722 12722 0 exe 92981 350555 692296 resp 697962 905 pmu 1016958 1015638 8269269 13530654 934318349
1790891290.926379 W 235 lat 314 3370 13888 0 exe 99111 433333 707370 resp 711537 999 pmu 1027243 1033940 8366785 15010383 1121313734
1790891291.965944 W 236 lat 314 2259 8499 0 exe 65851 315351 681777 resp 688111 798 pmu 1014170 960200 8224434 15606660 837510518
1790891292.906725 W 237 lat 296 1481 7759 0 exe 65462 223574 626092 resp 629666 742 pmu 1018070 988590 8280482 14572545 619949873
1790891293.957817 W 238 lat 296 814 6925 0 exe 96999 150981 665370 resp 672222 975 pmu 1020410 1007570 8294490 13534276 452526867
1790891294.997823 W 239 lat 296 1166 6611 0 exe 80555 219351 588962 resp 591314 928 pmu 1011724 1005661 8217798 13730435 607638673
1790891295.953867 W 240 lat 296 1944 7592 0 exe 69796 299907 658666 resp 663907 894 pmu 999800 990707 8115743 13203638 797576595
1790891296.905913 W 241 lat 296 2703 9333 0 exe 95666 349888 716481 resp 721592 934 pmu 1016245 1015825 8260744 14273219 926217127
1790891297.957876 W 242 lat 314 3537 12277 0 exe 95407 425629 729037 resp 737814 991 pmu 1028023 1034125 8372159 15242391 1102483547
1790891298.901646 W 243 lat 314 2518 10981 0 exe 85481 347833 677740 resp 685314 881 pmu 1018415 1015443 8265761 15782363 914480671
1790891299.953739 W 244 lat 296 1462 8222 0 exe 86018 225574 652962 resp 657314 947 pmu 1017846 1014016 8271533 14813356 632020996
1790891300.897598 W 245 lat 314 759 6037 0 exe 85870 139037 597629 resp 601629 821 pmu 1021006 996200 8286985 13921252 424384934
1790891301.941876 W 246 lat 296 1037 7018 0 exe 77055 197203 651444 resp 658092 890 pmu 1007345 991857 8181837 12918563 566201115
1790891302.993832 W 247 lat 296 1666 8277 0 exe 87999 252944 632907 resp 636555 812 pmu 1006689 987809 8183626 13722727 703488155
1790891303.937765 W 248 lat 296 2518 8685 0 exe 89833 339851 656129 resp 660925 931 pmu 1019030 1010758 8274294 13865789 904602760
1790891304.989846 W 249 lat 314 3407 11407 0 exe 97111 413907 707648 resp 715925 992 pmu 1028052 1033813 8370383 14553784 1078195927
1790891305.949890 W 250 lat 296 1981 8981 0 exe 62259 280981 657148 resp 662629 756 pmu 1008762 941863 8188289 15510512 757883807
1790891306.993814 W 251 lat 314 1907 8833 0 exe 90166 288944 660777 resp 666185 832 pmu 1025367 998076 8355607 14133490 777974666
1790891307.933545 W 252 lat 296 574 7333 0 exe 12833 83462 529703 resp 534814 393 pmu 931283 654625 7531486 14346646 262135689
1790891308.973515 W 253 lat 296 296 388 0 exe 12833 13814 53277 resp 53629 0 pmu 789709 6271 6365886 11604640 38409828
1790891309.739334 [MG] memguard_call 0 0 0 (CPU 0)
1790891309.739444 [MG] memguard_call 0 0 0 (CPU 1)
1790891309.739485 [MG] memguard_call 0 0 0 (CPU 2)
1790891309.739518 Closing cell "rt-bench"
1790891309.739885 [MG] Initializing memguard on CPU 3
1790891309.739952 [SMMUv2] Exiting SMMUv2 on cell 1
1790891309.740042 Page pool usage after cell destruction: mem 77/4061, remap 5/131072
1790891309.740087 [MG] Initializing memguard on CPU 3
1790891309.740137 [MG] Initializing memguard on CPU 3
1790891309.740175 [MG] Initializing memguard on CPU 3
1790891309.740207 Created cell "rt-bench"
1790891309.740259 Page pool usage after cell creation: mem 88/4061, remap 5/131072
