1790893369.360454 <missed 245142 bytes of console log>
1790893369.360809 irqs: 64, preallocated irqs: 0
1790893369.360843 Root IRQ handler: 0xffff800080010000
1790893369.360881 rcu: srcu_init: Setting srcu_struct sizes based on contention.
1790893369.360934 arch_timer: cp15 timer(s) running at 54.00MHz (virt).
1790893369.360998 clocksource: arch_sys_counter: mask: 0xffffffffffffff max_cycles: 0xc743ce346, max_idle_ns: 440795203123 ns
1790893369.361053 sched_clock: 56 bits at 54MHz, resolution 18ns, wraps every 4398046511102ns
1790893369.361094 printk: legacy console [hvc0] enabled
1790893369.361127 printk: legacy bootconsole [jailhouse0] disabled
1790893369.361184 Calibrating delay loop (skipped), value calculated using timer frequency.. 108.00 BogoMIPS (lpj=54000)
1790893369.361218 pid_max: default: 4096 minimum: 301
1790893369.361262 Mount-cache hash table entries: 512 (order: 0, 4096 bytes, linear)
1790893369.361309 Mountpoint-cache hash table entries: 512 (order: 0, 4096 bytes, linear)
1790893369.361344 cacheinfo: Unable to detect cache hierarchy for CPU 0
1790893369.361373 rcu: Hierarchical SRCU implementation.
1790893369.361405 rcu: 	Max phase no-delay instances is 400.
1790893369.361434 smp: Bringing up secondary CPUs ...
1790893369.361588 smp: Brought up 1 node, 1 CPU
1790893369.361663 SMP: Total of 1 processors activated.
1790893369.361700 CPU features: detected: 32-bit EL0 Support
1790893369.361749 CPU features: detected: Data cache clean to the PoU not required for I/D coherence
1790893369.361790 CPU features: detected: CRC32 instructions
1790893369.361824 CPU features: detected: RCpc load-acquire (LDAPR)
1790893369.361867 CPU features: detected: Speculative Store Bypassing Safe (SSBS)
1790893369.361912 spectre-bhb mitigation disabled by compile time option
1790893369.361946 CPU: All CPU(s) started at EL1
1790893369.361983 alternatives: applying system-wide alternatives
1790893369.362016 devtmpfs: initialized
1790893369.362072 clocksource: jiffies: mask: 0xffffffff max_cycles: 0xffffffff, max_idle_ns: 1911260446275000 ns
1790893369.362117 futex hash table entries: 16 (order: -2, 1024 bytes, linear)
1790893369.362163 DMA: preallocated 128 KiB GFP_KERNEL pool for atomic allocations
1790893369.362202 hw-breakpoint: found 6 breakpoint and 4 watchpoint registers.
1790893369.362238 ASID allocator initialised with 65536 entries
1790893369.362276 clocksource: Switched to clocksource arch_sys_counter
1790893369.362316 workingset: timestamp_bits=62 max_order=13 bucket_order=0
1790893369.362343 clk: Disabling unused clocks
1790893369.362370 Freeing unused kernel memory: 1728K
1790893369.362398 Run /init as init process
1790893369.362442 linux-guest: 6.6.78-rt51+, cyclictest windows of 1 s, deadline 100 us
1790893370.501532 L 1000 1 2 16 0
1790893371.541528 L 1000 1 1 16 0
1790893372.581503 L 1000 1 1 14 0
1790893373.725518 L 1000 1 1 13 0
1790893374.765521 L 1000 1 1 13 0
1790893375.805521 L 1000 1 1 8 0
1790893376.845536 L 1000 1 1 12 0
1790893377.989498 L 1000 1 1 14 0
1790893379.029523 L 1000 1 1 9 0
1790893380.069502 L 1000 1 1 13 0
1790893381.109530 L 1000 1 1 14 0
1790893382.253507 L 1000 1 1 8 0
1790893383.293521 L 1000 1 1 14 0
1790893384.333493 L 1000 1 1 13 0
1790893385.373833 L 1000 1 1 5 0
1790893386.517499 L 1000 1 1 14 0
1790893387.557522 L 1000 1 1 12 0
1790893388.597500 L 1000 1 1 15 0
1790893389.741522 L 1000 1 1 12 0
1790893390.781503 L 1000 1 1 12 0
1790893391.821520 L 1000 1 1 14 0
1790893392.861500 L 1000 1 1 14 0
1790893394.005518 L 1000 1 1 13 0
1790893395.045524 L 1000 1 1 3 0
1790893396.085509 L 1000 1 1 14 0
1790893397.125521 L 1000 1 1 14 0
1790893398.269500 L 1000 1 1 15 0
1790893399.309521 L 1000 1 1 15 0
1790893400.349504 L 1000 1 1 12 0
1790893401.389565 L 1000 1 1 12 0
1790893402.533495 L 1000 1 1 15 0
1790893403.577522 L 1000 1 1 11 0
1790893404.617496 L 1000 1 1 13 0
1790893405.657520 L 1000 1 1 12 0
1790893406.801496 L 1000 1 1 9 0
1790893407.841516 L 1000 1 1 14 0
1790893408.881505 L 1000 1 1 13 0
1790893409.921797 L 1000 1 1 14 0
1790893411.065522 L 1000 1 1 15 0
1790893412.105495 L 1000 1 1 12 0
1790893413.145522 L 1000 1 1 14 0
1790893414.289500 L 1000 1 1 13 0
1790893415.329519 L 1000 1 1 13 0
1790893416.369502 L 1000 1 1 13 0
1790893417.409521 L 1000 1 1 9 0
1790893418.553494 L 1000 1 1 12 0
1790893419.593535 L 1000 1 1 13 0
1790893420.633495 L 1000 1 1 13 0
1790893421.673519 L 1000 1 1 9 0
1790893422.817500 L 1000 1 1 11 0
1790893423.861519 L 1000 1 1 14 0
1790893424.901495 L 1000 1 1 13 0
1790893425.945521 L 1000 1 1 13 0
1790893427.089522 L 1000 1 1 13 0
1790893428.129496 L 1000 1 1 7 0
1790893429.177519 L 1000 1 1 12 0
1790893430.217500 L 1000 1 1 12 0
1790893431.361519 L 1000 1 1 15 0
1790893432.401504 L 1000 1 1 14 0
1790893433.441519 L 1000 1 1 14 0
1790893434.481494 L 1000 1 1 13 0
1790893435.625522 L 1000 1 1 16 0
1790893436.665503 L 1000 1 1 11 0
1790893437.705520 L 1000 1 1 12 0
1790893438.745500 L 1000 1 1 15 0
1790893439.889520 L 1000 1 1 13 0
1790893440.929498 L 1000 1 1 12 0
1790893441.969520 L 1000 1 1 13 0
1790893443.009651 L 1000 1 1 10 0
1790893444.153536 L 1000 1 1 12 0
1790893445.193520 L 1000 1 1 15 0
1790893446.233494 L 1000 1 1 16 0
1790893447.273516 L 1000 1 1 12 0
1790893448.417502 L 1000 1 1 14 0
1790893449.457519 L 1000 1 1 14 0
1790893450.497497 L 1000 1 1 11 0
1790893451.645520 L 1000 1 1 13 0
1790893452.685499 L 1000 1 1 13 0
1790893453.725520 L 1000 1 1 8 0
1790893454.765495 L 1000 1 1 2 0
1790893455.909517 L 1000 1 1 12 0
1790893456.949500 L 1000 1 1 3 0
1790893457.989518 L 1000 1 1 11 0
1790893459.029511 L 1000 1 1 12 0
1790893460.173520 L 1000 1 1 3 0
1790893461.213529 L 1000 1 1 9 0
1790893462.253495 L 1000 1 1 14 0
1790893463.293525 L 1000 1 1 14 0
1790893464.437503 L 1000 1 1 8 0
1790893465.477519 L 1000 1 1 13 0
1790893466.517496 L 1000 1 1 12 0
1790893467.557799 L 1000 1 1 3 0
1790893468.701506 L 1000 1 1 12 0
1790893469.741518 L 1000 1 1 3 0
1790893470.781514 L 1000 1 1 15 0
1790893471.825789 L 1000 1 1 11 0
1790893472.969499 L 1000 1 1 14 0
1790893474.009520 L 1000 1 1 3 0
1790893475.049496 L 1000 1 1 12 0
1790893476.193520 L 1000 1 1 13 0
1790893477.233517 L 1000 1 1 14 0
1790893478.273497 L 1000 1 1 12 0
1790893479.313522 L 1000 1 1 13 0
1790893480.457493 L 1000 1 1 17 0
1790893481.497517 L 1000 1 1 15 0
1790893482.537503 L 1000 1 1 13 0
1790893483.577520 L 1000 1 1 13 0
1790893484.721495 L 1000 1 1 12 0
1790893485.761520 L 1000 1 1 15 0
1790893486.801495 L 1000 1 1 11 0
1790893487.845519 L 1000 1 1 14 0
1790893488.989502 L 1000 1 1 14 0
1790893490.029520 L 1000 1 1 10 0
1790893491.069499 L 1000 1 1 12 0
1790893492.109522 L 1000 1 1 13 0
1790893493.253496 L 1000 1 1 10 0
1790893494.293518 L 1000 1 1 14 0
1790893495.333523 L 1000 1 1 15 0
1790893496.373720 L 1000 1 1 18 0
1790893497.517522 L 1000 1 1 14 0
1790893498.557499 L 1000 1 1 13 0
1790893499.597519 L 1000 1 1 14 0
1790893500.741498 L 1000 1 1 11 0
1790893501.781521 L 1000 1 1 14 0
1790893502.821495 L 1000 1 1 2 0
1790893503.861518 L 1000 1 1 7 0
1790893505.005498 L 1000 1 1 12 0
1790893506.045520 L 1000 1 1 14 0
1790893507.085503 L 1000 1 1 3 0
1790893508.125519 L 1000 1 1 12 0
1790893509.269493 L 1000 1 1 14 0
1790893510.309522 L 1000 1 1 16 0
1790893511.349508 L 1000 1 1 10 0
1790893512.389525 L 1000 1 1 13 0
1790893513.533524 L 1000 1 1 12 0
1790893514.573500 L 1000 1 1 13 0
1790893515.613524 L 1000 1 1 12 0
1790893516.653605 L 1000 1 1 13 0
1790893517.797520 L 1000 1 1 13 0
1790893518.837502 L 1000 1 1 9 0
1790893519.877517 L 1000 1 1 14 0
1790893520.917498 L 1000 1 1 3 0
1790893522.061519 L 1000 1 1 11 0
1790893523.101497 L 1000 1 1 14 0
1790893524.141519 L 1000 1 1 3 0
1790893525.285499 L 1000 1 1 7 0
1790893526.325518 L 1000 1 1 14 0
1790893527.365507 L 1000 1 1 14 0
1790893528.405528 L 1000 1 1 6 0
1790893529.549521 L 1000 1 1 12 0
1790893530.589493 L 1000 1 1 13 0
1790893531.629522 L 1000 1 1 19 0
1790893532.669499 L 1000 1 1 14 0
1790893533.813516 L 1000 1 1 14 0
1790893534.853495 L 1000 1 1 14 0
1790893535.893517 L 1000 1 1 12 0
1790893536.933645 L 1000 1 1 13 0
1790893538.077515 L 1000 1 1 13 0
1790893539.117497 L 1000 1 1 8 0
1790893540.157519 L 1000 1 1 12 0
1790893541.197623 L 1000 1 1 14 0
1790893542.341515 L 1000 1 1 14 0
1790893543.381502 L 1000 1 1 13 0
1790893544.421517 L 1000 1 1 13 0
1790893545.565517 L 1000 1 1 14 0
1790893546.605492 L 1000 1 1 12 0
1790893547.645517 L 1000 1 1 12 0
1790893548.685498 L 1000 1 1 16 0
1790893549.829517 L 1000 1 1 12 0
1790893550.869509 L 1000 1 1 15 0
1790893551.909519 L 1000 1 1 15 0
1790893552.949518 L 1000 1 1 8 0
1790893554.093515 L 1000 1 1 3 0
1790893555.133495 L 1000 1 1 13 0
1790893556.173516 L 1000 1 1 19 0
1790893557.213498 L 1000 1 1 2 0
1790893558.357521 L 1000 1 1 12 0
1790893559.397502 L 1000 1 1 14 0
1790893560.437528 L 1000 1 1 9 0
1790893561.477661 L 1000 1 1 13 0
1790893562.621516 L 1000 1 1 13 0
1790893563.661520 L 1000 1 1 15 0
1790893564.701497 L 1000 1 1 13 0
1790893565.845515 L 1000 1 1 14 0
1790893566.885513 L 1000 1 1 7 0
1790893567.925518 L 1000 1 1 12 0
1790893568.965498 L 1000 1 1 13 0
1790893570.109516 L 1000 1 1 7 0
1790893571.149493 L 1000 1 1 13 0
1790893572.193520 L 1000 1 1 14 0
1790893573.233502 L 1000 1 1 16 0
1790893574.377521 L 1000 1 1 3 0
1790893575.417505 L 1000 1 1 12 0
1790893576.457533 L 1000 1 1 13 0
1790893577.497505 L 1000 1 1 12 0
1790893578.641521 L 1000 1 1 14 0
1790893579.681536 L 1000 1 1 15 0
1790893580.721496 L 1000 1 1 8 0
1790893581.761519 L 1000 1 1 17 0
1790893582.905495 L 1000 1 1 3 0
1790893583.945517 L 1000 1 1 14 0
1790893584.985495 L 1000 1 1 13 0
1790893586.025659 L 1000 1 1 13 0
1790893587.169499 L 1000 1 1 14 0
1790893588.209518 L 1000 1 1 12 0
1790893589.249507 L 1000 1 1 14 0
1790893590.393535 L 1000 1 1 14 0
1790893591.433502 L 1000 1 1 10 0
1790893592.473537 L 1000 1 1 13 0
1790893593.513495 L 1000 1 1 13 0
1790893594.657519 L 1000 1 1 15 0
1790893595.697517 L 1000 1 1 12 0
1790893596.737498 L 1000 1 1 13 0
1790893597.777524 L 1000 1 1 14 0
1790893598.921501 L 1000 1 1 11 0
1790893599.961518 L 1000 1 1 15 0
1790893601.001501 L 1000 1 1 2 0
1790893602.041516 L 1000 1 1 8 0
1790893603.185500 L 1000 1 1 3 0
1790893604.225521 L 1000 1 1 14 0
1790893605.265503 L 1000 1 1 15 0
1790893606.305782 L 1000 1 1 10 0
1790893607.449498 L 1000 1 1 13 0
1790893608.489520 L 1000 1 1 14 0
1790893609.529500 L 1000 1 1 9 0
1790893610.569517 L 1000 1 1 12 0
1790893611.713518 L 1000 1 1 14 0
1790893612.753500 L 1000 1 1 9 0
1790893613.793532 L 1000 1 1 14 0
1790893614.937498 L 1000 1 1 12 0
1790893615.981520 L 1000 1 1 8 0
1790893617.021499 L 1000 1 1 12 0
1790893618.061523 L 1000 1 1 13 0
1790893619.205498 L 1000 1 1 14 0
1790893620.245533 L 1000 1 1 12 0
1790893621.285502 L 1000 1 1 14 0
1790893622.325523 L 1000 1 1 13 0
1790893623.469501 L 1000 1 1 13 0
1790893624.509522 L 1000 1 1 11 0
1790893625.549505 L 1000 1 1 13 0
1790893626.593521 L 1000 1 1 15 0
1790893627.737494 L 1000 1 1 12 0
1790893628.777520 L 1000 1 1 14 0
1790893629.817531 L 1000 1 1 14 0
1790893630.857493 L 1000 1 1 7 0
1790893632.001518 L 1000 1 1 14 0
1790893633.041492 L 1000 1 1 14 0
1790893634.085518 L 1000 1 1 14 0
1790893635.125493 L 1000 1 1 13 0
1790893636.269518 L 1000 1 1 14 0
1790893637.309498 L 1000 1 1 15 0
1790893638.349519 L 1000 1 1 15 0
1790893639.389697 L 1000 1 1 13 0
1790893640.533520 L 1000 1 1 14 0
1790893641.573496 L 1000 1 1 10 0
1790893642.613520 L 1000 1 1 14 0
1790893643.757493 L 1000 1 1 2 0
1790893644.797517 L 1000 1 1 8 0
1790893645.837514 L 1000 1 1 12 0
1790893646.877494 L 1000 1 1 9 0
1790893648.025520 L 1000 1 1 8 0
1790893649.065501 L 1000 1 1 13 0
1790893650.105518 L 1000 1 1 4 0
1790893651.145495 L 1000 1 1 9 0
1790893652.293523 L 1000 1 1 3 0
1790893653.333497 L 1000 1 1 15 0
1790893654.377537 L 1000 1 1 7 0
1790893655.417516 L 1000 1 1 13 0
1790893656.561519 L 1000 1 1 3 0
1790893657.601495 L 1000 1 1 10 0
1790893658.641519 L 1000 1 1 14 0
1790893659.681495 L 1000 1 1 3 0
1790893660.825517 L 1000 1 1 9 0
1790893661.865520 L 1000 1 1 12 0
1790893662.905498 L 1000 1 1 13 0
1790893663.945532 L 1000 1 1 9 0
1790893665.089495 L 1000 1 1 13 0
1790893666.129518 L 1000 1 1 14 0
1790893667.169496 L 1000 1 1 3 0
1790893668.209516 L 1000 1 1 15 0
1790893669.353492 L 1000 1 1 12 0
1790893670.393542 L 1000 1 1 16 0
1790893671.433513 L 1000 1 1 12 0
1790893672.473761 L 1000 1 1 13 0
1790893673.617499 L 1000 1 1 14 0
1790893674.657518 L 1000 1 1 12 0
1790893675.697520 L 1000 1 1 13 0
1790893676.741560 L 1000 1 1 4 0
1790893677.885501 L 1000 1 1 12 0
1790893678.925524 L 1000 1 1 13 0
1790893679.965529 L 1000 1 1 13 0
1790893681.109497 L 1000 1 1 10 0
1790893682.153525 L 1000 1 1 14 0
1790893683.193498 L 1000 1 1 16 0
1790893684.233519 L 1000 1 1 11 0
1790893685.377499 L 1000 1 1 13 0
1790893686.417519 L 1000 1 1 17 0
1790893687.457504 L 1000 1 1 7 0
1790893688.497521 L 1000 1 1 10 0
1790893689.641932 L 1000 1 1 14 0
1790893690.681523 L 1000 1 1 15 0
1790893691.721493 L 1000 1 1 12 0
1790893692.761524 L 1000 1 1 13 0
1790893693.905497 L 1000 1 1 15 0
1790893694.945524 L 1000 1 1 12 0
1790893695.985517 L 1000 1 1 13 0
1790893697.025715 L 1000 1 1 6 0
1790893698.169524 L 1000 1 1 12 0
1790893699.209505 L 1000 1 1 14 0
1790893700.249518 L 1000 1 1 16 0
1790893701.289576 L 1000 1 1 3 0
1790893702.433535 L 1000 1 1 12 0
1790893703.473504 L 1000 1 1 14 0
1790893704.513522 L 1000 1 1 11 0
1790893705.657496 L 1000 1 1 14 0
1790893706.697523 L 1000 1 1 13 0
1790893707.737497 L 1000 1 1 2 0
1790893708.777522 L 1000 1 1 13 0
1790893709.921500 L 1000 1 1 13 0
1790893710.965535 L 1000 1 1 13 0
1790893712.005494 L 1000 1 1 12 0
1790893713.045523 L 1000 1 1 13 0
1790893714.189526 L 1000 1 1 6 0
1790893715.229498 L 1000 1 1 11 0
1790893716.269518 L 1000 1 1 4 0
1790893717.309497 L 1000 1 1 3 0
1790893718.453521 L 1000 1 1 8 0
1790893719.493494 L 1000 1 1 12 0
1790893720.533520 L 1000 1 1 14 0
1790893721.573541 L 1000 1 1 6 0
1790893722.717516 L 1000 1 1 14 0
1790893723.757494 L 1000 1 1 2 0
1790893724.797519 L 1000 1 1 4 0
1790893725.837609 L 1000 1 1 11 0
1790893726.981520 L 1000 1 1 14 0
1790893728.021498 L 1000 1 1 15 0
1790893729.065518 L 1000 1 1 12 0
1790893730.105528 L 1000 1 1 12 0
1790893731.249497 L 1000 1 1 3 0
1790893732.293516 L 1000 1 1 3 0
1790893733.333504 L 1000 1 1 14 0
1790893734.477516 L 1000 1 1 14 0
1790893735.517524 L 1000 1 1 11 0
1790893736.561517 L 1000 1 1 14 0
1790893737.605656 L 1000 1 1 36 0
1790893738.757824 L 1000 1 10 52 0
1790893739.817588 L 1000 1 6 34 0
1790893740.865868 L 1000 1 10 31 0
1790893741.917814 L 1000 1 12 51 0
1790893743.077765 L 1000 1 14 47 0
1790893744.129786 L 1000 1 15 39 0
1790893745.177891 L 1000 2 15 44 0
1790893746.221785 L 1000 1 16 44 0
1790893747.385833 L 1000 1 17 43 0
1790893748.433728 L 1000 1 14 51 0
1790893749.477864 L 1000 1 12 43 0
1790893750.637678 L 1000 2 16 44 0
1790893751.681852 L 1000 1 12 47 0
1790893752.729714 L 1000 1 13 46 0
1790893753.885763 L 1000 1 11 33 0
1790893754.933642 L 1000 1 11 40 0
1790893755.985812 L 1000 1 6 25 0
1790893757.041613 L 1000 1 9 44 0
1790893758.097762 L 1000 1 4 24 0
1790893759.261753 L 1000 1 11 43 0
1790893760.313622 L 1000 1 12 48 0
1790893761.357610 L 1000 1 11 39 0
1790893762.409788 L 1000 1 11 38 0
1790893763.561720 L 1000 1 13 41 0
1790893764.609645 L 1000 1 10 49 0
1790893765.665724 L 1000 1 11 36 0
1790893766.717798 L 1000 1 9 31 0
1790893767.869889 L 1000 1 11 45 0
1790893768.917807 L 1000 1 11 42 0
1790893769.966038 L 1000 1 12 47 0
1790893771.121784 L 1000 1 15 40 0
1790893772.165842 L 1000 1 12 40 0
1790893773.217893 L 1000 1 15 48 0
1790893774.373931 L 1000 1 14 41 0
1790893775.425792 L 1000 1 15 51 0
1790893776.477772 L 1000 1 13 37 0
1790893777.526200 L 1000 1 14 47 0
1790893778.681764 L 1000 1 14 37 0
1790893779.729859 L 1000 1 11 47 0
1790893780.777828 L 1000 1 11 44 0
1790893781.929730 L 1000 1 9 39 0
1790893782.981840 L 1000 1 10 26 0
1790893784.029696 L 1000 1 11 37 0
1790893785.081781 L 1000 1 11 28 0
1790893786.241671 L 1000 1 10 48 0
1790893787.293759 L 1000 1 13 41 0
1790893788.341954 L 1000 1 12 35 0
1790893789.397764 L 1000 1 13 41 0
1790893790.549627 L 1000 1 14 48 0
1790893791.597706 L 1000 1 14 44 0
1790893792.649761 L 1000 1 9 31 0
1790893793.705586 L 1000 1 9 41 0
1790893794.861834 L 1000 1 11 31 0
1790893795.913748 L 1000 1 12 36 0
1790893796.961830 L 1000 1 12 41 0
1790893798.005802 L 1000 1 11 46 0
1790893799.149493 L 1000 1 1 8 0
1790893800.193734 L 1000 1 12 33 0
1790893801.234030 L 1000 12 22 53 0
1790893802.377752 L 1000 14 22 54 0
1790893803.421736 L 1000 4 22 47 0
1790893804.565741 L 1000 13 22 45 0
1790893805.605764 L 1000 9 22 48 0
1790893806.645810 L 1000 7 23 48 0
1790893807.793798 L 1000 7 22 50 0
1790893808.833807 L 1000 17 23 39 0
1790893809.977760 L 1000 6 23 49 0
1790893811.017771 L 1000 7 22 52 0
1790893812.165763 L 1000 12 23 43 0
1790893813.205763 L 1000 12 22 46 0
1790893814.246042 L 1000 5 22 45 0
1790893815.393777 L 1000 11 22 44 0
1790893816.433765 L 1000 12 22 48 0
1790893817.577757 L 1000 7 22 43 0
1790893818.621759 L 1000 5 22 35 0
1790893819.661797 L 1000 12 22 43 0
1790893820.809769 L 1000 7 22 52 0
1790893821.849683 L 1000 7 22 44 0
1790893822.997783 L 1000 6 22 36 0
1790893824.037745 L 1000 8 22 48 0
1790893825.077810 L 1000 8 22 42 0
1790893826.225775 L 1000 13 22 46 0
1790893827.285788 L 1000 6 22 42 0
1790893828.433757 L 1000 7 22 47 0
1790893829.473751 L 1000 12 23 44 0
1790893830.513953 L 1000 10 23 41 0
1790893831.657756 L 1000 6 22 40 0
1790893832.701781 L 1000 12 23 43 0
1790893833.753806 L 1000 13 23 39 0
1790893834.937778 L 1000 5 22 39 0
1790893835.997770 L 1000 10 22 42 0
1790893837.069779 L 1000 5 20 39 0
1790893838.145621 L 1000 6 21 45 0
1790893839.205787 L 1000 13 22 45 0
1790893840.261823 L 1000 12 22 50 0
1790893841.413782 L 1000 11 23 48 0
1790893842.457777 L 1000 6 23 39 0
1790893843.605800 L 1000 8 23 48 0
1790893844.645772 L 1000 12 22 43 0
1790893845.690072 L 1000 6 22 52 0
1790893846.837671 L 1000 11 23 40 0
1790893847.873771 L 1000 11 22 44 0
1790893849.017769 L 1000 6 22 42 0
1790893850.057810 L 1000 11 22 45 0
1790893851.201767 L 1000 8 23 46 0
1790893852.241767 L 1000 5 22 51 0
1790893853.282026 L 1000 7 23 42 0
1790893854.429805 L 1000 8 22 45 0
1790893855.469789 L 1000 6 22 43 0
1790893856.617615 L 1000 7 23 46 0
1790893857.653790 L 1000 6 21 49 0
1790893858.693845 L 1000 6 22 45 0
1790893859.853524 L 1000 1 18 44 0
1790893860.893517 L 1000 1 1 13 0
1790893861.945529 L 1000 1 1 14 0
1790893863.001516 L 1000 1 1 12 0
1790893864.045494 L 1000 1 1 12 0
1790893865.201511 L 1000 1 1 3 0
1790893866.257495 L 1000 1 1 14 0
1790893867.309512 L 1000 1 1 7 0
1790893868.365496 L 1000 1 1 13 0
1790893869.417512 L 1000 1 1 6 0
1790893870.465496 L 1000 1 1 8 0
1790893871.509528 L 1000 1 1 14 0
1790893872.657497 L 1000 1 1 13 0
1790893873.701512 L 1000 1 1 3 0
1790893874.749495 L 1000 1 1 14 0
1790893875.797515 L 1000 1 1 16 0
1790893876.849801 L 1000 1 1 14 0
1790893877.997498 L 1000 1 1 10 0
1790893879.037517 L 1000 1 1 16 0
1790893880.077496 L 1000 1 1 3 0
1790893881.125513 L 1000 1 1 9 0
1790893882.281498 L 1000 1 1 3 0
1790893883.333514 L 1000 1 1 14 0
1790893884.385495 L 1000 1 1 8 0
1790893885.429518 L 1000 1 1 13 0
1790893886.481493 L 1000 1 1 14 0
1790893887.537514 L 1000 1 1 10 0
1790893888.593499 L 1000 1 1 13 0
1790893889.745514 L 1000 1 1 10 0
1790893890.797494 L 1000 1 1 9 0
1790893891.853512 L 1000 1 1 13 0
1790893892.897519 L 1000 1 1 16 0
1790893893.949494 L 1000 1 1 9 0
1790893895.001513 L 1000 1 1 13 0
1790893896.149492 L 1000 1 1 15 0
1790893897.205512 L 1000 1 1 14 0
1790893898.253495 L 1000 1 1 11 0
1790893899.297514 L 1000 1 1 12 0
1790893900.341497 L 1000 1 1 3 0
1790893901.397781 L 1000 1 1 11 0
1790893902.565499 L 1000 1 1 15 0
1790893903.613514 L 1000 1 1 15 0
1790893904.657496 L 1000 1 1 10 0
1790893905.701516 L 1000 1 1 3 0
1790893906.753496 L 1000 1 1 3 0
1790893907.809514 L 1000 1 1 9 0
1790893908.961511 L 1000 1 1 12 0
1790893910.013494 L 1000 1 1 5 0
1790893911.057513 L 1000 1 1 8 0
1790893912.117496 L 1000 1 1 12 0
1790893913.169513 L 1000 1 1 15 0
1790893914.229495 L 1000 1 1 14 0
1790893915.273770 L 1000 1 1 14 0
1790893916.433499 L 1000 1 1 15 0
1790893917.481513 L 1000 1 1 3 0
1790893918.533495 L 1000 1 1 12 0
1790893919.589513 L 1000 1 1 13 0
1790893920.633502 L 1000 1 1 15 0
1790893921.673704 L 1000 1 1 3 0
1790893922.817492 L 1000 1 1 13 0
1790893923.862026 L 1000 1 3 41 0
1790893925.033891 L 1000 2 25 71 0
1790893926.093957 L 1000 6 32 66 0
1790893927.138096 L 1000 1 15 73 0
1790893928.189860 L 1000 10 32 50 0
1790893929.357678 L 1000 1 7 54 0
1790893930.421978 L 1000 2 25 55 0
1790893931.473880 L 1000 8 31 54 0
1790893932.633949 L 1000 1 17 46 0
1790893933.697672 L 1000 1 22 58 0
1790893934.753847 L 1000 1 13 40 0
1790893935.798015 L 1000 6 29 50 0
1790893936.953763 L 1000 2 24 69 0
1790893938.013686 L 1000 1 21 48 0
1790893939.073825 L 1000 1 15 55 0
1790893940.138042 L 1000 1 23 48 0
1790893941.285777 L 1000 12 29 62 0
1790893942.337862 L 1000 2 21 49 0
1790893943.493723 L 1000 1 19 45 0
1790893944.542074 L 1000 1 13 44 0
1790893945.585696 L 1000 2 29 52 0
1790893946.725713 L 1000 3 30 64 0
1790893947.765975 L 1000 1 20 48 0
1790893948.814048 L 1000 1 19 56 0
1790893949.981815 L 1000 1 17 42 0
1790893951.049923 L 1000 11 33 51 0
1790893952.101624 L 1000 1 25 71 0
1790893953.161961 L 1000 1 24 49 0
1790893954.221748 L 1000 1 15 71 0
1790893955.381861 L 1000 1 21 50 0
1790893956.441870 L 1000 12 31 47 0
1790893957.493623 L 1000 2 23 47 0
1790893958.637870 L 1000 1 22 44 0
1790893959.677668 L 1000 1 10 48 0
1790893960.721974 L 1000 6 27 50 0
1790893961.861859 L 1000 12 28 71 0
1790893962.905799 L 1000 1 20 59 0
1790893964.052596 L 1000 1 22 52 0
1790893965.089995 L 1000 1 15 36 0
1790893966.233847 L 1000 1 24 68 0
1790893967.285838 L 1000 10 34 53 0
1790893968.337932 L 1000 1 14 74 0
1790893969.501863 L 1000 1 22 62 0
1790893970.565638 L 1000 2 18 49 0
1790893971.617975 L 1000 1 27 52 0
1790893972.669584 L 1000 6 29 75 0
1790893973.838036 L 1000 1 16 46 0
1790893974.881937 L 1000 1 21 75 0
1790893975.922073 L 1000 1 15 47 0
1790893977.065898 L 1000 4 27 63 0
1790893978.109627 L 1000 1 24 69 0
1790893979.254001 L 1000 1 21 51 0
1790893980.294530 L 1000 3 22 55 0
1790893981.438040 L 1000 1 14 49 0
1790893982.477923 L 1000 7 29 58 0
1790893983.521864 L 1000 1 18 68 0
1790893984.665522 L 1000 1 2 34 0
1790893985.713894 L 1000 1 1 14 0
1790893986.753529 L 1000 1 2 23 0
1790893987.793513 L 1000 1 1 3 0
1790893988.937526 L 1000 1 1 11 0
1790893989.977513 L 1000 1 1 13 0
1790893991.017522 L 1000 1 1 13 0
1790893992.061751 L 1000 1 1 2 0
1790893993.205523 L 1000 1 1 8 0
1790893994.245508 L 1000 1 1 13 0
1790893995.285524 L 1000 1 1 13 0
1790893996.429512 L 1000 1 1 15 0
1790893997.469525 L 1000 1 1 12 0
1790893998.509512 L 1000 1 1 14 0
1790893999.553527 L 1000 1 1 14 0
1790894000.697521 L 1000 1 1 8 0
1790894001.741507 L 1000 1 1 8 0
1790894002.781523 L 1000 1 1 13 0
1790894003.821513 L 1000 1 1 13 0
1790894004.965527 L 1000 1 1 13 0
1790894006.005509 L 1000 1 1 13 0
1790894007.045524 L 1000 1 1 12 0
1790894008.085510 L 1000 1 1 15 0
1790894009.229525 L 1000 1 1 12 0
1790894010.269510 L 1000 1 1 14 0
1790894011.313525 L 1000 1 1 12 0
1790894012.353510 L 1000 1 1 13 0
1790894013.497523 L 1000 1 1 13 0
1790894014.537507 L 1000 1 1 14 0
1790894015.577524 L 1000 1 1 13 0
1790894016.617686 L 1000 1 1 12 0
1790894017.765526 L 1000 1 1 12 0
1790894018.809529 L 1000 1 1 12 0
1790894019.849510 L 1000 1 1 5 0
1790894020.893533 L 1000 1 1 3 0
1790894022.037510 L 1000 1 1 13 0
1790894023.077529 L 1000 1 1 4 0
1790894024.117518 L 1000 1 1 15 0
1790894025.165527 L 1000 1 1 13 0
1790894026.309512 L 1000 1 1 14 0
1790894027.349555 L 1000 1 1 4 0
1790894028.389506 L 1000 1 1 7 0
1790894029.429552 L 1000 1 1 14 0
1790894030.573511 L 1000 1 1 8 0
1790894031.613524 L 1000 1 1 13 0
1790894032.653512 L 1000 1 1 12 0
1790894033.693560 L 1000 1 1 15 0
1790894034.845516 L 1000 1 1 13 0
1790894035.885530 L 1000 1 1 7 0
1790894036.925529 L 1000 1 1 15 0
1790894037.969738 L 1000 1 1 14 0
1790894039.113524 L 1000 1 1 8 0
1790894040.153512 L 1000 1 1 14 0
1790894041.193522 L 1000 1 1 12 0
1790894042.237748 L 1000 1 1 13 0
1790894043.381524 L 1000 1 1 12 0
1790894044.421516 L 1000 1 1 7 0
1790894045.465566 L 1000 1 1 12 0
1790894046.505587 L 1000 1 1 4 0
1790894047.237568 Closing cell "linux-guest"
1790894047.237637 [MG] Initializing memguard on CPU 3
1790894047.237663 [SMMUv2] Exiting SMMUv2 on cell 1
1790894047.237731 [COL] Colored OP 1: PHYS 0x30000000 -> VIRT 0x30000000 (SIZE: 0x02000000, COL: 0x000000ff, extra: 0x0000000000000000)
1790894047.237759 [COL] Result: 0
1790894047.237822 [COL] Colored OP 4: PHYS 0x30000000 -> VIRT 0x30000000 (SIZE: 0x02000000, COL: 0x000000ff, extra: 0x0000000000000001)
1790894047.237850 [COL] Result: 0
1790894047.237899 Page pool usage after cell destruction: mem 142/4061, remap 5/131072
1790894047.237935 [MG] Initializing memguard on CPU 3
1790894047.366791 [MG] Initializing memguard on CPU 3
1790894047.366925 [COL] Colored OP 0: PHYS 0x30000000 -> VIRT 0x30000000 (SIZE: 0x02000000, COL: 0x000000ff, extra: 0x0000000000000000)
1790894047.366961 [COL] Result: 0
1790894047.366991 [MG] Initializing memguard on CPU 3
1790894047.367017 Created cell "linux-guest"
1790894047.367071 Page pool usage after cell creation: mem 170/4061, remap 5/131072
1790940905.373674 <missed 236200 bytes of console log>
1790940905.376648 irqs: 64, preallocated irqs: 0
1790940905.376748 Root IRQ handler: 0xffff800080010000
1790940905.376796 rcu: srcu_init: Setting srcu_struct sizes based on contention.
1790940905.376887 arch_timer: cp15 timer(s) running at 54.00MHz (virt).
1790940905.376951 clocksource: arch_sys_counter: mask: 0xffffffffffffff max_cycles: 0xc743ce346, max_idle_ns: 440795203123 ns
1790940905.377000 sched_clock: 56 bits at 54MHz, resolution 18ns, wraps every 4398046511102ns
1790940905.377033 printk: legacy console [hvc0] enabled
1790940905.377066 printk: legacy bootconsole [jailhouse0] disabled
1790940905.377118 Calibrating delay loop (skipped), value calculated using timer frequency.. 108.00 BogoMIPS (lpj=54000)
1790940905.377153 pid_max: default: 4096 minimum: 301
1790940905.377193 Mount-cache hash table entries: 512 (order: 0, 4096 bytes, linear)
1790940905.377236 Mountpoint-cache hash table entries: 512 (order: 0, 4096 bytes, linear)
1790940905.377274 cacheinfo: Unable to detect cache hierarchy for CPU 0
1790940905.377303 rcu: Hierarchical SRCU implementation.
1790940905.377333 rcu: 	Max phase no-delay instances is 400.
1790940905.377360 smp: Bringing up secondary CPUs ...
1790940905.377387 smp: Brought up 1 node, 1 CPU
1790940905.377414 SMP: Total of 1 processors activated.
1790940905.377446 CPU features: detected: 32-bit EL0 Support
1790940905.377490 CPU features: detected: Data cache clean to the PoU not required for I/D coherence
1790940905.377527 CPU features: detected: CRC32 instructions
1790940905.377560 CPU features: detected: RCpc load-acquire (LDAPR)
1790940905.377599 CPU features: detected: Speculative Store Bypassing Safe (SSBS)
1790940905.377634 spectre-bhb mitigation disabled by compile time option
1790940905.377661 CPU: All CPU(s) started at EL1
1790940905.377693 alternatives: applying system-wide alternatives
1790940905.377717 devtmpfs: initialized
1790940905.377766 clocksource: jiffies: mask: 0xffffffff max_cycles: 0xffffffff, max_idle_ns: 1911260446275000 ns
1790940905.377801 futex hash table entries: 16 (order: -2, 1024 bytes, linear)
1790940905.377860 DMA: preallocated 128 KiB GFP_KERNEL pool for atomic allocations
1790940905.377903 hw-breakpoint: found 6 breakpoint and 4 watchpoint registers.
1790940905.377934 ASID allocator initialised with 65536 entries
1790940905.377966 clocksource: Switched to clocksource arch_sys_counter
1790940905.377999 workingset: timestamp_bits=62 max_order=13 bucket_order=0
1790940905.378023 clk: Disabling unused clocks
1790940905.378052 Freeing unused kernel memory: 1728K
1790940905.378137 Run /init as init process
1790940905.378180 linux-guest: 6.6.78-rt51+, cyclictest windows of 1 s, deadline 100 us
1790940906.516476 L 1000 1 2 15 0
1790940907.556470 L 1000 1 1 12 0
1790940908.600458 L 1000 1 1 14 0
1790940909.744461 L 1000 1 1 14 0
1790940910.784446 L 1000 1 1 9 0
1790940911.517342 Closing cell "linux-guest"
1790940911.517412 [MG] Initializing memguard on CPU 3
1790940911.517437 [SMMUv2] Exiting SMMUv2 on cell 1
1790940911.517489 [COL] Colored OP 1: PHYS 0x30000000 -> VIRT 0x30000000 (SIZE: 0x02000000, COL: 0x000000ff, extra: 0x0000000000000000)
1790940911.517510 [COL] Result: 0
1790940911.517559 [COL] Colored OP 4: PHYS 0x30000000 -> VIRT 0x30000000 (SIZE: 0x02000000, COL: 0x000000ff, extra: 0x0000000000000001)
1790940911.517578 [COL] Result: 0
1790940911.517611 Page pool usage after cell destruction: mem 142/4061, remap 5/131072
1790940911.517653 [MG] Initializing memguard on CPU 3
1790940911.658147 [MG] Initializing memguard on CPU 3
1790940911.658255 [COL] Colored OP 0: PHYS 0x30000000 -> VIRT 0x30000000 (SIZE: 0x02000000, COL: 0x000000ff, extra: 0x0000000000000000)
1790940911.658283 [COL] Result: 0
1790940911.659441 [MG] Initializing memguard on CPU 3
1790940911.659463 Created cell "linux-guest"
1790940911.659495 Page pool usage after cell creation: mem 170/4061, remap 5/131072
1790943327.633383 <missed 9266 bytes of console log>
1790943327.636575 irqs: 64, preallocated irqs: 0
1790943327.636658 Root IRQ handler: 0xffff800080010000
1790943327.636699 rcu: srcu_init: Setting srcu_struct sizes based on contention.
1790943327.636748 arch_timer: cp15 timer(s) running at 54.00MHz (virt).
1790943327.636809 clocksource: arch_sys_counter: mask: 0xffffffffffffff max_cycles: 0xc743ce346, max_idle_ns: 440795203123 ns
1790943327.636858 sched_clock: 56 bits at 54MHz, resolution 18ns, wraps every 4398046511102ns
1790943327.636891 printk: legacy console [hvc0] enabled
1790943327.636925 printk: legacy bootconsole [jailhouse0] disabled
1790943327.636973 Calibrating delay loop (skipped), value calculated using timer frequency.. 108.00 BogoMIPS (lpj=54000)
1790943327.637003 pid_max: default: 4096 minimum: 301
1790943327.637039 Mount-cache hash table entries: 512 (order: 0, 4096 bytes, linear)
1790943327.637074 Mountpoint-cache hash table entries: 512 (order: 0, 4096 bytes, linear)
1790943327.637106 cacheinfo: Unable to detect cache hierarchy for CPU 0
1790943327.637135 rcu: Hierarchical SRCU implementation.
1790943327.637164 rcu: 	Max phase no-delay instances is 400.
1790943327.637191 smp: Bringing up secondary CPUs ...
1790943327.637213 smp: Brought up 1 node, 1 CPU
1790943327.637241 SMP: Total of 1 processors activated.
1790943327.637273 CPU features: detected: 32-bit EL0 Support
1790943327.637314 CPU features: detected: Data cache clean to the PoU not required for I/D coherence
1790943327.637354 CPU features: detected: CRC32 instructions
1790943327.637386 CPU features: detected: RCpc load-acquire (LDAPR)
1790943327.637420 CPU features: detected: Speculative Store Bypassing Safe (SSBS)
1790943327.637457 spectre-bhb mitigation disabled by compile time option
1790943327.637482 CPU: All CPU(s) started at EL1
1790943327.637512 alternatives: applying system-wide alternatives
1790943327.637534 devtmpfs: initialized
1790943327.637577 clocksource: jiffies: mask: 0xffffffff max_cycles: 0xffffffff, max_idle_ns: 1911260446275000 ns
1790943327.637616 futex hash table entries: 16 (order: -2, 1024 bytes, linear)
1790943327.637689 DMA: preallocated 128 KiB GFP_KERNEL pool for atomic allocations
1790943327.637737 hw-breakpoint: found 6 breakpoint and 4 watchpoint registers.
1790943327.637770 ASID allocator initialised with 65536 entries
1790943327.637802 clocksource: Switched to clocksource arch_sys_counter
1790943327.637836 workingset: timestamp_bits=62 max_order=13 bucket_order=0
1790943327.637863 clk: Disabling unused clocks
1790943327.637890 Freeing unused kernel memory: 1728K
1790943327.637914 Run /init as init process
1790943327.637950 linux-guest: 6.6.78-rt51+, cyclictest windows of 1 s, deadline 100 us
1790943328.775477 L 1000 1 1 12 0
1790943329.815496 L 1000 1 1 15 0
1790943330.855401 L 1000 1 1 15 0
1790943331.999485 L 1000 1 1 6 0
1790943333.039466 L 1000 1 1 11 0
1790943333.771560 Closing cell "linux-guest"
1790943333.771625 [MG] Initializing memguard on CPU 3
1790943333.771650 [SMMUv2] Exiting SMMUv2 on cell 1
1790943333.771701 [COL] Colored OP 1: PHYS 0x30000000 -> VIRT 0x30000000 (SIZE: 0x02000000, COL: 0x000000ff, extra: 0x0000000000000000)
1790943333.771721 [COL] Result: 0
1790943333.771770 [COL] Colored OP 4: PHYS 0x30000000 -> VIRT 0x30000000 (SIZE: 0x02000000, COL: 0x000000ff, extra: 0x0000000000000001)
1790943333.771789 [COL] Result: 0
1790943333.771821 Page pool usage after cell destruction: mem 142/4061, remap 5/131072
1790943333.771846 [MG] Initializing memguard on CPU 3
1790943333.875940 [MG] Initializing memguard on CPU 3
1790943333.876028 [COL] Colored OP 0: PHYS 0x30000000 -> VIRT 0x30000000 (SIZE: 0x02000000, COL: 0x000000ff, extra: 0x0000000000000000)
1790943333.876050 [COL] Result: 0
1790943333.877114 [MG] Initializing memguard on CPU 3
1790943333.877141 Created cell "linux-guest"
1790943333.877174 Page pool usage after cell creation: mem 170/4061, remap 5/131072
1790947080.092727 <missed 9267 bytes of console log>
1790947080.095847 irqs: 64, preallocated irqs: 0
1790947080.095931 Root IRQ handler: 0xffff800080010000
1790947080.096016 rcu: srcu_init: Setting srcu_struct sizes based on contention.
1790947080.096076 arch_timer: cp15 timer(s) running at 54.00MHz (virt).
1790947080.096141 clocksource: arch_sys_counter: mask: 0xffffffffffffff max_cycles: 0xc743ce346, max_idle_ns: 440795203123 ns
1790947080.096205 sched_clock: 56 bits at 54MHz, resolution 18ns, wraps every 4398046511102ns
1790947080.096246 printk: legacy console [hvc0] enabled
1790947080.096286 printk: legacy bootconsole [jailhouse0] disabled
1790947080.096346 Calibrating delay loop (skipped), value calculated using timer frequency.. 108.00 BogoMIPS (lpj=54000)
1790947080.096379 pid_max: default: 4096 minimum: 301
1790947080.096422 Mount-cache hash table entries: 512 (order: 0, 4096 bytes, linear)
1790947080.096468 Mountpoint-cache hash table entries: 512 (order: 0, 4096 bytes, linear)
1790947080.096508 cacheinfo: Unable to detect cache hierarchy for CPU 0
1790947080.096540 rcu: Hierarchical SRCU implementation.
1790947080.096573 rcu: 	Max phase no-delay instances is 400.
1790947080.096603 smp: Bringing up secondary CPUs ...
1790947080.096629 smp: Brought up 1 node, 1 CPU
1790947080.096658 SMP: Total of 1 processors activated.
1790947080.096692 CPU features: detected: 32-bit EL0 Support
1790947080.096741 CPU features: detected: Data cache clean to the PoU not required for I/D coherence
1790947080.096799 CPU features: detected: CRC32 instructions
1790947080.096838 CPU features: detected: RCpc load-acquire (LDAPR)
1790947080.096881 CPU features: detected: Speculative Store Bypassing Safe (SSBS)
1790947080.096924 spectre-bhb mitigation disabled by compile time option
1790947080.096954 CPU: All CPU(s) started at EL1
1790947080.096988 alternatives: applying system-wide alternatives
1790947080.097013 devtmpfs: initialized
1790947080.097067 clocksource: jiffies: mask: 0xffffffff max_cycles: 0xffffffff, max_idle_ns: 1911260446275000 ns
1790947080.097112 futex hash table entries: 16 (order: -2, 1024 bytes, linear)
1790947080.097175 DMA: preallocated 128 KiB GFP_KERNEL pool for atomic allocations
1790947080.097226 hw-breakpoint: found 6 breakpoint and 4 watchpoint registers.
1790947080.097264 ASID allocator initialised with 65536 entries
1790947080.097303 clocksource: Switched to clocksource arch_sys_counter
1790947080.097344 workingset: timestamp_bits=62 max_order=13 bucket_order=0
1790947080.097375 clk: Disabling unused clocks
1790947080.097405 Freeing unused kernel memory: 1728K
1790947080.097430 Run /init as init process
1790947080.097472 linux-guest: 6.6.78-rt51+, cyclictest windows of 1 s, deadline 100 us
1790947081.239295 L 1000 1 2 14 0
1790947082.283292 L 1000 1 1 12 0
1790947083.323275 L 1000 1 1 14 0
1790947084.363504 L 1000 1 1 6 0
1790947085.507293 L 1000 1 1 13 0
1790947086.235371 Closing cell "linux-guest"
1790947086.235481 [MG] Initializing memguard on CPU 3
1790947086.235512 [SMMUv2] Exiting SMMUv2 on cell 1
1790947086.235572 [COL] Colored OP 1: PHYS 0x30000000 -> VIRT 0x30000000 (SIZE: 0x02000000, COL: 0x000000ff, extra: 0x0000000000000000)
1790947086.235596 [COL] Result: 0
1790947086.235654 [COL] Colored OP 4: PHYS 0x30000000 -> VIRT 0x30000000 (SIZE: 0x02000000, COL: 0x000000ff, extra: 0x0000000000000001)
1790947086.235676 [COL] Result: 0
1790947086.235715 Page pool usage after cell destruction: mem 142/4061, remap 5/131072
1790947086.235744 [MG] Initializing memguard on CPU 3
1790947086.358252 [MG] Initializing memguard on CPU 3
1790947086.358356 [COL] Colored OP 0: PHYS 0x30000000 -> VIRT 0x30000000 (SIZE: 0x02000000, COL: 0x000000ff, extra: 0x0000000000000000)
1790947086.358383 [COL] Result: 0
1790947086.358407 [MG] Initializing memguard on CPU 3
1790947086.358428 Created cell "linux-guest"
1790947086.358460 Page pool usage after cell creation: mem 170/4061, remap 5/131072
1790947086.358485 [MG] Initializing memguard on CPU 3
1790947086.358534 [COL] Colored OP 3: PHYS 0x30000000 -> VIRT 0x30000000 (SIZE: 0x02000000, COL: 0x000000ff, extra: 0x0000000000000000)
1790947086.358552 [COL] Result: 0
1790947086.358574 Cell "linux-guest" can be loaded
