1790938811.020242 <missed 2937 bytes of console log>
1790938811.020340 6 19 pmu 1024308 69660 8278549 4139591 49823318
1790938811.020395 W 7 lat 870 888 1444 0 exe 26351 33203 177296 resp 178648 36 pmu 1024231 79191 8279202 4139760 52952385
1790938811.020466 W 8 lat 777 851 1203 0 exe 23666 33740 134388 resp 135185 29 pmu 1024240 99512 8272670 4139723 54751895
1790938811.020516 W 9 lat 870 888 925 0 exe 25962 28796 50555 resp 51462 0 pmu 1024410 37204 8271264 4139723 44414773
1790938811.020571 W 10 lat 888 888 1296 0 exe 26333 31870 137611 resp 138666 20 pmu 1024308 67944 8276156 4139591 49551276
1790938811.020618 W 11 lat 870 888 925 0 exe 26074 28944 60425 resp 61333 0 pmu 1024414 38544 8278175 4139756 44628177
1790938811.020666 W 12 lat 888 888 1129 0 exe 25888 31481 137907 resp 138814 18 pmu 1024355 64368 8277207 4139624 48950827
1790938811.020713 W 13 lat 870 888 925 0 exe 26185 28555 36722 resp 37629 0 pmu 1024429 34785 8274136 4139756 44038586
1790938811.020760 W 14 lat 888 888 1314 0 exe 26037 31796 144240 resp 145388 20 pmu 1024266 67179 8274768 4139624 49413417
1790938811.020807 W 15 lat 833 888 925 0 exe 25370 28518 40611 resp 41462 0 pmu 1024411 35288 8276664 4139756 44144701
1790938811.020854 W 16 lat 833 888 1259 0 exe 24962 31388 137148 resp 138407 20 pmu 1024282 65245 8279982 4139624 49115306
1790938811.020901 W 17 lat 870 888 925 0 exe 26351 28722 62333 resp 63240 0 pmu 1024373 36700 8280901 4139756 44311144
1790938811.020921 Closing cell "zephyr"
1790938811.020944 [MG] Initializing memguard on CPU 3
1790938811.020967 [SMMUv2] Exiting SMMUv2 on cell 1
1790938811.021018 [COL] Colored OP 1: PHYS 0x30000000 -> VIRT 0x30000000 (SIZE: 0x00800000, COL: 0x000000ff, extra: 0x0000000000000000)
1790938811.021036 [COL] Result: 0
1790938811.021087 [COL] Colored OP 4: PHYS 0x30000000 -> VIRT 0x30000000 (SIZE: 0x00800000, COL: 0x000000ff, extra: 0x0000000000000001)
1790938811.021105 [COL] Result: 0
1790938811.021142 Page pool usage after cell destruction: mem 93/4061, remap 5/131072
1790938811.021167 [MG] Initializing memguard on CPU 3
1790938811.021190 [MG] Initializing memguard on CPU 3
1790938811.021213 [MG] Initializing memguard on CPU 3
1790938811.021232 Created cell "zephyr"
1790938811.021265 Page pool usage after cell creation: mem 100/4061, remap 5/131072
1790938811.021289 [MG] Initializing memguard on CPU 3
1790938811.021309 Cell "zephyr" can be loaded
1790938811.021328 Started cell "zephyr"
1790938811.021351 [MG] Initializing memguard on CPU 3
1790938811.021377 *** Booting Zephyr OS build f0bdf59a0b7d ***
1790938811.021414 rt-bench (zephyr): ws 768 KB, 1024 loads/period, window 1000, period 1000 us
1790938812.056498 W 0 lat 592 888 1814 0 exe 19092 21000 117240 resp 119055 3 pmu 785125 13147 6355728 4137200 34073373
1790938813.096504 W 1 lat 574 574 1111 0 exe 13259 15537 101518 resp 102092 1 pmu 786335 21414 6340062 4139657 39377691
1790938814.032457 W 2 lat 574 574 592 0 exe 13259 13611 14296 resp 14870 0 pmu 785236 176 6346038 4139657 33907236
1790938815.072493 W 3 lat 574 574 1018 0 exe 13240 14592 93259 resp 94203 0 pmu 785816 11114 6351691 4139492 36915150
1790938816.112462 W 4 lat 574 574 629 0 exe 13203 13592 14555 resp 15129 0 pmu 782471 186 6324926 4139591 33871894
1790938817.052559 W 5 lat 574 574 925 0 exe 13259 14592 87611 resp 88222 0 pmu 786069 10985 6354860 4139492 36796011
1790938818.092490 W 6 lat 574 574 1055 0 exe 13240 15666 102092 resp 103148 2 pmu 787894 22669 6368785 4139558 40174400
1790938819.028493 W 7 lat 574 574 1351 0 exe 13222 14611 98388 resp 99740 0 pmu 786896 11012 6362273 4139657 36933129
1790938820.068454 W 8 lat 574 574 685 0 exe 13259 13629 14907 resp 15500 0 pmu 785440 178 6348686 4139591 33942685
1790938821.108485 W 9 lat 574 574 907 0 exe 13259 14592 107148 resp 108018 1 pmu 785476 10752 6348308 4139492 36784712
1790938822.044461 W 10 lat 574 574 592 0 exe 13277 13611 14425 resp 15000 0 pmu 784260 163 6335654 4139624 33875581
1790938823.084485 W 11 lat 574 574 1074 0 exe 13240 14555 88407 resp 89277 0 pmu 785574 10761 6349529 4139525 36678357
1790938824.020462 W 12 lat 574 574 666 0 exe 13185 13592 14296 resp 14888 0 pmu 783151 187 6328139 4139624 33863524
1790938825.060488 W 13 lat 574 574 1222 0 exe 13222 14537 94240 resp 95462 0 pmu 784976 10677 6348215 4139525 36683948
1790938826.100499 W 14 lat 574 574 962 0 exe 13203 14703 95870 resp 96703 0 pmu 786939 12305 6362423 4139624 37116346
1790938827.040491 W 15 lat 574 574 1296 0 exe 13203 14648 97722 resp 98425 0 pmu 786332 11487 6359870 4139591 36973617
1790938828.080467 W 16 lat 574 574 611 0 exe 13240 13629 15111 resp 15703 0 pmu 785417 200 6349078 4139624 33925801
1790938829.120488 W 17 lat 574 574 1111 0 exe 13259 14555 86037 resp 86722 0 pmu 786272 10577 6355134 4139525 36690240
1790938830.056459 W 18 lat 574 574 592 0 exe 13222 13592 14074 resp 14666 0 pmu 783933 164 6336224 4139624 33858828
1790938831.096488 W 19 lat 574 574 1203 0 exe 13203 14574 101037 resp 101629 1 pmu 785496 10866 6348867 4139525 36820045
1790938832.032464 W 20 lat 574 574 888 0 exe 13259 13629 14296 resp 14870 0 pmu 784993 158 6347470 4139690 33919267
1790938833.072492 W 21 lat 574 574 1185 0 exe 13148 14574 104555 resp 105740 1 pmu 785037 10881 6347464 4139525 36760092
1790938834.112457 W 22 lat 574 574 592 0 exe 13296 13611 14166 resp 14740 0 pmu 784851 136 6347413 4139690 33901194
1790938835.048490 W 23 lat 574 574 925 0 exe 13222 14537 94814 resp 95425 0 pmu 784608 10586 6343417 4139525 36654275
1790938836.088465 W 24 lat 574 574 833 0 exe 13277 13629 14240 resp 14833 0 pmu 785910 186 6355309 4139591 33926892
1790938837.024487 W 25 lat 574 574 962 0 exe 13259 14629 100722 resp 101314 1 pmu 786556 11080 6357949 4139525 36929134
1790938838.064464 W 26 lat 574 574 629 0 exe 13259 13648 14296 resp 14888 0 pmu 787999 204 6375289 4139657 33971157
1790938839.104486 W 27 lat 574 574 944 0 exe 13240 14574 100148 resp 100981 1 pmu 785972 10724 6352159 4139525 36735170
1790938840.040459 W 28 lat 574 574 611 0 exe 13259 13629 14351 resp 14925 0 pmu 785956 232 6358809 4139657 33948084
1790938841.080483 W 29 lat 574 574 944 0 exe 13259 14518 90611 resp 91296 0 pmu 786234 10262 6357281 4139525 36577682
1790938842.120457 W 30 lat 574 574 592 0 exe 13240 13611 14666 resp 15259 0 pmu 784509 216 6340529 4139591 33893448
1790938843.056490 W 31 lat 574 574 1092 0 exe 13185 14555 92388 resp 93481 0 pmu 784693 10933 6342000 4139525 36754833
1790938844.096469 W 32 lat 574 574 592 0 exe 13185 13611 14277 resp 14851 0 pmu 783630 243 6334534 4139624 33908243
1790938845.032490 W 33 lat 574 574 870 0 exe 13203 14537 89296 resp 90037 0 pmu 786199 10549 6353761 4139525 36687264
1790938846.072460 W 34 lat 574 574 648 0 exe 13240 13629 14462 resp 15037 0 pmu 785347 189 6348421 4139591 33934994
1790938847.112490 W 35 lat 574 574 1481 0 exe 13222 19944 104111 resp 104907 2 pmu 793089 70422 6415089 4139562 53094394
1790938848.048468 W 36 lat 574 574 944 0 exe 13259 13611 14740 resp 15314 0 pmu 783777 319 6334830 4139690 33933043
1790938849.088495 W 37 lat 574 574 888 0 exe 13222 14555 94148 resp 94925 0 pmu 785663 10683 6353274 4139525 36755595
1790938850.024458 W 38 lat 574 574 592 0 exe 13240 13629 14685 resp 15259 0 pmu 786301 164 6353015 4139591 33947679
1790938851.064489 W 39 lat 574 574 870 0 exe 13240 14555 93462 resp 94222 0 pmu 786737 10585 6360800 4139525 36726124
1790938852.104474 W 40 lat 574 574 611 0 exe 13185 13611 14481 resp 15074 0 pmu 783326 227 6330006 4139591 33883475
1790938853.040489 W 41 lat 574 574 1055 0 exe 13259 14592 94777 resp 95537 0 pmu 786555 10863 6359451 4139525 36795345
1790938854.080460 W 42 lat 574 574 592 0 exe 13222 13629 14425 resp 15000 0 pmu 783705 261 6333898 4139624 33952430
1790938855.124487 W 43 lat 574 574 962 0 exe 13259 14574 95648 resp 96296 0 pmu 785014 10908 6344912 4139525 36775260
1790938856.060463 W 44 lat 574 574 666 0 exe 13259 13611 14259 resp 14833 0 pmu 783597 223 6334024 4139591 33899984
1790938857.100489 W 45 lat 574 574 1407 0 exe 13185 14685 91648 resp 92351 0 pmu 786243 11819 6355597 4139562 37191526
1790938858.036456 W 46 lat 574 574 611 0 exe 13222 13611 14944 resp 15537 0 pmu 784044 258 6336802 4139624 33921571
1790938859.076482 W 47 lat 574 574 759 0 exe 13203 14555 95814 resp 96574 0 pmu 784917 10681 6340006 4139525 36753750
1790938860.116457 W 48 lat 574 574 592 0 exe 13166 13611 14388 resp 14981 0 pmu 784426 250 6341826 4139591 33904798
1790938861.052487 W 49 lat 574 574 1537 0 exe 13203 14574 91592 resp 92277 0 pmu 785718 10916 6349138 4139562 36769882
1790938862.092455 W 50 lat 574 574 703 0 exe 13277 13629 14425 resp 15000 0 pmu 785168 279 6351309 4139624 33957150
1790938863.028494 W 51 lat 574 574 1129 0 exe 13259 14574 99611 resp 100462 1 pmu 786433 10778 6357560 4139525 36773978
1790938864.068461 W 52 lat 574 574 703 0 exe 13259 13629 14296 resp 14870 0 pmu 785864 190 6352613 4139657 33965686
1790938865.108481 W 53 lat 574 574 777 0 exe 13203 14574 96240 resp 96981 0 pmu 786658 10873 6358254 4139525 36803685
1790938866.044454 W 54 lat 574 574 611 0 exe 13240 13629 14740 resp 15314 0 pmu 785580 245 6351122 4139591 33931548
1790938867.088484 W 55 lat 574 574 1037 0 exe 13222 14574 92092 resp 92685 0 pmu 785650 10913 6351034 4139525 36781212
1790938868.024458 W 56 lat 574 574 592 0 exe 13203 13648 14425 resp 15000 0 pmu 786174 269 6357059 4139624 33970539
1790938869.064486 W 57 lat 574 574 870 0 exe 13296 14555 106462 resp 107148 1 pmu 785820 10603 6352697 4139525 36721614
1790938870.104459 W 58 lat 574 574 592 0 exe 13222 13611 14462 resp 15055 0 pmu 784639 275 6345384 4139657 33908815
1790938871.040493 W 59 lat 574 574 870 0 exe 13148 14574 92777 resp 93370 0 pmu 785913 10825 6352610 4139525 36730244
1790938872.080463 W 60 lat 574 574 592 0 exe 13166 13629 14481 resp 15055 0 pmu 785355 287 6349811 4139591 33939331
1790938873.120486 W 61 lat 574 574 1074 0 exe 13185 14555 98240 resp 99000 0 pmu 786073 10663 6354592 4139525 36751266
1790938874.056457 W 62 lat 574 574 611 0 exe 13314 13629 14685 resp 15259 0 pmu 786170 254 6355285 4139624 33943137
1790938875.096495 W 63 lat 574 574 962 0 exe 13203 14574 81370 resp 81981 0 pmu 786009 11010 6351500 4139525 36773605
1790938876.032458 W 64 lat 574 574 703 0 exe 13185 13629 14444 resp 15018 0 pmu 785220 274 6349254 4139591 33927906
1790938877.072494 W 65 lat 574 574 962 0 exe 13185 14537 90592 resp 91462 0 pmu 785369 10561 6350270 4139525 36682650
1790938878.112457 W 66 lat 574 574 629 0 exe 13185 13629 14574 resp 15148 0 pmu 786400 292 6357595 4139591 33962332
1790938879.048495 W 67 lat 574 574 1259 0 exe 13203 14574 101666 resp 102611 1 pmu 784330 10712 6340874 4139525 36760243
1790938880.088465 W 68 lat 555 574 629 0 exe 13185 13648 15240 resp 15851 0 pmu 785744 537 6354926 4139690 34059479
1790938881.024494 W 69 lat 574 574 925 0 exe 13203 14518 86481 resp 87166 0 pmu 786056 10443 6353936 4139525 36630266
1790938882.064472 W 70 lat 574 574 685 0 exe 13203 13648 16851 resp 17481 0 pmu 785050 545 6347248 4139591 33979430
1790938883.104493 W 71 lat 574 574 981 0 exe 13240 14500 95666 resp 96351 0 pmu 785245 10051 6343880 4139525 36571323
1790938884.040457 W 72 lat 574 574 592 0 exe 13296 13666 18185 resp 18777 0 pmu 786061 687 6352905 4139591 34085373
1790938885.080492 W 73 lat 574 574 1055 0 exe 13203 14462 85611 resp 86666 0 pmu 785945 9723 6354587 4139525 36477475
1790938886.120455 W 74 lat 574 574 703 0 exe 13240 13722 42907 resp 43500 0 pmu 785064 1497 6347711 4139591 34218211
1790938887.056496 W 75 lat 574 574 814 0 exe 13240 14111 96944 resp 97666 0 pmu 786535 5459 6364364 4139558 35588180
1790938888.096459 W 76 lat 574 574 722 0 exe 13277 14092 75703 resp 76277 0 pmu 786633 5443 6349567 4139558 35095425
1790938889.032518 W 77 lat 574 574 944 0 exe 13277 13666 54148 resp 55092 0 pmu 785876 607 6361118 4139558 34236025
1790938890.072464 W 78 lat 574 574 925 0 exe 13222 14574 99777 resp 100388 1 pmu 786330 10874 6344795 4139525 36595763
1790938891.112494 W 79 lat 574 574 611 0 exe 13222 13611 15833 resp 16407 0 pmu 784255 200 6339383 4139624 33916679
1790938892.048461 W 80 lat 574 574 1092 0 exe 13222 14592 89240 resp 90018 0 pmu 786325 10998 6356503 4139525 36792719
1790938893.088493 W 81 lat 574 574 611 0 exe 13240 13629 14055 resp 14629 0 pmu 786897 57 6365520 4139624 33904685
1790938894.024454 W 82 lat 574 574 925 0 exe 13166 14574 93648 resp 94537 0 pmu 786277 11124 6360012 4139492 36848052
1790938895.064490 W 83 lat 574 574 592 0 exe 13222 13611 14055 resp 14629 0 pmu 785255 63 6346465 4139591 33869111
1790938896.104461 W 84 lat 574 574 925 0 exe 13222 14592 113148 resp 114037 1 pmu 784281 10906 6337082 4139492 36815762
1790938897.040455 W 85 lat 574 574 611 0 exe 13185 13611 15407 resp 15981 0 pmu 784805 257 6349243 4139657 33927895
1790938898.080489 W 86 lat 574 574 1370 0 exe 13203 14574 86962 resp 87629 0 pmu 786850 11026 6360809 4139525 36766631
1790938899.120493 W 87 lat 574 574 611 0 exe 13259 13611 14629 resp 15222 0 pmu 784868 123 6343527 4139624 33891654
1790938900.056462 W 88 lat 574 574 907 0 exe 13222 14574 96240 resp 97055 0 pmu 784984 10994 6342183 4139525 36788252
1790938901.096492 W 89 lat 574 574 592 0 exe 13222 13611 14203 resp 14777 0 pmu 784692 108 6342764 4139591 33870190
1790938902.032456 W 90 lat 574 574 1037 0 exe 13203 14574 86722 resp 87444 0 pmu 785031 11162 6351402 4139525 36782034
1790938903.072513 W 91 lat 574 574 648 0 exe 13166 13592 14129 resp 14722 0 pmu 783836 76 6336197 4139624 33839860
1790938904.112467 W 92 lat 574 574 944 0 exe 13259 14629 104314 resp 105259 1 pmu 786603 11347 6357438 4139492 36989580
1790938905.048463 W 93 lat 574 574 611 0 exe 13222 13611 14500 resp 15074 0 pmu 785364 101 6346284 4139657 33883265
1790938906.088484 W 94 lat 555 574 981 0 exe 13222 14833 99055 resp 99666 0 pmu 788431 13540 6376367 4139525 37386050
1790938907.024457 W 95 lat 574 574 703 0 exe 13277 13629 14388 resp 14962 0 pmu 785647 117 6352298 4139591 33922201
1790938908.064483 W 96 lat 574 574 907 0 exe 13148 14870 92351 resp 93259 0 pmu 786822 14287 6361744 4139525 37510475
1790938909.104503 W 97 lat 574 574 629 0 exe 13148 13611 14277 resp 14851 0 pmu 785342 110 6345621 4139591 33886777
1790938910.040461 W 98 lat 574 574 1111 0 exe 13166 14629 102148 resp 102981 1 pmu 785992 11615 6353632 4139525 36993681
1790938911.080453 W 99 lat 574 574 611 0 exe 13166 13611 14037 resp 14629 0 pmu 785229 56 6345712 4139690 33862117
1790938912.120488 W 100 lat 574 574 1185 0 exe 13277 14592 91129 resp 91870 0 pmu 786703 10799 6357970 4139492 36756150
1790938913.056455 W 101 lat 574 574 611 0 exe 13296 13629 14481 resp 15055 0 pmu 786836 132 6360540 4139657 33926429
1790938914.096489 W 102 lat 574 574 1222 0 exe 13296 14592 93481 resp 94703 0 pmu 787343 11030 6364538 4139558 36846884
1790938915.032459 W 103 lat 574 574 648 0 exe 13240 13629 15018 resp 15592 0 pmu 785993 202 6353628 4139657 33976438
1790938916.072483 W 104 lat 574 574 833 0 exe 13259 14611 102444 resp 103092 1 pmu 787306 10811 6364032 4139558 36823481
1790938917.116512 W 105 lat 574 574 611 0 exe 13203 13611 14203 resp 14777 0 pmu 784817 73 6341435 4139690 33866597
1790938918.052462 W 106 lat 574 574 888 0 exe 13222 14555 83537 resp 84222 0 pmu 786680 10862 6361031 4139525 36736627
1790938919.092455 W 107 lat 574 574 611 0 exe 13277 13592 14240 resp 14833 0 pmu 783155 82 6331220 4139624 33816204
1790938920.028483 W 108 lat 574 574 944 0 exe 13203 14574 96814 resp 97555 0 pmu 785376 10986 6349428 4139525 36788401
1790938921.068458 W 109 lat 574 574 685 0 exe 13203 13629 15666 resp 16240 0 pmu 785457 191 6349838 4139624 33953742
1790938922.112484 W 110 lat 574 574 981 0 exe 13259 14574 96814 resp 97481 0 pmu 785263 10793 6348404 4139558 36754176
1790938923.048465 W 111 lat 574 574 796 0 exe 13240 13648 15796 resp 16370 0 pmu 786423 331 6358841 4139624 34042014
1790938924.088489 W 112 lat 574 574 1129 0 exe 13185 14592 95092 resp 96222 0 pmu 785206 11300 6350330 4139558 36857925
1790938925.024453 W 113 lat 574 574 592 0 exe 13240 13592 14629 resp 15203 0 pmu 784258 89 6340585 4139657 33855640
1790938926.064489 W 114 lat 574 574 814 0 exe 13222 14555 101407 resp 102092 1 pmu 785634 10726 6351621 4139525 36714782
1790938927.104454 W 115 lat 574 574 592 0 exe 13222 13592 14833 resp 15407 0 pmu 784807 97 6343471 4139690 33857386
1790938928.044484 W 116 lat 574 574 851 0 exe 13240 14592 93444 resp 94111 0 pmu 787188 11009 6368264 4139525 36800122
1790938929.084457 W 117 lat 574 574 648 0 exe 13240 13611 14277 resp 14851 0 pmu 785333 87 6347173 4139624 33875501
1790938930.020483 W 118 lat 574 574 962 0 exe 13129 14574 95851 resp 96814 0 pmu 785724 10991 6352071 4139525 36784783
1790938931.060460 W 119 lat 574 574 611 0 exe 13240 13611 14203 resp 14777 0 pmu 784644 83 6342972 4139624 33881609
1790938932.100485 W 120 lat 555 574 962 0 exe 13240 14574 99777 resp 100722 1 pmu 786721 10761 6358119 4139525 36777732
1790938933.036464 W 121 lat 574 574 648 0 exe 13203 13611 14425 resp 15000 0 pmu 784400 204 6345241 4139657 33907076
1790938934.076489 W 122 lat 555 574 1018 0 exe 13259 14574 88240 resp 89092 0 pmu 785998 11010 6353280 4139558 36787126
1790938935.116456 W 123 lat 574 574 592 0 exe 13259 13611 14555 resp 15129 0 pmu 785060 128 6347898 4139657 33881683
1790938936.052486 W 124 lat 574 574 1222 0 exe 13259 14555 101648 resp 102870 1 pmu 785384 10787 6347964 4139558 36763766
1790938937.092455 W 125 lat 574 574 611 0 exe 13314 13611 14500 resp 15074 0 pmu 784640 98 6344172 4139723 33872070
1790938938.028485 W 126 lat 574 574 888 0 exe 13166 14611 108500 resp 109092 1 pmu 786399 11094 6358522 4139525 36860771
1790938939.068453 W 127 lat 574 574 629 0 exe 13296 13629 14333 resp 14925 0 pmu 786563 115 6364268 4139690 33918982
1790938940.108482 W 128 lat 574 574 1074 0 exe 13314 14833 86777 resp 87722 0 pmu 785871 14072 6352267 4139558 37584273
1790938941.044457 W 129 lat 574 574 592 0 exe 13259 13611 14314 resp 14888 0 pmu 785286 155 6349126 4139657 33884437
1790938942.084489 W 130 lat 574 574 962 0 exe 13240 14537 88037 resp 89000 0 pmu 786217 10575 6357958 4139558 36638926
1790938943.020456 W 131 lat 574 574 611 0 exe 13277 13592 14185 resp 14759 0 pmu 783798 71 6334570 4139624 33829942
1790938944.060486 W 132 lat 574 574 888 0 exe 13259 14555 94092 resp 94796 0 pmu 786165 10673 6355066 4139525 36753584
1790938945.100455 W 133 lat 574 574 629 0 exe 13185 13611 14666 resp 15240 0 pmu 784747 110 6342571 4139624 33862736
1790938946.036485 W 134 lat 574 574 1481 0 exe 13240 14592 108388 resp 108981 1 pmu 785991 10748 6352208 4139558 36816256
1790938947.076455 W 135 lat 574 574 592 0 exe 13277 13611 14722 resp 15314 0 pmu 785049 142 6347892 4139723 33897223
1790938948.116484 W 136 lat 574 574 814 0 exe 13259 14574 88351 resp 88981 0 pmu 786081 10985 6353298 4139558 36777779
1790938949.052457 W 137 lat 574 574 611 0 exe 13314 13611 14759 resp 15351 0 pmu 786202 113 6353054 4139624 33908643
1790938950.092482 W 138 lat 574 574 888 0 exe 13148 14574 97074 resp 97962 0 pmu 786402 10872 6356420 4139558 36764810
1790938951.028457 W 139 lat 574 574 592 0 exe 13129 13611 14314 resp 14888 0 pmu 785295 89 6345522 4139624 33877347
1790938952.072483 W 140 lat 574 574 1351 0 exe 13296 14592 96000 resp 96685 0 pmu 786106 10938 6353427 4139525 36875364
1790938953.112460 W 141 lat 574 574 592 0 exe 13222 13611 14222 resp 14814 0 pmu 785313 136 6347274 4139657 33885147
1790938954.048483 W 142 lat 574 574 981 0 exe 13240 14555 89074 resp 90055 0 pmu 786811 10695 6362891 4139558 36725226
1790938955.088459 W 143 lat 574 574 611 0 exe 13240 13611 14148 resp 14740 0 pmu 786632 98 6361690 4139624 33897642
1790938956.024485 W 144 lat 574 574 1000 0 exe 13203 14555 105759 resp 106759 1 pmu 784475 10712 6344570 4139525 36687999
1790938957.064464 W 145 lat 574 574 611 0 exe 13259 13592 14333 resp 14925 0 pmu 783443 100 6335597 4139723 33853438
1790938958.104492 W 146 lat 574 574 962 0 exe 13259 14500 90777 resp 91703 0 pmu 786002 10222 6357647 4139558 36541451
1790938959.040456 W 147 lat 574 574 703 0 exe 13240 13611 14703 resp 15296 0 pmu 785036 118 6347417 4139624 33878768
1790938960.084495 W 148 lat 574 574 851 0 exe 13222 14555 95314 resp 96037 0 pmu 786279 10697 6354091 4139558 36719883
1790938961.020456 W 149 lat 574 574 611 0 exe 13185 13611 14185 resp 14777 0 pmu 785341 103 6352685 4139624 33873306
1790938962.060484 W 150 lat 574 574 1092 0 exe 13240 14555 91796 resp 92481 0 pmu 785598 10635 6348457 4139558 36670167
1790938963.100464 W 151 lat 574 574 648 0 exe 13222 13592 14462 resp 15055 0 pmu 784660 160 6343788 4139657 33862393
1790938964.036484 W 152 lat 574 574 907 0 exe 13203 14537 93148 resp 93888 0 pmu 785634 10447 6350643 4139558 36673000
1790938965.076459 W 153 lat 574 574 592 0 exe 13259 13611 14148 resp 14740 0 pmu 785771 87 6349279 4139624 33885101
1790938966.116493 W 154 lat 574 574 944 0 exe 13259 14555 99000 resp 99870 0 pmu 786677 10370 6360890 4139525 36657170
1790938967.052457 W 155 lat 574 574 592 0 exe 13259 13611 14148 resp 14722 0 pmu 786074 112 6354126 4139624 33889878
1790938968.092494 W 156 lat 574 574 1240 0 exe 13203 14555 90185 resp 91425 0 pmu 786276 10623 6358635 4139558 36662005
1790938969.028455 W 157 lat 574 574 592 0 exe 13277 13611 14481 resp 15055 0 pmu 784737 146 6345612 4139657 33864989
1790938970.068483 W 158 lat 574 574 1092 0 exe 13240 14555 95333 resp 96425 0 pmu 786618 10625 6359144 4139558 36699105
1790938971.108455 W 159 lat 574 574 685 0 exe 13277 13611 14814 resp 15407 0 pmu 785704 142 6350074 4139657 33912673
1790938972.048502 W 160 lat 574 574 888 0 exe 13240 14574 91444 resp 92148 0 pmu 786313 10808 6355722 4139558 36715902
1790938973.088469 W 161 lat 574 574 685 0 exe 13203 13648 15425 resp 16000 0 pmu 785830 361 6353586 4139624 34029568
1790938974.028484 W 162 lat 574 574 1425 0 exe 13203 14592 96296 resp 97722 0 pmu 786618 10972 6360971 4139558 36828858
1790938975.068456 W 163 lat 574 574 592 0 exe 13240 13629 14203 resp 14777 0 pmu 786899 106 6360714 4139657 33905014
1790938976.108496 W 164 lat 574 574 1314 0 exe 13148 14574 89870 resp 90666 0 pmu 787153 10632 6365788 4139595 36739744
1790938977.044461 W 165 lat 574 574 611 0 exe 13185 13611 14611 resp 15185 0 pmu 784682 189 6342960 4139657 33905540
1790938978.084484 W 166 lat 574 574 907 0 exe 13166 14555 94611 resp 95518 0 pmu 786081 10741 6356704 4139558 36706304
1790938979.124459 W 167 lat 574 574 592 0 exe 13240 13611 14129 resp 14722 0 pmu 786321 90 6357514 4139624 33889706
1790938980.060482 W 168 lat 574 574 1018 0 exe 13222 14537 94055 resp 95074 0 pmu 786282 10630 6355960 4139525 36666314
1790938981.100462 W 169 lat 574 574 611 0 exe 13203 13629 14314 resp 14907 0 pmu 786182 103 6357705 4139657 33914907
1790938982.036483 W 170 lat 574 574 962 0 exe 13277 14759 83148 resp 84111 0 pmu 785586 13298 6350610 4139558 37283453
1790938983.076466 W 171 lat 574 574 611 0 exe 13240 13611 15296 resp 15888 0 pmu 784798 205 6345942 4139624 33914618
1790938984.116498 W 172 lat 574 574 1148 0 exe 13259 14555 86870 resp 87611 0 pmu 785299 10800 6350077 4139558 36676439
1790938985.052470 W 173 lat 574 574 611 0 exe 13240 13629 15111 resp 15685 0 pmu 786251 247 6357374 4139657 34013267
1790938986.092484 W 174 lat 574 574 814 0 exe 13129 14555 92796 resp 93537 0 pmu 787537 10578 6369673 4139558 36673183
1790938987.028457 W 175 lat 574 574 611 0 exe 13129 13592 14203 resp 14796 0 pmu 784672 98 6341648 4139624 33851462
1790938988.068485 W 176 lat 574 574 1370 0 exe 13259 14574 103629 resp 104500 1 pmu 786630 10841 6361997 4139525 36731673
1790938989.108462 W 177 lat 574 574 611 0 exe 13203 13611 14314 resp 14888 0 pmu 785301 96 6347295 4139723 33875661
1790938990.044486 W 178 lat 574 574 1037 0 exe 13240 14555 87388 resp 87981 0 pmu 786010 10814 6354189 4139525 36727480
1790938991.084456 W 179 lat 574 574 611 0 exe 13185 13629 14648 resp 15222 0 pmu 786558 160 6358922 4139657 33943391
1790938992.124485 W 180 lat 574 574 907 0 exe 13203 14574 99148 resp 100055 1 pmu 786477 10773 6359982 4139558 36772554
1790938993.060456 W 181 lat 574 574 592 0 exe 13240 13611 14259 resp 14833 0 pmu 786555 103 6355522 4139657 33895654
1790938994.104507 W 182 lat 574 574 1296 0 exe 13222 14537 86703 resp 87351 0 pmu 785498 10659 6348416 4139558 36627411
1790938995.040459 W 183 lat 574 574 611 0 exe 13314 13611 15037 resp 15611 0 pmu 785405 226 6351271 4139657 33906107
1790938996.080494 W 184 lat 574 574 888 0 exe 13259 14555 97574 resp 98148 0 pmu 786297 10620 6358598 4139558 36711277
1790938997.120460 W 185 lat 574 574 611 0 exe 13166 13611 14314 resp 14907 0 pmu 785282 141 6350032 4139624 33894887
1790938998.056484 W 186 lat 574 574 1018 0 exe 13148 14555 97055 resp 97870 0 pmu 785651 10523 6351060 4139558 36677232
1790938999.096465 W 187 lat 574 574 592 0 exe 13277 13629 14481 resp 15055 0 pmu 786241 146 6355799 4139657 33919120
1790939000.032485 W 188 lat 555 574 962 0 exe 13222 14574 93537 resp 94500 0 pmu 787219 10647 6367411 4139558 36740741
1790939001.072473 W 189 lat 574 574 592 0 exe 13277 13629 14129 resp 14722 0 pmu 786883 128 6361685 4139624 33922565
1790939002.112491 W 190 lat 574 574 925 0 exe 13203 14555 94462 resp 95240 0 pmu 785799 10674 6352525 4139558 36713166
1790939003.048456 W 191 lat 574 574 611 0 exe 13240 13611 14666 resp 15259 0 pmu 784364 166 6342177 4139624 33898300
1790939004.088493 W 192 lat 574 574 888 0 exe 13259 14574 85925 resp 86629 0 pmu 786957 10843 6364215 4139558 36719293
1790939005.024456 W 193 lat 574 574 592 0 exe 13129 13611 14518 resp 15111 0 pmu 785568 116 6353951 4139624 33893661
1790939006.064493 W 194 lat 574 574 907 0 exe 13240 14555 95666 resp 96333 0 pmu 786615 10462 6360647 4139558 36703861
1790939007.104456 W 195 lat 574 574 611 0 exe 13129 13629 14111 resp 14685 0 pmu 786560 122 6359513 4139624 33913879
1790939008.040485 W 196 lat 574 574 1129 0 exe 13203 14555 87666 resp 88351 0 pmu 785214 10910 6348297 4139558 36712932
1790939009.080455 W 197 lat 574 574 592 0 exe 13222 13629 14166 resp 14759 0 pmu 786759 91 6357617 4139657 33905724
1790939010.120481 W 198 lat 574 574 888 0 exe 13296 14537 90111 resp 90814 0 pmu 786486 10525 6358178 4139525 36619563
1790939011.056458 W 199 lat 574 574 611 0 exe 13296 13611 14907 resp 15481 0 pmu 785237 142 6345767 4139624 33917813
1790939012.096500 W 200 lat 574 574 1055 0 exe 13296 14574 93962 resp 94759 0 pmu 786670 10832 6359413 4139558 36769013
1790939013.032456 W 201 lat 574 574 666 0 exe 13277 13629 14611 resp 15203 0 pmu 787083 142 6365864 4139657 33936344
1790939014.076482 W 202 lat 574 574 870 0 exe 13259 14555 89796 resp 90370 0 pmu 787672 10593 6370667 4139558 36675806
1790939015.116463 W 203 lat 574 574 629 0 exe 13203 13611 14203 resp 14777 0 pmu 784437 102 6344857 4139624 33872879
1790939016.052486 W 204 lat 574 574 1037 0 exe 13240 14555 96703 resp 97277 0 pmu 786845 10622 6364059 4139558 36727534
1790939017.092463 W 205 lat 574 574 611 0 exe 13185 13611 14074 resp 14648 0 pmu 785334 134 6353702 4139657 33878664
1790939018.028482 W 206 lat 574 574 870 0 exe 13277 14537 97944 resp 98611 0 pmu 784791 10463 6344846 4139558 36643672
1790939019.068458 W 207 lat 574 574 592 0 exe 13259 13611 14055 resp 14629 0 pmu 785322 143 6349774 4139624 33893047
1790939020.108501 W 208 lat 574 574 851 0 exe 13222 14537 92703 resp 93500 0 pmu 785526 10506 6351698 4139558 36607880
1790939021.044457 W 209 lat 574 574 611 0 exe 13296 13611 14129 resp 14703 0 pmu 786016 95 6349686 4139624 33906746
1790939022.084483 W 210 lat 574 574 851 0 exe 13074 14555 94370 resp 95222 0 pmu 787308 10701 6364590 4139525 36727020
1790939023.124468 W 211 lat 574 574 592 0 exe 13185 13629 15518 resp 16092 0 pmu 785759 211 6350746 4139624 33987737
1790939024.060483 W 212 lat 574 574 870 0 exe 13240 14574 87185 resp 88000 0 pmu 786376 10783 6353122 4139558 36704578
1790939025.100461 W 213 lat 574 574 648 0 exe 13203 13611 14111 resp 14685 0 pmu 785075 137 6347593 4139624 33866565
1790939026.036482 W 214 lat 574 574 981 0 exe 13203 14537 92944 resp 93925 0 pmu 786187 10491 6358188 4139558 36657961
1790939027.076456 W 215 lat 574 574 685 0 exe 13240 13611 14111 resp 14685 0 pmu 785474 152 6350604 4139624 33882390
1790939028.116495 W 216 lat 574 574 1092 0 exe 13148 14592 98796 resp 99888 0 pmu 786780 10680 6361182 4139558 36780062
1790939029.052458 W 217 lat 574 574 592 0 exe 13240 13629 14500 resp 15074 0 pmu 787031 156 6361634 4139657 33950634
1790939030.092484 W 218 lat 574 574 1092 0 exe 13240 14537 86592 resp 87425 0 pmu 785992 10465 6355713 4139558 36658812
1790939031.028456 W 219 lat 574 574 592 0 exe 13259 13611 14259 resp 14851 0 pmu 785370 148 6349695 4139657 33892625
1790939032.068482 W 220 lat 574 574 1018 0 exe 13240 14555 95092 resp 95981 0 pmu 786334 10615 6362374 4139558 36674824
1790939033.108458 W 221 lat 574 574 611 0 exe 13296 13611 14851 resp 15444 0 pmu 785558 190 6347994 4139657 33923882
1790939034.048483 W 222 lat 574 574 1092 0 exe 13240 14537 87703 resp 88685 0 pmu 785581 10701 6348457 4139558 36634067
1790939035.088463 W 223 lat 574 574 611 0 exe 13240 13592 14259 resp 14851 0 pmu 784156 163 6336337 4139657 33844328
1790939036.024485 W 224 lat 574 574 907 0 exe 13185 14555 97370 resp 98277 0 pmu 785766 10622 6353138 4139558 36716768
1790939037.064456 W 225 lat 574 574 592 0 exe 13240 13611 14240 resp 14814 0 pmu 785209 116 6350894 4139624 33862826
1790939038.104494 W 226 lat 574 574 1185 0 exe 13240 14592 90018 resp 90833 0 pmu 785514 10857 6350000 4139558 36790630
1790939039.040457 W 227 lat 574 574 611 0 exe 13148 13611 14259 resp 14833 0 pmu 785145 155 6343979 4139657 33868265
1790939040.080508 W 228 lat 574 574 1018 0 exe 13222 14648 103611 resp 104407 1 pmu 786283 11169 6357608 4139558 36957937
1790939041.120454 W 229 lat 574 574 592 0 exe 13222 13611 14333 resp 14907 0 pmu 784332 96 6339857 4139723 33868153
1790939042.060488 W 230 lat 574 574 907 0 exe 13203 14555 88370 resp 89129 0 pmu 784659 10745 6345818 4139525 36703620
1790939043.100465 W 231 lat 574 574 629 0 exe 13314 13629 14222 resp 14796 0 pmu 787069 119 6361942 4139624 33921130
1790939044.040484 W 232 lat 574 574 888 0 exe 13259 14574 93759 resp 94648 0 pmu 786734 10590 6357244 4139558 36730402
1790939045.080460 W 233 lat 574 574 592 0 exe 13277 13611 14777 resp 15370 0 pmu 785199 229 6350253 4139624 33878074
1790939046.120504 W 234 lat 574 574 851 0 exe 13240 14555 108351 resp 109148 1 pmu 786193 10590 6355972 4139558 36696046
1790939047.056461 W 235 lat 574 574 685 0 exe 13259 13629 15018 resp 15611 0 pmu 785639 180 6353548 4139690 33917914
1790939048.096483 W 236 lat 574 574 925 0 exe 13203 14611 92240 resp 93074 0 pmu 786466 11095 6353797 4139558 36844901
1790939049.032455 W 237 lat 574 574 629 0 exe 13166 13592 14333 resp 14907 0 pmu 784751 207 6343393 4139624 33857654
1790939050.072483 W 238 lat 574 574 907 0 exe 13203 14537 97555 resp 98462 0 pmu 785119 10521 6347838 4139558 36624128
1790939051.112459 W 239 lat 574 574 722 0 exe 13222 13611 14462 resp 15055 0 pmu 785459 172 6350054 4139624 33890650
1790939052.048485 W 240 lat 574 574 944 0 exe 13314 14574 94240 resp 95055 0 pmu 786404 10833 6356129 4139558 36677959
1790939053.088470 W 241 lat 574 574 870 0 exe 13222 13666 16833 resp 17425 0 pmu 786058 452 6357585 4139624 34088404
1790939054.024483 W 242 lat 574 574 981 0 exe 13277 14555 97055 resp 97666 0 pmu 784396 10686 6340073 4139558 36710553
1790939055.064455 W 243 lat 574 574 611 0 exe 13185 13611 14388 resp 14981 0 pmu 785212 156 6345853 4139624 33904987
1790939056.104484 W 244 lat 574 574 1518 0 exe 13240 14555 95777 resp 96518 0 pmu 785825 10525 6350052 4139595 36649937
1790939057.040457 W 245 lat 574 574 629 0 exe 13314 13611 14222 resp 14796 0 pmu 785661 165 6351612 4139657 33890049
1790939058.080483 W 246 lat 574 574 888 0 exe 13277 14537 92333 resp 93018 0 pmu 786409 10591 6358933 4139558 36631673
1790939059.120460 W 247 lat 574 574 592 0 exe 13259 13629 14185 resp 14777 0 pmu 787690 141 6366788 4139624 33960255
1790939060.056482 W 248 lat 574 574 962 0 exe 13203 14574 95055 resp 95870 0 pmu 786020 10742 6356111 4139558 36723683
1790939061.096465 W 249 lat 574 574 611 0 exe 13203 13611 14648 resp 15240 0 pmu 785003 201 6349482 4139624 33916139
1790939062.036482 W 250 lat 574 574 870 0 exe 13277 14555 93925 resp 94592 0 pmu 785511 10720 6350902 4139558 36679209
1790939063.076456 W 251 lat 574 574 592 0 exe 13259 13611 14259 resp 14833 0 pmu 784939 134 6344833 4139624 33878720
1790939064.116498 W 252 lat 574 574 981 0 exe 13185 14592 91574 resp 92481 0 pmu 787860 10753 6369652 4139558 36788338
1790939065.052456 W 253 lat 574 574 611 0 exe 13296 13611 14148 resp 14740 0 pmu 786431 130 6357173 4139624 33896193
1790939066.092484 W 254 lat 574 574 1407 0 exe 13259 14555 98592 resp 100000 0 pmu 786412 10508 6359167 4139595 36654163
1790939067.028456 W 255 lat 574 574 611 0 exe 13240 13611 14148 resp 14722 0 pmu 786060 169 6356677 4139690 33906483
1790939068.068483 W 256 lat 574 574 1055 0 exe 13222 14555 87518 resp 88111 0 pmu 785898 10638 6355889 4139558 36662981
1790939069.108465 W 257 lat 574 574 611 0 exe 13203 13574 14148 resp 14740 0 pmu 782648 167 6328803 4139657 33814617
1790939070.044484 W 258 lat 574 574 1425 0 exe 13203 14537 97796 resp 99222 0 pmu 784172 10626 6341876 4139595 36648902
1790939071.084457 W 259 lat 574 574 611 0 exe 13277 13611 14111 resp 14685 0 pmu 784703 144 6343898 4139657 33869473
1790939072.124496 W 260 lat 574 574 1092 0 exe 13277 14555 93388 resp 94148 0 pmu 784883 10509 6343305 4139558 36697657
1790939073.060456 W 261 lat 574 574 611 0 exe 13259 13592 14462 resp 15037 0 pmu 783492 223 6334537 4139657 33857369
1790939074.100494 W 262 lat 574 574 944 0 exe 13277 14555 92074 resp 93018 0 pmu 784810 10727 6348282 4139558 36693416
1790939075.036453 W 263 lat 574 574 592 0 exe 13240 13629 14203 resp 14796 0 pmu 786331 166 6356953 4139624 33923215
1790939076.076483 W 264 lat 574 574 888 0 exe 13203 14574 106148 resp 106962 1 pmu 787289 10548 6363049 4139558 36696156
1790939077.116456 W 265 lat 574 574 611 0 exe 13222 13629 14388 resp 14962 0 pmu 786012 230 6356502 4139690 33934632
1790939078.052484 W 266 lat 574 574 925 0 exe 13240 14555 89685 resp 90574 0 pmu 785760 10708 6350588 4139558 36704590
1790939079.092462 W 267 lat 574 574 611 0 exe 13259 13629 14351 resp 14925 0 pmu 786973 187 6362460 4139624 33925187
1790939080.028485 W 268 lat 574 574 888 0 exe 13277 14555 97555 resp 98444 0 pmu 787378 10570 6367336 4139558 36690378
1790939081.068457 W 269 lat 574 574 611 0 exe 13240 13592 14462 resp 15037 0 pmu 784422 140 6342221 4139624 33863892
1790939082.108494 W 270 lat 574 574 1092 0 exe 13203 14518 87500 resp 88333 0 pmu 784642 10457 6340163 4139558 36554394
1790939083.044456 W 271 lat 574 574 611 0 exe 13277 13592 14166 resp 14740 0 pmu 784094 201 6338987 4139657 33861545
1790939084.084497 W 272 lat 574 574 1240 0 exe 13222 14574 94314 resp 95370 0 pmu 786474 10833 6356680 4139558 36818494
1790939085.124460 W 273 lat 574 574 611 0 exe 13222 13592 14759 resp 15333 0 pmu 784691 175 6338951 4139657 33861688
1790939086.060491 W 274 lat 574 574 962 0 exe 13222 14537 102148 resp 102870 1 pmu 785319 10484 6345060 4139558 36607078
1790939087.100464 W 275 lat 574 574 629 0 exe 13166 13629 14925 resp 15500 0 pmu 786104 216 6360568 4139690 33943328
1790939088.036488 W 276 lat 574 574 1166 0 exe 13240 14537 91740 resp 92907 0 pmu 785827 10595 6356473 4139558 36643500
1790939089.076457 W 277 lat 574 574 611 0 exe 13296 13611 14333 resp 14907 0 pmu 785589 153 6353221 4139657 33915005
1790939090.116491 W 278 lat 574 574 1166 0 exe 13240 14555 96074 resp 97240 0 pmu 785322 10939 6348657 4139558 36745526
1790939091.052456 W 279 lat 574 574 703 0 exe 13185 13611 14592 resp 15185 0 pmu 783798 183 6339930 4139657 33887244
1790939092.092484 W 280 lat 574 574 962 0 exe 13185 14518 90722 resp 91333 0 pmu 783631 10581 6334941 4139558 36571134
1790939093.028455 W 281 lat 574 574 703 0 exe 13203 13611 14407 resp 14981 0 pmu 784372 194 6340754 4139624 33888454
1790939094.068489 W 282 lat 574 574 907 0 exe 13296 14537 92185 resp 93055 0 pmu 786137 10463 6357486 4139558 36644178
1790939095.108462 W 283 lat 574 574 611 0 exe 13222 13592 14222 resp 14796 0 pmu 782335 168 6324357 4139624 33853620
1790939096.044488 W 284 lat 574 574 925 0 exe 13222 14555 105055 resp 105925 1 pmu 784567 10827 6347536 4139558 36697273
1790939097.084458 W 285 lat 555 574 592 0 exe 13314 13629 14555 resp 15129 0 pmu 786526 215 6357581 4139690 33955178
1790939098.124485 W 286 lat 574 574 833 0 exe 13185 14537 84296 resp 84962 0 pmu 787234 10466 6362466 4139558 36655910
1790939099.060461 W 287 lat 574 574 685 0 exe 13259 13629 14722 resp 15314 0 pmu 785822 227 6356363 4139624 33941048
1790939100.100487 W 288 lat 574 574 981 0 exe 13203 14574 100092 resp 101018 1 pmu 784710 10837 6342825 4139558 36741519
1790939101.036458 W 289 lat 574 574 648 0 exe 13240 13611 14277 resp 14870 0 pmu 785162 196 6347432 4139690 33906151
1790939102.076485 W 290 lat 574 574 981 0 exe 13148 14592 98185 resp 98851 0 pmu 786923 10636 6362141 4139558 36785467
1790939103.116461 W 291 lat 574 574 611 0 exe 13185 13648 16333 resp 16925 0 pmu 785000 435 6346221 4139624 34039959
1790939104.052494 W 292 lat 574 574 962 0 exe 13277 14574 95814 resp 96777 0 pmu 786479 10696 6355444 4139558 36727859
1790939105.092457 W 293 lat 574 574 592 0 exe 13203 13629 14666 resp 15240 0 pmu 785673 252 6351156 4139624 33959670
1790939106.028487 W 294 lat 574 574 1481 0 exe 13277 14555 99037 resp 100518 1 pmu 785931 10661 6348201 4139558 36688705
1790939107.068455 W 295 lat 574 574 611 0 exe 13277 13611 14814 resp 15388 0 pmu 784367 188 6339250 4139690 33904578
1790939108.108494 W 296 lat 574 574 1018 0 exe 13185 14592 91500 resp 92092 0 pmu 785808 10985 6350236 4139558 36758769
1790939109.044456 W 297 lat 574 574 611 0 exe 13314 13629 14481 resp 15055 0 pmu 786663 225 6360423 4139657 33941752
1790939110.084485 W 298 lat 574 574 1074 0 exe 13203 14518 90962 resp 91796 0 pmu 784295 10526 6341785 4139558 36625000
1790939111.124457 W 299 lat 574 574 592 0 exe 13259 13629 14259 resp 14851 0 pmu 785860 132 6353455 4139657 33911380
1790939112.064493 W 300 lat 574 574 1370 0 exe 13296 14592 105592 resp 106962 1 pmu 785510 10676 6349717 4139595 36716977
1790939113.104513 W 301 lat 574 574 703 0 exe 13240 13666 17759 resp 18333 0 pmu 785307 645 6350523 4139723 34074569
1790939114.040494 W 302 lat 574 574 851 0 exe 13277 14574 95111 resp 95962 0 pmu 786099 10854 6352701 4139558 36766316
1790939115.080457 W 303 lat 574 574 703 0 exe 13314 13629 14555 resp 15129 0 pmu 786883 248 6360493 4139624 33945878
1790939116.120493 W 304 lat 574 574 1037 0 exe 13277 14555 93962 resp 95000 0 pmu 786972 10519 6361610 4139558 36679014
1790939117.056458 W 305 lat 574 574 648 0 exe 13240 13629 14555 resp 15129 0 pmu 786130 226 6356531 4139657 33938021
1790939118.096487 W 306 lat 574 574 1222 0 exe 13296 16592 117814 resp 118481 1 pmu 789063 32938 6381312 4139558 43031912
1790939119.032457 W 307 lat 574 574 592 0 exe 13259 13629 15037 resp 15611 0 pmu 785003 302 6344114 4139723 33918889
1790939120.076492 W 308 lat 555 574 907 0 exe 13148 14555 97592 resp 98444 0 pmu 785858 10620 6353051 4139558 36714481
1790939121.116458 W 309 lat 574 574 592 0 exe 13259 13611 15333 resp 15907 0 pmu 784401 249 6338842 4139624 33902028
1790939122.052495 W 310 lat 574 574 907 0 exe 13148 14537 87314 resp 87925 0 pmu 786348 10518 6353446 4139558 36645589
1790939123.092459 W 311 lat 574 574 592 0 exe 13277 13629 15925 resp 16500 0 pmu 785672 332 6351765 4139624 33945064
1790939124.028492 W 312 lat 574 574 944 0 exe 13148 14574 89277 resp 90037 0 pmu 785670 10992 6347657 4139558 36779679
1790939125.068458 W 313 lat 574 574 611 0 exe 13240 13611 14870 resp 15462 0 pmu 784952 207 6343033 4139624 33888061
1790939126.108489 W 314 lat 574 574 888 0 exe 13259 14500 90222 resp 90888 0 pmu 785228 10329 6349219 4139558 36542205
1790939127.044455 W 315 lat 574 574 611 0 exe 13222 13611 14333 resp 14907 0 pmu 784820 278 6346250 4139624 33914517
1790939128.088492 W 316 lat 574 574 1092 0 exe 13166 14537 86481 resp 87333 0 pmu 785176 10469 6347334 4139558 36587739
1790939129.024455 W 317 lat 574 574 592 0 exe 13240 13648 15129 resp 15722 0 pmu 787055 388 6360679 4139657 33977232
1790939130.064495 W 318 lat 574 574 907 0 exe 13277 14592 95944 resp 96851 0 pmu 787567 10783 6365540 4139558 36814951
1790939131.104462 W 319 lat 574 574 611 0 exe 13240 13629 15296 resp 15870 0 pmu 786116 305 6354936 4139624 33946845
1790939132.044494 W 320 lat 574 574 870 0 exe 13222 14537 92555 resp 93296 0 pmu 784518 10453 6342906 4139558 36600066
1790939133.084463 W 321 lat 574 574 907 0 exe 13203 13648 15666 resp 16240 0 pmu 784927 501 6348976 4139624 33998024
1790939134.024492 W 322 lat 574 574 888 0 exe 13222 14500 97129 resp 97796 0 pmu 785408 10126 6348700 4139558 36538701
1790939135.064462 W 323 lat 574 574 611 0 exe 13240 13666 20148 resp 20759 0 pmu 785173 760 6349213 4139624 34048422
1790939136.104494 W 324 lat 574 574 814 0 exe 13185 14407 96129 resp 96925 0 pmu 784526 9090 6342125 4139558 36300752
1790939137.040455 W 325 lat 574 574 592 0 exe 13240 13740 47833 resp 48407 0 pmu 785634 1671 6350701 4139591 34245052
1790939138.080494 W 326 lat 574 574 1148 0 exe 13222 14055 90444 resp 91166 0 pmu 786434 4848 6366581 4139591 35406038
1790939139.120460 W 327 lat 574 574 685 0 exe 13203 14092 75592 resp 76185 0 pmu 784862 5670 6337341 4139624 35068936
1790939140.056551 W 328 lat 574 574 888 0 exe 13203 13592 21277 resp 22166 0 pmu 783472 143 6338478 4139591 33973457
1790939141.096459 W 329 lat 574 574 944 0 exe 13314 14592 97222 resp 98166 0 pmu 785899 10989 6347539 4139558 36727485
1790939142.032524 W 330 lat 574 574 592 0 exe 13240 13611 14925 resp 15500 0 pmu 784481 155 6341563 4139624 33893239
1790939143.072483 W 331 lat 574 574 833 0 exe 13259 14592 92148 resp 92981 0 pmu 786815 10873 6361293 4139558 36769492
1790939144.112491 W 332 lat 574 574 611 0 exe 13277 13611 14425 resp 15000 0 pmu 785262 141 6350913 4139624 33900586
1790939145.048457 W 333 lat 574 574 833 0 exe 13222 14537 87388 resp 88185 0 pmu 784567 10592 6345075 4139558 36664539
1790939146.088494 W 334 lat 574 574 592 0 exe 13222 13574 14018 resp 14592 0 pmu 782832 73 6328641 4139624 33808256
1790939147.024457 W 335 lat 574 574 1000 0 exe 13148 14537 92111 resp 93092 0 pmu 786025 10427 6354197 4139525 36637933
1790939148.068529 W 336 lat 574 574 611 0 exe 13203 13629 14370 resp 14944 0 pmu 785907 139 6352465 4139657 33919444
1790939149.108461 W 337 lat 574 574 814 0 exe 13240 14592 86629 resp 87259 0 pmu 788002 11051 6372297 4139558 36789580
1790939150.044456 W 338 lat 574 574 592 0 exe 13277 13611 14129 resp 14703 0 pmu 786173 91 6353733 4139624 33887499
1790939151.084489 W 339 lat 574 574 796 0 exe 13259 14555 97111 resp 97722 0 pmu 785922 10641 6353816 4139525 36736121
1790939152.124495 W 340 lat 574 574 592 0 exe 13259 13629 14555 resp 15129 0 pmu 785930 157 6357875 4139624 33925056
1790939153.060457 W 341 lat 574 574 962 0 exe 13185 14592 101240 resp 101907 1 pmu 785514 10763 6349944 4139558 36753946
1790939154.100491 W 342 lat 574 574 666 0 exe 13259 13611 14814 resp 15407 0 pmu 785454 119 6349479 4139690 33900343
1790939155.036457 W 343 lat 574 574 981 0 exe 13277 14574 93370 resp 94314 0 pmu 786528 10992 6360442 4139558 36799476
1790939156.076527 W 344 lat 574 574 592 0 exe 13222 13629 14092 resp 14666 0 pmu 785888 74 6352117 4139624 33904564
1790939157.116489 W 345 lat 574 574 1148 0 exe 13185 14537 93518 resp 94185 0 pmu 785307 10586 6351047 4139525 36631675
1790939158.052456 W 346 lat 574 574 611 0 exe 13185 13611 14092 resp 14666 0 pmu 784627 62 6342342 4139657 33862240
1790939159.092484 W 347 lat 574 574 814 0 exe 13166 14555 90314 resp 90962 0 pmu 785545 10710 6350661 4139525 36664150
1790939160.028463 W 348 lat 574 574 685 0 exe 13185 13629 15481 resp 16055 0 pmu 786101 219 6355132 4139624 33953680
1790939161.068482 W 349 lat 574 574 981 0 exe 13185 14537 94092 resp 95074 0 pmu 784060 10528 6339291 4139558 36645569
1790939162.112493 W 350 lat 574 574 611 0 exe 13222 13629 14296 resp 14870 0 pmu 786122 143 6356568 4139624 33941015
1790939163.048461 W 351 lat 574 574 981 0 exe 13259 14592 95703 resp 96444 0 pmu 785150 11087 6352317 4139558 36783305
1790939164.088457 W 352 lat 574 574 666 0 exe 13222 13629 14777 resp 15351 0 pmu 786001 131 6355122 4139624 33915623
1790939165.024484 W 353 lat 574 574 870 0 exe 13296 14555 91962 resp 92833 0 pmu 786555 10838 6360982 4139558 36708876
1790939166.064467 W 354 lat 574 574 592 0 exe 13259 13611 14444 resp 15018 0 pmu 785327 138 6351235 4139624 33914671
1790939167.104489 W 355 lat 574 574 944 0 exe 13203 14574 108666 resp 109481 1 pmu 786655 10752 6359002 4139558 36752018
1790939168.040457 W 356 lat 574 574 648 0 exe 13240 13611 14166 resp 14759 0 pmu 785961 91 6351138 4139690 33895881
1790939169.080483 W 357 lat 574 574 1407 0 exe 13185 14555 94203 resp 95611 0 pmu 787229 10527 6362882 4139562 36683762
1790939170.120514 W 358 lat 574 574 851 0 exe 13240 13629 14444 resp 15037 0 pmu 786506 152 6358637 4139657 33920347
1790939171.056491 W 359 lat 574 574 833 0 exe 13259 14592 94907 resp 95685 0 pmu 787089 11063 6361965 4139558 36843440
1790939172.096468 W 360 lat 574 574 611 0 exe 13203 13611 14851 resp 15425 0 pmu 784768 206 6342396 4139624 33927856
1790939173.032485 W 361 lat 574 574 1277 0 exe 13111 14574 85703 resp 86981 0 pmu 785785 11097 6352422 4139558 36805039
1790939174.072459 W 362 lat 574 574 592 0 exe 13185 13592 14185 resp 14759 0 pmu 784447 77 6339035 4139657 33824219
1790939175.116489 W 363 lat 574 574 833 0 exe 13185 14537 99833 resp 100462 1 pmu 785242 10641 6350585 4139525 36630384
1790939176.052456 W 364 lat 574 574 592 0 exe 13240 13592 14388 resp 14981 0 pmu 784331 94 6336173 4139657 33862045
1790939177.096484 W 365 lat 574 574 962 0 exe 13296 14555 86981 resp 87592 0 pmu 786227 10603 6354311 4139525 36688733
1790939178.032483 W 366 lat 574 574 833 0 exe 13240 13944 41148 resp 41722 0 pmu 785726 3824 6348015 4139624 35019464
1790939179.072484 W 367 lat 574 574 1018 0 exe 13222 14555 98092 resp 99111 0 pmu 786177 10712 6354465 4139591 36700841
1790939180.116920 W 368 lat 574 2925 11240 0 exe 13296 225259 545981 resp 551111 798 pmu 850985 635075 6923015 4165039 583892658
1790939181.064763 W 369 lat 574 4222 9000 0 exe 85833 407481 576407 resp 582574 997 pmu 940314 900265 7601774 4174808 1034657056
1790939182.120597 W 370 lat 592 4388 10481 0 exe 78111 410648 575000 resp 578240 997 pmu 942116 901379 7656778 4175215 1043002246
1790939183.064865 W 371 lat 574 4796 10388 0 exe 75592 436444 599277 resp 607000 994 pmu 972908 976311 7890129 4175359 1115918904
1790939184.108756 W 372 lat 592 4259 10537 0 exe 69814 405685 560333 resp 564722 995 pmu 936982 893846 7575038 4175026 1029649815
1790939185.048680 W 373 lat 592 4370 14370 0 exe 97185 389703 569222 resp 574685 998 pmu 933208 883726 7559987 4175877 993544600
1790939186.096843 W 374 lat 574 3722 10555 0 exe 69740 368925 564537 resp 570666 995 pmu 926353 887733 7525254 4171959 945083643
1790939187.044891 W 375 lat 574 3648 11037 0 exe 70907 403981 584759 resp 590611 994 pmu 942250 882308 7641897 4168851 1027027460
1790939188.096769 W 376 lat 574 4240 10796 0 exe 77370 411074 582407 resp 591444 998 pmu 955395 911499 7750497 4173509 1046730436
1790939189.040569 W 377 lat 574 4037 10666 0 exe 76351 398000 580648 resp 587388 997 pmu 940110 895897 7602427 4172880 1015078330
1790939190.088866 W 378 lat 574 4370 11185 0 exe 72500 425962 574481 resp 580925 994 pmu 951033 907130 7724998 4175174 1077729628
1790939191.032756 W 379 lat 592 5296 12814 0 exe 71592 479314 578592 resp 585185 997 pmu 999116 1002773 8112435 4176321 1218200100
1790939192.088937 W 380 lat 592 4796 11518 0 exe 77055 441500 569925 resp 575925 995 pmu 972526 969845 7866780 4175318 1124152550
1790939193.028771 W 381 lat 592 4759 12370 0 exe 69944 420388 589888 resp 596740 996 pmu 956598 906532 7762996 4175174 1067948012
1790939194.076679 W 382 lat 592 4462 10981 0 exe 63185 406537 577407 resp 585703 996 pmu 943323 876283 7662930 4176025 1032011685
1790939195.028752 W 383 lat 574 4796 11648 0 exe 76037 437925 592685 resp 599185 993 pmu 971179 962831 7879565 4175211 1116456163
1790939196.080723 W 384 lat 574 5185 12092 0 exe 78055 465592 585333 resp 593296 997 pmu 988671 981321 8023120 4175988 1181632299
1790939197.028796 W 385 lat 611 5148 21851 0 exe 90907 468277 596777 resp 602907 998 pmu 985775 970096 8006705 4176062 1187107638
1790939198.080796 W 386 lat 1000 5685 12074 0 exe 105555 501555 597851 resp 603722 1000 pmu 1012902 1021872 8241260 4176580 1270097879
1790939199.028905 W 387 lat 1185 5981 13981 0 exe 99981 506148 595111 resp 604277 1000 pmu 1016758 1025773 8268180 4176782 1281630816
1790939200.076932 W 388 lat 1222 5888 12203 0 exe 104814 500518 592296 resp 598462 1000 pmu 1013396 1021549 8239192 4176675 1268575649
1790939201.024803 W 389 lat 1240 6222 11851 0 exe 104870 509666 596907 resp 603592 1000 pmu 1021994 1029777 8305753 4176819 1289470766
1790939202.080844 W 390 lat 1333 5740 13037 0 exe 97555 492851 594240 resp 602148 999 pmu 1012247 1021041 8237592 4176671 1251942932
1790939203.028879 W 391 lat 1222 5629 12129 0 exe 91777 480574 590611 resp 596425 998 pmu 1006630 1013006 8169661 4176642 1221355028
1790939204.072927 W 392 lat 574 5574 12074 0 exe 92074 494222 600388 resp 607685 999 pmu 1006624 1015035 8186433 4176679 1251133435
1790939205.120894 W 393 lat 1259 5703 12870 0 exe 97870 494333 586555 resp 594703 999 pmu 1007161 1016040 8186194 4176683 1253272555
1790939206.064738 W 394 lat 1333 6000 12518 0 exe 104537 504925 609907 resp 617685 1000 pmu 1017032 1026556 8262811 4176679 1277727292
1790939207.116751 W 395 lat 1055 5444 14018 0 exe 85907 494814 608185 resp 615796 999 pmu 1005535 1014497 8161885 4176782 1253456190
1790939208.056881 W 396 lat 1185 5388 12518 0 exe 94907 487629 615888 resp 627129 998 pmu 998167 1006023 8100733 4176679 1233997251
1790939209.113004 W 397 lat 666 5462 11555 0 exe 93129 491444 579981 resp 589611 997 pmu 1005597 1014025 8163234 4176387 1246934283
1790939210.056718 W 398 lat 611 4814 11444 0 exe 77703 463907 584851 resp 589740 995 pmu 981493 989389 7961604 4175610 1177089802
1790939211.116800 W 399 lat 611 4870 11203 0 exe 78222 462851 590296 resp 598185 993 pmu 980640 986938 7961321 4175396 1174255985
1790939212.060752 W 400 lat 592 4555 11277 0 exe 73944 435740 559111 resp 565611 992 pmu 955262 928132 7730807 4175396 1103383449
1790939213.104913 W 401 lat 592 4388 11611 0 exe 75981 396703 573629 resp 582166 993 pmu 942789 895744 7649873 4174989 1013310417
1790939214.052793 W 402 lat 592 4759 11888 0 exe 78759 426740 595388 resp 601518 995 pmu 961101 929572 7785907 4175322 1085718854
1790939215.100768 W 403 lat 592 4833 11462 0 exe 82500 465870 575462 resp 580814 993 pmu 975147 973666 7903473 4175766 1177573607
1790939216.048975 W 404 lat 574 4574 11222 0 exe 78222 442296 577296 resp 582407 996 pmu 963623 942223 7809762 4175359 1122184509
1790939217.092876 W 405 lat 611 4833 11296 0 exe 74740 438444 581722 resp 589129 996 pmu 977222 962833 7927397 4175766 1118734727
1790939218.040846 W 406 lat 740 5240 11592 0 exe 74888 488000 612203 resp 617314 997 pmu 999294 1006411 8115092 4176136 1235439188
1790939219.092869 W 407 lat 870 6148 14537 0 exe 92611 502037 609481 resp 616537 999 pmu 1012020 1012682 8236053 4176169 1270990597
1790939220.032786 W 408 lat 1333 7129 15074 0 exe 105537 531611 606148 resp 612407 1000 pmu 1038529 1047266 8466230 4176720 1341807953
1790939221.081020 W 409 lat 1259 6833 13611 0 exe 105537 523796 600740 resp 607962 1000 pmu 1032895 1041736 8423771 4176708 1326569980
1790939222.120941 W 410 lat 1351 7111 12296 0 exe 108425 528870 600500 resp 607351 1000 pmu 1038268 1049922 8487144 4176893 1338097154
1790939223.060908 W 411 lat 1296 6851 12462 0 exe 99759 527685 600055 resp 605944 1000 pmu 1036378 1045122 8461417 4176708 1336020147
1790939224.112904 W 412 lat 1222 6500 13722 0 exe 108296 515444 598462 resp 603777 1000 pmu 1028477 1036872 8371823 4176675 1304871885
1790939225.052856 W 413 lat 1314 6629 12537 0 exe 104907 516018 599092 resp 607407 1000 pmu 1029428 1039784 8387064 4176745 1308449471
1790939226.112894 W 414 lat 1314 6203 12500 0 exe 105759 499685 590740 resp 596388 1000 pmu 1021609 1029357 8313067 4176745 1267373752
1790939227.056589 W 415 lat 1314 6000 14425 0 exe 104870 498574 587851 resp 595018 1000 pmu 1015788 1023779 8263083 4176782 1264941577
1790939228.100664 W 416 lat 592 5962 11648 0 exe 87611 492092 599074 resp 607666 999 pmu 1014498 1022310 8252831 4176560 1249367806
1790939229.044879 W 417 lat 592 5111 12259 0 exe 84944 461444 585722 resp 596388 998 pmu 993230 1000804 8056264 4176498 1174090284
1790939230.092854 W 418 lat 1111 5592 11537 0 exe 81055 486777 622074 resp 629277 998 pmu 1009476 1018178 8196364 4176465 1237848836
1790939231.040870 W 419 lat 1000 5314 11648 0 exe 92740 472925 591759 resp 597925 998 pmu 990589 997125 8042741 4176568 1199212712
1790939232.100879 W 420 lat 796 5629 11648 0 exe 97148 485111 591703 resp 597481 999 pmu 1009200 1018127 8196389 4176502 1233030514
1790939233.048582 W 421 lat 611 5462 12425 0 exe 95074 476537 604388 resp 610444 998 pmu 997126 1003641 8103532 4176498 1209145217
1790939234.092638 W 422 lat 925 5777 12185 0 exe 92111 488037 601703 resp 608277 999 pmu 1009957 1018022 8197474 4176650 1237887717
1790939235.036838 W 423 lat 629 5388 12814 0 exe 94962 466814 593314 resp 604277 999 pmu 1002273 1009910 8135727 4176350 1190948048
1790939236.084828 W 424 lat 611 5870 11981 0 exe 106166 492444 600444 resp 607703 1000 pmu 1014972 1023828 8252800 4176646 1251020613
1790939237.028844 W 425 lat 1203 5888 13351 0 exe 103055 494796 596740 resp 609055 1000 pmu 1016043 1024083 8259179 4176675 1256476807
1790939238.080882 W 426 lat 722 5444 12907 0 exe 85500 477555 600537 resp 607629 999 pmu 998159 1006537 8089110 4176634 1211498704
1790939239.128865 W 427 lat 685 5407 14666 0 exe 110148 466796 603518 resp 610240 1000 pmu 987059 992517 8044601 4176539 1185923829
1790939240.068492 W 428 lat 574 1740 11333 0 exe 13240 110629 590129 resp 596333 213 pmu 836781 241020 6750288 4147490 286714114
1790939241.108462 W 429 lat 574 574 629 0 exe 13222 13648 16148 resp 16722 0 pmu 784561 422 6336166 4139954 34087955
1790939242.060640 W 430 lat 574 3759 10444 0 exe 13277 273092 474444 resp 481129 738 pmu 959845 754783 7846369 4166753 699878130
1790939243.096755 W 431 lat 3222 5740 10018 0 exe 331629 396166 467944 resp 477888 1000 pmu 1053115 1038770 8628305 4176954 1010514661
1790939244.032768 W 432 lat 2740 5777 11370 0 exe 325407 395796 477962 resp 485703 1000 pmu 1053051 1039025 8625471 4177152 1009765676
1790939245.072795 W 433 lat 1777 5648 10166 0 exe 249833 398925 467444 resp 474129 1000 pmu 1052473 1037054 8615862 4177152 1017004007
1790939246.112765 W 434 lat 1962 5796 10777 0 exe 280870 398925 485259 resp 491944 1000 pmu 1052555 1036336 8619595 4177115 1017323484
1790939247.052756 W 435 lat 3074 5796 11166 0 exe 342166 400351 465666 resp 474222 1000 pmu 1053237 1037889 8630345 4177152 1020740671
1790939248.092756 W 436 lat 2518 5796 10277 0 exe 324148 400111 476518 resp 481962 1000 pmu 1053137 1038417 8629484 4177152 1020417094
1790939249.028760 W 437 lat 1851 5629 10277 0 exe 268611 397759 485074 resp 491666 1000 pmu 1051522 1030146 8606363 4177152 1014429654
1790939250.068765 W 438 lat 3055 5722 10592 0 exe 297666 400592 471722 resp 478740 1000 pmu 1052910 1038861 8626910 4177152 1021538390
1790939251.108749 W 439 lat 3148 5722 11333 0 exe 335259 400925 466055 resp 473537 1000 pmu 1053080 1038852 8628030 4177152 1022092408
1790939252.048736 W 440 lat 1759 5648 11537 0 exe 281592 397518 467370 resp 474129 1000 pmu 1052064 1034343 8610657 4177152 1013918495
1790939253.100782 W 441 lat 1759 5666 10018 0 exe 261685 398333 470888 resp 476796 1000 pmu 1052459 1036057 8622272 4177152 1016087124
1790939254.044772 W 442 lat 2907 5796 10666 0 exe 346222 402055 480555 resp 485925 1000 pmu 1053000 1038330 8617960 4177152 1024849265
1790939255.092647 W 443 lat 3111 5666 9685 0 exe 324000 401851 474814 resp 480814 1000 pmu 1053082 1039218 8619410 4177152 1024323351
1790939256.024797 W 444 lat 2222 5740 11111 0 exe 277611 399666 479888 resp 486722 1000 pmu 1052293 1033451 8612264 4177119 1019102562
1790939257.064771 W 445 lat 1574 5685 10388 0 exe 294018 399666 465870 resp 472907 1000 pmu 1052567 1037495 8622924 4177078 1019339137
1790939258.104776 W 446 lat 1296 5500 10759 0 exe 333092 398388 477592 resp 485574 1000 pmu 1053050 1039406 8623460 4175524 1015944024
1790939259.044786 W 447 lat 2870 5759 10277 0 exe 253222 394944 473407 resp 482462 1000 pmu 1053047 1037040 8624078 4177152 1008052216
1790939260.084774 W 448 lat 1870 5759 10500 0 exe 294000 393481 462222 resp 470944 1000 pmu 1052162 1033022 8614281 4177152 1004478188
1790939261.124770 W 449 lat 2333 5740 11000 0 exe 277333 393888 475537 resp 484666 1000 pmu 1052682 1036535 8617475 4177152 1005526089
1790939262.060770 W 450 lat 2481 5777 11759 0 exe 319796 396259 470018 resp 477888 1000 pmu 1052762 1038244 8624987 4177152 1011014561
1790939263.100767 W 451 lat 1962 5759 11629 0 exe 271592 392703 468462 resp 473888 1000 pmu 1052681 1035460 8619161 4177115 1002902856
1790939264.040683 W 452 lat 2370 5777 10833 0 exe 298259 394518 473888 resp 481648 1000 pmu 1052498 1035995 8617501 4177152 1007013785
1790939265.076722 W 453 lat 1685 5703 10222 0 exe 267759 393333 464296 resp 470629 1000 pmu 1052591 1035569 8610392 4177152 1004078660
1790939266.120779 W 454 lat 2759 5648 10037 0 exe 316833 395703 478574 resp 484796 1000 pmu 1053133 1040375 8627497 4177152 1009641269
1790939267.056749 W 455 lat 2222 5703 10851 0 exe 278500 394537 472444 resp 481833 1000 pmu 1052266 1035108 8609544 4177152 1006779626
1790939268.096757 W 456 lat 2351 5518 9611 0 exe 274592 397611 474092 resp 479796 1000 pmu 1052205 1039379 8611940 4177152 1013777035
1790939269.032758 W 457 lat 3092 5870 10611 0 exe 256092 399611 472851 resp 483444 1000 pmu 1053005 1036413 8621162 4177119 1019292257
1790939270.072746 W 458 lat 2259 5629 11240 0 exe 265462 399462 468129 resp 474333 1000 pmu 1052575 1035873 8618012 4177152 1018574004
1790939271.112781 W 459 lat 1981 5703 10648 0 exe 261074 398444 470981 resp 481629 1000 pmu 1052481 1036541 8617941 4177152 1016318883
1790939272.048726 W 460 lat 2333 5777 10814 0 exe 293407 400166 471722 resp 479740 1000 pmu 1052810 1036106 8618512 4177152 1020335781
1790939273.092661 W 461 lat 2888 5777 10462 0 exe 316722 399500 468351 resp 475777 1000 pmu 1052929 1037268 8620763 4177152 1018939702
1790939274.028730 W 462 lat 1666 5759 12092 0 exe 279833 400481 473777 resp 479222 1000 pmu 1052653 1036432 8616765 4177152 1021063587
1790939275.068767 W 463 lat 1166 5685 9796 0 exe 264703 399907 483055 resp 489000 1000 pmu 1052487 1037077 8624613 4177078 1019849382
1790939276.108765 W 464 lat 1833 5740 9759 0 exe 306074 399351 474074 resp 480944 1000 pmu 1052756 1035714 8621273 4177119 1018358877
1790939277.044770 W 465 lat 2481 5648 9629 0 exe 288444 398962 475703 resp 480592 1000 pmu 1052340 1036040 8612119 4177119 1017433378
1790939278.084815 W 466 lat 2370 5703 11055 0 exe 271111 401055 493222 resp 502574 1000 pmu 1052721 1039237 8619582 4177119 1022508788
1790939279.124777 W 467 lat 2537 5759 10296 0 exe 328351 401759 477185 resp 486444 1000 pmu 1053089 1042578 8633403 4177152 1024233106
1790939280.060777 W 468 lat 1740 5703 10962 0 exe 297888 400370 470500 resp 475777 1000 pmu 1052482 1036042 8617205 4177152 1020770601
1790939281.104782 W 469 lat 2037 5648 9962 0 exe 274462 400629 478888 resp 485592 1000 pmu 1052631 1039698 8618428 4177152 1021507702
1790939282.040756 W 470 lat 1555 5648 11870 0 exe 319888 404388 478111 resp 484870 1000 pmu 1052733 1050238 8616487 4177119 1030082462
1790939283.088696 W 471 lat 1203 5611 10851 0 exe 314537 402148 473944 resp 482592 1000 pmu 1052960 1045089 8628837 4177041 1025237879
1790939284.032758 W 472 lat 962 5333 10259 0 exe 246740 397222 465907 resp 472148 1000 pmu 1051962 1034424 8623990 4175080 1012731601
1790939285.080759 W 473 lat 2462 5685 10444 0 exe 290000 392759 468351 resp 474037 1000 pmu 1052334 1035963 8622110 4177119 1002914958
1790939286.124763 W 474 lat 2037 5759 11148 0 exe 269833 395981 464555 resp 472203 1000 pmu 1052755 1037822 8631160 4177152 1010627059
1790939287.064696 W 475 lat 2074 5740 11388 0 exe 245722 394759 468296 resp 474314 1000 pmu 1052585 1035284 8631647 4177152 1007571649
1790939288.112761 W 476 lat 1814 5703 11037 0 exe 256055 394611 473611 resp 480574 1000 pmu 1052614 1037895 8631475 4177152 1007314108
1790939289.048812 W 477 lat 1962 5685 11314 0 exe 264703 394944 468018 resp 473203 1000 pmu 1052680 1037963 8629502 4177152 1007962312
1790939290.088745 W 478 lat 3259 5777 11462 0 exe 257203 396703 456629 resp 462907 1000 pmu 1053101 1045394 8633309 4177152 1012188564
1790939291.024773 W 479 lat 1981 5666 10351 0 exe 262259 393777 464259 resp 470240 1000 pmu 1052154 1034811 8628990 4177152 1005329432
1790939292.068659 W 480 lat 3129 5722 12259 0 exe 297592 393759 475259 resp 481574 1000 pmu 1053278 1036381 8629986 4177152 1005545539
1790939293.104809 W 481 lat 2388 5833 11370 0 exe 272185 393185 494351 resp 500518 1000 pmu 1052676 1036838 8634391 4177152 1004020547
1790939294.040767 W 482 lat 2814 5722 11611 0 exe 306259 394388 465592 resp 472277 1000 pmu 1052954 1038955 8633791 4177152 1006848606
1790939295.088725 W 483 lat 1611 5629 9777 0 exe 261129 393037 478333 resp 484296 1000 pmu 1052060 1034865 8622341 4177115 1003361629
1790939296.024785 W 484 lat 3000 5777 9537 0 exe 328277 395240 477833 resp 484907 1000 pmu 1053124 1040359 8641132 4177119 1008958937
1790939297.064775 W 485 lat 2574 5611 10166 0 exe 278277 397851 453703 resp 463092 1000 pmu 1052406 1037101 8630224 4177119 1014508460
1790939298.104761 W 486 lat 1666 5703 11000 0 exe 328111 399370 461629 resp 470740 1000 pmu 1052975 1040844 8633990 4177078 1018610964
1790939299.052770 W 487 lat 1462 5833 9962 0 exe 269611 398240 480574 resp 488666 1000 pmu 1052567 1034157 8626164 4177152 1015902295
1790939300.096735 W 488 lat 1944 5740 10870 0 exe 266555 398740 462685 resp 470574 1000 pmu 1052666 1037917 8626784 4177119 1017204981
1790939301.036767 W 489 lat 2277 5703 10555 0 exe 285407 398666 476037 resp 484296 1000 pmu 1052522 1037963 8631422 4177152 1016896812
1790939302.076487 W 490 lat 574 2055 10425 0 exe 13222 126092 486111 resp 496537 292 pmu 864709 323917 7003155 4150660 321439621
1790939303.116455 W 491 lat 574 574 648 0 exe 13166 13611 14777 resp 15370 0 pmu 784536 196 6346745 4139954 33907832
1790939304.056488 W 492 lat 574 574 1685 0 exe 13222 17111 129962 resp 130555 5 pmu 788788 35835 6378459 4139632 44606751
1790939305.096456 W 493 lat 574 574 611 0 exe 13222 13629 14814 resp 15407 0 pmu 785203 161 6348722 4139723 33937280
1790939306.032484 W 494 lat 574 574 1074 0 exe 13277 14685 74203 resp 74796 0 pmu 787335 12117 6368005 4139558 37203863
1790939307.072456 W 495 lat 574 574 611 0 exe 13240 13629 14500 resp 15074 0 pmu 786465 111 6360677 4139657 33953770
1790939308.112484 W 496 lat 574 574 1000 0 exe 13259 14611 82037 resp 82648 0 pmu 785657 11137 6355271 4139558 36930559
1790939309.048455 W 497 lat 574 574 611 0 exe 13203 13629 14777 resp 15351 0 pmu 785888 162 6353223 4139657 33956746
1790939310.088484 W 498 lat 574 574 962 0 exe 13277 14666 79870 resp 80833 0 pmu 786189 11954 6359174 4139558 37143444
1790939311.028447 W 499 lat 574 574 629 0 exe 13203 13611 14685 resp 15277 0 pmu 783573 127 6336926 4139624 33878537
1790939312.064483 W 500 lat 574 574 1074 0 exe 13222 14722 80574 resp 81425 0 pmu 784634 12824 6344689 4139558 37227886
1790939313.104460 W 501 lat 574 574 611 0 exe 13333 13629 14833 resp 15407 0 pmu 786320 179 6358335 4139657 33965185
1790939314.040482 W 502 lat 574 574 944 0 exe 13277 14703 89296 resp 90000 0 pmu 787363 12171 6371194 4139558 37176659
1790939315.080457 W 503 lat 574 574 666 0 exe 13277 13629 14740 resp 15314 0 pmu 784521 206 6344672 4139624 33934978
1790939316.120484 W 504 lat 574 574 1166 0 exe 13222 14685 101629 resp 102537 1 pmu 785102 11813 6348750 4139558 37089109
1790939317.056457 W 505 lat 574 574 611 0 exe 13259 13629 15203 resp 15777 0 pmu 785757 230 6352700 4139723 33957139
1790939318.096493 W 506 lat 574 574 1092 0 exe 13240 14666 78055 resp 79148 0 pmu 786785 11625 6361228 4139558 37050567
1790939319.032454 W 507 lat 574 574 648 0 exe 13185 13629 14518 resp 15111 0 pmu 786506 155 6360209 4139657 33951837
1790939320.072485 W 508 lat 574 574 981 0 exe 13259 14833 87388 resp 88370 0 pmu 787701 13127 6371156 4139558 37510216
1790939321.112456 W 509 lat 574 574 611 0 exe 13259 13629 14759 resp 15333 0 pmu 784563 180 6347147 4139624 33928239
1790939322.048483 W 510 lat 574 574 833 0 exe 13203 14648 90314 resp 91092 0 pmu 785681 11677 6354514 4139558 37070517
1790939323.088459 W 511 lat 574 574 666 0 exe 13222 13611 14388 resp 14962 0 pmu 784460 174 6346853 4139624 33916052
1790939324.024485 W 512 lat 574 574 1037 0 exe 13259 14629 81425 resp 82462 0 pmu 784521 11633 6347032 4139558 36972642
1790939325.064456 W 513 lat 574 574 611 0 exe 13148 13592 14555 resp 15148 0 pmu 782756 152 6332333 4139657 33879108
1790939326.104482 W 514 lat 574 574 907 0 exe 13092 14722 84796 resp 85629 0 pmu 785178 12675 6351949 4139558 37229652
1790939327.040454 W 515 lat 574 574 592 0 exe 13259 13629 15166 resp 15740 0 pmu 784911 195 6345461 4139624 33935233
1790939328.080493 W 516 lat 574 574 944 0 exe 13185 14814 92166 resp 92814 0 pmu 785513 13395 6352016 4139558 37475252
1790939329.120456 W 517 lat 574 574 611 0 exe 13259 13629 15092 resp 15685 0 pmu 785049 221 6350138 4139624 33954740
1790939330.056485 W 518 lat 574 574 925 0 exe 13240 14722 80740 resp 81481 0 pmu 785897 12483 6356910 4139558 37228066
1790939331.096456 W 519 lat 574 574 592 0 exe 13259 13629 15111 resp 15703 0 pmu 785580 258 6350284 4139624 33955991
1790939332.032484 W 520 lat 574 574 1129 0 exe 13259 14777 83537 resp 84240 0 pmu 786049 13132 6355124 4139558 37410924
1790939333.072460 W 521 lat 574 574 592 0 exe 13277 13629 14481 resp 15074 0 pmu 786275 175 6358047 4139657 33968349
1790939334.112484 W 522 lat 574 574 925 0 exe 13277 14703 88740 resp 89314 0 pmu 787181 12081 6365565 4139558 37153366
1790939335.048455 W 523 lat 574 574 703 0 exe 13222 13611 15129 resp 15703 0 pmu 783777 203 6336875 4139624 33927052
1790939336.088486 W 524 lat 574 574 1462 0 exe 13203 14777 91129 resp 92592 0 pmu 785467 13273 6350331 4139558 37418760
1790939337.024454 W 525 lat 574 574 592 0 exe 13277 13611 14925 resp 15500 0 pmu 784561 165 6343305 4139657 33914038
1790939338.064492 W 526 lat 555 574 1185 0 exe 13296 14648 91018 resp 92203 0 pmu 787156 11665 6367027 4139558 37014918
1790939339.104455 W 527 lat 574 574 592 0 exe 13259 13629 15185 resp 15759 0 pmu 784910 196 6345664 4139657 33944510
1790939340.040483 W 528 lat 574 574 1111 0 exe 13185 14666 87574 resp 88277 0 pmu 786511 11935 6360545 4139558 37104787
1790939341.080455 W 529 lat 574 574 611 0 exe 13166 13648 14962 resp 15555 0 pmu 786237 174 6357412 4139657 33970659
1790939342.120482 W 530 lat 574 574 944 0 exe 13185 14685 91611 resp 92555 0 pmu 786296 11984 6359193 4139558 37156550
1790939343.056458 W 531 lat 574 574 685 0 exe 13277 13648 15037 resp 15629 0 pmu 786313 212 6357886 4139624 33968463
1790939344.096484 W 532 lat 574 574 1037 0 exe 13222 14666 87425 resp 88277 0 pmu 786836 11860 6359675 4139558 37094962
1790939345.032455 W 533 lat 574 574 629 0 exe 13185 13648 15092 resp 15666 0 pmu 786476 230 6358409 4139657 33975936
1790939346.072485 W 534 lat 574 574 796 0 exe 13240 14796 82370 resp 83166 0 pmu 785546 13362 6353163 4139558 37454253
1790939347.112455 W 535 lat 574 574 703 0 exe 13240 13648 15259 resp 15833 0 pmu 786021 204 6354481 4139624 33973680
1790939348.048486 W 536 lat 574 574 962 0 exe 13148 14759 81351 resp 82148 0 pmu 786517 12741 6365790 4139558 37297233
1790939349.088455 W 537 lat 574 574 666 0 exe 13203 13611 14685 resp 15277 0 pmu 784738 242 6348751 4139624 33914733
1790939350.024483 W 538 lat 574 574 1166 0 exe 13185 14740 83888 resp 84481 0 pmu 784511 12921 6345896 4139558 37279049
1790939351.064460 W 539 lat 574 574 722 0 exe 13222 13629 15055 resp 15629 0 pmu 784105 360 6343462 4139657 33998168
1790939352.104484 W 540 lat 574 574 981 0 exe 13203 14814 85518 resp 86500 0 pmu 787239 13347 6368106 4139558 37493205
1790939353.040465 W 541 lat 574 574 629 0 exe 13259 13666 17555 resp 18129 0 pmu 784531 637 6346255 4139624 34130009
1790939354.080486 W 542 lat 574 574 888 0 exe 13240 14685 93500 resp 94148 0 pmu 786978 11843 6363051 4139558 37138294
1790939355.120454 W 543 lat 574 574 629 0 exe 13222 13648 15203 resp 15796 0 pmu 786437 223 6359575 4139624 33978783
1790939356.060470 W 544 lat 574 574 981 0 exe 13240 14703 84537 resp 85518 0 pmu 786157 12348 6360349 4139558 37130143
1790939357.096455 W 545 lat 574 574 629 0 exe 13240 13629 14666 resp 15240 0 pmu 786025 184 6357900 4139624 33959427
1790939358.032484 W 546 lat 574 574 833 0 exe 13222 14722 85981 resp 86592 0 pmu 786399 12386 6363233 4139558 37200666
1790939359.072456 W 547 lat 574 574 592 0 exe 13259 13629 15129 resp 15722 0 pmu 785071 248 6348340 4139624 33943986
1790939360.112483 W 548 lat 574 574 796 0 exe 13277 14648 84555 resp 85129 0 pmu 785942 11718 6356157 4139558 37030301
1790939361.048454 W 549 lat 574 574 703 0 exe 13203 13648 15037 resp 15629 0 pmu 785153 301 6352535 4139624 33988398
1790939362.088483 W 550 lat 574 574 888 0 exe 13185 14611 93740 resp 94629 0 pmu 785819 11262 6360555 4139558 36888500
1790939363.024454 W 551 lat 574 574 592 0 exe 13203 13648 15000 resp 15574 0 pmu 786660 265 6366468 4139624 33984739
1790939364.064484 W 552 lat 574 574 1240 0 exe 13222 15259 94740 resp 95981 0 pmu 786955 18438 6370067 4139558 39020451
1790939365.104453 W 553 lat 574 574 796 0 exe 13333 13629 14481 resp 15074 0 pmu 784991 295 6349278 4139657 33929119
1790939366.052659 W 554 lat 574 4240 14648 0 exe 13333 337185 734592 resp 743592 623 pmu 938768 666889 7653939 4161388 842349089
1790939367.097007 W 555 lat 592 7407 17425 0 exe 100444 558481 727444 resp 740500 1000 pmu 1032922 1045363 8427345 4175326 1387172009
1790939368.036843 W 556 lat 3666 8703 17074 0 exe 266888 617666 715111 resp 722666 1000 pmu 1048610 1063618 8570237 4177119 1528575448
1790939369.077121 W 557 lat 574 3740 16203 0 exe 64481 305296 719074 resp 726833 567 pmu 981865 866441 7984723 4157172 782222962
1790939370.116804 W 558 lat 2666 8407 23722 0 exe 423388 645851 739425 resp 748592 1000 pmu 1043720 1054402 8507833 4176954 1592939099
1790939371.056658 W 559 lat 574 3166 13314 0 exe 72259 341148 717796 resp 725962 924 pmu 998611 962287 8102188 4162352 867277281
1790939372.096759 W 560 lat 574 5148 12740 0 exe 71444 467925 701944 resp 709166 975 pmu 1018521 1012396 8287094 4171996 1171300294
1790939373.033034 W 561 lat 962 8240 15296 0 exe 156962 602962 711740 resp 718537 1000 pmu 1043291 1055745 8521710 4176905 1493546183
1790939374.072549 W 562 lat 888 7555 16074 0 exe 102296 602407 714611 resp 724481 1000 pmu 1043346 1056692 8507827 4176268 1491169024
1790939375.117078 W 563 lat 574 4148 14870 0 exe 63722 355851 731907 resp 741166 668 pmu 989050 898847 8042547 4161320 901964876
1790939376.052737 W 564 lat 796 7740 16537 0 exe 144666 607962 737740 resp 746759 1000 pmu 1027176 1038858 8348822 4176695 1503008476
1790939377.092890 W 565 lat 574 2648 11481 0 exe 71481 288425 728740 resp 734259 896 pmu 985371 928186 8010653 4159470 742615950
1790939378.028755 W 566 lat 629 6592 15000 0 exe 112648 529185 724148 resp 730870 1000 pmu 1031406 1041546 8404482 4175955 1319196305
1790939379.072904 W 567 lat 3314 8796 16314 0 exe 375666 611888 724277 resp 731851 1000 pmu 1047847 1062300 8562733 4177119 1515272416
1790939380.112593 W 568 lat 574 6481 15814 0 exe 59703 485888 723574 resp 733296 883 pmu 1021604 990312 8303309 4169382 1215552583
1790939381.048884 W 569 lat 574 6185 17870 0 exe 67962 503925 738500 resp 748444 859 pmu 1018974 987089 8306263 4170693 1255643653
1790939382.092782 W 570 lat 574 5481 14648 0 exe 71592 493018 710444 resp 723592 986 pmu 1020356 1021111 8287695 4171285 1231052648
1790939383.028996 W 571 lat 574 3462 10907 0 exe 95388 348444 722648 resp 730907 990 pmu 1000980 972195 8137375 4164621 887776901
1790939384.068833 W 572 lat 740 7481 15407 0 exe 110611 572759 721611 resp 733777 1000 pmu 1034055 1046484 8427447 4176654 1421201127
1790939385.112851 W 573 lat 2648 8500 15481 0 exe 363611 606259 754814 resp 765777 1000 pmu 1046327 1060143 8539072 4177119 1501723895
1790939386.048946 W 574 lat 574 4537 10870 0 exe 57944 425611 655000 resp 660907 935 pmu 1010275 983357 8200958 4169456 1071077881
1790939387.088802 W 575 lat 648 7055 13574 0 exe 110388 599000 730944 resp 737166 1000 pmu 1033538 1044329 8405236 4176872 1480713852
1790939388.028788 W 576 lat 574 2703 9222 0 exe 53722 299351 649611 resp 656277 952 pmu 993164 933818 8054382 4162652 770979909
1790939389.068790 W 577 lat 851 6703 14425 0 exe 119018 542518 712759 resp 722907 1000 pmu 1031985 1042435 8410166 4176292 1349280476
1790939390.109017 W 578 lat 2425 8555 18518 0 exe 358444 612703 720333 resp 726907 1000 pmu 1045967 1059397 8540045 4177119 1516272373
1790939391.048616 W 579 lat 574 5888 15111 0 exe 58425 500370 704037 resp 716814 974 pmu 1023866 1022583 8320250 4174081 1249262397
1790939392.089028 W 580 lat 592 6388 14444 0 exe 86203 556462 728611 resp 738611 987 pmu 1022771 1029226 8314404 4175647 1379469475
1790939393.028703 W 581 lat 574 4259 12462 0 exe 100518 416222 743685 resp 749666 1000 pmu 1010567 999842 8193284 4166952 1050001887
1790939394.081006 W 582 lat 574 4907 13444 0 exe 86870 427574 720351 resp 730703 972 pmu 1015979 994217 8270665 4171536 1078249894
1790939395.128697 W 583 lat 1296 7944 17370 0 exe 121444 590055 721018 resp 733055 1000 pmu 1043080 1055172 8507850 4177020 1463123918
1790939396.076748 W 584 lat 907 6814 14907 0 exe 232111 562055 726870 resp 736925 1000 pmu 1035818 1048453 8429660 4177078 1394693579
1790939397.029117 W 585 lat 592 5981 11944 0 exe 99740 529537 659629 resp 665703 1000 pmu 1021838 1030817 8304046 4176268 1319205132
1790939398.088651 W 586 lat 592 4907 15833 0 exe 89833 472555 695537 resp 703111 992 pmu 1015563 1009848 8247586 4171166 1183519532
1790939399.032910 W 587 lat 574 4240 12666 0 exe 102796 390648 660000 resp 667129 1000 pmu 1002955 982327 8146437 4169542 988415690
1790939400.073023 W 588 lat 1074 7629 18592 0 exe 251629 586851 721814 resp 732648 1000 pmu 1038278 1050182 8466998 4176942 1454329669
1790939401.124838 W 589 lat 1129 7722 16703 0 exe 132537 589037 739759 resp 749166 1000 pmu 1041911 1054610 8482007 4177041 1459625562
1790939402.076665 W 590 lat 592 5296 12851 0 exe 89981 483537 669907 resp 677444 997 pmu 1018471 1006657 8271654 4174710 1209222372
1790939403.120732 W 591 lat 611 6185 12592 0 exe 109574 559111 699259 resp 705240 1000 pmu 1027825 1031326 8347993 4175869 1386501059
1790939404.072872 W 592 lat 574 3462 10796 0 exe 79666 354259 656296 resp 663722 978 pmu 999159 974703 8103058 4165575 900799985
1790939405.125029 W 593 lat 1055 7018 14259 0 exe 129722 564648 705925 resp 716944 1000 pmu 1034439 1045483 8425255 4176732 1402327501
1790939406.088776 W 594 lat 2796 8703 17185 0 exe 258500 614833 724092 resp 735907 1000 pmu 1046403 1060331 8544077 4177152 1521646828
1790939407.040944 W 595 lat 574 4814 12944 0 exe 53370 443314 715574 resp 722111 945 pmu 1011182 985864 8210211 4170603 1112619217
1790939408.108894 W 596 lat 666 7240 15944 0 exe 117203 606925 716000 resp 722629 1000 pmu 1036875 1046862 8433882 4176872 1501567499
1790939409.056856 W 597 lat 574 3000 10648 0 exe 83796 338037 700037 resp 708388 968 pmu 999472 970642 8110965 4162615 864882672
1790939410.100906 W 598 lat 574 5888 13814 0 exe 93074 491925 720685 resp 730314 992 pmu 1022800 1011564 8317560 4173291 1229513819
1790939411.045129 W 599 lat 1574 8074 14537 0 exe 292759 596703 722685 resp 731666 1000 pmu 1043153 1055819 8506500 4177053 1479282182
1790939412.100775 W 600 lat 648 6759 14870 0 exe 104444 549481 707666 resp 721425 1000 pmu 1034516 1046938 8421350 4176745 1365386418
1790939413.040860 W 601 lat 592 6055 14592 0 exe 100574 543907 722500 resp 729925 1000 pmu 1020207 1027469 8287672 4176342 1350792831
1790939414.084790 W 602 lat 574 4851 12148 0 exe 88814 458851 736000 resp 744111 996 pmu 1016277 1009910 8247594 4169645 1150137226
1790939415.032979 W 603 lat 574 4277 15148 0 exe 89240 393851 693129 resp 703981 950 pmu 1008019 976823 8195579 4168469 996911148
1790939416.073055 W 604 lat 1129 7314 17666 0 exe 238629 564518 711296 resp 720407 1000 pmu 1036710 1048757 8449391 4176913 1402394944
1790939417.113035 W 605 lat 3148 7870 14092 0 exe 231574 597962 711259 resp 723388 1000 pmu 1041872 1054730 8490412 4177152 1480763878
1790939418.053007 W 606 lat 574 5314 12000 0 exe 57000 496129 671518 resp 679907 961 pmu 1012147 1014326 8214350 4174266 1237919391
1790939419.096649 W 607 lat 648 6629 12296 0 exe 258555 603462 727833 resp 735518 1000 pmu 1025654 1036566 8321092 4177016 1490280033
1790939420.029006 W 608 lat 574 3185 10129 0 exe 87500 330129 654407 resp 661759 993 pmu 998856 971304 8115122 4164391 844821274
1790939421.068970 W 609 lat 1648 7074 13962 0 exe 197203 563240 711129 resp 719888 1000 pmu 1035338 1046873 8450236 4176843 1399862128
1790939422.108968 W 610 lat 2555 7592 14740 0 exe 371703 580370 726500 resp 734611 1000 pmu 1041105 1053440 8483767 4177152 1440284708
1790939423.044677 W 611 lat 574 5833 16629 0 exe 33222 512333 693462 resp 705129 959 pmu 1020777 1013031 8288265 4174747 1276299699
1790939424.089057 W 612 lat 592 6129 12629 0 exe 108907 563333 691555 resp 699481 1000 pmu 1026430 1033247 8350883 4176239 1395882413
1790939425.024771 W 613 lat 574 4000 11370 0 exe 87296 381388 665314 resp 672833 986 pmu 1003033 973737 8146939 4166463 968067637
1790939426.064492 W 614 lat 574 2240 11629 0 exe 13240 187611 670333 resp 680703 398 pmu 877135 431359 7087290 4152789 471204036
1790939427.104460 W 615 lat 574 574 722 0 exe 13222 13629 14407 resp 14981 0 pmu 785667 232 6358769 4139954 33959715
1790939428.056496 W 616 lat 574 1037 8500 0 exe 13370 63277 577222 resp 582981 90 pmu 800048 128040 6478749 4142814 159823846
1790939429.116465 W 617 lat 574 574 777 0 exe 13944 14833 16240 resp 16814 0 pmu 786092 13288 6367704 4139855 37472554
1790939430.064492 W 618 lat 574 574 1166 0 exe 13722 16092 97166 resp 97851 0 pmu 788254 27033 6383243 4139624 41679607
1790939431.116465 W 619 lat 574 574 703 0 exe 13870 14796 16222 resp 16814 0 pmu 784873 13173 6350591 4139657 37365051
1790939432.076494 W 620 lat 574 574 1000 0 exe 13981 16648 96851 resp 97537 0 pmu 786446 33357 6364487 4139624 43393057
1790939433.032464 W 621 lat 574 574 796 0 exe 13925 14981 19185 resp 19851 0 pmu 783671 15454 6339278 4139657 37851802
1790939434.076494 W 622 lat 555 574 1111 0 exe 13925 16537 88629 resp 89518 0 pmu 787315 32183 6372624 4139624 43031110
1790939435.116465 W 623 lat 574 574 685 0 exe 13851 14796 15777 resp 16370 0 pmu 783575 13185 6337970 4139657 37358875
1790939436.052493 W 624 lat 574 574 1425 0 exe 13907 16240 101555 resp 102537 1 pmu 787524 28850 6372896 4139624 42337820
1790939437.092465 W 625 lat 574 574 685 0 exe 13870 14796 16444 resp 17037 0 pmu 784653 13308 6349625 4139723 37406924
1790939438.028496 W 626 lat 574 574 1129 0 exe 13759 16222 95648 resp 96740 0 pmu 786779 28790 6366319 4139624 42117550
1790939439.068465 W 627 lat 574 574 796 0 exe 13944 14796 16574 resp 17166 0 pmu 785073 13229 6350884 4139657 37421447
1790939440.108494 W 628 lat 574 574 1018 0 exe 13888 16111 101407 resp 102240 1 pmu 786198 27432 6362844 4139624 41931998
1790939441.044467 W 629 lat 574 574 777 0 exe 13833 15185 16851 resp 17425 0 pmu 784828 17650 6351026 4139723 38398671
1790939442.084493 W 630 lat 574 574 1166 0 exe 13777 16740 96203 resp 96981 0 pmu 787071 34523 6372244 4139624 43529385
1790939443.020468 W 631 lat 574 574 851 0 exe 13833 15518 18148 resp 18722 0 pmu 785237 21109 6354678 4139657 39399460
1790939444.060497 W 632 lat 574 574 1092 0 exe 13907 16740 99814 resp 100666 1 pmu 787817 34295 6376998 4139624 43502095
1790939445.100466 W 633 lat 574 574 685 0 exe 13888 14814 16129 resp 16722 0 pmu 785468 13199 6355371 4139690 37448700
1790939446.036497 W 634 lat 574 574 1074 0 exe 13870 16314 104481 resp 105407 2 pmu 788111 29165 6377528 4139624 42344729
1790939447.076467 W 635 lat 574 574 685 0 exe 13851 14833 16537 resp 17129 0 pmu 784840 13582 6355644 4139723 37516360
1790939448.116496 W 636 lat 574 574 1296 0 exe 13814 16277 95925 resp 96759 0 pmu 787049 29154 6369091 4139624 42373133
1790939449.052467 W 637 lat 574 574 703 0 exe 14759 16314 18796 resp 19370 0 pmu 785485 29862 6357574 4139657 41326766
1790939450.092496 W 638 lat 574 574 1111 0 exe 13944 16185 103962 resp 105074 1 pmu 786192 28078 6363202 4139624 42027965
1790939451.028466 W 639 lat 574 574 759 0 exe 13796 14888 16944 resp 17537 0 pmu 784834 14228 6354397 4139723 37650152
1790939452.068496 W 640 lat 574 574 1074 0 exe 13962 16166 105277 resp 106185 1 pmu 786595 27832 6365675 4139624 42097760
1790939453.108468 W 641 lat 574 574 685 0 exe 13925 15000 17111 resp 17703 0 pmu 785433 15049 6357699 4139723 38062253
1790939454.044495 W 642 lat 574 574 1333 0 exe 14351 17555 90740 resp 91574 0 pmu 786767 43419 6370155 4139624 45679870
1790939455.084466 W 643 lat 574 574 685 0 exe 13888 14888 19425 resp 20000 0 pmu 785348 14081 6354616 4139657 37667430
1790939456.020500 W 644 lat 574 574 1833 0 exe 13796 16296 97925 resp 98888 0 pmu 787814 29128 6374134 4139624 42325294
1790939457.060467 W 645 lat 574 574 685 0 exe 13907 14907 17777 resp 18462 0 pmu 784208 14317 6349471 4139657 37656919
1790939458.100497 W 646 lat 555 574 1111 0 exe 13796 16425 100000 resp 101111 1 pmu 787152 30657 6372595 4139624 42749926
1790939459.036465 W 647 lat 574 574 851 0 exe 13796 15462 17666 resp 18240 0 pmu 786179 20325 6361219 4139723 39044418
1790939460.076496 W 648 lat 574 574 1555 0 exe 13851 16703 92851 resp 93796 0 pmu 786379 33618 6363285 4139661 43395129
1790939461.116468 W 649 lat 574 574 759 0 exe 13907 15425 18759 resp 19351 0 pmu 786013 19946 6359518 4139657 38962447
1790939462.056503 W 650 lat 574 574 1074 0 exe 13870 16240 107203 resp 108129 2 pmu 787423 28593 6373798 4139624 42096299
1790939463.096472 W 651 lat 574 574 777 0 exe 13777 14981 18129 resp 18796 0 pmu 784953 15200 6352240 4139723 37954251
1790939464.032498 W 652 lat 574 574 1074 0 exe 14814 17185 98740 resp 99611 0 pmu 786452 39206 6366356 4139624 44713037
1790939465.072474 W 653 lat 574 574 703 0 exe 13944 14870 16740 resp 17314 0 pmu 786051 13842 6360543 4139657 37681831
1790939466.112491 W 654 lat 574 574 1185 0 exe 13962 16259 97092 resp 97888 0 pmu 787472 29074 6371119 4139624 42011983
1790939467.048465 W 655 lat 574 574 833 0 exe 13925 14833 17574 resp 18185 0 pmu 785207 13720 6355202 4139657 37676655
1790939468.088498 W 656 lat 574 574 1166 0 exe 13851 15870 96333 resp 97500 0 pmu 786645 24453 6368000 4139624 40810548
1790939469.024464 W 657 lat 574 574 870 0 exe 13851 15074 54574 resp 55166 0 pmu 785415 16311 6354714 4139657 38442076
1790939470.064497 W 658 lat 574 574 1185 0 exe 13740 15055 105833 resp 106425 1 pmu 785479 15806 6367112 4139624 38358562
1790939471.104467 W 659 lat 574 574 1129 0 exe 13870 15888 100203 resp 101333 1 pmu 786504 25053 6352179 4139723 40725387
1790939472.040531 W 660 lat 574 574 703 0 exe 13814 14833 16092 resp 16685 0 pmu 786370 13310 6365613 4139723 37472805
1790939473.080481 W 661 lat 574 574 1129 0 exe 14388 18185 94925 resp 95851 0 pmu 788235 50265 6382330 4139624 47093506
1790939474.120499 W 662 lat 574 574 703 0 exe 13925 15518 18907 resp 19500 0 pmu 785599 20960 6355582 4139657 39047454
1790939475.056475 W 663 lat 574 574 1129 0 exe 13814 16851 99796 resp 100648 1 pmu 785616 35848 6360181 4139624 43703261
1790939476.096500 W 664 lat 574 574 833 0 exe 13944 14814 17462 resp 18037 0 pmu 784328 13406 6347511 4139690 37417584
1790939477.032467 W 665 lat 574 574 1092 0 exe 13981 16333 99685 resp 100777 1 pmu 787039 29967 6368725 4139624 42464026
1790939478.072510 W 666 lat 555 574 685 0 exe 13870 14814 15796 resp 16370 0 pmu 785289 13133 6356390 4139690 37239359
1790939479.112473 W 667 lat 574 574 1000 0 exe 13833 16129 104055 resp 104685 2 pmu 787403 27360 6373982 4139624 41694405
1790939480.048463 W 668 lat 574 574 685 0 exe 13870 14796 16111 resp 16796 0 pmu 784580 13178 6345076 4139723 37364211
1790939481.088491 W 669 lat 574 574 1351 0 exe 13796 16240 95611 resp 96444 0 pmu 786603 28853 6366379 4139661 42047405
1790939482.024466 W 670 lat 574 574 722 0 exe 13796 14796 16629 resp 17222 0 pmu 785003 13236 6349444 4139657 37405286
1790939483.068493 W 671 lat 574 574 944 0 exe 13870 16111 106277 resp 107037 1 pmu 787880 27361 6375201 4139624 41806273
1790939484.108534 W 672 lat 574 574 685 0 exe 13870 14814 16074 resp 16666 0 pmu 784819 13229 6349628 4139690 37464486
1790939485.044492 W 673 lat 574 574 1111 0 exe 14074 18037 93777 resp 94462 0 pmu 787286 48752 6370059 4139624 46488917
1790939486.084470 W 674 lat 574 574 722 0 exe 13907 14907 18333 resp 18944 0 pmu 785511 14492 6356453 4139657 37582924
1790939487.024492 W 675 lat 574 574 1092 0 exe 13870 16518 94166 resp 94981 0 pmu 786259 31856 6362562 4139624 43203731
1790939488.064483 W 676 lat 574 574 1092 0 exe 13296 15462 90388 resp 91481 0 pmu 785950 20477 6358792 4139657 39745790
1790939489.104495 W 677 lat 574 574 944 0 exe 13240 14592 90537 resp 91481 0 pmu 787891 10887 6376433 4139657 36865297
1790939489.327936 Closing cell "zephyr"
1790939489.328013 [MG] Initializing memguard on CPU 3
1790939489.328045 [SMMUv2] Exiting SMMUv2 on cell 1
1790939489.328104 Page pool usage after cell destruction: mem 89/4061, remap 5/131072
1790939489.328140 [MG] Initializing memguard on CPU 3
1790939489.328172 [MG] Initializing memguard on CPU 3
1790939489.328245 [COL] Colored OP 0: PHYS 0x30000000 -> VIRT 0x30000000 (SIZE: 0x00800000, COL: 0x000000ff, extra: 0x0000000000000000)
1790939489.328287 [COL] Result: 0
1790939489.328355 [MG] Initializing memguard on CPU 3
1790939489.328381 Created cell "zephyr"
1790939489.328436 Page pool usage after cell creation: mem 108/4061, remap 5/131072
