1790359596.293712 <missed 31944 bytes of console log>
1790359596.293811  15759 0 pmu 791088 12577 6383945 6625086 36693181
1790359596.293860 W 60 lat 296 296 518 0 exe 13740 15277 70537 resp 70851 0 pmu 789249 22758 6365613 6061678 39374942
1790359596.293913 W 61 lat 296 296 370 0 exe 13629 14592 16277 resp 16592 0 pmu 789278 14997 6367618 6616753 37124461
1790359596.293960 W 62 lat 296 296 425 0 exe 13740 15462 66611 resp 66925 0 pmu 789357 24992 6367850 6069493 39899133
1790359596.294006 W 63 lat 296 296 388 0 exe 13722 14407 15407 resp 15703 0 pmu 789796 12748 6366423 6577960 36649596
1790359596.294053 W 64 lat 296 296 462 0 exe 13777 15314 70388 resp 70703 0 pmu 790763 23083 6376648 6060320 39323902
1790359596.294099 W 65 lat 296 296 481 0 exe 12981 15166 59796 resp 60111 0 pmu 787604 21890 6352896 6615261 38955730
1790359596.294146 W 66 lat 296 296 407 0 exe 12870 13888 75592 resp 75907 0 pmu 789548 7189 6378786 6504730 35677933
1790359596.294166 Closing cell "rt-bench"
1790359596.294189 [MG] Initializing memguard on CPU 2
1790359596.294213 [MG] Initializing memguard on CPU 3
1790359596.294236 [SMMUv2] Exiting SMMUv2 on cell 1
1790359596.294269 Page pool usage after cell destruction: mem 83/4061, remap 5/131072
1790359596.294294 [MG] Initializing memguard on CPU 2
1790359596.294317 [MG] Initializing memguard on CPU 3
1790359596.294340 [MG] Initializing memguard on CPU 2
1790359596.294363 [MG] Initializing memguard on CPU 3
1790359596.294414 [COL] Colored OP 0: PHYS 0x30000000 -> VIRT 0x00000000 (SIZE: 0x00400000, COL: 0x000000ff, extra: 0x0000000000000000)
1790359596.294432 [COL] Result: 0
1790359596.294455 [MG] Initializing memguard on CPU 2
1790359596.294478 [MG] Initializing memguard on CPU 3
1790359596.294497 Created cell "rt-bench"
1790359596.294530 Page pool usage after cell creation: mem 98/4061, remap 5/131072
1790359596.294582 [COL] Colored OP 3: PHYS 0x30000000 -> VIRT 0x00000000 (SIZE: 0x00400000, COL: 0x000000ff, extra: 0x0000000000000000)
1790359596.294607 [MG] Initializing memguard on CPU 2
1790359596.294630 [MG] Initializing memguard on CPU 3
1790359596.294646 [COL] Result: 0
1790359596.294667 Cell "rt-bench" can be loaded
1790359596.294718 [COL] Colored OP 2: PHYS 0x30000000 -> VIRT 0x00000000 (SIZE: 0x00400000, COL: 0x000000ff, extra: 0x0000000000000000)
1790359596.294736 [COL] Result: 0
1790359596.294786 [COL] Colored OP 4: PHYS 0x30000000 -> VIRT 0x00000000 (SIZE: 0x00400000, COL: 0x000000ff, extra: 0x0000000000000001)
1790359596.294804 [COL] Result: 0
1790359596.294822 Started cell "rt-bench"
1790359596.294845 [MG] Initializing memguard on CPU 2
1790359596.294868 [MG] Initializing memguard on CPU 3
1790359596.294897 rt-bench: ws 768 KB, 1024 loads/period, window 1000
1790359597.332474 W 0 lat 314 462 3240 0 exe 24351 35388 168962 resp 169870 51 pmu 1023307 127781 8260334 5307629 60766499
1790359598.268454 W 1 lat 296 314 1111 0 exe 17407 24314 127055 resp 127574 21 pmu 1023398 89039 8255325 7772217 60008925
1790359599.308452 W 2 lat 296 296 444 0 exe 16814 21407 119296 resp 119629 7 pmu 1023464 60281 8254886 7249471 54548012
1790359600.348449 W 3 lat 296 296 444 0 exe 17296 20388 98425 resp 98740 0 pmu 1023501 48590 8253866 7149946 51520554
1790359601.284452 W 4 lat 296 296 351 0 exe 16888 21629 120222 resp 120537 7 pmu 1023447 63090 8254390 6938457 54909183
1790359602.324435 W 5 lat 296 296 370 0 exe 16962 19407 62703 resp 63018 0 pmu 1023450 37019 8246524 7160135 49039444
1790359603.272579 W 6 lat 296 574 3499 0 exe 17555 148870 439981 resp 442148 657 pmu 1023119 852286 8272689 6576215 423395066
1790359604.312444 W 7 lat 296 314 2851 0 exe 16888 25129 307203 resp 308425 13 pmu 1023294 79822 8256662 11024171 67421484
1790359605.352465 W 8 lat 296 296 592 0 exe 17074 25962 158111 resp 158703 30 pmu 1023393 112274 8256166 9064752 68064074
1790359606.288425 W 9 lat 296 296 370 0 exe 16999 19425 42537 resp 42851 0 pmu 1023424 37129 8252709 7564333 49328828
1790359607.328454 W 10 lat 296 296 351 0 exe 17092 21111 112462 resp 112777 7 pmu 1023462 57001 8256267 6372945 53205392
1790359608.368430 W 11 lat 296 296 351 0 exe 17166 19370 42388 resp 42703 0 pmu 1023503 36787 8255245 7081010 48947281
1790359609.304453 W 12 lat 296 296 666 0 exe 17166 21129 112666 resp 113018 7 pmu 1023462 57161 8254041 6371853 53244509
1790359610.344434 W 13 lat 296 296 370 0 exe 17166 19666 44111 resp 44425 0 pmu 1023446 39853 8256301 7085287 49601891
1790359611.280452 W 14 lat 296 296 370 0 exe 17055 21425 114092 resp 114407 7 pmu 1023457 60306 8253204 6390703 53961421
1790359612.320427 W 15 lat 296 296 370 0 exe 17222 19277 39037 resp 39351 0 pmu 1023502 35492 8253133 7098703 48720689
1790359613.360451 W 16 lat 296 296 370 0 exe 17240 21111 108314 resp 108629 6 pmu 1023490 57227 8252393 6338334 53238516
1790359614.296427 W 17 lat 296 296 351 0 exe 16574 19259 42796 resp 43111 0 pmu 1023478 35267 8250899 7040318 48619211
1790359615.336452 W 18 lat 296 296 370 0 exe 16981 21333 115574 resp 115888 7 pmu 1023446 59315 8249482 6372480 53744817
1790359616.272444 W 19 lat 296 296 370 0 exe 17222 19518 42222 resp 42537 0 pmu 1023505 38642 8251448 7112866 49371179
1790359617.312457 W 20 lat 296 296 370 0 exe 17092 21537 115481 resp 115796 7 pmu 1023454 61829 8254076 6371338 54249243
1790359618.352437 W 21 lat 296 296 351 0 exe 17185 19574 47555 resp 47888 0 pmu 1023468 38761 8254461 7113484 49395125
1790359619.292456 W 22 lat 296 296 648 0 exe 17092 21370 120925 resp 121240 7 pmu 1023448 59795 8252094 6424872 53935845
1790359620.332430 W 23 lat 296 296 370 0 exe 17166 19203 42129 resp 42462 0 pmu 1023452 34638 8252723 7168434 48549830
1790359621.268453 W 24 lat 296 296 759 0 exe 17055 21259 120129 resp 120888 7 pmu 1023412 58588 8248377 6368636 53616332
1790359622.308433 W 25 lat 296 296 388 0 exe 17185 20055 51018 resp 51333 0 pmu 1023487 44796 8252277 7162589 50647221
1790359623.348452 W 26 lat 296 296 370 0 exe 16888 21333 118462 resp 118777 7 pmu 1023469 59306 8250236 6461938 53775737
1790359624.284426 W 27 lat 296 296 370 0 exe 16833 19037 43240 resp 43555 0 pmu 1023421 32606 8253530 7141421 48110091
1790359625.324455 W 28 lat 296 296 481 0 exe 16962 21129 122759 resp 123240 7 pmu 1023415 57096 8250788 6377028 53264405
1790359626.364429 W 29 lat 296 296 351 0 exe 16925 19592 42481 resp 42796 0 pmu 1023448 39480 8253565 7184924 49552026
1790359627.300454 W 30 lat 296 296 407 0 exe 17203 21314 116574 resp 116888 7 pmu 1023367 59150 8252069 6372766 53755335
1790359628.340435 W 31 lat 296 296 388 0 exe 17037 19648 45092 resp 45407 0 pmu 1023446 39813 8247973 7124119 49640469
1790359629.276454 W 32 lat 296 296 537 0 exe 16907 21203 112629 resp 112944 7 pmu 1023476 58243 8250983 6399914 53448783
1790359630.316426 W 33 lat 296 296 351 0 exe 17148 19185 40777 resp 41111 0 pmu 1023470 34291 8252061 7083232 48469007
1790359631.356452 W 34 lat 296 296 648 0 exe 17166 22166 112277 resp 112592 9 pmu 1023498 69459 8253959 6354765 55797300
1790359632.292428 W 35 lat 296 296 351 0 exe 17111 19092 38240 resp 38555 0 pmu 1023540 33353 8256741 7086512 48255157
1790359633.332453 W 36 lat 296 296 351 0 exe 16870 21314 120999 resp 121314 7 pmu 1023463 59412 8249144 6328744 53701780
1790359634.268434 W 37 lat 296 296 351 0 exe 16814 19666 49203 resp 49518 0 pmu 1023471 39948 8252561 7166291 49680428
1790359635.308455 W 38 lat 296 296 388 0 exe 16962 21148 116222 resp 116555 7 pmu 1023473 57511 8252327 6439816 53366563
1790359636.348426 W 39 lat 296 296 370 0 exe 16888 19148 41648 resp 41981 0 pmu 1023474 34265 8250494 7118561 48433846
1790359637.284456 W 40 lat 296 296 407 0 exe 17259 20981 119462 resp 119777 7 pmu 1023486 55280 8252443 6362181 52853181
1790359638.324438 W 41 lat 296 296 351 0 exe 16796 19814 58092 resp 58407 0 pmu 1023450 41918 8252701 7151498 50065644
1790359639.364453 W 42 lat 296 296 425 0 exe 17185 21333 122444 resp 122777 8 pmu 1023478 59237 8253404 6529257 53796248
1790359640.300429 W 43 lat 296 296 351 0 exe 16999 19296 68777 resp 69074 0 pmu 1023486 35900 8251109 7183003 48779610
1790359641.340457 W 44 lat 296 296 444 0 exe 16925 20777 122518 resp 122833 7 pmu 1023514 53389 8252081 6634575 52599017
1790359642.276426 W 45 lat 296 296 370 0 exe 17111 19444 44259 resp 44574 0 pmu 1023457 37389 8251153 7179617 49140356
1790359643.316455 W 46 lat 296 296 370 0 exe 16907 21166 111092 resp 111425 7 pmu 1023442 57509 8250036 6390882 53336650
1790359644.356429 W 47 lat 296 296 370 0 exe 16870 19185 42944 resp 43277 0 pmu 1023446 34281 8251950 7066818 48453297
1790359645.292452 W 48 lat 296 296 370 0 exe 16814 21185 111129 resp 111444 8 pmu 1023444 57784 8252359 6375291 53360392
1790359646.332427 W 49 lat 296 296 370 0 exe 16611 19444 42018 resp 42333 0 pmu 1023435 37298 8253617 7066754 49118418
1790359647.268455 W 50 lat 296 296 370 0 exe 16796 21240 115481 resp 115796 8 pmu 1023451 58449 8250166 6365891 53495061
1790359648.308428 W 51 lat 296 296 370 0 exe 17277 19314 40611 resp 40907 0 pmu 1023475 35880 8252596 7110496 48809962
1790359649.348457 W 52 lat 296 296 351 0 exe 16648 20907 114018 resp 114333 7 pmu 1023415 54732 8250081 6354405 52685245
1790359650.284427 W 53 lat 296 296 370 0 exe 16981 19481 41185 resp 41499 0 pmu 1023453 37807 8252683 7093270 49190896
1790359651.324457 W 54 lat 296 296 388 0 exe 17166 21314 110444 resp 110759 7 pmu 1023475 59457 8247862 6359614 53723414
1790359652.364427 W 55 lat 296 296 370 0 exe 16518 19111 41425 resp 41759 0 pmu 1023488 33910 8253298 7062525 48312243
1790359653.300454 W 56 lat 296 296 425 0 exe 16870 21203 109759 resp 110074 7 pmu 1023427 58425 8254563 6357858 53461211
1790359654.340435 W 57 lat 296 296 370 0 exe 17148 20370 74703 resp 75018 0 pmu 1023541 47934 8243639 7053767 51362571
1790359655.276462 W 58 lat 296 296 388 0 exe 17203 21351 116648 resp 116962 7 pmu 1023417 59371 8248901 6700173 53991762
1790359656.320432 W 59 lat 296 296 351 0 exe 16629 19629 45018 resp 45333 0 pmu 1023450 39273 8252669 7124890 49555427
1790359657.360455 W 60 lat 296 296 370 0 exe 17018 21407 112185 resp 112499 6 pmu 1023475 60281 8248490 6396900 53920855
1790359658.296429 W 61 lat 296 296 370 0 exe 17074 19537 42629 resp 42944 0 pmu 1023442 38296 8250053 7079365 49309670
1790359659.336454 W 62 lat 296 296 370 0 exe 17333 21499 116814 resp 117148 7 pmu 1023454 61070 8248667 6374840 54135638
1790359660.272428 W 63 lat 296 296 351 0 exe 17111 19111 39333 resp 39648 0 pmu 1023503 33538 8252398 7127939 48314227
1790359661.312455 W 64 lat 296 296 370 0 exe 17166 21055 123907 resp 124240 7 pmu 1023471 56213 8253448 6339799 53058464
1790359662.352429 W 65 lat 296 296 370 0 exe 17277 19425 46314 resp 46648 0 pmu 1023343 37178 8252314 7195808 49147039
1790359663.288466 W 66 lat 296 296 425 0 exe 16759 21240 119425 resp 119740 7 pmu 1023378 58497 8251990 6412270 53578440
1790359664.328443 W 67 lat 296 296 351 0 exe 17240 20499 78870 resp 79185 0 pmu 1023472 49833 8252871 7150081 51719462
1790359665.368459 W 68 lat 296 296 370 0 exe 17333 24685 122037 resp 122351 11 pmu 1023403 98709 8253833 6742794 62313060
1790359666.304426 W 69 lat 296 296 370 0 exe 17185 19499 49981 resp 50277 0 pmu 1023482 38096 8251951 7195987 49304655
1790359667.348709 W 70 lat 296 1537 8018 0 exe 17629 116648 470222 resp 473388 557 pmu 1022406 357354 8272935 6450386 310033705
1790359668.300536 W 71 lat 314 2055 8981 0 exe 35703 127055 276407 resp 280888 750 pmu 1023195 296435 8288418 11200411 346837432
1790359669.344494 W 72 lat 314 2444 6999 0 exe 38888 152851 289518 resp 295648 886 pmu 1022245 316782 8282856 9419045 408432083
1790359670.288653 W 73 lat 296 2870 8870 0 exe 39999 179407 305907 resp 309462 910 pmu 1020896 354041 8287352 9695467 478745904
1790359671.340731 W 74 lat 351 3203 7648 0 exe 40629 191888 289629 resp 294277 940 pmu 1020496 349006 8297003 9996457 513186399
1790359672.280765 W 75 lat 351 3407 8499 0 exe 40851 213611 477370 resp 479777 964 pmu 1019726 380032 8288552 9900538 561667342
1790359673.322102 W 76 lat 425 3722 9203 0 exe 42185 215092 299259 resp 302407 984 pmu 1018823 383917 8297233 11881850 569961968
1790359674.368757 W 77 lat 333 3537 9555 0 exe 39944 221166 435185 resp 438296 980 pmu 1019144 392565 8292985 10123928 582024570
1790359675.308553 W 78 lat 499 3740 8962 0 exe 41999 214685 284166 resp 288148 988 pmu 1018873 378918 8292292 11502580 569011006
1790359676.348587 W 79 lat 351 3462 8611 0 exe 44759 221574 436666 resp 440203 963 pmu 1019290 390787 8286751 9973357 582210419
1790359677.288639 W 80 lat 351 3555 9111 0 exe 44277 210462 290851 resp 294462 963 pmu 1019150 376451 8294486 11540566 560363215
1790359678.332605 W 81 lat 351 3518 9592 0 exe 44981 223259 472296 resp 474814 957 pmu 1019408 392578 8291902 10027635 586085522
1790359679.272726 W 82 lat 296 3499 8481 0 exe 45148 207685 277370 resp 281703 938 pmu 1019611 370866 8292992 11906363 551453006
1790359680.316602 W 83 lat 333 3685 9240 0 exe 43814 226555 443888 resp 447444 979 pmu 1019156 396903 8295355 9883376 595536134
1790359681.368767 W 84 lat 296 3648 9481 0 exe 45370 211629 281351 resp 285148 966 pmu 1019101 379496 8288586 11637310 563163551
1790359682.316610 W 85 lat 296 2962 9111 0 exe 38814 187555 416759 resp 418222 912 pmu 1020774 364378 8287801 9946864 497466794
1790359683.368767 W 86 lat 314 2870 8166 0 exe 44907 169259 281092 resp 284296 883 pmu 1021120 342251 8290266 11130860 454364574
1790359684.312744 W 87 lat 314 2629 8481 0 exe 39537 162685 450370 resp 452907 858 pmu 1021605 348025 8287967 9716475 437844040
1790359685.368539 W 88 lat 296 2648 7685 0 exe 41722 162592 276759 resp 279462 892 pmu 1021904 320287 8288158 11346819 432600305
1790359686.316551 W 89 lat 314 2759 9055 0 exe 43592 170148 473759 resp 476851 842 pmu 1021273 357565 8284130 9617859 456412040
1790359687.368702 W 90 lat 333 2611 8388 0 exe 43518 156592 283166 resp 286370 869 pmu 1022023 323134 8288314 11644532 420975255
1790359688.316739 W 91 lat 314 2685 8166 0 exe 43814 167648 313722 resp 317555 895 pmu 1021473 345465 8288138 9667007 447241398
1790359689.368567 W 92 lat 333 3222 9018 0 exe 45055 189370 299222 resp 303037 925 pmu 1020200 359720 8290899 10031844 505240864
1790359690.308607 W 93 lat 314 2814 7814 0 exe 46499 180370 449907 resp 453055 935 pmu 1020939 360803 8282545 10008341 479524211
1790359691.360747 W 94 lat 314 2648 9018 0 exe 43277 154870 277592 resp 282888 862 pmu 1021843 325173 8283254 11465794 416987343
1790359692.308691 W 95 lat 314 2722 7462 0 exe 41870 169092 473092 resp 477148 862 pmu 1021339 350481 8285089 9615200 454326581
1790359693.356499 W 96 lat 314 2814 8425 0 exe 42092 166166 276185 resp 281537 914 pmu 1021667 325578 8285121 11620626 441908204
1790359694.300736 W 97 lat 314 2685 8407 0 exe 44129 162240 306944 resp 309685 868 pmu 1021292 351430 8283879 9649683 437268967
1790359695.356559 W 98 lat 314 2666 7962 0 exe 44277 158277 279370 resp 283685 881 pmu 1021683 329023 8288466 9934196 424752741
1790359696.300735 W 99 lat 351 2499 7092 0 exe 43203 160462 425074 resp 426407 866 pmu 1021915 340247 8286502 9644993 428132411
1790359697.344685 W 100 lat 296 2648 9629 0 exe 40703 161925 283796 resp 287814 868 pmu 1021561 331854 8287568 11087409 436609972
1790359698.296613 W 101 lat 296 2444 9129 0 exe 35203 156666 475592 resp 477296 858 pmu 1021998 337498 8281695 9696214 416847183
1790359699.340635 W 102 lat 314 1888 7351 0 exe 35740 119981 257962 resp 262777 751 pmu 1023371 286195 8277212 11545031 326992143
1790359700.284717 W 103 lat 314 1907 5796 0 exe 33666 125666 319648 resp 324685 749 pmu 1023142 311423 8276879 9191875 343788581
1790359701.336733 W 104 lat 277 2222 8148 0 exe 41518 134888 270333 resp 275425 810 pmu 1022793 302311 8286260 9820491 364600324
1790359702.280735 W 105 lat 314 2351 6925 0 exe 39796 156518 463666 resp 468092 838 pmu 1022376 329424 8284420 9425860 415375257
1790359703.328726 W 106 lat 314 2907 8925 0 exe 41962 169851 287314 resp 291351 867 pmu 1021148 338724 8289479 11450475 457625664
1790359704.372725 W 107 lat 314 3351 9203 0 exe 46685 211722 470018 resp 473277 979 pmu 1019395 388936 8285644 9775648 557830359
1790359705.316755 W 108 lat 407 3666 8333 0 exe 40351 212962 280888 resp 285648 986 pmu 1019269 373155 8293132 11835465 565307695
1790359706.364742 W 109 lat 388 3537 7962 0 exe 45129 216444 339166 resp 341574 985 pmu 1019210 390355 8287630 9923802 572794060
1790359707.304729 W 110 lat 351 3462 9018 0 exe 40555 204999 294796 resp 298259 971 pmu 1019600 370751 8293082 10533453 543332632
1790359708.348757 W 111 lat 407 3574 9129 0 exe 41388 216462 439314 resp 442240 986 pmu 1019194 393319 8286760 10019643 571837121
1790359709.288757 W 112 lat 370 3666 9481 0 exe 43888 216555 290703 resp 294981 985 pmu 1019172 374669 8293636 11524978 573224537
1790359710.332739 W 113 lat 370 3555 8759 0 exe 40999 216833 436351 resp 439166 968 pmu 1019227 389348 8289335 10060815 573809099
1790359711.272747 W 114 lat 314 3592 9129 0 exe 46851 213351 286037 resp 289499 985 pmu 1019302 371043 8290254 11492725 562155113
1790359712.312712 W 115 lat 425 3518 8944 0 exe 43351 214611 472648 resp 477037 971 pmu 1019224 392436 8291768 10006236 568136087
1790359713.356614 W 116 lat 407 3611 8629 0 exe 46537 219611 281648 resp 286796 959 pmu 1019344 373388 8291415 11865066 577786685
1790359714.296733 W 117 lat 314 3425 8629 0 exe 43037 212925 449555 resp 452722 948 pmu 1019502 392257 8292782 9998753 564667825
1790359715.340828 W 118 lat 296 2962 7444 0 exe 37425 188759 314944 resp 318129 835 pmu 1021238 335603 8295072 11615189 499141102
1790359716.288755 W 119 lat 314 2851 6574 0 exe 40999 191518 434425 resp 437259 845 pmu 1021187 352243 8286982 10111802 506156919
1790359717.336630 W 120 lat 314 3074 6388 0 exe 37759 193666 282925 resp 286111 871 pmu 1020632 346104 8291164 11331750 513593632
1790359718.284722 W 121 lat 333 2925 6611 0 exe 35814 187074 536592 resp 541518 859 pmu 1021027 353953 8282674 9813261 495756756
1790359719.324561 W 122 lat 333 3037 6999 0 exe 35444 194481 282018 resp 285018 870 pmu 1020734 347087 8287971 12316537 515875503
1790359720.276740 W 123 lat 351 2944 6666 0 exe 35814 187981 432759 resp 433925 862 pmu 1020904 353346 8285264 9798772 498002140
1790359721.320665 W 124 lat 314 2999 7814 0 exe 37222 192555 299148 resp 302037 868 pmu 1020856 345830 8295645 11264330 510177616
1790359722.364788 W 125 lat 333 3370 8185 0 exe 45222 211888 440074 resp 442629 938 pmu 1019589 384179 8289742 9972771 560111073
1790359723.304506 W 126 lat 388 3592 8555 0 exe 46425 216259 286962 resp 290388 949 pmu 1019926 367622 8291188 11520832 570214637
1790359724.348775 W 127 lat 333 3666 10018 0 exe 43092 216611 445796 resp 448611 958 pmu 1019467 391351 8287702 10025343 574282205
1790359725.288637 W 128 lat 499 3759 8240 0 exe 39537 214666 282166 resp 286740 988 pmu 1019300 375114 8293118 11603107 567497521
1790359726.332736 W 129 lat 314 3629 8981 0 exe 42259 213740 404796 resp 411074 987 pmu 1019384 373096 8294702 9940551 565278403
1790359727.372462 W 130 lat 296 1518 10481 0 exe 17222 96574 436259 resp 439629 340 pmu 1021727 199315 8257153 11184494 257325397
1790359728.308458 W 131 lat 296 296 370 0 exe 16999 18962 40351 resp 40666 0 pmu 1023423 31981 8250409 10769441 50131128
1790359729.352620 W 132 lat 296 1666 5407 0 exe 17444 126537 462796 resp 467555 624 pmu 1019900 350338 8271088 6350562 324159404
1790359730.288633 W 133 lat 1055 2555 4870 0 exe 126203 179481 234037 resp 236388 1000 pmu 1017344 447654 8277943 11171028 463810287
1790359731.328629 W 134 lat 685 2481 5518 0 exe 104481 181351 320962 resp 322796 1000 pmu 1016943 460486 8270571 9685495 468259071
1790359732.368922 W 135 lat 777 2499 5722 0 exe 103203 177314 226814 resp 229166 1000 pmu 1017373 441431 8279573 10453853 457628827
1790359733.308629 W 136 lat 1037 2537 5574 0 exe 106537 182999 301944 resp 304999 1000 pmu 1016984 462416 8270570 9490125 472068532
1790359734.348612 W 137 lat 1074 2537 5759 0 exe 138703 181092 252592 resp 255999 1000 pmu 1017110 448407 8272940 10290692 467108189
1790359735.284640 W 138 lat 1037 2481 5425 0 exe 109666 182425 333203 resp 337592 1000 pmu 1017058 460911 8274740 9951325 471179463
1790359736.324658 W 139 lat 1185 2499 5055 0 exe 139351 179722 224759 resp 227351 1000 pmu 1017365 446970 8271327 10621660 463693550
1790359737.364610 W 140 lat 796 2537 5185 0 exe 134611 183870 316388 resp 319499 1000 pmu 1016794 465590 8272572 9662281 474400392
1790359738.304639 W 141 lat 833 2518 5351 0 exe 110074 178462 245277 resp 248481 1000 pmu 1017497 444143 8275305 10576983 460530343
1790359739.344636 W 142 lat 1240 2537 4962 0 exe 142777 184370 349481 resp 352314 1000 pmu 1017005 463658 8271880 9717469 475864218
1790359740.280651 W 143 lat 1166 2499 5388 0 exe 148425 180481 243222 resp 245629 1000 pmu 1017188 448684 8274652 10950971 465852389
1790359741.320605 W 144 lat 740 2499 6074 0 exe 122518 182611 333833 resp 337296 1000 pmu 1016938 462130 8275847 9896613 471461971
1790359742.360647 W 145 lat 981 2499 5629 0 exe 111148 178981 238092 resp 240703 1000 pmu 1017221 444816 8275568 10690401 461936232
1790359743.296630 W 146 lat 1203 2518 5166 0 exe 106814 184740 326092 resp 329148 1000 pmu 1017108 466340 8274412 9652566 476718899
1790359744.336661 W 147 lat 1166 2481 4833 0 exe 149999 180648 241425 resp 244259 1000 pmu 1017102 450371 8275885 10540890 466193554
1790359745.276636 W 148 lat 703 2425 4907 0 exe 133796 182296 318592 resp 321685 1000 pmu 1017086 461013 8269478 9886556 470401733
1790359746.316637 W 149 lat 999 2537 5462 0 exe 138277 179870 221814 resp 225481 1000 pmu 1017122 447941 8277431 10584564 464443080
1790359747.360624 W 150 lat 685 2499 5888 0 exe 137314 183499 324425 resp 327425 1000 pmu 1016973 463072 8276169 9634740 473674417
1790359748.324629 W 151 lat 425 2444 4981 0 exe 101148 176074 237296 resp 239777 1000 pmu 1017352 441263 8271131 10671323 454490854
1790359749.376624 W 152 lat 629 2537 5092 0 exe 94111 183407 328148 resp 330222 999 pmu 1016957 460813 8270117 9573230 473089471
1790359750.328620 W 153 lat 1129 2481 4925 0 exe 145148 180740 239333 resp 242759 1000 pmu 1017193 448041 8272606 10483175 466007433
1790359751.288620 W 154 lat 777 2462 5962 0 exe 110759 180425 315018 resp 316777 1000 pmu 1017228 454138 8274456 9845041 465640027
1790359752.352614 W 155 lat 1129 2518 5259 0 exe 135981 180722 242759 resp 245611 1000 pmu 1017232 448188 8273454 10423418 466127479
1790359753.308623 W 156 lat 481 2555 6018 0 exe 126814 178648 443148 resp 447148 1000 pmu 1017406 449971 8277293 9832428 462615353
1790359754.348659 W 157 lat 870 2648 7333 0 exe 115518 167537 227407 resp 231518 1000 pmu 1018043 406704 8285736 11786581 433199396
1790359755.284646 W 158 lat 907 2648 5944 0 exe 125037 173018 306796 resp 308499 1000 pmu 1017561 427273 8278896 9526776 446619659
1790359756.324648 W 159 lat 1203 2592 5962 0 exe 134907 170037 221092 resp 223370 1000 pmu 1017847 411824 8278607 10376956 438948107
1790359757.364638 W 160 lat 851 2537 5759 0 exe 123203 173203 314444 resp 316666 1000 pmu 1017698 426947 8282122 9558354 446896308
1790359758.300612 W 161 lat 814 2555 6537 0 exe 100333 167648 219129 resp 220999 1000 pmu 1018086 406763 8287702 10445850 432992465
1790359759.344633 W 162 lat 1037 2629 5722 0 exe 123666 173518 321925 resp 324870 1000 pmu 1017573 430631 8277589 9352570 447834373
1790359760.280645 W 163 lat 944 2648 5796 0 exe 106185 169129 221981 resp 224629 1000 pmu 1017680 414906 8285060 10529506 436655330
1790359761.320642 W 164 lat 907 2629 5425 0 exe 105259 173333 340444 resp 342907 1000 pmu 1017357 429832 8280389 9419045 447130339
1790359762.368623 W 165 lat 1129 2537 6092 0 exe 130129 169759 226148 resp 228666 1000 pmu 1017829 412792 8287819 10616989 438091925
1790359763.324624 W 166 lat 1148 2518 4851 0 exe 110185 171944 326351 resp 329296 1000 pmu 1017842 424708 8277868 9584919 443404862
1790359764.276622 W 167 lat 685 2462 5333 0 exe 95055 164944 237333 resp 239870 998 pmu 1017911 405048 8284986 10493964 425998677
1790359765.336622 W 168 lat 999 2555 4999 0 exe 119870 173222 320888 resp 323407 1000 pmu 1017610 429752 8282689 9491091 446543309
1790359766.296633 W 169 lat 814 2537 5648 0 exe 105481 167962 230018 resp 233518 1000 pmu 1017950 409107 8285373 10492204 433313086
1790359767.360638 W 170 lat 685 2537 5259 0 exe 101722 171648 348444 resp 350759 1000 pmu 1017813 425069 8282113 9492310 442478544
1790359768.304625 W 171 lat 999 2537 5370 0 exe 125425 168499 222407 resp 225296 1000 pmu 1017837 412125 8284098 10667723 434489755
1790359769.348619 W 172 lat 666 2555 5611 0 exe 106925 172518 326666 resp 328962 1000 pmu 1017396 432959 8283012 9515296 444583064
1790359770.308636 W 173 lat 962 2555 6333 0 exe 109499 167629 218499 resp 221166 1000 pmu 1017946 411822 8289061 10482108 432390204
1790359771.376554 W 174 lat 1074 2499 6722 0 exe 98629 170777 346648 resp 349851 999 pmu 1017909 424026 8283222 9395666 440147907
1790359772.328637 W 175 lat 1111 2518 4870 0 exe 127425 166833 221296 resp 223666 1000 pmu 1018024 408243 8284863 10643688 430333060
1790359773.368627 W 176 lat 666 2499 5611 0 exe 87814 168907 320907 resp 322740 999 pmu 1018002 421995 8282849 9501015 435627923
1790359774.308657 W 177 lat 1074 2518 5166 0 exe 122296 166796 213148 resp 214777 1000 pmu 1017591 414212 8281814 10308195 430633448
1790359775.348650 W 178 lat 1018 2537 5759 0 exe 111111 171018 330851 resp 332555 1000 pmu 1017577 428807 8280392 9391407 441286646
1790359776.288662 W 179 lat 870 2555 5537 0 exe 104333 165407 244499 resp 246648 1000 pmu 1017900 409005 8283644 10536728 427323877
1790359777.328634 W 180 lat 907 2518 5574 0 exe 110425 170037 330351 resp 333129 1000 pmu 1017545 425986 8279378 9611819 438921042
1790359778.368632 W 181 lat 1185 2518 5666 0 exe 136166 165333 237092 resp 239981 1000 pmu 1017775 407878 8283919 10527135 427283819
1790359779.304639 W 182 lat 722 2481 5759 0 exe 115277 168925 319666 resp 323722 1000 pmu 1017844 424850 8286418 9702383 436471746
1790359780.344644 W 183 lat 796 2462 5351 0 exe 98944 161481 214296 resp 217425 1000 pmu 1018083 401388 8281484 10445341 417479316
1790359781.280629 W 184 lat 592 2499 5722 0 exe 99444 169685 316574 resp 318166 1000 pmu 1017732 426472 8279035 9266171 438249635
1790359782.320645 W 185 lat 1055 2499 4925 0 exe 117018 165481 224444 resp 227222 1000 pmu 1017995 408622 8282973 10326040 427692150
1790359783.364629 W 186 lat 888 2481 5351 0 exe 102314 166851 315833 resp 317796 1000 pmu 1017880 418876 8282557 9475657 431541009
1790359784.300638 W 187 lat 962 2537 5425 0 exe 127018 167388 281851 resp 284314 1000 pmu 1017858 418740 8280526 10320099 432496388
1790359785.340617 W 188 lat 740 2518 5814 0 exe 104537 165277 219351 resp 221259 1000 pmu 1017691 411253 8280800 10109950 427377212
1790359786.276644 W 189 lat 611 2499 5611 0 exe 109907 168907 334018 resp 339629 1000 pmu 1017529 428392 8280001 9359863 436699162
1790359787.316946 W 190 lat 1148 2499 5333 0 exe 123296 165722 237722 resp 240462 1000 pmu 1018063 410605 8288966 10568390 428737308
1790359788.360654 W 191 lat 629 2462 5777 0 exe 107703 168111 318611 resp 320555 1000 pmu 1017907 422776 8280080 9643424 434678695
1790359789.296462 W 192 lat 296 1314 6833 0 exe 17129 87111 212907 resp 215259 445 pmu 1020819 231065 8261357 10380134 226013762
1790359790.336457 W 193 lat 296 296 648 0 exe 16870 21296 110055 resp 110370 6 pmu 1023444 58951 8251959 8463589 54924873
1790359791.276699 W 194 lat 296 1703 11444 0 exe 17185 151185 470185 resp 473425 469 pmu 1020781 335917 8259556 7059781 383769669
1790359792.316816 W 195 lat 296 2574 8537 0 exe 41888 245240 475092 resp 477166 839 pmu 1017766 592551 8260555 11389290 642034984
1790359793.356566 W 196 lat 1537 3925 7574 0 exe 183962 327777 418407 resp 423611 1000 pmu 1013566 563526 8249736 12016589 825708372
1790359794.292681 W 197 lat 296 462 4888 0 exe 18833 56370 354259 resp 357166 128 pmu 1023061 298230 8257542 12594155 169453360
1790359795.332890 W 198 lat 370 3925 9277 0 exe 74425 337888 525092 resp 529055 995 pmu 1016067 547043 8264228 9723835 850909554
1790359796.372550 W 199 lat 296 1648 7166 0 exe 37259 186999 462296 resp 465425 602 pmu 1020819 562904 8268324 13161616 472902041
1790359797.320506 W 200 lat 296 1592 10222 0 exe 22277 165333 495814 resp 499074 542 pmu 1021025 463820 8269193 11566635 424727583
1790359798.372629 W 201 lat 296 2833 9722 0 exe 45037 256648 439407 resp 445592 874 pmu 1017790 577973 8264356 11735180 657447195
1790359799.328536 W 202 lat 425 3685 7481 0 exe 97851 307851 413925 resp 417166 999 pmu 1015053 538911 8258936 11760404 775869978
1790359800.280609 W 203 lat 296 814 6740 0 exe 19851 78537 369907 resp 373444 202 pmu 1022687 316072 8267990 12002206 220391932
1790359801.324691 W 204 lat 296 4203 9703 0 exe 60944 342222 537759 resp 540370 994 pmu 1017170 507553 8278214 10010321 856757060
1790359802.272556 W 205 lat 296 1259 5444 0 exe 34592 156888 447611 resp 450111 554 pmu 1021982 533403 8272783 13238602 397569282
1790359803.312860 W 206 lat 296 1944 8425 0 exe 30296 209999 514870 resp 519555 620 pmu 1020198 580764 8270753 11242414 535669527
1790359804.352645 W 207 lat 296 2925 7851 0 exe 47333 286740 518518 resp 520888 920 pmu 1017235 639386 8262517 12189249 731349947
1790359805.288697 W 208 lat 944 3870 7462 0 exe 133629 313388 403499 resp 408185 1000 pmu 1015099 526477 8263233 12685371 789701095
1790359806.332726 W 209 lat 296 777 8444 0 exe 20944 79037 451611 resp 460055 187 pmu 1022861 331673 8266377 12115027 211495235
1790359807.372832 W 210 lat 333 4166 9499 0 exe 62851 341685 498203 resp 504981 993 pmu 1017522 498193 8279678 10868271 855321273
1790359808.308567 W 211 lat 296 1462 9259 0 exe 36333 170629 485037 resp 489351 587 pmu 1022044 549643 8279240 12869934 434766990
1790359809.352607 W 212 lat 296 1962 8314 0 exe 32148 202796 474944 resp 479685 605 pmu 1020266 539344 8266216 11723286 518741829
1790359810.288783 W 213 lat 296 2981 8814 0 exe 47351 284740 531925 resp 536055 927 pmu 1017816 610857 8268274 11763068 716444868
1790359811.332702 W 214 lat 740 3833 7592 0 exe 155870 311037 417759 resp 422907 1000 pmu 1015787 518944 8266967 12823400 783596110
1790359812.276708 W 215 lat 296 833 5981 0 exe 20444 88240 475703 resp 478444 224 pmu 1023003 361337 8264873 12358991 234346473
1790359813.328789 W 216 lat 314 3814 8833 0 exe 65166 344611 500185 resp 504722 991 pmu 1015992 578810 8257577 11112106 869023470
1790359814.272595 W 217 lat 296 1574 8314 0 exe 36925 172537 479870 resp 484648 542 pmu 1021322 527633 8272393 12899301 443437560
1790359815.332781 W 218 lat 296 1314 7166 0 exe 37444 165222 486222 resp 488444 582 pmu 1021787 611162 8271687 11682224 439891500
1790359816.280853 W 219 lat 296 3444 10148 0 exe 48092 339407 569981 resp 576370 956 pmu 1017082 658877 8255901 11692884 853812457
1790359817.328667 W 220 lat 333 3629 8370 0 exe 78166 305092 516685 resp 522037 992 pmu 1015788 534119 8258783 13501322 769844919
1790359818.280684 W 221 lat 296 1222 5629 0 exe 26703 119074 451907 resp 456129 386 pmu 1022420 391531 8268636 12932315 311066887
1790359819.336675 W 222 lat 314 3796 8259 0 exe 62018 350444 519574 resp 522814 991 pmu 1016285 585008 8255446 11067240 880945196
1790359820.284573 W 223 lat 296 907 6370 0 exe 30018 137407 470870 resp 471944 448 pmu 1022528 576669 8273137 13096897 357068578
1790359821.324620 W 224 lat 296 2018 7722 0 exe 24407 216944 510277 resp 515277 759 pmu 1020642 588947 8270368 11350979 561613969
1790359822.364744 W 225 lat 277 3703 8629 0 exe 82203 334259 521648 resp 524537 994 pmu 1015775 625474 8253404 12147300 839915842
1790359823.304490 W 226 lat 296 2851 9055 0 exe 26740 235351 486277 resp 489259 837 pmu 1017902 475829 8263456 13138400 599661795
1790359824.344878 W 227 lat 296 1962 6962 0 exe 27240 183388 511833 resp 514740 562 pmu 1020545 442115 8269066 12010513 472374313
1790359825.280606 W 228 lat 296 3277 8055 0 exe 37555 299962 524277 resp 530629 869 pmu 1018010 547848 8265546 11994148 752194134
1790359826.320550 W 229 lat 296 833 6907 0 exe 34870 128240 457203 resp 459648 393 pmu 1022819 572738 8280530 12781087 333596378
1790359827.360757 W 230 lat 296 2574 8092 0 exe 33629 262925 547240 resp 550648 805 pmu 1018615 613907 8270443 11201958 673354504
1790359828.300856 W 231 lat 333 4018 12222 0 exe 102111 338703 487703 resp 491981 1000 pmu 1015138 589407 8255588 12789496 851877511
1790359829.348622 W 232 lat 296 1518 9666 0 exe 27388 134629 419796 resp 422685 529 pmu 1021298 398305 8263613 12946455 351564008
1790359830.300799 W 233 lat 296 3222 7148 0 exe 26555 294796 546888 resp 550055 930 pmu 1018410 540367 8260227 10842302 743135101
1790359831.352528 W 234 lat 296 2018 7203 0 exe 31685 218111 529462 resp 532370 687 pmu 1020199 556948 8269794 12906314 559053652
1790359832.308605 W 235 lat 296 814 5499 0 exe 34759 133333 386759 resp 390018 458 pmu 1022350 587071 8277565 12366665 367019685
1790359833.356674 W 236 lat 314 2851 8666 0 exe 84648 347314 597018 resp 599111 994 pmu 1017238 651506 8265309 10520062 872895545
1790359834.296696 W 237 lat 314 2648 10814 0 exe 56018 279148 472185 resp 477925 983 pmu 1016835 545260 8259594 13962113 715576100
1790359835.356696 W 238 lat 296 1481 6259 0 exe 21777 164592 452388 resp 454870 578 pmu 1021418 416458 8273805 12256628 422110423
1790359836.296737 W 239 lat 314 3092 9092 0 exe 55870 323574 516425 resp 519351 991 pmu 1017805 545089 8264682 11270800 820806303
1790359837.348543 W 240 lat 296 870 5999 0 exe 32851 128537 501092 resp 503499 398 pmu 1022698 559231 8277038 12899190 337628424
1790359838.292763 W 241 lat 296 1981 7703 0 exe 50425 235759 471499 resp 475074 726 pmu 1019745 629477 8271177 11627423 612595711
1790359839.336869 W 242 lat 444 3611 8648 0 exe 91777 358629 533777 resp 537240 998 pmu 1015865 625335 8253477 11976415 901147066
1790359840.272531 W 243 lat 296 2555 8166 0 exe 37648 232907 451111 resp 455814 853 pmu 1019124 514651 8269157 13432961 596611111
1790359841.328559 W 244 lat 296 2185 7277 0 exe 28388 217314 540851 resp 545499 662 pmu 1019949 467298 8263821 11704007 553640756
1790359842.280544 W 245 lat 296 2555 7629 0 exe 34462 273592 586222 resp 589574 791 pmu 1017851 578292 8253710 12471041 699993747
1790359843.320691 W 246 lat 296 777 5129 0 exe 43481 112611 426944 resp 430481 336 pmu 1023049 547527 8278851 13232419 304282610
1790359844.364872 W 247 lat 296 2629 7888 0 exe 39370 283111 537555 resp 541574 923 pmu 1018215 632650 8264659 10860789 724506636
1790359845.300734 W 248 lat 407 3888 8685 0 exe 132481 338999 540537 resp 545018 1000 pmu 1014489 562342 8248790 12824748 852076428
1790359846.340525 W 249 lat 296 1370 7611 0 exe 25574 123018 438148 resp 441796 396 pmu 1021467 355171 8258686 13610826 322972418
1790359847.276645 W 250 lat 296 3277 8388 0 exe 27037 308740 550518 resp 553370 924 pmu 1018053 561041 8266362 10951426 777781054
1790359848.317176 W 251 lat 296 2259 7444 0 exe 41240 257425 544555 resp 551870 770 pmu 1019533 625107 8265727 13020009 649664460
1790359849.360685 W 252 lat 296 1037 8925 0 exe 37481 145999 484648 resp 488962 433 pmu 1022052 613387 8267666 12786296 387784769
1790359850.296807 W 253 lat 296 2999 7481 0 exe 61648 294722 519740 resp 522555 970 pmu 1017717 593956 8264938 11599423 743751521
1790359851.336464 W 254 lat 296 1981 8222 0 exe 17296 172981 435296 resp 440537 501 pmu 1018956 326297 8245169 12808502 437652499
1790359852.272426 W 255 lat 296 296 351 0 exe 16888 18962 40351 resp 40666 0 pmu 1023460 32115 8253495 11142607 50377457
1790359853.316494 W 256 lat 296 462 5574 0 exe 17259 45685 512481 resp 515055 80 pmu 1023153 140479 8252945 6348402 115160616
1790359854.356448 W 257 lat 296 314 499 0 exe 18777 20999 49611 resp 49944 0 pmu 1023415 58061 8245558 11243377 55578374
1790359855.292459 W 258 lat 296 314 499 0 exe 18555 23629 111018 resp 111333 14 pmu 1023449 87499 8254553 6461522 59680923
1790359856.332436 W 259 lat 296 314 555 0 exe 18277 20666 46814 resp 47129 0 pmu 1023462 54360 8247258 7087407 52259864
1790359857.268458 W 260 lat 296 314 629 0 exe 18629 23444 109981 resp 110425 10 pmu 1023373 85907 8245960 6429435 59225543
1790359858.308440 W 261 lat 296 314 499 0 exe 18277 21055 47444 resp 47759 0 pmu 1023344 58854 8243986 7077735 53246070
1790359859.348460 W 262 lat 296 314 592 0 exe 18444 24796 111296 resp 111611 16 pmu 1023436 101315 8252527 6437478 62580485
1790359860.284436 W 263 lat 296 314 481 0 exe 18092 20833 50555 resp 50870 0 pmu 1023397 56223 8244389 7095950 52672633
1790359861.324457 W 264 lat 296 314 537 0 exe 18648 23481 113185 resp 113499 12 pmu 1023395 86021 8247029 6466291 59317177
1790359862.364438 W 265 lat 296 314 481 0 exe 18629 20981 44907 resp 45203 0 pmu 1023427 57602 8246643 7109022 53051377
1790359863.300459 W 266 lat 296 314 537 0 exe 18759 24018 109870 resp 110277 11 pmu 1023447 92574 8248381 6413095 60700358
1790359864.340441 W 267 lat 296 314 555 0 exe 18555 21092 55555 resp 55870 0 pmu 1023425 59227 8245592 7079505 53316654
1790359865.276460 W 268 lat 296 314 518 0 exe 18962 25740 113648 resp 114166 13 pmu 1023393 110982 8252068 6520401 64893504
1790359866.316442 W 269 lat 296 314 592 0 exe 18407 20962 50648 resp 50944 0 pmu 1023440 57664 8246969 7127324 52986931
1790359867.356458 W 270 lat 296 314 592 0 exe 18481 23592 121425 resp 121740 14 pmu 1023415 87379 8250806 6469966 59626254
1790359868.292435 W 271 lat 296 314 592 0 exe 18185 20777 51314 resp 51629 0 pmu 1023422 55446 8248088 7191395 52609150
1790359869.332461 W 272 lat 296 314 518 0 exe 19018 26703 113296 resp 113629 12 pmu 1023407 121678 8251162 6474600 67232187
1790359870.268440 W 273 lat 296 314 574 0 exe 18277 22351 47314 resp 47611 0 pmu 1023380 73325 8246048 7128045 56388119
1790359871.308460 W 274 lat 296 314 629 0 exe 18648 25814 120388 resp 120870 13 pmu 1023404 111839 8250709 6442781 65109981
1790359872.348438 W 275 lat 296 314 592 0 exe 21407 25203 46685 resp 46999 0 pmu 1023436 104090 8249376 7193884 63357843
1790359873.284460 W 276 lat 296 314 703 0 exe 18833 24296 119277 resp 119592 11 pmu 1023412 95203 8248100 6466691 61304622
1790359874.324440 W 277 lat 296 314 518 0 exe 18462 20870 48481 resp 48814 0 pmu 1023432 56441 8248739 7175670 52812627
1790359875.364460 W 278 lat 296 314 574 0 exe 18685 25296 120537 resp 120870 16 pmu 1023410 105810 8250869 6447894 63739629
1790359876.300437 W 279 lat 296 314 666 0 exe 17833 21092 61388 resp 61703 0 pmu 1023420 59081 8247341 7192112 53394780
1790359877.344460 W 280 lat 296 314 611 0 exe 18444 23462 121685 resp 121999 14 pmu 1023420 85718 8249278 6575528 59309256
1790359878.280442 W 281 lat 296 314 592 0 exe 18518 21092 46296 resp 46592 0 pmu 1023453 59271 8246660 7193227 53395491
1790359879.320460 W 282 lat 296 314 518 0 exe 18648 24129 110425 resp 110759 11 pmu 1023407 93817 8246417 6427629 60938029
1790359880.360434 W 283 lat 296 314 518 0 exe 18537 20759 51740 resp 52037 0 pmu 1023423 55210 8246259 7084563 52420215
1790359881.296459 W 284 lat 296 314 574 0 exe 18481 23777 119722 resp 120055 12 pmu 1023414 89199 8251063 6480034 60027199
1790359882.336439 W 285 lat 296 314 537 0 exe 18222 20962 47833 resp 48148 0 pmu 1023400 57498 8248625 7175189 53042659
1790359883.272462 W 286 lat 296 314 481 0 exe 18629 25981 111407 resp 111722 14 pmu 1023400 113535 8250084 6440670 65395320
1790359884.312443 W 287 lat 296 314 555 0 exe 18351 22888 84925 resp 85407 0 pmu 1023360 79886 8248589 7103201 57802972
1790359885.352456 W 288 lat 296 314 499 0 exe 18333 24092 114481 resp 114814 14 pmu 1023426 92834 8249795 6822805 61059607
1790359886.288439 W 289 lat 296 314 499 0 exe 18518 20703 45407 resp 45722 0 pmu 1023401 54435 8245408 7123252 52332426
1790359887.328458 W 290 lat 296 314 611 0 exe 18648 23666 113092 resp 113407 12 pmu 1023388 88340 8248981 6416289 59773851
1790359888.368437 W 291 lat 296 314 592 0 exe 18444 21092 46962 resp 47351 0 pmu 1023385 59141 8246387 7109309 53344440
1790359889.304456 W 292 lat 296 314 611 0 exe 18648 24611 109296 resp 109703 8 pmu 1023429 99016 8253437 6434293 62170385
1790359890.344441 W 293 lat 296 314 499 0 exe 17962 20648 48388 resp 48722 0 pmu 1023446 54143 8247923 7076502 52203280
1790359891.284459 W 294 lat 296 314 499 0 exe 18129 23777 116185 resp 116611 14 pmu 1023386 89230 8244493 6443226 60077718
1790359892.324437 W 295 lat 296 314 611 0 exe 18259 20611 48333 resp 48648 0 pmu 1023417 53423 8246223 7138260 52104972
1790359893.364456 W 296 lat 296 314 537 0 exe 18259 23703 113018 resp 113444 8 pmu 1023379 88655 8249931 6444356 59882623
1790359894.300447 W 297 lat 296 314 592 0 exe 17907 21222 59629 resp 59944 0 pmu 1023350 60567 8242061 7107063 53614311
1790359895.340457 W 298 lat 296 314 518 0 exe 18722 24129 109203 resp 109537 10 pmu 1023468 93781 8252513 6558623 61074904
1790359896.276435 W 299 lat 296 314 611 0 exe 18296 20518 51388 resp 51722 0 pmu 1023419 52450 8244694 7072714 51885054
1790359897.316457 W 300 lat 296 314 592 0 exe 18629 23703 109407 resp 109722 9 pmu 1023436 88836 8245428 6474745 59953374
1790359898.356441 W 301 lat 296 314 592 0 exe 18351 20777 48851 resp 49148 0 pmu 1023473 55402 8240138 7072528 52489220
1790359899.292459 W 302 lat 296 314 814 0 exe 18444 23759 113240 resp 113537 11 pmu 1023441 89388 8245253 6450650 60013823
1790359900.332441 W 303 lat 296 314 537 0 exe 18296 21129 59777 resp 60111 0 pmu 1023393 59533 8247159 7111036 53399405
1790359901.268457 W 304 lat 296 314 611 0 exe 18518 23629 114555 resp 114999 10 pmu 1023414 87728 8248828 6561431 59773557
1790359902.308440 W 305 lat 296 314 629 0 exe 18111 20555 46444 resp 46759 0 pmu 1023410 52818 8250540 7123825 51985494
1790359903.348463 W 306 lat 296 314 629 0 exe 18499 25203 116981 resp 117314 11 pmu 1023373 105134 8248990 6424529 63557534
1790359904.284441 W 307 lat 296 314 574 0 exe 18629 22333 71888 resp 72314 0 pmu 1023391 73105 8249022 7155406 56412236
1790359905.324458 W 308 lat 296 314 537 0 exe 18814 25944 120314 resp 120629 9 pmu 1023348 114287 8249627 6690800 65672980
1790359906.364440 W 309 lat 296 314 592 0 exe 18574 20851 50722 resp 51018 0 pmu 1023422 56338 8248028 7193377 52748531
1790359907.300458 W 310 lat 296 314 481 0 exe 18666 23722 115962 resp 116277 9 pmu 1023439 88941 8253617 6470884 59974474
1790359908.340434 W 311 lat 296 314 611 0 exe 18370 20814 49203 resp 49537 0 pmu 1023432 55932 8245954 7137848 52630591
1790359909.276458 W 312 lat 296 314 685 0 exe 18592 23648 113759 resp 114074 13 pmu 1023421 88094 8244809 6454781 59730471
1790359910.316439 W 313 lat 296 314 574 0 exe 18370 20870 45629 resp 45944 0 pmu 1023346 56489 8250734 7116011 52773338
1790359911.356455 W 314 lat 296 314 499 0 exe 18611 23833 112018 resp 112333 14 pmu 1023425 90243 8250755 6419113 60244087
1790359912.292458 W 315 lat 296 314 499 0 exe 17499 23888 110555 resp 110888 7 pmu 1023420 90642 8249998 7098566 60445197
1790359913.332458 W 316 lat 296 296 574 0 exe 16981 22185 112499 resp 113074 8 pmu 1023471 69882 8255003 7078908 56260112
1790359914.268458 W 317 lat 296 296 462 0 exe 17166 23018 144462 resp 144777 17 pmu 1023420 78473 8252096 7088703 58756963
1790359915.308464 W 318 lat 296 296 1240 0 exe 16666 21370 122166 resp 123407 7 pmu 1023443 59811 8248877 7411742 54464479
1790359916.348424 W 319 lat 296 296 370 0 exe 17055 19481 54148 resp 54481 0 pmu 1023398 38158 8250073 7186447 49261977
1790359917.284459 W 320 lat 296 296 425 0 exe 16907 20425 120740 resp 121055 7 pmu 1023494 48973 8253575 6489775 51525371
1790359918.324432 W 321 lat 296 296 370 0 exe 17185 19888 48592 resp 48888 0 pmu 1023463 42813 8253651 7159925 50249267
1790359919.364454 W 322 lat 296 296 407 0 exe 17185 20499 126907 resp 127314 7 pmu 1023334 49702 8250435 6436710 51784727
1790359920.300427 W 323 lat 296 296 370 0 exe 17351 20074 68555 resp 68851 0 pmu 1023446 45116 8250560 7223727 50725793
1790359921.340464 W 324 lat 296 296 351 0 exe 16962 19814 112592 resp 112907 7 pmu 1023463 42338 8254547 6638107 50213345
1790359922.276431 W 325 lat 296 296 351 0 exe 16907 20648 91351 resp 91648 0 pmu 1023431 51874 8251106 7075248 52037499
1790359923.316463 W 326 lat 296 296 370 0 exe 17129 19685 113666 resp 113999 6 pmu 1023426 39999 8250869 6866558 49974658
1790359924.356426 W 327 lat 296 296 351 0 exe 17074 20962 98037 resp 98333 0 pmu 1023446 55791 8252356 7086621 52801341
1790359925.292499 W 328 lat 296 296 351 0 exe 17203 19481 90407 resp 90722 0 pmu 1023389 38466 8252836 6935861 49224631
1790359926.332434 W 329 lat 296 296 425 0 exe 16925 21462 108388 resp 108777 6 pmu 1023454 61628 8252311 6852888 54250374
1790359927.268425 W 330 lat 296 296 370 0 exe 16999 19037 34981 resp 35296 0 pmu 1023489 32842 8251729 7042018 48059600
1790359928.308455 W 331 lat 296 296 351 0 exe 16814 21185 116759 resp 117074 6 pmu 1023445 58021 8252299 6295425 53360249
1790359929.348464 W 332 lat 296 296 351 0 exe 17037 19055 42907 resp 43240 0 pmu 1023456 33301 8253002 7123014 48163070
1790359930.284438 W 333 lat 296 296 370 0 exe 17055 21814 114185 resp 114499 6 pmu 1023472 65686 8256525 6374803 54939118
1790359931.324463 W 334 lat 296 296 351 0 exe 17037 19092 42629 resp 42944 0 pmu 1023450 33663 8251116 7101786 48269716
1790359932.364431 W 335 lat 296 296 444 0 exe 17111 21407 122425 resp 122740 6 pmu 1023417 60465 8250768 6372308 53933490
1790359933.300469 W 336 lat 296 296 370 0 exe 16981 18833 32611 resp 32907 0 pmu 1023383 30583 8248250 7182700 47675426
1790359934.340440 W 337 lat 296 296 407 0 exe 16833 21277 118592 resp 118907 6 pmu 1023445 58983 8251635 6270537 53552671
1790359935.276426 W 338 lat 296 296 370 0 exe 17055 19018 43592 resp 43925 0 pmu 1023420 32642 8249005 7142345 48073011
1790359936.316460 W 339 lat 296 296 444 0 exe 16870 21296 123203 resp 123518 7 pmu 1023415 59602 8247934 6381712 53692505
1790359937.356462 W 340 lat 296 296 370 0 exe 16981 19111 45611 resp 45907 0 pmu 1023371 33843 8250953 7188776 48343606
1790359938.292437 W 341 lat 296 296 370 0 exe 17055 21611 123722 resp 124055 7 pmu 1023417 62936 8251670 6401951 54448495
1790359939.336459 W 342 lat 296 296 370 0 exe 17037 19055 33592 resp 33907 0 pmu 1023417 33011 8249323 7196137 48193258
1790359940.272429 W 343 lat 296 296 425 0 exe 16870 21018 123814 resp 124222 7 pmu 1023429 56081 8252205 6281857 52910944
1790359941.312427 W 344 lat 296 296 370 0 exe 16981 18870 31481 resp 31796 0 pmu 1023425 31135 8246957 7193710 47770728
1790359942.352456 W 345 lat 296 296 407 0 exe 17148 21166 112166 resp 112499 7 pmu 1023478 57724 8252460 6259606 53247988
1790359943.288425 W 346 lat 296 296 370 0 exe 16814 19166 40203 resp 40537 0 pmu 1023424 34306 8251084 7079127 48416220
1790359944.328455 W 347 lat 296 296 370 0 exe 16685 20981 116777 resp 117092 6 pmu 1023426 55669 8248025 6347380 52823177
1790359945.368460 W 348 lat 296 296 370 0 exe 17074 19092 43351 resp 43666 0 pmu 1023438 33814 8248280 7121767 48287652
1790359946.304434 W 349 lat 296 296 370 0 exe 16777 21240 107740 resp 108055 6 pmu 1023413 59177 8251130 6379828 53556433
1790359947.344458 W 350 lat 296 296 370 0 exe 17333 19092 35499 resp 35814 0 pmu 1023439 33625 8251532 7033083 48218305
1790359948.280433 W 351 lat 296 296 388 0 exe 16759 21074 108611 resp 108925 6 pmu 1023361 57012 8251864 6302538 53072181
1790359949.320429 W 352 lat 296 296 351 0 exe 17074 18925 34685 resp 34981 0 pmu 1023348 31890 8250231 7040825 47819801
1790359950.360454 W 353 lat 296 296 370 0 exe 17092 21462 124703 resp 125037 6 pmu 1023496 61287 8250818 6292049 54025993
1790359951.296427 W 354 lat 296 296 351 0 exe 17055 19092 43037 resp 43370 0 pmu 1023471 33651 8249016 7205412 48309846
1790359952.336454 W 355 lat 296 296 370 0 exe 17037 21074 119240 resp 119555 6 pmu 1023442 56634 8253593 6376517 53114067
1790359953.272428 W 356 lat 296 296 370 0 exe 17111 19092 41407 resp 41703 0 pmu 1023470 33599 8251992 7148579 48276910
1790359954.312458 W 357 lat 296 296 666 0 exe 16851 21277 122851 resp 123166 6 pmu 1023450 59029 8253388 6360478 53608046
1790359955.352430 W 358 lat 296 296 370 0 exe 17111 19333 46888 resp 47203 0 pmu 1023483 36513 8252838 7186236 48909252
1790359956.288457 W 359 lat 296 296 388 0 exe 16999 21166 125259 resp 125574 7 pmu 1023420 57390 8246761 6416585 53316838
1790359957.328428 W 360 lat 296 296 351 0 exe 17018 19259 47370 resp 47685 0 pmu 1023485 35527 8247300 7209186 48702189
1790359958.368457 W 361 lat 296 296 388 0 exe 17092 21462 113981 resp 114296 7 pmu 1023434 60944 8245505 6420491 54060105
1790359959.304430 W 362 lat 296 296 370 0 exe 17037 19277 46703 resp 47037 0 pmu 1023470 35635 8250775 7098081 48677672
1790359960.344455 W 363 lat 296 296 388 0 exe 16981 21148 110518 resp 110833 6 pmu 1023423 57569 8249526 6414362 53313325
1790359961.280430 W 364 lat 296 296 370 0 exe 16981 19185 45296 resp 45611 0 pmu 1023451 34698 8249728 7061434 48445190
1790359962.320457 W 365 lat 296 296 370 0 exe 16888 21333 121314 resp 121648 7 pmu 1023468 59635 8251514 6399280 53741271
1790359963.360429 W 366 lat 296 296 351 0 exe 17148 19370 47499 resp 47796 0 pmu 1023367 36716 8248325 7169909 48969327
1790359964.296457 W 367 lat 296 296 425 0 exe 17129 22277 120888 resp 121314 7 pmu 1023400 70615 8250254 6423138 56117380
1790359965.336431 W 368 lat 296 296 370 0 exe 17129 19259 41518 resp 41833 0 pmu 1023423 35427 8248501 7172196 48696583
1790359966.272456 W 369 lat 296 296 777 0 exe 17222 21499 123999 resp 124314 6 pmu 1023424 61477 8251423 6362644 54147415
1790359967.312435 W 370 lat 296 296 370 0 exe 16981 19851 52444 resp 52759 0 pmu 1023377 42214 8249848 7201279 50155881
1790359968.356454 W 371 lat 296 296 370 0 exe 17222 21148 122759 resp 123074 7 pmu 1023448 57662 8251943 6474093 53382435
1790359969.292425 W 372 lat 296 296 351 0 exe 16666 18981 46870 resp 47166 0 pmu 1023379 32779 8250114 7185031 48108582
1790359970.332459 W 373 lat 296 296 462 0 exe 17037 21296 110555 resp 110870 7 pmu 1023497 59267 8253665 6412270 53622414
1790359971.268427 W 374 lat 296 296 370 0 exe 16999 18999 43166 resp 43481 0 pmu 1023398 32441 8249157 7063280 47991726
1790359972.308459 W 375 lat 296 296 666 0 exe 16999 21537 114944 resp 115611 6 pmu 1023458 61867 8255132 6377235 54211270
1790359973.348426 W 376 lat 296 296 351 0 exe 17092 19037 48222 resp 48555 0 pmu 1023408 32996 8248266 7111038 48126753
1790359974.284458 W 377 lat 296 296 425 0 exe 17185 23074 112666 resp 112981 7 pmu 1023470 80231 8253355 6428339 58182245
1790359975.324428 W 378 lat 296 296 370 0 exe 16981 19092 42685 resp 43018 0 pmu 1023450 33637 8248984 7093793 48271709
1790359976.368552 W 379 lat 296 685 7018 0 exe 16925 55203 526407 resp 527685 186 pmu 1022104 188546 8250848 6373396 147193282
1790359977.308495 W 380 lat 296 1999 7351 0 exe 47870 219981 363388 resp 367037 969 pmu 1022870 568554 8276479 11433472 568470007
1790359978.356679 W 381 lat 296 1981 8648 0 exe 49314 218166 482611 resp 485314 927 pmu 1022312 580418 8273352 10802112 568560370
1790359979.300549 W 382 lat 314 1981 6907 0 exe 50888 196222 347851 resp 351166 929 pmu 1022449 519005 8279914 11993832 518725865
1790359980.352755 W 383 lat 314 2129 7240 0 exe 61407 217185 439759 resp 444203 974 pmu 1021967 547787 8276584 10539130 563598098
1790359981.296686 W 384 lat 314 2203 7203 0 exe 51333 202740 359685 resp 363611 947 pmu 1022002 510534 8277542 11623668 531524937
1790359982.344554 W 385 lat 314 2351 7481 0 exe 59981 236259 489499 resp 491685 965 pmu 1020514 584722 8268689 10697833 618949410
1790359983.288606 W 386 lat 314 2444 8944 0 exe 57703 224037 367425 resp 370129 970 pmu 1020538 525057 8269637 12200397 583514619
1790359984.348769 W 387 lat 314 2944 8944 0 exe 63537 264499 500425 resp 503685 984 pmu 1017862 606145 8261380 10917518 690099288
1790359985.288704 W 388 lat 296 2944 8648 0 exe 55666 256666 360351 resp 365129 977 pmu 1017716 570320 8260934 12484215 673395116
1790359986.328604 W 389 lat 388 3240 8259 0 exe 62333 281537 379777 resp 383333 989 pmu 1015635 593231 8247934 11011161 732255472
1790359987.272679 W 390 lat 333 3240 9259 0 exe 58537 267481 372203 resp 375425 984 pmu 1015659 582978 8248127 11356948 702807161
1790359988.320668 W 391 lat 314 3037 8703 0 exe 59703 268499 459740 resp 464240 984 pmu 1017075 588085 8254601 11194987 699733214
1790359989.372586 W 392 lat 314 2740 8481 0 exe 63222 250611 364240 resp 367666 987 pmu 1018431 587216 8260213 12083709 653651426
1790359990.320685 W 393 lat 314 2425 10129 0 exe 65833 238740 500462 resp 502870 984 pmu 1019601 594383 8264714 11048802 627235945
1790359991.368750 W 394 lat 314 2055 7666 0 exe 58722 207481 354370 resp 359407 968 pmu 1022513 532880 8280649 12366209 541314701
1790359992.316503 W 395 lat 314 2148 7148 0 exe 64277 228370 470351 resp 473222 955 pmu 1021532 578443 8271856 10712447 593478041
1790359993.368559 W 396 lat 333 2129 7425 0 exe 48092 202814 375722 resp 380407 935 pmu 1021836 517799 8272280 11991514 535318999
1790359994.320759 W 397 lat 314 2462 8759 0 exe 57444 232425 494685 resp 498777 977 pmu 1020400 573200 8264974 10847122 606923763
1790359995.372550 W 398 lat 314 2314 7962 0 exe 58240 214925 355037 resp 358092 965 pmu 1021461 515428 8273669 12236894 559895754
1790359996.316565 W 399 lat 314 1999 7814 0 exe 50685 207407 487962 resp 490129 932 pmu 1022696 547756 8278333 10746836 545191522
1790359997.364711 W 400 lat 314 2111 6814 0 exe 50851 196351 365870 resp 369499 935 pmu 1022255 504971 8276665 11994036 517752255
1790359998.308630 W 401 lat 314 2277 9388 0 exe 51611 231481 483314 resp 486499 958 pmu 1021588 563998 8271290 10721488 600924970
1790359999.364734 W 402 lat 296 2518 8518 0 exe 62203 221222 367259 resp 370851 970 pmu 1019859 542570 8265374 12086800 581585283
1790360000.312711 W 403 lat 333 2685 7870 0 exe 56037 237111 445333 resp 447888 979 pmu 1019175 568116 8263959 10926735 622904402
1790360001.356616 W 404 lat 314 2981 9166 0 exe 59314 259759 384425 resp 389444 979 pmu 1017391 553328 8253544 11748833 675728223
1790360002.304680 W 405 lat 314 3111 8314 0 exe 57166 268203 483462 resp 487166 980 pmu 1016209 582702 8252720 11289633 704474211
1790360003.356596 W 406 lat 333 3092 8296 0 exe 52870 262740 364185 resp 368222 976 pmu 1016786 569526 8255848 12301004 690448993
1790360004.296736 W 407 lat 314 3333 8370 0 exe 60444 284870 472499 resp 478351 987 pmu 1015130 595421 8248989 11061213 740708975
1790360005.336692 W 408 lat 499 3814 9425 0 exe 59944 294425 378777 resp 383592 989 pmu 1012854 594308 8238127 12303381 770696136
1790360006.280645 W 409 lat 351 3703 8537 0 exe 58666 298129 377796 resp 382018 991 pmu 1013568 598369 8244954 11415011 776440171
1790360007.316787 W 410 lat 499 3722 8740 0 exe 58851 292129 380944 resp 384092 990 pmu 1013477 579804 8238264 11408597 763790489
1790360008.356729 W 411 lat 462 3703 8777 0 exe 63314 298814 465833 resp 469722 990 pmu 1013357 603928 8243268 11407429 780435307
1790360009.300748 W 412 lat 351 3722 8333 0 exe 59277 294407 384777 resp 388592 989 pmu 1013328 590905 8242545 12315683 769829721
1790360010.348726 W 413 lat 296 3611 9907 0 exe 59611 289055 486777 resp 491018 959 pmu 1013770 599681 8242456 11459865 753124214
1790360011.288746 W 414 lat 425 3611 8407 0 exe 61666 292185 369481 resp 372351 985 pmu 1014205 586577 8248621 12463965 764130899
1790360012.332709 W 415 lat 351 3703 9537 0 exe 60407 298148 468314 resp 472129 988 pmu 1013154 608114 8238069 11303204 778777871
1790360013.372724 W 416 lat 351 3555 7944 0 exe 60851 293407 373925 resp 377907 987 pmu 1014144 585259 8248390 12325441 765652338
1790360014.312849 W 417 lat 388 3648 8759 0 exe 58388 296851 469074 resp 473685 989 pmu 1013382 602327 8241826 11352349 776365168
1790360015.356608 W 418 lat 481 3611 8111 0 exe 58870 296203 365777 resp 368666 989 pmu 1013967 576246 8244180 12316650 770155178
1790360016.296652 W 419 lat 481 3796 7907 0 exe 59611 294481 421203 resp 426055 990 pmu 1013072 596440 8238700 11271197 770603672
1790360017.340727 W 420 lat 481 3685 9074 0 exe 57666 297703 383722 resp 386870 990 pmu 1013924 579670 8246211 11830136 773651813
1790360018.280815 W 421 lat 425 3685 9777 0 exe 57259 296370 484333 resp 486518 988 pmu 1013219 603947 8237901 11458607 775901688
1790360019.328694 W 422 lat 407 3685 9462 0 exe 57259 290925 371796 resp 374351 988 pmu 1013696 579530 8246653 12454504 762554384
1790360020.372624 W 423 lat 444 3611 8907 0 exe 57981 297574 453962 resp 456999 988 pmu 1013719 586326 8238283 11302120 773381469
1790360021.312748 W 424 lat 499 3740 9555 0 exe 60722 296370 459759 resp 463240 988 pmu 1013080 594282 8238705 12159991 774624538
1790360022.368599 W 425 lat 370 3629 8203 0 exe 58499 295277 368907 resp 372333 988 pmu 1013748 580336 8238554 12232001 768698072
1790360023.308556 W 426 lat 481 3722 9370 0 exe 57833 295240 489518 resp 492666 989 pmu 1012912 602454 8238443 11298689 771800317
1790360024.352698 W 427 lat 574 3666 9185 0 exe 59444 294592 371203 resp 375259 990 pmu 1013718 581174 8241423 12506676 770209191
1790360025.292727 W 428 lat 314 3388 9185 0 exe 60166 283240 469129 resp 472296 988 pmu 1014982 597462 8248321 11332220 739368296
1790360026.338202 W 429 lat 314 3222 9388 0 exe 59666 267185 363185 resp 367055 984 pmu 1016177 578692 8257195 12251070 702170329
1790360027.280719 W 430 lat 296 3037 8074 0 exe 59740 271555 472888 resp 475629 959 pmu 1017066 584839 8252851 11112611 705695299
1790360028.328733 W 431 lat 296 3296 7999 0 exe 58555 268944 376703 resp 380740 981 pmu 1015804 581116 8252708 12218668 705437514
1790360029.272597 W 432 lat 444 3629 8740 0 exe 58222 295796 490296 resp 496240 987 pmu 1014459 596282 8247541 11245224 768524154
1790360030.320738 W 433 lat 462 3944 8962 0 exe 60203 293759 375314 resp 378499 990 pmu 1012880 595198 8240397 12529358 770697081
1790360031.364788 W 434 lat 462 3796 8425 0 exe 60629 296240 371759 resp 376648 989 pmu 1013452 601719 8249634 11368321 773261589
1790360032.300752 W 435 lat 499 3740 9722 0 exe 59259 295240 374611 resp 380481 989 pmu 1013452 583391 8245883 11352464 771072510
1790360033.352671 W 436 lat 499 3870 9185 0 exe 58314 297537 475203 resp 477999 990 pmu 1012763 609404 8239819 11380277 778219300
1790360034.292722 W 437 lat 333 3814 8499 0 exe 59277 298074 377722 resp 381888 991 pmu 1013558 587637 8245099 12375672 775621532
1790360035.340677 W 438 lat 314 3833 8888 0 exe 59574 291314 473314 resp 477055 987 pmu 1013295 599273 8247199 11410825 762941601
1790360036.280463 W 439 lat 296 3314 9740 0 exe 18296 255351 379777 resp 382925 838 pmu 1014473 524271 8245130 12333627 668699607
1790360037.324453 W 440 lat 277 296 370 0 exe 17314 21351 107462 resp 107777 7 pmu 1023401 59585 8251741 11008228 56557761
1790360038.372622 W 441 lat 296 574 5499 0 exe 17185 51777 490796 resp 493259 139 pmu 1022778 131873 8251392 7033904 131120378
1790360039.312632 W 442 lat 870 2648 6574 0 exe 151037 222074 383759 resp 387129 1000 pmu 1014504 574596 8259536 11059462 572678338
1790360040.372641 W 443 lat 1203 2648 6833 0 exe 149999 212074 272018 resp 275814 1000 pmu 1014793 543052 8262185 11533091 547836829
1790360041.308645 W 444 lat 703 2611 5018 0 exe 114148 213814 365907 resp 370444 1000 pmu 1014813 551703 8261214 10365474 552139999
1790360042.348649 W 445 lat 999 2592 5833 0 exe 107740 209388 278333 resp 281203 1000 pmu 1015258 535035 8268795 11125621 540847459
1790360043.284641 W 446 lat 611 2611 5851 0 exe 125611 212092 361703 resp 365185 1000 pmu 1014834 549234 8260885 10192991 547568539
1790360044.324626 W 447 lat 1351 2611 5259 0 exe 167407 211333 292407 resp 294796 1000 pmu 1015127 539044 8267012 11130780 545697674
1790360045.368642 W 448 lat 740 2574 6074 0 exe 111314 211388 361833 resp 365444 1000 pmu 1015041 543094 8261852 10638421 545958446
1790360046.304625 W 449 lat 1203 2574 6037 0 exe 162555 210222 287777 resp 290925 1000 pmu 1015045 535777 8263986 11059239 543061668
1790360047.344637 W 450 lat 888 2629 5648 0 exe 143888 215481 334425 resp 337870 1000 pmu 1014525 554755 8259476 10569135 556221129
1790360048.280651 W 451 lat 777 2611 7314 0 exe 126037 209481 286018 resp 289629 1000 pmu 1015177 534900 8263018 10966729 540828412
1790360049.320646 W 452 lat 740 2592 5999 0 exe 145796 213907 325962 resp 329222 1000 pmu 1015195 549881 8262343 10371814 552121436
1790360050.360631 W 453 lat 1203 2592 5666 0 exe 170333 210092 263481 resp 266666 1000 pmu 1015340 533802 8265446 10883626 542519939
1790360051.296625 W 454 lat 888 2574 6074 0 exe 108314 213203 347407 resp 349962 1000 pmu 1014966 548224 8261198 10362731 550261197
1790360052.336626 W 455 lat 1092 2666 6148 0 exe 131074 210888 295129 resp 299277 1000 pmu 1014897 537333 8263869 10904607 544770831
1790360053.272621 W 456 lat 592 2629 5537 0 exe 104314 215537 373537 resp 376722 1000 pmu 1014682 555691 8259924 10494009 556625104
1790360054.316561 W 457 lat 944 2629 6925 0 exe 158611 211555 277092 resp 280499 1000 pmu 1014968 538770 8257886 11156960 546442007
1790360055.352634 W 458 lat 851 2611 5777 0 exe 137629 213518 385944 resp 389296 1000 pmu 1014799 549820 8261033 10453897 550939070
1790360056.288632 W 459 lat 888 2629 6240 0 exe 148962 213629 275444 resp 278462 1000 pmu 1014603 546350 8258333 11440746 551655157
1790360057.332625 W 460 lat 1129 2666 6166 0 exe 151537 215925 329648 resp 333444 1000 pmu 1014738 556305 8261678 10393845 557459609
1790360058.372644 W 461 lat 740 2685 5851 0 exe 130259 210592 283037 resp 286240 1000 pmu 1014831 539572 8263160 10965276 543811361
1790360059.308655 W 462 lat 518 2740 6555 0 exe 148722 215703 342314 resp 344722 1000 pmu 1014349 555016 8257583 10359464 557002375
1790360060.348642 W 463 lat 814 2666 6277 0 exe 123203 206722 282925 resp 285999 1000 pmu 1015504 530483 8267217 11068908 534005610
1790360061.284632 W 464 lat 907 2629 5777 0 exe 106092 210148 342055 resp 344351 1000 pmu 1015134 540115 8261816 10305508 542439802
1790360062.324634 W 465 lat 1055 2648 6351 0 exe 174555 210703 268722 resp 271333 1000 pmu 1015088 534674 8261277 10822130 543948271
1790360063.368648 W 466 lat 555 2685 6277 0 exe 139259 212777 354888 resp 358296 1000 pmu 1014996 545514 8265677 10439398 549410999
1790360064.304642 W 467 lat 814 2722 6648 0 exe 152592 208074 276333 resp 281833 1000 pmu 1015320 531422 8272028 11136497 537407973
1790360065.344626 W 468 lat 888 2740 5962 0 exe 125129 212999 356814 resp 360388 1000 pmu 1014853 546293 8258648 10407619 549751556
1790360066.280647 W 469 lat 1185 2666 6481 0 exe 170222 209111 266537 resp 270333 1000 pmu 1015363 532281 8264648 11087189 540338300
1790360067.320624 W 470 lat 444 2648 5759 0 exe 123592 212333 325111 resp 328981 1000 pmu 1014964 546718 8261416 10395158 548432662
1790360068.360640 W 471 lat 777 2611 6518 0 exe 140814 208888 287574 resp 291574 1000 pmu 1015316 533022 8266440 10756834 539300353
1790360069.308610 W 472 lat 777 2648 6055 0 exe 124203 211407 292814 resp 297648 1000 pmu 1014951 550588 8265689 10456306 545808547
1790360070.360611 W 473 lat 981 2685 6074 0 exe 151518 212999 275462 resp 278888 1000 pmu 1014525 545495 8258960 10440316 549581846
1790360071.304630 W 474 lat 796 2648 6611 0 exe 127611 213740 385166 resp 388166 1000 pmu 1014676 552354 8257857 10405622 551637798
1790360072.360642 W 475 lat 1092 2666 7018 0 exe 146907 211814 289518 resp 293462 1000 pmu 1014692 542771 8261197 11386396 547481168
1790360073.312634 W 476 lat 518 2666 5685 0 exe 121796 214185 353611 resp 356592 1000 pmu 1014659 553116 8260290 10525025 553288471
1790360074.372601 W 477 lat 740 2666 6444 0 exe 124685 210222 284351 resp 288222 1000 pmu 1014697 538968 8262336 11037828 542966867
1790360075.304659 W 478 lat 1148 2666 6388 0 exe 133888 215814 343148 resp 346314 1000 pmu 1014559 557446 8264993 10349259 556956439
1790360076.344611 W 479 lat 888 2611 6074 0 exe 119185 209444 286796 resp 290277 1000 pmu 1015056 538653 8266729 11009538 540735003
1790360077.284648 W 480 lat 388 2611 5388 0 exe 101962 212685 352055 resp 355740 1000 pmu 1015110 549564 8261254 10338935 548835891
1790360078.324632 W 481 lat 888 2629 5981 0 exe 156388 211944 297407 resp 301166 1000 pmu 1014820 541584 8266766 10916583 547451668
1790360079.368608 W 482 lat 518 2666 7796 0 exe 135611 215537 368148 resp 371203 1000 pmu 1014992 555754 8269258 10644587 556778840
1790360080.304645 W 483 lat 666 2648 7444 0 exe 135629 211888 285351 resp 289981 1000 pmu 1014744 543005 8265196 11270110 547272858
1790360081.344612 W 484 lat 499 2666 5814 0 exe 133851 213129 353499 resp 355537 1000 pmu 1014581 550262 8260931 10430567 550153550
1790360082.280639 W 485 lat 1111 2611 5851 0 exe 159333 211537 296944 resp 299499 1000 pmu 1014986 538785 8261109 11087469 546341806
1790360083.320612 W 486 lat 981 2648 5944 0 exe 150925 213111 299870 resp 301870 1000 pmu 1014768 544579 8263848 10647018 550202918
1790360084.360628 W 487 lat 944 2555 6129 0 exe 143129 211074 361074 resp 364203 1000 pmu 1015213 541049 8263596 10639181 544698475
1790360085.296561 W 488 lat 1148 2592 5481 0 exe 155481 210481 284462 resp 287962 1000 pmu 1014942 536764 8263530 11208022 543781367
1790360086.340632 W 489 lat 944 2574 6129 0 exe 156444 213166 322018 resp 323166 1000 pmu 1014874 546717 8264715 10500515 550243292
1790360087.276649 W 490 lat 796 2555 5203 0 exe 140907 206999 293759 resp 296407 1000 pmu 1015480 525628 8265611 10884709 534630974
1790360088.316649 W 491 lat 574 2574 5481 0 exe 171407 213092 356037 resp 359518 1000 pmu 1015088 546510 8268288 10495705 550369352
1790360089.356886 W 492 lat 1240 2611 5055 0 exe 174481 209629 273518 resp 277018 1000 pmu 1015087 532843 8266750 11305943 541770972
1790360090.292621 W 493 lat 703 2555 5611 0 exe 124629 211333 326962 resp 329185 1000 pmu 1015148 542075 8260605 10480288 545324718
1790360091.336586 W 494 lat 1111 2611 5481 0 exe 169907 209962 259425 resp 262296 1000 pmu 1015190 532313 8268713 10767328 542133478
1790360092.272616 W 495 lat 537 2611 7277 0 exe 128703 213777 341074 resp 344685 1000 pmu 1015030 549052 8266919 10316502 551914886
1790360093.312637 W 496 lat 388 2592 6018 0 exe 120370 208222 279370 resp 282444 1000 pmu 1015235 532564 8258650 10955891 537927025
1790360094.356630 W 497 lat 499 2703 5574 0 exe 100611 212203 332462 resp 335888 1000 pmu 1014987 545853 8260723 10259503 547837854
1790360095.292647 W 498 lat 1018 2777 6851 0 exe 156037 212148 275462 resp 278870 1000 pmu 1014996 541606 8265767 10712247 547715408
1790360096.336628 W 499 lat 1074 2759 6333 0 exe 148111 215314 338092 resp 341074 1000 pmu 1014749 554034 8264469 10428503 555671465
1790360097.272647 W 500 lat 703 2666 7870 0 exe 118907 210240 293222 resp 295740 1000 pmu 1015114 537574 8265772 11026326 542697982
1790360098.316466 W 501 lat 296 2481 6240 0 exe 21222 203777 365999 resp 367944 928 pmu 1015210 547503 8255562 10409071 526260406
1790360099.356426 W 502 lat 296 296 370 0 exe 17111 19277 42018 resp 42333 0 pmu 1023439 35613 8251292 10599234 50792540
1790360100.300713 W 503 lat 296 388 7666 0 exe 17111 36111 462481 resp 464185 69 pmu 1023201 116608 8255007 6367771 91579178
1790360101.340860 W 504 lat 296 2740 10685 0 exe 38425 289759 559166 resp 563851 862 pmu 1018931 668715 8269325 10703136 728812560
1790360102.276753 W 505 lat 685 4296 9574 0 exe 107833 362629 544814 resp 548222 1000 pmu 1014340 606077 8251697 13087257 910755383
1790360103.316535 W 506 lat 296 2537 10259 0 exe 35518 220685 419592 resp 424018 655 pmu 1017609 490562 8254146 13651855 564516551
1790360104.356859 W 507 lat 296 2111 8962 0 exe 20092 202629 528611 resp 534074 492 pmu 1020172 438323 8261515 11325614 511487548
1790360105.296705 W 508 lat 296 3444 12111 0 exe 18555 301648 468314 resp 474611 907 pmu 1017415 529202 8266454 12245988 768788216
1790360106.336545 W 509 lat 296 1092 7833 0 exe 33314 137092 483499 resp 485851 402 pmu 1022533 532438 8273904 12155655 348208454
1790360107.272642 W 510 lat 296 2074 6833 0 exe 33611 246814 508351 resp 514092 787 pmu 1019458 653051 8269819 11506741 632654185
1790360108.312843 W 511 lat 296 3333 7759 0 exe 64351 303722 514666 resp 520777 932 pmu 1016034 610976 8259006 12322645 774074343
1790360109.356549 W 512 lat 296 3351 9629 0 exe 29888 290351 422851 resp 427870 919 pmu 1015260 532363 8257025 12836935 736777744
1790360110.292865 W 513 lat 296 999 8999 0 exe 19703 97611 508796 resp 513796 206 pmu 1021895 318470 8256666 11681517 258046770
1790360111.332534 W 514 lat 407 3907 8148 0 exe 75259 340907 470555 resp 473574 998 pmu 1015869 531526 8265497 11513616 859777364
1790360112.272564 W 515 lat 296 1333 6499 0 exe 27185 167666 504333 resp 508981 555 pmu 1021993 619542 8280254 12625228 432665394
1790360113.312512 W 516 lat 296 1796 7851 0 exe 31851 194444 464370 resp 465759 560 pmu 1020260 531929 8264592 11842788 505742498
1790360114.356587 W 517 lat 296 3055 9462 0 exe 55425 300537 511851 resp 516259 922 pmu 1017234 641031 8266952 11594218 758587878
1790360115.292594 W 518 lat 1796 3796 7722 0 exe 167925 327351 428222 resp 432111 1000 pmu 1013273 568244 8247583 12747007 825157772
1790360116.332750 W 519 lat 296 574 7833 0 exe 20333 62981 365888 resp 371777 135 pmu 1022726 295902 8259940 12604752 172377698
1790360117.372836 W 520 lat 314 4018 9185 0 exe 70148 340370 492055 resp 495833 995 pmu 1016189 535221 8268728 9911027 852792416
1790360118.308559 W 521 lat 296 1759 8722 0 exe 18759 177240 441999 resp 444999 549 pmu 1021192 491505 8271156 12820722 452380735
1790360119.352686 W 522 lat 296 1685 9018 0 exe 31129 190629 527203 resp 530574 535 pmu 1021020 553787 8269200 11230073 496664756
1790360120.288756 W 523 lat 296 2722 7703 0 exe 65407 281351 536814 resp 540907 906 pmu 1017973 673273 8264318 12214873 715834075
1790360121.328838 W 524 lat 1574 3851 7574 0 exe 227574 333425 431888 resp 436240 1000 pmu 1012760 578727 8243972 12938628 840922526
1790360122.372498 W 525 lat 296 1037 6814 0 exe 21129 102462 424351 resp 428055 230 pmu 1021262 354679 8258209 12971032 271529917
1790360123.308878 W 526 lat 296 3444 8870 0 exe 22740 312296 517037 resp 520981 867 pmu 1016580 550617 8265317 10682764 794766087
1790360124.360609 W 527 lat 296 1944 7296 0 exe 38148 208277 470240 resp 473537 673 pmu 1020533 550086 8277599 12690014 528886596
1790360125.314879 W 528 lat 296 1425 6851 0 exe 32499 177074 490185 resp 494444 554 pmu 1021408 579595 8273781 11760006 461894005
1790360126.372853 W 529 lat 296 2648 6870 0 exe 34351 263851 503703 resp 506555 852 pmu 1018246 615239 8269091 11775944 669489570
1790360127.320726 W 530 lat 1888 3944 9240 0 exe 216074 328240 430407 resp 436166 1000 pmu 1013234 567591 8251542 12354001 827375164
1790360128.360658 W 531 lat 296 1074 8611 0 exe 20296 104240 423203 resp 426814 266 pmu 1021606 350474 8263374 12890066 276028511
1790360129.296846 W 532 lat 296 3648 8499 0 exe 22999 317703 466759 resp 472999 926 pmu 1016826 530442 8267199 10684802 800356821
1790360130.336623 W 533 lat 296 1981 8592 0 exe 35814 213296 465851 resp 471925 625 pmu 1019887 564141 8265417 12226044 549373950
1790360131.272731 W 534 lat 296 1296 8981 0 exe 31814 151462 474055 resp 476611 444 pmu 1021564 563310 8270457 11749698 399669634
1790360132.316750 W 535 lat 296 2703 10148 0 exe 38703 256981 495018 resp 500722 860 pmu 1018743 566545 8271201 11484778 654415792
1790360133.356772 W 536 lat 1962 3870 8481 0 exe 211981 323074 408944 resp 413314 1000 pmu 1014214 552546 8260655 12285398 814023736
1790360134.296511 W 537 lat 296 1537 8444 0 exe 23999 146907 398796 resp 403407 408 pmu 1020305 456073 8261962 12618845 387195897
1790360135.332850 W 538 lat 296 2944 7907 0 exe 21666 265759 484166 resp 488240 721 pmu 1017974 461424 8258097 10678763 669744139
1790360136.372693 W 539 lat 296 2518 8555 0 exe 18888 250907 473240 resp 478388 739 pmu 1017945 578979 8261782 12116887 644347043
1790360137.308677 W 540 lat 296 981 7333 0 exe 33351 142407 520796 resp 523222 431 pmu 1022240 548322 8278195 11924991 368735560
1790360138.348735 W 541 lat 296 2462 7648 0 exe 66833 261777 499092 resp 502092 872 pmu 1019349 648269 8273780 11903997 676472498
1790360139.284793 W 542 lat 1666 3925 9148 0 exe 195444 329425 446703 resp 451518 1000 pmu 1013836 560239 8254389 12463742 829956168
1790360140.324563 W 543 lat 296 1944 8462 0 exe 34222 177499 422185 resp 426907 485 pmu 1019041 462562 8260131 12950274 459483544
1790360141.368874 W 544 lat 296 2370 7092 0 exe 20796 219499 476629 resp 479981 627 pmu 1018910 418241 8262157 11118982 559997234
1790360142.304615 W 545 lat 296 2611 7777 0 exe 35870 259833 469388 resp 475222 823 pmu 1018474 596371 8265296 11795418 666729925
1790360143.344637 W 546 lat 296 888 7259 0 exe 33259 128351 535999 resp 541740 349 pmu 1022591 534107 8273786 12015864 342588483
1790360144.284707 W 547 lat 296 2462 8870 0 exe 49333 241740 538962 resp 545222 826 pmu 1019032 589027 8270649 12001026 620128811
1790360145.320638 W 548 lat 1407 3777 8722 0 exe 134666 325185 477092 resp 481166 1000 pmu 1013775 571784 8251788 12696818 821870720
1790360146.360570 W 549 lat 296 1851 7370 0 exe 31333 170462 414296 resp 419499 487 pmu 1019265 448967 8258707 12921293 442088858
1790360147.296884 W 550 lat 296 2814 8574 0 exe 20425 245148 504333 resp 508129 699 pmu 1018708 433951 8265888 10987268 615680674
1790360148.336729 W 551 lat 296 2314 8999 0 exe 40722 227981 452777 resp 456574 731 pmu 1019405 536500 8267972 12210323 583837617
1790360149.276801 W 552 lat 296 1055 5537 0 exe 35370 149629 474888 resp 478537 463 pmu 1022368 572170 8276294 11709370 389777632
1790360150.344816 W 553 lat 296 2388 7462 0 exe 40592 255074 505074 resp 509296 886 pmu 1018886 647510 8261057 11489009 663250097
1790360151.284835 W 554 lat 1388 3777 7259 0 exe 172444 325259 454499 resp 458851 1000 pmu 1013539 570919 8247941 12363430 819874744
1790360152.324520 W 555 lat 296 1499 6388 0 exe 21444 138629 415092 resp 418907 403 pmu 1020283 391906 8257971 12878366 362514209
1790360153.272829 W 556 lat 296 3092 8129 0 exe 22296 279888 468777 resp 472518 814 pmu 1017006 505866 8254246 10773305 707346824
1790360154.312755 W 557 lat 296 2018 7018 0 exe 44518 218388 479777 resp 483074 686 pmu 1019982 580013 8267511 12036685 562809497
1790360155.352611 W 558 lat 296 1296 6259 0 exe 32796 165703 519592 resp 521759 553 pmu 1021662 578614 8276476 11936730 427166914
1790360156.288591 W 559 lat 296 2722 7574 0 exe 53962 294018 534722 resp 540074 923 pmu 1018508 685871 8271037 12001066 749967540
1790360157.328752 W 560 lat 1129 4018 7870 0 exe 131481 339037 556740 resp 560481 1000 pmu 1014348 575076 8254783 12929417 853484283
1790360158.372538 W 561 lat 296 1351 6648 0 exe 23296 119555 405333 resp 409814 348 pmu 1021148 340521 8257364 13764415 314651913
1790360159.308841 W 562 lat 296 3407 8574 0 exe 21055 294092 505722 resp 511425 896 pmu 1017986 513796 8270073 10593669 738068643
1790360160.348469 W 563 lat 296 1981 10814 0 exe 31092 206629 517833 resp 521259 650 pmu 1020276 583998 8270772 12484456 540040168
1790360161.284454 W 564 lat 296 296 759 0 exe 17055 21907 124740 resp 125499 5 pmu 1023466 66614 8255773 12209046 58714233
1790360162.328583 W 565 lat 296 296 481 0 exe 16925 20574 119629 resp 119962 15 pmu 1023461 50199 8254474 7212119 52834702
1790360163.368462 W 566 lat 296 444 5666 0 exe 18833 45592 476629 resp 479740 69 pmu 1023150 150241 8255510 7150258 114819584
1790360164.304434 W 567 lat 296 314 481 0 exe 18722 20981 44074 resp 44388 0 pmu 1023477 57873 8245928 10895376 55337531
1790360165.352460 W 568 lat 296 314 574 0 exe 18296 24870 106796 resp 107111 9 pmu 1023259 102209 8252296 6405530 62913236
1790360166.288441 W 569 lat 296 314 499 0 exe 18092 20851 50611 resp 50944 0 pmu 1023418 56327 8251882 7050440 52699470
1790360167.328461 W 570 lat 296 314 555 0 exe 21999 28925 105870 resp 106185 10 pmu 1023387 146676 8254994 6467029 72846434
1790360168.372437 W 571 lat 296 314 611 0 exe 18407 22166 57833 resp 58129 0 pmu 1023447 71185 8251317 7080052 55955979
1790360169.308457 W 572 lat 296 314 666 0 exe 18185 23907 106092 resp 106425 10 pmu 1023305 91104 8247602 6547926 60557230
1790360170.348441 W 573 lat 296 314 481 0 exe 18425 20870 45833 resp 46240 0 pmu 1023360 56463 8251288 7038539 52749652
1790360171.284459 W 574 lat 296 314 481 0 exe 19111 27018 104166 resp 104555 6 pmu 1023414 125647 8251972 6421393 68157499
1790360172.324437 W 575 lat 296 314 444 0 exe 19166 22333 46407 resp 46740 0 pmu 1023412 72021 8248663 7038866 56304817
1790360173.364457 W 576 lat 296 314 481 0 exe 18981 24277 105814 resp 106129 9 pmu 1023358 94944 8252366 6437597 61348295
1790360174.304439 W 577 lat 296 314 481 0 exe 18592 20777 43796 resp 44111 0 pmu 1023377 55156 8248029 7040721 52496187
1790360175.348459 W 578 lat 296 314 629 0 exe 18259 24629 108518 resp 108833 9 pmu 1023392 99326 8251538 6401019 62312595
1790360176.284444 W 579 lat 296 314 518 0 exe 18351 21333 57870 resp 58277 0 pmu 1023416 61669 8248454 7066527 53902357
1790360177.324457 W 580 lat 296 314 537 0 exe 18777 24037 106666 resp 106981 9 pmu 1023372 92723 8252998 6544021 60886715
1790360178.364441 W 581 lat 296 314 555 0 exe 18333 20851 44537 resp 44851 0 pmu 1023449 56103 8250139 7047288 52685266
1790360179.300456 W 582 lat 296 314 592 0 exe 18796 24166 107129 resp 107555 9 pmu 1023386 94079 8250620 6407760 61152483
1790360180.344436 W 583 lat 296 314 574 0 exe 18296 21129 44592 resp 44907 0 pmu 1023418 59298 8246638 7053416 53396983
1790360181.280458 W 584 lat 296 314 555 0 exe 18777 24277 106037 resp 106462 7 pmu 1023373 95326 8253455 6409699 61412231
1790360182.320439 W 585 lat 296 314 499 0 exe 18444 20888 43962 resp 44277 0 pmu 1023388 56779 8249555 7042867 52801812
1790360183.360457 W 586 lat 296 314 537 0 exe 18537 24518 106481 resp 106796 6 pmu 1023319 97924 8246491 6402559 61985262
1790360184.300436 W 587 lat 296 314 611 0 exe 18555 20814 50481 resp 50777 0 pmu 1023379 55812 8249160 7046647 52605413
1790360185.340461 W 588 lat 296 314 555 0 exe 18629 26777 106685 resp 106999 10 pmu 1023349 122431 8250629 6468327 67473706
1790360186.276441 W 589 lat 296 314 611 0 exe 18499 23111 44499 resp 44814 0 pmu 1023309 81320 8250390 7060672 58201554
1790360187.316458 W 590 lat 296 314 574 0 exe 18777 28481 107481 resp 107796 4 pmu 1023337 142802 8252564 6419645 71682380
1790360188.356437 W 591 lat 296 314 537 0 exe 18314 20740 45074 resp 45388 0 pmu 1023402 54772 8251923 7077837 52404153
1790360189.296458 W 592 lat 296 314 499 0 exe 18518 23981 107462 resp 107796 9 pmu 1023394 91971 8248932 6412410 60656786
1790360190.336441 W 593 lat 296 314 611 0 exe 18296 20740 41629 resp 41944 0 pmu 1023405 54799 8249183 7053536 52423472
1790360191.288461 W 594 lat 296 314 592 0 exe 19074 29574 105777 resp 106092 4 pmu 1023394 154499 8255494 6378231 74274465
1790360192.348438 W 595 lat 296 314 555 0 exe 18685 21240 59703 resp 60018 0 pmu 1023407 60411 8251738 7067930 53695755
1790360193.288457 W 596 lat 296 314 592 0 exe 18851 25592 107166 resp 107481 5 pmu 1023408 110295 8251973 6563153 64764886
1790360194.328441 W 597 lat 296 314 481 0 exe 18481 21796 63129 resp 63444 0 pmu 1023364 66900 8247113 7060715 55074175
1790360195.368460 W 598 lat 296 314 629 0 exe 18444 24388 106925 resp 107240 11 pmu 1023337 96149 8249731 6598827 61662094
1790360196.304435 W 599 lat 296 314 537 0 exe 18351 20870 49629 resp 49944 0 pmu 1023401 56420 8249238 7050397 52732089
1790360197.344464 W 600 lat 296 314 648 0 exe 18907 24796 107814 resp 108129 9 pmu 1023320 100050 8249331 6458779 62594657
1790360198.280442 W 601 lat 296 314 462 0 exe 18833 22462 55111 resp 55444 0 pmu 1023411 73636 8249516 7063660 56649417
1790360199.320460 W 602 lat 296 314 574 0 exe 18574 24555 107499 resp 107833 6 pmu 1023342 98085 8249241 6523684 62042953
1790360200.360435 W 603 lat 296 314 592 0 exe 18277 20796 48555 resp 48870 0 pmu 1023391 55192 8248527 7057392 52505223
1790360201.296461 W 604 lat 296 314 574 0 exe 18499 24037 108611 resp 108925 11 pmu 1023350 92380 8248783 6447665 60755904
1790360202.336441 W 605 lat 296 314 555 0 exe 18703 21259 49481 resp 49777 0 pmu 1023363 60733 8246427 7065438 53704863
1790360203.272469 W 606 lat 296 314 555 0 exe 18703 24833 108166 resp 108499 10 pmu 1023377 101219 8251877 6461146 62745257
1790360204.312448 W 607 lat 296 314 611 0 exe 18444 22314 84203 resp 84518 0 pmu 1023354 72841 8253097 7066083 56404612
1790360205.352464 W 608 lat 296 314 611 0 exe 18703 25092 107759 resp 108129 10 pmu 1023403 104359 8254537 6812488 63606887
1790360206.288443 W 609 lat 296 314 592 0 exe 20703 24185 47092 resp 47407 0 pmu 1023427 92648 8254840 7063677 60789167
1790360207.332458 W 610 lat 296 314 481 0 exe 19351 30907 104981 resp 105314 7 pmu 1023283 169958 8247412 6462102 77525498
1790360208.372438 W 611 lat 296 314 481 0 exe 18629 20907 45240 resp 45555 0 pmu 1023279 56765 8246668 7067339 52847807
1790360209.308456 W 612 lat 296 314 592 0 exe 18462 24444 107296 resp 107629 7 pmu 1023323 97624 8251648 6416314 61784585
1790360210.348442 W 613 lat 296 314 481 0 exe 18629 21462 46462 resp 46796 0 pmu 1023382 63123 8252781 7054367 54254021
1790360211.284458 W 614 lat 296 314 611 0 exe 18444 24018 105851 resp 106166 10 pmu 1023408 92277 8253475 6431284 60687614
1790360212.324438 W 615 lat 296 314 555 0 exe 18462 21296 45222 resp 45703 0 pmu 1023422 61448 8250873 7037580 53823387
1790360213.368457 W 616 lat 296 314 537 0 exe 18722 23962 107629 resp 107925 9 pmu 1023308 91786 8248442 6418318 60584896
1790360214.304439 W 617 lat 296 314 481 0 exe 18703 21203 45351 resp 45666 0 pmu 1023410 60042 8250578 7056124 53605576
1790360215.344459 W 618 lat 296 314 481 0 exe 18407 25203 104611 resp 104925 9 pmu 1023395 105860 8250321 6419083 63636794
1790360216.280439 W 619 lat 296 314 499 0 exe 22037 26092 48611 resp 48925 0 pmu 1023409 113613 8253982 7030245 65440677
1790360217.320457 W 620 lat 296 314 574 0 exe 18592 24777 108074 resp 108388 8 pmu 1023330 101251 8250699 6492966 62626841
1790360218.360443 W 621 lat 296 314 555 0 exe 18574 21259 51888 resp 52203 0 pmu 1023453 60938 8252300 7064253 53763808
1790360219.300459 W 622 lat 296 314 555 0 exe 20129 30722 105296 resp 105611 7 pmu 1023356 167345 8250701 6484477 77148062
1790360220.340440 W 623 lat 296 314 555 0 exe 18648 21203 48092 resp 48499 0 pmu 1023396 60333 8251005 7073800 53616541
1790360221.276467 W 624 lat 296 314 481 0 exe 18518 24481 106870 resp 107203 8 pmu 1023379 97633 8249696 6447021 61846516
1790360222.316460 W 625 lat 296 314 574 0 exe 18055 29814 141111 resp 141425 15 pmu 1023342 158096 8252223 7050027 75644832
1790360223.356457 W 626 lat 296 296 592 0 exe 17425 21777 124277 resp 124611 5 pmu 1023426 64347 8251987 7417072 55453115
1790360224.292475 W 627 lat 296 296 685 0 exe 17388 27444 149129 resp 149814 68 pmu 1023440 123514 8257734 7205903 70195466
1790360225.332459 W 628 lat 296 296 370 0 exe 17203 21870 112574 resp 112907 7 pmu 1023407 65903 8255274 7484599 55774395
