1790359596.099682 CONFIG performance 2400000
1790359604.463888 START e3 idle 1
1790359664.471856 END e3 idle 1 0
1790359666.490603 START e3 cache 1
1790359726.633630 END e3 cache 1 0
1790359728.653073 START e3 stream 1
1790359788.716754 END e3 stream 1 0
1790359790.741110 START e3 vm 1
1790359850.776495 END e3 vm 1 0
1790359852.795702 START e3 pwalk 1
1790359912.049977 END e3 pwalk 1 0
1790359914.068887 START e3 idle 2
1790359974.075534 END e3 idle 2 0
1790359976.094445 START e3 cache 2
1790360036.117510 END e3 cache 2 0
1790360038.136780 START e3 stream 2
1790360098.198617 END e3 stream 2 0
1790360100.217776 START e3 vm 2
1790360160.246466 END e3 vm 2 0
1790360162.265480 START e3 pwalk 2
1790360222.082440 END e3 pwalk 2 0
