1790952471.328217 875156 846890 867262
1790952476.336574 876042 847723 868214
1790952481.349653 877311 848978 869470
1790952486.357821 878574 850233 870727
1790952491.365782 879534 851487 871984
1790952496.373816 880806 852743 873243
1790952501.381788 882071 853995 874503
1790952506.389715 882754 854671 875161
1790952511.664824 882956 854883 875326
1790952516.832004 883164 855046 875516
1790952521.882928 883367 855210 875714
1790952527.237674 883558 855386 875897
1790952532.317099 883780 855548 876066
1790952537.411543 884015 855730 876266
1790952542.427480 885195 856888 877437
1790952547.453084 886464 858145 878698
1790952552.473040 887733 859403 879957
1790952557.492906 888999 860659 881216
1790952562.517103 890268 861920 882477
1790952567.541093 891536 863178 883737
1790952572.560876 892354 863966 884558
1790952577.576320 893618 865222 885815
1790952582.592393 894889 866478 887073
1790952587.609111 896155 867736 888335
1790952592.625481 897422 868994 889594
1790952597.654052 898694 870253 890854
1790952602.675429 899510 871060 891661
1790952607.796353 900799 872342 892945
1790952612.825009 902072 873603 894207
1790952617.851461 903342 874859 895467
1790952622.883580 904614 876119 896730
1790952627.931756 905889 877381 897996
1790952632.964341 906954 878437 899055
1790952637.983665 907979 879455 900076
1790952643.083624 909269 880736 901358
1790952648.146668 910546 882004 902631
1790952653.235981 911831 883277 903911
1790952658.303679 913106 884543 905182
1790952663.363757 914384 885810 906456
1790952668.441330 915215 886607 907265
1790952673.547691 916503 887890 908546
1790952678.558153 917767 889148 909801
1790952683.570024 919033 890406 911057
1790952688.581109 920295 891665 912312
1790952693.592098 921560 892923 913569
1790952698.640581 922383 893734 914397
1790952703.764871 923669 895009 915676
1790952708.898183 924969 896297 916963
1790952713.982071 926254 897568 918234
1790952719.132273 927552 898853 919523
1790952724.305453 928860 900150 920822
1790952729.384365 929873 901147 921827
1790952734.392048 930946 902217 922909
1790952739.399803 932209 903471 924163
1790952744.407436 933477 904727 925418
1790952749.415606 934741 905983 926674
1790952754.423549 936007 907238 927932
1790952759.431550 937270 908492 929102
1790952764.439314 937649 908842 929446
1790952769.651750 937876 909003 929611
1790952774.707745 938075 909216 929795
1790952779.762556 938289 909393 929965
1790952784.813487 938476 909599 930161
1790952789.864934 938685 909788 930347
1790952794.911477 939002 910091 930645
1790952799.940957 940270 911350 931907
1790952804.965075 941541 912608 933168
1790952809.984995 942804 913864 934429
1790952815.005001 944072 915121 935691
1790952820.027505 945341 916378 936951
1790952825.048684 946474 917501 938076
1790952830.057107 947410 918423 939017
1790952835.075553 948672 919676 940276
1790952840.092556 949927 920931 941533
1790952845.111205 951193 922181 942791
1790952850.126165 952460 923428 944048
1790952855.144559 953726 924675 945302
1790952860.164672 954549 925473 946100
1790952865.231625 955827 926741 947371
1790952870.296959 957106 928011 948641
1790952875.346650 958382 929274 949909
1790952880.393780 959659 930538 951175
1790952885.444629 960930 931802 952441
1790952890.482930 961754 932628 953264
1790952895.499753 963019 933883 954523
1790952900.580249 964304 935159 955804
1790952905.680278 965586 936432 957082
1790952910.762422 966875 937712 958362
1790952915.875759 968158 938987 959641
1790952920.925708 969368 940186 960844
1790952925.935331 970261 941051 961713
1790952930.979009 971531 942315 962976
1790952936.093075 972821 943598 964257
1790952941.103463 974085 944857 965513
1790952946.114135 975349 946112 966771
1790952951.126314 976618 947369 968027
1790952956.161555 977438 948180 968852
1790952961.423854 978764 949492 970171
1790952966.633057 980071 950791 971474
1790952971.801785 981378 952084 972772
1790952976.930060 982681 953379 974067
1790952982.111522 983978 954668 975359
1790952987.241464 984804 955477 976192
1790952992.249482 986070 956730 977448
1790952997.257343 987222 957988 978705
1790953002.265035 988489 959241 979961
1790953007.273984 989483 960494 981217
1790953012.282002 990746 961751 982472
1790953017.290172 991929 962920 983650
1790953022.298191 992102 963127 983808
1790953027.560107 992303 963311 984027
1790953032.624938 992520 963491 984199
1790953037.786851 992715 963670 984387
1790953042.825455 992937 963843 984532
1790953047.863510 993148 964039 984733
1790953052.943594 993775 964636 985328
1790953057.985177 995046 965894 986590
1790953063.009268 996317 967151 987851
1790953068.031852 997583 968409 989112
1790953073.055811 998852 969665 990375
1790953078.081302 1000120 970925 991634
1790953083.104871 1000923 971724 992422
1790953088.112500 1002190 972979 993677
1790953093.128282 1003457 974237 994935
1790953098.143420 1004725 975495 996193
1790953103.160899 1005992 976751 997454
1790953108.178196 1007259 978010 998712
1790953113.191933 1008528 979266 999970
1790953118.207367 1009335 980082 1000779
1790953123.233739 1010607 981342 1002044
1790953128.291971 1011882 982611 1003311
1790953133.345050 1013158 983876 1004581
1790953138.400560 1014431 985139 1005847
1790953143.452780 1015707 986403 1007117
1790953148.527632 1016522 987225 1007932
1790953153.575744 1017801 988491 1009198
1790953158.666394 1019085 989768 1010475
1790953163.780413 1020373 991046 1011754
1790953168.855647 1021658 992319 1013030
1790953173.919679 1022936 993585 1014302
1790953179.004596 1023809 994457 1015163
1790953184.013030 1025001 995648 1016342
1790953189.024264 1026264 996904 1017599
1790953194.035687 1027524 998164 1018856
1790953199.047242 1028790 999417 1020106
1790953204.058914 1030042 1000654 1021350
1790953209.070130 1031307 1001908 1022607
1790953214.210291 1032155 1002741 1023457
1790953219.447619 1033468 1004043 1024764
1790953224.564446 1034761 1005320 1026048
1790953229.698789 1036067 1006615 1027343
1790953234.864432 1037366 1007900 1028630
1790953239.987026 1038652 1009172 1029910
1790953245.088339 1039132 1009608 1030382
