1790952465.070911 CONFIG performance 2400000
1790952473.480193 START hc membarrier 1
1790952503.677917 END hc membarrier 1 0
1790952505.695259 START hc rmap 1
1790952535.841291 END hc rmap 1 0
1790952537.858687 START hc stack 1
1790952567.932881 END hc stack 1 0
1790952569.951824 START hc opcode 1
1790952599.974223 END hc opcode 1 0
1790952601.992733 START hc vm 1
1790952632.025657 END hc vm 1 0
1790952634.044457 START hc tlb-shootdown 1
1790952664.075791 END hc tlb-shootdown 1 0
1790952666.095310 START hc pipe 1
1790952696.117122 END hc pipe 1 0
1790952698.135575 START hc pipeherd 1
1790952728.216914 END hc pipeherd 1 0
1790952730.236712 START hc membarrier 2
1790952760.321534 END hc membarrier 2 0
1790952762.340427 START hc rmap 2
1790952792.399057 END hc rmap 2 0
1790952794.417132 START hc stack 2
1790952824.449037 END hc stack 2 0
1790952826.468623 START hc opcode 2
1790952856.491472 END hc opcode 2 0
1790952858.510507 START hc vm 2
1790952888.549335 END hc vm 2 0
1790952890.568708 START hc tlb-shootdown 2
1790952920.600927 END hc tlb-shootdown 2 0
1790952922.647821 START hc pipe 2
1790952952.669953 END hc pipe 2 0
1790952954.691503 START hc pipeherd 2
1790952984.752060 END hc pipeherd 2 0
1790952986.772488 START hc membarrier 3
1790953016.841632 END hc membarrier 3 0
1790953018.860831 START hc rmap 3
1790953048.917870 END hc rmap 3 0
1790953050.935705 START hc stack 3
1790953081.017725 END hc stack 3 0
1790953083.089795 START hc opcode 3
1790953113.171798 END hc opcode 3 0
1790953115.191602 START hc vm 3
1790953145.239806 END hc vm 3 0
1790953147.258606 START hc tlb-shootdown 3
1790953177.289946 END hc tlb-shootdown 3 0
1790953179.308503 START hc pipe 3
1790953209.331178 END hc pipe 3 0
1790953211.350187 START hc pipeherd 3
1790953241.433692 END hc pipeherd 3 0
