1790298594.238827 START s1 idle 1
1790298894.239750 END s1 idle 1 0
1790298894.241173 START s1 idle 2
1790299194.242358 END s1 idle 2 0
1790299194.243818 START s1 idle 3
1790299494.244964 END s1 idle 3 0
1790318155.824668 START s3 idle 1
1790318215.825869 END s3 idle 1 0
1790318217.828430 START s3 cache 1
1790318277.851884 END s3 cache 1 0
1790318279.853961 START s3 stream 1
1790318339.911987 END s3 stream 1 0
1790318341.914086 START s3 memcpy 1
1790318401.936279 END s3 memcpy 1 0
1790318403.938279 START s3 vm 1
1790318463.959135 END s3 vm 1 0
1790318465.961150 START s3 pwalk 1
1790318525.117904 END s3 pwalk 1 0
1790318527.120053 START s3 idle 2
1790318587.124644 END s3 idle 2 0
1790318589.127244 START s3 cache 2
1790318649.152036 END s3 cache 2 0
1790318651.154170 START s3 stream 2
1790318711.193659 END s3 stream 2 0
1790318713.195714 START s3 memcpy 2
1790318773.223046 END s3 memcpy 2 0
1790318775.225021 START s3 vm 2
1790318835.265438 END s3 vm 2 0
1790318837.267513 START s3 pwalk 2
1790318897.073890 END s3 pwalk 2 0
1790318899.076140 START s3 idle 3
1790318959.077098 END s3 idle 3 0
1790318961.079675 START s3 cache 3
1790319021.103346 END s3 cache 3 0
1790319023.105420 START s3 stream 3
1790319083.149568 END s3 stream 3 0
1790319085.151651 START s3 memcpy 3
1790319145.180274 END s3 memcpy 3 0
1790319147.182283 START s3 vm 3
1790319207.218296 END s3 vm 3 0
1790319209.220317 START s3 pwalk 3
1790319269.125286 END s3 pwalk 3 0
1790329175.178900 START s2 bitonicsort 1
1790329205.206936 END s2 bitonicsort 1 0
1790329207.216167 START s2 bsearch 1
1790329237.243129 END s2 bsearch 1 0
1790329239.254615 START s2 bubblesort 1
1790329269.278559 END s2 bubblesort 1 0
1790329271.288298 START s2 cache 1
1790329301.315289 END s2 cache 1 0
1790329303.327240 START s2 cachehammer 1
1790329333.358780 END s2 cachehammer 1 0
1790329335.369158 START s2 cacheline 1
1790329365.392747 END s2 cacheline 1 0
1790329367.402242 START s2 dekker 1
1790329397.424668 END s2 dekker 1 0
1790329399.434310 START s2 far-branch 1
1790329429.470425 END s2 far-branch 1 0
1790329431.480765 START s2 fibsearch 1
1790329461.507210 END s2 fibsearch 1 0
1790329463.517053 START s2 flushcache 1
1790329493.585872 END s2 flushcache 1 0
1790329495.595129 START s2 heapsort 1
1790329525.619258 END s2 heapsort 1 0
1790329527.629323 START s2 hsearch 1
1790329557.652738 END s2 hsearch 1 0
1790329559.662579 START s2 icache 1
1790329589.687739 END s2 icache 1 0
1790329591.793212 START s2 insertionsort 1
1790329622.042406 END s2 insertionsort 1 0
1790329624.051928 START s2 judy 1
1790329654.107613 END s2 judy 1 0
1790329656.117444 START s2 l1cache 1
1790329687.794535 END s2 l1cache 1 0
1790329689.804342 START s2 list 1
1790329719.830757 END s2 list 1 0
1790329721.839858 START s2 llc-affinity 1
1790329751.865818 END s2 llc-affinity 1 0
1790329753.875354 START s2 lockbus 1
1790329783.906252 END s2 lockbus 1 0
1790329785.919245 START s2 lsearch 1
1790329815.942485 END s2 lsearch 1 0
1790329817.953599 START s2 malloc 1
1790329848.097028 END s2 malloc 1 0
1790329850.118998 START s2 matrix 1
1790329880.245935 END s2 matrix 1 0
1790329882.256190 START s2 matrix-3d 1
1790329912.287994 END s2 matrix-3d 1 0
1790329914.297923 START s2 membarrier 1
1790329944.375437 END s2 membarrier 1 0
1790329946.387046 START s2 memcpy 1
1790329976.425942 END s2 memcpy 1 0
1790329978.435614 START s2 mergesort 1
1790330008.459091 END s2 mergesort 1 0
1790330010.468285 START s2 misaligned 1
1790330040.489938 END s2 misaligned 1 0
1790330042.499916 START s2 peterson 1
1790330072.522627 END s2 peterson 1 0
1790330074.532173 START s2 prefetch 1
1790330104.656766 END s2 prefetch 1 0
1790330106.666222 START s2 ptr-chase 1
1790330136.696524 END s2 ptr-chase 1 0
1790330138.706876 START s2 qsort 1
1790330168.730770 END s2 qsort 1 0
1790330170.739785 START s2 radixsort 1
1790330200.762724 END s2 radixsort 1 0
1790330202.772049 START s2 shellsort 1
1790330232.838832 END s2 shellsort 1 0
1790330234.847911 START s2 skiplist 1
1790330264.869784 END s2 skiplist 1 0
1790330266.880631 START s2 sparsematrix 1
1790330296.914604 END s2 sparsematrix 1 0
1790330298.925310 START s2 spinmem 1
1790330328.951654 END s2 spinmem 1 0
1790330330.960842 START s2 str 1
1790330360.982842 END s2 str 1 0
1790330362.992422 START s2 stream 1
1790330393.050579 END s2 stream 1 0
1790330395.060251 START s2 tree 1
1790330425.083805 END s2 tree 1 0
1790330427.094298 START s2 tsearch 1
1790330457.148668 END s2 tsearch 1 0
1790330459.157926 START s2 wcs 1
1790330489.180386 END s2 wcs 1 0
1790330491.190257 START s2 zlib 1
1790330521.529070 END s2 zlib 1 0
1790330523.538798 START s2 atomic 1
1790330553.618669 END s2 atomic 1 0
1790330555.628162 START s2 bad-altstack 1
1790330585.651119 END s2 bad-altstack 1 0
1790330587.661396 START s2 context 1
1790330624.987057 END s2 context 1 0
1790330627.035355 START s2 full 1
1790330657.201161 END s2 full 1 0
1790330659.219939 START s2 mcontend 1
1790330689.367437 END s2 mcontend 1 0
1790330691.377495 START s2 memfd 1
1790330721.419025 END s2 memfd 1 0
1790330723.428864 START s2 memrate 1
1790330753.902474 END s2 memrate 1 0
1790330755.923456 START s2 memthrash 1
1790330791.867675 END s2 memthrash 1 0
1790330793.891004 START s2 mincore 1
1790330823.968549 END s2 mincore 1 0
1790330825.978936 START s2 null 1
1790330856.000554 END s2 null 1 0
1790330858.010349 START s2 numa 1
1790330888.034294 END s2 numa 1 0
1790330890.051876 START s2 pipe 1
1790330920.074570 END s2 pipe 1 0
1790330922.084366 START s2 pipeherd 1
1790330952.335392 END s2 pipeherd 1 0
1790330954.345874 START s2 randlist 1
1790330984.416351 END s2 randlist 1 0
1790330986.427433 START s2 remap 1
1790331016.460714 END s2 remap 1 0
1790331018.470755 START s2 rmap 1
1790331048.528668 END s2 rmap 1 0
1790331050.538449 START s2 stack 1
1790331080.581658 END s2 stack 1 0
1790331082.591311 START s2 stackmmap 1
1790331112.616529 END s2 stackmmap 1 0
1790331114.626892 START s2 tlb-shootdown 1
1790331144.665971 END s2 tlb-shootdown 1 0
1790331146.674497 START s2 vm 1
1790331176.841081 END s2 vm 1 0
1790331178.853655 START s2 vm-addr 1
1790331211.534261 END s2 vm-addr 1 0
1790331213.544232 START s2 vm-rw 1
1790331243.578354 END s2 vm-rw 1 0
1790331245.587972 START s2 vm-segv 1
1790331275.611718 END s2 vm-segv 1 0
1790331277.621637 START s2 zero 1
1790331307.643646 END s2 zero 1 0
1790331309.653174 START s2 af-alg 1
1790331339.678372 END s2 af-alg 1 0
1790331341.688421 START s2 besselmath 1
1790331372.144076 END s2 besselmath 1 0
1790331374.153776 START s2 bitops 1
1790331404.175616 END s2 bitops 1 0
1790331406.188965 START s2 branch 1
1790331436.211409 END s2 branch 1 0
1790331438.221444 START s2 cpu 1
1790331468.349768 END s2 cpu 1 0
1790331470.359759 START s2 crypt 1
1790331500.384129 END s2 crypt 1 0
1790331502.393562 START s2 dfp 1
1790331532.467700 END s2 dfp 1 0
1790331534.476903 START s2 easy-opcode 1
1790331564.503222 END s2 easy-opcode 1 0
1790331566.512646 START s2 eigen 1
1790331596.577556 END s2 eigen 1 0
1790331598.593918 START s2 expmath 1
1790331628.648719 END s2 expmath 1 0
1790331630.665865 START s2 factor 1
1790331660.694848 END s2 factor 1 0
1790331662.711550 START s2 fma 1
1790331692.740311 END s2 fma 1 0
1790331694.756325 START s2 fp 1
1790331724.831985 END s2 fp 1 0
1790331726.841541 START s2 fp-error 1
1790331756.863724 END s2 fp-error 1 0
1790331758.873542 START s2 fractal 1
1790331788.896021 END s2 fractal 1 0
1790331790.905699 START s2 funccall 1
1790331820.955061 END s2 funccall 1 0
1790331823.004927 START s2 funcret 1
1790331853.032633 END s2 funcret 1 0
1790331855.042064 START s2 getrandom 1
1790331885.063579 END s2 getrandom 1 0
1790331887.072964 START s2 goto 1
1790331917.094462 END s2 goto 1 0
1790331919.104213 START s2 hash 1
1790331949.126109 END s2 hash 1 0
1790331951.135506 START s2 hyperbolic 1
1790331981.187638 END s2 hyperbolic 1 0
1790331983.197106 START s2 intmath 1
1790332013.219233 END s2 intmath 1 0
1790332015.228760 START s2 jpeg 1
1790332045.252337 END s2 jpeg 1 0
1790332047.261617 START s2 logmath 1
1790332077.332675 END s2 logmath 1 0
1790332079.345526 START s2 longjmp 1
1790332109.368269 END s2 longjmp 1 0
1790332111.378884 START s2 monte-carlo 1
1790332141.423298 END s2 monte-carlo 1 0
1790332143.432430 START s2 mpfr 1
1790332173.456852 END s2 mpfr 1 0
1790332175.466500 START s2 nop 1
1790332205.492166 END s2 nop 1 0
1790332207.503340 START s2 opcode 1
1790332237.641376 END s2 opcode 1 0
1790332239.663576 START s2 powmath 1
1790332269.882703 END s2 powmath 1 0
1790332271.892432 START s2 prime 1
1790332301.914416 END s2 prime 1 0
1790332303.923647 START s2 regex 1
1790332333.948089 END s2 regex 1 0
1790332335.957631 START s2 regs 1
1790332365.979228 END s2 regs 1 0
1790332367.988023 START s2 rotate 1
1790332398.013091 END s2 rotate 1 0
1790332400.028592 START s4 unixbench 1
1790335767.989492 END s4 unixbench 1 0
