1790950579.105032 <missed 106249 bytes of console log>
1790950579.105135 irqs: 64, preallocated irqs: 0
1790950579.105165 Root IRQ handler: 0xffff800080010000
1790950579.105201 rcu: srcu_init: Setting srcu_struct sizes based on contention.
1790950579.105240 arch_timer: cp15 timer(s) running at 54.00MHz (virt).
1790950579.105297 clocksource: arch_sys_counter: mask: 0xffffffffffffff max_cycles: 0xc743ce346, max_idle_ns: 440795203123 ns
1790950579.105344 sched_clock: 56 bits at 54MHz, resolution 18ns, wraps every 4398046511102ns
1790950579.105372 printk: legacy console [hvc0] enabled
1790950579.105403 printk: legacy bootconsole [jailhouse0] disabled
1790950579.105454 Calibrating delay loop (skipped), value calculated using timer frequency.. 108.00 BogoMIPS (lpj=54000)
1790950579.105482 pid_max: default: 4096 minimum: 301
1790950579.105519 Mount-cache hash table entries: 512 (order: 0, 4096 bytes, linear)
1790950579.105559 Mountpoint-cache hash table entries: 512 (order: 0, 4096 bytes, linear)
1790950579.105592 cacheinfo: Unable to detect cache hierarchy for CPU 0
1790950579.105620 rcu: Hierarchical SRCU implementation.
1790950579.105648 rcu: 	Max phase no-delay instances is 400.
1790950579.105674 smp: Bringing up secondary CPUs ...
1790950579.105698 smp: Brought up 1 node, 1 CPU
1790950579.105724 SMP: Total of 1 processors activated.
1790950579.105752 CPU features: detected: 32-bit EL0 Support
1790950579.105795 CPU features: detected: Data cache clean to the PoU not required for I/D coherence
1790950579.105825 CPU features: detected: CRC32 instructions
1790950579.105859 CPU features: detected: RCpc load-acquire (LDAPR)
1790950579.105895 CPU features: detected: Speculative Store Bypassing Safe (SSBS)
1790950579.105929 spectre-bhb mitigation disabled by compile time option
1790950579.105954 CPU: All CPU(s) started at EL1
1790950579.105984 alternatives: applying system-wide alternatives
1790950579.106004 devtmpfs: initialized
1790950579.106052 clocksource: jiffies: mask: 0xffffffff max_cycles: 0xffffffff, max_idle_ns: 1911260446275000 ns
1790950579.106088 futex hash table entries: 16 (order: -2, 1024 bytes, linear)
1790950579.106129 DMA: preallocated 128 KiB GFP_KERNEL pool for atomic allocations
1790950579.106165 hw-breakpoint: found 6 breakpoint and 4 watchpoint registers.
1790950579.106195 ASID allocator initialised with 65536 entries
1790950579.106228 clocksource: Switched to clocksource arch_sys_counter
1790950579.106262 workingset: timestamp_bits=62 max_order=13 bucket_order=0
1790950579.106286 clk: Disabling unused clocks
1790950579.106311 Freeing unused kernel memory: 1728K
1790950579.106333 Run /init as init process
1790950579.106372 linux-guest: 6.6.78-rt51+, cyclictest windows of 1 s, deadline 100 us
1790950580.251301 L 1000 1 2 8 0
1790950581.291259 L 1000 1 1 11 0
1790950582.331291 L 1000 1 1 13 0
1790950583.371492 L 1000 1 1 2 0
1790950584.515283 L 1000 1 1 12 0
1790950585.559307 L 1000 1 1 12 0
1790950586.603287 L 1000 1 1 22 0
1790950587.331309 [MG] memguard_call 1000 5000 1 (CPU 0)
1790950587.331374 [MG] memguard_call 1000 5000 1 (CPU 1)
1790950587.331402 [MG] memguard_call 1000 5000 1 (CPU 2)
1790950587.643547 L 1000 1 1 11 0
1790950588.787285 L 1000 1 1 14 0
1790950589.827264 L 1000 1 1 3 0
1790950590.867286 L 1000 1 1 13 0
1790950592.011264 L 1000 1 1 3 0
1790950593.051284 L 1000 1 1 14 0
1790950594.091276 L 1000 1 1 7 0
1790950595.131300 L 1000 1 1 14 0
1790950596.275281 L 1000 1 1 12 0
1790950597.315270 L 1000 1 1 13 0
1790950598.355295 L 1000 1 1 13 0
1790950599.395266 L 1000 1 1 12 0
1790950600.543285 L 1000 1 1 2 0
1790950601.583263 L 1000 1 1 10 0
1790950602.623284 L 1000 1 1 13 0
1790950603.663264 L 1000 1 1 14 0
1790950604.811292 L 1000 1 1 3 0
1790950605.851288 L 1000 1 1 12 0
1790950606.891283 L 1000 1 1 13 0
1790950607.931264 L 1000 1 1 13 0
1790950609.075282 L 1000 1 1 10 0
1790950610.115272 L 1000 1 1 12 0
1790950611.159283 L 1000 1 1 13 0
1790950612.199260 L 1000 1 1 13 0
1790950613.343288 L 1000 1 1 3 0
1790950614.383260 L 1000 1 1 12 0
1790950615.423292 L 1000 1 1 14 0
1790950616.463396 L 1000 1 1 3 0
1790950617.607282 L 1000 1 1 13 0
1790950618.651317 L 1000 1 1 11 0
1790950619.691264 L 1000 1 1 9 0
1790950620.731541 L 1000 1 1 12 0
1790950621.875293 L 1000 1 1 14 0
1790950622.915289 L 1000 1 1 3 0
1790950623.955261 L 1000 1 1 12 0
1790950624.995302 L 1000 1 1 14 0
1790950626.143294 L 1000 1 1 17 0
1790950627.183283 L 1000 1 1 11 0
1790950628.223264 L 1000 1 1 11 0
1790950629.267416 L 1000 1 1 12 0
1790950630.411288 L 1000 1 1 3 0
1790950631.451281 L 1000 1 1 12 0
1790950632.491266 L 1000 1 1 14 0
1790950633.635281 L 1000 1 1 12 0
1790950634.675277 L 1000 1 1 11 0
1790950635.715288 L 1000 1 1 13 0
1790950636.755267 L 1000 1 1 14 0
1790950637.899283 L 1000 1 1 8 0
1790950638.939275 L 1000 1 1 12 0
1790950639.979283 L 1000 1 1 3 0
1790950641.019285 L 1000 1 1 17 0
1790950642.163292 L 1000 1 1 4 0
1790950643.203291 L 1000 1 1 14 0
1790950644.243263 L 1000 1 1 12 0
1790950645.283288 L 1000 1 1 13 0
1790950646.427286 L 1000 1 1 12 0
1790950647.467295 L 1000 1 1 13 0
1790950648.507263 L 1000 1 1 7 0
1790950649.555302 L 1000 1 1 13 0
1790950650.719632 L 1000 1 1 20 0
1790950651.751302 L 1000 1 2 22 0
1790950652.799644 L 1000 1 1 10 0
1790950653.839313 L 1000 1 2 16 0
1790950654.987778 L 1000 1 1 33 0
1790950656.035874 L 1000 1 2 13 0
1790950657.087295 L 1000 1 6 48 0
1790950658.135813 L 1000 1 1 14 0
1790950659.175804 L 1000 1 7 39 0
1790950660.335620 L 1000 1 6 33 0
1790950661.375299 L 1000 1 3 25 0
1790950662.419360 L 1000 1 1 10 0
1790950663.463867 L 1000 1 3 18 0
1790950664.607303 L 1000 1 1 29 0
1790950665.659299 L 1000 1 2 14 0
1790950666.703314 L 1000 1 2 16 0
1790950667.747310 L 1000 1 3 16 0
1790950668.891295 L 1000 1 1 14 0
1790950669.939317 L 1000 1 3 27 0
1790950670.987295 L 1000 1 2 15 0
1790950672.035299 L 1000 1 3 23 0
1790950673.083844 L 1000 1 2 26 0
1790950674.227301 L 1000 1 6 29 0
1790950675.271317 L 1000 1 1 13 0
1790950676.315302 L 1000 1 6 31 0
1790950677.459291 L 1000 1 1 14 0
1790950678.507315 L 1000 1 2 18 0
1790950679.547298 L 1000 1 1 13 0
1790950680.603638 L 1000 1 2 17 0
1790950681.647648 L 1000 1 2 31 0
1790950682.795646 L 1000 1 1 9 0
1790950683.839298 L 1000 1 3 42 0
1790950684.879299 L 1000 1 1 10 0
1790950685.927840 L 1000 1 3 17 0
1790950687.071302 L 1000 1 2 40 0
1790950688.115296 L 1000 1 2 12 0
1790950689.163329 L 1000 1 3 26 0
1790950690.209364 L 1000 1 6 26 0
1790950691.359643 L 1000 1 2 31 0
1790950692.407365 L 1000 1 5 26 0
1790950693.460265 L 1000 1 4 26 0
1790950694.499654 L 1000 1 8 43 0
1790950695.647597 L 1000 1 4 46 0
1790950696.691616 L 1000 1 4 43 0
1790950697.739651 L 1000 1 2 23 0
1790950698.787834 L 1000 1 4 37 0
1790950699.943362 L 1000 1 2 13 0
1790950700.991381 L 1000 1 4 39 0
1790950702.039385 L 1000 1 2 16 0
1790950703.079326 L 1000 1 2 15 0
1790950704.235664 L 1000 1 7 26 0
1790950705.283349 L 1000 1 2 20 0
1790950706.331367 L 1000 1 4 42 0
1790950707.383552 L 1000 1 3 27 0
1790950708.435358 L 1000 1 4 42 0
1790950709.495784 L 1000 1 7 32 0
1790950710.639289 L 1000 1 1 13 0
1790950711.679306 L 1000 1 1 14 0
1790950712.723516 L 1000 1 9 19 0
1790950713.867529 L 1000 1 2 14 0
1790950714.907491 L 1000 1 3 17 0
1790950715.947747 L 1000 3 10 35 0
1790950717.098243 L 1000 2 9 31 0
1790950718.135543 L 1000 2 9 22 0
1790950719.175792 L 1000 4 10 35 0
1790950720.323523 L 1000 2 9 21 0
1790950721.364058 L 1000 2 9 36 0
1790950722.403548 L 1000 2 9 33 0
1790950723.548044 L 1000 4 10 35 0
1790950724.612051 L 1000 3 10 38 0
1790950725.671431 L 1000 2 10 36 0
1790950726.731808 L 1000 3 10 44 0
1790950727.799538 L 1000 3 10 35 0
1790950728.964025 L 1000 4 10 35 0
1790950730.011426 L 1000 2 9 32 0
1790950731.055546 L 1000 3 10 32 0
1790950732.207988 L 1000 3 10 38 0
1790950733.263567 L 1000 1 2 31 0
1790950734.323977 L 1000 3 10 37 0
1790950735.391437 L 1000 4 10 35 0
1790950736.443796 L 1000 3 10 43 0
1790950737.595520 L 1000 4 10 33 0
1790950738.639503 L 1000 2 9 34 0
1790950739.695950 L 1000 4 11 39 0
1790950740.851952 L 1000 1 9 29 0
1790950741.899523 L 1000 4 10 36 0
1790950742.943928 L 1000 4 10 43 0
1790950743.999477 L 1000 2 9 33 0
1790950745.163935 L 1000 1 3 15 0
1790950746.203932 L 1000 4 10 36 0
1790950747.255920 L 1000 4 10 35 0
1790950748.315955 L 1000 2 9 36 0
1790950749.471923 L 1000 2 9 35 0
1790950750.511905 L 1000 1 4 21 0
1790950751.551999 L 1000 1 2 19 0
1790950752.699942 L 1000 2 9 21 0
1790950753.739891 L 1000 1 4 22 0
1790950754.779882 L 1000 4 10 36 0
1790950755.927876 L 1000 1 2 12 0
1790950756.967881 L 1000 3 10 39 0
1790950758.007726 L 1000 1 3 17 0
1790950759.151875 L 1000 2 9 31 0
1790950760.195908 L 1000 3 9 34 0
1790950761.339872 L 1000 3 9 41 0
1790950762.379834 L 1000 1 3 35 0
1790950763.419867 L 1000 3 9 23 0
1790950764.567850 L 1000 1 3 15 0
1790950765.611823 L 1000 1 3 30 0
1790950766.651831 L 1000 4 10 34 0
1790950767.799830 L 1000 2 10 34 0
1790950768.839821 L 1000 3 9 37 0
1790950769.880759 L 1000 2 10 27 0
1790950771.023853 L 1000 1 7 32 0
1790950772.067295 L 1000 1 7 28 0
1790950773.107265 L 1000 1 1 13 0
1790950774.259804 L 1000 1 3 32 0
1790950775.307860 L 1000 1 15 42 0
1790950776.343779 L 1000 2 10 31 0
1790950777.503376 L 1000 1 11 54 0
1790950778.560099 L 1000 1 3 22 0
1790950779.607546 L 1000 4 17 66 0
1790950780.659493 L 1000 1 5 35 0
1790950781.823356 L 1000 1 11 36 0
1790950782.868027 L 1000 2 11 37 0
1790950783.907785 L 1000 2 13 70 0
1790950785.063926 L 1000 1 8 42 0
1790950786.124722 L 1000 2 4 22 0
1790950787.167422 L 1000 1 4 25 0
1790950788.223760 L 1000 1 8 37 0
1790950789.383764 L 1000 1 11 30 0
1790950790.423317 L 1000 8 17 48 0
1790950791.476013 L 1000 1 4 31 0
1790950792.528124 L 1000 2 6 24 0
1790950793.683564 L 1000 1 4 19 0
1790950794.739801 L 1000 1 8 26 0
1790950795.787607 L 1000 1 12 76 0
1790950796.931645 L 1000 2 16 54 0
1790950797.983661 L 1000 1 5 53 0
1790950799.036069 L 1000 1 7 34 0
1790950800.087858 L 1000 1 3 18 0
1790950801.247594 L 1000 1 5 39 0
1790950802.295844 L 1000 2 11 37 0
1790950803.343929 L 1000 2 17 46 0
1790950804.391996 L 1000 2 13 48 0
1790950805.536071 L 1000 1 6 30 0
1790950806.583517 L 1000 2 11 37 0
1790950807.659321 L 1000 1 7 59 0
1790950808.711607 L 1000 1 9 32 0
1790950809.855821 L 1000 1 14 44 0
1790950810.895624 L 1000 1 8 33 0
1790950811.935880 L 1000 1 6 62 0
1790950813.083501 L 1000 1 3 20 0
1790950814.119543 L 1000 1 5 30 0
1790950815.184637 L 1000 1 7 49 0
1790950816.335851 L 1000 1 14 30 0
1790950817.383557 L 1000 1 13 61 0
1790950818.443324 L 1000 1 5 23 0
1790950819.483797 L 1000 1 14 32 0
1790950820.631577 L 1000 1 10 32 0
1790950821.699687 L 1000 1 6 32 0
1790950822.751628 L 1000 1 15 32 0
1790950823.799495 L 1000 1 10 35 0
1790950824.847446 L 1000 1 6 41 0
1790950825.994408 L 1000 1 11 32 0
1790950827.031385 L 1000 1 4 27 0
1790950828.071527 L 1000 1 8 29 0
1790950829.219751 L 1000 1 14 36 0
1790950830.259614 L 1000 1 10 46 0
1790950831.299357 L 1000 1 6 29 0
1790950832.447552 L 1000 1 11 33 0
1790950833.487418 L 1000 2 13 35 0
1790950834.527284 L 1000 1 2 26 0
1790950835.671263 L 1000 1 1 10 0
1790950835.983332 [MG] memguard_call 0 0 0 (CPU 0)
1790950835.983394 [MG] memguard_call 0 0 0 (CPU 1)
1790950835.983420 [MG] memguard_call 0 0 0 (CPU 2)
1790950836.711285 L 1000 1 1 14 0
1790950837.751283 L 1000 1 1 13 0
1790950838.088047 Closing cell "linux-guest"
1790950838.088126 [MG] Initializing memguard on CPU 3
1790950838.088154 [SMMUv2] Exiting SMMUv2 on cell 1
1790950838.088225 [COL] Colored OP 1: PHYS 0x30000000 -> VIRT 0x30000000 (SIZE: 0x02000000, COL: 0x000000ff, extra: 0x0000000000000000)
1790950838.088275 [COL] Result: 0
1790950838.088473 [COL] Colored OP 4: PHYS 0x30000000 -> VIRT 0x30000000 (SIZE: 0x02000000, COL: 0x000000ff, extra: 0x0000000000000001)
1790950838.088525 [COL] Result: 0
1790950838.088580 Page pool usage after cell destruction: mem 142/4061, remap 5/131072
1790950838.088611 [MG] Initializing memguard on CPU 3
1790950838.405477 [MG] Initializing memguard on CPU 3
1790950838.405579 [COL] Colored OP 0: PHYS 0x30000000 -> VIRT 0x30000000 (SIZE: 0x02000000, COL: 0x000000ff, extra: 0x0000000000000000)
1790950838.405614 [COL] Result: 0
1790950838.405638 [MG] Initializing memguard on CPU 3
1790950838.405658 Created cell "linux-guest"
1790950838.405696 Page pool usage after cell creation: mem 170/4061, remap 5/131072
