1790950585.092128 758417 742130 755194
1790950590.106119 758764 742414 755340
1790950595.144448 758913 742498 755423
1790950600.166306 759051 742579 755496
1790950605.188309 759169 742714 755599
1790950610.209370 759267 742813 755731
1790950615.237265 759376 742919 755867
1790950620.259814 759461 743007 755973
1790950625.281239 759593 743174 756114
1790950630.303157 759689 743308 756208
1790950635.325135 759826 743457 756324
1790950640.346069 759953 743556 756420
1790950645.366999 760111 743629 756533
1790950650.391855 760490 743808 756740
1790950655.470931 761087 744090 757524
1790950660.507768 762062 744755 758372
1790950665.555626 762754 745279 759256
1790950670.588580 763542 745797 760198
1790950675.640821 764480 746304 761069
1790950680.688818 765091 746742 761908
1790950685.739492 765814 747224 762724
1790950690.784506 766641 747806 763675
1790950695.839380 767593 748469 764642
1790950700.868452 768535 749035 765664
1790950705.908204 769496 749722 766620
1790950710.947187 770266 750308 767404
1790950715.976251 771394 751428 768522
1790950721.121380 772696 752717 769813
1790950726.189114 773974 753985 771084
1790950731.257116 775254 755255 772354
1790950736.324127 776532 756524 773624
1790950741.384171 777808 757790 774893
1790950746.449929 779088 759062 776166
1790950751.520017 780369 760331 777436
1790950756.585884 781648 761600 778708
1790950761.657053 782931 762869 779979
1790950766.721048 784211 764136 781249
1790950771.779413 785486 765398 782517
1790950776.808754 786310 766220 783335
1790950781.870081 787591 767487 784607
1790950786.944970 788869 768759 785880
1790950791.993049 790141 770024 787146
1790950797.059706 791420 771291 788418
1790950802.109854 792697 772557 789688
1790950807.165532 793970 773822 790959
1790950812.224099 795244 775089 792227
1790950817.288845 796522 776360 793498
1790950822.347583 797799 777626 794767
1790950827.403909 799074 778892 796037
1790950832.459510 800352 780159 797304
1790950837.515197 800867 780632 797766
