1790940167.354374 <missed 148267 bytes of console log>
1790940167.354471 126538 8298628 4139822 70891281
1790940167.354531 W 670 lat 555 574 1129 0 exe 20648 27074 115351 resp 116296 18 pmu 1024464 111884 8293194 4139690 68176733
1790940167.354588 W 671 lat 555 574 814 0 exe 20777 24962 59648 resp 60240 0 pmu 1024668 88495 8294351 4139822 62018442
1790940167.354642 W 672 lat 574 574 925 0 exe 20277 28592 132833 resp 133425 21 pmu 1024393 127877 8291426 4139657 72101641
1790940167.354693 W 673 lat 574 574 759 0 exe 19962 24962 63000 resp 63592 0 pmu 1024518 88650 8292148 4139789 62233029
1790940167.354746 W 674 lat 574 574 981 0 exe 20481 26740 123777 resp 124759 19 pmu 1024451 107826 8294804 4139657 67324736
1790940167.354798 W 675 lat 574 574 759 0 exe 19703 29333 129037 resp 129759 28 pmu 1024486 137738 8297044 4139789 73204138
1790940167.354850 W 676 lat 574 574 1074 0 exe 18370 23666 112703 resp 113777 9 pmu 1024469 73087 8291946 4139789 58511299
1790940167.354872 Closing cell "zephyr"
1790940167.354897 [MG] Initializing memguard on CPU 3
1790940167.354922 [SMMUv2] Exiting SMMUv2 on cell 1
1790940167.354978 [COL] Colored OP 1: PHYS 0x30000000 -> VIRT 0x30000000 (SIZE: 0x00800000, COL: 0x000000ff, extra: 0x0000000000000000)
1790940167.354999 [COL] Result: 0
1790940167.355054 [COL] Colored OP 4: PHYS 0x30000000 -> VIRT 0x30000000 (SIZE: 0x00800000, COL: 0x000000ff, extra: 0x0000000000000001)
1790940167.355074 [COL] Result: 0
1790940167.355113 Page pool usage after cell destruction: mem 93/4061, remap 5/131072
1790940167.355140 [MG] Initializing memguard on CPU 3
1790940167.355166 [MG] Initializing memguard on CPU 3
1790940167.355221 [COL] Colored OP 0: PHYS 0x30000000 -> VIRT 0x30000000 (SIZE: 0x00800000, COL: 0x000000ff, extra: 0x0000000000000000)
1790940167.355241 [COL] Result: 0
1790940167.355266 [MG] Initializing memguard on CPU 3
1790940167.355286 Created cell "zephyr"
1790940167.355322 Page pool usage after cell creation: mem 108/4061, remap 5/131072
1790940167.355378 [COL] Colored OP 3: PHYS 0x30000000 -> VIRT 0x30000000 (SIZE: 0x00800000, COL: 0x000000ff, extra: 0x0000000000000000)
1790940167.355406 [MG] Initializing memguard on CPU 3
1790940167.355424 [COL] Result: 0
1790940167.355446 Cell "zephyr" can be loaded
1790940167.355501 [COL] Colored OP 2: PHYS 0x30000000 -> VIRT 0x30000000 (SIZE: 0x00800000, COL: 0x000000ff, extra: 0x0000000000000000)
1790940167.355521 [COL] Result: 0
1790940167.355576 [COL] Colored OP 4: PHYS 0x30000000 -> VIRT 0x30000000 (SIZE: 0x00800000, COL: 0x000000ff, extra: 0x0000000000000001)
1790940167.355596 [COL] Result: 0
1790940167.355615 Started cell "zephyr"
1790940167.355640 [MG] Initializing memguard on CPU 3
1790940167.456491 *** Booting Zephyr OS build f0bdf59a0b7d ***
1790940167.456585 rt-bench (zephyr): ws 768 KB, 1024 loads/period, window 1000, period 1000 us
1790940168.396497 W 0 lat 629 888 2685 0 exe 26351 38537 132462 resp 133407 44 pmu 1024274 137706 8285585 4137163 61702948
1790940169.436466 W 1 lat 574 574 814 0 exe 18537 25222 137481 resp 138074 5 pmu 1024404 89926 8287659 4139756 61766225
1790940170.372489 W 2 lat 574 574 814 0 exe 18611 23592 124851 resp 125462 9 pmu 1024300 71531 8287416 4139657 58294529
1790940171.412469 W 3 lat 574 574 703 0 exe 18351 22888 87870 resp 88462 0 pmu 1024450 63959 8292268 4139657 56277999
1790940172.452489 W 4 lat 574 574 1277 0 exe 18555 23722 113481 resp 114166 10 pmu 1024373 73418 8292632 4139591 58657826
1790940173.388508 W 5 lat 574 574 592 0 exe 18222 21444 68944 resp 69518 0 pmu 1024433 47323 8297202 4139723 52762242
1790940174.451505 W 6 lat 574 851 7148 0 exe 19722 138481 481018 resp 485074 459 pmu 1023301 764880 8292949 4145585 358130506
1790940175.368507 W 7 lat 574 574 3203 0 exe 18574 26148 317611 resp 320814 9 pmu 1024337 85523 8293613 4140003 64537200
1790940176.408489 W 8 lat 574 574 1370 0 exe 18574 32000 118685 resp 119870 49 pmu 1024120 168015 8291319 4139727 80363903
1790940177.448461 W 9 lat 574 574 611 0 exe 18407 21203 53703 resp 54277 0 pmu 1024403 44317 8301601 4139756 52133027
1790940178.384491 W 10 lat 555 574 925 0 exe 18500 23296 124240 resp 124925 8 pmu 1024369 68140 8292140 4139591 57612589
1790940179.424466 W 11 lat 574 574 611 0 exe 18314 21500 55962 resp 56555 0 pmu 1024431 47922 8291368 4139690 52869617
1790940180.464486 W 12 lat 574 574 1203 0 exe 18703 23592 120518 resp 121407 8 pmu 1024356 71716 8293713 4139624 58325538
1790940181.400478 W 13 lat 574 574 592 0 exe 18370 21240 51962 resp 52537 0 pmu 1024439 45077 8296617 4139723 52237868
1790940182.440486 W 14 lat 574 574 851 0 exe 17925 24018 116296 resp 116870 9 pmu 1024370 76966 8296027 4139624 59343187
1790940183.376465 W 15 lat 574 574 592 0 exe 18018 21240 51148 resp 51722 0 pmu 1024429 45054 8293773 4139690 52230445
1790940184.420486 W 16 lat 574 574 962 0 exe 18611 23592 115259 resp 115944 8 pmu 1024397 71769 8295198 4139624 58297641
1790940185.460459 W 17 lat 574 574 592 0 exe 18314 20833 49740 resp 50314 0 pmu 1024417 40356 8293460 4139690 51255069
1790940186.396485 W 18 lat 574 574 833 0 exe 18425 23444 122074 resp 122907 8 pmu 1024395 70151 8296654 4139624 57995838
1790940187.436468 W 19 lat 574 574 592 0 exe 18462 21314 49388 resp 49962 0 pmu 1024416 45681 8293526 4139690 52415721
1790940188.372515 W 20 lat 574 574 1388 0 exe 18870 35962 169481 resp 170555 30 pmu 1024249 213740 8295495 4139624 90088008
1790940189.412498 W 21 lat 574 574 1092 0 exe 18574 35518 139037 resp 139851 75 pmu 1023922 208117 8286078 4139789 90072678
1790940190.452487 W 22 lat 574 574 888 0 exe 18611 23722 118111 resp 118777 10 pmu 1024318 73262 8289755 4139789 58635232
1790940191.388464 W 23 lat 574 574 592 0 exe 18240 21185 50611 resp 51185 0 pmu 1024378 44415 8293032 4139723 52117465
1790940192.432487 W 24 lat 574 574 925 0 exe 18333 23537 120148 resp 120851 8 pmu 1024396 71039 8292541 4139624 58172309
1790940193.368475 W 25 lat 574 574 592 0 exe 18037 22333 77444 resp 78018 0 pmu 1024422 57639 8288094 4139690 54901938
1790940194.408490 W 26 lat 574 574 888 0 exe 18500 23629 115037 resp 115907 9 pmu 1024291 72343 8290516 4139624 58418680
1790940195.448463 W 27 lat 574 574 592 0 exe 18666 21148 52092 resp 52666 0 pmu 1024421 43962 8289426 4139690 51999762
1790940196.384489 W 28 lat 574 574 777 0 exe 18259 23481 113333 resp 113907 9 pmu 1024365 70716 8294981 4139624 58044338
1790940197.424462 W 29 lat 574 574 592 0 exe 18407 20833 52314 resp 52888 0 pmu 1024404 40205 8287837 4139690 51263608
1790940198.464488 W 30 lat 574 574 907 0 exe 18481 23259 115185 resp 115925 8 pmu 1024412 68187 8290681 4139624 57526282
1790940199.400460 W 31 lat 574 574 611 0 exe 18407 21500 58092 resp 58666 0 pmu 1024396 47988 8284113 4139690 52867963
1790940200.440489 W 32 lat 574 574 962 0 exe 18611 23370 121685 resp 122388 9 pmu 1024359 69345 8283349 4139624 57809969
1790940201.376457 W 33 lat 574 574 592 0 exe 18277 20833 52203 resp 52777 0 pmu 1024410 40213 8282685 4139690 51257405
1790940202.416486 W 34 lat 555 574 981 0 exe 18500 23462 121907 resp 122555 9 pmu 1024280 70021 8282716 4139624 58001068
1790940203.456464 W 35 lat 555 574 592 0 exe 18666 21185 51370 resp 51944 0 pmu 1024319 44333 8291087 4139690 52097774
1790940204.392487 W 36 lat 574 574 944 0 exe 18629 23981 112611 resp 113555 8 pmu 1024424 76291 8290093 4139624 59239145
1790940205.432461 W 37 lat 574 574 592 0 exe 18777 21333 51611 resp 52185 0 pmu 1024428 45961 8285868 4139690 52477331
1790940206.368489 W 38 lat 574 574 925 0 exe 18388 23407 117740 resp 118407 9 pmu 1024387 69367 8293394 4139624 57868947
1790940207.408461 W 39 lat 574 574 592 0 exe 18555 21407 50870 resp 51462 0 pmu 1024371 46881 8294600 4139690 52616724
1790940208.448484 W 40 lat 574 574 814 0 exe 18537 23629 118462 resp 119148 8 pmu 1024336 71961 8286181 4139624 58396752
1790940209.384464 W 41 lat 574 574 703 0 exe 18240 21388 57222 resp 57814 0 pmu 1024443 46754 8290412 4139690 52626995
1790940210.424484 W 42 lat 574 574 944 0 exe 18629 23629 124888 resp 125481 9 pmu 1024388 72098 8288152 4139624 58373776
1790940211.464472 W 43 lat 574 574 611 0 exe 18444 21833 49648 resp 50222 0 pmu 1024376 51653 8289980 4139690 53692849
1790940212.400488 W 44 lat 574 574 888 0 exe 18444 23870 113481 resp 114111 9 pmu 1024328 75269 8287480 4139624 58979822
1790940213.440459 W 45 lat 574 574 592 0 exe 18462 20944 54259 resp 54833 0 pmu 1024395 41340 8283554 4139690 51527180
1790940214.376486 W 46 lat 574 574 722 0 exe 18537 23259 125351 resp 125925 8 pmu 1024290 68168 8281837 4139624 57512589
1790940215.416465 W 47 lat 574 574 592 0 exe 18777 21481 50055 resp 50629 0 pmu 1024466 47829 8285986 4139690 52838429
1790940216.456485 W 48 lat 574 574 2111 0 exe 18500 23166 139018 resp 139685 9 pmu 1024394 66478 8287522 4139661 57245335
1790940217.392462 W 49 lat 574 574 592 0 exe 18518 21055 45833 resp 46407 0 pmu 1024396 42833 8286502 4139723 51783118
1790940218.432489 W 50 lat 574 574 1222 0 exe 18351 23462 115925 resp 116518 8 pmu 1024317 70234 8287384 4139624 57965763
1790940219.368462 W 51 lat 574 574 703 0 exe 18203 21351 49907 resp 50481 0 pmu 1024352 46463 8288061 4139723 52530153
1790940220.408487 W 52 lat 574 574 759 0 exe 18444 23537 125777 resp 126351 8 pmu 1024291 71034 8286421 4139624 58154862
1790940221.448461 W 53 lat 574 574 592 0 exe 18388 20851 51981 resp 52555 0 pmu 1024397 40605 8287950 4139690 51295885
1790940222.384486 W 54 lat 555 574 814 0 exe 18203 23388 133092 resp 133759 8 pmu 1024410 69595 8286838 4139624 57813626
1790940223.424462 W 55 lat 574 574 592 0 exe 18481 21388 47259 resp 47833 0 pmu 1024352 46713 8286254 4139690 52597928
1790940224.464486 W 56 lat 574 574 740 0 exe 18685 23666 117222 resp 117962 9 pmu 1024397 72567 8289064 4139624 58445126
1790940225.400461 W 57 lat 555 574 592 0 exe 18314 20944 48259 resp 48851 0 pmu 1024505 41793 8288008 4139690 51532794
1790940226.440488 W 58 lat 574 574 833 0 exe 18703 23555 118685 resp 119518 8 pmu 1024377 71276 8287180 4139624 58185793
1790940227.376465 W 59 lat 574 574 592 0 exe 18444 21185 53018 resp 53592 0 pmu 1024368 44381 8284064 4139690 52105392
1790940228.416486 W 60 lat 574 574 703 0 exe 18685 24611 127037 resp 127722 8 pmu 1024353 83404 8285121 4139624 60776041
1790940229.456461 W 61 lat 574 574 685 0 exe 18259 21222 51296 resp 51870 0 pmu 1024384 44838 8289408 4139690 52193831
1790940230.392501 W 62 lat 574 574 1185 0 exe 18685 34870 127833 resp 128500 83 pmu 1024121 199593 8286827 4139624 88327774
1790940231.432465 W 63 lat 555 574 592 0 exe 18333 21148 53851 resp 54425 0 pmu 1024352 43888 8283236 4139789 52002265
1790940232.368486 W 64 lat 574 574 888 0 exe 18370 23777 114537 resp 115166 9 pmu 1024406 73808 8286061 4139624 58741889
1790940233.408459 W 65 lat 574 574 592 0 exe 18111 20740 51537 resp 52111 0 pmu 1024456 39230 8289101 4139690 51015353
1790940234.448489 W 66 lat 574 574 722 0 exe 18333 23500 123925 resp 124500 8 pmu 1024335 70282 8282823 4139624 58077923
1790940235.384471 W 67 lat 574 574 611 0 exe 18407 22166 62296 resp 62870 0 pmu 1024420 55154 8283764 4139690 54486297
1790940236.425079 W 68 lat 574 574 907 0 exe 18000 23518 130981 resp 131666 8 pmu 1024342 70348 8284763 4139624 58119258
1790940237.464461 W 69 lat 574 574 611 0 exe 17962 20759 52444 resp 53018 0 pmu 1024408 39528 8286961 4139690 51063720
1790940238.400488 W 70 lat 574 574 870 0 exe 18537 23537 115259 resp 115833 9 pmu 1024374 71121 8291801 4139624 58132246
1790940239.440464 W 71 lat 574 574 592 0 exe 18203 20944 49833 resp 50425 0 pmu 1024330 41584 8286356 4139690 51512096
1790940240.376487 W 72 lat 574 574 722 0 exe 18685 23796 123259 resp 123851 8 pmu 1024322 74060 8293437 4139624 58774276
1790940241.416463 W 73 lat 574 574 592 0 exe 18166 21074 54444 resp 55018 0 pmu 1024404 43239 8292983 4139690 51823813
1790940242.456486 W 74 lat 574 574 777 0 exe 18777 23870 140703 resp 141388 8 pmu 1024402 74621 8288519 4139624 58944457
1790940243.392463 W 75 lat 574 574 592 0 exe 18203 21222 50333 resp 50907 0 pmu 1024438 44750 8289005 4139690 52205150
1790940244.432521 W 76 lat 574 592 6296 0 exe 18685 38574 358703 resp 362666 101 pmu 1024165 222904 8289737 4139920 98010396
1790940245.368466 W 77 lat 574 574 592 0 exe 18333 21574 57740 resp 58314 0 pmu 1024420 48975 8283727 4139822 53067601
1790940246.408486 W 78 lat 574 574 944 0 exe 18166 23370 130759 resp 131666 8 pmu 1024422 69286 8285889 4139624 57764285
1790940247.448469 W 79 lat 574 574 592 0 exe 18574 21444 49740 resp 50314 0 pmu 1024445 47255 8282236 4139690 52712841
1790940248.384486 W 80 lat 574 574 1037 0 exe 18185 23481 116648 resp 117555 8 pmu 1024421 70554 8288894 4139624 58039115
1790940249.424464 W 81 lat 574 574 611 0 exe 18333 21129 47444 resp 48037 0 pmu 1024380 43908 8287064 4139723 51990943
1790940250.464483 W 82 lat 574 574 1037 0 exe 18759 23500 123370 resp 123944 8 pmu 1024359 70371 8286319 4139624 58057298
1790940251.400467 W 83 lat 574 574 592 0 exe 18518 21055 45055 resp 45629 0 pmu 1024433 42802 8287576 4139723 51802819
1790940252.440485 W 84 lat 574 574 944 0 exe 18611 23537 132314 resp 132925 8 pmu 1024374 71167 8291743 4139624 58173816
1790940253.376472 W 85 lat 574 574 703 0 exe 18592 21462 47129 resp 47722 0 pmu 1024442 47638 8289309 4139690 52803786
1790940254.416488 W 86 lat 574 574 944 0 exe 18518 23259 116925 resp 117592 8 pmu 1024387 68046 8287509 4139624 57491021
1790940255.456464 W 87 lat 574 574 592 0 exe 18222 21462 53370 resp 53944 0 pmu 1024478 47588 8292998 4139690 52769808
1790940256.392485 W 88 lat 574 574 833 0 exe 18222 23481 116277 resp 117074 8 pmu 1024381 70635 8289153 4139624 58040473
1790940257.432461 W 89 lat 574 574 592 0 exe 18388 20962 49259 resp 49833 0 pmu 1024444 41922 8293684 4139690 51560017
1790940258.368486 W 90 lat 574 574 666 0 exe 18666 23296 125129 resp 125740 8 pmu 1024418 68732 8291558 4139624 57564025
1790940259.408470 W 91 lat 574 574 592 0 exe 18111 21666 46611 resp 47203 0 pmu 1024358 49755 8285134 4139690 53268549
1790940260.452485 W 92 lat 574 574 1611 0 exe 18388 23648 126574 resp 127296 8 pmu 1024370 72487 8288384 4139661 58452415
1790940261.388459 W 93 lat 574 574 592 0 exe 18351 20925 47388 resp 47962 0 pmu 1024382 41609 8288184 4139723 51492261
1790940262.428483 W 94 lat 574 574 777 0 exe 18333 23222 115259 resp 115888 9 pmu 1024347 67390 8284506 4139624 57379324
1790940263.468465 W 95 lat 555 574 592 0 exe 18314 21388 48444 resp 49018 0 pmu 1024452 46443 8285118 4139690 52579174
1790940264.404484 W 96 lat 574 574 722 0 exe 18333 23537 116574 resp 117185 8 pmu 1024434 71184 8289759 4139624 58133366
1790940265.444464 W 97 lat 574 574 592 0 exe 18277 21333 49611 resp 50203 0 pmu 1024424 46222 8285556 4139690 52475098
1790940266.380486 W 98 lat 574 574 962 0 exe 18388 23851 130370 resp 131333 8 pmu 1024349 74733 8287047 4139624 58907778
1790940267.420464 W 99 lat 574 574 592 0 exe 18388 21185 54722 resp 55296 0 pmu 1024384 44309 8284662 4139690 52094085
1790940268.460485 W 100 lat 574 574 888 0 exe 18518 23388 117351 resp 117944 9 pmu 1024358 69474 8286861 4139624 57748619
1790940269.396505 W 101 lat 574 574 1277 0 exe 18333 23092 121277 resp 121962 16 pmu 1024239 65829 8285322 4139760 57283326
1790940270.436504 W 102 lat 574 574 1000 0 exe 18833 57703 147740 resp 148333 53 pmu 1024191 463293 8290926 4139789 143387307
1790940271.372467 W 103 lat 574 574 611 0 exe 18481 21870 54037 resp 54629 0 pmu 1024384 52053 8290085 4139855 53770064
1790940272.412489 W 104 lat 574 574 888 0 exe 18703 23592 123907 resp 124481 8 pmu 1024376 71734 8285123 4139657 58309188
1790940273.452463 W 105 lat 574 574 592 0 exe 18574 20888 53277 resp 53851 0 pmu 1024401 41088 8290623 4139723 51391582
1790940274.392487 W 106 lat 574 574 851 0 exe 18425 23259 129481 resp 130277 9 pmu 1024292 67619 8284529 4139657 57449860
1790940275.432472 W 107 lat 574 574 666 0 exe 18851 21944 55555 resp 56129 0 pmu 1024427 53061 8287660 4139723 53970402
1790940276.368488 W 108 lat 574 574 925 0 exe 18703 23851 112777 resp 113703 9 pmu 1024379 75035 8287744 4139657 58936118
1790940277.408463 W 109 lat 574 574 592 0 exe 18240 20907 50944 resp 51518 0 pmu 1024424 41190 8289289 4139723 51418932
1790940278.448484 W 110 lat 574 574 814 0 exe 18740 23074 122629 resp 123444 9 pmu 1024389 66252 8285107 4139657 57064932
1790940279.384466 W 111 lat 574 574 629 0 exe 18500 21111 47277 resp 47851 0 pmu 1024396 43603 8291164 4139723 51914109
1790940280.424486 W 112 lat 574 574 777 0 exe 18666 23388 127425 resp 128185 8 pmu 1024391 69151 8290261 4139657 57762809
1790940281.464468 W 113 lat 574 574 592 0 exe 18203 21481 57888 resp 58462 0 pmu 1024450 47962 8293060 4139723 52814576
1790940282.400485 W 114 lat 574 574 1092 0 exe 18722 23425 117259 resp 117870 8 pmu 1024338 70083 8289923 4139657 57898441
1790940283.440465 W 115 lat 574 574 592 0 exe 18370 21259 49870 resp 50462 0 pmu 1024405 45197 8287268 4139756 52261411
1790940284.376486 W 116 lat 574 574 1444 0 exe 18240 23407 118925 resp 120333 8 pmu 1024313 69798 8290758 4139694 57863425
1790940285.416463 W 117 lat 574 574 592 0 exe 18092 20833 51592 resp 52166 0 pmu 1024322 40702 8290578 4139756 51259479
1790940286.456486 W 118 lat 555 574 814 0 exe 18500 23351 129759 resp 130370 8 pmu 1024277 69059 8292082 4139657 57718134
1790940287.392470 W 119 lat 574 574 592 0 exe 18518 21574 53203 resp 53796 0 pmu 1024340 48983 8286688 4139723 53051365
1790940288.432485 W 120 lat 574 574 796 0 exe 18296 23351 116074 resp 116648 9 pmu 1024334 69101 8282695 4139657 57699798
1790940289.368459 W 121 lat 574 574 592 0 exe 18407 20796 45870 resp 46444 0 pmu 1024504 39980 8285301 4139723 51147152
1790940290.408486 W 122 lat 574 574 814 0 exe 18407 23277 123555 resp 124166 8 pmu 1024281 68041 8286309 4139657 57539052
1790940291.448465 W 123 lat 574 574 592 0 exe 18425 21074 50925 resp 51500 0 pmu 1024458 43344 8290288 4139723 51833747
1790940292.384485 W 124 lat 574 574 759 0 exe 18388 23574 127314 resp 128018 8 pmu 1024372 71696 8292649 4139657 58188949
1790940293.428466 W 125 lat 574 574 592 0 exe 18092 22000 77648 resp 78222 0 pmu 1024368 53766 8288520 4139723 54093906
1790940294.468484 W 126 lat 574 574 944 0 exe 18185 23314 115888 resp 116481 9 pmu 1024398 68699 8287956 4139657 57584901
1790940295.404465 W 127 lat 574 574 592 0 exe 18370 21259 45537 resp 46111 0 pmu 1024391 45210 8290436 4139723 52273654
1790940296.444484 W 128 lat 574 574 796 0 exe 18296 23296 116444 resp 117185 9 pmu 1024322 68472 8284472 4139657 57569165
1790940297.380460 W 129 lat 574 574 592 0 exe 18000 21000 47944 resp 48518 0 pmu 1024411 42392 8290407 4139723 51654207
1790940298.420485 W 130 lat 555 574 1351 0 exe 18388 23055 121296 resp 122000 8 pmu 1024344 65693 8289677 4139657 57005174
1790940299.464467 W 131 lat 574 574 592 0 exe 18129 21314 46833 resp 47425 0 pmu 1024396 45897 8290399 4139756 52417302
1790940300.400487 W 132 lat 574 574 796 0 exe 18277 23240 118648 resp 119222 9 pmu 1024308 67764 8292479 4139657 57434662
1790940301.440502 W 133 lat 574 574 962 0 exe 18222 33555 146555 resp 147518 70 pmu 1024078 182993 8288994 4139723 84745529
1790940302.376486 W 134 lat 574 574 814 0 exe 18388 25074 122648 resp 123388 10 pmu 1024313 89093 8286201 4139789 61944871
1790940303.416466 W 135 lat 574 574 592 0 exe 18185 21111 51314 resp 51888 0 pmu 1024418 43341 8290611 4139756 51910017
1790940304.456484 W 136 lat 574 574 1037 0 exe 18425 23388 131166 resp 131925 8 pmu 1024331 69194 8286920 4139657 57781562
1790940305.392468 W 137 lat 574 574 592 0 exe 18407 21259 55574 resp 56148 0 pmu 1024380 45089 8286604 4139756 52299387
1790940306.432486 W 138 lat 574 574 740 0 exe 18296 23925 121388 resp 122129 9 pmu 1024364 75978 8288988 4139657 59144711
1790940307.368465 W 139 lat 574 574 592 0 exe 18666 21611 48574 resp 49148 0 pmu 1024506 49210 8289609 4139723 53122005
1790940308.408488 W 140 lat 574 574 814 0 exe 18074 23462 122185 resp 122851 8 pmu 1024385 70552 8292072 4139657 57986632
1790940309.448460 W 141 lat 574 574 592 0 exe 18333 20759 52370 resp 52962 0 pmu 1024488 39804 8292701 4139723 51083844
1790940310.384487 W 142 lat 574 574 740 0 exe 18407 23111 125481 resp 126055 8 pmu 1024385 66070 8294060 4139657 57122444
1790940311.424470 W 143 lat 574 574 592 0 exe 18629 21444 48666 resp 49240 0 pmu 1024310 47354 8291750 4139723 52740817
1790940312.464485 W 144 lat 574 574 740 0 exe 18037 23462 118129 resp 118722 9 pmu 1024374 70017 8290393 4139657 57936789
1790940313.400466 W 145 lat 574 574 611 0 exe 18462 21759 76351 resp 76925 0 pmu 1024441 51007 8293726 4139723 53511019
1790940314.444489 W 146 lat 574 574 944 0 exe 18703 23388 124777 resp 125722 8 pmu 1024381 69485 8291826 4139657 57827944
1790940315.380463 W 147 lat 574 574 592 0 exe 18555 21203 53296 resp 53870 0 pmu 1024262 44734 8291848 4139723 52144637
1790940316.420486 W 148 lat 574 574 703 0 exe 18388 23296 132777 resp 133388 8 pmu 1024370 68267 8294135 4139657 57541323
1790940317.460465 W 149 lat 574 574 592 0 exe 18388 21481 49222 resp 49796 0 pmu 1024425 47612 8286681 4139723 52807288
1790940318.396487 W 150 lat 574 574 888 0 exe 18333 23277 113555 resp 114203 9 pmu 1024385 68535 8287274 4139657 57532773
1790940319.436466 W 151 lat 574 574 592 0 exe 18555 21166 50314 resp 50888 0 pmu 1024415 44169 8284313 4139723 52040786
1790940320.372487 W 152 lat 574 574 685 0 exe 18407 23425 123796 resp 124388 8 pmu 1024288 70024 8290138 4139657 57900194
1790940321.416499 W 153 lat 574 574 2518 0 exe 18592 33629 201500 resp 204018 65 pmu 1024114 182642 8289686 4139797 84836809
1790940322.460486 W 154 lat 574 574 870 0 exe 18314 24166 119314 resp 119925 8 pmu 1024339 78190 8289086 4139822 59692710
1790940323.396469 W 155 lat 574 574 648 0 exe 18314 21240 67259 resp 67833 0 pmu 1024303 45000 8286307 4139723 52273578
1790940324.436489 W 156 lat 574 574 814 0 exe 18314 23351 122018 resp 122833 8 pmu 1024367 69288 8287696 4139657 57710875
1790940325.372460 W 157 lat 574 574 592 0 exe 18388 20944 52555 resp 53129 0 pmu 1024423 41844 8289747 4139723 51509987
1790940326.412485 W 158 lat 574 574 722 0 exe 18092 23037 126166 resp 126851 9 pmu 1024379 65377 8285716 4139657 56968051
1790940327.452466 W 159 lat 574 574 592 0 exe 18500 21203 49388 resp 49962 0 pmu 1024427 44488 8288569 4139723 52144546
1790940328.392489 W 160 lat 574 574 1481 0 exe 18722 23592 119370 resp 119962 8 pmu 1024361 71866 8286160 4139694 58290323
1790940329.432465 W 161 lat 574 574 592 0 exe 18462 21351 51518 resp 52092 0 pmu 1024426 46395 8285508 4139756 52510864
1790940330.368502 W 162 lat 574 574 888 0 exe 18425 23240 124388 resp 125277 8 pmu 1024386 67979 8292759 4139657 57452898
1790940331.408464 W 163 lat 574 574 592 0 exe 18555 21277 52129 resp 52722 0 pmu 1024427 45294 8289212 4139723 52317382
1790940332.448487 W 164 lat 574 574 1018 0 exe 18111 23203 118666 resp 119240 8 pmu 1024325 67450 8288638 4139657 57308467
1790940333.384463 W 165 lat 574 574 592 0 exe 18407 21111 48481 resp 49055 0 pmu 1024389 43449 8289264 4139756 51927174
1790940334.424488 W 166 lat 574 574 722 0 exe 18055 23259 114185 resp 114777 9 pmu 1024420 68091 8289591 4139657 57489884
1790940335.464465 W 167 lat 555 574 592 0 exe 17814 21666 58722 resp 59296 0 pmu 1024377 49875 8287352 4139723 53285113
1790940336.400490 W 168 lat 574 574 703 0 exe 18037 23425 134981 resp 135685 8 pmu 1024285 69804 8288580 4139657 57900659
1790940337.440464 W 169 lat 574 574 592 0 exe 18629 21777 54425 resp 55018 0 pmu 1024439 51123 8291380 4139723 53559779
1790940338.380491 W 170 lat 574 574 777 0 exe 18203 24444 111907 resp 112500 11 pmu 1024380 81940 8286433 4139657 60376406
1790940339.420464 W 171 lat 574 574 592 0 exe 18648 21592 48518 resp 49092 0 pmu 1024424 48936 8284029 4139756 53089694
1790940340.460491 W 172 lat 574 574 759 0 exe 18500 23074 124296 resp 124962 8 pmu 1024311 65862 8284808 4139657 57028051
1790940341.396464 W 173 lat 574 574 592 0 exe 18425 21759 54296 resp 54870 0 pmu 1024437 50907 8290742 4139723 53517312
1790940342.436491 W 174 lat 574 574 814 0 exe 18555 23148 115370 resp 116185 9 pmu 1024319 66753 8287566 4139657 57221973
1790940343.372465 W 175 lat 574 574 611 0 exe 18740 22277 46555 resp 47129 0 pmu 1024422 56587 8286350 4139723 54744974
1790940344.412488 W 176 lat 574 574 740 0 exe 18074 23055 122351 resp 123037 8 pmu 1024330 65869 8288095 4139657 56990893
1790940345.452460 W 177 lat 574 574 592 0 exe 18555 21314 46037 resp 46611 0 pmu 1024506 45943 8294216 4139723 52434110
1790940346.388493 W 178 lat 574 574 777 0 exe 18314 22870 112314 resp 113092 8 pmu 1024427 63839 8290843 4139657 56540739
1790940347.428465 W 179 lat 574 574 611 0 exe 18629 21907 54962 resp 55555 0 pmu 1024356 52553 8290516 4139723 53868163
1790940348.468487 W 180 lat 574 574 962 0 exe 18833 23203 117148 resp 117925 9 pmu 1024362 67348 8289118 4139657 57367291
1790940349.404464 W 181 lat 574 574 592 0 exe 18574 21481 46407 resp 46981 0 pmu 1024311 47478 8284220 4139723 52818374
1790940350.444488 W 182 lat 574 574 722 0 exe 18462 22981 120981 resp 121555 8 pmu 1024429 64890 8288338 4139657 56842807
1790940351.380462 W 183 lat 574 574 592 0 exe 18129 21777 54000 resp 54574 0 pmu 1024450 50857 8292637 4139723 53512853
1790940352.420490 W 184 lat 574 574 1518 0 exe 17851 23055 134388 resp 135907 8 pmu 1024348 65707 8287294 4139657 56979725
1790940353.460466 W 185 lat 574 574 611 0 exe 18407 21851 48333 resp 48925 0 pmu 1024469 51926 8286842 4139756 53699813
1790940354.396501 W 186 lat 574 574 740 0 exe 18277 22851 114648 resp 115388 9 pmu 1024373 63664 8285100 4139657 56521262
1790940355.436462 W 187 lat 574 574 592 0 exe 18425 21555 57296 resp 57870 0 pmu 1024396 48367 8286168 4139723 52976270
1790940356.372498 W 188 lat 574 574 1240 0 exe 18277 22722 126203 resp 126796 8 pmu 1024362 61983 8288029 4139657 56201488
1790940357.412463 W 189 lat 574 574 592 0 exe 18444 21407 48518 resp 49092 0 pmu 1024430 46946 8292704 4139756 52629683
1790940358.452490 W 190 lat 574 574 851 0 exe 18666 23111 133351 resp 134203 8 pmu 1024377 66113 8284166 4139657 57110945
1790940359.388465 W 191 lat 574 574 592 0 exe 18407 22185 52074 resp 52648 0 pmu 1024297 55687 8287568 4139723 54518337
1790940360.428498 W 192 lat 574 574 833 0 exe 18129 22907 115444 resp 116203 13 pmu 1024396 64238 8288323 4139657 56632670
1790940361.468462 W 193 lat 574 574 592 0 exe 18333 21351 54129 resp 54703 0 pmu 1024371 46285 8290067 4139756 52506307
1790940362.404496 W 194 lat 574 574 777 0 exe 18074 23111 116000 resp 116592 8 pmu 1024342 66255 8292735 4139657 57119401
1790940363.444462 W 195 lat 574 574 592 0 exe 18333 21833 48370 resp 48962 0 pmu 1024433 51668 8288552 4139723 53650515
1790940364.380495 W 196 lat 574 574 870 0 exe 18240 22685 124851 resp 125666 9 pmu 1024385 61342 8289238 4139657 56110879
1790940365.420464 W 197 lat 574 574 592 0 exe 18259 21833 51740 resp 52314 0 pmu 1024445 52023 8290728 4139723 53689131
1790940366.464489 W 198 lat 574 574 944 0 exe 18203 22351 115481 resp 116185 9 pmu 1024380 57769 8292035 4139657 55293227
1790940367.400461 W 199 lat 574 574 611 0 exe 18703 22685 57629 resp 58240 0 pmu 1024413 61292 8284429 4139723 55724423
1790940368.440500 W 200 lat 574 574 833 0 exe 18425 22666 117833 resp 118666 8 pmu 1024284 60806 8284096 4139657 56087907
1790940369.376460 W 201 lat 574 574 592 0 exe 18555 22222 90981 resp 91574 0 pmu 1024366 56194 8294042 4139723 54607167
1790940370.416496 W 202 lat 574 574 925 0 exe 18444 21481 126592 resp 127185 8 pmu 1024368 47343 8288778 4139657 53178372
1790940371.456462 W 203 lat 574 574 611 0 exe 18555 23574 97944 resp 98518 0 pmu 1024431 72080 8286644 4139723 57891410
1790940372.392516 W 204 lat 574 574 666 0 exe 18111 21222 116444 resp 117111 2 pmu 1024381 44409 8286621 4139657 52335394
1790940373.436498 W 205 lat 574 574 1037 0 exe 18907 35611 140851 resp 141444 61 pmu 1024062 208839 8288102 4139723 89463380
1790940374.372532 W 206 lat 574 574 611 0 exe 18333 21185 53648 resp 54222 0 pmu 1024428 44434 8291502 4139822 52111966
1790940375.412485 W 207 lat 574 574 685 0 exe 18518 23574 125185 resp 125870 10 pmu 1024370 71708 8292861 4139657 58302531
1790940376.452502 W 208 lat 574 574 592 0 exe 18296 21037 48962 resp 49555 0 pmu 1024381 42522 8287627 4139756 51723384
1790940377.388468 W 209 lat 574 574 962 0 exe 17833 23925 124814 resp 125777 9 pmu 1024405 75531 8294144 4139657 59129814
1790940378.432498 W 210 lat 555 574 592 0 exe 18388 22055 49851 resp 50425 0 pmu 1024475 54269 8295608 4139723 54215983
1790940379.368464 W 211 lat 574 574 962 0 exe 18666 23777 119462 resp 120277 9 pmu 1024359 73704 8294264 4139657 58740942
1790940380.408494 W 212 lat 555 574 592 0 exe 18314 20703 40074 resp 40648 0 pmu 1024402 38842 8291454 4139723 50948605
1790940381.452485 W 213 lat 574 574 851 0 exe 18500 24666 117740 resp 118592 12 pmu 1024373 84620 8292857 4139657 60962888
1790940382.388464 W 214 lat 574 574 592 0 exe 18407 21481 55185 resp 55759 0 pmu 1024499 47797 8295107 4139756 52807295
1790940383.428486 W 215 lat 574 574 814 0 exe 18370 24222 117129 resp 117703 9 pmu 1024371 78655 8294996 4139657 59791328
1790940384.468462 W 216 lat 574 574 592 0 exe 18500 21222 52314 resp 52888 0 pmu 1024314 44532 8289199 4139723 52179227
1790940385.404490 W 217 lat 574 574 962 0 exe 18685 23462 117685 resp 118425 8 pmu 1024297 70284 8293220 4139657 57984809
1790940386.444462 W 218 lat 574 574 592 0 exe 18185 20907 51129 resp 51703 0 pmu 1024402 41149 8291618 4139723 51436696
1790940387.380487 W 219 lat 574 574 888 0 exe 18648 23555 124370 resp 124962 9 pmu 1024316 71150 8285360 4139657 58262670
1790940388.420464 W 220 lat 574 574 592 0 exe 18351 21425 52611 resp 53185 0 pmu 1024368 46946 8293592 4139723 52674628
1790940389.460490 W 221 lat 574 574 962 0 exe 18500 23611 131592 resp 132222 8 pmu 1024320 71965 8293178 4139657 58371433
1790940390.396461 W 222 lat 574 574 592 0 exe 18666 20944 52277 resp 52851 0 pmu 1024393 41819 8292155 4139723 51523385
1790940391.436488 W 223 lat 574 574 722 0 exe 18518 23629 115777 resp 116370 9 pmu 1024405 72193 8294946 4139657 58389897
1790940392.372462 W 224 lat 574 574 592 0 exe 18314 21185 52537 resp 53111 0 pmu 1024413 44316 8289096 4139723 52105602
1790940393.412489 W 225 lat 574 574 759 0 exe 18537 23444 113907 resp 114666 9 pmu 1024287 69865 8291666 4139657 57923037
1790940394.452465 W 226 lat 574 574 592 0 exe 18351 21351 50740 resp 51314 0 pmu 1024385 46462 8293236 4139723 52522350
1790940395.388486 W 227 lat 574 574 777 0 exe 18129 23537 119314 resp 119907 8 pmu 1024278 71142 8290257 4139657 58168071
1790940396.428460 W 228 lat 574 574 592 0 exe 18351 20851 50259 resp 50833 0 pmu 1024374 40721 8292545 4139723 51304601
1790940397.468488 W 229 lat 574 574 796 0 exe 18444 23407 133703 resp 134407 9 pmu 1024293 69339 8292497 4139657 57862167
1790940398.404461 W 230 lat 574 574 592 0 exe 18185 20833 48481 resp 49074 0 pmu 1024491 40301 8290980 4139723 51256399
1790940399.444490 W 231 lat 574 574 814 0 exe 18537 24407 126925 resp 127500 9 pmu 1024367 81111 8292516 4139657 60297903
1790940400.380464 W 232 lat 555 574 592 0 exe 18222 21518 53388 resp 53981 0 pmu 1024440 47917 8293293 4139723 52888218
1790940401.420490 W 233 lat 574 574 870 0 exe 18222 23333 113037 resp 113907 9 pmu 1024338 69017 8283605 4139657 57701170
1790940402.460462 W 234 lat 574 574 592 0 exe 17888 21092 50981 resp 51555 0 pmu 1024398 43155 8286686 4139723 51854634
1790940403.396499 W 235 lat 574 574 2388 0 exe 18888 35314 139981 resp 141796 66 pmu 1024124 205260 8291013 4139731 88872395
1790940404.436462 W 236 lat 574 574 685 0 exe 18500 21074 53129 resp 53703 0 pmu 1024405 42933 8290269 4139822 51844936
1790940405.372489 W 237 lat 574 574 851 0 exe 18370 23666 121722 resp 122444 8 pmu 1024330 72504 8296185 4139657 58525404
1790940406.412464 W 238 lat 574 574 611 0 exe 18388 21685 51240 resp 51814 0 pmu 1024319 50035 8292460 4139723 53334079
1790940407.452487 W 239 lat 555 574 962 0 exe 18870 24074 118444 resp 119407 9 pmu 1024371 77100 8293657 4139657 59449455
1790940408.388467 W 240 lat 574 574 611 0 exe 18759 21537 50462 resp 51055 0 pmu 1024447 48200 8289698 4139723 52949003
1790940409.428492 W 241 lat 574 574 1000 0 exe 18685 24351 120592 resp 121259 8 pmu 1024288 80176 8292077 4139657 60186916
1790940410.468459 W 242 lat 574 574 685 0 exe 18370 20722 52462 resp 53037 0 pmu 1024408 39232 8294529 4139756 51000440
1790940411.404489 W 243 lat 574 574 1555 0 exe 18240 23870 126907 resp 127500 8 pmu 1024291 74301 8286992 4139694 58977659
1790940412.444463 W 244 lat 574 574 592 0 exe 18462 21481 51888 resp 52481 0 pmu 1024339 47773 8292471 4139756 52826412
1790940413.380488 W 245 lat 574 574 759 0 exe 18203 23666 114907 resp 115500 9 pmu 1024405 72424 8288988 4139657 58436298
1790940414.420463 W 246 lat 574 574 592 0 exe 18314 20962 50814 resp 51407 0 pmu 1024457 42077 8290469 4139723 51593061
1790940415.460489 W 247 lat 574 574 1166 0 exe 18925 24037 115462 resp 116074 8 pmu 1024409 76929 8295289 4139657 59405458
1790940416.396462 W 248 lat 574 574 592 0 exe 18611 21166 54759 resp 55333 0 pmu 1024366 44085 8288763 4139756 52065059
1790940417.436488 W 249 lat 574 574 759 0 exe 18555 23592 120925 resp 121685 8 pmu 1024278 71685 8294170 4139657 58334855
1790940418.372463 W 250 lat 574 574 611 0 exe 18648 21166 52888 resp 53481 0 pmu 1024411 44238 8292597 4139723 52040644
1790940419.412488 W 251 lat 574 574 851 0 exe 18481 24055 142814 resp 143666 9 pmu 1024414 76645 8292088 4139657 59410660
1790940420.452462 W 252 lat 574 574 592 0 exe 18722 20962 51648 resp 52222 0 pmu 1024375 41783 8290813 4139723 51568714
1790940421.388487 W 253 lat 574 574 870 0 exe 18537 23462 115740 resp 116425 9 pmu 1024377 70202 8285178 4139657 57954343
1790940422.428464 W 254 lat 574 574 592 0 exe 18481 21129 48944 resp 49518 0 pmu 1024486 43685 8288090 4139723 51978484
1790940423.468490 W 255 lat 574 574 759 0 exe 18370 24648 114925 resp 115648 9 pmu 1024316 84008 8287955 4139657 60888751
1790940424.404464 W 256 lat 574 574 685 0 exe 18425 21129 68722 resp 69296 0 pmu 1024394 43918 8290736 4139723 52008214
1790940425.444488 W 257 lat 555 574 944 0 exe 18574 23722 124462 resp 125407 8 pmu 1024314 73433 8286612 4139657 58669886
1790940426.380460 W 258 lat 574 574 592 0 exe 18296 20851 48759 resp 49333 0 pmu 1024353 40524 8286197 4139723 51281033
1790940427.420488 W 259 lat 574 574 870 0 exe 18333 23870 138092 resp 138777 8 pmu 1024336 74545 8288052 4139657 58969809
1790940428.460460 W 260 lat 574 574 592 0 exe 18629 21000 52037 resp 52611 0 pmu 1024383 42042 8283367 4139723 51643320
1790940429.396489 W 261 lat 574 574 925 0 exe 18370 23481 113407 resp 114148 9 pmu 1024369 70622 8288989 4139657 58024516
1790940430.436468 W 262 lat 574 574 611 0 exe 18222 21500 69648 resp 70222 0 pmu 1024460 48291 8290279 4139723 52884659
1790940431.372489 W 263 lat 574 574 796 0 exe 18518 24055 115962 resp 116555 8 pmu 1024352 77150 8287835 4139657 59430806
1790940432.412462 W 264 lat 574 574 685 0 exe 18314 21092 49722 resp 50314 0 pmu 1024435 43082 8286666 4139723 51878774
1790940433.452501 W 265 lat 574 574 1018 0 exe 18722 34166 123592 resp 124277 63 pmu 1024166 192285 8286241 4139657 86108543
1790940434.388463 W 266 lat 574 574 592 0 exe 18407 21148 54000 resp 54574 0 pmu 1024393 44045 8290089 4139822 51995091
1790940435.428489 W 267 lat 574 574 962 0 exe 18574 23814 116611 resp 117259 9 pmu 1024391 74344 8286174 4139657 58873642
1790940436.468463 W 268 lat 574 574 611 0 exe 18500 20814 51500 resp 52074 0 pmu 1024397 40112 8286025 4139723 51218854
1790940437.408489 W 269 lat 574 574 833 0 exe 18574 23314 115481 resp 116092 8 pmu 1024369 68629 8290056 4139657 57648098
1790940438.448463 W 270 lat 574 574 592 0 exe 18296 21333 51185 resp 51759 0 pmu 1024438 46088 8291373 4139723 52474860
1790940439.384489 W 271 lat 574 574 1240 0 exe 18574 24018 131500 resp 132740 8 pmu 1024414 76270 8292056 4139657 59327959
1790940440.424462 W 272 lat 555 574 592 0 exe 18074 21037 52351 resp 52925 0 pmu 1024335 42822 8287183 4139756 51771309
1790940441.464493 W 273 lat 574 574 851 0 exe 18351 23425 113518 resp 114185 9 pmu 1024397 69988 8287649 4139657 57904721
1790940442.400461 W 274 lat 574 574 592 0 exe 18481 21185 54462 resp 55037 0 pmu 1024399 44425 8284938 4139723 52112680
1790940443.444489 W 275 lat 574 574 870 0 exe 18777 23740 116944 resp 117574 9 pmu 1024441 73436 8292429 4139657 58647873
1790940444.380462 W 276 lat 574 574 592 0 exe 18425 21037 53259 resp 53833 0 pmu 1024447 42913 8294482 4139723 51747145
1790940445.420488 W 277 lat 574 574 870 0 exe 18444 23629 123981 resp 124759 8 pmu 1024367 72313 8286211 4139657 58388767
1790940446.460462 W 278 lat 574 574 592 0 exe 18222 20907 50481 resp 51074 0 pmu 1024409 41349 8286900 4139723 51449764
1790940447.396489 W 279 lat 574 574 870 0 exe 18740 23555 117074 resp 117777 9 pmu 1024439 71401 8291215 4139657 58214729
1790940448.436463 W 280 lat 574 574 592 0 exe 18314 20851 54462 resp 55037 0 pmu 1024402 40723 8285096 4139723 51286769
1790940449.372486 W 281 lat 574 574 888 0 exe 18092 23259 123277 resp 123851 9 pmu 1024365 68249 8289205 4139657 57533160
1790940450.412463 W 282 lat 574 574 592 0 exe 18351 21203 52166 resp 52759 0 pmu 1024404 44446 8286422 4139723 52159094
1790940451.452489 W 283 lat 555 574 648 0 exe 18333 23611 141296 resp 141888 8 pmu 1024329 71485 8286782 4139657 58297777
1790940452.388463 W 284 lat 574 574 592 0 exe 18796 21185 52259 resp 52833 0 pmu 1024374 44444 8289082 4139723 52086824
1790940453.428488 W 285 lat 574 574 833 0 exe 18222 23574 113722 resp 114351 9 pmu 1024335 71553 8290089 4139657 58250823
1790940454.468460 W 286 lat 574 574 592 0 exe 17870 20907 47685 resp 48277 0 pmu 1024451 41406 8289432 4139723 51433517
1790940455.404487 W 287 lat 574 574 907 0 exe 18574 23685 122500 resp 123074 8 pmu 1024423 72724 8289837 4139657 58549070
1790940456.444461 W 288 lat 555 574 592 0 exe 18500 21092 54944 resp 55518 0 pmu 1024457 43527 8291693 4139723 51895856
1790940457.380485 W 289 lat 574 574 1055 0 exe 18555 23259 134370 resp 135425 8 pmu 1024363 67872 8291224 4139657 57461903
1790940458.420459 W 290 lat 574 574 592 0 exe 18277 20907 48000 resp 48592 0 pmu 1024406 41115 8288797 4139756 51426755
1790940459.460488 W 291 lat 574 574 833 0 exe 18407 23500 116296 resp 117000 9 pmu 1024380 70603 8287549 4139657 58072484
1790940460.396461 W 292 lat 555 574 592 0 exe 18129 21000 53925 resp 54518 0 pmu 1024454 42392 8295302 4139723 51640728
1790940461.436486 W 293 lat 574 574 759 0 exe 18777 23537 116722 resp 117481 9 pmu 1024332 71116 8293869 4139657 58156872
1790940462.372461 W 294 lat 574 574 611 0 exe 18685 21222 47759 resp 48333 0 pmu 1024335 44558 8288198 4139723 52192479
1790940463.412501 W 295 lat 574 574 1018 0 exe 18740 33592 129611 resp 130259 58 pmu 1024181 185769 8296320 4139657 84743255
1790940464.452514 W 296 lat 574 592 3648 0 exe 18074 29518 313851 resp 315925 41 pmu 1024166 95758 8291081 4140340 75323940
1790940465.388489 W 297 lat 574 574 722 0 exe 17888 23444 119388 resp 119962 9 pmu 1024277 70343 8286861 4139789 57988018
1790940466.428463 W 298 lat 574 574 592 0 exe 18222 20907 46277 resp 46870 0 pmu 1024369 41153 8289852 4139723 51459196
1790940467.468485 W 299 lat 574 574 907 0 exe 18555 23444 121962 resp 122870 8 pmu 1024304 70028 8289480 4139657 57984086
1790940468.404466 W 300 lat 574 574 592 0 exe 18444 20851 41462 resp 42037 0 pmu 1024322 40552 8290172 4139723 51315585
1790940469.444487 W 301 lat 574 574 1092 0 exe 18574 23759 121074 resp 122166 8 pmu 1024381 73801 8296535 4139657 58700427
1790940470.380464 W 302 lat 574 574 592 0 exe 18388 20870 48537 resp 49129 0 pmu 1024351 40609 8293432 4139756 51344171
1790940471.420488 W 303 lat 574 574 1111 0 exe 18222 23759 112388 resp 113018 9 pmu 1024313 73709 8295616 4139657 58720881
1790940472.460465 W 304 lat 574 574 592 0 exe 18314 21055 49981 resp 50555 0 pmu 1024472 43255 8299678 4139756 51817064
1790940473.396485 W 305 lat 574 574 944 0 exe 18500 23351 114166 resp 114740 8 pmu 1024391 69197 8297156 4139657 57758773
1790940474.436462 W 306 lat 574 574 592 0 exe 18388 20981 47259 resp 47833 0 pmu 1024373 41997 8291759 4139723 51618738
1790940475.372486 W 307 lat 574 574 870 0 exe 17888 23425 119907 resp 120685 8 pmu 1024341 69971 8293505 4139657 57913528
1790940476.412491 W 308 lat 574 574 1703 0 exe 18648 26388 184962 resp 186666 24 pmu 1024290 102658 8295691 4139760 65828487
1790940477.452487 W 309 lat 574 574 907 0 exe 18611 23462 114351 resp 114944 8 pmu 1024341 70498 8297888 4139822 57967240
1790940478.388460 W 310 lat 574 574 592 0 exe 18537 20907 47537 resp 48111 0 pmu 1024422 41422 8289292 4139723 51440994
1790940479.432488 W 311 lat 574 574 870 0 exe 18814 23500 114333 resp 114925 7 pmu 1024415 70843 8293285 4139657 58063898
1790940480.368462 W 312 lat 574 574 592 0 exe 18444 21074 48074 resp 48666 0 pmu 1024415 43312 8289005 4139723 51848128
1790940481.408485 W 313 lat 574 574 833 0 exe 18370 23500 115666 resp 116351 8 pmu 1024308 70943 8291004 4139657 58122777
1790940482.448469 W 314 lat 574 574 592 0 exe 18351 21981 48888 resp 49481 0 pmu 1024439 53487 8291787 4139723 54046772
1790940483.384489 W 315 lat 574 574 740 0 exe 18703 24259 131833 resp 132574 8 pmu 1024386 79531 8293874 4139657 59961681
1790940484.424463 W 316 lat 574 574 592 0 exe 18388 20981 53592 resp 54166 0 pmu 1024338 42034 8295465 4139723 51590156
1790940485.468485 W 317 lat 574 574 722 0 exe 18462 23148 119666 resp 120277 9 pmu 1024361 66857 8296907 4139657 57207478
1790940486.404461 W 318 lat 574 574 592 0 exe 18351 21166 48092 resp 48666 0 pmu 1024425 43932 8293641 4139723 52048746
1790940487.444489 W 319 lat 574 574 870 0 exe 18055 23462 115222 resp 115796 9 pmu 1024317 70239 8292867 4139657 57968323
1790940488.380466 W 320 lat 574 574 722 0 exe 18740 21370 49648 resp 50240 0 pmu 1024404 46300 8294466 4139723 52541068
1790940489.420485 W 321 lat 574 574 907 0 exe 18444 23425 114925 resp 115648 9 pmu 1024333 69936 8294330 4139657 57895210
1790940490.460463 W 322 lat 574 574 592 0 exe 18611 21500 49481 resp 50055 0 pmu 1024388 48042 8290767 4139723 52853871
1790940491.396487 W 323 lat 574 574 796 0 exe 18444 23629 122703 resp 123296 8 pmu 1024270 72127 8287956 4139657 58420898
1790940492.436463 W 324 lat 574 574 592 0 exe 18462 21111 45685 resp 46259 0 pmu 1024475 43755 8291899 4139723 51940883
1790940493.372510 W 325 lat 574 574 833 0 exe 18462 27870 130407 resp 131055 26 pmu 1024354 120500 8291053 4139657 69422917
1790940494.412500 W 326 lat 574 574 1629 0 exe 18462 28777 139962 resp 140574 34 pmu 1024233 130474 8287468 4139826 72003755
1790940495.452491 W 327 lat 574 574 814 0 exe 18685 23814 119685 resp 120481 9 pmu 1024296 74162 8286830 4139822 58832131
1790940496.388463 W 328 lat 574 574 592 0 exe 18277 21314 49296 resp 49870 0 pmu 1024334 45974 8291607 4139723 52442190
1790940497.428488 W 329 lat 574 574 888 0 exe 18407 23314 123055 resp 123944 8 pmu 1024423 68722 8297718 4139657 57667058
1790940498.468462 W 330 lat 574 574 592 0 exe 18296 21277 51314 resp 51907 0 pmu 1024375 45359 8287088 4139723 52307765
1790940499.404487 W 331 lat 574 574 851 0 exe 18444 24462 139685 resp 140537 8 pmu 1024299 81395 8287647 4139657 60407065
1790940500.444464 W 332 lat 574 574 611 0 exe 18518 20981 52444 resp 53018 0 pmu 1024392 42129 8284287 4139723 51638812
1790940501.380487 W 333 lat 574 574 888 0 exe 18333 23500 115833 resp 116425 8 pmu 1024338 71088 8290733 4139657 58049608
1790940502.420478 W 334 lat 574 574 592 0 exe 18074 20777 47277 resp 47851 0 pmu 1024383 39763 8285422 4139723 51121456
1790940503.460487 W 335 lat 574 574 962 0 exe 18388 23740 115055 resp 115796 8 pmu 1024463 73781 8294716 4139657 58672612
1790940504.396460 W 336 lat 574 574 592 0 exe 18222 20703 49370 resp 49944 0 pmu 1024367 38812 8290343 4139723 50929247
1790940505.436487 W 337 lat 574 574 870 0 exe 18222 23444 124259 resp 124888 8 pmu 1024413 70266 8289511 4139657 57961169
1790940506.372464 W 338 lat 574 574 592 0 exe 18888 21092 49796 resp 50370 0 pmu 1024401 43414 8286915 4139723 51891794
1790940507.412489 W 339 lat 574 574 888 0 exe 18462 23870 128666 resp 129351 8 pmu 1024381 75005 8287345 4139657 58990781
1790940508.452462 W 340 lat 574 574 592 0 exe 18203 20777 49500 resp 50074 0 pmu 1024397 39580 8285602 4139723 51135184
1790940509.388488 W 341 lat 574 574 944 0 exe 18500 23296 116759 resp 117370 9 pmu 1024407 68361 8295005 4139657 57540794
1790940510.428460 W 342 lat 574 574 592 0 exe 18611 20833 50592 resp 51166 0 pmu 1024407 40454 8293965 4139723 51268553
1790940511.468488 W 343 lat 574 574 833 0 exe 18462 23500 112462 resp 113055 8 pmu 1024342 70935 8293121 4139657 58087117
1790940512.404464 W 344 lat 574 574 611 0 exe 18425 21222 63722 resp 64296 0 pmu 1024370 44628 8291083 4139723 52185789
1790940513.444487 W 345 lat 574 574 851 0 exe 18537 23907 117129 resp 117833 8 pmu 1024363 75443 8292297 4139657 59090049
1790940514.380458 W 346 lat 574 574 592 0 exe 18555 20851 48407 resp 48981 0 pmu 1024407 40677 8297034 4139723 51297457
1790940515.420488 W 347 lat 574 574 796 0 exe 18444 23481 121462 resp 122111 9 pmu 1024380 70343 8296233 4139657 58055960
1790940516.460461 W 348 lat 574 574 592 0 exe 18537 20907 49277 resp 49851 0 pmu 1024454 41224 8291472 4139723 51433929
1790940517.396482 W 349 lat 574 574 777 0 exe 18388 23592 135740 resp 136444 8 pmu 1024319 71661 8289319 4139657 58287204
1790940518.436464 W 350 lat 574 574 592 0 exe 18370 21185 46222 resp 46796 0 pmu 1024436 44410 8285330 4139723 52088969
1790940519.372488 W 351 lat 574 574 1018 0 exe 18314 23592 117018 resp 117592 9 pmu 1024431 72042 8286090 4139657 58312969
1790940520.412461 W 352 lat 574 574 592 0 exe 18462 20777 50259 resp 50833 0 pmu 1024402 39732 8288790 4139756 51128756
1790940521.452492 W 353 lat 574 574 1111 0 exe 18462 23259 113592 resp 114314 10 pmu 1024390 68062 8290637 4139657 57501618
1790940522.388465 W 354 lat 574 574 592 0 exe 18370 21000 48333 resp 48907 0 pmu 1024444 42175 8290593 4139789 51652541
1790940523.428487 W 355 lat 574 574 833 0 exe 18481 23629 113203 resp 114000 9 pmu 1024416 72044 8286819 4139657 58397117
1790940524.468500 W 356 lat 574 574 1592 0 exe 18833 32351 171870 resp 173462 56 pmu 1024115 170339 8285980 4139760 81318547
1790940525.404489 W 357 lat 574 574 851 0 exe 18407 23648 122111 resp 122962 9 pmu 1024333 72223 8285906 4139822 58487453
1790940526.444460 W 358 lat 574 574 666 0 exe 18259 20851 47092 resp 47666 0 pmu 1024463 40418 8290398 4139723 51288114
1790940527.380488 W 359 lat 574 574 759 0 exe 18611 24055 112203 resp 112962 9 pmu 1024389 77105 8291855 4139657 59397616
1790940528.420460 W 360 lat 574 574 592 0 exe 18611 20981 47203 resp 47796 0 pmu 1024457 42082 8289556 4139723 51620904
1790940529.460487 W 361 lat 574 574 759 0 exe 18537 23814 113055 resp 113740 8 pmu 1024426 74261 8292604 4139657 58878429
1790940530.396460 W 362 lat 574 574 611 0 exe 18185 21518 52351 resp 52925 0 pmu 1024355 47995 8291060 4139723 52911985
1790940531.436490 W 363 lat 574 574 1037 0 exe 18481 23685 124944 resp 125981 8 pmu 1024345 72798 8289284 4139657 58538735
1790940532.372478 W 364 lat 574 574 592 0 exe 18407 21037 51000 resp 51592 0 pmu 1024390 42604 8284570 4139756 51743869
1790940533.416486 W 365 lat 574 574 722 0 exe 18685 23277 130111 resp 130759 9 pmu 1024404 68154 8285341 4139657 57552077
1790940534.456461 W 366 lat 574 574 592 0 exe 18388 20870 47166 resp 47740 0 pmu 1024444 40794 8290597 4139723 51347403
1790940535.392484 W 367 lat 574 574 1037 0 exe 18351 23462 115759 resp 116574 9 pmu 1024357 70106 8283778 4139657 57932866
1790940536.432482 W 368 lat 574 574 796 0 exe 18185 23611 103000 resp 103592 4 pmu 1024407 72169 8286753 4139756 58142929
1790940537.372506 W 369 lat 574 574 1351 0 exe 18870 33925 162444 resp 163481 36 pmu 1024065 189519 8285164 4139723 85010247
1790940538.428541 W 370 lat 574 2222 11481 0 exe 19055 168629 495740 resp 499000 613 pmu 1021918 461355 8285700 4159728 426364162
1790940539.372715 W 371 lat 574 4370 11092 0 exe 60425 282481 519074 resp 524129 985 pmu 1018386 559369 8271975 4175433 723812504
1790940540.428708 W 372 lat 592 4148 10851 0 exe 54685 283166 448185 resp 453111 985 pmu 1018737 538863 8277610 4174545 724741450
1790940541.376791 W 373 lat 574 3962 10962 0 exe 64240 284296 579907 resp 586000 991 pmu 1020332 554222 8279607 4175100 718688997
1790940542.432618 W 374 lat 574 3944 9518 0 exe 62666 267314 456407 resp 465111 991 pmu 1019120 535307 8273458 4174471 684999698
1790940543.372710 W 375 lat 574 3203 9611 0 exe 53796 237481 391074 resp 395277 988 pmu 1021505 533543 8277821 4173846 605454020
1790940544.424651 W 376 lat 592 4185 9666 0 exe 60592 282370 480833 resp 485500 990 pmu 1018895 531976 8273891 4175437 718707464
1790940545.372782 W 377 lat 574 4148 10481 0 exe 58592 277055 586388 resp 594888 986 pmu 1019385 580287 8278398 4174142 714916410
1790940546.428642 W 378 lat 574 3370 10907 0 exe 59962 252407 395703 resp 402111 990 pmu 1021390 512405 8279954 4174027 635712448
1790940547.380702 W 379 lat 574 3777 10759 0 exe 66148 257611 582555 resp 592925 993 pmu 1021018 562432 8279751 4174027 663530507
1790940548.436712 W 380 lat 574 3981 9333 0 exe 47740 268592 384796 resp 388740 955 pmu 1019070 524878 8271060 4173805 687292882
1790940549.388759 W 381 lat 592 4111 10888 0 exe 64166 279962 550944 resp 561425 990 pmu 1019815 550431 8276524 4175844 709556807
1790940550.440746 W 382 lat 574 2962 10370 0 exe 57925 221685 372203 resp 378703 984 pmu 1022431 508994 8288721 4171844 571539904
1790940551.384767 W 383 lat 574 3944 10555 0 exe 60592 272796 542018 resp 549092 994 pmu 1019832 541278 8276859 4175544 692183193
1790940552.436803 W 384 lat 592 2962 10055 0 exe 52240 220777 396666 resp 400388 989 pmu 1022291 509000 8286978 4172473 565828005
1790940553.384728 W 385 lat 574 4166 10055 0 exe 57537 285870 524925 resp 529240 990 pmu 1019147 552409 8272011 4174989 728170589
1790940554.456537 W 386 lat 592 4648 11000 0 exe 67796 325925 570333 resp 577407 997 pmu 1021692 660680 8298122 4175914 828569186
1790940555.404593 W 387 lat 592 4277 12240 0 exe 66370 274925 485092 resp 494703 991 pmu 1019543 560127 8279436 4174508 706096413
1790940556.452846 W 388 lat 574 3259 9962 0 exe 62981 244296 398981 resp 403055 996 pmu 1021566 515880 8285714 4173324 619413391
1790940557.408599 W 389 lat 574 3833 11111 0 exe 56851 253981 427907 resp 431277 993 pmu 1020171 527544 8281144 4174290 652145834
1790940558.460748 W 390 lat 574 4055 9574 0 exe 65074 268148 476611 resp 482500 994 pmu 1019365 542117 8271505 4174508 687709064
1790940559.406440 W 391 lat 574 4148 12518 0 exe 66648 274185 506851 resp 519370 994 pmu 1019311 536486 8274781 4175622 696361391
1790940560.464675 W 392 lat 574 4833 10018 0 exe 59796 310111 575500 resp 584240 993 pmu 1018516 566577 8277099 4175877 790000413
1790940561.404732 W 393 lat 592 4944 10574 0 exe 67222 306777 517388 resp 524592 994 pmu 1016217 577191 8262722 4176247 786083491
1790940562.452812 W 394 lat 592 5314 11481 0 exe 58333 352833 568111 resp 575351 995 pmu 1015657 654453 8256885 4176358 895918869
1790940563.396837 W 395 lat 629 5000 11925 0 exe 69759 317333 528129 resp 532833 993 pmu 1016029 577609 8259458 4176321 809009204
1790940564.452765 W 396 lat 1277 5314 12203 0 exe 61851 353907 575574 resp 584222 993 pmu 1015379 646929 8254611 4176617 900562112
1790940565.388918 W 397 lat 962 5481 10981 0 exe 71777 383481 530000 resp 538685 996 pmu 1012732 696394 8242076 4176613 969972733
1790940566.428883 W 398 lat 1240 5962 11462 0 exe 78000 437666 569148 resp 575444 998 pmu 1011537 793175 8234923 4176728 1099303844
1790940567.368878 W 399 lat 1351 5907 10703 0 exe 89648 430537 522685 resp 528481 999 pmu 1009623 778907 8216314 4176720 1086560168
1790940568.412927 W 400 lat 925 6000 11018 0 exe 73000 428833 549537 resp 557148 996 pmu 1011600 783682 8234937 4176646 1083096514
1790940569.460903 W 401 lat 1277 5888 11018 0 exe 64981 428518 530444 resp 534129 993 pmu 1010373 767966 8222230 4176724 1076147907
1790940570.408799 W 402 lat 1314 5611 12277 0 exe 83259 397222 566333 resp 573000 997 pmu 1013410 727249 8246362 4176646 1007151998
1790940571.456792 W 403 lat 1203 5481 10185 0 exe 61203 367370 529666 resp 533777 995 pmu 1013389 669475 8244011 4176609 932525671
1790940572.404737 W 404 lat 1240 5555 11111 0 exe 77759 383111 573185 resp 577888 996 pmu 1014168 688751 8249813 4176761 966679404
1790940573.456796 W 405 lat 1296 5388 10555 0 exe 79814 357629 520981 resp 526814 996 pmu 1013614 653375 8242624 4176687 909487477
1790940574.404921 W 406 lat 685 5537 11444 0 exe 67685 377037 572703 resp 577629 995 pmu 1014415 690987 8252324 4176687 957394739
1790940575.452910 W 407 lat 925 5592 12296 0 exe 63092 393722 535351 resp 540685 999 pmu 1012308 702502 8233255 4176728 994192569
1790940576.396873 W 408 lat 722 5407 11092 0 exe 62574 366796 581481 resp 587518 996 pmu 1015042 672564 8257718 4176543 932360352
1790940577.448879 W 409 lat 1148 5314 9611 0 exe 62888 357666 511222 resp 517759 995 pmu 1013664 649097 8246670 4176839 908335998
1790940578.404863 W 410 lat 1055 5222 10666 0 exe 73981 353148 586000 resp 593925 997 pmu 1015764 637098 8256814 4176728 896042531
1790940579.456879 W 411 lat 1129 5259 10333 0 exe 72777 346222 528703 resp 534314 993 pmu 1014530 636088 8246299 4176761 881419086
1790940580.408891 W 412 lat 1296 5240 11388 0 exe 60759 338666 513444 resp 518870 993 pmu 1015909 619457 8258562 4176650 861776392
1790940581.460760 W 413 lat 574 4796 11574 0 exe 46185 328259 530851 resp 535444 990 pmu 1016081 619638 8254279 4176058 835917093
1790940582.408874 W 414 lat 574 4037 10444 0 exe 60814 275555 574000 resp 582555 994 pmu 1020328 551699 8278363 4176136 702150958
1790940583.460921 W 415 lat 592 4111 10222 0 exe 61388 266981 494055 resp 502111 993 pmu 1019034 544353 8274848 4174767 685192229
1790940584.412760 W 416 lat 592 3925 11129 0 exe 67296 296314 578370 resp 586462 993 pmu 1021565 633525 8290569 4174619 754422275
1790940585.464602 W 417 lat 574 3888 9407 0 exe 56870 266333 417111 resp 422166 994 pmu 1019588 528875 8274157 4175137 679409841
1790940586.404885 W 418 lat 592 4222 11759 0 exe 61703 276037 577388 resp 584351 993 pmu 1019939 563139 8284231 4174549 711021129
1790940587.460864 W 419 lat 574 3296 9629 0 exe 62277 245722 407259 resp 412462 995 pmu 1021587 511404 8279659 4174323 619941691
1790940588.400887 W 420 lat 592 3648 10222 0 exe 60407 241592 403814 resp 409185 988 pmu 1020682 538973 8276819 4173735 625700303
1790940589.444717 W 421 lat 574 4129 10351 0 exe 65944 269629 416222 resp 421240 996 pmu 1019040 535716 8267292 4175803 689081971
1790940590.404858 W 422 lat 592 4222 10407 0 exe 59592 283981 581537 resp 587796 995 pmu 1020076 548175 8280802 4175285 722646380
1790940591.456770 W 423 lat 574 4018 10092 0 exe 47259 252074 445870 resp 450907 997 pmu 1019618 531386 8273936 4174804 648419908
1790940592.400922 W 424 lat 592 3574 9777 0 exe 62166 257148 529240 resp 534111 993 pmu 1020886 532931 8281146 4174582 654055166
1790940593.456738 W 425 lat 574 4148 11074 0 exe 62796 262203 487759 resp 492129 994 pmu 1019430 533378 8274702 4175141 674352333
1790940594.392761 W 426 lat 574 4148 10518 0 exe 64185 269111 571037 resp 578111 995 pmu 1020213 544245 8289114 4174878 690252729
1790940595.444864 W 427 lat 574 4074 11481 0 exe 59740 274240 524296 resp 528722 996 pmu 1019267 535101 8267706 4175359 698399056
1790940596.395026 W 428 lat 592 4703 10907 0 exe 64962 298074 511203 resp 516870 997 pmu 1017994 541412 8271559 4176210 759295017
1790940597.452737 W 429 lat 592 4611 11888 0 exe 66277 286203 569555 resp 575833 993 pmu 1018264 577972 8274835 4175433 738876780
1790940598.396492 W 430 lat 574 1944 8518 0 exe 18962 123444 383944 resp 387703 411 pmu 1022644 263303 8286124 4154898 315102925
1790940599.436484 W 431 lat 574 574 851 0 exe 18611 23666 120685 resp 121500 7 pmu 1024417 72793 8292990 4139954 58532257
1790940600.376759 W 432 lat 574 2740 9537 0 exe 18481 208222 544111 resp 547037 559 pmu 1032837 562533 8401713 4159259 527890898
1790940601.420742 W 433 lat 2500 4944 8796 0 exe 258351 367629 431944 resp 437592 1000 pmu 1043683 981806 8531185 4176954 936130498
1790940602.380772 W 434 lat 2351 4944 8685 0 exe 312833 366444 435759 resp 441574 1000 pmu 1043494 971713 8525232 4177053 933322695
1790940603.440770 W 435 lat 2203 4907 8666 0 exe 263518 364833 445685 resp 452685 1000 pmu 1043221 975837 8513965 4177053 929070011
1790940604.380766 W 436 lat 1759 4851 8259 0 exe 280407 366925 427018 resp 431111 1000 pmu 1043187 977223 8531652 4177053 934171995
1790940605.428751 W 437 lat 2407 4981 8592 0 exe 287055 366000 428722 resp 433166 1000 pmu 1043665 975329 8527043 4177053 932123070
1790940606.468733 W 438 lat 2518 4925 9944 0 exe 308148 365333 437629 resp 445870 1000 pmu 1043307 968955 8525531 4177053 930534948
1790940607.424767 W 439 lat 1574 4888 8629 0 exe 235129 360240 429444 resp 435166 1000 pmu 1042960 963098 8524134 4177053 918311202
1790940608.388660 W 440 lat 2611 4907 8407 0 exe 304518 365518 427037 resp 433870 1000 pmu 1043477 968504 8532746 4177053 931420448
1790940609.436747 W 441 lat 2259 4888 10129 0 exe 278000 364425 416462 resp 422592 1000 pmu 1043368 970875 8524585 4177053 928511572
1790940610.388751 W 442 lat 1981 4888 7962 0 exe 242444 362351 428203 resp 432777 1000 pmu 1042902 962180 8521223 4177086 923265275
1790940611.448807 W 443 lat 1370 4925 8907 0 exe 251944 364240 421092 resp 428203 1000 pmu 1043336 969588 8523123 4177016 928201078
1790940612.388768 W 444 lat 2444 4925 9388 0 exe 300925 365796 422759 resp 428888 1000 pmu 1043627 970119 8526555 4177053 931588221
1790940613.440794 W 445 lat 2055 4888 8648 0 exe 267777 365981 430500 resp 436833 1000 pmu 1043533 972581 8525519 4177053 932441912
1790940614.384736 W 446 lat 1555 4777 8407 0 exe 229037 362092 427425 resp 433444 1000 pmu 1042449 973798 8512078 4177016 922311373
1790940615.428752 W 447 lat 1296 4851 10574 0 exe 172222 368018 422740 resp 429925 1000 pmu 1043841 999032 8528568 4177016 937354272
1790940616.468727 W 448 lat 2111 4944 9018 0 exe 301037 368018 424333 resp 428000 1000 pmu 1043526 977712 8525953 4177086 937067853
1790940617.404737 W 449 lat 1481 4851 8611 0 exe 243685 364148 422111 resp 425981 1000 pmu 1043059 971142 8522306 4177016 927629960
1790940618.448736 W 450 lat 1685 4907 8685 0 exe 277203 364833 424870 resp 430592 1000 pmu 1043263 969204 8531383 4177053 929286672
1790940619.388760 W 451 lat 1796 4870 9296 0 exe 289314 365944 418703 resp 425351 1000 pmu 1043735 973047 8526751 4177053 932192317
1790940620.440733 W 452 lat 1944 4925 9148 0 exe 271444 367481 427555 resp 433425 1000 pmu 1043533 975085 8533951 4177053 935565523
1790940621.384759 W 453 lat 2037 4944 9444 0 exe 267888 364722 422722 resp 430648 1000 pmu 1043374 971044 8523041 4177053 929333097
1790940622.424760 W 454 lat 2148 4944 9277 0 exe 263574 364092 433185 resp 437962 1000 pmu 1043196 966779 8522954 4177053 927741612
1790940623.464749 W 455 lat 2129 5000 9500 0 exe 276018 365500 417962 resp 424018 1000 pmu 1043513 970140 8518607 4177053 931177679
1790940624.400728 W 456 lat 1537 4944 8537 0 exe 249240 362629 422759 resp 428537 1000 pmu 1043131 963496 8517442 4177053 923797047
1790940625.444748 W 457 lat 1851 4925 9833 0 exe 267111 364722 430037 resp 435685 1000 pmu 1043391 970599 8528977 4177053 929389140
1790940626.380743 W 458 lat 2481 5055 8777 0 exe 304166 367537 418148 resp 424796 1000 pmu 1043762 973908 8528817 4177053 936187632
1790940627.420778 W 459 lat 1537 5037 9037 0 exe 278018 368185 429814 resp 436185 1000 pmu 1043335 982026 8519402 4177053 937456676
1790940628.460804 W 460 lat 1759 5092 9648 0 exe 275925 366425 435574 resp 440722 1000 pmu 1043327 974811 8521212 4177053 933028420
1790940629.400777 W 461 lat 2148 4944 8851 0 exe 277166 368129 420277 resp 423333 1000 pmu 1043207 981154 8515935 4177053 936937442
1790940630.440762 W 462 lat 2388 4981 9611 0 exe 296203 370629 427611 resp 433444 1000 pmu 1043575 986445 8527817 4177053 943036379
1790940631.376755 W 463 lat 2166 4851 8814 0 exe 258425 363333 422962 resp 428166 1000 pmu 1042610 972712 8508136 4177053 925421608
1790940632.416802 W 464 lat 2185 5074 10925 0 exe 290574 365166 422444 resp 428944 1000 pmu 1043708 969901 8526522 4177053 930298442
1790940633.456744 W 465 lat 2555 5074 9203 0 exe 308296 366481 430203 resp 435259 1000 pmu 1043503 971732 8524771 4177086 933500699
1790940634.396777 W 466 lat 1555 5000 9666 0 exe 268500 364055 420351 resp 425351 1000 pmu 1043376 968973 8520371 4177053 927493310
1790940635.436764 W 467 lat 1592 4870 8611 0 exe 264833 368518 440666 resp 446537 1000 pmu 1043313 978789 8520612 4177053 938089141
1790940636.372751 W 468 lat 1685 4888 8851 0 exe 251148 366685 420129 resp 426388 1000 pmu 1043307 977900 8521030 4177053 933719458
1790940637.412740 W 469 lat 1759 4888 9296 0 exe 276592 367611 438129 resp 444148 1000 pmu 1043324 976299 8520608 4177053 935724993
1790940638.456759 W 470 lat 1574 4870 8740 0 exe 219666 368333 421333 resp 425740 1000 pmu 1043476 982343 8524662 4177053 937714189
1790940639.392774 W 471 lat 2648 4907 9277 0 exe 305833 368370 429481 resp 434111 1000 pmu 1043580 976322 8523003 4177053 937743625
1790940640.432763 W 472 lat 2129 4870 8222 0 exe 226537 366240 426185 resp 432611 1000 pmu 1043367 977267 8524777 4177053 932607082
1790940641.368780 W 473 lat 2092 4907 8703 0 exe 282981 364814 432537 resp 438314 1000 pmu 1043406 967551 8527996 4177053 929297270
1790940642.412742 W 474 lat 1500 4907 8148 0 exe 268574 364277 422481 resp 428796 1000 pmu 1043333 967783 8518212 4177053 928363400
1790940643.452781 W 475 lat 1685 4925 8759 0 exe 252981 364814 424537 resp 430666 1000 pmu 1043302 966299 8520766 4177053 929129688
1790940644.388761 W 476 lat 1629 4888 8574 0 exe 221888 364851 419277 resp 424444 1000 pmu 1043485 968609 8525393 4177053 929638657
1790940645.432769 W 477 lat 1407 4796 8611 0 exe 133351 361944 437277 resp 443703 1000 pmu 1042978 984192 8522085 4177016 922591208
1790940646.368775 W 478 lat 2333 4851 9166 0 exe 283259 371111 432870 resp 438740 1000 pmu 1043552 990985 8531344 4177053 944201359
1790940647.408706 W 479 lat 1777 4777 8814 0 exe 285370 366537 429166 resp 435092 1000 pmu 1042583 979502 8513638 4177053 932807553
1790940648.460798 W 480 lat 1796 4925 8555 0 exe 248740 364907 413962 resp 418296 1000 pmu 1043569 969661 8518451 4177053 929747377
1790940649.408790 W 481 lat 1425 4907 8407 0 exe 256129 366537 427611 resp 431240 1000 pmu 1043280 971437 8517788 4177053 933338159
1790940650.456770 W 482 lat 2222 4888 8740 0 exe 245944 365944 433611 resp 439518 1000 pmu 1043552 974703 8525500 4177016 932173216
1790940651.400756 W 483 lat 2000 4925 8722 0 exe 255962 365722 419203 resp 426407 1000 pmu 1043261 968217 8517314 4177053 931552691
1790940652.440754 W 484 lat 1703 4907 8462 0 exe 265500 366740 427833 resp 433296 1000 pmu 1043476 976157 8526064 4177053 933981050
1790940653.376788 W 485 lat 2296 4944 9537 0 exe 276759 366814 426351 resp 432500 1000 pmu 1043610 972813 8523741 4177053 934283950
1790940654.436766 W 486 lat 1740 4870 8722 0 exe 261259 364796 414574 resp 420055 1000 pmu 1043098 969564 8517658 4177053 929397297
1790940655.400659 W 487 lat 2981 4944 9981 0 exe 305666 365981 422148 resp 428925 1000 pmu 1043692 968808 8531099 4177053 932387640
1790940656.464792 W 488 lat 2074 5000 10148 0 exe 266185 363481 431259 resp 436444 1000 pmu 1043307 965503 8519825 4177053 926404787
1790940657.400757 W 489 lat 2444 4981 9277 0 exe 324648 367277 419333 resp 425703 1000 pmu 1043450 972189 8521861 4177086 935284981
1790940658.448802 W 490 lat 1314 4833 9500 0 exe 229370 359425 475370 resp 479203 1000 pmu 1041314 968529 8501959 4177016 916073737
1790940659.396775 W 491 lat 1518 5074 9407 0 exe 245296 365388 427018 resp 433962 1000 pmu 1043203 968408 8520927 4177053 930687406
1790940660.444495 W 492 lat 574 2870 8444 0 exe 19074 201277 424462 resp 429814 530 pmu 1034018 571175 8399385 4158812 511876290
1790940661.380456 W 493 lat 574 574 666 0 exe 18740 20981 48962 resp 49537 0 pmu 1024356 42074 8289033 4139954 51628774
1790940662.428490 W 494 lat 574 574 1722 0 exe 18000 30018 183481 resp 184074 44 pmu 1024176 138422 8289625 4139694 75023247
1790940663.376466 W 495 lat 574 574 592 0 exe 18500 21518 48759 resp 49333 0 pmu 1024400 47721 8284349 4139822 52905926
1790940664.428485 W 496 lat 555 574 1129 0 exe 18462 23722 116111 resp 116685 10 pmu 1024430 73196 8286277 4139657 58628083
1790940665.368460 W 497 lat 574 574 592 0 exe 18574 21333 48611 resp 49185 0 pmu 1024216 45517 8284636 4139789 52442049
1790940666.412487 W 498 lat 574 574 870 0 exe 18222 23481 114611 resp 115203 13 pmu 1024309 70235 8279964 4139657 58009901
1790940667.468461 W 499 lat 574 574 611 0 exe 18555 21555 50185 resp 50759 0 pmu 1024394 48349 8283717 4139764 52978592
1790940668.412491 W 500 lat 574 574 925 0 exe 18500 24037 117018 resp 117611 18 pmu 1024292 76738 8284272 4139657 59419769
1790940669.452459 W 501 lat 574 574 851 0 exe 18203 21148 50944 resp 51518 0 pmu 1024426 43638 8282191 4139756 52012026
1790940670.388493 W 502 lat 574 574 1722 0 exe 18722 23592 114129 resp 115851 14 pmu 1024342 71730 8283932 4139694 58315353
1790940671.428461 W 503 lat 555 574 611 0 exe 18592 21629 51888 resp 52462 0 pmu 1024362 48907 8281688 4139789 53168906
1790940672.468488 W 504 lat 574 574 1185 0 exe 18481 23611 110833 resp 111555 13 pmu 1024267 72070 8282657 4139657 58419884
1790940673.404465 W 505 lat 574 574 611 0 exe 18740 22648 74907 resp 75481 0 pmu 1024443 61073 8285942 4139789 55684526
1790940674.444493 W 506 lat 574 574 1037 0 exe 18518 23574 118444 resp 119148 12 pmu 1024320 71468 8285456 4139657 58311890
1790940675.380504 W 507 lat 574 574 1018 0 exe 18370 34500 186555 resp 187277 59 pmu 1024120 194179 8282014 4139789 86567306
1790940676.420496 W 508 lat 574 574 796 0 exe 18555 23314 112129 resp 112703 15 pmu 1024313 68219 8280271 4139822 57718943
1790940677.460461 W 509 lat 574 574 592 0 exe 18666 22796 98629 resp 99203 0 pmu 1024411 62787 8289406 4139756 55971899
1790940678.396533 W 510 lat 574 574 722 0 exe 18537 21240 112629 resp 113351 3 pmu 1024424 44545 8283967 4139657 52431963
1790940679.436465 W 511 lat 574 574 777 0 exe 18351 23759 120703 resp 121425 10 pmu 1024328 73764 8284507 4139723 58544260
1790940680.372466 W 512 lat 574 574 592 0 exe 18444 21759 60037 resp 60611 0 pmu 1024420 50876 8285843 4139756 53488401
1790940681.416489 W 513 lat 555 574 925 0 exe 18370 23537 113018 resp 113944 11 pmu 1024225 70947 8285562 4139657 58219299
1790940682.456495 W 514 lat 574 574 592 0 exe 18296 21018 46296 resp 46870 0 pmu 1024323 42361 8285873 4139756 51713432
1790940683.392465 W 515 lat 574 574 796 0 exe 19000 25407 114000 resp 114592 11 pmu 1024330 92185 8284580 4139657 62705543
1790940684.432491 W 516 lat 574 574 592 0 exe 18388 20981 42537 resp 43129 0 pmu 1024331 41711 8284306 4139756 51614722
1790940685.368464 W 517 lat 574 574 1203 0 exe 18592 23814 112666 resp 113388 11 pmu 1024392 74329 8291164 4139657 58856887
1790940686.408464 W 518 lat 574 574 870 0 exe 18611 21833 60203 resp 60777 0 pmu 1024425 51419 8290413 4139789 53693722
1790940687.448486 W 519 lat 574 574 851 0 exe 18777 23981 112018 resp 112611 16 pmu 1024370 76161 8292030 4139657 59283403
1790940688.384461 W 520 lat 555 574 611 0 exe 18518 21055 50907 resp 51500 0 pmu 1024365 42298 8285200 4139756 51777817
1790940689.424487 W 521 lat 574 574 796 0 exe 18462 23981 113259 resp 113888 14 pmu 1024278 76220 8280724 4139657 59307021
1790940690.464502 W 522 lat 574 574 592 0 exe 18462 21000 47351 resp 47925 0 pmu 1024396 42126 8285089 4139756 51675433
1790940691.404472 W 523 lat 574 574 962 0 exe 18537 25074 112037 resp 112611 17 pmu 1024432 88983 8288525 4139657 61998843
1790940692.444461 W 524 lat 574 574 611 0 exe 18611 21129 48222 resp 48796 0 pmu 1024465 43609 8288684 4139756 51967462
1790940693.380486 W 525 lat 574 574 814 0 exe 18462 24111 112740 resp 113351 15 pmu 1024415 77965 8285436 4139657 59618324
1790940694.420463 W 526 lat 574 574 592 0 exe 18425 21037 44592 resp 45166 0 pmu 1024420 42511 8282789 4139756 51734140
1790940695.460485 W 527 lat 574 574 962 0 exe 18500 24166 121962 resp 122740 13 pmu 1024275 78033 8286015 4139657 59754011
1790940696.396463 W 528 lat 574 574 592 0 exe 18666 21462 64425 resp 65000 0 pmu 1024460 47631 8287229 4139756 52813495
1790940697.436488 W 529 lat 574 574 796 0 exe 18500 24148 118555 resp 119148 14 pmu 1024347 78049 8288198 4139657 59731561
1790940698.376460 W 530 lat 574 574 592 0 exe 18333 21074 49703 resp 50277 0 pmu 1024343 42819 8286113 4139756 51834938
1790940699.416485 W 531 lat 574 574 851 0 exe 18611 24481 118870 resp 119722 19 pmu 1024250 81609 8284790 4139657 60527215
1790940700.456461 W 532 lat 574 574 592 0 exe 18444 21166 47555 resp 48129 0 pmu 1024327 43980 8285356 4139756 52074453
1790940701.392485 W 533 lat 574 574 962 0 exe 18703 23796 112648 resp 113240 12 pmu 1024365 74279 8289946 4139657 58898288
1790940702.432460 W 534 lat 555 574 611 0 exe 18277 21055 49111 resp 49685 0 pmu 1024398 42812 8285550 4139756 51805238
1790940703.368484 W 535 lat 574 574 833 0 exe 18685 24351 114833 resp 115462 11 pmu 1024385 80439 8287313 4139657 60146902
1790940704.408460 W 536 lat 574 574 592 0 exe 18592 20981 46574 resp 47166 0 pmu 1024331 41581 8284860 4139756 51623737
1790940705.448629 W 537 lat 574 574 870 0 exe 18500 27962 155462 resp 156111 31 pmu 1024334 121642 8288211 4139657 69570214
1790940706.384496 W 538 lat 574 574 1018 0 exe 18703 29777 130037 resp 130666 36 pmu 1024136 141686 8283926 4139789 74537700
1790940707.424484 W 539 lat 574 574 962 0 exe 18481 24518 123351 resp 123981 12 pmu 1024328 81807 8287338 4139822 60576283
1790940708.464461 W 540 lat 574 574 666 0 exe 18222 21203 48388 resp 48962 0 pmu 1024410 44467 8286036 4139756 52150312
1790940709.400486 W 541 lat 574 574 851 0 exe 18444 23944 114444 resp 115222 14 pmu 1024349 75913 8284316 4139657 59231148
1790940710.440462 W 542 lat 555 574 592 0 exe 18462 21055 54129 resp 54722 0 pmu 1024379 42661 8287728 4139756 51803602
1790940711.380486 W 543 lat 574 574 833 0 exe 18685 24814 123129 resp 123722 14 pmu 1024384 85479 8291318 4139657 61270924
1790940712.420466 W 544 lat 574 574 592 0 exe 18333 21537 53407 resp 53981 0 pmu 1024382 48059 8284785 4139756 52938723
1790940713.460486 W 545 lat 574 574 777 0 exe 18518 24185 115185 resp 115777 13 pmu 1024323 78457 8288020 4139657 59753513
1790940714.396459 W 546 lat 574 574 685 0 exe 18500 20962 45370 resp 45944 0 pmu 1024417 41602 8291344 4139756 51550406
1790940715.436482 W 547 lat 574 574 722 0 exe 18537 23962 119962 resp 120666 8 pmu 1024362 75883 8285385 4139657 59240844
1790940716.372459 W 548 lat 574 574 592 0 exe 18685 21222 47685 resp 48259 0 pmu 1024483 44536 8283572 4139723 52199419
1790940717.412483 W 549 lat 574 574 851 0 exe 18648 23962 107037 resp 107703 12 pmu 1024277 76019 8285115 4139657 59289380
1790940718.452464 W 550 lat 574 574 592 0 exe 18870 21351 48907 resp 49500 0 pmu 1024370 45879 8292928 4139756 52492224
1790940719.388484 W 551 lat 574 574 796 0 exe 18444 24425 109666 resp 110314 11 pmu 1024347 81400 8284476 4139657 60412623
1790940720.428459 W 552 lat 574 574 703 0 exe 18555 21000 47092 resp 47666 0 pmu 1024402 42045 8284466 4139756 51654403
1790940721.468488 W 553 lat 574 574 851 0 exe 18851 24148 135092 resp 135888 10 pmu 1024372 77796 8295189 4139657 59639867
1790940722.404484 W 554 lat 574 574 907 0 exe 18666 24148 110185 resp 110759 5 pmu 1024335 78063 8287837 4139756 59615252
1790940723.448486 W 555 lat 574 574 1944 0 exe 18888 23907 125444 resp 127388 8 pmu 1024363 75186 8293672 4139760 59066829
1790940724.389083 W 556 lat 574 2796 13148 0 exe 18629 235037 695833 resp 707000 427 pmu 1026817 454741 8332247 4153779 579695905
1790940725.428898 W 557 lat 611 6259 15740 0 exe 105851 514277 683370 resp 691055 1000 pmu 1033566 995405 8396649 4174212 1274514643
1790940726.469003 W 558 lat 3611 7703 14796 0 exe 262425 591925 685592 resp 692351 1000 pmu 1037698 1009304 8447995 4177086 1457140328
1790940727.409057 W 559 lat 574 3351 11944 0 exe 61351 309240 681425 resp 689592 698 pmu 1024498 885456 8313786 4159392 781858353
1790940728.448922 W 560 lat 1240 7092 14277 0 exe 285500 608851 719037 resp 725740 1000 pmu 1032988 1003773 8397834 4176913 1497125740
1790940729.384685 W 561 lat 574 2685 10444 0 exe 75555 300185 698481 resp 705185 930 pmu 1023626 934312 8307807 4160502 761020504
1790940730.436992 W 562 lat 574 4944 13185 0 exe 83203 456759 682462 resp 691092 994 pmu 1027327 971381 8347341 4172621 1134717083
1790940731.393092 W 563 lat 2592 7333 15518 0 exe 259518 572148 683425 resp 692240 1000 pmu 1035700 999553 8435880 4177020 1410037952
1790940732.436888 W 564 lat 574 5388 15074 0 exe 77018 456074 687851 resp 692462 890 pmu 1028531 949268 8354080 4170200 1132037389
1790940733.372708 W 565 lat 592 5444 12592 0 exe 85796 498740 701592 resp 706333 995 pmu 1024149 952433 8319206 4175540 1232630095
1790940734.412926 W 566 lat 574 3870 10185 0 exe 82648 390018 667462 resp 672444 961 pmu 1023822 940930 8309002 4165365 976825451
1790940735.456913 W 567 lat 592 4388 13370 0 exe 91037 402796 678333 resp 685796 976 pmu 1027242 939030 8346779 4169291 1008873610
1790940736.405051 W 568 lat 629 6574 15185 0 exe 108462 551592 692944 resp 706555 1000 pmu 1033991 1011135 8415097 4176428 1361379300
1790940737.461097 W 569 lat 722 6462 14981 0 exe 219259 558000 696425 resp 711407 1000 pmu 1026884 993764 8335145 4177008 1373670410
1790940738.400833 W 570 lat 574 4796 12777 0 exe 51388 457222 662444 resp 668425 948 pmu 1020820 924634 8286065 4172646 1131876190
1790940739.440674 W 571 lat 574 4592 11240 0 exe 89851 438388 670611 resp 676685 992 pmu 1024253 962477 8320414 4168288 1092413809
1790940740.380909 W 572 lat 574 3814 11166 0 exe 86314 359944 660537 resp 665592 948 pmu 1025232 934970 8320455 4166660 907030934
1790940741.420933 W 573 lat 796 6092 13944 0 exe 113000 532462 684759 resp 693777 1000 pmu 1030270 994791 8379781 4176506 1317593989
1790940742.461119 W 574 lat 1777 6314 14925 0 exe 224370 532907 693148 resp 699333 1000 pmu 1028608 977993 8363803 4177086 1315881794
1790940743.400648 W 575 lat 574 4388 13370 0 exe 69388 401203 676685 resp 684407 911 pmu 1027174 947593 8335845 4164132 1001332839
1790940744.465059 W 576 lat 574 5814 13777 0 exe 99574 527351 692037 resp 700500 1000 pmu 1026849 971731 8344369 4174763 1300634342
1790940745.421005 W 577 lat 574 4444 11703 0 exe 95722 417685 688425 resp 697351 1000 pmu 1025877 924488 8328822 4172724 1044291384
1790940746.376971 W 578 lat 574 3685 10629 0 exe 74666 341537 623574 resp 631111 861 pmu 1022474 883097 8299186 4165953 859294486
1790940747.428939 W 579 lat 740 6555 15648 0 exe 120555 574703 684574 resp 690703 1000 pmu 1030177 1002978 8375458 4176839 1413728945
1790940748.472522 W 580 lat 2296 6240 12444 0 exe 247000 564629 666518 resp 673944 1000 pmu 1027813 1013514 8349609 4177119 1389082225
1790940749.408956 W 581 lat 574 3574 12500 0 exe 67925 336018 644296 resp 649555 764 pmu 1024060 897604 8309481 4161020 841695452
1790940750.452853 W 582 lat 740 6462 12833 0 exe 166129 573240 710944 resp 716111 1000 pmu 1029430 1009128 8360041 4176876 1412441305
1790940751.388580 W 583 lat 574 3240 9296 0 exe 74185 319074 630870 resp 639277 883 pmu 1021833 878798 8285544 4164687 802721141
1790940752.432983 W 584 lat 574 5481 13611 0 exe 74333 490000 691425 resp 698277 986 pmu 1029166 978490 8364509 4173920 1215756465
1790940753.368835 W 585 lat 1203 6166 11777 0 exe 266351 556481 652333 resp 658962 1000 pmu 1027230 1005950 8350284 4177020 1369640270
1790940754.408827 W 586 lat 574 3870 10777 0 exe 69000 371888 646925 resp 652518 823 pmu 1023301 926830 8300924 4164942 929768723
1790940755.452959 W 587 lat 907 6462 13944 0 exe 180240 562074 689870 resp 697870 1000 pmu 1029193 983386 8369281 4176802 1384382486
1790940756.388594 W 588 lat 574 5092 11203 0 exe 92962 472611 689833 resp 698203 999 pmu 1024966 947907 8322960 4174940 1170955516
1790940757.428831 W 589 lat 574 3611 12833 0 exe 74314 347722 665981 resp 674407 848 pmu 1024267 923363 8316625 4162368 874621585
1790940758.368823 W 590 lat 592 5870 14018 0 exe 107814 528111 672685 resp 684129 1000 pmu 1028103 990946 8353388 4176210 1304555858
1790940759.408585 W 591 lat 574 5203 13425 0 exe 95462 469203 629166 resp 635537 996 pmu 1026409 955518 8339192 4173164 1163594989
1790940760.457087 W 592 lat 574 4611 12240 0 exe 68814 422351 671537 resp 679388 917 pmu 1025234 938371 8329586 4169065 1051388053
1790940761.404770 W 593 lat 1000 6388 14111 0 exe 175333 554055 690611 resp 696222 1000 pmu 1029237 988491 8357946 4176909 1363791966
1790940762.469005 W 594 lat 574 2796 11537 0 exe 75314 286055 664074 resp 672425 832 pmu 1022992 900537 8307590 4159729 728328098
1790940763.417018 W 595 lat 574 5759 14537 0 exe 97648 509314 676351 resp 684462 999 pmu 1030047 978958 8368538 4175063 1260899238
1790940764.464887 W 596 lat 1462 6296 11314 0 exe 153833 538740 645018 resp 650277 1000 pmu 1029611 985483 8369050 4176983 1329113174
1790940765.416878 W 597 lat 574 3407 12833 0 exe 87592 323462 685388 resp 693796 920 pmu 1023368 907615 8309183 4161579 814758338
1790940766.373078 W 598 lat 981 7148 13851 0 exe 122166 593259 694981 resp 703962 1000 pmu 1035554 1002494 8427361 4176839 1460244886
1790940767.444818 W 599 lat 574 3037 13722 0 exe 80777 310796 672203 resp 685925 928 pmu 1023835 935565 8300812 4160580 788992444
1790940768.388713 W 600 lat 574 5333 13333 0 exe 105166 497259 676592 resp 684648 1000 pmu 1027742 978405 8346982 4174989 1230743172
1790940769.428808 W 601 lat 777 6092 11462 0 exe 147962 516222 643555 resp 650574 1000 pmu 1028576 961815 8359897 4176716 1276727657
1790940770.468887 W 602 lat 574 3518 11685 0 exe 87592 344129 617851 resp 626962 956 pmu 1022803 930630 8301012 4163174 865125891
1790940771.421102 W 603 lat 796 6796 15500 0 exe 174148 568259 702222 resp 707222 1000 pmu 1033114 986978 8404739 4176580 1400298185
1790940772.368631 W 604 lat 574 4203 16333 0 exe 88851 380166 686055 resp 695833 993 pmu 1026136 947374 8331374 4164099 955718963
1790940773.420780 W 605 lat 574 4814 12574 0 exe 97351 452277 649629 resp 655277 998 pmu 1024169 951365 8313827 4172325 1123070813
1790940774.464743 W 606 lat 574 5925 12907 0 exe 112518 509870 666629 resp 671500 1000 pmu 1027350 961352 8348012 4176317 1259966361
1790940775.400601 W 607 lat 574 4611 12000 0 exe 91814 432740 661222 resp 667000 966 pmu 1023089 939318 8302975 4171573 1076892383
1790940776.440929 W 608 lat 592 6037 14000 0 exe 96648 521981 668055 resp 674944 995 pmu 1028955 963040 8370792 4175318 1288980588
1790940777.376585 W 609 lat 574 4629 13777 0 exe 95037 429500 679833 resp 685537 997 pmu 1025602 956657 8327777 4168510 1069078807
1790940778.420924 W 610 lat 574 4407 12851 0 exe 81666 428925 664592 resp 670907 968 pmu 1024203 960787 8330382 4168473 1068027221
1790940779.460955 W 611 lat 574 5500 12000 0 exe 93537 505055 658888 resp 664074 998 pmu 1026098 956627 8331706 4176058 1246451617
1790940780.396746 W 612 lat 574 4518 13666 0 exe 104148 400462 651722 resp 656370 1000 pmu 1023695 894509 8313412 4170841 999193623
1790940781.436959 W 613 lat 574 6222 15518 0 exe 101925 531500 706685 resp 718666 1000 pmu 1027891 973842 8349662 4175684 1311247454
1790940782.376584 W 614 lat 574 5296 14611 0 exe 114129 490148 686907 resp 695055 1000 pmu 1025838 965995 8332909 4173460 1211666291
1790940783.421061 W 615 lat 574 3851 10814 0 exe 77981 379148 645222 resp 652407 923 pmu 1023702 944565 8310466 4164321 947930101
1790940784.460497 W 616 lat 574 3925 12925 0 exe 18925 337777 666611 resp 677259 626 pmu 1027485 660679 8330337 4162076 834378789
1790940785.396466 W 617 lat 574 574 759 0 exe 18518 24185 123981 resp 124685 12 pmu 1024441 79087 8295638 4139987 59776067
1790940786.448527 W 618 lat 574 1018 9703 0 exe 18537 76185 799888 resp 807407 118 pmu 1023865 179124 8292851 4143012 187921745
1790940787.420474 W 619 lat 555 574 814 0 exe 23166 30592 117962 resp 118574 20 pmu 1024325 148834 8290045 4139921 76920861
1790940788.392468 W 620 lat 574 574 722 0 exe 20388 23962 49481 resp 50074 0 pmu 1024532 77666 8296666 4139789 59362703
1790940789.472497 W 621 lat 574 574 1111 0 exe 20092 26814 123074 resp 123685 22 pmu 1024251 108777 8288024 4139657 67340469
1790940790.440508 W 622 lat 574 574 685 0 exe 19796 24037 56296 resp 56870 0 pmu 1024529 78161 8290484 4139822 59585876
1790940791.412501 W 623 lat 574 574 1000 0 exe 22240 28925 121740 resp 122444 20 pmu 1024460 131394 8291811 4139657 72620381
1790940792.384470 W 624 lat 574 574 870 0 exe 20388 23629 68537 resp 69203 0 pmu 1024510 74347 8293969 4139822 58679308
1790940793.452499 W 625 lat 574 574 1000 0 exe 20296 27907 119000 resp 119703 14 pmu 1024343 120980 8288968 4139657 70200364
1790940794.420472 W 626 lat 574 574 703 0 exe 20129 23240 57166 resp 57740 0 pmu 1024470 69735 8291561 4139822 57632389
1790940795.392500 W 627 lat 555 574 1000 0 exe 20296 27629 115907 resp 116907 19 pmu 1024323 117700 8290010 4139657 69451902
1790940796.472512 W 628 lat 574 574 814 0 exe 20166 23722 54981 resp 55555 0 pmu 1024510 75116 8293369 4139822 58927806
1790940797.436506 W 629 lat 574 592 1240 0 exe 20037 39037 135111 resp 136351 101 pmu 1024093 242877 8295081 4139657 101133984
1790940798.404475 W 630 lat 574 574 722 0 exe 19981 23611 71148 resp 71740 0 pmu 1024456 74157 8289570 4139888 58651157
1790940799.376498 W 631 lat 574 574 870 0 exe 20259 27462 115981 resp 116592 19 pmu 1024365 115747 8288621 4139657 69062240
1790940800.424473 W 632 lat 574 574 703 0 exe 20277 23425 56074 resp 56648 0 pmu 1024447 71595 8288156 4139789 58124060
1790940801.464497 W 633 lat 574 574 907 0 exe 19962 26814 118037 resp 118851 17 pmu 1024386 108764 8288862 4139657 67272173
1790940802.400478 W 634 lat 574 574 722 0 exe 20592 24314 56037 resp 56629 0 pmu 1024439 81397 8289274 4139789 60398262
1790940803.440498 W 635 lat 574 574 1425 0 exe 20037 27611 123407 resp 124370 17 pmu 1024340 117352 8285292 4139657 69376372
1790940804.376473 W 636 lat 574 574 814 0 exe 20407 23611 69000 resp 69574 0 pmu 1024481 73661 8292182 4139822 58633356
1790940805.416502 W 637 lat 574 574 1074 0 exe 20648 29962 114166 resp 115000 24 pmu 1024376 142968 8289112 4139657 75203088
1790940806.456470 W 638 lat 574 574 703 0 exe 19888 23240 58518 resp 59092 0 pmu 1024472 69462 8289420 4139822 57608537
1790940807.392497 W 639 lat 574 574 981 0 exe 20555 26907 115777 resp 116740 18 pmu 1024420 110197 8291298 4139657 67511373
1790940808.432477 W 640 lat 574 574 833 0 exe 20388 24148 62037 resp 62611 0 pmu 1024504 79760 8292598 4139789 59999546
1790940809.368498 W 641 lat 574 574 1018 0 exe 20555 26703 119611 resp 120611 16 pmu 1024439 107637 8290565 4139657 66929007
1790940810.408480 W 642 lat 574 574 703 0 exe 20370 24018 57296 resp 57888 0 pmu 1024473 78054 8288843 4139822 59636862
1790940811.452497 W 643 lat 574 574 1074 0 exe 20222 27370 119314 resp 120166 18 pmu 1024387 114277 8287061 4139657 68697878
1790940812.388474 W 644 lat 574 574 703 0 exe 20370 23277 50185 resp 50851 0 pmu 1024440 69977 8286087 4139822 57772509
1790940813.428496 W 645 lat 574 574 1166 0 exe 19833 27092 116259 resp 116962 19 pmu 1024382 111337 8289966 4139657 67999800
1790940814.468477 W 646 lat 574 574 851 0 exe 20314 24092 57425 resp 58000 0 pmu 1024553 79066 8290006 4139822 59821627
1790940815.404494 W 647 lat 574 574 944 0 exe 20388 27962 118370 resp 119055 25 pmu 1024419 121475 8290104 4139657 70333171
1790940816.444478 W 648 lat 574 574 703 0 exe 20296 23685 53037 resp 53611 0 pmu 1024541 74957 8290758 4139789 58805259
1790940817.380494 W 649 lat 555 574 833 0 exe 20351 26351 132018 resp 132851 14 pmu 1024414 103472 8290085 4139657 66069293
1790940818.420472 W 650 lat 574 574 703 0 exe 20129 23277 47592 resp 48166 0 pmu 1024538 70419 8292511 4139789 57713453
1790940819.460495 W 651 lat 574 574 944 0 exe 20185 27055 127259 resp 127944 18 pmu 1024411 111225 8289652 4139657 68004244
1790940820.396478 W 652 lat 574 574 685 0 exe 20037 23740 52296 resp 52981 0 pmu 1024330 74814 8282360 4139789 58945248
1790940821.436497 W 653 lat 574 574 1166 0 exe 20018 26870 136925 resp 137703 14 pmu 1024346 109290 8286492 4139657 67396330
1790940822.372479 W 654 lat 574 574 685 0 exe 20296 23555 50666 resp 51240 0 pmu 1024450 73170 8287652 4139822 58450966
1790940823.412494 W 655 lat 574 574 962 0 exe 20407 28055 126592 resp 127185 23 pmu 1024449 122780 8292832 4139657 70637007
1790940824.452472 W 656 lat 574 574 814 0 exe 20425 23314 50907 resp 51500 0 pmu 1024526 70582 8295156 4139789 57811527
1790940825.388494 W 657 lat 574 574 1000 0 exe 20259 26629 117148 resp 118111 15 pmu 1024411 106953 8292277 4139657 66848042
1790940826.428478 W 658 lat 574 574 814 0 exe 20148 23981 53629 resp 54222 0 pmu 1024498 77940 8293796 4139822 59588075
1790940827.468505 W 659 lat 574 592 1777 0 exe 20500 40666 162055 resp 163833 108 pmu 1024101 260253 8292853 4139694 105514925
1790940828.404478 W 660 lat 574 574 685 0 exe 20259 24240 68037 resp 68629 0 pmu 1024422 81146 8295034 4139888 60262295
1790940829.444497 W 661 lat 574 574 814 0 exe 20203 27055 120703 resp 121444 19 pmu 1024353 111258 8287404 4139657 68007646
1790940830.380476 W 662 lat 574 574 740 0 exe 21888 24907 51962 resp 52555 0 pmu 1024471 87543 8287472 4139789 61730826
1790940831.420494 W 663 lat 574 574 907 0 exe 20888 27944 125685 resp 126592 16 pmu 1024458 121133 8292364 4139657 70244067
1790940832.460481 W 664 lat 574 574 703 0 exe 20333 24444 49296 resp 49888 0 pmu 1024382 82609 8287814 4139789 60637987
1790940833.396495 W 665 lat 574 574 851 0 exe 20833 27222 125129 resp 125703 16 pmu 1024380 113472 8289791 4139657 68397770
1790940834.436476 W 666 lat 574 574 703 0 exe 20296 23222 51629 resp 52296 0 pmu 1024452 69663 8291410 4139789 57611756
1790940835.376501 W 667 lat 574 574 1148 0 exe 20444 27722 124870 resp 125481 14 pmu 1024391 118746 8290719 4139657 69673940
1790940836.416473 W 668 lat 574 574 740 0 exe 20351 23092 51111 resp 51703 0 pmu 1024399 67988 8287120 4139822 57288969
1790940837.456500 W 669 lat 574 574 1277 0 exe 20240 29018 120222 resp 121500 22 pmu 1024407 132553 8292498 4139657 72982209
1790940838.392481 W 670 lat 574 574 703 0 exe 20981 25740 50703 resp 51277 0 pmu 1024427 96470 8289325 4139822 63922889
1790940839.432496 W 671 lat 574 574 981 0 exe 20574 28092 124000 resp 124759 17 pmu 1024409 122784 8293473 4139657 70667999
1790940840.368473 W 672 lat 574 574 833 0 exe 20018 23203 50648 resp 51222 0 pmu 1024472 69357 8291006 4139789 57565804
1790940841.408496 W 673 lat 574 574 1111 0 exe 20351 26796 121703 resp 122425 19 pmu 1024333 108840 8287430 4139657 67393000
1790940842.448486 W 674 lat 574 574 777 0 exe 20370 25148 56018 resp 56611 0 pmu 1024482 90429 8291070 4139822 62566313
1790940843.384497 W 675 lat 574 574 888 0 exe 20481 28314 121166 resp 122055 20 pmu 1024404 125326 8288115 4139657 71297232
1790940844.424480 W 676 lat 574 574 740 0 exe 20037 23500 51611 resp 52185 0 pmu 1024537 72766 8292564 4139789 58334046
1790940845.464497 W 677 lat 555 574 1259 0 exe 20574 26962 131370 resp 131981 14 pmu 1024408 110380 8290742 4139657 67861380
1790940846.400489 W 678 lat 555 574 814 0 exe 18925 28759 160500 resp 161074 27 pmu 1024383 130481 8289827 4139822 71700697
1790940847.440487 W 679 lat 574 574 814 0 exe 18481 24240 116092 resp 116833 9 pmu 1024421 79345 8292209 4139789 59846274
1790940848.376496 W 680 lat 574 574 1277 0 exe 18481 28814 134166 resp 134814 63 pmu 1024323 126721 8293044 4139760 72165543
1790940849.416487 W 681 lat 574 574 1037 0 exe 18462 24203 121981 resp 122666 9 pmu 1024434 79031 8290856 4139822 59812317
1790940850.460481 W 682 lat 574 574 740 0 exe 17981 23259 111648 resp 112388 5 pmu 1024474 68686 8288626 4139756 57320011
1790940851.396485 W 683 lat 574 574 777 0 exe 18703 24370 130759 resp 131351 8 pmu 1024373 80497 8289461 4139723 60184693
1790940852.436463 W 684 lat 574 574 611 0 exe 18555 21407 49777 resp 50370 0 pmu 1024530 47467 8293549 4139723 52646605
1790940853.372488 W 685 lat 574 574 870 0 exe 18277 23629 112092 resp 112685 9 pmu 1024390 72748 8292420 4139657 58417791
1790940854.412456 W 686 lat 574 574 592 0 exe 18574 21000 47092 resp 47685 0 pmu 1024462 42566 8288732 4139723 51657641
1790940855.452486 W 687 lat 574 574 740 0 exe 18833 24148 114888 resp 115555 8 pmu 1024345 78221 8287596 4139657 59652184
1790940856.388455 W 688 lat 574 574 592 0 exe 18296 21037 51703 resp 52296 0 pmu 1024476 42740 8292546 4139723 51745516
1790940857.428500 W 689 lat 574 574 1277 0 exe 18574 42888 174648 resp 175574 112 pmu 1023991 290208 8292119 4139657 109298641
1790940858.468465 W 690 lat 574 574 592 0 exe 18425 21759 50333 resp 50907 0 pmu 1024466 51386 8288006 4139888 53508616
1790940859.408484 W 691 lat 574 574 759 0 exe 18240 23833 111203 resp 111888 9 pmu 1024459 75207 8290275 4139657 58912400
1790940860.448456 W 692 lat 574 574 611 0 exe 18592 21185 48425 resp 49018 0 pmu 1024509 44802 8292388 4139723 52094836
1790940861.384486 W 693 lat 574 574 962 0 exe 18611 23500 121277 resp 121907 8 pmu 1024438 70939 8284608 4139657 58084891
1790940862.424456 W 694 lat 574 574 592 0 exe 18462 21185 51555 resp 52129 0 pmu 1024549 44858 8296128 4139723 52103831
1790940863.464483 W 695 lat 574 574 759 0 exe 18537 23814 124870 resp 125537 9 pmu 1024412 74117 8289164 4139657 58815025
1790940864.400462 W 696 lat 574 574 592 0 exe 18666 21537 49351 resp 49944 0 pmu 1024495 48746 8292160 4139723 52967451
1790940865.440484 W 697 lat 574 574 888 0 exe 18592 23574 114407 resp 114981 8 pmu 1024384 71759 8286276 4139657 58222961
1790940866.376457 W 698 lat 555 574 592 0 exe 18481 21148 46592 resp 47166 0 pmu 1024420 44027 8290649 4139723 51998645
1790940867.420485 W 699 lat 574 574 851 0 exe 18518 23592 116703 resp 117296 8 pmu 1024405 72228 8291349 4139657 58332310
