1790890800.466801 <missed 25111 bytes of console log>
1790890800.466910 18 0 exe 18574 19259 19981 resp 20444 0 pmu 789949 100 6366697 6952735 30900602
1790890800.466969 W 143 lat 444 462 666 0 exe 18592 20648 105851 resp 106499 1 pmu 790240 14274 6369937 6157347 33504337
1790890800.467023 W 144 lat 444 462 518 0 exe 18759 19240 19777 resp 20259 0 pmu 788223 251 6354761 7024985 30927765
1790890800.467079 W 145 lat 444 462 629 0 exe 18703 20574 97870 resp 98370 0 pmu 790061 13660 6370256 6156323 33348430
1790890800.467129 W 146 lat 444 462 518 0 exe 18740 19259 19925 resp 20407 0 pmu 790559 59 6373319 6944295 30890230
1790890800.467180 W 147 lat 444 462 592 0 exe 18703 20611 99925 resp 100425 1 pmu 790302 13771 6372168 6157679 33384550
1790890800.467231 W 148 lat 444 462 518 0 exe 18685 19222 19907 resp 20370 0 pmu 788370 125 6354361 6964899 30878083
1790890800.467282 W 149 lat 444 462 685 0 exe 18648 20685 102870 resp 103370 1 pmu 791101 14544 6379997 6156990 33501306
1790890800.467332 W 150 lat 444 462 537 0 exe 18814 19277 19888 resp 20370 0 pmu 790697 242 6377139 6994890 30962750
1790890800.467383 W 151 lat 444 462 629 0 exe 18685 20629 98037 resp 98666 0 pmu 790723 13891 6376329 6157983 33338031
1790890800.467432 W 152 lat 444 462 518 0 exe 18796 19277 19851 resp 20314 0 pmu 790077 230 6373643 6946901 30920426
1790890800.467484 W 153 lat 444 462 555 0 exe 18648 20648 102370 resp 102851 1 pmu 790162 14088 6374662 6157262 33388875
1790890800.467533 W 154 lat 444 462 537 0 exe 18740 19222 19833 resp 20314 0 pmu 788613 62 6356814 6988979 30876138
1790890800.467585 W 155 lat 444 462 592 0 exe 18703 20629 101018 resp 101481 1 pmu 790364 14037 6375554 6156706 33356530
1790890800.467638 W 156 lat 351 462 1648 0 exe 15444 36629 250814 resp 251407 108 pmu 812218 178644 6558914 6976057 77014455
1790890800.467661 Closing cell "rt-bench"
1790890800.467687 [MG] Initializing memguard on CPU 3
1790890800.467712 [SMMUv2] Exiting SMMUv2 on cell 1
1790890800.467752 Page pool usage after cell destruction: mem 77/4061, remap 5/131072
1790890800.467779 [MG] Initializing memguard on CPU 3
1790890800.467805 [MG] Initializing memguard on CPU 3
1790890800.467830 [MG] Initializing memguard on CPU 3
1790890800.467851 Created cell "rt-bench"
1790890800.467887 Page pool usage after cell creation: mem 88/4061, remap 5/131072
1790890800.467913 [MG] Initializing memguard on CPU 3
1790890800.467936 Cell "rt-bench" can be loaded
1790890800.467957 Started cell "rt-bench"
1790890800.467982 [MG] Initializing memguard on CPU 3
1790890800.468014 rt-bench: ws 768 KB, 1024 loads/period, window 1000
1790890801.505550 W 0 lat 314 462 1018 0 exe 18648 23111 107648 resp 108092 1 pmu 792008 43746 6387135 5307440 42045245
1790890802.441518 W 1 lat 296 296 648 0 exe 12925 15222 102648 resp 103148 1 pmu 791527 17990 6384910 7055370 38691689
1790890803.481535 W 2 lat 296 296 425 0 exe 12851 14518 89722 resp 90037 0 pmu 791426 14264 6386572 6934942 37865777
1790890804.521519 W 3 lat 296 296 351 0 exe 12833 13370 19555 resp 19870 0 pmu 791331 821 6377048 6799826 34263601
1790890805.457535 W 4 lat 296 296 833 0 exe 12833 14518 87407 resp 88240 0 pmu 791097 14160 6379767 6091790 37365212
1790890806.499190 W 5 lat 296 296 351 0 exe 12870 13296 16333 resp 16629 0 pmu 789937 290 6375677 6781133 33958908
1790890806.601526 [MG] memguard_call 1000 20000 1 (CPU 0)
1790890806.601586 [MG] memguard_call 1000 20000 1 (CPU 1)
1790890806.601612 [MG] memguard_call 1000 20000 1 (CPU 2)
1790890807.433539 W 6 lat 296 296 1259 0 exe 12925 18037 147851 resp 149111 2 pmu 792822 53115 6396308 6059417 49248429
1790890808.473510 W 7 lat 296 296 333 0 exe 12870 13277 14148 resp 14444 0 pmu 789303 149 6364022 7407960 34269708
1790890809.513535 W 8 lat 296 296 722 0 exe 12888 14555 102592 resp 103129 1 pmu 789873 14472 6371236 6037196 37384517
1790890810.449505 W 9 lat 296 296 351 0 exe 12851 13277 14148 resp 14444 0 pmu 790959 81 6378149 6931516 33965426
1790890811.489533 W 10 lat 296 296 444 0 exe 12888 14518 92259 resp 92648 0 pmu 792321 13994 6386446 6037200 37329597
1790890812.529508 W 11 lat 296 296 351 0 exe 12907 13277 14351 resp 14685 0 pmu 790579 97 6370977 6825769 33924404
1790890813.465533 W 12 lat 296 296 518 0 exe 12870 14537 91518 resp 91833 0 pmu 790882 14260 6377200 6039851 37424262
1790890814.505511 W 13 lat 296 296 351 0 exe 12851 13277 14203 resp 14518 0 pmu 789795 109 6369169 6818284 33897248
1790890815.441534 W 14 lat 296 296 499 0 exe 12907 14462 95203 resp 95537 0 pmu 791581 13348 6385264 6037922 37154322
1790890816.481512 W 15 lat 296 296 333 0 exe 12907 13277 13925 resp 14222 0 pmu 790669 106 6375610 6855054 33921529
1790890817.521536 W 16 lat 296 296 555 0 exe 12944 14555 94185 resp 94740 0 pmu 791415 14377 6384066 6035229 37407440
1790890818.457510 W 17 lat 296 296 333 0 exe 12870 13296 13833 resp 14148 0 pmu 791093 147 6379942 6846901 33945345
1790890819.497535 W 18 lat 296 296 444 0 exe 12833 14574 108907 resp 109351 1 pmu 790435 14390 6370188 6034336 37411679
1790890820.433534 W 19 lat 296 296 351 0 exe 12907 13388 19870 resp 20203 0 pmu 791355 1004 6383758 6992572 34418620
1790890821.473535 W 20 lat 296 296 388 0 exe 12870 14537 90574 resp 90907 0 pmu 790549 14105 6376963 6095476 37388040
1790890822.513514 W 21 lat 296 296 351 0 exe 12888 13277 14370 resp 14666 0 pmu 789943 113 6368272 6808393 33887647
1790890823.449542 W 22 lat 296 296 555 0 exe 12925 14518 81203 resp 81611 0 pmu 792182 14139 6388732 6039749 37342116
1790890824.489516 W 23 lat 296 296 351 0 exe 12907 13314 14555 resp 14851 0 pmu 791764 165 6382736 6715983 33918056
1790890825.529536 W 24 lat 296 296 1111 0 exe 12907 14592 90648 resp 91074 0 pmu 790882 14718 6375046 6041850 37530516
1790890826.465513 W 25 lat 296 296 333 0 exe 12814 13296 14370 resp 14703 0 pmu 790879 138 6377319 6813584 33928748
1790890827.505540 W 26 lat 296 296 425 0 exe 12870 14499 100925 resp 101240 1 pmu 791132 13771 6382186 6039529 37238792
1790890828.441517 W 27 lat 296 296 370 0 exe 12851 13277 14499 resp 14851 0 pmu 788994 177 6363127 6911801 33965451
1790890829.481536 W 28 lat 296 296 425 0 exe 12833 14537 91629 resp 92037 0 pmu 790433 14302 6379179 6041210 37403630
1790890830.521516 W 29 lat 296 296 351 0 exe 12814 13296 14018 resp 14333 0 pmu 789964 133 6370573 6819224 33933928
1790890831.461534 W 30 lat 296 296 537 0 exe 12833 14499 97277 resp 97592 0 pmu 791501 13905 6375529 6035960 37309253
1790890832.501512 W 31 lat 296 296 333 0 exe 12851 13277 14129 resp 14425 0 pmu 791067 126 6368457 6875807 33947334
1790890833.437534 W 32 lat 296 296 518 0 exe 12925 14592 97222 resp 97740 0 pmu 790562 14846 6373272 6037056 37504962
1790890834.477514 W 33 lat 296 296 388 0 exe 12907 13277 14277 resp 14592 0 pmu 789076 139 6363426 6877041 33922205
1790890835.517535 W 34 lat 296 296 499 0 exe 12907 14518 100407 resp 100833 1 pmu 791269 13953 6385913 6039188 37275678
1790890836.453515 W 35 lat 296 296 333 0 exe 12907 13259 14018 resp 14314 0 pmu 789500 84 6369437 6907891 33920942
1790890837.493534 W 36 lat 296 296 481 0 exe 12888 14592 89814 resp 90277 0 pmu 791179 14882 6374372 6035977 37521684
1790890838.533514 W 37 lat 296 296 351 0 exe 12833 13296 14148 resp 14444 0 pmu 790233 167 6367593 6802366 33910614
1790890839.469533 W 38 lat 296 296 388 0 exe 12851 14462 97370 resp 97666 0 pmu 791037 13334 6372988 6037265 37152396
1790890840.509527 W 39 lat 296 296 333 0 exe 12888 13277 13962 resp 14259 0 pmu 790209 69 6369881 6875828 33922392
1790890841.445535 W 40 lat 296 296 425 0 exe 12925 14314 83351 resp 83648 0 pmu 791097 11612 6376293 6035543 36853520
1790890842.485511 W 41 lat 296 296 351 0 exe 12907 13277 13814 resp 14129 0 pmu 790721 82 6372608 6735264 33838179
1790890843.525537 W 42 lat 296 296 574 0 exe 12833 14462 93185 resp 93499 0 pmu 790909 13464 6377220 6034269 37211051
1790890844.461511 W 43 lat 296 296 333 0 exe 12777 13277 14148 resp 14444 0 pmu 790333 107 6371275 6834742 33915980
1790890845.501535 W 44 lat 296 296 462 0 exe 12888 14499 97925 resp 98259 0 pmu 790205 13730 6371661 6036852 37232064
1790890846.437510 W 45 lat 296 296 388 0 exe 12925 13259 13722 resp 14037 0 pmu 789860 73 6367840 6882185 33899280
1790890847.477535 W 46 lat 296 296 481 0 exe 12907 14425 89796 resp 90185 0 pmu 791308 12973 6379484 6033539 37090286
1790890848.517515 W 47 lat 296 296 333 0 exe 12851 13277 13870 resp 14166 0 pmu 789942 102 6366738 6800998 33876564
1790890849.453534 W 48 lat 296 296 444 0 exe 12944 14555 87703 resp 88111 0 pmu 791108 14501 6377730 6034479 37443074
1790890850.493512 W 49 lat 296 296 370 0 exe 12925 13277 14055 resp 14370 0 pmu 791217 94 6384647 6780747 33893504
1790890851.433541 W 50 lat 296 296 481 0 exe 12833 14425 96037 resp 96407 0 pmu 790846 12932 6376064 6036920 37086876
1790890852.473510 W 51 lat 296 296 333 0 exe 12870 13277 13851 resp 14148 0 pmu 790986 71 6374526 6862924 33920365
1790890853.513536 W 52 lat 296 296 666 0 exe 12833 14407 91777 resp 92185 0 pmu 791399 12719 6383323 6034301 37070590
1790890854.449515 W 53 lat 296 296 333 0 exe 12814 13277 13962 resp 14259 0 pmu 788833 99 6360619 6821365 33892083
1790890855.489536 W 54 lat 296 296 499 0 exe 12648 14555 83796 resp 84240 0 pmu 790902 14367 6378864 6035136 37356309
1790890856.529512 W 55 lat 296 296 351 0 exe 12814 13277 14074 resp 14388 0 pmu 791423 82 6379397 6740768 33852571
1790890857.465536 W 56 lat 296 296 444 0 exe 12870 14388 85759 resp 86111 0 pmu 790162 12718 6369346 6036474 37032721
1790890858.505511 W 57 lat 296 296 351 0 exe 12907 13277 14148 resp 14444 0 pmu 789392 138 6367252 6759869 33852391
1790890859.441540 W 58 lat 296 296 407 0 exe 12907 14499 92499 resp 92814 0 pmu 791268 13624 6377073 6037650 37224072
1790890860.481512 W 59 lat 296 296 333 0 exe 12907 13296 14407 resp 14722 0 pmu 790974 140 6373846 6827680 33953912
1790890861.521536 W 60 lat 296 296 1092 0 exe 12833 14537 100388 resp 101481 1 pmu 790916 13950 6373710 6040284 37366716
1790890862.457515 W 61 lat 296 296 333 0 exe 12925 13277 13814 resp 14129 0 pmu 790906 82 6374107 6913647 33956862
1790890863.497537 W 62 lat 296 296 555 0 exe 12888 14462 94518 resp 94851 0 pmu 792311 13310 6390764 6034295 37199298
1790890864.433515 W 63 lat 296 296 407 0 exe 12944 13296 14333 resp 14629 0 pmu 792482 121 6390584 6848364 33973833
1790890865.473534 W 64 lat 296 296 685 0 exe 12907 14499 99129 resp 99425 0 pmu 792121 13463 6384353 6039970 37254322
1790890866.513512 W 65 lat 296 296 333 0 exe 12907 13296 14240 resp 14555 0 pmu 791654 194 6382248 6895268 34008598
1790890867.449536 W 66 lat 296 296 740 0 exe 12907 14814 102444 resp 102759 1 pmu 792118 17076 6382828 6038565 38420866
1790890868.489517 W 67 lat 296 296 351 0 exe 12907 13296 14314 resp 14611 0 pmu 792176 103 6386724 6930337 34012834
1790890869.437589 W 68 lat 296 2129 7944 0 exe 12999 233037 560481 resp 563574 673 pmu 872980 742743 7071560 6041326 609838563
1790890870.485588 W 69 lat 296 1870 7018 0 exe 68722 168203 509574 resp 513425 756 pmu 806435 652574 6514796 12664152 438655954
1790890871.529592 W 70 lat 296 2907 8685 0 exe 57018 332666 552629 resp 557351 857 pmu 923919 871211 7484021 12107782 866757601
1790890872.473581 W 71 lat 296 2148 8296 0 exe 54740 193314 534481 resp 537666 754 pmu 833027 693185 6752157 13319651 506848380
1790890873.521577 W 72 lat 296 2999 9129 0 exe 60296 345425 557944 resp 563425 846 pmu 930998 895383 7523502 12416856 902218967
1790890874.465771 W 73 lat 296 2351 8388 0 exe 62444 240870 521203 resp 524555 771 pmu 861243 747447 6981945 13459543 630127865
1790890875.521611 W 74 lat 296 2833 8925 0 exe 62481 303611 530685 resp 535129 834 pmu 908493 848610 7351718 12562592 793381976
1790890876.461666 W 75 lat 296 2999 9111 0 exe 65851 329499 533333 resp 536999 904 pmu 920418 851343 7431510 12982055 861583122
1790890877.509838 W 76 lat 296 3055 9185 0 exe 58240 320722 549796 resp 554499 908 pmu 914700 844537 7407848 13152698 836453451
1790890878.449613 W 77 lat 296 2240 8407 0 exe 68481 222518 529796 resp 533166 824 pmu 838598 711248 6779840 13241016 582645729
1790890879.497590 W 78 lat 296 1777 5796 0 exe 67055 164648 529333 resp 533111 758 pmu 800100 660242 6463120 12586366 429945704
1790890880.438011 W 79 lat 314 2537 8277 0 exe 67037 263092 540074 resp 544129 826 pmu 874112 791639 7088834 12272136 686009352
1790890881.485588 W 80 lat 296 2555 9703 0 exe 71537 249166 557222 resp 561018 887 pmu 868437 775259 7003289 12889515 655637880
1790890882.433601 W 81 lat 314 2777 10092 0 exe 64925 303240 541814 resp 545444 788 pmu 912550 850506 7388641 13019526 792830922
1790890883.493628 W 82 lat 296 2037 7629 0 exe 67333 196037 519537 resp 523055 801 pmu 826380 697507 6676437 13104857 517516447
1790890884.533678 W 83 lat 296 2777 9092 0 exe 66703 284666 529574 resp 534555 920 pmu 884269 786909 7174073 12342089 740863431
1790890885.473677 W 84 lat 314 2351 8999 0 exe 65722 254018 531074 resp 534703 814 pmu 859962 758242 6936640 12900411 660646780
1790890886.517839 W 85 lat 296 2851 9999 0 exe 70277 316111 533259 resp 535148 907 pmu 905595 850597 7343719 12748098 827644302
1790890887.461598 W 86 lat 296 2370 8685 0 exe 64722 239851 527351 resp 531277 812 pmu 858189 742860 6923834 13101778 625042477
1790890888.505631 W 87 lat 296 2907 8870 0 exe 64351 330796 524833 resp 529074 880 pmu 918688 878034 7435103 12635007 862624646
1790890889.453748 W 88 lat 296 2148 8648 0 exe 61166 197037 529592 resp 535055 768 pmu 839014 711509 6801829 13067490 518673503
1790890890.505574 W 89 lat 296 2962 8092 0 exe 69592 322777 521018 resp 523629 935 pmu 917633 859503 7409926 12432057 844525316
1790890891.453788 W 90 lat 314 2648 7407 0 exe 68129 287870 570203 resp 574185 831 pmu 891399 829575 7238623 13003928 751153963
1790890892.501709 W 91 lat 296 2629 8944 0 exe 64388 285944 537555 resp 542703 810 pmu 894207 822845 7234632 13315757 748832599
1790890893.449733 W 92 lat 296 2833 8981 0 exe 71037 294999 560981 resp 566481 947 pmu 890339 798334 7205848 12974769 769329975
1790890894.497915 W 93 lat 277 2129 7259 0 exe 57055 257666 524018 resp 527407 730 pmu 871401 760296 7033120 13289986 670809825
1790890895.449696 W 94 lat 314 2537 9277 0 exe 67111 343314 530444 resp 535166 949 pmu 933098 866972 7585851 12641473 899181697
1790890896.497661 W 95 lat 296 2351 9148 0 exe 61796 326203 538370 resp 542018 801 pmu 919383 873829 7447034 13202903 849049507
1790890897.442229 W 96 lat 296 1722 8462 0 exe 56222 195129 521740 resp 528055 762 pmu 828948 693890 6683241 13162645 510379749
1790890898.498202 W 97 lat 296 2592 9222 0 exe 66888 322166 537537 resp 542240 842 pmu 927133 878169 7515056 12320219 845157168
1790890899.537795 W 98 lat 296 2722 9407 0 exe 56370 336518 539981 resp 543462 882 pmu 926198 868890 7524410 13166963 878379292
1790890900.485821 W 99 lat 296 2685 8333 0 exe 59185 331592 541129 resp 546870 859 pmu 914047 847521 7405115 13205988 859711433
1790890901.537888 W 100 lat 296 2388 8851 0 exe 59759 288444 525166 resp 527777 824 pmu 882426 783717 7145077 13212456 750449379
1790890902.489597 W 101 lat 296 3111 9944 0 exe 57018 361148 573018 resp 577148 968 pmu 943238 887977 7623031 12826023 940815589
1790890903.433598 W 102 lat 296 2925 8092 0 exe 59444 347203 537296 resp 542740 860 pmu 926934 884695 7511002 13670540 902552884
1790890904.485915 W 103 lat 296 2499 8999 0 exe 53333 255277 563870 resp 568111 802 pmu 875940 770391 7104018 13251870 670252604
1790890905.433616 W 104 lat 296 2648 9518 0 exe 58925 275518 522388 resp 527814 799 pmu 887668 792077 7166028 13023855 716505643
1790890906.481866 W 105 lat 277 1814 8648 0 exe 51851 207111 519962 resp 523907 555 pmu 842681 704939 6835778 12746902 541654115
1790890907.529782 W 106 lat 296 2722 7907 0 exe 64388 322388 524481 resp 529074 788 pmu 912158 865835 7370868 12329770 840403888
1790890908.477812 W 107 lat 296 2037 7537 0 exe 60111 214222 549666 resp 552148 743 pmu 828682 696296 6697077 13018085 555253647
1790890909.533645 W 108 lat 296 2999 9277 0 exe 67203 331685 550425 resp 555962 892 pmu 913861 837337 7400978 12692433 860825155
1790890910.485937 W 109 lat 296 2518 7277 0 exe 58703 272574 542481 resp 548148 809 pmu 879402 796763 7133166 13351343 713621261
1790890911.449714 W 110 lat 333 3185 8166 0 exe 69703 363277 577962 resp 583611 907 pmu 962328 939935 7812573 12922352 950160708
1790890912.497693 W 111 lat 333 3185 8111 0 exe 70759 334685 546814 resp 550351 987 pmu 929639 869993 7524733 13793825 873444115
1790890913.437890 W 112 lat 296 2425 9444 0 exe 57277 255333 536888 resp 541370 782 pmu 873053 772465 7080973 13333259 669324217
1790890914.489891 W 113 lat 296 2814 8592 0 exe 50666 312555 540592 resp 547518 818 pmu 916527 849690 7421573 12777324 815601268
1790890915.437896 W 114 lat 296 2907 8407 0 exe 66277 339777 535111 resp 539666 866 pmu 921879 874556 7463078 13077370 881826343
1790890916.485767 W 115 lat 296 2981 8407 0 exe 64333 340925 547425 resp 551240 912 pmu 921439 844902 7442966 13224737 887943608
1790890917.541571 W 116 lat 296 1703 7962 0 exe 55740 169277 517981 resp 521518 678 pmu 801092 639088 6471944 13339621 441232137
1790890918.477593 W 117 lat 296 1925 8907 0 exe 66685 184611 512018 resp 515499 702 pmu 817449 664041 6625990 12134083 482319876
1790890919.533601 W 118 lat 296 3018 9611 0 exe 55999 326777 522574 resp 526277 957 pmu 919584 845033 7425936 12212077 852082476
1790890920.473602 W 119 lat 296 2796 8351 0 exe 69907 309425 563240 resp 568499 862 pmu 902593 838880 7323919 12985090 803860592
1790890921.521658 W 120 lat 296 2259 8796 0 exe 58962 222759 534185 resp 536462 758 pmu 856406 731978 6912123 13374392 586260737
1790890922.469654 W 121 lat 296 3185 9777 0 exe 70166 370425 576499 resp 581962 847 pmu 957235 933622 7763521 12580870 962613028
1790890923.517792 W 122 lat 296 1999 9574 0 exe 59111 209388 519185 resp 523166 725 pmu 833015 714065 6752296 13823456 546091131
1790890924.461892 W 123 lat 314 3018 8148 0 exe 66592 339055 561333 resp 566592 914 pmu 918626 845418 7421639 12375895 882601953
1790890925.509859 W 124 lat 296 2685 8314 0 exe 68296 307092 527925 resp 530555 896 pmu 890097 819711 7219133 13487536 796764011
1790890926.457704 W 125 lat 314 2351 7351 0 exe 67981 256092 531888 resp 536574 827 pmu 862479 743092 6975249 12987930 668285419
1790890927.509767 W 126 lat 296 2222 7499 0 exe 59999 227925 520629 resp 523999 676 pmu 858392 756558 6949512 12774471 596134329
1790890928.453702 W 127 lat 296 2574 8759 0 exe 67611 275574 550370 resp 554499 913 pmu 878010 781081 7087818 12475397 715889979
1790890929.493538 W 128 lat 296 481 7888 0 exe 12888 30814 356333 resp 358351 82 pmu 792890 114828 6400298 13058431 92660746
1790890930.533535 W 129 lat 296 296 518 0 exe 12888 14296 75148 resp 75462 0 pmu 791150 11526 6377174 9594502 38962898
1790890931.481824 W 130 lat 296 2759 7129 0 exe 12925 323462 553981 resp 557444 807 pmu 977386 839714 8020056 6656136 838460328
1790890932.534004 W 131 lat 1499 3333 6074 0 exe 318907 397518 469111 resp 472537 1000 pmu 1033365 1036651 8463809 13052555 1032851464
1790890933.485795 W 132 lat 1703 3296 6629 0 exe 331870 398537 466388 resp 469833 1000 pmu 1033425 1038177 8470866 14107552 1035591388
1790890934.533830 W 133 lat 1259 3388 6425 0 exe 311148 394166 460962 resp 465203 1000 pmu 1032862 1028384 8452133 14154030 1025519680
1790890935.469814 W 134 lat 1314 3370 5962 0 exe 286148 395851 465759 resp 470092 1000 pmu 1033148 1029692 8461209 13975213 1029225545
1790890936.509839 W 135 lat 1870 3351 7611 0 exe 312407 397055 475537 resp 480851 1000 pmu 1033295 1031718 8461210 13905093 1032380647
1790890937.449811 W 136 lat 1537 3222 5962 0 exe 279277 389999 460537 resp 465185 1000 pmu 1032933 1037772 8454054 14155958 1015913988
1790890938.493802 W 137 lat 999 3222 6222 0 exe 277351 395111 463722 resp 466351 1000 pmu 1032598 1033752 8450100 13791411 1027338067
1790890939.437798 W 138 lat 1462 3296 6185 0 exe 323185 396166 473907 resp 479092 1000 pmu 1033302 1035510 8462107 13827468 1029538315
1790890940.485704 W 139 lat 1851 3407 6666 0 exe 305074 397648 454703 resp 458074 1000 pmu 1033334 1034946 8467808 14179093 1033794226
1790890941.521833 W 140 lat 1444 3518 7518 0 exe 323703 396277 464499 resp 468722 1000 pmu 1033117 1030797 8465372 13899835 1030049464
1790890942.457840 W 141 lat 1055 3444 7148 0 exe 250574 394037 464351 resp 468981 1000 pmu 1032812 1026338 8450903 14091113 1024955994
1790890943.497785 W 142 lat 1740 3555 6592 0 exe 340129 397203 462574 resp 467277 1000 pmu 1033253 1028800 8460879 13710447 1032094668
1790890944.537785 W 143 lat 1722 3481 7129 0 exe 272759 394944 459703 resp 465814 1000 pmu 1033251 1028856 8452951 14157984 1027195628
1790890945.473787 W 144 lat 1166 3333 6055 0 exe 318518 395648 456666 resp 460259 1000 pmu 1032836 1029419 8450318 13790452 1028420273
1790890946.517838 W 145 lat 1296 3370 6759 0 exe 325407 396018 462259 resp 465666 1000 pmu 1033087 1032839 8464989 13970814 1029332295
1790890947.453814 W 146 lat 1499 3407 6703 0 exe 256944 396370 466574 resp 472796 1000 pmu 1033497 1032395 8463475 14066601 1030604657
1790890948.494408 W 147 lat 1499 3351 6462 0 exe 266407 396592 461685 resp 465388 1000 pmu 1033071 1031759 8461609 13784260 1030647785
1790890949.533795 W 148 lat 1203 3388 6481 0 exe 278185 393907 470092 resp 475518 1000 pmu 1032878 1025543 8452134 13769664 1024453683
1790890950.473802 W 149 lat 1759 3444 6611 0 exe 319222 396129 460148 resp 464833 1000 pmu 1033350 1029607 8464011 13906526 1029833667
1790890951.513816 W 150 lat 1240 3296 6944 0 exe 288277 390481 479259 resp 483611 1000 pmu 1033254 1035914 8455003 14023333 1017370417
1790890952.449819 W 151 lat 1407 3351 6499 0 exe 310166 395777 456111 resp 459685 1000 pmu 1033296 1030929 8462628 14028071 1029093469
1790890953.493812 W 152 lat 1166 3277 6129 0 exe 301574 395833 467425 resp 472444 1000 pmu 1032684 1031551 8448636 13927618 1029276848
1790890954.537809 W 153 lat 1833 3296 6648 0 exe 324333 397629 465888 resp 469833 1000 pmu 1033333 1033958 8461385 14001963 1033316883
1790890955.473847 W 154 lat 1444 3370 7703 0 exe 300777 395870 468129 resp 471666 1000 pmu 1033218 1028856 8451552 14110019 1029424080
1790890956.513810 W 155 lat 1574 3351 6537 0 exe 290518 393796 467999 resp 471814 1000 pmu 1033081 1026298 8456684 14007310 1024105632
1790890957.457836 W 156 lat 1481 3388 7518 0 exe 252648 394537 456055 resp 459648 1000 pmu 1033058 1026382 8453626 13940568 1026183644
1790890958.497836 W 157 lat 1851 3537 8259 0 exe 325129 397037 476499 resp 483907 1000 pmu 1033442 1030937 8464658 13639041 1031734570
1790890959.437841 W 158 lat 1074 3407 6796 0 exe 284574 396129 470314 resp 473333 1000 pmu 1033403 1031636 8460384 14243848 1029979617
1790890960.477828 W 159 lat 1685 3574 7018 0 exe 245833 395481 474574 resp 477592 1000 pmu 1033206 1027435 8460347 13940844 1028170117
1790890961.521833 W 160 lat 1481 3425 6796 0 exe 288240 396296 457814 resp 461185 1000 pmu 1033216 1031471 8459780 13791463 1030145636
1790890962.465800 W 161 lat 1148 3444 7333 0 exe 327962 395499 471777 resp 476222 1000 pmu 1033226 1028875 8457508 13838805 1028172957
1790890963.509831 W 162 lat 1851 3462 6833 0 exe 251592 396185 468574 resp 472574 1000 pmu 1033390 1029436 8458929 14179699 1030104964
1790890964.453720 W 163 lat 1351 3388 6629 0 exe 253240 394685 472574 resp 475870 1000 pmu 1032810 1028391 8455741 13768059 1026031712
1790890965.505810 W 164 lat 1611 3314 7222 0 exe 328388 397277 464629 resp 469370 1000 pmu 1033463 1036339 8467581 13801317 1032795987
1790890966.453786 W 165 lat 1296 3277 6314 0 exe 277851 396574 450740 resp 453685 1000 pmu 1033204 1032448 8458048 14121829 1030956275
1790890967.505802 W 166 lat 1592 3333 7388 0 exe 295499 395407 459425 resp 462888 1000 pmu 1033036 1027829 8455267 13711335 1027999896
1790890968.445799 W 167 lat 1277 3333 6685 0 exe 321777 396740 465444 resp 468833 1000 pmu 1032950 1029451 8450870 13890496 1030983886
1790890969.493817 W 168 lat 1259 3333 6499 0 exe 325425 396351 470407 resp 473259 1000 pmu 1033140 1031066 8451498 14083184 1030607853
1790890970.537828 W 169 lat 1722 3407 6962 0 exe 287129 395981 467166 resp 470574 1000 pmu 1033075 1028183 8465737 14145243 1029726820
1790890971.477840 W 170 lat 1629 3370 6370 0 exe 297888 395296 466240 resp 471555 1000 pmu 1033117 1027677 8454073 13927431 1027915150
1790890972.530021 W 171 lat 1259 3499 6814 0 exe 281759 393833 467314 resp 473018 1000 pmu 1032844 1026553 8457776 13974471 1024235027
1790890973.465810 W 172 lat 1222 3518 6981 0 exe 305962 394981 474629 resp 477833 1000 pmu 1033137 1027777 8454298 13900224 1027200343
1790890974.517709 W 173 lat 1833 3555 8925 0 exe 335555 397703 468481 resp 472907 1000 pmu 1033449 1029290 8461482 14088272 1033563864
1790890975.469839 W 174 lat 1240 3481 7425 0 exe 261296 394722 455481 resp 459185 1000 pmu 1033118 1027549 8454883 14207499 1026613666
1790890976.529759 W 175 lat 1555 3388 6166 0 exe 300759 396388 456722 resp 460981 1000 pmu 1032938 1027771 8453869 13676799 1029994546
1790890977.481824 W 176 lat 1388 3351 11833 0 exe 276777 395240 470796 resp 478055 1000 pmu 1033071 1028893 8458035 13892685 1027687397
1790890978.525863 W 177 lat 1574 3351 5925 0 exe 273185 396574 460388 resp 463722 1000 pmu 1032955 1031861 8458828 13950045 1030565631
1790890979.469848 W 178 lat 944 3388 6314 0 exe 302148 395037 469259 resp 474685 1000 pmu 1032985 1027658 8459572 13786288 1027131235
1790890980.509820 W 179 lat 1185 3351 5851 0 exe 284759 396388 491888 resp 495999 1000 pmu 1033111 1032969 8462522 14021587 1030295373
1790890981.445821 W 180 lat 1722 3388 6518 0 exe 325740 395907 453222 resp 457999 1000 pmu 1033335 1029334 8461300 14159785 1029609195
1790890982.505846 W 181 lat 1037 3314 6425 0 exe 289962 395981 484037 resp 487185 1000 pmu 1032926 1026797 8449251 13985110 1029325977
1790890983.441733 W 182 lat 1574 3351 7759 0 exe 253851 396166 468370 resp 473314 1000 pmu 1032966 1027977 8451438 14102405 1029900446
1790890984.485822 W 183 lat 1333 3333 6314 0 exe 275833 396018 465518 resp 470018 1000 pmu 1033114 1033448 8459248 13784612 1029635501
1790890985.525717 W 184 lat 1518 3314 6055 0 exe 340759 397944 468148 resp 472370 1000 pmu 1033268 1033646 8456458 13854368 1033897064
1790890986.465785 W 185 lat 1296 3259 5944 0 exe 271759 396203 463425 resp 467277 1000 pmu 1033013 1033731 8454888 14213242 1030088015
1790890987.509803 W 186 lat 1333 3351 6740 0 exe 267092 395629 466629 resp 469870 1000 pmu 1032843 1027807 8458955 13808409 1028391112
1790890988.449813 W 187 lat 1388 3407 7296 0 exe 265407 397574 465222 resp 469814 1000 pmu 1033416 1031702 8468237 13815868 1033408202
1790890989.493825 W 188 lat 1222 3537 7481 0 exe 285129 394240 478351 resp 481203 1000 pmu 1032993 1027244 8452854 13813187 1025095641
1790890990.445717 W 189 lat 1740 3425 7462 0 exe 327981 396351 468037 resp 472666 1000 pmu 1033359 1032433 8464918 14018345 1030534106
1790890991.481541 W 190 lat 296 944 6444 0 exe 12944 96259 453685 resp 458111 223 pmu 844893 238439 6810980 14148652 253608241
1790890992.521535 W 191 lat 296 296 685 0 exe 12851 14296 93555 resp 93870 0 pmu 791717 11296 6386131 10902752 39710434
1790890993.461851 W 192 lat 296 3499 15629 0 exe 12944 387629 746555 resp 753685 738 pmu 956626 774374 7789298 6840660 989823172
1790890994.502001 W 193 lat 648 5666 12370 0 exe 123351 594703 742185 resp 751685 1000 pmu 1027107 1036335 8375824 15364100 1497363836
1790890995.541956 W 194 lat 2592 6129 13462 0 exe 190481 622703 737444 resp 745777 1000 pmu 1031549 1041928 8412480 16915765 1565033001
1790890996.481940 W 195 lat 296 2537 14037 0 exe 65111 311740 717462 resp 722925 578 pmu 974031 869682 7902041 17354337 825268239
1790890997.522007 W 196 lat 2074 5833 14740 0 exe 177685 641981 736222 resp 744592 1000 pmu 1030283 1039003 8380634 14933179 1610128184
1790890998.465632 W 197 lat 296 2148 8629 0 exe 71203 312444 688351 resp 692759 946 pmu 984884 954838 7973319 17378086 834515854
1790890999.509930 W 198 lat 296 3796 11111 0 exe 70962 466555 692148 resp 697999 936 pmu 1002577 989825 8149834 14641709 1199845684
1790891000.466162 W 199 lat 370 5759 14166 0 exe 110444 598629 730759 resp 742111 1000 pmu 1029151 1039384 8394257 15477170 1508862526
1790891001.513605 W 200 lat 2518 5740 13777 0 exe 164388 603685 734222 resp 739925 1000 pmu 1029779 1039599 8384032 16773895 1520525022
1790891002.458047 W 201 lat 296 3259 11907 0 exe 59388 407240 740499 resp 747074 765 pmu 991149 936243 8042313 17083381 1049580306
1790891003.510016 W 202 lat 314 5074 11444 0 exe 71981 594148 731240 resp 738296 992 pmu 1017447 1023683 8237784 15610847 1497299520
1790891004.449990 W 203 lat 296 1925 7777 0 exe 71129 297203 634240 resp 639999 930 pmu 986195 951896 8006405 16524919 795510859
1790891005.506079 W 204 lat 296 4629 12407 0 exe 102555 535999 717481 resp 724351 1000 pmu 1015937 1023608 8265056 14025535 1359001260
1790891006.454066 W 205 lat 2074 5888 12407 0 exe 174351 610055 738499 resp 743962 1000 pmu 1029490 1039624 8390427 16251143 1534732724
1790891007.493648 W 206 lat 296 4796 14888 0 exe 65037 508074 720055 resp 734944 927 pmu 1015199 1003285 8227615 17198648 1293670367
1790891008.533971 W 207 lat 296 4185 11851 0 exe 64759 494499 718092 resp 723981 867 pmu 1006387 973885 8181017 16002865 1261370934
1790891009.469719 W 208 lat 296 4296 12499 0 exe 80962 519148 691407 resp 696277 981 pmu 1006213 1000928 8161759 15850926 1314552433
1790891010.517979 W 209 lat 296 2222 8537 0 exe 90629 316259 662296 resp 668537 965 pmu 995904 973536 8072533 15786984 845583190
1790891011.469816 W 210 lat 333 4703 11444 0 exe 102370 533166 705222 resp 709777 1000 pmu 1021914 1030336 8313489 14506631 1356613930
1790891012.514159 W 211 lat 499 5981 17277 0 exe 105425 603259 745388 resp 749833 1000 pmu 1030760 1040147 8396155 16097604 1518618329
1790891013.461806 W 212 lat 296 3999 11703 0 exe 66222 457870 710222 resp 714611 911 pmu 1005309 998787 8140143 16900709 1175627607
1790891014.518133 W 213 lat 314 4722 10203 0 exe 89537 566518 729240 resp 734222 984 pmu 1018398 1023945 8270004 15587160 1430535925
1790891015.465846 W 214 lat 296 2611 9018 0 exe 61314 361814 711796 resp 720222 966 pmu 990047 971571 8018207 16436200 945844034
1790891016.521791 W 215 lat 296 3870 10018 0 exe 93185 470777 706333 resp 712888 988 pmu 1007527 1001476 8184873 15097758 1202208152
1790891017.470024 W 216 lat 388 5240 11444 0 exe 104925 576055 714574 resp 722462 1000 pmu 1024724 1032730 8336159 15749476 1457742858
1790891018.517774 W 217 lat 1055 5203 12462 0 exe 150314 575277 712240 resp 720203 1000 pmu 1027414 1036409 8349970 16438125 1453436103
1790891019.458088 W 218 lat 296 3648 9722 0 exe 36222 467759 700425 resp 705574 932 pmu 1000738 994012 8112326 16646110 1198331220
1790891020.501710 W 219 lat 314 4333 10037 0 exe 90259 531185 695759 resp 702592 996 pmu 1007942 1006543 8175433 15380696 1344395393
1790891021.457935 W 220 lat 296 2370 8333 0 exe 86555 328277 693037 resp 695555 968 pmu 993845 971108 8057769 15935024 880141440
1790891022.509816 W 221 lat 629 5259 13777 0 exe 106018 580685 713574 resp 720129 1000 pmu 1021918 1030973 8317226 14834744 1464554661
1790891023.449781 W 222 lat 2333 5592 13222 0 exe 240259 594407 719537 resp 724462 1000 pmu 1029805 1040236 8385699 16463011 1498842240
1790891024.505820 W 223 lat 314 4111 10370 0 exe 83888 510907 679370 resp 683277 967 pmu 1012346 1017382 8205958 17261584 1302267864
1790891025.445921 W 224 lat 314 4592 9814 0 exe 95277 563370 715166 resp 718962 998 pmu 1015872 1022754 8243617 15623843 1427796911
1790891026.485781 W 225 lat 296 2444 7648 0 exe 81499 335037 673981 resp 678796 969 pmu 989139 969952 8012961 16300118 890845980
1790891027.526150 W 226 lat 296 4333 10611 0 exe 97870 515314 714018 resp 720759 997 pmu 1016351 1023004 8268209 14661182 1315038126
1790891028.462173 W 227 lat 1407 5425 11722 0 exe 149555 587277 714685 resp 719833 1000 pmu 1029139 1039144 8382464 16078560 1483433097
1790891029.505677 W 228 lat 296 4499 14666 0 exe 96388 531018 704648 resp 710777 998 pmu 1024613 1032188 8316673 16712288 1349027820
1790891030.442078 W 229 lat 296 4018 9648 0 exe 86981 504333 703870 resp 707574 959 pmu 1008270 1011221 8174179 16074035 1289654269
1790891031.481985 W 230 lat 296 3685 11592 0 exe 87481 467999 712444 resp 717370 977 pmu 998507 992608 8087832 15846114 1194476361
1790891032.521727 W 231 lat 314 3425 11740 0 exe 100388 434592 679259 resp 684499 1000 pmu 1003733 1001791 8137002 15767151 1117588605
1790891033.458062 W 232 lat 370 5351 10648 0 exe 101574 576962 709333 resp 714592 1000 pmu 1026529 1034953 8352906 15333654 1456906411
1790891034.497801 W 233 lat 314 4981 12055 0 exe 102462 561407 720537 resp 725870 1000 pmu 1026112 1034214 8324369 16356824 1422877648
1790891035.541858 W 234 lat 296 4537 21648 0 exe 70499 531462 726592 resp 734648 966 pmu 1020970 1017445 8291282 16400619 1351984239
1790891036.477828 W 235 lat 296 3796 11851 0 exe 67370 484851 687833 resp 693111 964 pmu 1000384 987766 8112654 16210983 1236509012
1790891037.521882 W 236 lat 296 2888 8925 0 exe 52981 366944 631814 resp 634925 964 pmu 990681 954458 8029430 15508082 964133941
1790891038.454073 W 237 lat 296 4518 12407 0 exe 97685 529740 707999 resp 714092 998 pmu 1019094 1020512 8281795 14256414 1348274146
1790891039.494077 W 238 lat 648 4925 11333 0 exe 114703 564481 724074 resp 729629 1000 pmu 1026595 1033552 8341915 16096351 1430043517
1790891040.538127 W 239 lat 296 4277 10259 0 exe 67944 515833 666629 resp 671981 982 pmu 1021378 1012045 8284733 16511541 1313545088
1790891041.473903 W 240 lat 296 3925 10537 0 exe 67185 485388 697666 resp 703648 960 pmu 1002015 990652 8120886 15448666 1237512759
1790891042.513645 W 241 lat 296 3888 9518 0 exe 91370 483907 664537 resp 671111 993 pmu 1004670 997269 8141372 15605914 1238976628
1790891043.453850 W 242 lat 314 3777 9629 0 exe 101833 467092 674796 resp 679851 1000 pmu 1012515 1011094 8217150 15385854 1203087594
1790891044.490023 W 243 lat 574 5203 12111 0 exe 103203 575018 719444 resp 724092 1000 pmu 1025897 1034658 8334655 15449083 1453768988
1790891045.529904 W 244 lat 296 4462 11018 0 exe 99574 535018 697759 resp 701777 1000 pmu 1019376 1024442 8272468 16460837 1357389945
1790891046.469852 W 245 lat 1018 5185 11166 0 exe 118296 599444 724944 resp 734259 1000 pmu 1023872 1032647 8318140 16012295 1508044083
1790891047.509919 W 246 lat 296 2907 8962 0 exe 71092 383111 639222 resp 645722 962 pmu 989183 967695 8012950 16733985 1001520970
1790891048.449757 W 247 lat 296 4148 9037 0 exe 96703 519944 674425 resp 680759 999 pmu 1007723 1013820 8169616 14519131 1322763999
1790891049.509919 W 248 lat 462 4629 11148 0 exe 102148 530555 682222 resp 686870 1000 pmu 1020008 1010736 8282697 15689284 1348458253
1790891050.462078 W 249 lat 296 4111 10185 0 exe 86555 493425 713148 resp 718666 998 pmu 1014850 1016906 8225343 15852678 1260059535
1790891051.514269 W 250 lat 407 5222 12296 0 exe 105074 592203 722999 resp 728537 1000 pmu 1023908 1032185 8325907 15894556 1494943403
1790891052.453752 W 251 lat 296 3740 10296 0 exe 76481 458907 727499 resp 734148 995 pmu 1007530 999858 8163219 16596280 1176296397
1790891053.493549 W 252 lat 296 462 4888 0 exe 12925 62351 507259 resp 510296 243 pmu 837159 260925 6742573 15817410 173575913
1790891054.533509 W 253 lat 296 296 351 0 exe 12907 13277 13870 resp 14166 0 pmu 791027 90 6377621 11251865 36564041
1790891054.741563 [MG] memguard_call 0 0 0 (CPU 0)
1790891054.741623 [MG] memguard_call 0 0 0 (CPU 1)
1790891054.741649 [MG] memguard_call 0 0 0 (CPU 2)
1790891054.867462 Closing cell "rt-bench"
1790891054.867568 [MG] Initializing memguard on CPU 3
1790891054.867606 [SMMUv2] Exiting SMMUv2 on cell 1
1790891054.867810 Page pool usage after cell destruction: mem 77/4061, remap 5/131072
1790891054.867865 [MG] Initializing memguard on CPU 3
1790891054.867900 [MG] Initializing memguard on CPU 3
1790891054.867981 [MG] Initializing memguard on CPU 3
1790891054.868020 Created cell "rt-bench"
1790891054.868067 Page pool usage after cell creation: mem 88/4061, remap 5/131072
