1790336858.319437 <missed 59824 bytes of console log>
1790336858.319531 4 resp 541740 594 pmu 936172 478763 7592688 12043967 641881441
1790336858.319585 W 500 lat 296 3444 8425 0 exe 37185 334999 526888 resp 530296 910 pmu 925397 693929 7505086 12529799 860809070
1790336858.319639 W 501 lat 296 1388 7240 0 exe 16999 144240 433129 resp 438462 495 pmu 937199 449581 7590669 12968782 399233385
1790336858.319688 W 502 lat 296 2111 7240 0 exe 15351 209499 514148 resp 518166 743 pmu 946181 575759 7666668 10970669 556762799
1790336858.319733 W 503 lat 296 314 462 0 exe 15185 16388 21129 resp 21574 0 pmu 978179 238 7873151 12093749 41760268
1790336858.319779 W 504 lat 351 462 981 0 exe 17499 31462 171962 resp 172740 92 pmu 975189 99547 7855782 6136056 55848311
1790336858.319823 W 505 lat 462 462 537 0 exe 21888 22259 24351 resp 24851 0 pmu 978548 195 7877933 7736614 36046743
1790336858.319843 Closing cell "rt-bench"
1790336858.319866 [MG] Initializing memguard on CPU 3
1790336858.319887 [SMMUv2] Exiting SMMUv2 on cell 1
1790336858.319936 [COL] Colored OP 1: PHYS 0x30000000 -> VIRT 0x00000000 (SIZE: 0x00400000, COL: 0x00000fff, extra: 0x0000000000000000)
1790336858.319954 [COL] Result: 0
1790336858.320002 [COL] Colored OP 4: PHYS 0x30000000 -> VIRT 0x00000000 (SIZE: 0x00400000, COL: 0x00000fff, extra: 0x0000000000000001)
1790336858.320020 [COL] Result: 0
1790336858.320052 Page pool usage after cell destruction: mem 85/4061, remap 5/131072
1790336858.320075 [MG] Initializing memguard on CPU 3
1790336858.320097 [MG] Initializing memguard on CPU 3
1790336858.320146 [COL] Colored OP 0: PHYS 0x30000000 -> VIRT 0x00000000 (SIZE: 0x00400000, COL: 0x0000ffff, extra: 0x0000000000000000)
1790336858.320163 [COL] Result: 0
1790336858.320185 [MG] Initializing memguard on CPU 3
1790336858.320204 Created cell "rt-bench"
1790336858.320235 Page pool usage after cell creation: mem 98/4061, remap 5/131072
1790336858.320284 [COL] Colored OP 3: PHYS 0x30000000 -> VIRT 0x00000000 (SIZE: 0x00400000, COL: 0x0000ffff, extra: 0x0000000000000000)
1790336858.320308 [MG] Initializing memguard on CPU 3
1790336858.320324 [COL] Result: 0
1790336858.320344 Cell "rt-bench" can be loaded
1790336858.320392 [COL] Colored OP 2: PHYS 0x30000000 -> VIRT 0x00000000 (SIZE: 0x00400000, COL: 0x0000ffff, extra: 0x0000000000000000)
1790336858.320410 [COL] Result: 0
1790336858.320471 [COL] Colored OP 4: PHYS 0x30000000 -> VIRT 0x00000000 (SIZE: 0x00400000, COL: 0x0000ffff, extra: 0x0000000000000001)
1790336858.320494 [COL] Result: 0
1790336858.320512 Started cell "rt-bench"
1790336858.320534 [MG] Initializing memguard on CPU 3
1790336858.320561 rt-bench: ws 768 KB, 1024 loads/period, window 1000
1790336859.360516 W 0 lat 296 296 1092 0 exe 13055 16962 124296 resp 125148 7 pmu 791883 37650 6382209 5307482 44892526
1790336860.300514 W 1 lat 296 296 666 0 exe 13092 14851 99499 resp 99833 0 pmu 789246 15635 6363676 7164815 39263156
1790336861.340486 W 2 lat 296 296 370 0 exe 12944 13481 15481 resp 15777 0 pmu 788231 228 6353289 6901826 34491501
1790336862.380514 W 3 lat 296 296 592 0 exe 12999 14648 100166 resp 100592 1 pmu 789258 12916 6360816 6052074 37771786
1790336863.316514 W 4 lat 296 296 518 0 exe 12999 13629 20314 resp 20777 0 pmu 787274 201 6348929 6907043 34345011
1790336864.360618 W 5 lat 462 462 1259 0 exe 19037 20962 108407 resp 109666 7 pmu 789625 13842 6366683 6103039 34048466
1790336865.308708 W 6 lat 296 629 5444 0 exe 13092 89759 570888 resp 576333 297 pmu 830600 414875 6729201 7061347 252367101
1790336866.348511 W 7 lat 296 296 2944 0 exe 13111 15518 194259 resp 197203 2 pmu 791606 20931 6374946 12041569 43989389
1790336867.388514 W 8 lat 296 296 499 0 exe 12944 15037 100925 resp 101240 1 pmu 791112 17453 6380037 7877332 40460970
1790336868.324509 W 9 lat 296 296 425 0 exe 12981 14407 86962 resp 87277 0 pmu 788076 10991 6353242 6915151 37713654
1790336869.368483 W 10 lat 296 296 351 0 exe 13037 13481 14666 resp 14981 0 pmu 789401 193 6366257 6772294 34399781
1790336870.304548 W 11 lat 296 388 833 0 exe 13074 18074 100666 resp 101148 1 pmu 790001 11128 6371715 6044567 34792860
1790336871.344517 W 12 lat 462 462 537 0 exe 19055 19611 21814 resp 22277 0 pmu 788631 251 6358088 6931345 31496732
1790336872.384548 W 13 lat 462 462 907 0 exe 19037 20722 96796 resp 97277 0 pmu 789588 11417 6369202 6180014 33670470
1790336873.320520 W 14 lat 462 462 518 0 exe 19018 19611 21574 resp 22055 0 pmu 788825 272 6359356 6937378 31515471
1790336874.360552 W 15 lat 462 462 944 0 exe 19037 20685 97296 resp 97777 0 pmu 790368 10826 6370197 6177449 33601919
1790336875.296520 W 16 lat 462 462 537 0 exe 19037 19592 21148 resp 21629 0 pmu 788748 157 6359446 6942493 31461576
1790336876.336552 W 17 lat 462 462 703 0 exe 19074 20648 96388 resp 97074 0 pmu 788356 10859 6354500 6173363 33545214
1790336877.376524 W 18 lat 462 462 629 0 exe 19074 19611 20777 resp 21277 0 pmu 789802 197 6365520 6933113 31493764
1790336878.312557 W 19 lat 462 462 685 0 exe 19055 20666 94592 resp 95185 0 pmu 788936 11031 6359242 6170461 33591538
1790336879.352523 W 20 lat 462 462 537 0 exe 19037 19611 21648 resp 22111 0 pmu 787532 336 6350344 6914572 31499511
1790336880.392553 W 21 lat 462 462 777 0 exe 19018 20722 99277 resp 100055 1 pmu 789417 11284 6362796 6178233 33679154
1790336881.328510 W 22 lat 462 462 518 0 exe 18962 19629 21666 resp 22148 0 pmu 789701 303 6366256 6962998 31569052
1790336882.368552 W 23 lat 370 462 944 0 exe 15851 20425 98888 resp 99555 0 pmu 789428 11801 6364020 6178211 33832468
1790336883.304520 W 24 lat 462 462 537 0 exe 18962 19611 22370 resp 22833 0 pmu 788222 283 6352022 6941400 31482333
1790336884.344551 W 25 lat 462 462 685 0 exe 19055 20685 96944 resp 97425 0 pmu 788900 11080 6356678 6184983 33618985
1790336885.384521 W 26 lat 462 462 611 0 exe 19055 19611 21388 resp 21870 0 pmu 787339 368 6346652 6937645 31524052
1790336886.320546 W 27 lat 462 462 629 0 exe 18999 20759 98425 resp 99037 0 pmu 789134 11873 6358094 6176250 33723261
1790336887.360518 W 28 lat 462 462 537 0 exe 19129 19611 21407 resp 21888 0 pmu 789400 221 6363855 6952981 31500926
1790336888.296552 W 29 lat 462 462 722 0 exe 19074 20722 94296 resp 94796 0 pmu 789221 11298 6361467 6176311 33637768
1790336889.336524 W 30 lat 462 462 537 0 exe 19018 19629 21499 resp 21999 0 pmu 789281 317 6363860 6911809 31503959
1790336890.376556 W 31 lat 462 462 685 0 exe 19037 20722 96407 resp 96870 0 pmu 788530 11626 6355648 6176970 33685240
1790336891.312520 W 32 lat 462 462 518 0 exe 19018 19611 21111 resp 21592 0 pmu 788957 307 6360019 6932295 31514608
1790336892.352550 W 33 lat 462 462 759 0 exe 19018 20777 104092 resp 104648 1 pmu 790817 11770 6376534 6172683 33756045
1790336893.392519 W 34 lat 462 462 518 0 exe 18944 19611 22703 resp 23185 0 pmu 788732 322 6359429 7010246 31544915
1790336894.332557 W 35 lat 462 462 648 0 exe 19037 20722 100333 resp 100851 1 pmu 788991 11425 6358976 6188287 33701243
1790336895.372523 W 36 lat 462 462 537 0 exe 19037 19629 20907 resp 21388 0 pmu 788901 340 6361696 6971599 31566737
1790336896.308568 W 37 lat 462 462 685 0 exe 18981 20740 97944 resp 98611 0 pmu 789572 11423 6367492 6171187 33695055
1790336897.348518 W 38 lat 462 462 574 0 exe 18981 19629 21703 resp 22166 0 pmu 788391 404 6357351 6948549 31554472
1790336898.388558 W 39 lat 370 462 629 0 exe 15981 20055 93129 resp 93740 0 pmu 787841 11042 6349592 6178879 33584919
1790336899.324516 W 40 lat 462 462 537 0 exe 19037 19592 20666 resp 21148 0 pmu 788991 177 6362478 6880891 31421428
1790336900.364563 W 41 lat 462 462 685 0 exe 19018 20666 91648 resp 92129 0 pmu 789199 10940 6364607 6168446 33632270
1790336901.300520 W 42 lat 462 462 685 0 exe 19055 19611 22388 resp 22870 0 pmu 787828 457 6352054 6884356 31501729
1790336902.340574 W 43 lat 462 462 629 0 exe 19111 20740 99222 resp 99722 0 pmu 790025 11495 6370881 6186595 33692407
1790336903.380521 W 44 lat 462 462 518 0 exe 18925 19611 21796 resp 22296 0 pmu 788215 398 6353353 6960710 31542822
1790336904.316556 W 45 lat 462 462 759 0 exe 19129 20685 94203 resp 94888 0 pmu 789369 11190 6363772 6179279 33642890
1790336905.356521 W 46 lat 462 462 518 0 exe 18999 19611 21611 resp 22092 0 pmu 788044 339 6356314 6912052 31485893
1790336906.396554 W 47 lat 462 462 962 0 exe 18907 20814 93111 resp 93629 0 pmu 788549 12713 6359270 6177628 33961613
1790336907.332513 W 48 lat 462 462 537 0 exe 18944 19666 25999 resp 26481 0 pmu 788925 757 6357344 6900814 31550673
1790336908.372566 W 49 lat 462 462 759 0 exe 19055 20277 98518 resp 99277 0 pmu 790166 6816 6376368 6221833 32979529
1790336909.308519 W 50 lat 462 462 796 0 exe 19111 20055 91166 resp 91629 0 pmu 788037 4850 6348729 6953229 32241291
1790336910.348564 W 51 lat 462 462 1166 0 exe 18870 19648 55148 resp 56314 0 pmu 789915 570 6376224 6877346 31803541
1790336911.388520 W 52 lat 462 462 648 0 exe 18981 20629 92555 resp 93203 0 pmu 788295 10677 6346276 6519389 33407566
1790336912.324548 W 53 lat 462 462 537 0 exe 19092 19574 20629 resp 21111 0 pmu 786945 120 6344964 6893831 31361375
1790336913.364524 W 54 lat 462 462 685 0 exe 18962 20703 93425 resp 93962 0 pmu 788149 11520 6357510 6168264 33718124
1790336914.300514 W 55 lat 388 462 537 0 exe 15999 19296 21574 resp 22037 0 pmu 788204 213 6355424 6902311 31446840
1790336915.340549 W 56 lat 388 462 629 0 exe 16166 20759 102685 resp 103203 1 pmu 789811 11880 6368508 6160362 33806385
1790336916.380550 W 57 lat 462 462 518 0 exe 18962 19611 20740 resp 21222 0 pmu 789888 99 6362931 6980484 31488000
1790336917.316524 W 58 lat 462 462 648 0 exe 19018 20759 101074 resp 101574 1 pmu 789773 11683 6369963 6168659 33825116
1790336918.360557 W 59 lat 462 462 629 0 exe 18999 19611 22425 resp 22888 0 pmu 788207 368 6354480 6979143 31507770
1790336919.296533 W 60 lat 462 462 666 0 exe 19074 20759 96981 resp 97592 0 pmu 789072 11909 6360256 6186361 33833993
1790336920.336517 W 61 lat 462 462 537 0 exe 19074 19592 21425 resp 21888 0 pmu 788205 158 6353360 6939111 31434196
1790336921.376554 W 62 lat 462 462 629 0 exe 18833 20777 102425 resp 102925 1 pmu 789667 12001 6367937 6176088 33852712
1790336922.312519 W 63 lat 462 462 537 0 exe 19018 19592 20851 resp 21333 0 pmu 789061 174 6361276 6991708 31499981
1790336923.352551 W 64 lat 462 462 629 0 exe 19018 20722 100074 resp 100574 1 pmu 788854 11477 6359596 6170221 33711363
1790336924.396552 W 65 lat 462 462 518 0 exe 18981 19555 20907 resp 21407 0 pmu 785180 164 6331096 6968734 31391152
1790336925.332526 W 66 lat 462 462 833 0 exe 18925 20722 101185 resp 101814 1 pmu 788931 11488 6359333 6170364 33775366
1790336926.373004 W 67 lat 462 462 537 0 exe 18999 19629 21555 resp 22037 0 pmu 789351 311 6362864 6981104 31556174
1790336927.308550 W 68 lat 462 462 777 0 exe 18999 21222 99944 resp 100629 1 pmu 790045 16501 6371070 6177411 35046787
1790336928.348518 W 69 lat 462 462 518 0 exe 18981 19611 21314 resp 21796 0 pmu 789623 217 6364984 6971556 31511033
1790336929.296733 W 70 lat 314 1851 9166 0 exe 19148 154629 471907 resp 477814 610 pmu 816518 420150 6631145 6176562 375742482
1790336930.356621 W 71 lat 314 3092 8592 0 exe 54814 300240 486129 resp 492537 952 pmu 851724 704622 6908391 11436447 791760137
1790336931.308766 W 72 lat 296 3129 9203 0 exe 50999 305203 532388 resp 536222 937 pmu 855005 710648 6956025 12490888 803011301
1790336932.364801 W 73 lat 314 2666 8481 0 exe 54092 243388 481666 resp 484481 941 pmu 823033 602238 6680732 12949347 651052358
1790336933.308778 W 74 lat 370 3777 8870 0 exe 52444 362277 546759 resp 552444 993 pmu 894002 824854 7283701 12137874 955452175
1790336934.364608 W 75 lat 388 3759 9351 0 exe 62037 367870 532555 resp 537018 993 pmu 891639 834303 7256870 13397329 969844447
1790336935.312790 W 76 lat 314 3833 9296 0 exe 60759 380370 538648 resp 542499 994 pmu 895171 829083 7288371 13327632 995176643
1790336936.368770 W 77 lat 333 4018 9648 0 exe 66555 404925 532185 resp 535148 994 pmu 898340 873561 7311962 13441270 1059982971
1790336937.312838 W 78 lat 407 3981 9462 0 exe 56092 386981 542092 resp 548462 994 pmu 906297 860072 7387805 13526636 1015487166
1790336938.360770 W 79 lat 351 3851 8907 0 exe 68925 373333 527444 resp 531981 996 pmu 896868 830649 7289455 13499974 981457292
1790336939.312786 W 80 lat 481 3611 9148 0 exe 62759 340129 535222 resp 539370 994 pmu 878664 766083 7145972 13336699 892200436
1790336940.364721 W 81 lat 370 3833 10185 0 exe 57981 363481 532629 resp 538833 992 pmu 889282 826491 7249735 13216159 958096321
1790336941.316796 W 82 lat 296 3407 10462 0 exe 57611 379907 531018 resp 536481 991 pmu 899088 841555 7312100 13299104 995728022
1790336942.364791 W 83 lat 444 3629 9981 0 exe 49148 378685 526407 resp 532962 991 pmu 882023 820844 7167943 13358328 987331343
1790336943.316755 W 84 lat 314 3555 9240 0 exe 55444 357148 540074 resp 545148 973 pmu 877375 786659 7153930 13268802 937256836
1790336944.368757 W 85 lat 314 3314 9685 0 exe 55444 324740 522092 resp 526888 974 pmu 863458 752505 7010178 13317197 857585528
1790336945.320839 W 86 lat 314 2629 8092 0 exe 53203 257888 507092 resp 512648 951 pmu 827533 632040 6726980 12974818 686842711
1790336946.372871 W 87 lat 351 3037 8351 0 exe 54999 306222 484555 resp 487962 963 pmu 845002 695255 6871778 12471685 805597904
1790336947.320769 W 88 lat 296 3055 9055 0 exe 56407 297166 525518 resp 529925 943 pmu 857213 719799 6956614 12489878 788165366
1790336948.368867 W 89 lat 314 2851 9388 0 exe 53462 285018 477925 resp 481092 961 pmu 836628 651548 6810962 12869757 754950965
1790336949.320766 W 90 lat 314 2833 8240 0 exe 55759 284444 525759 resp 529870 938 pmu 839866 685071 6809498 12312662 752954512
1790336950.368653 W 91 lat 314 3203 8481 0 exe 53944 307314 518129 resp 523722 980 pmu 850269 700599 6914896 12798630 809671083
1790336951.316801 W 92 lat 314 2611 6537 0 exe 54592 261981 476537 resp 480629 933 pmu 830554 641396 6758172 12837806 698459627
1790336952.372833 W 93 lat 314 3055 9259 0 exe 51796 298907 478037 resp 480833 958 pmu 847500 700681 6888905 12178554 791039199
1790336953.324888 W 94 lat 314 3092 9111 0 exe 56203 310981 521870 resp 527629 969 pmu 852949 719442 6920600 12373464 817392393
1790336954.372795 W 95 lat 314 3407 10203 0 exe 58462 324222 497648 resp 502407 979 pmu 865059 748921 7052139 12908405 856131489
1790336955.320784 W 96 lat 314 3203 8777 0 exe 59037 321814 554851 resp 557740 961 pmu 860815 736983 6988828 12745675 848639059
1790336956.376557 W 97 lat 314 3259 8999 0 exe 57833 309203 494944 resp 500148 993 pmu 852276 712443 6927917 13291370 814890785
1790336957.316791 W 98 lat 314 3203 8018 0 exe 56666 302703 536203 resp 541907 958 pmu 858696 722062 6996834 12636015 802905783
1790336958.365422 W 99 lat 314 3092 9555 0 exe 56777 297870 478092 resp 482592 971 pmu 845615 692625 6866689 13007473 785926252
1790336959.316622 W 100 lat 333 2518 8740 0 exe 54055 231407 519481 resp 524240 943 pmu 823385 581780 6672688 12404035 618790896
1790336960.373977 W 101 lat 314 3074 10499 0 exe 56611 281888 482092 resp 486759 961 pmu 848483 693387 6909336 12466178 755438082
1790336961.316739 W 102 lat 462 3370 8240 0 exe 55907 327074 535222 resp 539407 995 pmu 861556 736508 7000260 12368771 858405199
1790336962.380745 W 103 lat 314 3407 8703 0 exe 51481 316185 492296 resp 496888 976 pmu 861622 740350 7022136 13110880 838683647
1790336963.324787 W 104 lat 333 3018 9129 0 exe 57407 292666 517499 resp 522703 973 pmu 845424 681052 6862710 12608776 772523753
1790336964.384792 W 105 lat 314 3499 9092 0 exe 59518 332111 510814 resp 516722 984 pmu 870649 771078 7085531 12776359 878659604
1790336965.332785 W 106 lat 407 3611 10259 0 exe 54592 341833 537537 resp 542981 993 pmu 880163 789783 7166102 12922923 901673635
1790336966.380651 W 107 lat 351 3611 8185 0 exe 53870 357888 491555 resp 495629 976 pmu 871227 791960 7089542 13218652 937570846
1790336967.332741 W 108 lat 314 3203 9351 0 exe 56518 354648 512518 resp 518518 977 pmu 882837 819015 7182577 12818068 935094666
1790336968.384848 W 109 lat 351 3296 8648 0 exe 51148 328611 540037 resp 544888 988 pmu 862970 730369 7019187 13037866 862902113
1790336969.336731 W 110 lat 425 3685 9388 0 exe 59055 351759 521759 resp 526907 991 pmu 884544 804626 7204876 13147373 927594775
1790336970.388781 W 111 lat 333 3611 8407 0 exe 57537 372629 542962 resp 547444 992 pmu 883793 818431 7194322 13127580 976052758
1790336971.332789 W 112 lat 314 3462 8407 0 exe 54740 352592 526629 resp 531666 980 pmu 867532 769503 7069532 13427193 921784577
1790336972.380860 W 113 lat 314 3444 10055 0 exe 55074 343444 530425 resp 534314 981 pmu 873376 782487 7097259 13151656 905166517
1790336973.324906 W 114 lat 444 3518 8685 0 exe 59111 342907 530037 resp 534740 989 pmu 871783 777789 7083666 13147923 901734966
1790336974.376679 W 115 lat 314 3259 9277 0 exe 55148 327037 502388 resp 505074 967 pmu 859221 739260 6996322 13159809 858275865
1790336975.324721 W 116 lat 314 2925 9148 0 exe 55870 329925 534499 resp 539481 982 pmu 915844 847190 7454434 12775076 877059703
1790336976.376656 W 117 lat 333 3833 11685 0 exe 58129 405833 559518 resp 565444 996 pmu 937160 897143 7628347 13123449 1060058771
1790336977.320915 W 118 lat 314 3944 8666 0 exe 59314 401092 535388 resp 540296 989 pmu 903974 873824 7374405 13786552 1049584447
1790336978.368886 W 119 lat 574 3981 8666 0 exe 49444 391351 536833 resp 542666 993 pmu 908388 852017 7390069 13507665 1025192357
1790336979.316746 W 120 lat 425 3592 8277 0 exe 57703 358407 533462 resp 536703 991 pmu 878144 782366 7141109 13430251 937635015
1790336980.364870 W 121 lat 444 3907 8740 0 exe 57925 379333 541888 resp 548074 991 pmu 898764 845590 7324717 13255395 996851526
1790336981.312890 W 122 lat 388 3944 9314 0 exe 65907 389092 539499 resp 547648 991 pmu 906311 855746 7373041 13464233 1018076867
1790336982.364762 W 123 lat 499 3611 15296 0 exe 79648 353148 538611 resp 543314 993 pmu 881922 785221 7161705 13541614 923526446
1790336983.304666 W 124 lat 388 3499 8611 0 exe 56444 328074 542259 resp 548611 988 pmu 866818 753006 7059843 13433225 866288312
1790336984.352735 W 125 lat 296 3537 8629 0 exe 56111 352999 540944 resp 544555 962 pmu 878537 799329 7133772 13201864 929797269
1790336985.396629 W 126 lat 407 3370 8740 0 exe 58833 318370 516611 resp 521685 994 pmu 856566 723701 6965574 13298169 837822414
1790336986.340812 W 127 lat 314 3722 9018 0 exe 48796 373629 562481 resp 565444 972 pmu 924364 877146 7536521 12902656 987208016
1790336987.396814 W 128 lat 370 3999 9370 0 exe 63462 403148 531611 resp 536111 995 pmu 898283 873124 7314379 13579663 1053840458
1790336988.336915 W 129 lat 388 3814 7814 0 exe 62333 378740 529981 resp 534499 997 pmu 889583 833978 7229693 13502968 990638453
1790336989.380520 W 130 lat 296 1462 8833 0 exe 13092 127999 502518 resp 506407 333 pmu 821921 287157 6651485 13348610 347475662
1790336990.316515 W 131 lat 296 296 444 0 exe 13018 14425 90648 resp 91092 0 pmu 789917 10786 6368696 11562554 40612627
1790336991.360759 W 132 lat 296 1759 5944 0 exe 13092 145037 498481 resp 503537 611 pmu 773958 355819 6303842 6812048 375410795
1790336992.400761 W 133 lat 462 2648 7722 0 exe 157777 223092 372351 resp 375870 1000 pmu 767750 566518 6289544 11603279 580039645
1790336993.336769 W 134 lat 462 2722 5759 0 exe 171074 220759 283370 resp 285518 1000 pmu 752854 544627 6165590 11462333 572717331
1790336994.376788 W 135 lat 1055 2777 6685 0 exe 127574 226148 367999 resp 372425 1000 pmu 766315 562511 6282195 10610980 587611726
1790336995.316770 W 136 lat 1407 2796 6592 0 exe 139444 218944 272592 resp 275777 1000 pmu 751678 541247 6155859 11286041 569229015
1790336996.356782 W 137 lat 1055 2740 5018 0 exe 169018 227388 374814 resp 378944 1000 pmu 765816 566440 6279028 10350494 590624447
1790336997.308787 W 138 lat 1296 2759 5833 0 exe 123018 216648 274999 resp 277907 1000 pmu 751221 538604 6161925 11557443 564055910
1790336998.364782 W 139 lat 1277 2685 5407 0 exe 127999 224314 367537 resp 371240 1000 pmu 765674 560037 6268773 10274946 583733085
1790336999.308743 W 140 lat 1351 2759 5666 0 exe 167907 220611 279555 resp 283092 1000 pmu 752202 545503 6170388 11265087 573687960
1790337000.368760 W 141 lat 1277 2722 5611 0 exe 166370 225092 364537 resp 368111 1000 pmu 765816 562471 6268087 10567324 585693164
1790337001.340772 W 142 lat 1129 2703 6666 0 exe 128481 216370 284055 resp 286703 1000 pmu 751622 535787 6162441 11431266 563448078
1790337002.308764 W 143 lat 1314 2759 6370 0 exe 130962 226796 379851 resp 383777 1000 pmu 768931 567448 6299440 10393103 590473153
1790337003.380770 W 144 lat 1333 2703 5666 0 exe 165370 217425 281703 resp 283870 1000 pmu 752120 538389 6164620 11421865 565927175
1790337004.344668 W 145 lat 1388 2777 6925 0 exe 154888 225444 369648 resp 373111 1000 pmu 765492 563666 6277628 10552956 587038781
1790337005.404780 W 146 lat 1111 2703 4851 0 exe 122870 214259 279185 resp 281499 1000 pmu 750870 530026 6151756 11433696 558093605
1790337006.368742 W 147 lat 1314 2722 5648 0 exe 169092 224240 370888 resp 373370 1000 pmu 764069 560008 6275028 10294899 583684318
1790337007.324736 W 148 lat 1166 2666 5314 0 exe 125351 219648 334240 resp 337240 1000 pmu 755491 546954 6181176 11498886 571959793
1790337008.384747 W 149 lat 1092 2759 6518 0 exe 132351 215037 282055 resp 284814 1000 pmu 750907 532435 6158760 10890794 559738265
1790337009.332781 W 150 lat 1018 2703 5537 0 exe 121351 219555 341796 resp 345055 1000 pmu 756659 546790 6203502 10385711 571288455
1790337010.392789 W 151 lat 1370 2666 5999 0 exe 160351 217574 291592 resp 294499 1000 pmu 752233 539082 6165544 10947634 566028660
1790337011.352820 W 152 lat 1370 2740 5814 0 exe 137648 217407 270277 resp 273018 1000 pmu 751736 538688 6161353 10632918 565684230
1790337012.312711 W 153 lat 1129 2722 6999 0 exe 121611 213703 272351 resp 274962 1000 pmu 750963 530792 6153928 10303983 555597310
1790337013.356817 W 154 lat 1092 2685 5388 0 exe 168407 214796 272055 resp 274962 1000 pmu 751689 541550 6165829 10229976 558765135
1790337014.304771 W 155 lat 1314 2703 5703 0 exe 139685 212981 277518 resp 281055 1000 pmu 753045 536870 6167687 10459620 554243180
1790337015.348740 W 156 lat 1407 2722 5148 0 exe 138759 212685 277518 resp 280425 1000 pmu 751881 534940 6161862 10367356 553095967
1790337016.396793 W 157 lat 1351 2740 5592 0 exe 130222 214222 276999 resp 279666 1000 pmu 752800 538965 6173906 10355969 556667008
1790337017.344865 W 158 lat 1148 2648 5962 0 exe 116740 215944 268277 resp 271129 1000 pmu 751678 542522 6156245 10316626 560714356
1790337018.404763 W 159 lat 407 2648 7759 0 exe 149888 215481 289407 resp 291981 1000 pmu 752374 538354 6167204 10171857 558545046
1790337019.348810 W 160 lat 1388 2722 6296 0 exe 131018 219777 278999 resp 281240 1000 pmu 751201 542603 6152081 10550461 570237120
1790337020.400728 W 161 lat 1370 2814 6851 0 exe 133074 218148 275277 resp 278370 1000 pmu 750993 536822 6158195 10369608 566269777
1790337021.360774 W 162 lat 1203 2759 6574 0 exe 174925 221999 296444 resp 299666 1000 pmu 753877 548914 6175616 10342208 576359834
1790337022.328710 W 163 lat 1148 2740 5999 0 exe 122685 217203 281129 resp 284685 1000 pmu 750972 535858 6153891 10780625 564474218
1790337023.388750 W 164 lat 1388 2759 5259 0 exe 129833 218703 283388 resp 286981 1000 pmu 752611 540738 6168283 10340512 568059726
1790337024.356771 W 165 lat 1259 2685 5537 0 exe 115462 217407 279999 resp 282648 1000 pmu 751410 537440 6155079 10404127 564965968
1790337025.320764 W 166 lat 1259 2796 6240 0 exe 169907 219851 278814 resp 283166 1000 pmu 752440 544347 6167477 10287640 571202305
1790337026.376790 W 167 lat 1351 2722 5314 0 exe 144814 216518 274592 resp 277851 1000 pmu 751326 535104 6157157 10572783 562800118
1790337027.332803 W 168 lat 1092 2777 5759 0 exe 128537 215648 295111 resp 299203 1000 pmu 752077 534183 6156806 10378363 561044529
1790337028.396768 W 169 lat 1351 2777 6092 0 exe 162944 218962 296481 resp 298740 1000 pmu 752756 542476 6167376 10503277 569258953
1790337029.360785 W 170 lat 1314 2722 5944 0 exe 135537 217666 304796 resp 308018 1000 pmu 752248 543076 6164497 10699544 566615879
1790337030.320762 W 171 lat 944 2703 5592 0 exe 113685 217370 286740 resp 289870 1000 pmu 752638 540203 6178840 10642694 565967979
1790337031.392737 W 172 lat 1333 2666 6574 0 exe 169074 218833 271407 resp 273351 1000 pmu 752291 541710 6162182 10347142 569114589
1790337032.356740 W 173 lat 1222 2777 5611 0 exe 169666 217259 276574 resp 280314 1000 pmu 752461 538343 6168211 10478764 565223806
1790337033.312752 W 174 lat 1296 2703 5425 0 exe 130462 214907 273018 resp 275648 1000 pmu 752161 532934 6166502 10529799 559468802
1790337034.356781 W 175 lat 1185 2722 6388 0 exe 141111 215037 283722 resp 286222 1000 pmu 750410 532659 6147919 10279881 559675626
1790337035.304809 W 176 lat 1388 2703 5296 0 exe 168148 218740 275851 resp 277925 1000 pmu 752583 544047 6168484 10444500 569118951
1790337036.360745 W 177 lat 1407 2722 5740 0 exe 144499 214574 275981 resp 278907 1000 pmu 750764 531796 6157455 10512833 558693635
1790337037.324737 W 178 lat 999 2740 5777 0 exe 128796 215685 281870 resp 284166 1000 pmu 752566 535384 6164139 10381922 561338984
1790337038.364767 W 179 lat 1240 2740 5851 0 exe 169185 215444 285388 resp 288481 1000 pmu 751893 534576 6160682 10362851 560094233
1790337039.312796 W 180 lat 1407 2722 5777 0 exe 162462 216074 287296 resp 289888 1000 pmu 753672 543948 6180736 10604162 562190880
1790337040.376758 W 181 lat 1203 2685 6111 0 exe 132833 210703 278018 resp 281092 1000 pmu 752100 530585 6163380 10590727 548395680
1790337041.336767 W 182 lat 1296 2777 5981 0 exe 116611 214462 291777 resp 295185 1000 pmu 752993 539158 6177530 10325583 557572913
1790337042.400792 W 183 lat 1444 2740 5759 0 exe 161870 214277 277240 resp 279648 1000 pmu 751463 539012 6160252 10403185 556651848
1790337043.356764 W 184 lat 1333 2703 5722 0 exe 122055 215148 297407 resp 299999 1000 pmu 752079 541067 6163857 10477451 558843115
1790337044.396771 W 185 lat 462 2629 7037 0 exe 160944 218444 297351 resp 301425 1000 pmu 751971 544252 6160306 10484471 566426180
1790337045.332814 W 186 lat 1055 2796 5555 0 exe 121759 221962 300240 resp 304444 1000 pmu 753107 547031 6162009 10703900 575897136
1790337046.372803 W 187 lat 1370 2851 5925 0 exe 160111 219462 285685 resp 288370 1000 pmu 751699 544225 6159029 10551530 569850723
1790337047.312727 W 188 lat 1203 2814 5592 0 exe 126962 215999 277944 resp 280518 1000 pmu 750348 532634 6147149 10581413 560891842
1790337048.348822 W 189 lat 1388 2759 5481 0 exe 135759 219277 274018 resp 276611 1000 pmu 752117 541790 6165087 10317675 569446161
1790337049.388820 W 190 lat 1444 2814 5777 0 exe 166685 218259 280907 resp 285518 1000 pmu 752778 540249 6171884 10339164 567060160
1790337050.324817 W 191 lat 1129 2722 5407 0 exe 148296 218277 283444 resp 285648 1000 pmu 750791 540495 6149059 10569616 567515207
1790337051.364523 W 192 lat 296 1333 5759 0 exe 13074 99981 369666 resp 373537 405 pmu 780004 247464 6322280 10485466 261994945
1790337052.300485 W 193 lat 296 296 425 0 exe 13055 13481 15407 resp 15722 0 pmu 790163 204 6375496 10077782 36413263
1790337053.344906 W 194 lat 296 537 6314 0 exe 13092 44259 482648 resp 487166 85 pmu 808115 97564 6540649 6052694 115495731
1790337054.388947 W 195 lat 296 4018 10981 0 exe 54518 400666 577203 resp 582462 966 pmu 905130 794120 7378168 10933851 1028062105
1790337055.328922 W 196 lat 1796 5111 12037 0 exe 207222 485333 610425 resp 616851 1000 pmu 907107 857536 7396576 13913189 1222674448
1790337056.380793 W 197 lat 296 2796 13018 0 exe 15222 260185 569833 resp 575314 622 pmu 840883 534039 6837900 15455484 691006338
1790337057.324963 W 198 lat 1203 4944 11407 0 exe 250777 474222 592870 resp 598074 1000 pmu 884460 824796 7217649 12945875 1195894432
1790337058.388722 W 199 lat 296 2388 7777 0 exe 17037 242611 601259 resp 606222 700 pmu 877579 568638 7137108 15429314 664280742
1790337059.344937 W 200 lat 296 3092 10240 0 exe 29055 316759 557814 resp 561814 819 pmu 898381 718975 7323509 13150085 833307707
1790337060.392873 W 201 lat 1148 4833 10851 0 exe 185388 457666 597129 resp 600962 1000 pmu 905729 849984 7374585 13157880 1163027715
1790337061.336937 W 202 lat 888 4314 8888 0 exe 102333 425740 569018 resp 572203 1000 pmu 859738 810520 6996860 15052590 1082607047
1790337062.376970 W 203 lat 296 3592 9148 0 exe 30537 374240 552333 resp 556685 937 pmu 847714 759400 6893892 14179168 967926223
1790337063.316739 W 204 lat 296 2685 8222 0 exe 19981 271537 580444 resp 584333 768 pmu 860831 598282 7014260 13396187 735378414
1790337064.353029 W 205 lat 314 3370 10129 0 exe 31240 328722 554407 resp 559055 871 pmu 882824 714712 7181329 13099685 864178275
1790337065.397064 W 206 lat 1611 4685 10462 0 exe 223833 452851 573259 resp 578796 1000 pmu 890024 838760 7246500 13198694 1143687213
1790337066.332908 W 207 lat 981 4425 8999 0 exe 184111 414833 548925 resp 554222 1000 pmu 855269 790717 6965059 14990131 1056322919
1790337067.372924 W 208 lat 296 3388 9407 0 exe 14685 323611 545055 resp 548055 843 pmu 818287 645867 6656078 14344612 836534660
1790337068.308924 W 209 lat 296 2999 9148 0 exe 21037 293833 567166 resp 571333 785 pmu 860489 609435 6998943 12984461 773018443
1790337069.348767 W 210 lat 296 3314 10037 0 exe 15722 320537 591296 resp 594870 848 pmu 879776 697186 7162089 13091312 839859367
1790337070.392787 W 211 lat 611 4259 9296 0 exe 237166 446629 573370 resp 577944 1000 pmu 898590 838074 7318131 13443038 1136101845
1790337071.324868 W 212 lat 722 4444 8944 0 exe 187870 425203 568425 resp 573388 1000 pmu 845546 791854 6891834 15008967 1078977999
1790337072.368934 W 213 lat 296 3611 7777 0 exe 15518 369833 561166 resp 563759 942 pmu 829476 722788 6743467 14607523 947824370
1790337073.304763 W 214 lat 296 2703 8388 0 exe 21388 284111 558537 resp 564777 769 pmu 855833 609194 6959413 13371970 754747716
1790337074.344838 W 215 lat 296 3388 10037 0 exe 28481 342870 574518 resp 579870 905 pmu 883613 735666 7186717 12963510 891309778
1790337075.384974 W 216 lat 1814 4777 9999 0 exe 202888 460870 585666 resp 589777 1000 pmu 891994 841962 7267571 13459992 1167251820
1790337076.320933 W 217 lat 333 3796 8944 0 exe 64962 362944 536518 resp 541962 994 pmu 839683 729624 6827654 15041793 932489282
1790337077.364676 W 218 lat 314 4185 9296 0 exe 77611 419314 561574 resp 565629 998 pmu 846303 780509 6891697 13360044 1068680615
1790337078.404696 W 219 lat 296 2351 7537 0 exe 18962 235259 545351 resp 549888 718 pmu 843917 544759 6855891 13951387 634121524
1790337079.340796 W 220 lat 296 3648 10555 0 exe 31629 371962 573425 resp 577740 944 pmu 889627 769913 7241426 12560790 962334556
1790337080.380966 W 221 lat 962 4777 12074 0 exe 209962 460074 599870 resp 605759 1000 pmu 889837 835544 7247244 13609028 1166390397
1790337081.316796 W 222 lat 314 4037 10648 0 exe 67814 374499 574185 resp 579555 977 pmu 831216 734759 6767409 15230053 969002901
1790337082.356974 W 223 lat 314 3870 9462 0 exe 69796 392481 571481 resp 576870 983 pmu 839987 758012 6847557 13817937 1007610766
1790337083.396734 W 224 lat 296 2574 7444 0 exe 21277 264462 547759 resp 551537 728 pmu 854925 572867 6938588 13883377 710613263
1790337084.332869 W 225 lat 314 3537 10185 0 exe 40907 340944 588499 resp 593888 934 pmu 895694 749886 7302137 12739381 899578635
1790337085.380795 W 226 lat 1777 4870 12555 0 exe 210703 460388 571574 resp 575759 1000 pmu 884971 833521 7201817 13654080 1162680930
1790337086.313005 W 227 lat 296 3259 10092 0 exe 14166 297296 577518 resp 580740 855 pmu 826498 603870 6723678 14950414 776978592
1790337087.352882 W 228 lat 759 4555 9703 0 exe 91462 445277 580648 resp 584074 999 pmu 859695 797185 7002171 13179575 1128767549
1790337088.392661 W 229 lat 296 2203 7148 0 exe 19203 212037 533981 resp 537888 667 pmu 851547 506951 6925867 14344242 584104500
1790337089.340779 W 230 lat 314 3555 8981 0 exe 45055 354240 560277 resp 563370 936 pmu 891909 759366 7254953 12326106 926963714
1790337090.392863 W 231 lat 833 4796 10999 0 exe 132333 447907 568777 resp 576462 1000 pmu 888224 823978 7243568 13441617 1138757049
1790337091.340913 W 232 lat 314 3944 11166 0 exe 63444 375944 575166 resp 578685 991 pmu 842035 749381 6847483 14473342 966161644
1790337092.400810 W 233 lat 314 4018 8203 0 exe 68370 401462 544870 resp 550240 991 pmu 832538 768013 6773893 13806026 1026619501
1790337093.340850 W 234 lat 314 2444 8629 0 exe 22111 236685 572722 resp 576925 751 pmu 861509 550235 7006365 13649060 637396296
1790337094.389023 W 235 lat 314 3611 10388 0 exe 39259 358629 545277 resp 550574 939 pmu 892466 766610 7267047 12861598 939685407
1790337095.332808 W 236 lat 407 4722 9962 0 exe 128240 452907 588388 resp 595055 1000 pmu 890230 841308 7248754 13303035 1146310467
1790337096.404885 W 237 lat 333 3555 9481 0 exe 81722 395499 561370 resp 565907 997 pmu 882049 808472 7186068 14660892 1017470088
1790337097.364740 W 238 lat 296 3314 9111 0 exe 27425 360203 569462 resp 574240 916 pmu 890142 787322 7226086 13851720 936879429
1790337098.316865 W 239 lat 296 2574 8203 0 exe 21814 256611 564111 resp 569499 748 pmu 857738 576222 6984211 13482059 690589123
1790337099.384941 W 240 lat 314 3629 9851 0 exe 24129 361259 557351 resp 560481 949 pmu 889134 762069 7238570 12877989 932880598
1790337100.324729 W 241 lat 870 4814 9055 0 exe 233018 456314 602722 resp 608333 1000 pmu 886093 831945 7218446 13347694 1157626185
1790337101.365012 W 242 lat 333 3722 9944 0 exe 85222 367944 539796 resp 545296 992 pmu 841519 742433 6842948 15338136 952683193
1790337102.404817 W 243 lat 370 4129 8962 0 exe 95537 421240 558018 resp 561555 998 pmu 849287 793679 6911321 13523981 1074482514
1790337103.340988 W 244 lat 296 2296 6481 0 exe 17648 241074 538259 resp 543388 720 pmu 854227 551057 6953866 14010834 644720497
1790337104.380866 W 245 lat 314 3796 9370 0 exe 36203 381611 578722 resp 584796 945 pmu 891682 780858 7247853 12509615 992941710
1790337105.320745 W 246 lat 1333 4499 10092 0 exe 202888 441888 557759 resp 563851 1000 pmu 890042 831665 7247913 13736716 1124784340
1790337106.360915 W 247 lat 537 4462 9907 0 exe 89296 425240 576444 resp 580999 998 pmu 844573 785430 6884838 14674244 1078739535
1790337107.408824 W 248 lat 296 3148 8870 0 exe 16518 323166 572018 resp 574574 853 pmu 845581 677083 6888739 14196782 848379071
1790337108.348697 W 249 lat 296 2648 8185 0 exe 19944 275333 560074 resp 564777 755 pmu 900725 629781 7312344 13254891 734887435
1790337109.409061 W 250 lat 314 3425 9574 0 exe 29777 352685 581537 resp 586629 954 pmu 903868 769988 7365293 12918901 923835153
1790337110.352746 W 251 lat 1555 4888 11944 0 exe 204999 464222 602685 resp 609185 1000 pmu 895218 844873 7283454 13582475 1173658315
1790337111.401075 W 252 lat 333 3611 9574 0 exe 58851 352407 552074 resp 557555 985 pmu 845263 728325 6881573 15260038 920978745
1790337112.364802 W 253 lat 314 4296 10314 0 exe 84537 422944 569537 resp 574629 995 pmu 851782 791609 6921709 13434681 1081089219
1790337113.320525 W 254 lat 296 2092 18259 0 exe 13425 206518 541296 resp 545592 617 pmu 847248 499968 6878465 14094398 561113249
1790337114.360483 W 255 lat 296 296 351 0 exe 13037 13499 15870 resp 16185 0 pmu 788776 308 6359845 12397003 37853525
1790337115.400516 W 256 lat 296 296 537 0 exe 13018 15351 85462 resp 85777 0 pmu 790340 21475 6373237 6056786 40272350
1790337116.336510 W 257 lat 296 296 407 0 exe 13111 13648 16074 resp 16444 0 pmu 789579 292 6367814 6762855 34245841
1790337117.376554 W 258 lat 351 462 629 0 exe 15240 20592 99759 resp 100259 1 pmu 788945 11788 6357629 6060457 33732359
1790337118.312517 W 259 lat 462 462 518 0 exe 19092 19592 20999 resp 21481 0 pmu 788207 194 6355116 6945636 31470913
1790337119.352554 W 260 lat 462 462 666 0 exe 19111 20722 100814 resp 101296 2 pmu 790296 11164 6373380 6172002 33651075
1790337120.392520 W 261 lat 462 462 537 0 exe 19018 19611 21314 resp 21796 0 pmu 788818 226 6358644 6976618 31533631
1790337121.328565 W 262 lat 462 462 740 0 exe 18944 20796 104296 resp 104814 1 pmu 788740 12090 6358156 6175013 33843579
1790337122.368518 W 263 lat 462 462 518 0 exe 18999 19611 22499 resp 22981 0 pmu 787074 391 6344376 7011651 31550452
1790337123.308550 W 264 lat 462 462 648 0 exe 18944 20611 90499 resp 91092 0 pmu 788456 10533 6356120 6186641 33505796
1790337124.348517 W 265 lat 462 462 537 0 exe 19092 19629 22222 resp 22703 0 pmu 789583 333 6361063 6872620 31477727
1790337125.388553 W 266 lat 462 462 1055 0 exe 18999 20666 93851 resp 94370 0 pmu 788133 11080 6353871 6184582 33569655
1790337126.324537 W 267 lat 462 462 537 0 exe 19092 19648 22999 resp 23499 0 pmu 790043 488 6368658 6908467 31593168
1790337127.364566 W 268 lat 462 462 666 0 exe 19074 20740 107629 resp 108111 1 pmu 789159 11442 6362287 6192606 33684527
1790337128.404517 W 269 lat 388 462 555 0 exe 15944 19148 22222 resp 22703 0 pmu 787927 354 6351288 7044848 31568165
1790337129.340562 W 270 lat 462 462 1074 0 exe 19055 20648 93462 resp 94129 0 pmu 789075 10632 6363676 6166111 33521142
1790337130.380518 W 271 lat 462 462 518 0 exe 18999 19648 24722 resp 25203 0 pmu 789117 604 6358838 6905507 31560393
1790337131.320549 W 272 lat 462 462 796 0 exe 18925 20481 93796 resp 94296 0 pmu 790300 8894 6370745 6209059 33297375
1790337132.360544 W 273 lat 462 462 592 0 exe 19018 19796 53185 resp 53759 0 pmu 789273 2098 6359630 6905224 31868718
1790337133.400572 W 274 lat 462 462 611 0 exe 19037 20018 88962 resp 89555 0 pmu 789185 4226 6370242 6495515 32591982
1790337134.336519 W 275 lat 462 462 592 0 exe 18962 20314 94240 resp 94740 0 pmu 789595 7352 6357463 6854556 32650521
1790337135.376565 W 276 lat 462 462 518 0 exe 18925 19592 20907 resp 21407 0 pmu 788135 155 6352868 6907956 31405250
1790337136.312520 W 277 lat 462 462 648 0 exe 19055 20629 93962 resp 94481 0 pmu 788326 10796 6355993 6170326 33569470
1790337137.352562 W 278 lat 444 462 518 0 exe 19092 19574 20722 resp 21203 0 pmu 787211 112 6341916 6907685 31395776
1790337138.392531 W 279 lat 462 462 666 0 exe 19092 20685 93833 resp 94462 0 pmu 791079 10774 6376210 6169032 33706162
1790337139.328571 W 280 lat 462 462 611 0 exe 18999 19611 21388 resp 21870 0 pmu 788827 206 6357928 6907430 31451463
1790337140.368525 W 281 lat 462 462 777 0 exe 19018 20629 97796 resp 98481 0 pmu 788175 10590 6348824 6175932 33544321
1790337141.304514 W 282 lat 462 462 537 0 exe 19055 19611 20666 resp 21148 0 pmu 789214 176 6354508 6947234 31476519
1790337142.344547 W 283 lat 462 462 611 0 exe 19037 20629 93981 resp 94481 0 pmu 789398 10513 6364784 6168696 33553269
1790337143.384559 W 284 lat 462 462 611 0 exe 19018 19592 21555 resp 22037 0 pmu 788166 210 6354569 6907440 31442629
1790337144.320521 W 285 lat 388 462 611 0 exe 16074 20462 92925 resp 93518 0 pmu 789839 11423 6368805 6177594 33812557
1790337145.360564 W 286 lat 388 462 555 0 exe 16111 19537 21611 resp 22111 0 pmu 788412 263 6353816 6881312 31447736
1790337146.400524 W 287 lat 462 462 796 0 exe 19074 20685 95907 resp 96537 0 pmu 789811 10885 6364276 6162789 33594668
1790337147.336519 W 288 lat 462 462 537 0 exe 18999 19574 21833 resp 22314 0 pmu 786745 180 6341956 6928887 31409607
1790337148.376553 W 289 lat 462 462 629 0 exe 18981 20740 94499 resp 95129 0 pmu 790067 11641 6372105 6179954 33868910
1790337149.312542 W 290 lat 462 462 611 0 exe 19055 19629 22148 resp 22648 0 pmu 787853 490 6352724 6913579 31533236
1790337150.356553 W 291 lat 462 462 685 0 exe 18981 20740 102648 resp 103259 1 pmu 788004 11714 6352703 6184084 33762383
1790337151.396555 W 292 lat 462 462 537 0 exe 18999 19592 21222 resp 21722 0 pmu 787913 159 6350044 6995189 31462498
1790337152.332520 W 293 lat 462 462 851 0 exe 18981 20685 93277 resp 94129 0 pmu 789979 11098 6371550 6173984 33697313
1790337153.372519 W 294 lat 462 462 518 0 exe 18962 19611 20925 resp 21407 0 pmu 788871 207 6361700 6903419 31450705
1790337154.308548 W 295 lat 462 462 703 0 exe 19074 20685 93592 resp 94203 0 pmu 790606 10943 6372700 6170612 33653734
1790337155.348523 W 296 lat 462 462 611 0 exe 19055 19592 20777 resp 21259 0 pmu 787701 195 6348768 6904945 31439010
1790337156.388550 W 297 lat 462 462 870 0 exe 18981 20685 92814 resp 93407 0 pmu 788946 11200 6359702 6170096 33683793
1790337157.324524 W 298 lat 462 462 537 0 exe 19018 19611 20981 resp 21444 0 pmu 789011 241 6360324 6897470 31471011
1790337158.364552 W 299 lat 462 462 759 0 exe 19055 20666 91555 resp 92074 0 pmu 790207 10973 6368653 6171388 33607798
1790337159.404517 W 300 lat 462 462 537 0 exe 19018 19592 20666 resp 21166 0 pmu 788463 119 6353040 6884365 31408390
1790337160.340549 W 301 lat 462 462 611 0 exe 19037 20648 96481 resp 96981 0 pmu 790154 10514 6369280 6168390 33498656
1790337161.380528 W 302 lat 388 444 537 0 exe 15944 19018 20944 resp 21425 0 pmu 788934 275 6360742 6932408 31522074
1790337162.316553 W 303 lat 462 462 629 0 exe 19129 20722 96759 resp 97388 0 pmu 789424 11573 6361210 6152400 33800777
1790337163.356524 W 304 lat 462 462 537 0 exe 18944 19611 21296 resp 21777 0 pmu 789229 230 6359876 6936804 31488920
1790337164.400549 W 305 lat 462 462 777 0 exe 19018 20666 93981 resp 94592 0 pmu 789271 10987 6365868 6174471 33658507
1790337165.336522 W 306 lat 462 462 555 0 exe 19111 19592 20722 resp 21203 0 pmu 788354 170 6354408 6908998 31434501
1790337166.376548 W 307 lat 462 462 648 0 exe 19037 20722 101574 resp 102222 1 pmu 790471 11299 6369655 6169375 33721574
1790337167.312527 W 308 lat 462 462 537 0 exe 18870 19574 21333 resp 21833 0 pmu 786214 251 6336540 6984806 31486626
1790337168.352558 W 309 lat 462 462 777 0 exe 19037 20722 96685 resp 97185 0 pmu 789184 11510 6359778 6174319 33795712
1790337169.392514 W 310 lat 462 462 537 0 exe 18888 19629 21722 resp 22203 0 pmu 789057 317 6358486 6935877 31517619
1790337170.328548 W 311 lat 462 462 796 0 exe 18999 20722 94055 resp 94666 0 pmu 790177 11368 6371241 6178579 33748067
1790337171.368508 W 312 lat 462 462 537 0 exe 19074 19611 21351 resp 21851 0 pmu 789632 183 6365000 6910020 31464633
1790337172.304551 W 313 lat 462 462 999 0 exe 18999 20814 99185 resp 99925 0 pmu 789937 12105 6369559 6175556 33859322
1790337173.344516 W 314 lat 462 462 537 0 exe 19092 19629 21574 resp 22055 0 pmu 788285 403 6355982 6963446 31566562
1790337174.384552 W 315 lat 462 462 666 0 exe 19074 20796 95870 resp 96481 0 pmu 791485 11938 6381625 6178097 33890913
1790337175.320563 W 316 lat 462 462 685 0 exe 19055 19962 52425 resp 53018 0 pmu 787223 4005 6346612 6928214 32480174
1790337176.364554 W 317 lat 462 462 722 0 exe 19037 20740 94611 resp 95240 0 pmu 788964 11705 6357933 6489298 34000168
1790337177.408594 W 318 lat 370 574 7185 0 exe 16037 29203 377111 resp 383351 28 pmu 793828 37854 6418124 6915527 50741912
1790337178.352711 W 319 lat 296 2333 8333 0 exe 33759 178407 502055 resp 506055 818 pmu 821192 473018 6647831 9830913 457940844
1790337179.408674 W 320 lat 314 2777 8370 0 exe 33203 207185 438833 resp 443666 745 pmu 808811 501416 6584525 11917931 567579582
1790337180.348709 W 321 lat 314 2518 8407 0 exe 31592 197351 498944 resp 503259 720 pmu 803152 444728 6508678 11433483 527645132
1790337181.308605 W 322 lat 333 3240 9870 0 exe 31259 277055 464740 resp 468851 866 pmu 824434 629082 6715532 11974041 740800119
1790337182.364893 W 323 lat 388 3444 8999 0 exe 33888 301537 485259 resp 492092 926 pmu 825570 653131 6731696 12039008 795286404
1790337183.316845 W 324 lat 314 3666 8592 0 exe 38351 329148 424092 resp 426740 942 pmu 828779 728340 6759024 12390421 871774990
1790337184.372859 W 325 lat 407 3685 11037 0 exe 36148 338351 535018 resp 540592 967 pmu 837593 715457 6829201 11916980 889326302
1790337185.320862 W 326 lat 296 3981 8814 0 exe 40388 369037 461574 resp 466944 989 pmu 838320 781989 6845118 13088755 964237541
1790337186.376882 W 327 lat 425 3999 9203 0 exe 40037 374722 514555 resp 519555 987 pmu 857538 786132 7010305 12517777 982617482
1790337187.328640 W 328 lat 629 4185 9166 0 exe 64796 377111 475962 resp 479944 993 pmu 852435 793457 6963480 13075142 988252014
1790337188.372625 W 329 lat 518 4166 8444 0 exe 61574 383203 512907 resp 519351 992 pmu 866279 817571 7073713 12821663 1004731426
1790337189.324859 W 330 lat 444 4203 9925 0 exe 64888 378185 478370 resp 482351 995 pmu 856139 806175 6993422 13213422 990109381
1790337190.376875 W 331 lat 518 4314 9185 0 exe 77407 400129 529759 resp 534296 993 pmu 878996 835890 7183641 12854343 1044131049
1790337191.324891 W 332 lat 611 4185 8518 0 exe 78851 377925 476833 resp 482648 992 pmu 854114 804427 6975098 13540596 993107852
1790337192.372856 W 333 lat 574 3907 8222 0 exe 35907 349574 513314 resp 518499 992 pmu 849105 754956 6929956 12910479 918809105
1790337193.320785 W 334 lat 462 4055 7703 0 exe 42796 365944 482499 resp 485851 995 pmu 843651 787179 6894327 12912626 963697486
1790337194.372888 W 335 lat 314 3574 9314 0 exe 33222 316722 529148 resp 534166 936 pmu 836822 704297 6828168 12709186 838715577
1790337195.312799 W 336 lat 314 3462 8462 0 exe 35185 281962 468388 resp 473703 944 pmu 822914 642842 6691715 12894804 752013533
1790337196.360649 W 337 lat 388 3722 9518 0 exe 42092 311888 510203 resp 517166 972 pmu 840106 682904 6861329 12119874 823048445
1790337197.404866 W 338 lat 296 3462 9703 0 exe 33240 279148 471314 resp 477166 893 pmu 827882 651119 6751843 12736981 747011136
1790337198.348834 W 339 lat 333 3203 9111 0 exe 35222 275388 503629 resp 510351 876 pmu 820379 607741 6674398 12133896 730859912
1790337199.408789 W 340 lat 296 2851 9888 0 exe 33833 257944 470314 resp 474814 795 pmu 820513 603783 6669190 12448150 691468724
1790337200.352896 W 341 lat 314 3074 7203 0 exe 32925 269370 522833 resp 526481 848 pmu 822094 580506 6693180 12011818 712599680
1790337201.404832 W 342 lat 314 2981 10148 0 exe 32370 243870 462740 resp 467555 821 pmu 811592 555999 6606933 12572852 654076680
1790337202.352908 W 343 lat 425 3962 9851 0 exe 36944 365499 519870 resp 525555 983 pmu 854263 780637 6971899 11862422 958978692
1790337203.308771 W 344 lat 462 3703 8870 0 exe 41555 325074 470592 resp 474999 968 pmu 835981 695859 6819860 13073215 854280966
1790337204.360865 W 345 lat 425 3962 8907 0 exe 44888 346055 524907 resp 528518 983 pmu 850646 753539 6941558 12388895 911527322
1790337205.308865 W 346 lat 481 3999 9388 0 exe 46981 349888 476499 resp 481074 978 pmu 846717 763279 6908674 13050879 923590347
1790337206.368765 W 347 lat 370 3722 7814 0 exe 40481 345444 521296 resp 525722 975 pmu 842033 735950 6865698 12604288 907699717
1790337207.316699 W 348 lat 314 3685 8111 0 exe 46018 339814 473814 resp 477870 965 pmu 832429 722442 6795663 12986797 892483371
1790337208.368641 W 349 lat 314 3925 8981 0 exe 34629 359462 537185 resp 542555 979 pmu 847304 765918 6900020 12510738 942856789
1790337209.312763 W 350 lat 314 3425 9074 0 exe 33333 299703 489629 resp 493611 926 pmu 826721 678290 6738338 13197713 799404604
1790337210.364883 W 351 lat 351 3499 8055 0 exe 36259 293611 523277 resp 528314 946 pmu 828062 640005 6769704 12407998 774642006
1790337211.412710 W 352 lat 574 4185 9499 0 exe 73740 388111 534277 resp 538037 995 pmu 861135 811486 7020813 12729359 1016475067
1790337212.366722 W 353 lat 407 4037 8555 0 exe 60185 363037 471055 resp 475555 988 pmu 840830 782644 6874101 13504728 955537810
1790337213.312839 W 354 lat 388 4018 9259 0 exe 37888 354148 521185 resp 526555 984 pmu 859832 773146 7012708 12676673 932566290
1790337214.368826 W 355 lat 314 3407 8148 0 exe 35555 300555 454685 resp 462259 894 pmu 822197 641893 6686187 13029538 791592581
1790337215.312889 W 356 lat 314 2925 9240 0 exe 32425 227999 538759 resp 542981 792 pmu 818484 521838 6661200 12086633 611822353
1790337216.368565 W 357 lat 296 3092 8037 0 exe 33314 257537 421240 resp 425462 888 pmu 810938 561734 6583664 12535383 682876242
1790337217.314737 W 358 lat 333 3203 9888 0 exe 36407 266092 531481 resp 534851 870 pmu 852460 648661 6960866 11507133 720111420
1790337218.372694 W 359 lat 333 2740 8203 0 exe 42481 264648 529277 resp 533796 910 pmu 881231 658241 7143900 12673430 705262945
1790337219.316887 W 360 lat 314 2777 7851 0 exe 34907 214166 431092 resp 435629 789 pmu 807912 509075 6565257 12669276 581703012
1790337220.376705 W 361 lat 314 3222 9129 0 exe 33759 255037 434074 resp 437851 869 pmu 814229 579090 6626985 11395903 682202071
1790337221.316779 W 362 lat 314 3018 9388 0 exe 33814 235796 462314 resp 468777 848 pmu 818878 543842 6649495 11629019 633955808
1790337222.380653 W 363 lat 351 3462 8425 0 exe 33222 283314 459222 resp 463666 901 pmu 819462 623915 6673705 11829477 751353912
1790337223.328777 W 364 lat 314 3370 8814 0 exe 37129 276833 497555 resp 501277 892 pmu 826482 652380 6741540 12020615 741744444
1790337224.380882 W 365 lat 351 3259 8055 0 exe 33592 271222 455777 resp 462314 861 pmu 815149 600225 6630606 12388587 720495973
1790337225.336790 W 366 lat 314 2185 9037 0 exe 30870 185370 501333 resp 504685 698 pmu 805205 444517 6531582 11934544 504045485
1790337226.391002 W 367 lat 314 3370 9499 0 exe 35777 281555 453833 resp 457740 907 pmu 822907 631044 6714525 11931143 749249275
1790337227.332879 W 368 lat 333 3481 8592 0 exe 36444 298666 535666 resp 540425 921 pmu 835864 673553 6815611 11972923 793287955
1790337228.384972 W 369 lat 314 3777 8925 0 exe 39722 360796 529333 resp 534888 973 pmu 857600 774732 7003525 12880693 945696631
1790337229.328888 W 370 lat 333 3407 9777 0 exe 34333 309666 539648 resp 546037 908 pmu 877722 693220 7140811 13151289 817826941
1790337230.372852 W 371 lat 314 3222 9518 0 exe 35888 273666 453925 resp 458666 884 pmu 817571 610820 6640504 12978291 727931221
1790337231.316672 W 372 lat 314 3166 8888 0 exe 35222 274740 526055 resp 529925 894 pmu 826304 595799 6728112 11938303 727878443
1790337232.364758 W 373 lat 314 3296 9629 0 exe 33166 284055 438592 resp 443148 878 pmu 821508 644080 6690416 12653862 759118028
1790337233.320726 W 374 lat 370 3314 8111 0 exe 40740 285166 534907 resp 538574 927 pmu 831309 619537 6780379 11823342 753033222
1790337234.364856 W 375 lat 314 3444 8851 0 exe 38296 298999 460222 resp 465611 889 pmu 824582 671123 6712708 12818133 793628043
1790337235.316639 W 376 lat 314 2611 7555 0 exe 34722 197611 419407 resp 424499 751 pmu 804500 452233 6536316 12140483 535714129
1790337236.368738 W 377 lat 314 3314 8499 0 exe 32185 266314 438129 resp 442037 876 pmu 817894 605316 6661243 11195715 708992962
1790337237.316530 W 378 lat 296 3259 12537 0 exe 15481 294055 448907 resp 454740 911 pmu 826892 651579 6728982 11716303 782272077
1790337238.356483 W 379 lat 296 296 333 0 exe 13055 13537 17629 resp 17944 0 pmu 790772 666 6376501 11906050 37681000
1790337239.400659 W 380 lat 296 296 814 0 exe 13074 15388 114074 resp 114407 1 pmu 792326 20885 6398230 6074533 40845828
1790337240.336750 W 381 lat 296 2685 6277 0 exe 65648 236629 354296 resp 356518 998 pmu 780678 599682 6392202 7053772 614753515
1790337241.392738 W 382 lat 833 2722 5870 0 exe 192944 246092 371759 resp 374240 1000 pmu 793464 622777 6498194 10874527 641557906
1790337242.348793 W 383 lat 1203 2685 5611 0 exe 187999 238796 291574 resp 294759 1000 pmu 779342 600382 6384517 11735011 622686850
1790337243.308777 W 384 lat 1074 2740 5740 0 exe 119629 241499 368037 resp 372740 1000 pmu 791486 615635 6483437 10875832 630602446
1790337244.376760 W 385 lat 1296 2722 5277 0 exe 189999 237796 293129 resp 295944 1000 pmu 780195 601322 6393866 11319914 619705546
1790337245.332776 W 386 lat 944 2833 6444 0 exe 191499 242370 384888 resp 388944 1000 pmu 791951 620086 6493341 10893577 631450675
1790337246.384706 W 387 lat 1259 2703 5555 0 exe 143148 233944 303185 resp 305722 1000 pmu 779633 598374 6389048 11852208 610624553
1790337247.332748 W 388 lat 1203 2685 6018 0 exe 140407 238703 376555 resp 380333 1000 pmu 790680 613508 6476883 10740194 622162283
1790337248.392765 W 389 lat 1555 2722 5481 0 exe 183833 236444 293592 resp 297111 1000 pmu 781564 604464 6407031 11492014 616058073
1790337249.348764 W 390 lat 1314 2722 5055 0 exe 167407 241685 363462 resp 366611 1000 pmu 792805 620681 6493436 10866205 629206858
1790337250.308760 W 391 lat 481 2685 6166 0 exe 147796 233777 295999 resp 300055 1000 pmu 776114 593976 6359255 11503853 608510862
1790337251.352777 W 392 lat 425 2796 5370 0 exe 194111 249814 385407 resp 389240 1000 pmu 794799 628164 6510016 10697506 649049186
1790337252.392765 W 393 lat 1444 2833 5722 0 exe 189944 241407 295851 resp 299222 1000 pmu 778608 603339 6378140 11898350 628005970
1790337253.332787 W 394 lat 1277 2833 6666 0 exe 134499 245444 383888 resp 388851 1000 pmu 792128 619371 6484894 10944686 638872921
1790337254.372756 W 395 lat 1166 2759 6092 0 exe 131648 239388 292222 resp 295518 1000 pmu 779742 600133 6387869 11580002 623462386
1790337255.412744 W 396 lat 1351 2870 6777 0 exe 188407 243407 352444 resp 356518 1000 pmu 785789 612147 6445479 10606566 633632374
1790337256.348787 W 397 lat 1388 2759 5999 0 exe 126722 242055 364888 resp 368611 1000 pmu 784857 608531 6416948 11521643 630494544
1790337257.392785 W 398 lat 1351 2777 5777 0 exe 143481 239555 308666 resp 311777 1000 pmu 779841 601855 6395838 11324795 624126095
1790337258.328765 W 399 lat 1240 2722 5407 0 exe 191481 243055 360388 resp 363518 1000 pmu 789103 617730 6457711 10829726 633587531
1790337259.368675 W 400 lat 1074 2685 5814 0 exe 145574 236703 290129 resp 292648 1000 pmu 778718 598667 6378948 11601648 617305864
1790337260.408766 W 401 lat 1425 2740 5518 0 exe 188629 247203 378129 resp 381370 1000 pmu 795242 624923 6515104 10635791 644410958
1790337261.344784 W 402 lat 1166 2703 5666 0 exe 125925 236296 287055 resp 289037 1000 pmu 779046 594809 6379212 11787557 616731167
1790337262.388757 W 403 lat 1444 2796 5518 0 exe 190666 245592 372148 resp 376481 1000 pmu 792651 620408 6492469 10502012 640023190
1790337263.324770 W 404 lat 1296 2685 5370 0 exe 141537 237740 294611 resp 297185 1000 pmu 780746 598696 6396334 11735672 620413212
1790337264.364759 W 405 lat 888 2722 5611 0 exe 148240 243370 364055 resp 366740 1000 pmu 792110 615768 6489683 10664809 635020990
1790337265.404759 W 406 lat 1388 2703 5407 0 exe 182314 237425 296499 resp 298425 1000 pmu 778440 597275 6379289 11420596 619316847
1790337266.340765 W 407 lat 1425 2740 5148 0 exe 193444 245851 356166 resp 358518 1000 pmu 793952 623037 6508743 10883511 641222264
1790337267.384806 W 408 lat 1240 2685 5259 0 exe 132185 234629 286277 resp 290814 1000 pmu 777454 591717 6365134 11578992 612690760
1790337268.320755 W 409 lat 1407 2666 5185 0 exe 147240 245925 357462 resp 359759 1000 pmu 794606 622746 6509514 10528123 641098176
1790337269.360747 W 410 lat 1462 2777 5888 0 exe 192092 239185 288944 resp 292481 1000 pmu 782374 603612 6415199 11360856 623783408
1790337270.400745 W 411 lat 537 2722 5796 0 exe 146481 242018 365333 resp 368351 1000 pmu 792055 616622 6488819 10876711 630715285
1790337271.336736 W 412 lat 1185 2740 5611 0 exe 144203 233185 289981 resp 292648 1000 pmu 779000 596091 6383122 11418773 608537028
1790337272.380783 W 413 lat 1462 2740 5648 0 exe 182814 242055 364277 resp 367018 1000 pmu 793852 623242 6503189 10610214 630638404
1790337273.316764 W 414 lat 1388 2740 5611 0 exe 155055 237481 300166 resp 302814 1000 pmu 782061 605911 6407440 11592510 618741028
1790337274.356764 W 415 lat 1166 2703 5351 0 exe 127611 239518 358629 resp 363388 1000 pmu 793078 617556 6493473 10788598 624145709
1790337275.400767 W 416 lat 1407 2685 6629 0 exe 179185 236055 298944 resp 300759 1000 pmu 780456 601777 6393017 11254560 614446317
1790337276.336748 W 417 lat 444 2629 6907 0 exe 164222 241351 388925 resp 392462 1000 pmu 791627 620343 6485336 10890994 628245452
1790337277.376766 W 418 lat 1166 2740 5370 0 exe 137685 239462 303888 resp 307222 1000 pmu 778648 600669 6377281 11747258 623183431
1790337278.316751 W 419 lat 1370 2759 6462 0 exe 147129 246462 377407 resp 381277 1000 pmu 794343 622940 6514241 10750311 641409799
1790337279.356773 W 420 lat 1481 2703 5407 0 exe 191222 239722 285870 resp 288148 1000 pmu 780170 602170 6384948 11576938 624265392
1790337280.396754 W 421 lat 1074 2722 5648 0 exe 189277 246722 376777 resp 381259 1000 pmu 791956 621701 6484884 10835258 642524256
1790337281.336772 W 422 lat 1222 2759 6037 0 exe 145796 235944 296574 resp 298611 1000 pmu 778089 593032 6377558 11780098 615535780
1790337282.376757 W 423 lat 1425 2759 5074 0 exe 178055 248129 369351 resp 373574 1000 pmu 794285 626233 6498327 10697434 646023360
1790337283.312776 W 424 lat 1481 2759 5462 0 exe 191851 240333 296148 resp 298722 1000 pmu 781091 603420 6400427 11654524 626530143
1790337284.352768 W 425 lat 1055 2722 5111 0 exe 145037 242925 391629 resp 393685 1000 pmu 789513 614877 6465693 10946225 633406837
1790337285.396778 W 426 lat 1222 2722 8074 0 exe 140407 236111 281611 resp 284611 1000 pmu 778845 593988 6389785 11673490 616285594
1790337286.332762 W 427 lat 1314 2703 5537 0 exe 191499 244555 370185 resp 374148 1000 pmu 791551 618477 6473401 10536348 637049914
1790337287.372737 W 428 lat 1333 2703 7074 0 exe 146425 236666 295592 resp 300129 1000 pmu 777165 594462 6366289 11712366 617279617
1790337288.412771 W 429 lat 1148 2685 5777 0 exe 133111 239351 337370 resp 339685 1000 pmu 783543 604625 6429540 10712370 624504699
1790337289.348753 W 430 lat 1388 2685 5759 0 exe 193351 243999 374833 resp 378037 1000 pmu 789671 615413 6459492 11058275 636068797
1790337290.392758 W 431 lat 1407 2740 6222 0 exe 187814 238037 292481 resp 294425 1000 pmu 779564 598898 6394604 11763054 621100242
1790337291.328765 W 432 lat 1203 2703 6444 0 exe 160888 243481 372074 resp 374999 1000 pmu 790843 616280 6476068 10878142 635435942
1790337292.368748 W 433 lat 1185 2703 5388 0 exe 139833 234111 298944 resp 301351 1000 pmu 775844 593435 6358984 11571515 611542958
1790337293.408771 W 434 lat 1444 2722 5592 0 exe 193333 243037 376925 resp 379277 1000 pmu 792623 615866 6493673 10680172 634264708
1790337294.344792 W 435 lat 1259 2685 5814 0 exe 151222 237925 289981 resp 293703 1000 pmu 779496 598411 6384524 11774410 620954489
1790337295.388766 W 436 lat 1277 2740 5870 0 exe 131185 239981 371277 resp 375074 1000 pmu 789497 609594 6472832 10675589 626168978
1790337296.324801 W 437 lat 1370 2703 5166 0 exe 183499 237407 308407 resp 311592 1000 pmu 781640 602608 6407657 11399837 618377609
1790337297.364779 W 438 lat 1370 2759 6333 0 exe 136407 238574 366333 resp 368925 1000 pmu 790466 613696 6469505 11013397 622406227
1790337298.408764 W 439 lat 1388 2666 5314 0 exe 165018 235129 286574 resp 288388 1000 pmu 780097 601491 6398632 11366240 613102117
1790337299.344558 W 440 lat 907 2740 5907 0 exe 90814 237537 352685 resp 355777 999 pmu 791807 611388 6480228 10684921 619030760
1790337300.384511 W 441 lat 296 388 5148 0 exe 13018 23685 335925 resp 338833 38 pmu 794436 39791 6407479 10991561 64139554
1790337301.320510 W 442 lat 296 296 537 0 exe 13074 14444 87555 resp 88092 0 pmu 789021 11107 6360489 9345848 39275648
1790337302.372856 W 443 lat 296 3388 12962 0 exe 13222 352944 537203 resp 542222 902 pmu 902346 747359 7367815 6783304 912770910
1790337303.320980 W 444 lat 1185 4907 9999 0 exe 261740 475129 601388 resp 605407 1000 pmu 896987 845586 7301151 13073737 1196196124
1790337304.372569 W 445 lat 296 3481 12444 0 exe 17203 324666 585351 resp 590851 705 pmu 850216 623790 6918749 15560602 838998761
1790337305.320846 W 446 lat 296 4037 12999 0 exe 14833 399925 595851 resp 602296 911 pmu 858451 725690 6994892 13433880 1019172747
1790337306.380633 W 447 lat 296 2796 9574 0 exe 16166 271074 569740 resp 574611 749 pmu 861900 580033 7010477 13913146 716519882
1790337307.328919 W 448 lat 296 2703 9129 0 exe 21981 276833 562296 resp 567055 779 pmu 896774 670512 7298325 12983289 736101638
1790337308.381025 W 449 lat 1203 4999 11296 0 exe 159111 467537 593629 resp 598703 1000 pmu 891024 837677 7266438 12964201 1178580503
1790337309.332558 W 450 lat 296 4055 12351 0 exe 16259 390685 576814 resp 580314 868 pmu 873056 736338 7101881 14944759 999262002
1790337310.392930 W 451 lat 296 3685 9055 0 exe 16592 365499 588777 resp 592833 869 pmu 836936 684964 6818002 13666129 941897004
1790337311.352855 W 452 lat 296 3148 9351 0 exe 22259 306833 602722 resp 609611 760 pmu 864252 632951 7034444 13645722 806190375
1790337312.400960 W 453 lat 296 2648 8759 0 exe 27129 263055 569999 resp 577574 781 pmu 874889 621589 7110779 13532995 700692283
1790337313.344955 W 454 lat 777 4685 9703 0 exe 96888 452351 581833 resp 586611 999 pmu 900560 836922 7339310 13010132 1148523014
1790337314.392593 W 455 lat 296 4222 10425 0 exe 31185 405055 544870 resp 549277 969 pmu 858614 761150 6992696 14426696 1032128018
1790337315.356985 W 456 lat 296 3388 8907 0 exe 14814 339574 599074 resp 603962 807 pmu 839131 650254 6832448 13488740 878081891
1790337316.312624 W 457 lat 314 3259 9037 0 exe 22351 303685 594166 resp 600481 771 pmu 850111 607878 6911571 13611969 792056464
1790337317.368858 W 458 lat 296 2611 9092 0 exe 15814 259240 559333 resp 564777 769 pmu 878603 622741 7159153 13428377 706551374
1790337318.409030 W 459 lat 1259 4796 12722 0 exe 204111 451685 575851 resp 580740 1000 pmu 892288 836942 7263211 12818534 1144190556
1790337319.360556 W 460 lat 314 4425 10888 0 exe 80499 414944 536499 resp 540907 995 pmu 859766 784663 7007135 14918407 1056620449
1790337320.320994 W 461 lat 296 3314 9722 0 exe 14685 333129 573166 resp 578999 848 pmu 835699 682529 6794336 13704634 863528015
1790337321.384641 W 462 lat 314 3129 8759 0 exe 20462 296611 542203 resp 546574 784 pmu 844286 606840 6866011 13328678 776004772
1790337322.333000 W 463 lat 314 2833 8907 0 exe 15740 284685 560592 resp 565425 795 pmu 886575 674679 7224545 12852239 751963095
1790337323.386158 W 464 lat 1648 4740 10722 0 exe 195925 450703 591333 resp 595833 1000 pmu 884382 829818 7203836 12955225 1139906984
1790337324.332943 W 465 lat 370 4222 9999 0 exe 71611 410870 563296 resp 570592 997 pmu 867027 799596 7060723 15017170 1048740767
1790337325.404974 W 466 lat 296 3444 8592 0 exe 16592 342499 565148 resp 572370 871 pmu 832476 693759 6773918 13917183 898805224
1790337326.352886 W 467 lat 296 3148 10407 0 exe 20055 303870 580592 resp 585333 772 pmu 860381 626738 7002426 13306789 797461532
1790337327.320712 W 468 lat 296 3092 10944 0 exe 18314 299574 559240 resp 565111 806 pmu 881687 674330 7176403 13280548 790106841
1790337328.380958 W 469 lat 574 4296 10499 0 exe 183722 447462 587277 resp 592240 1000 pmu 897550 832740 7314864 13045375 1133574264
1790337329.333063 W 470 lat 1314 4425 9537 0 exe 211851 431370 577407 resp 581962 1000 pmu 855467 803482 6964756 14893099 1093540133
1790337330.396867 W 471 lat 296 3388 9777 0 exe 17037 348333 558148 resp 560888 848 pmu 839641 695989 6826283 14851553 905991374
1790337331.348795 W 472 lat 296 3277 9537 0 exe 14629 332055 546111 resp 552648 800 pmu 863591 657933 7023580 13251484 867268294
1790337332.404962 W 473 lat 314 2870 11370 0 exe 32407 277796 542481 resp 548203 882 pmu 880447 662865 7167741 13055066 742106458
1790337333.352935 W 474 lat 703 4703 12259 0 exe 191722 454555 583185 resp 589462 1000 pmu 890905 832673 7259154 12839829 1150652045
1790337334.404817 W 475 lat 518 4574 10648 0 exe 163407 434796 576925 resp 581037 1000 pmu 856737 802976 6969821 14945585 1104368623
1790337335.352875 W 476 lat 314 3722 8722 0 exe 49333 368259 524740 resp 530277 966 pmu 823477 729608 6694841 14622228 947597441
1790337336.408794 W 477 lat 296 2777 8537 0 exe 19370 278148 541111 resp 545629 741 pmu 850331 602496 6919274 13188794 732939607
1790337337.352865 W 478 lat 314 3259 8129 0 exe 27481 332444 546259 resp 551648 916 pmu 893677 738857 7270921 12741836 880100831
1790337338.408896 W 479 lat 314 4425 9314 0 exe 67444 441999 594888 resp 603611 996 pmu 913690 842855 7450723 13110268 1123717893
1790337339.356910 W 480 lat 296 3388 8648 0 exe 36611 361611 586203 resp 591555 947 pmu 920924 816177 7488809 14372445 937743396
1790337340.408852 W 481 lat 296 4037 9462 0 exe 64685 413037 557981 resp 564555 985 pmu 851626 788133 6922439 13704196 1057716604
1790337341.356699 W 482 lat 296 2574 8703 0 exe 19925 255018 515314 resp 520185 718 pmu 843294 565660 6867076 13832156 683209281
1790337342.408967 W 483 lat 314 3351 9092 0 exe 24851 323888 570740 resp 574240 912 pmu 868384 704245 7070004 12372408 846179771
1790337343.345084 W 484 lat 1314 4740 11574 0 exe 177685 453870 582611 resp 586166 1000 pmu 890867 839071 7257004 13294829 1156516166
1790337344.388609 W 485 lat 481 4111 9092 0 exe 59166 386407 560166 resp 563740 993 pmu 843429 747232 6864743 14852500 988226909
1790337345.320725 W 486 lat 314 4111 9018 0 exe 60814 396259 545444 resp 550166 987 pmu 827754 756389 6729579 13678369 1010830925
1790337346.360781 W 487 lat 296 2574 8870 0 exe 17537 249537 537796 resp 542703 695 pmu 839373 549915 6829169 13592442 671870376
1790337347.400888 W 488 lat 314 3370 9240 0 exe 39722 334481 564759 resp 569203 931 pmu 890942 734830 7248465 12559268 873042686
1790337348.341050 W 489 lat 1296 4944 10092 0 exe 244999 459851 567111 resp 573185 1000 pmu 894664 840232 7302924 13368027 1162580988
1790337349.380803 W 490 lat 296 3444 10759 0 exe 17314 325037 569592 resp 572962 772 pmu 861569 699612 7001061 15069343 847073409
1790337350.316987 W 491 lat 296 4129 9240 0 exe 21407 396962 581777 resp 586462 968 pmu 854263 767892 6961296 13259607 1010844867
1790337351.368931 W 492 lat 296 2888 9425 0 exe 23944 277185 588999 resp 593888 699 pmu 870224 597619 7082342 13763214 739206976
1790337352.321019 W 493 lat 296 3111 10296 0 exe 17185 302870 588722 resp 594592 811 pmu 876284 663137 7138507 13245355 792214336
1790337353.388876 W 494 lat 1037 4703 10648 0 exe 157759 450240 586574 resp 590962 1000 pmu 898766 842755 7326725 13347976 1140235755
1790337354.340618 W 495 lat 296 3759 15722 0 exe 16481 396814 561999 resp 565111 923 pmu 857687 760189 6987028 14772243 1012681985
1790337355.385084 W 496 lat 296 3481 8925 0 exe 16259 354648 568962 resp 574351 907 pmu 838076 711311 6811173 13563484 917222216
1790337356.340650 W 497 lat 296 2833 8555 0 exe 21462 292370 551722 resp 554833 752 pmu 863302 624007 7028867 13396525 774811478
1790337357.400965 W 498 lat 314 2925 8999 0 exe 29759 308851 569537 resp 573296 914 pmu 888613 714891 7230154 12922773 812858894
1790337358.368819 W 499 lat 1240 4925 11944 0 exe 153333 465222 596518 resp 601185 1000 pmu 888540 835641 7242940 13231100 1175283203
1790337359.320675 W 500 lat 296 3499 8962 0 exe 14722 334055 601481 resp 604370 867 pmu 851936 658508 6939523 14933950 866696170
1790337360.368984 W 501 lat 333 4314 10629 0 exe 80240 426499 568592 resp 573407 997 pmu 851948 788640 6933118 13599540 1086540244
1790337361.320886 W 502 lat 296 2574 9796 0 exe 14870 252148 571944 resp 575981 709 pmu 859811 556338 6993024 14081780 668183368
1790337362.360524 W 503 lat 296 370 4222 0 exe 12999 23518 231574 resp 233111 52 pmu 797913 55538 6437891 12897834 73251081
1790337363.400511 W 504 lat 296 296 537 0 exe 13092 14481 93870 resp 94351 0 pmu 790668 11372 6374906 8289765 38756240
1790337364.336524 W 505 lat 296 314 3055 0 exe 13111 21296 308685 resp 311092 11 pmu 792600 66297 6394578 6843807 59687894
1790337365.376514 W 506 lat 296 296 537 0 exe 13092 14518 98129 resp 98499 0 pmu 789659 11764 6369824 9048506 39242227
1790337365.630726 Closing cell "rt-bench"
1790337365.630807 [MG] Initializing memguard on CPU 3
1790337365.630842 [SMMUv2] Exiting SMMUv2 on cell 1
1790337365.630938 [COL] Colored OP 1: PHYS 0x30000000 -> VIRT 0x00000000 (SIZE: 0x00400000, COL: 0x0000ffff, extra: 0x0000000000000000)
1790337365.630971 [COL] Result: 0
1790337365.631048 [COL] Colored OP 4: PHYS 0x30000000 -> VIRT 0x00000000 (SIZE: 0x00400000, COL: 0x0000ffff, extra: 0x0000000000000001)
1790337365.631077 [COL] Result: 0
1790337365.631130 Page pool usage after cell destruction: mem 85/4061, remap 5/131072
1790337365.631168 [MG] Initializing memguard on CPU 3
1790337365.631201 [MG] Initializing memguard on CPU 3
1790337365.631244 [MG] Initializing memguard on CPU 3
1790337365.631274 Created cell "rt-bench"
1790337365.631318 Page pool usage after cell creation: mem 94/4061, remap 5/131072
