1790358781.096027 <missed 144503 bytes of console log>
1790358781.096140 e 229574 287333 337925 resp 341111 1000 pmu 1021101 735856 8388888 12299882 738101296
1790358781.096198 W 187 lat 851 3111 6388 0 exe 227407 291018 370296 resp 373351 1000 pmu 1021423 751115 8394609 11796256 747609824
1790358781.096254 W 188 lat 1222 3129 6111 0 exe 235481 287833 344111 resp 348333 1000 pmu 1021185 737206 8396904 12124661 738702865
1790358781.096309 W 189 lat 999 3074 5888 0 exe 220333 290851 394111 resp 397240 1000 pmu 1021387 751600 8395201 11893589 747428638
1790358781.096366 W 190 lat 1277 3148 6444 0 exe 229240 286740 348944 resp 351611 1000 pmu 1021131 736195 8395213 12324983 736404074
1790358781.096444 W 191 lat 1388 3148 5981 0 exe 224407 288722 382833 resp 386555 1000 pmu 1021407 742293 8403948 11899515 741498809
1790358781.096500 W 192 lat 296 1685 6870 0 exe 48185 176499 383851 resp 387018 499 pmu 1022752 678962 8358162 12226270 452008319
1790358781.096550 W 193 lat 277 296 351 0 exe 47870 53833 72740 resp 73055 0 pmu 1024164 446700 8336597 10781589 135472975
1790358781.096602 W 194 lat 277 314 3314 0 exe 48944 67870 145666 resp 145999 85 pmu 1024111 602164 8332046 7001704 170248822
1790358781.096651 W 195 lat 277 296 351 0 exe 48462 55055 69592 resp 69907 0 pmu 1024370 461186 8338856 7821194 136630674
1790358781.096673 Closing cell "rt-bench"
1790358781.096697 [MG] Initializing memguard on CPU 3
1790358781.096721 [SMMUv2] Exiting SMMUv2 on cell 1
1790358781.096774 [COL] Colored OP 1: PHYS 0x30000000 -> VIRT 0x00000000 (SIZE: 0x00400000, COL: 0x000000ff, extra: 0x0000000000000000)
1790358781.096794 [COL] Result: 0
1790358781.096846 [COL] Colored OP 4: PHYS 0x30000000 -> VIRT 0x00000000 (SIZE: 0x00400000, COL: 0x000000ff, extra: 0x0000000000000001)
1790358781.096865 [COL] Result: 0
1790358781.096900 Page pool usage after cell destruction: mem 85/4061, remap 5/131072
1790358781.096926 [MG] Initializing memguard on CPU 3
1790358781.096950 [MG] Initializing memguard on CPU 2
1790358781.096974 [MG] Initializing memguard on CPU 3
1790358781.096998 [MG] Initializing memguard on CPU 2
1790358781.097022 [MG] Initializing memguard on CPU 3
1790358781.097042 Created cell "rt-bench"
1790358781.097076 Page pool usage after cell creation: mem 94/4061, remap 5/131072
1790358781.097102 [MG] Initializing memguard on CPU 2
1790358781.097126 [MG] Initializing memguard on CPU 3
1790358781.097148 Cell "rt-bench" can be loaded
1790358781.097168 Started cell "rt-bench"
1790358781.097191 [MG] Initializing memguard on CPU 2
1790358781.097215 [MG] Initializing memguard on CPU 3
1790358781.097246 rt-bench: ws 768 KB, 1024 loads/period, window 1000
1790358782.132520 W 0 lat 314 462 1037 0 exe 17481 21703 151370 resp 151759 4 pmu 789723 27784 6370258 5307442 37987950
1790358783.068493 W 1 lat 296 296 648 0 exe 12851 15407 93481 resp 93999 0 pmu 789494 21223 6372190 7479804 39576161
1790358784.108462 W 2 lat 296 296 333 0 exe 12870 13277 13759 resp 14074 0 pmu 791336 35 6382885 6843925 33900932
1790358785.152493 W 3 lat 296 296 370 0 exe 12851 13944 93018 resp 93333 0 pmu 790450 7615 6374858 6033423 35612023
1790358786.088465 W 4 lat 296 296 351 0 exe 12870 13277 13777 resp 14092 0 pmu 791476 44 6391679 6829433 33908454
1790358787.129894 W 5 lat 296 296 425 0 exe 12907 13888 74777 resp 75203 0 pmu 790388 7281 6382570 6033748 35453219
1790358788.168493 W 6 lat 296 296 1018 0 exe 12888 14814 133148 resp 134166 1 pmu 789807 16888 6373917 6648008 38960957
1790358789.104490 W 7 lat 296 296 574 0 exe 12833 13888 77925 resp 78333 0 pmu 789978 7273 6378053 7242250 36201209
1790358790.144462 W 8 lat 296 296 351 0 exe 12907 13259 13777 resp 14111 0 pmu 789454 24 6372884 6679795 33764857
1790358791.080503 W 9 lat 296 296 611 0 exe 12907 13907 87518 resp 88129 0 pmu 789588 7361 6373086 6034009 35467690
1790358792.120464 W 10 lat 296 296 370 0 exe 12833 13259 13907 resp 14203 0 pmu 789525 32 6372721 6777311 33803098
1790358793.160494 W 11 lat 296 296 462 0 exe 12888 13925 86018 resp 86333 0 pmu 790431 7472 6382089 6034677 35507016
1790358794.096469 W 12 lat 296 296 333 0 exe 12925 13259 13759 resp 14074 0 pmu 789623 47 6372513 6760060 33814562
1790358795.136500 W 13 lat 296 296 388 0 exe 12888 13925 79574 resp 79870 0 pmu 791070 7449 6385952 6033634 35502565
1790358796.072463 W 14 lat 296 296 333 0 exe 12851 13259 13703 resp 14018 0 pmu 790557 39 6382907 6695280 33782825
1790358797.112498 W 15 lat 296 296 407 0 exe 12814 13907 83388 resp 83796 0 pmu 790242 7332 6379219 6032663 35464275
1790358798.152464 W 16 lat 296 296 351 0 exe 12925 13277 13759 resp 14074 0 pmu 791594 27 6392397 6733579 33832486
1790358799.088501 W 17 lat 296 296 722 0 exe 12888 13907 88944 resp 89666 0 pmu 790095 7340 6380076 6033960 35470757
1790358800.128470 W 18 lat 296 296 333 0 exe 12907 13240 13666 resp 13962 0 pmu 788480 18 6362584 6792662 33783992
1790358801.168489 W 19 lat 296 296 1351 0 exe 12870 13907 81944 resp 82296 0 pmu 789971 7056 6376814 6032449 35411358
1790358802.104466 W 20 lat 296 296 333 0 exe 12907 13277 13703 resp 13999 0 pmu 790250 31 6377955 6723847 33816471
1790358803.144491 W 21 lat 296 296 481 0 exe 12925 13907 82370 resp 82740 0 pmu 790126 7210 6375767 6033042 35428717
1790358804.080464 W 22 lat 296 296 333 0 exe 12925 13259 13666 resp 13962 0 pmu 790254 18 6377455 6724033 33787520
1790358805.120498 W 23 lat 296 296 425 0 exe 12907 13888 77685 resp 77981 0 pmu 791043 7021 6387450 6032653 35390113
1790358806.160469 W 24 lat 296 296 333 0 exe 12907 13277 13851 resp 14166 0 pmu 791801 16 6391925 6676395 33805147
1790358807.096490 W 25 lat 296 296 407 0 exe 12944 14277 86444 resp 86759 0 pmu 790901 11329 6384849 6034569 36406698
1790358808.136462 W 26 lat 296 296 351 0 exe 12870 13259 13814 resp 14111 0 pmu 789146 48 6370175 6766199 33786947
1790358809.072490 W 27 lat 296 296 425 0 exe 12925 14240 82537 resp 82870 0 pmu 787695 11360 6361433 6033950 36262029
1790358810.112470 W 28 lat 296 296 351 0 exe 12870 13240 13907 resp 14222 0 pmu 787848 42 6365454 6726944 33744497
1790358811.152501 W 29 lat 296 296 407 0 exe 12870 13870 78666 resp 78981 0 pmu 787879 7198 6361609 6034821 35363216
1790358812.088465 W 30 lat 296 296 333 0 exe 12777 13240 13740 resp 14037 0 pmu 787840 26 6354231 6686033 33721901
1790358813.128493 W 31 lat 296 296 351 0 exe 12888 13907 83462 resp 83814 0 pmu 789946 7297 6374172 6032437 35469824
1790358814.168468 W 32 lat 296 296 351 0 exe 12851 13259 13722 resp 14037 0 pmu 789825 23 6372503 6734143 33803149
1790358815.104491 W 33 lat 296 296 407 0 exe 12833 13907 90296 resp 90611 0 pmu 789890 7226 6381551 6032918 35469340
1790358816.144469 W 34 lat 296 296 370 0 exe 12870 13277 13722 resp 14018 0 pmu 789969 37 6376837 6802179 33864572
1790358817.080494 W 35 lat 296 296 703 0 exe 12870 13907 84240 resp 84944 0 pmu 790812 7323 6383454 6033264 35489148
1790358818.120463 W 36 lat 296 296 351 0 exe 12925 13277 14074 resp 14370 0 pmu 791385 32 6394183 6745218 33855111
1790358819.160491 W 37 lat 296 296 351 0 exe 12833 13907 80277 resp 80592 0 pmu 789946 7290 6383175 6036842 35423383
1790358820.096469 W 38 lat 296 296 333 0 exe 12851 13259 13814 resp 14129 0 pmu 789264 36 6374053 6701801 33762785
1790358821.136490 W 39 lat 296 296 407 0 exe 12888 14370 74962 resp 75277 0 pmu 791171 12622 6386090 6033781 36623016
1790358822.072468 W 40 lat 296 296 333 0 exe 12870 13296 14203 resp 14518 0 pmu 791860 107 6391729 6651538 33855433
1790358823.112490 W 41 lat 277 296 444 0 exe 12796 13925 86425 resp 86740 0 pmu 789760 7360 6375829 6037961 35473517
1790358824.152467 W 42 lat 296 296 351 0 exe 12870 13259 13740 resp 14074 0 pmu 789156 25 6366597 6763678 33797576
1790358825.088497 W 43 lat 296 296 370 0 exe 12870 13925 78462 resp 78777 0 pmu 791172 7339 6386077 6033530 35497057
1790358826.128468 W 44 lat 296 296 333 0 exe 12944 13277 13703 resp 14037 0 pmu 790357 31 6377437 6684156 33800256
1790358827.168497 W 45 lat 296 296 388 0 exe 12888 13907 81092 resp 81388 0 pmu 789771 7323 6380222 6033390 35471798
1790358828.104469 W 46 lat 296 296 370 0 exe 12833 13259 13870 resp 14166 0 pmu 789846 52 6382369 6710268 33772314
1790358829.144490 W 47 lat 296 296 407 0 exe 12870 13907 86351 resp 86648 0 pmu 790392 7243 6386322 6034406 35480436
1790358830.080467 W 48 lat 277 296 351 0 exe 12777 13277 13777 resp 14074 0 pmu 791349 39 6392513 6762871 33859475
1790358831.120494 W 49 lat 296 296 481 0 exe 12907 13962 87851 resp 88259 0 pmu 791631 7506 6390456 6033288 35556440
1790358832.160462 W 50 lat 296 296 351 0 exe 12962 13296 13759 resp 14055 0 pmu 792542 35 6397147 6779282 33892065
1790358833.096488 W 51 lat 296 296 444 0 exe 12851 13907 77129 resp 77574 0 pmu 790777 7278 6387396 6034073 35423849
1790358834.136462 W 52 lat 296 296 351 0 exe 12925 13296 13722 resp 14018 0 pmu 792068 29 6400889 6671669 33822933
1790358835.072495 W 53 lat 296 296 425 0 exe 12907 13944 75833 resp 76222 0 pmu 792889 7530 6402913 6033394 35578623
1790358836.112462 W 54 lat 296 296 333 0 exe 12962 13277 13777 resp 14092 0 pmu 792022 22 6390905 6658677 33799652
1790358837.160601 W 55 lat 296 296 907 0 exe 12925 26351 156611 resp 157518 8 pmu 788485 145446 6382115 6034234 73419063
1790358838.096507 W 56 lat 296 296 1222 0 exe 12907 23018 135074 resp 135555 9 pmu 790223 104729 6373923 7533755 64387402
1790358839.136500 W 57 lat 296 296 462 0 exe 12888 13907 82685 resp 82999 0 pmu 790242 7431 6383043 7301100 36264941
1790358840.072462 W 58 lat 296 296 333 0 exe 12888 13259 13703 resp 14018 0 pmu 790231 26 6385261 6726601 33797151
1790358841.112491 W 59 lat 296 296 481 0 exe 12851 13888 76851 resp 77277 0 pmu 789720 7214 6375674 6032832 35407043
1790358842.152465 W 60 lat 296 296 333 0 exe 12814 13259 13685 resp 13981 0 pmu 789071 33 6371093 6668789 33742654
1790358843.088499 W 61 lat 296 296 444 0 exe 12851 13888 76444 resp 76759 0 pmu 790327 7191 6383038 6032293 35461639
1790358844.128470 W 62 lat 296 296 351 0 exe 12759 13259 13722 resp 14037 0 pmu 790217 17 6384363 6663946 33761563
1790358845.168507 W 63 lat 296 296 351 0 exe 12888 13907 87444 resp 87740 0 pmu 789101 7364 6374616 6032620 35465879
1790358846.104468 W 64 lat 296 296 333 0 exe 12870 13240 13759 resp 14055 0 pmu 787990 35 6361699 6773673 33779778
1790358847.148508 W 65 lat 296 296 351 0 exe 12870 13925 85296 resp 85629 0 pmu 790005 7323 6376061 6033364 35498504
1790358848.088506 W 66 lat 296 296 1388 0 exe 12888 20351 176499 resp 177888 8 pmu 791129 75411 6388790 6752381 56169710
1790358849.128492 W 67 lat 296 296 351 0 exe 12833 13907 85703 resp 85999 0 pmu 789724 7269 6372516 7707320 36498740
1790358850.072628 W 68 lat 296 1999 8555 0 exe 12851 214685 517629 resp 522111 881 pmu 833181 639385 6743017 6758792 569084069
1790358851.116542 W 69 lat 296 2185 6777 0 exe 78259 232629 512499 resp 516574 988 pmu 813958 657290 6566474 12153129 612443053
1790358852.164555 W 70 lat 314 2129 7074 0 exe 73277 218296 534370 resp 538259 984 pmu 812129 642651 6562953 12508736 577111875
1790358853.108618 W 71 lat 296 1833 6648 0 exe 66388 226148 536425 resp 540740 981 pmu 821399 670631 6635030 12631153 602597531
1790358854.156813 W 72 lat 296 1685 5851 0 exe 66148 221074 533537 resp 536777 985 pmu 814265 652294 6580653 12654849 588057870
1790358855.096588 W 73 lat 296 1777 7037 0 exe 75462 237796 562648 resp 566240 989 pmu 814983 655598 6583580 12589497 623289311
1790358856.152651 W 74 lat 296 1796 7740 0 exe 73055 224462 526592 resp 529092 985 pmu 809434 635039 6537729 13019024 591993566
1790358857.096787 W 75 lat 296 1962 7111 0 exe 75499 239666 523111 resp 527481 986 pmu 817722 679875 6606626 12577755 635082366
1790358858.148607 W 76 lat 314 1944 7111 0 exe 75851 230037 522574 resp 527425 984 pmu 813802 660942 6578056 12638394 609889027
1790358859.092588 W 77 lat 296 2055 7092 0 exe 69703 234777 533296 resp 536444 987 pmu 814111 646306 6578204 12588764 615728607
1790358860.144741 W 78 lat 314 1981 6185 0 exe 68148 224814 527462 resp 532703 986 pmu 809948 624822 6543446 12680963 592103574
1790358861.084741 W 79 lat 314 1981 7092 0 exe 74759 239259 528518 resp 533592 984 pmu 818247 683024 6611631 12570485 634787073
1790358862.140586 W 80 lat 314 1981 6999 0 exe 71648 235037 573518 resp 579129 985 pmu 815147 673463 6587399 12690143 622570683
1790358863.080543 W 81 lat 296 1962 6592 0 exe 67925 223166 516333 resp 519203 987 pmu 804904 624714 6519498 13105761 587487674
1790358864.128550 W 82 lat 314 1962 7037 0 exe 75462 229555 519703 resp 523999 987 pmu 809224 637476 6534456 12439959 604120075
1790358865.072613 W 83 lat 296 2074 6722 0 exe 65925 247851 527703 resp 532351 984 pmu 824700 691698 6645297 12552730 654115794
1790358866.116778 W 84 lat 314 2407 8092 0 exe 69055 282685 594129 resp 597111 984 pmu 857079 736417 6950785 12677189 743985601
1790358867.164847 W 85 lat 314 2555 7444 0 exe 74999 303203 569962 resp 573629 991 pmu 864671 748919 6975352 13531556 794233063
1790358868.112630 W 86 lat 296 2296 6833 0 exe 30518 270037 553740 resp 556999 947 pmu 852977 702435 6889721 13423136 711346856
1790358869.168836 W 87 lat 296 2388 8851 0 exe 74629 283314 551444 resp 554999 983 pmu 853411 743118 6922417 12866241 746461231
1790358870.120608 W 88 lat 296 2499 8166 0 exe 65648 289407 582629 resp 587055 985 pmu 856821 715837 6907453 13142100 756845881
1790358871.072662 W 89 lat 333 2574 8796 0 exe 76796 297629 528666 resp 533611 984 pmu 872346 758922 7052077 13441073 782980204
1790358872.124816 W 90 lat 296 2481 8648 0 exe 63055 283018 559277 resp 563055 982 pmu 855851 730322 6922485 13004718 747117822
1790358873.076652 W 91 lat 351 2759 8240 0 exe 76055 318759 566648 resp 569851 988 pmu 878154 783679 7126671 13161621 834684857
1790358874.120814 W 92 lat 351 3259 8388 0 exe 57759 363370 609796 resp 614518 987 pmu 922466 848257 7459929 13476012 950396745
1790358875.168841 W 93 lat 314 3222 8277 0 exe 59055 380166 596814 resp 601018 986 pmu 937705 893160 7572291 14049900 996910127
1790358876.112782 W 94 lat 314 3166 8611 0 exe 70444 362944 557444 resp 560777 988 pmu 921190 850237 7472491 14006772 949219265
1790358877.160659 W 95 lat 314 3018 8870 0 exe 74166 359166 577074 resp 581666 985 pmu 915366 842817 7400205 13581027 940180703
1790358878.104845 W 96 lat 296 3018 7277 0 exe 71907 372592 542537 resp 548314 986 pmu 924547 873145 7465498 13783817 976169973
1790358879.168613 W 97 lat 351 2962 8999 0 exe 77944 346148 528518 resp 532148 987 pmu 911183 832866 7375027 13492519 908855422
1790358880.112788 W 98 lat 333 3111 9185 0 exe 71962 367611 603240 resp 606962 988 pmu 918945 844510 7452115 13247949 959151113
1790358881.156841 W 99 lat 314 3425 8981 0 exe 72611 392185 582074 resp 586407 985 pmu 949324 912801 7669526 14074438 1028409457
1790358882.096778 W 100 lat 333 3518 8296 0 exe 78074 398592 571833 resp 576240 990 pmu 948533 905811 7680867 13992508 1040563499
1790358883.140826 W 101 lat 370 3666 8907 0 exe 75962 431333 603740 resp 607351 990 pmu 969511 947029 7859363 13946992 1123304059
1790358884.080588 W 102 lat 296 3722 7907 0 exe 59925 422370 570148 resp 573314 989 pmu 979147 966018 7915079 14419251 1105002385
1790358885.136260 W 103 lat 296 2814 7981 0 exe 39499 328648 581333 resp 585685 968 pmu 888833 779079 7186210 13950907 858203837
1790358886.176797 W 104 lat 296 3407 8370 0 exe 73499 391055 580870 resp 585240 990 pmu 946996 901765 7663848 13493887 1023088439
1790358887.116602 W 105 lat 314 3185 9611 0 exe 75055 372407 577222 resp 581870 991 pmu 930547 877740 7553298 13976305 977925146
1790358888.164833 W 106 lat 351 3203 8629 0 exe 76111 379240 546388 resp 550203 987 pmu 927764 868958 7504208 13860976 988172051
1790358889.108798 W 107 lat 314 3129 10462 0 exe 75166 359111 561648 resp 565055 984 pmu 920620 855624 7441089 13583161 942208523
1790358890.156610 W 108 lat 314 2925 8277 0 exe 72814 329388 560092 resp 563425 989 pmu 900056 815747 7296374 13636892 866964516
1790358891.100545 W 109 lat 314 2574 7722 0 exe 70555 289981 580259 resp 583666 988 pmu 856086 722044 6902693 13448788 758094114
1790358892.148555 W 110 lat 314 2574 8833 0 exe 72037 304129 531296 resp 534611 985 pmu 867958 764576 7014173 13437929 798105980
1790358893.092608 W 111 lat 296 2611 7611 0 exe 68240 305351 565555 resp 569907 985 pmu 875948 774053 7082047 13031558 804546298
1790358894.140761 W 112 lat 296 2648 8074 0 exe 73833 298870 560740 resp 564240 987 pmu 871591 757171 7048889 13360387 785966692
1790358895.088557 W 113 lat 296 2425 8092 0 exe 74703 279351 569481 resp 573166 988 pmu 848673 697722 6877800 13306172 731160815
1790358896.136835 W 114 lat 296 2129 7814 0 exe 74314 247462 518518 resp 521296 988 pmu 821434 686650 6617564 13300170 653538437
1790358897.084616 W 115 lat 314 1999 6574 0 exe 77055 236240 512314 resp 515499 986 pmu 813332 662672 6570968 12621653 624592623
1790358898.136742 W 116 lat 314 2111 6074 0 exe 74222 233037 539240 resp 542277 989 pmu 813906 637984 6579957 12512591 613922392
1790358899.084552 W 117 lat 296 2111 6833 0 exe 74277 238333 518351 resp 522462 987 pmu 807823 640825 6538175 12748914 624111242
1790358900.136620 W 118 lat 296 2092 7629 0 exe 68833 243370 531777 resp 536907 986 pmu 818554 679955 6591529 12575780 641318879
1790358901.084744 W 119 lat 296 2277 9037 0 exe 27185 250685 564981 resp 568314 954 pmu 839849 682832 6807794 12717190 663151763
1790358902.132587 W 120 lat 314 2555 7314 0 exe 75462 292499 543592 resp 547666 990 pmu 854271 725571 6891501 12876535 765423430
1790358903.076834 W 121 lat 277 2407 8814 0 exe 75796 270555 581740 resp 585925 988 pmu 840752 705865 6793998 13109658 710243808
1790358904.128577 W 122 lat 333 2574 7129 0 exe 59999 309555 560499 resp 564703 984 pmu 876830 788808 7092812 13390171 814951344
1790358905.168845 W 123 lat 314 2925 8018 0 exe 73814 332499 553814 resp 556555 991 pmu 894691 789463 7261953 13286531 867903000
1790358906.112854 W 124 lat 296 3277 10185 0 exe 74055 364537 574814 resp 579296 988 pmu 930130 867362 7507934 13402250 952589706
1790358907.156607 W 125 lat 333 3333 9499 0 exe 68351 370685 554833 resp 558574 987 pmu 935230 883815 7590625 13794966 973472734
1790358908.100700 W 126 lat 333 3148 9148 0 exe 72648 358740 564481 resp 567388 990 pmu 914095 839886 7397419 13590810 935662405
1790358909.152738 W 127 lat 314 3259 9518 0 exe 60333 373111 593796 resp 597129 987 pmu 935399 883399 7554722 13642017 979476269
1790358910.088494 W 128 lat 296 703 6574 0 exe 12888 64685 577796 resp 582407 118 pmu 811338 122616 6548321 13947494 173333141
1790358911.128466 W 129 lat 296 296 351 0 exe 12796 13259 13944 resp 14240 0 pmu 789285 56 6363869 11986236 36945728
1790358912.172685 W 130 lat 296 2296 5962 0 exe 12814 288148 494759 resp 499666 841 pmu 954185 833556 7749062 6037537 752010100
1790358913.108693 W 131 lat 1148 2629 5425 0 exe 274277 339777 390092 resp 393277 1000 pmu 1002386 996267 8124427 12282227 890307097
1790358914.148683 W 132 lat 666 2574 5537 0 exe 115685 338648 392796 resp 396388 1000 pmu 1000612 993954 8109711 12795815 887788581
1790358915.084689 W 133 lat 814 2555 5944 0 exe 195740 337481 400074 resp 403203 1000 pmu 999103 991933 8094404 12024202 883767862
1790358916.128691 W 134 lat 648 2574 5240 0 exe 211537 338222 403166 resp 407277 1000 pmu 1000274 995011 8102714 12491444 886102775
1790358917.076679 W 135 lat 981 2537 5814 0 exe 236648 335018 393722 resp 397240 1000 pmu 999954 996313 8102274 12605731 878021443
1790358918.144652 W 136 lat 888 2481 5148 0 exe 194703 332092 388851 resp 391851 1000 pmu 996815 987537 8079412 12622364 871801861
1790358919.100654 W 137 lat 1018 2537 5351 0 exe 281462 337666 395518 resp 397833 1000 pmu 1001053 997864 8119005 12342583 885683370
1790358920.152676 W 138 lat 833 2592 5833 0 exe 226814 335277 401999 resp 404944 1000 pmu 1001063 996160 8114374 12869554 880316162
1790358921.100674 W 139 lat 888 2648 5722 0 exe 179296 331870 395685 resp 398944 1000 pmu 997562 988306 8086446 12653948 871782109
1790358922.160676 W 140 lat 499 2574 5462 0 exe 246944 333296 396999 resp 399148 1000 pmu 1002056 992697 8121287 12337975 875498869
1790358923.120703 W 141 lat 1129 2537 4888 0 exe 285277 337333 396759 resp 399777 1000 pmu 1001572 998072 8116796 12687364 885121650
1790358924.168687 W 142 lat 703 2481 4962 0 exe 136388 331185 390907 resp 394222 1000 pmu 995798 985635 8067776 12901297 870275537
1790358925.108685 W 143 lat 981 2574 5333 0 exe 261499 334518 394259 resp 397148 1000 pmu 1000194 994449 8111278 12066913 878033432
1790358926.148679 W 144 lat 981 2685 5814 0 exe 229777 333018 402833 resp 406888 1000 pmu 1002081 990620 8127915 12744097 875212569
1790358927.096655 W 145 lat 1111 2666 6574 0 exe 230611 335074 398592 resp 401592 1000 pmu 1004021 995552 8140950 12672448 880060924
1790358928.148643 W 146 lat 462 2611 5685 0 exe 118333 330981 411129 resp 415574 1000 pmu 1003011 987799 8132715 12643506 870300056
1790358929.096706 W 147 lat 981 2611 5351 0 exe 255277 335462 402407 resp 404370 1000 pmu 1004762 995148 8147113 12186288 880638940
1790358930.156670 W 148 lat 703 2555 5962 0 exe 167592 329444 400148 resp 402796 1000 pmu 998990 985675 8099353 12794747 866221739
1790358931.116677 W 149 lat 944 2499 4777 0 exe 182074 332222 399703 resp 403537 1000 pmu 997382 987097 8083538 12308691 872120363
1790358932.172687 W 150 lat 648 2555 5981 0 exe 172574 333888 396833 resp 400351 1000 pmu 1003363 993011 8126217 12391396 877030211
1790358933.112696 W 151 lat 1055 2629 5981 0 exe 250185 334888 400981 resp 404981 1000 pmu 999037 986972 8102833 12326635 878840713
1790358934.156677 W 152 lat 574 2574 7351 0 exe 139333 326944 414055 resp 416666 1000 pmu 991740 980734 8037024 12766014 859422044
1790358935.092691 W 153 lat 925 2611 6129 0 exe 250444 334759 396277 resp 399222 1000 pmu 999525 992795 8110067 12300012 878759371
1790358936.140676 W 154 lat 703 2555 5388 0 exe 174740 336222 392166 resp 395759 1000 pmu 1001369 998103 8113311 12714440 882997703
1790358937.076690 W 155 lat 703 2537 5388 0 exe 141537 330351 400981 resp 403759 1000 pmu 995724 983124 8070954 12300213 867565662
1790358938.124680 W 156 lat 518 2574 6166 0 exe 174851 333870 405499 resp 409666 1000 pmu 1002769 993726 8129753 12188810 877040880
1790358939.168692 W 157 lat 907 2574 5962 0 exe 257055 335685 389833 resp 392444 1000 pmu 1000540 993811 8108020 12428309 880771232
1790358940.108650 W 158 lat 796 2611 6166 0 exe 178592 333481 400685 resp 404222 1000 pmu 999022 991526 8105925 12684769 875742349
1790358941.148685 W 159 lat 407 2462 5962 0 exe 227574 334685 396259 resp 401148 1000 pmu 999570 993085 8102722 12395341 878374819
1790358942.085118 W 160 lat 407 2388 6722 0 exe 259722 339314 402462 resp 405629 1000 pmu 1001961 994906 8123079 12605093 889544501
1790358943.136692 W 161 lat 388 2537 5925 0 exe 163388 334018 404444 resp 407777 1000 pmu 996116 979450 8079423 12845651 876788426
1790358944.076683 W 162 lat 499 2518 5444 0 exe 267833 339518 396907 resp 400185 1000 pmu 997478 989143 8084271 12355038 889715645
1790358945.140691 W 163 lat 370 2499 4925 0 exe 166129 336962 398611 resp 402203 1000 pmu 996036 989131 8073607 12827149 883634671
1790358946.076673 W 164 lat 833 2574 5518 0 exe 183296 340666 399111 resp 401574 1000 pmu 999420 994134 8097640 12321083 892317005
1790358947.116671 W 165 lat 703 2574 6518 0 exe 186777 337296 398055 resp 401592 1000 pmu 998055 988924 8090527 12430314 884599354
1790358948.156672 W 166 lat 1111 2574 5851 0 exe 261222 339148 398740 resp 401148 1000 pmu 1002223 994188 8126252 12430212 889328294
1790358949.092673 W 167 lat 648 2518 5870 0 exe 226722 339796 398240 resp 400203 1000 pmu 999254 993619 8098822 12811330 891001898
1790358950.132683 W 168 lat 592 2481 5074 0 exe 175333 334388 390240 resp 393074 1000 pmu 995937 989693 8073433 12632435 877398996
1790358951.172662 W 169 lat 574 2537 5629 0 exe 224907 339555 392981 resp 396703 1000 pmu 1000096 994173 8105522 12268626 890121634
1790358952.112686 W 170 lat 944 2555 5370 0 exe 264203 340259 403092 resp 404851 1000 pmu 1001633 995719 8121475 12577023 892080147
1790358953.152676 W 171 lat 685 2537 5907 0 exe 174796 336629 390648 resp 393777 1000 pmu 995845 986666 8072917 12868800 883089592
1790358954.088682 W 172 lat 1074 2574 6203 0 exe 269888 340574 398499 resp 401481 1000 pmu 1001100 996964 8110756 12287696 892376730
1790358955.128662 W 173 lat 962 2574 5666 0 exe 142092 339129 404185 resp 406759 1000 pmu 1000991 995735 8118447 12864042 889675216
1790358956.168663 W 174 lat 851 2518 6277 0 exe 192944 337629 392222 resp 395907 1000 pmu 998309 991058 8093753 12269426 885055103
1790358957.104672 W 175 lat 981 2518 5703 0 exe 224518 340240 405814 resp 408962 1000 pmu 1001187 998606 8123064 12404346 891900840
1790358958.148607 W 176 lat 1055 2555 5129 0 exe 268203 339870 408129 resp 411129 1000 pmu 1001691 994396 8126818 12705981 891137867
1790358959.080677 W 177 lat 703 2574 5796 0 exe 120592 335055 397722 resp 400759 1000 pmu 997514 987745 8088396 12942882 879853436
1790358960.120674 W 178 lat 1148 2574 5499 0 exe 306944 341037 396499 resp 399574 1000 pmu 1001021 998383 8121281 12078755 893519017
1790358961.160682 W 179 lat 685 2555 5388 0 exe 122944 338611 397185 resp 399777 1000 pmu 999251 993723 8102928 13028989 888441945
1790358962.096682 W 180 lat 611 2555 5444 0 exe 163999 335481 401907 resp 404944 1000 pmu 999180 986272 8103123 12098430 880002604
1790358963.140624 W 181 lat 592 2518 5259 0 exe 122555 340148 391685 resp 394185 1000 pmu 1000213 996387 8114239 12337011 891507826
1790358964.076670 W 182 lat 962 2499 5481 0 exe 282111 341444 395537 resp 398870 1000 pmu 1000936 997192 8108100 12047148 894028881
1790358965.116663 W 183 lat 462 2592 5666 0 exe 109129 336740 399055 resp 402499 1000 pmu 999775 990294 8103690 12896899 883830536
1790358966.156694 W 184 lat 925 2592 6648 0 exe 183277 338259 391981 resp 395037 1000 pmu 998871 992442 8095674 12043356 886659647
1790358967.092660 W 185 lat 907 2481 6314 0 exe 119037 335037 397518 resp 400388 1000 pmu 997295 991785 8084648 12356319 879284343
1790358968.132683 W 186 lat 925 2518 5499 0 exe 314907 340685 399999 resp 402999 1000 pmu 999879 996314 8102707 12071006 892683302
1790358969.172668 W 187 lat 685 2518 5870 0 exe 121296 335388 390703 resp 394629 1000 pmu 997038 986697 8084833 13100247 880328104
1790358970.112594 W 188 lat 999 2574 5574 0 exe 267537 339722 404740 resp 408388 1000 pmu 1003065 995945 8131838 12017969 890437988
1790358971.148657 W 189 lat 1055 2592 6462 0 exe 153555 339259 399629 resp 402648 1000 pmu 1000081 994885 8107264 12910329 890210124
1790358972.084500 W 190 lat 296 740 5981 0 exe 12944 76648 391833 resp 395777 195 pmu 832659 202558 6710003 12286064 202732515
1790358973.124502 W 191 lat 296 296 481 0 exe 12851 13981 85388 resp 85703 0 pmu 792352 7762 6398032 10180536 38182732
1790358974.172719 W 192 lat 296 2092 9037 0 exe 12925 278296 595999 resp 601796 657 pmu 881704 704611 7138710 6756039 734300127
1790358975.124636 W 193 lat 296 3407 8592 0 exe 86888 435666 601222 resp 606444 988 pmu 947193 947288 7680064 13264779 1116948801
1790358976.080552 W 194 lat 296 3611 7055 0 exe 75537 452370 593351 resp 597388 968 pmu 971902 968542 7860751 14475133 1153514974
1790358977.136843 W 195 lat 296 925 6685 0 exe 15685 111666 544333 resp 549351 202 pmu 798356 350520 6483699 14408457 314057324
1790358978.084702 W 196 lat 296 3870 8999 0 exe 80925 491277 643129 resp 647759 992 pmu 960205 950644 7762585 11907228 1250826076
1790358979.140599 W 197 lat 296 1333 6666 0 exe 25907 202129 521370 resp 525148 611 pmu 820717 718733 6645679 15142824 546531543
1790358980.080696 W 198 lat 296 2074 7333 0 exe 20333 264944 583703 resp 588277 639 pmu 860465 642055 6973115 12175832 690045586
1790358981.124769 W 199 lat 296 3018 7722 0 exe 76981 389499 567925 resp 571981 956 pmu 927353 924376 7517841 13097293 1004754751
1790358982.164670 W 200 lat 314 3611 6814 0 exe 81185 453425 548333 resp 552055 978 pmu 984424 987212 7957435 13849875 1156987237
1790358983.100989 W 201 lat 296 537 8574 0 exe 14351 61944 573092 resp 579074 131 pmu 784136 295256 6357906 13988778 204104122
1790358984.140925 W 202 lat 333 4055 7907 0 exe 108962 519907 604555 resp 609814 1000 pmu 974164 977761 7881445 11951835 1316568417
1790358985.080662 W 203 lat 296 1611 9240 0 exe 12962 226499 612703 resp 617388 561 pmu 837540 722173 6778433 15039009 617745439
1790358986.120847 W 204 lat 296 1462 6240 0 exe 27222 205203 602277 resp 606796 532 pmu 824171 666885 6682629 13164693 549368159
1790358987.160946 W 205 lat 296 3166 7111 0 exe 76277 394555 606666 resp 610314 958 pmu 906933 904681 7343363 13009904 1016778852
1790358988.096662 W 206 lat 648 3907 8981 0 exe 120499 475518 586185 resp 590740 1000 pmu 988563 994481 7999436 14254559 1212083020
1790358989.140908 W 207 lat 296 1148 7629 0 exe 19851 143592 640370 resp 645018 328 pmu 809671 490277 6554295 14692969 400926962
1790358990.076693 W 208 lat 296 3611 8074 0 exe 50425 453222 613981 resp 620037 971 pmu 941521 925606 7628493 13052016 1161165867
1790358991.120837 W 209 lat 296 1703 7111 0 exe 33962 244018 554185 resp 557444 582 pmu 844367 771013 6829501 14509445 651901758
1790358992.160608 W 210 lat 296 1518 7814 0 exe 20055 201648 545481 resp 551111 560 pmu 813629 645941 6596211 12754812 540191370
1790358993.100856 W 211 lat 296 2981 8240 0 exe 81925 379037 622351 resp 625574 967 pmu 906055 902570 7339313 12401884 989688009
1790358994.140755 W 212 lat 851 4018 10722 0 exe 186907 484481 620037 resp 624018 1000 pmu 979827 985206 7931521 14364521 1232873439
1790358995.076553 W 213 lat 296 1222 7333 0 exe 22148 150592 572574 resp 575333 397 pmu 817599 527945 6609229 15415879 414326541
1790358996.116624 W 214 lat 296 3481 7555 0 exe 69870 435333 610592 resp 615555 983 pmu 927454 914453 7520270 12410111 1109528783
1790358997.156592 W 215 lat 296 1851 6537 0 exe 55111 249129 538555 resp 541925 675 pmu 838994 757817 6785731 14474974 654377762
1790358998.096747 W 216 lat 296 1333 6314 0 exe 35999 195333 582074 resp 585203 591 pmu 818140 722631 6640121 12728646 527108201
1790358999.136823 W 217 lat 296 3037 7407 0 exe 83518 388074 590870 resp 595111 953 pmu 916840 913530 7424981 12795030 994481322
1790359000.076663 W 218 lat 314 3629 7888 0 exe 128666 450370 549481 resp 552666 1000 pmu 985603 984958 7976705 14104051 1151628838
1790359001.116853 W 219 lat 296 907 6333 0 exe 16592 110314 549833 resp 553481 224 pmu 800580 385154 6488616 14225411 311688569
1790359002.156614 W 220 lat 296 3907 8185 0 exe 105888 497296 642814 resp 645555 1000 pmu 968030 971879 7845424 11951167 1263750276
1790359003.092609 W 221 lat 296 1629 6574 0 exe 66444 228314 546018 resp 549240 674 pmu 828541 753444 6695390 15281399 609766235
1790359004.132734 W 222 lat 296 1759 10444 0 exe 28296 230092 626611 resp 631111 554 pmu 843132 656602 6838965 12753904 610404489
1790359005.176916 W 223 lat 296 2870 8222 0 exe 82333 383148 635740 resp 641555 948 pmu 916525 911213 7420700 13405342 995228513
1790359006.112623 W 224 lat 425 3259 6444 0 exe 197722 482148 573259 resp 577777 1000 pmu 990398 996648 8028821 14533232 1227790474
1790359007.156960 W 225 lat 296 999 7981 0 exe 15499 125203 630962 resp 634185 228 pmu 807472 391863 6522218 14965623 352294345
1790359008.092921 W 226 lat 296 3648 8907 0 exe 64981 485611 617092 resp 621074 980 pmu 955004 954801 7740213 12838153 1233849252
1790359009.144709 W 227 lat 296 1685 9259 0 exe 63851 239611 577574 resp 580333 680 pmu 836307 764550 6762588 14769570 649467516
1790359010.084765 W 228 lat 296 1444 8277 0 exe 28092 201555 584518 resp 588685 599 pmu 817158 678134 6618818 13124690 546073824
1790359011.140843 W 229 lat 296 2944 7796 0 exe 88129 390574 600851 resp 606296 973 pmu 908571 904002 7360940 12826810 1007541473
1790359012.088861 W 230 lat 425 3907 9722 0 exe 216592 481981 586666 resp 591629 1000 pmu 989024 994060 8001981 14246927 1226798365
1790359013.156742 W 231 lat 296 1092 7499 0 exe 15648 131148 582685 resp 586592 314 pmu 807895 415107 6544571 15215193 365282414
1790359014.100843 W 232 lat 296 3722 9462 0 exe 98759 479388 606925 resp 611370 999 pmu 944980 935812 7652602 12387318 1214907262
1790359015.152678 W 233 lat 296 1685 7777 0 exe 46185 248518 624296 resp 628870 639 pmu 839404 765250 6786085 14811206 659162798
1790359016.104693 W 234 lat 296 1351 7648 0 exe 19388 189888 557574 resp 561351 509 pmu 826466 641043 6692772 13549413 523787624
1790359017.144725 W 235 lat 296 2407 7592 0 exe 53240 321777 583888 resp 587629 895 pmu 897507 871109 7274213 12449883 863796415
1790359018.084655 W 236 lat 759 3740 6759 0 exe 126851 475185 554314 resp 558092 1000 pmu 991641 997370 8036514 13546863 1210312354
1790359019.124954 W 237 lat 296 1129 6351 0 exe 15925 140444 564944 resp 568444 304 pmu 810843 410576 6553989 14389088 382892810
1790359020.164615 W 238 lat 296 3833 11537 0 exe 75555 489518 615703 resp 619499 988 pmu 952551 953685 7716462 12250100 1243075735
1790359021.108805 W 239 lat 296 1777 6999 0 exe 56648 250240 581370 resp 587185 695 pmu 838496 771820 6781814 14841516 666848453
1790359022.164592 W 240 lat 296 1499 7370 0 exe 28555 208944 559907 resp 563666 570 pmu 816553 684142 6623376 13184048 556052418
1790359023.112673 W 241 lat 296 3092 8111 0 exe 81740 402537 591796 resp 597740 956 pmu 913912 912576 7396570 12613687 1036443666
1790359024.157598 W 242 lat 444 3537 7537 0 exe 153518 462574 583703 resp 587611 1000 pmu 982941 986272 7960791 14189245 1183157780
1790359025.116593 W 243 lat 296 1166 5777 0 exe 18981 152388 595444 resp 599629 347 pmu 808226 501373 6546359 14755396 413247708
1790359026.173669 W 244 lat 296 3814 7648 0 exe 93629 480166 605962 resp 611111 999 pmu 944373 928335 7642768 12631132 1217147004
1790359027.120608 W 245 lat 296 1629 6518 0 exe 52759 233351 554555 resp 558018 651 pmu 837716 755010 6772028 14774670 629606987
1790359028.072868 W 246 lat 296 1555 7777 0 exe 28166 215555 564296 resp 569870 613 pmu 823603 699874 6675986 12797228 569396986
1790359029.116876 W 247 lat 296 3055 8555 0 exe 51407 394444 594888 resp 599333 926 pmu 917923 897295 7437264 12700288 1017148577
1790359030.156740 W 248 lat 481 3796 7611 0 exe 159462 474777 567185 resp 572222 1000 pmu 985932 989210 7974164 14022612 1208826492
1790359031.092728 W 249 lat 296 1074 6870 0 exe 16518 132259 558444 resp 562759 288 pmu 801096 432213 6488118 14688249 366396079
1790359032.136807 W 250 lat 296 3518 7611 0 exe 33814 458499 630037 resp 634666 952 pmu 944341 925504 7644821 12153547 1174052268
1790359033.072747 W 251 lat 296 1740 6425 0 exe 67759 255203 539407 resp 543796 686 pmu 847494 785363 6852473 14603827 676051345
1790359034.112518 W 252 lat 296 388 3944 0 exe 12851 38629 260092 resp 261925 82 pmu 786598 153627 6353827 12833164 107526281
1790359035.152488 W 253 lat 296 296 351 0 exe 12870 13925 86629 resp 86962 0 pmu 790989 7244 6389938 8650027 37120692
1790359036.092511 W 254 lat 296 462 5703 0 exe 12962 36796 456037 resp 459444 55 pmu 790751 72281 6385221 6765945 94557365
1790359037.132497 W 255 lat 296 296 444 0 exe 13666 15129 66722 resp 67018 0 pmu 790214 20972 6381364 10617998 41846396
1790359038.172475 W 256 lat 296 296 407 0 exe 13629 14388 15351 resp 15648 0 pmu 790484 12550 6382716 6577009 36661586
1790359039.108500 W 257 lat 296 296 407 0 exe 13833 17240 67444 resp 67740 0 pmu 789093 44606 6368228 6059200 44189544
1790359040.148473 W 258 lat 296 296 351 0 exe 13722 14499 18333 resp 18629 0 pmu 788664 14042 6367068 6595353 36914123
1790359041.084496 W 259 lat 296 296 537 0 exe 13777 15166 67999 resp 68296 0 pmu 788385 21515 6362978 6089763 39136579
1790359042.124476 W 260 lat 296 296 388 0 exe 13703 14388 15370 resp 15666 0 pmu 789422 12600 6363544 6591238 36673029
1790359043.164500 W 261 lat 296 296 444 0 exe 13759 15203 66833 resp 67148 0 pmu 788910 21907 6361760 6059624 39193466
1790359044.100473 W 262 lat 296 296 481 0 exe 13777 14388 15259 resp 15555 0 pmu 789419 12579 6362282 6579024 36641447
1790359045.140499 W 263 lat 296 296 425 0 exe 13574 15222 75537 resp 75925 0 pmu 789980 21985 6372979 6059458 39284537
1790359046.076476 W 264 lat 277 296 370 0 exe 13648 14388 15574 resp 15888 0 pmu 789780 12563 6374196 6665652 36712112
1790359047.116499 W 265 lat 296 314 11518 0 exe 13518 15203 70166 resp 74907 0 pmu 790323 21737 6378363 6061410 39248686
1790359048.156477 W 266 lat 296 296 351 0 exe 13796 14388 15240 resp 15537 0 pmu 790249 12580 6371729 6688743 36697590
1790359049.092497 W 267 lat 296 296 537 0 exe 13703 15222 69222 resp 69703 0 pmu 790307 21973 6372125 6058731 39273652
1790359050.132469 W 268 lat 296 296 351 0 exe 13740 14388 15444 resp 15740 0 pmu 789948 12580 6366763 6604068 36682043
1790359051.172495 W 269 lat 277 296 574 0 exe 13796 15666 66870 resp 67203 0 pmu 788400 27157 6359343 6060347 40324856
1790359052.108472 W 270 lat 296 296 351 0 exe 13740 14388 15351 resp 15648 0 pmu 790617 12586 6383138 6582628 36695147
1790359053.148497 W 271 lat 296 296 574 0 exe 13796 15185 66666 resp 66981 0 pmu 790049 21875 6375592 6059471 39153844
1790359054.084470 W 272 lat 296 296 425 0 exe 13796 14370 15351 resp 15648 0 pmu 789059 12545 6361395 6578228 36644252
1790359055.124496 W 273 lat 296 296 425 0 exe 13703 17333 68555 resp 68870 0 pmu 789391 45521 6370808 6060074 44528860
1790359056.164471 W 274 lat 296 296 351 0 exe 14481 15648 20481 resp 20777 0 pmu 791621 26445 6384010 6606483 39700314
1790359057.100495 W 275 lat 296 296 425 0 exe 13777 15722 66018 resp 66407 0 pmu 791355 27608 6384047 6120646 40477539
1790359058.140469 W 276 lat 296 296 351 0 exe 13740 14407 15333 resp 15629 0 pmu 790179 12710 6377921 6573900 36732082
1790359059.076496 W 277 lat 296 296 407 0 exe 13703 15296 66111 resp 66407 0 pmu 788946 23035 6362989 6059362 39421797
1790359060.116468 W 278 lat 296 296 518 0 exe 13777 14370 15407 resp 15722 0 pmu 789195 12611 6365347 6571787 36539102
1790359061.156496 W 279 lat 296 296 388 0 exe 13740 15203 66925 resp 67240 0 pmu 789549 21844 6372922 6061151 39226953
1790359062.092468 W 280 lat 296 296 388 0 exe 13796 14370 15370 resp 15666 0 pmu 787589 12588 6346956 6579547 36618531
1790359063.136497 W 281 lat 296 296 407 0 exe 13685 15259 63351 resp 63703 0 pmu 788072 22567 6354161 6060183 39322043
1790359064.072468 W 282 lat 296 296 407 0 exe 13740 14407 15444 resp 15740 0 pmu 792343 12602 6393028 6544034 36634133
1790359065.112498 W 283 lat 296 296 444 0 exe 13759 15259 61888 resp 62203 0 pmu 791210 22355 6383731 6060619 39325870
1790359066.152470 W 284 lat 296 296 407 0 exe 13777 14388 15462 resp 15759 0 pmu 789120 12643 6364300 6529773 36687157
1790359067.088495 W 285 lat 296 296 537 0 exe 13814 15259 63314 resp 63611 0 pmu 788626 22619 6366015 6061138 39424557
1790359068.128469 W 286 lat 296 296 388 0 exe 13814 14370 15240 resp 15537 0 pmu 788074 12606 6356892 6544753 36545032
1790359069.168497 W 287 lat 296 296 462 0 exe 13833 15611 61740 resp 62055 0 pmu 788989 26444 6366991 6058794 40164248
1790359070.108474 W 288 lat 296 296 388 0 exe 13685 14407 16018 resp 16314 0 pmu 789648 12896 6364700 6530569 36692183
1790359071.148498 W 289 lat 296 296 462 0 exe 13759 15222 61499 resp 61796 0 pmu 788034 22205 6356062 6066110 39215126
1790359072.084483 W 290 lat 296 296 370 0 exe 13814 14388 15648 resp 15962 0 pmu 789891 12628 6372940 6525694 36692635
1790359073.124500 W 291 lat 296 296 518 0 exe 13685 15277 58611 resp 58925 0 pmu 789350 22679 6373184 6063011 39515113
1790359074.164473 W 292 lat 296 296 351 0 exe 13685 14370 15333 resp 15629 0 pmu 789769 12447 6374980 6497140 36594864
1790359075.100497 W 293 lat 296 296 499 0 exe 13740 15296 59425 resp 59722 0 pmu 789771 23030 6372465 6059000 39479690
1790359076.140468 W 294 lat 296 296 370 0 exe 13703 14388 15444 resp 15759 0 pmu 789642 12622 6370946 6505514 36557346
1790359077.076495 W 295 lat 296 296 425 0 exe 13777 15259 61851 resp 62148 0 pmu 788663 22545 6362069 6060442 39273754
1790359078.116471 W 296 lat 296 296 407 0 exe 13777 14407 15370 resp 15666 0 pmu 790951 12576 6383555 6529439 36690681
1790359079.156496 W 297 lat 296 296 425 0 exe 13722 15222 67666 resp 67999 0 pmu 790465 21983 6379636 6060354 39293623
1790359080.092469 W 298 lat 296 296 351 0 exe 13611 14407 15277 resp 15592 0 pmu 790662 12722 6384155 6587400 36655510
1790359081.132495 W 299 lat 296 296 444 0 exe 13722 15277 59370 resp 59703 0 pmu 790762 22663 6384290 6058233 39376525
1790359082.172473 W 300 lat 296 296 370 0 exe 13592 14370 15240 resp 15537 0 pmu 789080 12459 6369048 6504742 36630144
1790359083.108496 W 301 lat 296 296 425 0 exe 13666 15240 61685 resp 62074 0 pmu 787396 22477 6349492 6057484 39318916
1790359084.148468 W 302 lat 296 296 351 0 exe 13833 14388 15296 resp 15592 0 pmu 791136 12555 6386108 6527561 36614506
1790359085.084499 W 303 lat 296 296 425 0 exe 13796 15555 60962 resp 61277 0 pmu 790162 25860 6376811 6059346 40182215
1790359086.124474 W 304 lat 296 296 351 0 exe 13777 14462 18074 resp 18370 0 pmu 790345 13341 6377041 6522118 36807920
1790359087.164495 W 305 lat 296 296 537 0 exe 13796 15277 62592 resp 62907 0 pmu 790556 22746 6380462 6087152 39452784
1790359088.104472 W 306 lat 296 296 388 0 exe 13648 14407 15222 resp 15518 0 pmu 790848 12623 6390058 6537742 36691604
1790359089.144499 W 307 lat 296 296 462 0 exe 13740 15277 61259 resp 61685 0 pmu 790069 22567 6383088 6057917 39358949
1790359090.080476 W 308 lat 296 296 462 0 exe 13777 14407 15370 resp 15666 0 pmu 790892 12634 6387325 6524287 36702558
1790359091.120502 W 309 lat 296 296 425 0 exe 13814 15222 63259 resp 63685 0 pmu 789685 22132 6375597 6060554 39259557
1790359092.160477 W 310 lat 296 296 351 0 exe 13592 14407 15222 resp 15518 0 pmu 790963 12541 6385213 6544169 36658172
1790359093.096503 W 311 lat 296 296 407 0 exe 13759 15203 59999 resp 60333 0 pmu 789887 21859 6371940 6057438 39188620
1790359094.136476 W 312 lat 296 296 425 0 exe 13740 14407 19833 resp 20129 0 pmu 787390 13147 6351832 6510597 36763703
1790359095.072524 W 313 lat 296 296 611 0 exe 13833 14814 75888 resp 76499 0 pmu 788074 17316 6357753 6104707 37991805
1790359096.112492 W 314 lat 296 296 388 0 exe 12814 14574 67444 resp 67740 0 pmu 793251 14649 6411397 6670393 37451469
1790359097.152501 W 315 lat 296 296 333 0 exe 12870 13277 13814 resp 14111 0 pmu 791819 21 6393729 6576944 33751081
1790359098.088471 W 316 lat 296 296 481 0 exe 12925 15333 125222 resp 125703 1 pmu 790989 22254 6385787 6033919 39998660
1790359099.128494 W 317 lat 296 296 333 0 exe 12888 13259 13851 resp 14148 0 pmu 790471 19 6381759 7160472 34056703
1790359100.168461 W 318 lat 296 296 407 0 exe 12796 13907 84296 resp 84611 0 pmu 789870 7450 6381912 6034280 35504246
1790359101.104515 W 319 lat 296 296 370 0 exe 12870 13259 13759 resp 14055 0 pmu 789444 25 6371509 6742036 33779041
1790359102.144463 W 320 lat 296 296 592 0 exe 12870 13907 85277 resp 85592 0 pmu 790805 7402 6384913 6033487 35517106
1790359103.080471 W 321 lat 296 296 444 0 exe 12981 13277 13740 resp 14055 0 pmu 791346 37 6391983 6753192 33831165
1790359104.120494 W 322 lat 296 296 351 0 exe 12907 13925 82925 resp 83240 0 pmu 791013 7543 6386590 6034409 35550208
1790359105.160495 W 323 lat 296 296 370 0 exe 12907 13277 13648 resp 13962 0 pmu 791504 19 6387594 6728623 33834219
1790359106.096466 W 324 lat 296 296 388 0 exe 12851 13907 76685 resp 76999 0 pmu 791955 7284 6402026 6032784 35531631
1790359107.136494 W 325 lat 296 296 537 0 exe 12907 13277 13796 resp 14092 0 pmu 792005 39 6399280 6666224 33801597
1790359108.072467 W 326 lat 296 296 333 0 exe 12851 13907 80148 resp 80462 0 pmu 790651 7408 6384995 6035006 35512506
1790359109.112521 W 327 lat 296 296 333 0 exe 12925 13277 13722 resp 14018 0 pmu 792040 23 6399552 6700403 33826788
1790359110.152500 W 328 lat 296 296 388 0 exe 12833 13962 90796 resp 91111 0 pmu 789922 7746 6377573 6033236 35679896
1790359111.088459 W 329 lat 296 296 333 0 exe 12796 13240 13814 resp 14129 0 pmu 788537 22 6364696 6807639 33805512
1790359112.128491 W 330 lat 296 296 370 0 exe 12851 14259 83240 resp 83537 0 pmu 786962 11451 6355738 6033480 36299486
1790359113.168499 W 331 lat 296 296 351 0 exe 12870 13259 13796 resp 14092 0 pmu 788615 72 6372434 6733322 33765065
1790359114.104495 W 332 lat 296 296 370 0 exe 12907 14314 80537 resp 80851 0 pmu 791857 11817 6392192 6033799 36533267
1790359115.144464 W 333 lat 296 296 351 0 exe 12907 13277 13759 resp 14055 0 pmu 791312 29 6389277 6706972 33810635
1790359116.080493 W 334 lat 277 296 462 0 exe 12870 13888 78796 resp 79129 0 pmu 789935 7278 6376351 6033748 35439430
1790359117.120464 W 335 lat 296 296 370 0 exe 12851 13259 13814 resp 14111 0 pmu 789491 32 6373744 6687826 33762258
1790359118.160494 W 336 lat 277 296 407 0 exe 12888 13907 79722 resp 80037 0 pmu 789904 7473 6381865 6033970 35509540
1790359119.096463 W 337 lat 296 296 333 0 exe 12907 13259 13759 resp 14074 0 pmu 790191 24 6385939 6696779 33783455
1790359120.136491 W 338 lat 296 296 499 0 exe 12777 13925 89537 resp 89851 0 pmu 790531 7293 6379262 6033740 35555944
1790359121.072462 W 339 lat 296 296 333 0 exe 12777 13259 13740 resp 14074 0 pmu 789736 41 6376393 6795129 33827423
1790359122.112490 W 340 lat 296 296 333 0 exe 12851 13925 91685 resp 92018 0 pmu 789141 7564 6373212 6032983 35539734
1790359123.152463 W 341 lat 296 296 333 0 exe 12814 13240 13722 resp 14037 0 pmu 789032 31 6372410 6816058 33819816
1790359124.088493 W 342 lat 277 296 425 0 exe 12851 13907 91148 resp 91462 0 pmu 790348 7389 6384986 6032488 35514142
1790359125.128469 W 343 lat 296 296 333 0 exe 12777 13259 13703 resp 13999 0 pmu 790547 38 6387877 6810838 33855315
1790359126.168492 W 344 lat 296 296 444 0 exe 12833 13888 90055 resp 90370 0 pmu 787925 7396 6363483 6032409 35460045
1790359127.104468 W 345 lat 296 296 333 0 exe 12814 13240 13703 resp 14018 0 pmu 787346 26 6357071 6799923 33767106
1790359128.144492 W 346 lat 296 296 574 0 exe 12777 13907 76518 resp 76851 0 pmu 788465 7532 6369831 6032471 35446875
1790359129.080466 W 347 lat 296 296 351 0 exe 12759 13259 13814 resp 14129 0 pmu 789877 29 6376269 6665357 33763338
1790359130.120492 W 348 lat 296 296 351 0 exe 12851 13907 80851 resp 81148 0 pmu 789874 7281 6375160 6033686 35461580
1790359131.160463 W 349 lat 296 296 351 0 exe 12962 13277 13796 resp 14111 0 pmu 790235 33 6380827 6707502 33790058
1790359132.096500 W 350 lat 296 296 425 0 exe 12925 13907 77314 resp 77611 0 pmu 790588 7358 6383348 6034398 35505646
1790359133.136463 W 351 lat 296 296 333 0 exe 12888 13259 13722 resp 14037 0 pmu 788982 20 6367322 6673003 33738389
1790359134.072492 W 352 lat 296 296 351 0 exe 12907 13925 81870 resp 82222 0 pmu 791367 7239 6389135 6033111 35540506
1790359135.112464 W 353 lat 296 296 333 0 exe 12962 13277 13814 resp 14111 0 pmu 791282 21 6390674 6718329 33821978
1790359136.152492 W 354 lat 296 296 611 0 exe 12870 13888 88240 resp 88574 0 pmu 789963 7213 6378538 6034383 35459125
1790359137.088463 W 355 lat 296 296 351 0 exe 12888 13259 13814 resp 14129 0 pmu 790440 17 6385033 6782953 33841010
1790359138.128495 W 356 lat 296 296 407 0 exe 12907 13944 88592 resp 88907 0 pmu 790906 7425 6385446 6033994 35595181
1790359139.168462 W 357 lat 296 296 333 0 exe 12888 13259 13777 resp 14074 0 pmu 789169 23 6364616 6785854 33811491
1790359140.104490 W 358 lat 296 296 518 0 exe 12759 13925 91962 resp 92481 0 pmu 790272 7425 6379601 6033677 35540131
1790359141.144462 W 359 lat 296 296 333 0 exe 12851 13259 13796 resp 14111 0 pmu 789778 18 6372653 6820278 33844433
1790359142.080503 W 360 lat 296 296 425 0 exe 12759 14203 82037 resp 82407 0 pmu 788814 11097 6367630 6033726 36271155
1790359143.120470 W 361 lat 296 296 333 0 exe 12851 13259 13666 resp 13962 0 pmu 790479 27 6380621 6721170 33795334
1790359144.160493 W 362 lat 296 296 648 0 exe 12907 13944 86870 resp 87518 0 pmu 791145 7540 6386793 6032321 35563616
1790359145.096464 W 363 lat 296 296 333 0 exe 12851 13259 13703 resp 14037 0 pmu 790322 32 6381365 6771515 33828485
1790359146.136495 W 364 lat 296 296 370 0 exe 12796 13944 78129 resp 78444 0 pmu 791160 7582 6387392 6032814 35554531
1790359147.072462 W 365 lat 296 296 351 0 exe 12851 13277 13759 resp 14074 0 pmu 791057 21 6385061 6680473 33796742
1790359148.112491 W 366 lat 296 296 407 0 exe 12907 13907 77925 resp 78259 0 pmu 789946 7426 6376147 6033544 35470891
1790359149.152467 W 367 lat 296 296 351 0 exe 12833 13259 13870 resp 14185 0 pmu 789581 35 6376157 6679206 33765043
1790359150.088492 W 368 lat 296 296 351 0 exe 12833 13888 83148 resp 83462 0 pmu 789735 7240 6374851 6034509 35460951
1790359151.128463 W 369 lat 296 296 333 0 exe 12759 13259 13685 resp 13981 0 pmu 790176 30 6378181 6730419 33806263
1790359152.168492 W 370 lat 296 296 759 0 exe 12796 13888 73796 resp 74092 0 pmu 789041 7407 6364470 6032038 35485725
1790359153.104468 W 371 lat 296 296 333 0 exe 12870 13259 13722 resp 14037 0 pmu 789231 36 6363689 6638767 33723308
1790359154.144493 W 372 lat 296 296 388 0 exe 12851 13888 78907 resp 79203 0 pmu 789937 7215 6376915 6033116 35443407
1790359155.080469 W 373 lat 296 296 351 0 exe 12907 13259 13722 resp 14037 0 pmu 790598 36 6380685 6688284 33791931
1790359156.120496 W 374 lat 296 296 407 0 exe 12851 13925 83314 resp 83629 0 pmu 789640 7476 6371948 6033340 35550113
1790359157.160491 W 375 lat 296 296 351 0 exe 12851 13240 13666 resp 13981 0 pmu 787513 42 6354867 6732633 33744071
1790359158.096497 W 376 lat 296 296 462 0 exe 12814 14074 86462 resp 86796 0 pmu 790018 8953 6378312 6032427 36092988
1790359159.136505 W 377 lat 296 296 333 0 exe 12888 13277 13740 resp 14055 0 pmu 790954 59 6388229 6765073 33854136
1790359160.088575 W 378 lat 296 1944 7981 0 exe 12999 225037 505074 resp 508888 908 pmu 824292 666233 6663031 6036232 593697818
1790359161.136806 W 379 lat 314 1962 6870 0 exe 67425 214518 513407 resp 516296 978 pmu 805190 624486 6505626 12073597 565157445
1790359162.080564 W 380 lat 296 2203 8333 0 exe 74851 259703 523481 resp 527814 987 pmu 834545 685228 6747616 12366576 682522604
1790359163.128858 W 381 lat 296 2203 6203 0 exe 74981 254481 526407 resp 530481 981 pmu 834678 691125 6748288 12746004 668445606
1790359164.080770 W 382 lat 333 2185 6759 0 exe 75592 261462 517703 resp 521870 986 pmu 844057 715324 6825430 12737723 691747942
1790359165.132604 W 383 lat 296 2277 7425 0 exe 72611 267592 517018 resp 521740 985 pmu 842487 714121 6831312 12692188 705280169
1790359166.076663 W 384 lat 333 2481 8999 0 exe 74981 293851 538222 resp 542944 986 pmu 855447 733961 6906494 12707288 766968704
1790359167.136820 W 385 lat 314 2203 8814 0 exe 76129 256351 513759 resp 516740 985 pmu 833006 691546 6736178 13071727 673367084
1790359168.088605 W 386 lat 314 2759 8648 0 exe 72148 320777 531629 resp 536592 985 pmu 894565 804487 7250577 12634181 843799319
1790359169.144814 W 387 lat 296 2833 9074 0 exe 69611 325499 541629 resp 545074 986 pmu 889666 790131 7223170 13127052 852284575
1790359170.088819 W 388 lat 277 3037 8814 0 exe 65092 341388 528666 resp 533314 989 pmu 905810 820184 7332240 13232696 894618324
1790359171.132851 W 389 lat 314 3166 8462 0 exe 68277 369888 533259 resp 536833 989 pmu 937629 884811 7587665 13165400 970870076
1790359172.080750 W 390 lat 314 3018 7777 0 exe 72333 351833 529907 resp 532722 986 pmu 918915 848987 7450391 13363730 923416989
1790359173.128676 W 391 lat 314 3129 7999 0 exe 74518 364814 533055 resp 536814 988 pmu 921051 841915 7479982 13252179 952359547
1790359174.076813 W 392 lat 314 3222 8648 0 exe 65499 365648 529703 resp 532592 988 pmu 930529 879939 7522793 13365806 960291270
1790359175.140610 W 393 lat 314 3074 7185 0 exe 72333 358333 541592 resp 544648 985 pmu 927202 861781 7535835 13290803 942084121
1790359176.084806 W 394 lat 333 3333 7777 0 exe 72499 385481 533740 resp 537518 989 pmu 941175 880686 7627749 13399882 1004332360
1790359177.128812 W 395 lat 499 3796 9425 0 exe 88666 423018 546203 resp 550370 990 pmu 976061 958438 7898438 13466145 1104699173
1790359178.176611 W 396 lat 333 3592 8222 0 exe 65018 416425 543351 resp 548055 989 pmu 967915 945973 7866313 13872568 1089487380
1790359179.116680 W 397 lat 333 3462 8259 0 exe 71407 403740 536592 resp 541648 989 pmu 951744 909924 7715040 13687659 1050393236
1790359180.176831 W 398 lat 296 3259 8129 0 exe 24685 369944 534574 resp 538944 953 pmu 941227 878319 7603956 13589756 971526501
1790359181.120787 W 399 lat 314 3074 7814 0 exe 73740 352796 533425 resp 537574 986 pmu 916661 846429 7448207 13161922 925154120
1790359182.164546 W 400 lat 314 3185 8537 0 exe 72111 364740 533888 resp 537999 987 pmu 921050 850692 7460817 13306289 950120036
1790359183.108772 W 401 lat 296 3111 7611 0 exe 70462 351092 531629 resp 535259 988 pmu 925563 858174 7481424 13366298 923301215
1790359184.156613 W 402 lat 314 3148 7666 0 exe 71537 359481 541796 resp 544925 986 pmu 930328 868697 7556143 13259784 946115574
1790359185.096682 W 403 lat 481 3537 8833 0 exe 61944 398203 530555 resp 534240 991 pmu 951838 907418 7717636 13407043 1037759368
1790359186.144765 W 404 lat 351 3796 10296 0 exe 74314 412592 523444 resp 529388 992 pmu 973048 954063 7874064 13451542 1080427264
1790359187.080773 W 405 lat 574 3851 9259 0 exe 82388 423574 542203 resp 546259 992 pmu 980752 967759 7977632 13533475 1108574173
1790359188.124686 W 406 lat 462 3629 8388 0 exe 67203 419962 537740 resp 541425 992 pmu 970385 947064 7867955 13803304 1093319625
1790359189.172779 W 407 lat 499 3796 8629 0 exe 88481 419777 529999 resp 531925 995 pmu 979590 966981 7929950 13656679 1098580844
1790359190.113284 W 408 lat 518 3814 9055 0 exe 77222 415259 536037 resp 540092 992 pmu 971969 952176 7895223 13678436 1087426909
1790359191.156667 W 409 lat 407 3666 8370 0 exe 67259 415277 528537 resp 533185 993 pmu 968670 941367 7862082 13672629 1082440015
1790359192.100814 W 410 lat 444 3759 8166 0 exe 90296 419962 532703 resp 536574 996 pmu 981297 966774 7965937 13546186 1099641182
1790359193.144787 W 411 lat 555 3777 8999 0 exe 87870 414166 533351 resp 537999 994 pmu 972544 954406 7894738 13722318 1084201888
1790359194.084802 W 412 lat 481 3759 9092 0 exe 74851 415870 537203 resp 541203 995 pmu 971387 946332 7870844 13696318 1086558319
1790359195.124739 W 413 lat 425 3740 9240 0 exe 81592 420444 543333 resp 548240 993 pmu 980870 970157 7956639 13674902 1100449226
1790359196.168660 W 414 lat 499 3777 8666 0 exe 82425 422222 537129 resp 540796 995 pmu 974229 956305 7907660 13797547 1103372145
1790359197.104827 W 415 lat 314 3592 8777 0 exe 69537 408444 531888 resp 535425 993 pmu 965929 958682 7828443 13740351 1069539605
1790359198.148763 W 416 lat 462 3611 9703 0 exe 68481 406666 539425 resp 542370 993 pmu 956440 945336 7740804 13552605 1061508445
1790359199.092794 W 417 lat 314 3499 8037 0 exe 76425 412129 532870 resp 536259 996 pmu 956223 946347 7773671 13616171 1075662105
1790359200.132788 W 418 lat 351 3481 8925 0 exe 79222 405518 532537 resp 535851 992 pmu 956598 946356 7759798 13610392 1059970013
1790359201.180768 W 419 lat 351 3814 8055 0 exe 85222 429999 540259 resp 544055 998 pmu 976527 970484 7916615 13592112 1121279946
1790359202.120791 W 420 lat 333 3314 7499 0 exe 82407 411444 525814 resp 530962 996 pmu 972479 956123 7875491 13821386 1078716528
1790359203.164771 W 421 lat 296 3481 9574 0 exe 86685 425462 539240 resp 541907 996 pmu 980666 969419 7979322 13571508 1113813393
1790359204.104784 W 422 lat 425 3611 9388 0 exe 76333 428629 540703 resp 543851 994 pmu 968810 944057 7853336 13795886 1113562100
1790359205.156816 W 423 lat 351 3611 8796 0 exe 77833 421111 529259 resp 532851 988 pmu 974852 963916 7907814 13777247 1100393648
1790359206.096769 W 424 lat 333 3759 8222 0 exe 71851 422574 537703 resp 541518 991 pmu 974207 955299 7907195 13631722 1103069622
1790359207.140804 W 425 lat 333 3518 9222 0 exe 71296 417777 530425 resp 533499 991 pmu 965272 935461 7825278 13692412 1089236143
1790359208.084724 W 426 lat 314 3555 8055 0 exe 73907 414574 533703 resp 536407 989 pmu 971711 951064 7870863 13593003 1084387745
1790359209.132651 W 427 lat 296 3240 8703 0 exe 67129 371925 532685 resp 535888 987 pmu 932372 871669 7575372 13615229 974009054
1790359210.176669 W 428 lat 518 3740 9462 0 exe 86629 422037 541777 resp 545481 993 pmu 970726 945677 7872813 13362055 1100182593
1790359211.112765 W 429 lat 481 3666 8851 0 exe 74611 422703 532185 resp 536648 989 pmu 973478 960884 7895996 13810877 1103733857
1790359212.156821 W 430 lat 481 3611 7796 0 exe 80407 425981 537444 resp 540351 988 pmu 969972 948627 7876352 13658442 1109572888
1790359213.100825 W 431 lat 296 3240 8759 0 exe 35648 385222 562999 resp 567129 968 pmu 936584 898100 7590037 13742971 1006142631
1790359214.156765 W 432 lat 314 2925 7518 0 exe 77111 361685 565537 resp 568944 986 pmu 893171 856296 7219919 13579050 939085946
1790359215.100851 W 433 lat 296 2999 7629 0 exe 78425 378481 564740 resp 568074 986 pmu 912667 887632 7395819 13682884 986443301
1790359216.156801 W 434 lat 314 2907 7555 0 exe 77703 364370 562074 resp 567203 985 pmu 895301 858492 7260931 13765960 948630531
1790359217.100674 W 435 lat 296 2833 7111 0 exe 78759 364222 561111 resp 563981 988 pmu 900835 865871 7297439 13673259 948718061
1790359218.152790 W 436 lat 314 3129 7629 0 exe 75407 382574 555851 resp 559518 988 pmu 913278 885886 7422922 13654219 994941890
1790359219.100790 W 437 lat 351 2944 6611 0 exe 63388 367222 533518 resp 538018 987 pmu 904797 872559 7335796 13684738 958164041
1790359220.140503 W 438 lat 296 555 5740 0 exe 12962 47722 529425 resp 532703 78 pmu 805971 88894 6494938 13320241 131106720
1790359221.076490 W 439 lat 296 296 592 0 exe 12888 13777 65962 resp 66259 0 pmu 790119 5821 6385293 11406354 38373729
1790359222.120683 W 440 lat 296 2314 6333 0 exe 12944 299388 427055 resp 430259 881 pmu 958935 867756 7793050 6562239 781830321
1790359223.160678 W 441 lat 981 2592 5111 0 exe 144166 338037 396351 resp 398499 1000 pmu 995536 985800 8072470 11655518 885967755
1790359224.096694 W 442 lat 981 2537 5796 0 exe 260277 339574 400055 resp 403407 1000 pmu 994500 985715 8063808 12191310 889836013
1790359225.136659 W 443 lat 574 2574 5814 0 exe 151314 336333 403203 resp 406314 1000 pmu 990753 980706 8030222 12825617 881947132
1790359226.176668 W 444 lat 1333 2592 6203 0 exe 300629 341796 387870 resp 392296 1000 pmu 994624 993793 8059784 12293047 894984551
1790359227.116688 W 445 lat 407 2518 7666 0 exe 118092 341518 390703 resp 393629 1000 pmu 997257 998194 8086262 12926277 895373767
1790359228.156681 W 446 lat 981 2481 5166 0 exe 204203 339148 389796 resp 393962 1000 pmu 993530 989507 8052676 12035398 888042989
1790359229.096874 W 447 lat 611 2592 14277 0 exe 117703 341944 404999 resp 407074 1000 pmu 997086 997774 8085492 12441293 895718848
1790359230.136652 W 448 lat 907 2499 4944 0 exe 244259 338055 394648 resp 396981 1000 pmu 996271 995893 8075966 12208685 885416533
1790359231.077320 W 449 lat 962 2518 5666 0 exe 201518 336814 401648 resp 406518 1000 pmu 993989 990806 8059049 12674163 881876608
1790359232.116679 W 450 lat 833 2518 6499 0 exe 178111 336833 403962 resp 407203 1000 pmu 996427 994421 8074524 12540733 883266071
1790359233.156618 W 451 lat 1259 2611 5222 0 exe 288777 337944 410166 resp 413629 1000 pmu 996882 997105 8081266 12442298 886259213
1790359234.092673 W 452 lat 518 2537 5592 0 exe 182925 334611 395907 resp 398388 1000 pmu 994545 992539 8060013 13060622 878857479
1790359235.136694 W 453 lat 1092 2499 6259 0 exe 181999 336185 388833 resp 392388 1000 pmu 995510 994178 8068893 12365007 881916387
1790359236.076696 W 454 lat 759 2537 6462 0 exe 232518 336518 391296 resp 394037 1000 pmu 996250 996461 8080046 12308931 882840926
1790359237.128684 W 455 lat 1259 2592 5962 0 exe 292092 337685 395851 resp 398518 1000 pmu 997016 997046 8080481 12583165 885619891
1790359238.076664 W 456 lat 870 2555 6037 0 exe 178907 332888 391907 resp 394555 1000 pmu 994006 989966 8053711 12932438 874566544
1790359239.120656 W 457 lat 1111 2537 5314 0 exe 270314 338518 397648 resp 401425 1000 pmu 997478 998344 8089662 12301289 887349417
1790359240.172670 W 458 lat 888 2574 6388 0 exe 194833 335740 399574 resp 402555 1000 pmu 996115 993571 8074380 12846955 881305279
1790359241.124655 W 459 lat 722 2592 6203 0 exe 176981 333296 396481 resp 399055 1000 pmu 994899 987359 8069175 12475424 875020081
1790359242.180678 W 460 lat 1111 2592 5685 0 exe 157037 333296 406055 resp 410407 1000 pmu 998130 991853 8090817 12339304 875285741
1790359243.120671 W 461 lat 1037 2574 5518 0 exe 264074 337111 395462 resp 398481 1000 pmu 997982 995037 8097342 12343417 884352444
1790359244.172672 W 462 lat 703 2592 5685 0 exe 124666 332574 413722 resp 416240 1000 pmu 994296 988471 8058213 12783919 873658317
1790359245.116653 W 463 lat 388 2370 5851 0 exe 243999 338981 402666 resp 404740 1000 pmu 997641 998185 8089910 12243542 888608077
1790359246.160675 W 464 lat 462 2462 4851 0 exe 140407 334074 397203 resp 399740 1000 pmu 990846 986899 8029048 12757514 876586807
1790359247.100593 W 465 lat 666 2537 5240 0 exe 188611 337425 398388 resp 402185 1000 pmu 995580 985802 8067368 12158589 884273489
1790359248.136665 W 466 lat 1111 2555 6962 0 exe 145203 341222 398407 resp 400148 1000 pmu 996925 995934 8084285 12437867 894224177
1790359249.176659 W 467 lat 1074 2592 5407 0 exe 273499 342462 390648 resp 393944 1000 pmu 997261 998095 8086711 12240590 897071372
1790359250.112746 W 468 lat 685 2537 5148 0 exe 162222 339499 401259 resp 404111 1000 pmu 995647 991625 8065716 12810790 890177104
1790359251.152685 W 469 lat 962 2518 5555 0 exe 189648 338370 398555 resp 401777 1000 pmu 996988 990263 8089094 12339819 887328635
1790359252.088668 W 470 lat 962 2574 6407 0 exe 205907 339611 404944 resp 408481 1000 pmu 996057 992317 8076295 12449647 890402793
1790359253.132668 W 471 lat 1092 2555 6518 0 exe 314240 342648 401296 resp 404574 1000 pmu 997341 997592 8082388 12607004 897533872
1790359254.172665 W 472 lat 425 2481 5555 0 exe 119314 338314 399574 resp 402092 1000 pmu 994012 990878 8059792 13127184 887470137
1790359255.108665 W 473 lat 777 2518 5277 0 exe 275074 341574 394111 resp 398037 1000 pmu 998352 995806 8092320 12101294 894425216
1790359256.148662 W 474 lat 537 2611 5944 0 exe 226703 338833 400388 resp 405351 1000 pmu 998409 991899 8089869 12849417 889086802
1790359257.084668 W 475 lat 444 2537 5574 0 exe 125740 337907 396759 resp 399666 1000 pmu 995484 987794 8072150 12664387 886047249
1790359258.124664 W 476 lat 1148 2499 5333 0 exe 118611 340592 398851 resp 401925 1000 pmu 996305 994652 8075769 12105962 892586102
1790359259.164667 W 477 lat 1055 2518 6629 0 exe 300129 342648 404611 resp 406166 1000 pmu 996660 996736 8079830 12107371 896866375
1790359260.100680 W 478 lat 814 2574 5499 0 exe 190703 338740 399481 resp 402888 1000 pmu 993907 991013 8055376 13081430 888098234
1790359261.144600 W 479 lat 1148 2537 5666 0 exe 278092 341296 395870 resp 399907 1000 pmu 997285 995372 8084353 12465986 894106971
1790359262.076715 W 480 lat 574 2499 4962 0 exe 116944 335888 403759 resp 406314 1000 pmu 996506 991503 8078110 12885380 881683078
1790359263.116680 W 481 lat 814 2537 7074 0 exe 167962 337833 405925 resp 408925 1000 pmu 995220 987205 8070135 12117211 885485087
1790359264.156689 W 482 lat 907 2592 6481 0 exe 119648 339388 407481 resp 413962 1000 pmu 997247 994079 8091151 12417858 889885272
1790359265.092691 W 483 lat 722 2555 5518 0 exe 286518 342074 402833 resp 406537 1000 pmu 997033 997089 8082896 12214883 895832664
1790359266.132676 W 484 lat 388 2518 5407 0 exe 117685 337796 392907 resp 396518 1000 pmu 993462 989882 8056957 12996365 885883462
1790359267.172688 W 485 lat 1240 2592 5592 0 exe 274407 342203 400407 resp 403222 1000 pmu 997762 996506 8092681 12028878 896063316
1790359268.112687 W 486 lat 574 2592 6499 0 exe 120888 339740 399074 resp 402462 1000 pmu 998594 993436 8097111 12910799 891088764
1790359269.152702 W 487 lat 1111 2537 5833 0 exe 273666 341703 408611 resp 411962 1000 pmu 998110 995898 8090787 12121758 894985611
1790359270.088662 W 488 lat 481 2499 6018 0 exe 113925 338333 392203 resp 395999 1000 pmu 994060 990441 8059325 12989708 887149816
1790359271.128661 W 489 lat 1240 2611 6537 0 exe 275962 341629 403740 resp 406185 1000 pmu 997138 996125 8080169 12009811 894490331
1790359272.168686 W 490 lat 388 2555 15666 0 exe 116185 338203 409944 resp 412148 1000 pmu 998499 993573 8095404 12951996 886262498
1790359273.108714 W 491 lat 796 2555 5592 0 exe 182277 334444 395851 resp 397962 1000 pmu 995419 987520 8073265 12238059 876672620
1790359274.148677 W 492 lat 518 2574 5777 0 exe 246518 337648 393518 resp 396259 1000 pmu 997471 997358 8084723 12360108 885543190
1790359275.084673 W 493 lat 1185 2629 6277 0 exe 291074 337740 391925 resp 394481 1000 pmu 996658 996502 8080294 12676756 885776446
1790359276.124648 W 494 lat 703 2518 5259 0 exe 190351 334259 399425 resp 403666 1000 pmu 994428 990254 8061094 12889343 877419934
1790359277.164671 W 495 lat 1092 2574 5851 0 exe 237907 334462 403333 resp 406944 1000 pmu 997140 992495 8078155 12443459 878144350
1790359278.104684 W 496 lat 962 2611 5518 0 exe 259129 336333 407444 resp 411166 1000 pmu 998555 995848 8103874 12723411 882715753
1790359279.144676 W 497 lat 444 2555 6629 0 exe 121203 329092 409407 resp 412333 1000 pmu 993858 986760 8056016 12878421 865403594
1790359280.080670 W 498 lat 1240 2574 5203 0 exe 272074 338259 394407 resp 396499 1000 pmu 997687 997002 8086487 12170808 887004272
1790359281.120684 W 499 lat 870 2537 4981 0 exe 165333 336592 391759 resp 393814 1000 pmu 996254 995622 8071586 12813875 883445830
1790359282.160501 W 500 lat 296 592 4703 0 exe 12796 57018 393037 resp 396870 136 pmu 816667 144268 6579272 12239554 151453195
1790359283.096492 W 501 lat 296 296 407 0 exe 12814 13925 90740 resp 91037 0 pmu 790397 7420 6381955 10086088 37954899
1790359284.140749 W 502 lat 296 2351 9851 0 exe 12907 300981 587314 resp 593333 727 pmu 884052 756930 7173249 6808850 770039302
1790359285.180827 W 503 lat 296 3703 8574 0 exe 83759 462611 584296 resp 588851 982 pmu 969980 974468 7857035 13297586 1181422111
1790359286.116589 W 504 lat 296 3074 8907 0 exe 19203 380111 562111 resp 566907 826 pmu 949731 852951 7678439 14422640 978100437
1790359287.160964 W 505 lat 296 1277 7611 0 exe 16148 178203 597574 resp 601981 312 pmu 827853 442071 6721273 13463531 473597348
1790359288.096579 W 506 lat 296 3722 9925 0 exe 68074 500222 596666 resp 600666 971 pmu 967389 970269 7825961 12777981 1275855841
1790359289.140583 W 507 lat 296 999 5703 0 exe 12981 156722 453370 resp 457037 441 pmu 806213 665262 6534442 14658985 443192703
1790359290.180841 W 508 lat 277 2129 8259 0 exe 27092 274351 630907 resp 635314 651 pmu 862432 668594 6990678 11197134 710876788
1790359291.116717 W 509 lat 296 2703 8277 0 exe 37814 362518 569981 resp 573703 930 pmu 912814 885099 7399320 13654127 941857297
1790359292.156638 W 510 lat 314 3296 7722 0 exe 90425 419388 551685 resp 556499 999 pmu 962737 934901 7791284 13539155 1075306428
1790359293.092661 W 511 lat 296 1277 5203 0 exe 20703 166240 477870 resp 481685 408 pmu 821861 498086 6658017 13907615 456075790
1790359294.132759 W 512 lat 296 3296 7666 0 exe 56851 421074 587833 resp 593129 933 pmu 923061 896980 7463834 11528702 1070978419
1790359295.176569 W 513 lat 296 777 4740 0 exe 18648 126277 440222 resp 443796 368 pmu 790266 601078 6406912 14111516 349963108
1790359296.112661 W 514 lat 296 2240 7666 0 exe 44592 293203 545518 resp 550648 830 pmu 869775 793379 7054801 10935822 767275873
1790359297.152892 W 515 lat 333 3759 7203 0 exe 109444 474129 616351 resp 620944 1000 pmu 979639 984771 7938856 12983505 1206395362
1790359298.092586 W 516 lat 296 2129 6814 0 exe 21685 262296 564888 resp 568462 627 pmu 879567 661942 7108747 14922453 690226975
1790359299.132807 W 517 lat 296 2611 9129 0 exe 16240 337296 653611 resp 657648 693 pmu 890256 719569 7222383 12894754 877745122
1790359300.172632 W 518 lat 296 2944 7407 0 exe 51537 377092 642962 resp 647462 858 pmu 888296 839635 7176793 14146453 963016746
1790359301.120837 W 519 lat 296 851 5629 0 exe 28259 123166 494944 resp 498870 343 pmu 791489 565596 6424183 14409350 343775971
1790359302.164831 W 520 lat 296 2870 7666 0 exe 76074 368685 575018 resp 578425 933 pmu 899751 894208 7292497 11522505 963373092
1790359303.108865 W 521 lat 537 3851 9499 0 exe 179888 480629 590055 resp 594148 1000 pmu 981422 986923 7950844 13807878 1222455562
1790359304.160561 W 522 lat 296 1444 7111 0 exe 15425 177629 565092 resp 569814 497 pmu 839216 497044 6777259 15054212 480794139
1790359305.116860 W 523 lat 296 3148 7574 0 exe 15833 400962 602833 resp 608018 864 pmu 918429 853654 7440210 12446357 1031230907
1790359528.263046 <missed 23893 bytes of console log>
1790359528.263901 4 KB, 1024 loads/period, window 1000
1790359528.263958 W 0 lat 333 481 1240 0 exe 53462 82240 189777 resp 191018 163 pmu 1024180 618654 8337624 5308059 132385315
1790359528.264012 W 1 lat 296 314 999 0 exe 48925 61166 146722 resp 147222 31 pmu 1024227 527340 8337293 8352028 149785292
1790359528.264064 W 2 lat 296 296 592 0 exe 49518 59388 119407 resp 119740 11 pmu 1024280 512958 8333924 7787485 147816904
1790359528.264115 W 3 lat 296 314 351 0 exe 44240 56981 94703 resp 95018 0 pmu 1024284 484624 8339648 7505448 141111479
1790359528.264166 W 4 lat 296 314 537 0 exe 45388 59222 124222 resp 124629 11 pmu 1024177 510928 8332465 7218529 147062294
1790359528.264216 W 5 lat 296 314 333 0 exe 48111 54018 81407 resp 81722 0 pmu 1024222 449579 8332452 7532200 133974890
1790359528.264275 W 6 lat 296 499 4833 0 exe 47666 133925 496814 resp 498814 392 pmu 1023978 877652 8335820 7091144 391499506
1790359528.264327 W 7 lat 296 314 2074 0 exe 49277 63148 414685 resp 416759 10 pmu 1024305 541646 8338575 11673802 160163983
1790359528.264388 W 8 lat 296 314 1444 0 exe 49944 66796 153203 resp 154388 85 pmu 1024252 592224 8338306 10492370 170166532
1790359528.264439 W 9 lat 296 296 333 0 exe 46240 53499 70259 resp 70592 0 pmu 1024145 443372 8328681 7891190 132786050
1790359528.264461 Closing cell "rt-bench"
1790359528.264485 [MG] Initializing memguard on CPU 3
1790359528.264509 [SMMUv2] Exiting SMMUv2 on cell 1
1790359528.264562 [COL] Colored OP 1: PHYS 0x30000000 -> VIRT 0x00000000 (SIZE: 0x00400000, COL: 0x000000ff, extra: 0x0000000000000000)
1790359528.264586 [COL] Result: 0
1790359528.264638 [COL] Colored OP 4: PHYS 0x30000000 -> VIRT 0x00000000 (SIZE: 0x00400000, COL: 0x000000ff, extra: 0x0000000000000001)
1790359528.264658 [COL] Result: 0
1790359528.264693 Page pool usage after cell destruction: mem 85/4061, remap 5/131072
1790359528.264718 [MG] Initializing memguard on CPU 3
1790359528.264743 [MG] Initializing memguard on CPU 2
1790359528.264767 [MG] Initializing memguard on CPU 3
1790359528.264791 [MG] Initializing memguard on CPU 2
1790359528.264815 [MG] Initializing memguard on CPU 3
1790359528.264835 Created cell "rt-bench"
1790359528.264869 Page pool usage after cell creation: mem 94/4061, remap 5/131072
1790359528.264894 [MG] Initializing memguard on CPU 2
1790359528.264918 [MG] Initializing memguard on CPU 3
1790359528.264940 Cell "rt-bench" can be loaded
1790359528.264960 Started cell "rt-bench"
1790359528.264984 [MG] Initializing memguard on CPU 2
1790359528.265008 [MG] Initializing memguard on CPU 3
1790359528.265038 rt-bench: ws 768 KB, 1024 loads/period, window 1000
1790359529.300471 W 0 lat 314 462 1018 0 exe 17851 21611 123777 resp 124092 2 pmu 791821 27068 6388734 5307442 37581666
1790359530.236460 W 1 lat 296 296 703 0 exe 12888 15425 104796 resp 105462 1 pmu 789099 21058 6368428 7204703 39446547
1790359531.276423 W 2 lat 296 296 333 0 exe 12907 13277 14111 resp 14407 0 pmu 790811 121 6381713 6958372 33971756
1790359532.316450 W 3 lat 296 296 574 0 exe 12814 13925 81574 resp 82148 0 pmu 790216 7403 6372790 6037025 35536319
1790359533.252423 W 4 lat 296 296 333 0 exe 12870 13259 13833 resp 14166 0 pmu 788735 78 6363125 6717073 33780165
1790359534.296479 W 5 lat 296 296 407 0 exe 12925 13870 78925 resp 79240 0 pmu 787633 7036 6353458 6034198 35332675
1790359535.236469 W 6 lat 296 481 6777 0 exe 13018 40814 498907 resp 502129 61 pmu 789446 93141 6373503 6689067 105410968
1790359536.276463 W 7 lat 296 296 462 0 exe 13574 14759 67833 resp 68203 0 pmu 789171 16838 6362794 11071338 40831213
1790359537.316430 W 8 lat 296 296 425 0 exe 13740 14870 73166 resp 73462 0 pmu 789412 18149 6363215 6586200 38102725
1790359538.252477 W 9 lat 296 296 388 0 exe 13851 14388 15296 resp 15592 0 pmu 789841 12625 6372336 6640219 36633415
1790359539.292455 W 10 lat 296 296 611 0 exe 13666 15388 68018 resp 68333 0 pmu 787917 24097 6354713 6059564 39537326
1790359540.332459 W 11 lat 296 296 388 0 exe 13648 14388 15499 resp 15796 0 pmu 789868 12624 6371390 6592183 36602446
1790359541.272428 W 12 lat 296 296 574 0 exe 13759 15407 76925 resp 77499 0 pmu 788787 24060 6362061 6060649 39689150
1790359542.312495 W 13 lat 296 296 388 0 exe 13703 14407 15259 resp 15574 0 pmu 789786 12683 6372129 6682942 36713981
1790359543.248431 W 14 lat 296 296 740 0 exe 13740 15333 72685 resp 73018 0 pmu 790491 23411 6373042 6058741 39425547
1790359544.288431 W 15 lat 296 296 407 0 exe 13759 14388 15962 resp 16259 0 pmu 788972 12654 6356086 6639535 36717702
1790359545.328454 W 16 lat 296 296 555 0 exe 13666 15370 65796 resp 66259 0 pmu 788954 23736 6359110 6066035 39538078
1790359546.264431 W 17 lat 296 296 407 0 exe 13777 14407 15370 resp 15666 0 pmu 790885 12622 6379760 6570410 36664816
1790359547.304456 W 18 lat 296 296 425 0 exe 13722 15314 71018 resp 71425 0 pmu 789086 22981 6365594 6060247 39359287
1790359548.240428 W 19 lat 296 296 370 0 exe 13703 14388 15388 resp 15703 0 pmu 790202 12532 6371598 6621513 36641117
1790359549.280461 W 20 lat 296 296 481 0 exe 13685 15388 73055 resp 73388 0 pmu 789086 23940 6372630 6059710 39553884
1790359550.320434 W 21 lat 296 296 388 0 exe 13796 14370 15370 resp 15666 0 pmu 788108 12614 6355465 6642000 36610033
1790359551.256459 W 22 lat 296 296 481 0 exe 13685 15277 72351 resp 72833 0 pmu 788178 22887 6358867 6059881 39267635
1790359552.296435 W 23 lat 296 296 333 0 exe 13722 14388 15351 resp 15648 0 pmu 790684 12565 6378772 6635294 36667517
1790359553.336458 W 24 lat 296 296 407 0 exe 13685 15370 68851 resp 69240 0 pmu 790125 23788 6371114 6059359 39493380
1790359554.272430 W 25 lat 296 296 407 0 exe 13703 14388 15203 resp 15518 0 pmu 789574 12615 6366708 6599758 36602315
1790359555.312458 W 26 lat 296 296 425 0 exe 13777 15277 72611 resp 72907 0 pmu 788227 22817 6359378 6058149 39304352
1790359556.248429 W 27 lat 296 296 481 0 exe 13777 14388 15388 resp 15685 0 pmu 789484 12522 6371519 6637122 36614441
1790359557.288458 W 28 lat 296 296 629 0 exe 13703 15407 67740 resp 68037 0 pmu 789848 23957 6373015 6060666 39582292
1790359558.328438 W 29 lat 277 296 407 0 exe 13629 14370 15333 resp 15629 0 pmu 788097 12628 6354078 6589675 36651845
1790359559.264458 W 30 lat 296 296 462 0 exe 13629 15296 72796 resp 73185 0 pmu 789287 22999 6367560 6058881 39341409
1790359560.304436 W 31 lat 296 296 425 0 exe 13759 14388 15259 resp 15574 0 pmu 788916 12656 6359086 6638963 36714012
1790359561.240457 W 32 lat 296 296 444 0 exe 13777 15351 65592 resp 65907 0 pmu 790113 23576 6370445 6059128 39472566
1790359562.280437 W 33 lat 277 296 537 0 exe 13814 14388 15351 resp 15648 0 pmu 790112 12679 6373457 6567478 36683886
1790359563.320457 W 34 lat 296 296 425 0 exe 13759 15296 72851 resp 73166 0 pmu 789983 22923 6374638 6060763 39307509
1790359564.256433 W 35 lat 296 296 407 0 exe 13796 14370 15351 resp 15648 0 pmu 789654 12463 6369032 6639639 36600113
1790359565.296457 W 36 lat 296 296 629 0 exe 13703 15351 66240 resp 66777 0 pmu 789427 23558 6369619 6059926 39518658
1790359566.336438 W 37 lat 296 296 388 0 exe 13870 15148 16203 resp 16518 0 pmu 789469 21112 6364642 6575717 38491528
1790359567.272457 W 38 lat 296 296 518 0 exe 13685 15759 66796 resp 67111 0 pmu 789816 28191 6369641 6072685 40510202
1790359568.312431 W 39 lat 296 296 370 0 exe 13666 14351 15481 resp 15777 0 pmu 788909 12337 6363251 6581400 36535765
1790359569.248459 W 40 lat 296 296 425 0 exe 13740 15333 72888 resp 73222 0 pmu 789508 23504 6367235 6060332 39413280
1790359570.288433 W 41 lat 296 296 555 0 exe 13796 14370 15444 resp 15740 0 pmu 789548 12591 6366366 6639953 36662563
1790359571.328458 W 42 lat 296 296 425 0 exe 13703 15333 65277 resp 65629 0 pmu 788892 23651 6364889 6061696 39495715
1790359572.264438 W 43 lat 296 296 407 0 exe 13944 15370 16629 resp 16925 0 pmu 789585 23507 6365572 6564011 39048403
1790359573.304457 W 44 lat 296 296 481 0 exe 13648 15296 68703 resp 68999 0 pmu 789578 23049 6369400 6078406 39347494
1790359574.244423 W 45 lat 277 296 333 0 exe 13833 14388 15240 resp 15537 0 pmu 788700 12721 6357055 6597717 36625040
1790359575.284458 W 46 lat 296 296 444 0 exe 13648 15388 64444 resp 64796 0 pmu 788909 24054 6365830 6058607 39620186
1790359576.324432 W 47 lat 296 296 407 0 exe 13611 14388 15388 resp 15685 0 pmu 789426 12613 6364429 6555626 36607301
1790359577.260459 W 48 lat 296 296 1055 0 exe 13574 15296 71925 resp 72259 0 pmu 789000 22954 6361517 6059434 39370394
1790359578.300433 W 49 lat 296 296 333 0 exe 13777 14388 15425 resp 15740 0 pmu 789792 12460 6363292 6632610 36653419
1790359579.236459 W 50 lat 296 296 425 0 exe 13759 15388 67370 resp 67759 0 pmu 788899 24105 6363927 6060401 39813410
1790359580.276430 W 51 lat 296 296 351 0 exe 13740 14370 15166 resp 15481 0 pmu 786476 12724 6340500 6585551 36600955
1790359581.316456 W 52 lat 277 296 499 0 exe 13666 15425 64555 resp 64851 0 pmu 788458 24727 6362175 6057494 39725913
1790359582.252475 W 53 lat 296 296 407 0 exe 13722 14388 15388 resp 15685 0 pmu 789931 12642 6366701 6557077 36639847
1790359583.292459 W 54 lat 296 296 425 0 exe 13722 15277 71592 resp 71907 0 pmu 789704 22899 6368667 6060100 39348047
1790359584.332435 W 55 lat 296 296 425 0 exe 13685 14370 15351 resp 15648 0 pmu 787575 12539 6354839 6626679 36679070
1790359585.268461 W 56 lat 277 296 499 0 exe 13611 15314 73833 resp 74259 0 pmu 789361 23252 6369819 6059592 39407210
1790359586.308432 W 57 lat 296 296 351 0 exe 13777 14370 15351 resp 15648 0 pmu 788167 12603 6364051 6649566 36650799
1790359587.244457 W 58 lat 296 296 537 0 exe 13685 15277 71296 resp 71796 0 pmu 788817 22915 6365201 6059654 39304415
1790359588.284431 W 59 lat 296 296 481 0 exe 13814 14407 15462 resp 15759 0 pmu 791088 12577 6383945 6625086 36693181
1790359589.324456 W 60 lat 296 296 518 0 exe 13740 15277 70537 resp 70851 0 pmu 789249 22758 6365613 6061678 39374942
1790359590.260435 W 61 lat 296 296 370 0 exe 13629 14592 16277 resp 16592 0 pmu 789278 14997 6367618 6616753 37124461
1790359591.300457 W 62 lat 296 296 425 0 exe 13740 15462 66611 resp 66925 0 pmu 789357 24992 6367850 6069493 39899133
1790359592.236429 W 63 lat 296 296 388 0 exe 13722 14407 15407 resp 15703 0 pmu 789796 12748 6366423 6577960 36649596
1790359593.276457 W 64 lat 296 296 462 0 exe 13777 15314 70388 resp 70703 0 pmu 790763 23083 6376648 6060320 39323902
1790359594.316455 W 65 lat 296 296 481 0 exe 12981 15166 59796 resp 60111 0 pmu 787604 21890 6352896 6615261 38955730
1790359595.252447 W 66 lat 296 296 407 0 exe 12870 13888 75592 resp 75907 0 pmu 789548 7189 6378786 6504730 35677933
1790359596.239202 Closing cell "rt-bench"
1790359596.239290 [MG] Initializing memguard on CPU 2
1790359596.239340 [MG] Initializing memguard on CPU 3
1790359596.239528 [SMMUv2] Exiting SMMUv2 on cell 1
1790359596.239622 Page pool usage after cell destruction: mem 83/4061, remap 5/131072
1790359596.239666 [MG] Initializing memguard on CPU 2
1790359596.239729 [MG] Initializing memguard on CPU 3
1790359596.239772 [MG] Initializing memguard on CPU 2
1790359596.239811 [MG] Initializing memguard on CPU 3
1790359596.239901 [COL] Colored OP 0: PHYS 0x30000000 -> VIRT 0x00000000 (SIZE: 0x00400000, COL: 0x000000ff, extra: 0x0000000000000000)
1790359596.239937 [COL] Result: 0
1790359596.239974 [MG] Initializing memguard on CPU 2
1790359596.240022 [MG] Initializing memguard on CPU 3
1790359596.240057 Created cell "rt-bench"
1790359596.240109 Page pool usage after cell creation: mem 98/4061, remap 5/131072
