1790358780.804709 CONFIG performance 2400000
1790358787.133293 START e3 idle 1
1790358847.140120 END e3 idle 1 0
1790358849.161442 START e3 cache 1
1790358909.186844 END e3 cache 1 0
1790358911.205818 START e3 stream 1
1790358971.265134 END e3 stream 1 0
1790358973.283922 START e3 vm 1
1790359033.313450 END e3 vm 1 0
1790359035.332009 START e3 pwalk 1
1790359095.085178 END e3 pwalk 1 0
1790359097.107765 START e3 idle 2
1790359157.113814 END e3 idle 2 0
1790359159.131750 START e3 cache 2
1790359219.155635 END e3 cache 2 0
1790359221.174889 START e3 stream 2
1790359281.212155 END e3 stream 2 0
1790359283.231281 START e3 vm 2
1790359527.993818 CONFIG performance 2400000
1790359534.303203 END e3 vm 2 hang
1790359534.325665 START e3 pwalk 2
1790359594.068180 END e3 pwalk 2 0
