1790891567.482153 <missed 111059 bytes of console log>
1790891567.482232 7876
1790891567.482283 W 249 lat 296 555 3925 0 exe 36962 70648 183351 resp 185055 105 pmu 873660 512123 7084961 9006022 212218441
1790891567.482339 W 250 lat 296 777 4722 0 exe 34870 112314 334870 resp 338092 403 pmu 900601 634905 7297940 8164498 310857831
1790891567.482391 W 251 lat 296 1740 6888 0 exe 21814 167444 460944 resp 464518 591 pmu 909359 681378 7358529 9890917 439909599
1790891567.482442 W 252 lat 296 1148 6370 0 exe 30129 109148 356722 resp 361777 384 pmu 876742 572795 7097941 11378973 305563066
1790891567.482492 W 253 lat 296 666 5629 0 exe 22833 77240 224481 resp 226222 218 pmu 862740 475609 6992232 10088333 228381707
1790891567.482544 W 254 lat 296 666 4574 0 exe 28129 88185 340407 resp 343055 253 pmu 890966 565904 7228912 8547022 257813007
1790891567.482593 W 255 lat 296 407 4425 0 exe 12814 30259 242462 resp 246888 57 pmu 809487 122449 6516026 9786188 83428312
1790891567.482640 W 256 lat 296 296 425 0 exe 12851 13722 21351 resp 21648 0 pmu 788192 5296 6352065 8447030 36974168
1790891567.482664 [MG] memguard_call 0 0 0 (CPU 0)
1790891567.482686 [MG] memguard_call 0 0 0 (CPU 1)
1790891567.482708 [MG] memguard_call 0 0 0 (CPU 2)
1790891567.482728 Closing cell "rt-bench"
1790891567.482751 [MG] Initializing memguard on CPU 3
1790891567.482773 [SMMUv2] Exiting SMMUv2 on cell 1
1790891567.482807 Page pool usage after cell destruction: mem 77/4061, remap 5/131072
1790891567.482831 [MG] Initializing memguard on CPU 3
1790891567.482854 [MG] Initializing memguard on CPU 3
1790891567.482905 [COL] Colored OP 0: PHYS 0x30000000 -> VIRT 0x00000000 (SIZE: 0x00400000, COL: 0x000000ff, extra: 0x0000000000000000)
1790891567.482923 [COL] Result: 0
1790891567.482946 [MG] Initializing memguard on CPU 3
1790891567.482965 Created cell "rt-bench"
1790891567.482998 Page pool usage after cell creation: mem 98/4061, remap 5/131072
1790891567.483050 [COL] Colored OP 3: PHYS 0x30000000 -> VIRT 0x00000000 (SIZE: 0x00400000, COL: 0x000000ff, extra: 0x0000000000000000)
1790891567.483075 [MG] Initializing memguard on CPU 3
1790891567.483091 [COL] Result: 0
1790891567.483112 Cell "rt-bench" can be loaded
1790891567.483162 [COL] Colored OP 2: PHYS 0x30000000 -> VIRT 0x00000000 (SIZE: 0x00400000, COL: 0x000000ff, extra: 0x0000000000000000)
1790891567.483181 [COL] Result: 0
1790891567.483231 [COL] Colored OP 4: PHYS 0x30000000 -> VIRT 0x00000000 (SIZE: 0x00400000, COL: 0x000000ff, extra: 0x0000000000000001)
1790891567.483249 [COL] Result: 0
1790891567.483268 Started cell "rt-bench"
1790891567.483291 [MG] Initializing memguard on CPU 3
1790891567.483320 rt-bench: ws 768 KB, 1024 loads/period, window 1000
1790891568.521574 W 0 lat 314 462 1074 0 exe 24166 34833 139407 resp 139833 49 pmu 1023477 122068 8246166 5307622 59160336
1790891569.457551 W 1 lat 296 314 777 0 exe 17333 27185 170796 resp 171296 27 pmu 1023303 121409 8250589 7459711 67737976
1790891570.497516 W 2 lat 296 296 333 0 exe 16796 19259 50222 resp 50555 0 pmu 1023418 34900 8246719 7699345 49030860
1790891571.541544 W 3 lat 296 296 462 0 exe 16518 22999 120740 resp 121092 6 pmu 1023378 78448 8249427 6447789 58239816
1790891572.477516 W 4 lat 296 296 333 0 exe 16833 19333 52296 resp 52592 0 pmu 1023516 36167 8250732 7171148 48899332
1790891573.517583 W 5 lat 296 296 537 0 exe 17203 22814 109314 resp 109648 7 pmu 1023429 76998 8252335 6468977 57781604
1790891574.487690 W 6 lat 296 462 3037 0 exe 17574 106592 408944 resp 411518 335 pmu 1022484 672594 8262989 7060769 332628473
1790891575.509543 W 7 lat 296 296 1296 0 exe 17185 28518 302388 resp 303685 17 pmu 1023207 130936 8251018 10501630 76079886
1790891575.717585 [MG] memguard_call 1000 20000 1 (CPU 0)
1790891575.717636 [MG] memguard_call 1000 20000 1 (CPU 1)
1790891575.717663 [MG] memguard_call 1000 20000 1 (CPU 2)
1790891576.549550 W 8 lat 296 296 555 0 exe 16888 29407 121277 resp 121592 34 pmu 1023007 153321 8251328 9027624 78367871
1790891577.485542 W 9 lat 296 296 425 0 exe 17499 22814 107185 resp 107518 7 pmu 1023416 77068 8250939 7210767 58353963
1790891578.525516 W 10 lat 296 296 333 0 exe 16759 19166 55425 resp 55722 0 pmu 1023468 34222 8248899 7039350 48436115
1790891579.461542 W 11 lat 296 296 370 0 exe 17037 21685 109055 resp 109425 6 pmu 1023381 63741 8252378 6499069 55126751
1790891580.501518 W 12 lat 296 296 333 0 exe 16999 19388 49407 resp 49703 0 pmu 1023425 36521 8251970 7049957 48987966
1790891581.541543 W 13 lat 296 296 444 0 exe 17222 22740 102851 resp 103166 7 pmu 1023304 76125 8246959 6441308 57686813
1790891582.477517 W 14 lat 277 296 333 0 exe 16944 19444 51962 resp 52277 0 pmu 1023447 37464 8250872 6994153 49083961
1790891583.517542 W 15 lat 296 296 333 0 exe 17148 21703 103814 resp 104148 6 pmu 1023373 64109 8251346 6466826 55143334
1790891584.557518 W 16 lat 296 296 333 0 exe 17018 19351 49555 resp 49870 0 pmu 1023475 36203 8249901 6997755 48859768
1790891585.493542 W 17 lat 296 296 944 0 exe 17111 22074 102148 resp 102944 6 pmu 1023323 68248 8248475 6442789 56045355
1790891586.533517 W 18 lat 296 296 333 0 exe 17018 19074 49074 resp 49370 0 pmu 1023416 33169 8248429 6988137 48187816
1790891587.469541 W 19 lat 296 296 407 0 exe 17092 21888 117907 resp 118222 7 pmu 1023385 66021 8255125 6436376 55501112
1790891588.509516 W 20 lat 296 296 333 0 exe 16814 19240 48962 resp 49277 0 pmu 1023466 35087 8251287 7139612 48686350
1790891589.549541 W 21 lat 296 296 518 0 exe 17092 22648 102629 resp 102962 6 pmu 1023363 75013 8248764 6435173 57421163
1790891590.485517 W 22 lat 296 296 333 0 exe 16999 19240 50777 resp 51092 0 pmu 1023462 35225 8247671 6991316 48600694
1790891591.529541 W 23 lat 296 296 425 0 exe 16962 21759 103592 resp 103925 7 pmu 1023334 64636 8245132 6454261 55248015
1790891592.465520 W 24 lat 296 296 333 0 exe 16962 19166 50222 resp 50537 0 pmu 1023458 34485 8247689 6995392 48443025
1790891593.505541 W 25 lat 296 296 425 0 exe 16999 22203 131333 resp 131666 7 pmu 1023347 69268 8246806 6448164 56246128
1790891594.545531 W 26 lat 296 296 333 0 exe 16925 19944 54481 resp 54777 0 pmu 1023432 42965 8249258 7275267 50488216
1790891595.481542 W 27 lat 296 296 425 0 exe 17018 22666 105611 resp 106018 7 pmu 1023393 74981 8249478 6494442 57489111
1790891596.521517 W 28 lat 296 296 333 0 exe 17037 19166 50703 resp 50999 0 pmu 1023474 34165 8248080 7020757 48427447
1790891597.461542 W 29 lat 296 296 833 0 exe 17129 22092 103370 resp 103703 6 pmu 1023383 68105 8249668 6453224 56058814
1790891598.501515 W 30 lat 296 296 333 0 exe 16888 18999 49222 resp 49518 0 pmu 1023460 32278 8250723 6997648 47978259
1790891599.545544 W 31 lat 296 296 425 0 exe 17240 21611 107666 resp 107981 7 pmu 1023426 62858 8251389 6436926 54847948
1790891600.481519 W 32 lat 296 296 333 0 exe 16944 19518 68629 resp 68925 0 pmu 1023452 38431 8251813 7036753 49333548
1790891601.521542 W 33 lat 296 296 425 0 exe 17148 22111 108555 resp 108870 6 pmu 1023374 68708 8252587 6633825 56218852
1790891602.457516 W 34 lat 296 296 333 0 exe 16870 19148 54185 resp 54481 0 pmu 1023438 33897 8247062 7047627 48398982
1790891603.497543 W 35 lat 296 296 481 0 exe 17074 21425 117148 resp 117462 6 pmu 1023398 60591 8249232 6487153 54417865
1790891604.537518 W 36 lat 296 296 333 0 exe 17111 19314 50925 resp 51240 0 pmu 1023436 35977 8249931 7130067 48873392
1790891605.473545 W 37 lat 296 296 537 0 exe 17166 22185 104351 resp 104888 6 pmu 1023374 69370 8247464 6456666 56279185
1790891606.513520 W 38 lat 296 296 333 0 exe 16944 19259 53814 resp 54129 0 pmu 1023447 35177 8249651 7007880 48612283
1790891607.553544 W 39 lat 296 296 574 0 exe 17055 21925 104851 resp 105277 6 pmu 1023346 66468 8249423 6484434 55667229
1790891608.489514 W 40 lat 296 296 333 0 exe 17018 19203 53888 resp 54203 0 pmu 1023448 34780 8248566 7010597 48499492
1790891609.529544 W 41 lat 296 296 462 0 exe 17111 25037 104240 resp 104555 9 pmu 1023372 103376 8247613 6485205 63456544
1790891610.465517 W 42 lat 296 296 333 0 exe 16888 19055 44462 resp 44777 0 pmu 1023415 33022 8250503 7019083 48154029
1790891611.505542 W 43 lat 296 296 351 0 exe 17129 21407 105648 resp 105962 7 pmu 1023361 60489 8249236 6389479 54339578
1790891612.545521 W 44 lat 296 296 333 0 exe 17037 19944 51462 resp 51777 0 pmu 1023440 43194 8249517 7014646 50347805
1790891613.481542 W 45 lat 296 296 555 0 exe 17314 22037 107814 resp 108129 6 pmu 1023327 67719 8243613 6464814 55942294
1790891614.521518 W 46 lat 296 296 333 0 exe 17092 19129 44777 resp 45074 0 pmu 1023464 33627 8250405 7041355 48342339
1790891615.457544 W 47 lat 296 296 537 0 exe 16759 21703 113888 resp 114407 6 pmu 1023379 63877 8249555 6394075 55049188
1790891616.497517 W 48 lat 296 296 333 0 exe 16925 19203 48296 resp 48611 0 pmu 1023450 34318 8248773 7098716 48521197
1790891617.541541 W 49 lat 296 296 425 0 exe 17111 22148 103629 resp 103944 7 pmu 1023407 69195 8249112 6428875 56200911
1790891618.477519 W 50 lat 296 296 333 0 exe 17092 19296 48833 resp 49148 0 pmu 1023465 35638 8252075 6998268 48725545
1790891619.517542 W 51 lat 296 296 425 0 exe 17296 21925 107574 resp 107962 6 pmu 1023336 66450 8248307 6435614 55641792
1790891620.557522 W 52 lat 296 296 333 0 exe 16870 19055 47462 resp 47777 0 pmu 1023352 32829 8245932 7038090 48141979
1790891621.493542 W 53 lat 296 296 425 0 exe 17092 22111 104370 resp 104685 6 pmu 1023319 68723 8244865 6419560 56112457
1790891622.533518 W 54 lat 296 296 333 0 exe 16925 19092 50129 resp 50444 0 pmu 1023424 33539 8248168 7005449 48254652
1790891623.473542 W 55 lat 296 296 574 0 exe 16999 21499 108499 resp 108814 7 pmu 1023407 61501 8247730 6446569 54534001
1790891624.521552 W 56 lat 296 314 722 0 exe 17018 42388 142277 resp 142999 33 pmu 1022830 306016 8250211 7044136 110828435
1790891625.457543 W 57 lat 296 296 425 0 exe 17555 22611 108370 resp 108685 6 pmu 1023345 74012 8249246 7489182 57932918
1790891626.497520 W 58 lat 296 296 333 0 exe 16907 19203 45574 resp 45870 0 pmu 1023493 34901 8252534 7050335 48566743
1790891627.537542 W 59 lat 296 296 981 0 exe 16685 21277 106092 resp 106592 6 pmu 1023344 59147 8249423 6401487 54020581
1790891628.473524 W 60 lat 296 296 333 0 exe 16999 19129 52240 resp 52555 0 pmu 1023453 33739 8249127 7020187 48345388
1790891629.513540 W 61 lat 296 296 444 0 exe 16833 22240 109203 resp 109518 8 pmu 1023421 70103 8253004 6468333 56436190
1790891630.553524 W 62 lat 296 296 333 0 exe 16999 19407 46833 resp 47129 0 pmu 1023436 36962 8248600 7053061 49034204
1790891631.489541 W 63 lat 296 296 499 0 exe 16814 21981 105314 resp 105740 6 pmu 1023412 67448 8247471 6415493 55784161
1790891632.529520 W 64 lat 296 296 333 0 exe 17203 19351 45240 resp 45555 0 pmu 1023449 36280 8252591 7013816 48887052
1790891633.465550 W 65 lat 296 296 425 0 exe 16759 21592 108370 resp 108796 8 pmu 1023346 62857 8254444 6400380 54800613
1790891634.505519 W 66 lat 296 296 333 0 exe 16925 19277 46703 resp 47018 0 pmu 1023412 35153 8248371 7041754 48684325
1790891635.545542 W 67 lat 296 296 444 0 exe 17055 21888 113407 resp 113722 8 pmu 1023404 65669 8248983 6413351 55456843
1790891636.481538 W 68 lat 296 296 388 0 exe 17148 21537 103037 resp 103351 1 pmu 1023437 61362 8251423 7094707 54530891
1790891637.521540 W 69 lat 296 296 537 0 exe 16685 22055 105074 resp 105611 6 pmu 1023344 67637 8245177 6989375 56253359
1790891638.465766 W 70 lat 296 1148 7018 0 exe 17314 103833 475370 resp 478444 300 pmu 1020379 383612 8258749 7013007 273888921
1790891639.505919 W 71 lat 296 1574 7462 0 exe 40222 141296 532055 resp 535592 493 pmu 1022383 418253 8287759 11177996 373935341
1790891640.457778 W 72 lat 296 2240 6574 0 exe 39388 174092 389055 resp 393129 643 pmu 1020087 419144 8285064 12054025 462519645
1790891641.505827 W 73 lat 296 2148 6537 0 exe 38703 178648 530962 resp 536240 573 pmu 1020360 442906 8288368 10785040 471732075
1790891642.549568 W 74 lat 296 1999 6537 0 exe 39333 158518 352944 resp 356629 624 pmu 1021337 401159 8288880 12229061 421816928
1790891643.497901 W 75 lat 296 2333 7148 0 exe 38888 181296 488962 resp 490907 582 pmu 1019582 437654 8284819 10342540 481320719
1790891644.549921 W 76 lat 296 1888 7203 0 exe 37999 151240 395518 resp 398611 549 pmu 1021064 406140 8287985 11810285 403423445
1790891645.489571 W 77 lat 296 2074 7537 0 exe 39055 163833 433629 resp 438722 601 pmu 1019974 430805 8285293 10725008 438720295
1790891646.556967 W 78 lat 296 2481 7314 0 exe 38999 185499 361648 resp 363907 657 pmu 1019463 421969 8287616 11187237 493009300
1790891647.493850 W 79 lat 296 1462 6851 0 exe 39037 124388 399833 resp 405018 447 pmu 1021420 408029 8281799 10561690 340892319
1790891648.549841 W 80 lat 296 2240 7814 0 exe 37907 171499 390499 resp 395111 608 pmu 1019912 415667 8283392 10645644 455116013
1790891649.501805 W 81 lat 277 2592 8333 0 exe 39499 198481 538518 resp 541574 684 pmu 1019016 452960 8294767 10788357 530968941
1790891650.545773 W 82 lat 296 2462 7592 0 exe 37685 196796 508185 resp 512925 695 pmu 1018788 449008 8271764 12408074 522447430
1790891651.493701 W 83 lat 296 2499 8814 0 exe 39388 186129 438611 resp 444555 673 pmu 1019554 422529 8285707 12091306 493687443
1790891652.545853 W 84 lat 296 2555 9555 0 exe 39259 203111 521425 resp 524685 684 pmu 1019880 452996 8290174 11363073 534223905
1790891653.497902 W 85 lat 296 2370 8870 0 exe 36611 183722 459703 resp 463962 681 pmu 1019819 422643 8284560 12265984 488389095
1790891654.553576 W 86 lat 296 2388 6740 0 exe 38981 186629 529555 resp 534851 676 pmu 1019330 452749 8282633 11539232 502767299
1790891655.493584 W 87 lat 296 2537 6240 0 exe 38981 191037 410777 resp 413537 670 pmu 1019237 425593 8284761 12258858 505445815
1790891656.541813 W 88 lat 296 1444 5999 0 exe 37796 124314 317925 resp 321074 437 pmu 1021490 416173 8284857 11077916 339567926
1790891657.481569 W 89 lat 296 2018 7259 0 exe 39796 159462 429537 resp 435018 591 pmu 1020287 410672 8288402 9805654 427342334
1790891658.533571 W 90 lat 296 2407 6833 0 exe 40648 203981 541333 resp 547074 669 pmu 1019566 459440 8287018 11128433 539750933
1790891659.477566 W 91 lat 296 1055 6037 0 exe 40314 105148 314203 resp 318074 383 pmu 1022865 387638 8280956 12473507 283366161
1790891660.526126 W 92 lat 296 1833 6722 0 exe 37592 161925 496277 resp 500111 572 pmu 1020568 425579 8290385 9686770 431587275
1790891661.469571 W 93 lat 296 1240 5777 0 exe 38740 121685 435444 resp 439962 419 pmu 1021930 398053 8283200 11784639 326346429
1790891662.521611 W 94 lat 296 1166 6370 0 exe 37444 119370 500555 resp 503833 434 pmu 1022694 403476 8281788 10976527 318890834
1790891663.461767 W 95 lat 296 1833 8203 0 exe 40259 163462 336333 resp 339092 594 pmu 1020317 402525 8285562 11606466 434468861
1790891664.513651 W 96 lat 296 1462 6777 0 exe 38907 135574 489796 resp 493962 493 pmu 1021999 409758 8285741 10208341 360286272
1790891665.461651 W 97 lat 296 2425 7685 0 exe 40203 171648 317092 resp 320925 656 pmu 1020009 415616 8288838 11595502 462244536
1790891666.509826 W 98 lat 296 1981 6685 0 exe 38555 147277 313666 resp 316870 587 pmu 1021266 411147 8283938 10062563 392074305
1790891667.457645 W 99 lat 296 2259 7777 0 exe 38388 162907 360092 resp 365888 625 pmu 1020427 410543 8283383 9888112 432405255
1790891668.509861 W 100 lat 296 2592 7333 0 exe 38722 192888 524944 resp 528037 709 pmu 1019634 447908 8289739 10449662 515966448
1790891669.553572 W 101 lat 296 2537 7962 0 exe 36870 180537 415240 resp 419537 686 pmu 1019273 421817 8287286 12235724 485185369
1790891670.501827 W 102 lat 296 2351 8259 0 exe 38666 169574 453740 resp 460203 616 pmu 1019606 434264 8286271 11076350 455717563
1790891671.549570 W 103 lat 296 1648 7111 0 exe 40740 127666 318999 resp 323555 488 pmu 1021814 398972 8284437 11426485 342070838
1790891672.493579 W 104 lat 296 2499 7925 0 exe 38925 189851 536722 resp 540685 656 pmu 1019892 451625 8290994 9861556 504771733
1790891673.545587 W 105 lat 296 2388 7870 0 exe 36999 174537 447092 resp 453259 650 pmu 1019166 431921 8288554 12346128 474327422
1790891674.497825 W 106 lat 296 2555 7666 0 exe 41314 201129 537222 resp 541999 664 pmu 1018363 481256 8279915 11373816 539772954
1790891675.553642 W 107 lat 296 2537 9888 0 exe 36296 183203 440444 resp 447981 703 pmu 1018917 427557 8281629 12422691 492188949
1790891676.501830 W 108 lat 296 2462 8814 0 exe 38518 180407 451129 resp 456833 687 pmu 1019575 437162 8285202 11364876 479717126
1790891677.549867 W 109 lat 296 3074 7537 0 exe 38722 216703 448537 resp 455259 787 pmu 1017384 447151 8284543 11454241 576555933
1790891678.501914 W 110 lat 314 3111 8944 0 exe 40129 233888 525999 resp 532462 823 pmu 1017732 486052 8289266 11612834 622024596
1790891679.553917 W 111 lat 296 3129 8870 0 exe 34851 221666 449962 resp 456481 779 pmu 1016879 465701 8281945 12486025 592185366
1790891680.505959 W 112 lat 296 3240 10314 0 exe 38833 239685 529666 resp 534629 801 pmu 1016871 495891 8278296 11638294 637778887
1790891681.553607 W 113 lat 296 2870 7314 0 exe 39814 198703 445907 resp 451185 737 pmu 1018437 431685 8286262 12545231 529921931
1790891682.501721 W 114 lat 296 2592 8018 0 exe 37629 197092 538537 resp 545222 673 pmu 1019148 464171 8288173 11492031 527440009
1790891683.545817 W 115 lat 296 2481 8370 0 exe 38166 182703 451666 resp 456574 671 pmu 1018728 437292 8286986 12408408 493587461
1790891684.489923 W 116 lat 296 2685 8870 0 exe 41166 224796 534611 resp 538037 703 pmu 1019136 571770 8299808 11463017 602277653
1790891685.545902 W 117 lat 296 3333 7925 0 exe 38444 251333 458574 resp 463277 843 pmu 1014796 504108 8268708 12514451 666995971
1790891686.489875 W 118 lat 296 3333 8796 0 exe 38629 241259 453981 resp 458518 844 pmu 1016195 492025 8276253 11878133 642265767
1790891687.542118 W 119 lat 314 3666 7703 0 exe 41944 267611 454203 resp 459370 881 pmu 1014511 515705 8275096 11786382 709190740
1790891688.489803 W 120 lat 314 3685 8814 0 exe 42333 277981 530777 resp 537499 865 pmu 1014580 544958 8271490 11936184 731923593
1790891689.537815 W 121 lat 333 3740 8333 0 exe 40296 284796 461944 resp 467074 900 pmu 1012838 541268 8260371 12769361 751328639
1790891690.481896 W 122 lat 333 3592 9185 0 exe 41629 271518 526296 resp 530888 870 pmu 1015138 539329 8275613 12094772 717395896
1790891691.533922 W 123 lat 296 3444 7833 0 exe 39722 251351 448407 resp 451296 856 pmu 1015189 491350 8277547 12679426 667774217
1790891692.485893 W 124 lat 333 3555 7870 0 exe 42703 267222 542722 resp 547277 857 pmu 1015053 529191 8277028 11774039 707744171
1790891693.537879 W 125 lat 333 3666 8370 0 exe 42499 278222 460259 resp 463999 879 pmu 1013113 537773 8262177 12820727 734392355
1790891694.493928 W 126 lat 333 3499 8851 0 exe 39777 259277 539592 resp 543518 854 pmu 1016056 506271 8283895 12049035 688292181
1790891695.541999 W 127 lat 314 3611 8870 0 exe 34462 278055 461796 resp 466796 856 pmu 1012816 547901 8254626 12736460 733674255
1790891696.493702 W 128 lat 333 3703 9222 0 exe 40851 268444 519611 resp 525314 891 pmu 1015635 517929 8281222 12031887 710923487
1790891697.541695 W 129 lat 314 3870 9814 0 exe 42222 288129 463111 resp 466129 896 pmu 1012612 557666 8261448 12599528 757578577
1790891698.477553 W 130 lat 296 1777 10074 0 exe 17240 136092 474981 resp 480370 358 pmu 1018251 320925 8253666 12128692 367147587
1790891699.517516 W 131 lat 296 296 370 0 exe 16907 20148 84870 resp 85240 0 pmu 1023412 45611 8244118 11363717 53449970
1790891700.457705 W 132 lat 296 1648 7129 0 exe 17259 145962 524111 resp 528814 512 pmu 1015789 363213 8242396 6801205 374703487
1790891701.517797 W 133 lat 1592 3018 6370 0 exe 208425 265907 396648 resp 399870 1000 pmu 1007984 650403 8232912 11888548 685673145
1790891702.477812 W 134 lat 1499 2999 6111 0 exe 213722 262314 343518 resp 346370 1000 pmu 1007158 637368 8234890 12171729 675982809
1790891703.541823 W 135 lat 1407 2944 6518 0 exe 213481 264648 419370 resp 423407 1000 pmu 1007828 647569 8237444 11645282 682437806
1790891704.493835 W 136 lat 1037 2944 6648 0 exe 175777 258074 339203 resp 342018 1000 pmu 1007879 624587 8236102 12421450 665498170
1790891705.553812 W 137 lat 1296 2981 5518 0 exe 219611 266074 387925 resp 392296 1000 pmu 1007866 649763 8230509 11391097 685039154
1790891706.505796 W 138 lat 1555 2981 6722 0 exe 219333 263111 346203 resp 348481 1000 pmu 1007375 636257 8231145 12141164 677390159
1790891707.461820 W 139 lat 1166 2925 7055 0 exe 152296 262796 408333 resp 411666 1000 pmu 1008610 638993 8241074 11704500 676790287
1790891708.521800 W 140 lat 1296 2962 5962 0 exe 220222 262851 339277 resp 341999 1000 pmu 1007337 632780 8227467 11993772 676179683
1790891709.473780 W 141 lat 1499 2944 5944 0 exe 215074 267685 392166 resp 395203 1000 pmu 1008151 649645 8236695 11635603 688661374
1790891710.529820 W 142 lat 1129 2925 6240 0 exe 160499 263148 332351 resp 334648 1000 pmu 1007345 631267 8226799 12165239 676486041
1790891711.485794 W 143 lat 1351 2944 6351 0 exe 174407 266166 399888 resp 405037 1000 pmu 1008289 644648 8230240 11267276 684625463
1790891712.541783 W 144 lat 1388 2944 5685 0 exe 176944 262055 330537 resp 333185 1000 pmu 1007593 631407 8229614 12043304 673885391
1790891713.485834 W 145 lat 1314 2999 6444 0 exe 213851 271537 365037 resp 367388 1000 pmu 1007656 655898 8230205 11326280 698458316
1790891714.541777 W 146 lat 1314 3074 7240 0 exe 163370 262037 325796 resp 329055 1000 pmu 1007931 625917 8235660 11905487 674015800
1790891715.501811 W 147 lat 1592 3055 7074 0 exe 191185 271018 381814 resp 385444 1000 pmu 1007951 653757 8237219 11222003 697265002
1790891716.561802 W 148 lat 1666 3055 6037 0 exe 209925 266499 342703 resp 346185 1000 pmu 1006954 637606 8226075 11968414 685564254
1790891717.497828 W 149 lat 1296 3055 6833 0 exe 176685 269759 388574 resp 389944 1000 pmu 1008347 647731 8238396 11643044 694494619
1790891718.537830 W 150 lat 1018 3018 6296 0 exe 172259 264370 338370 resp 342629 1000 pmu 1007277 631341 8231291 11943528 680309409
1790891719.473850 W 151 lat 1203 2962 7388 0 exe 222074 272018 416759 resp 421666 1000 pmu 1007797 654078 8228968 11402273 700115988
1790891720.525848 W 152 lat 1222 2925 5981 0 exe 216685 267296 345166 resp 347999 1000 pmu 1006974 637314 8228217 12482889 687912382
1790891721.477822 W 153 lat 1296 2962 5425 0 exe 169499 269629 417407 resp 422037 1000 pmu 1008415 648487 8242255 11699075 693838645
1790891722.541723 W 154 lat 1407 2925 5537 0 exe 174185 266277 341537 resp 344129 1000 pmu 1007093 634686 8230377 12203967 685404694
1790891723.473829 W 155 lat 1370 2925 5574 0 exe 212981 272203 398518 resp 400925 1000 pmu 1007634 652623 8225699 11442692 700510219
1790891724.517802 W 156 lat 1277 2870 6462 0 exe 185111 266833 323759 resp 326111 1000 pmu 1007379 636130 8227908 12234957 686466193
1790891725.557814 W 157 lat 1351 2962 5981 0 exe 177666 270870 391111 resp 394240 1000 pmu 1007746 650520 8236448 11324781 697027532
1790891726.497806 W 158 lat 1314 2944 5814 0 exe 176370 266444 348777 resp 351129 1000 pmu 1007453 635476 8234980 11983507 685532211
1790891727.537775 W 159 lat 1351 2944 5592 0 exe 219314 271351 389537 resp 394148 1000 pmu 1007902 651074 8231982 11526596 698350233
1790891728.473815 W 160 lat 925 2925 6185 0 exe 175018 262925 343333 resp 347222 1000 pmu 1007585 628777 8231136 12183776 677010550
1790891729.513790 W 161 lat 1388 2944 6148 0 exe 175351 271981 385018 resp 388203 1000 pmu 1008216 651629 8242086 11455283 700011363
1790891730.553792 W 162 lat 1555 2981 6148 0 exe 210388 269129 353074 resp 355999 1000 pmu 1007031 640174 8230058 11917573 692274612
1790891731.493807 W 163 lat 1388 2981 6129 0 exe 167814 270722 395370 resp 401499 1000 pmu 1008032 648756 8237311 11758924 696708845
1790891732.537836 W 164 lat 1518 2962 5833 0 exe 194444 268407 349796 resp 353166 1000 pmu 1007223 638384 8228196 11992122 690522326
1790891733.473813 W 165 lat 1407 2981 7796 0 exe 178555 270185 379425 resp 381777 1000 pmu 1008151 649508 8237453 11643249 695692818
1790891734.517797 W 166 lat 1518 3018 6148 0 exe 218981 267666 350833 resp 353407 1000 pmu 1007302 636249 8229756 11873365 688805930
1790891735.557786 W 167 lat 870 3055 6444 0 exe 175240 271592 392648 resp 395611 1000 pmu 1008176 651844 8234908 11770482 699329059
1790891736.493792 W 168 lat 1185 3018 5999 0 exe 180944 265314 340703 resp 343907 1000 pmu 1007318 631103 8235436 11989867 682727535
1790891737.533790 W 169 lat 1277 3018 5851 0 exe 186759 271018 396407 resp 399462 1000 pmu 1008067 649799 8232916 11467948 697682080
1790891738.473819 W 170 lat 1351 3055 6166 0 exe 178185 267518 343574 resp 346703 1000 pmu 1007098 636323 8229634 12081662 688055619
1790891739.513796 W 171 lat 1148 3018 6259 0 exe 184518 266259 355444 resp 358999 1000 pmu 1007652 634288 8234874 11495393 685221743
1790891740.553803 W 172 lat 999 2981 6518 0 exe 168703 270888 413240 resp 416537 1000 pmu 1007941 647908 8224537 11640876 696690879
1790891741.493696 W 173 lat 1333 2999 6555 0 exe 213148 266574 357648 resp 360351 1000 pmu 1007403 633574 8236303 12161978 686051437
1790891742.533804 W 174 lat 1499 2925 5777 0 exe 221240 271074 398370 resp 402351 1000 pmu 1007917 651719 8233188 11805741 698149713
1790891743.469804 W 175 lat 1296 2944 6425 0 exe 182481 265611 350611 resp 354351 1000 pmu 1007344 631156 8229301 12278790 683394288
1790891744.513763 W 176 lat 1407 2925 6462 0 exe 178833 275037 400425 resp 403592 1000 pmu 1009069 672941 8247004 11581131 709183627
1790891745.553803 W 177 lat 592 2870 5481 0 exe 96888 278981 402499 resp 405555 999 pmu 1009965 692657 8248555 12105923 720232784
1790891746.493815 W 178 lat 1222 2907 6481 0 exe 176388 271277 378537 resp 381314 1000 pmu 1007628 650470 8231091 11726981 698282017
1790891747.533801 W 179 lat 1462 2962 6870 0 exe 223259 267481 336796 resp 340759 1000 pmu 1007445 636444 8234715 11853219 687808271
1790891748.477805 W 180 lat 1407 2925 6018 0 exe 185074 271129 399018 resp 402722 1000 pmu 1007895 650781 8229311 11660649 697891017
1790891749.537817 W 181 lat 1425 2944 6111 0 exe 211166 268666 341240 resp 344055 1000 pmu 1007181 637215 8229944 12103944 691197889
1790891750.481823 W 182 lat 1425 2944 6314 0 exe 199574 270740 398592 resp 401240 1000 pmu 1007869 650239 8231985 11640491 696930882
1790891751.545824 W 183 lat 1351 2925 5907 0 exe 161981 265981 335648 resp 337592 1000 pmu 1007470 632214 8236937 12166658 684448427
1790891752.493801 W 184 lat 1333 2944 5462 0 exe 175981 271148 390722 resp 394333 1000 pmu 1007520 651665 8232652 11319605 698075073
1790891753.553797 W 185 lat 1111 3037 6814 0 exe 190296 266629 328999 resp 332944 1000 pmu 1007387 633670 8232696 11972197 686009167
1790891754.501819 W 186 lat 1277 3092 7333 0 exe 218092 272277 404944 resp 408240 1000 pmu 1007894 655066 8239101 11411842 700696453
1790891755.541823 W 187 lat 1018 3018 6851 0 exe 183388 265092 338740 resp 341925 1000 pmu 1007655 631231 8232252 12338753 682329928
1790891756.477814 W 188 lat 1444 2999 6111 0 exe 212981 271555 397074 resp 400574 1000 pmu 1007817 652163 8239892 11462670 699071684
1790891757.517801 W 189 lat 1518 3092 6833 0 exe 174574 266148 347759 resp 351129 1000 pmu 1007513 632338 8229196 12226279 685179183
1790891758.557822 W 190 lat 1370 3037 6555 0 exe 220425 272018 423740 resp 426999 1000 pmu 1007934 652362 8234355 11517944 700207967
1790891759.493851 W 191 lat 1111 2944 7203 0 exe 166759 265925 333814 resp 337277 1000 pmu 1007418 631467 8230947 12533292 684569242
1790891760.533556 W 192 lat 296 1685 5759 0 exe 17555 157518 382499 resp 385648 534 pmu 1015620 402832 8250904 11336480 406815622
1790891761.469524 W 193 lat 296 296 351 0 exe 17388 19870 66444 resp 66740 0 pmu 1023682 42326 8266482 10514298 52254966
1790891762.513956 W 194 lat 296 2148 12944 0 exe 17333 204148 597518 resp 602296 445 pmu 1017373 407356 8250067 6617465 517514992
1790891763.565877 W 195 lat 351 4370 11018 0 exe 78018 423240 615833 resp 621629 982 pmu 1010365 785833 8228079 12945965 1080800593
1790891764.514070 W 196 lat 518 5648 14462 0 exe 80314 499203 672648 resp 681833 996 pmu 1006049 785386 8202771 14534774 1248303924
1790891765.465587 W 197 lat 296 2703 11240 0 exe 35203 259148 597185 resp 601870 574 pmu 1013549 617881 8230823 15534525 677266330
1790891766.521874 W 198 lat 314 5074 12314 0 exe 53037 496185 637870 resp 645518 985 pmu 1009075 791643 8210519 13300779 1244185823
1790891767.465914 W 199 lat 296 2870 10166 0 exe 39574 308888 650407 resp 657203 888 pmu 1012037 737856 8226563 15013836 805333444
1790891768.509803 W 200 lat 296 3351 15555 0 exe 55629 353055 652259 resp 660722 864 pmu 1013166 771852 8246950 14109254 903978264
1790891769.562288 W 201 lat 351 4870 12370 0 exe 77685 461092 615166 resp 618796 966 pmu 1008149 791510 8205267 14466854 1162629125
1790891770.505931 W 202 lat 425 5055 10222 0 exe 72999 460037 605703 resp 610203 976 pmu 1007061 764818 8201410 14714194 1156747719
1790891771.561986 W 203 lat 296 3092 9185 0 exe 49203 316759 614888 resp 620518 852 pmu 1013109 696198 8232394 14585263 818400784
1790891772.501715 W 204 lat 296 4185 10166 0 exe 82351 411499 614092 resp 618277 989 pmu 1011156 734119 8235927 13832130 1050063042
1790891773.537769 W 205 lat 296 2277 9833 0 exe 51796 248462 591388 resp 597666 834 pmu 1013162 716481 8233617 14466306 663121439
1790891774.474113 W 206 lat 296 4611 11981 0 exe 78462 453499 636925 resp 641481 979 pmu 1009657 805823 8223933 13271210 1146700340
1790891775.517737 W 207 lat 333 5259 12999 0 exe 69574 476185 620499 resp 627111 983 pmu 1006584 770384 8201156 14898812 1194071720
1790891776.558114 W 208 lat 314 3333 9648 0 exe 38740 323592 642703 resp 650018 853 pmu 1012340 650657 8223661 14822013 830436009
1790891777.505932 W 209 lat 314 4648 10833 0 exe 67499 457851 650499 resp 657666 987 pmu 1010132 741327 8217083 14104079 1154218888
1790891778.557779 W 210 lat 296 2129 8870 0 exe 49111 246259 568314 resp 572833 752 pmu 1013875 691778 8238828 15008437 653268862
1790891779.502028 W 211 lat 314 4037 9370 0 exe 76703 411851 611444 resp 617944 978 pmu 1010342 798139 8220366 13001581 1053489050
1790891780.562037 W 212 lat 296 5407 13203 0 exe 81592 488425 646537 resp 652055 993 pmu 1006613 780373 8207854 14420702 1222292979
1790891781.510293 W 213 lat 296 3425 9333 0 exe 36388 322925 652574 resp 660092 833 pmu 1012241 655571 8230804 15199678 828486500
1790891782.553872 W 214 lat 314 4518 10351 0 exe 53870 442703 641740 resp 648592 978 pmu 1009868 733811 8215054 14187646 1118605885
1790891783.497675 W 215 lat 296 2925 8296 0 exe 48648 312685 626074 resp 631148 861 pmu 1012373 730174 8231091 14772547 806090670
1790891784.549923 W 216 lat 277 3222 9870 0 exe 66907 349259 612777 resp 619185 897 pmu 1012487 763886 8228398 13912601 896648626
1790891785.486037 W 217 lat 370 5074 13074 0 exe 77370 472203 622111 resp 626777 983 pmu 1008142 794108 8210256 14070196 1190460841
1790891786.530018 W 218 lat 351 5407 12333 0 exe 70851 477611 626777 resp 637351 975 pmu 1006349 749952 8196903 14847336 1196199200
1790891787.466010 W 219 lat 296 2666 11777 0 exe 39759 261074 623777 resp 630296 629 pmu 1014340 583956 8235743 14915059 678025367
1790891788.505622 W 220 lat 425 5333 12444 0 exe 85092 494870 643111 resp 651444 989 pmu 1009320 750799 8220300 13611004 1242600326
1790891789.549897 W 221 lat 296 1611 8166 0 exe 56259 209666 598648 resp 602925 706 pmu 1014389 737866 8246808 15225041 559869595
1790891790.482063 W 222 lat 351 4425 10314 0 exe 89944 441685 648259 resp 656388 994 pmu 1010147 799270 8225658 13150483 1112746790
1790891791.522030 W 223 lat 907 5537 12351 0 exe 93629 499777 649796 resp 657462 999 pmu 1006743 780160 8208658 15019416 1250429413
1790891792.461602 W 224 lat 296 3925 11425 0 exe 43129 350111 599370 resp 610166 781 pmu 1010221 673574 8216603 15359423 893691541
1790891793.502081 W 225 lat 277 4296 11870 0 exe 46277 409370 616111 resp 620555 876 pmu 1010957 705819 8222916 13854297 1033023530
1790891794.541724 W 226 lat 296 3592 11111 0 exe 53370 370796 624499 resp 629499 919 pmu 1011445 731843 8226195 14306145 945010878
1790891795.478119 W 227 lat 296 2555 9259 0 exe 50111 284037 619888 resp 624833 816 pmu 1013462 743440 8232983 14227885 750376601
1790891796.521860 W 228 lat 370 4574 10814 0 exe 72740 442629 622037 resp 627999 965 pmu 1009137 802172 8216448 13717344 1127765952
1790891797.557977 W 229 lat 425 5629 12666 0 exe 82722 500425 675296 resp 680499 991 pmu 1005781 776694 8201778 14668480 1251628873
1790891798.497988 W 230 lat 296 2759 9148 0 exe 41703 267555 607648 resp 614314 667 pmu 1012909 618807 8224379 15550045 700692247
1790891799.545922 W 231 lat 592 5222 12277 0 exe 112907 492296 637833 resp 642499 1000 pmu 1008560 762754 8211066 13479711 1233982207
1790891800.497673 W 232 lat 296 1999 7425 0 exe 51203 236407 576499 resp 580722 785 pmu 1013793 723729 8236301 15280124 633640184
1790891801.545838 W 233 lat 314 3944 9592 0 exe 55759 407166 602166 resp 606407 955 pmu 1011256 796051 8226940 13035209 1039542302
1790891802.493928 W 234 lat 333 5203 12796 0 exe 85925 473444 632796 resp 637999 985 pmu 1006646 774645 8200373 14189232 1192150304
1790891803.549629 W 235 lat 314 4518 12092 0 exe 59203 413999 622203 resp 628240 938 pmu 1008582 735425 8208450 15005022 1051694627
1790891804.517952 W 236 lat 296 3703 10203 0 exe 45444 350759 630314 resp 632518 829 pmu 1013197 634901 8238555 14464748 892792169
1790891805.457697 W 237 lat 296 3666 10648 0 exe 66444 408740 627185 resp 633129 943 pmu 1012644 838963 8235859 14128610 1046719320
1790891806.498015 W 238 lat 296 2018 9537 0 exe 49055 229296 546111 resp 551092 794 pmu 1014435 684585 8249035 14512570 609488166
1790891807.537848 W 239 lat 333 4629 11925 0 exe 65999 455574 617444 resp 622296 968 pmu 1009934 797397 8227745 12699467 1152589900
1790891808.477932 W 240 lat 425 5388 15185 0 exe 80962 474129 623703 resp 632944 985 pmu 1006252 749346 8199912 14653830 1188937733
1790891809.517624 W 241 lat 314 3759 9148 0 exe 53796 345537 550314 resp 555648 926 pmu 1011235 660281 8225672 14926131 884170897
1790891810.557785 W 242 lat 296 4240 9925 0 exe 33370 422259 618629 resp 623018 942 pmu 1010533 699870 8221084 13355034 1063591888
1790891811.497831 W 243 lat 296 2111 10092 0 exe 51777 242611 553499 resp 557370 729 pmu 1014325 705896 8241591 14320332 644406447
1790891812.538102 W 244 lat 314 4259 12555 0 exe 76240 426777 637722 resp 645444 974 pmu 1010223 794492 8224517 12851274 1086765039
1790891813.474046 W 245 lat 685 5425 11444 0 exe 87796 491518 648870 resp 654018 994 pmu 1007776 783812 8208596 14779243 1231140907
1790891814.517799 W 246 lat 333 4351 9611 0 exe 58370 389111 572166 resp 577648 976 pmu 1009856 679264 8220933 15261408 986452642
1790891815.557756 W 247 lat 296 3851 10703 0 exe 27888 391907 646870 resp 653148 878 pmu 1011366 696670 8231654 13820274 989067040
1790891816.493796 W 248 lat 296 3314 10259 0 exe 52833 347092 598111 resp 603925 812 pmu 1012047 706189 8225037 14435402 886619717
1790891817.537912 W 249 lat 296 3592 12462 0 exe 56055 364333 606203 resp 611722 897 pmu 1011813 754387 8229229 13841361 931110372
1790891818.489978 W 250 lat 425 4962 11685 0 exe 77148 472796 621648 resp 626962 974 pmu 1008424 787655 8213416 14035781 1188313580
1790891819.533924 W 251 lat 351 4796 16314 0 exe 75611 415925 609870 resp 614203 970 pmu 1008207 719741 8206960 14840722 1051679412
1790891820.474014 W 252 lat 296 3333 10277 0 exe 31722 323907 619240 resp 626388 867 pmu 1012790 668475 8229130 14447525 838772802
1790891821.525706 W 253 lat 296 4222 9851 0 exe 56277 421148 634462 resp 640111 963 pmu 1010636 722872 8227550 13838355 1065697474
1790891822.469546 W 254 lat 296 999 7555 0 exe 17166 117537 505333 resp 510407 397 pmu 1018162 448233 8246170 14592709 318407974
1790891823.509512 W 255 lat 296 296 333 0 exe 17203 19537 45240 resp 45555 0 pmu 1023705 38388 8259495 11556049 52040373
1790891824.133579 [MG] memguard_call 0 0 0 (CPU 0)
1790891824.133645 [MG] memguard_call 0 0 0 (CPU 1)
1790891824.133670 [MG] memguard_call 0 0 0 (CPU 2)
1790891824.549525 W 256 lat 296 296 1685 0 exe 17092 31537 129388 resp 129777 83 pmu 1023151 171849 8260579 6401698 82378161
1790891825.485522 W 257 lat 296 296 333 0 exe 17222 19888 38537 resp 38851 0 pmu 1023716 42878 8265406 7309764 50398338
1790891826.243803 Closing cell "rt-bench"
1790891826.243906 [MG] Initializing memguard on CPU 3
1790891826.243949 [SMMUv2] Exiting SMMUv2 on cell 1
1790891826.244054 [COL] Colored OP 1: PHYS 0x30000000 -> VIRT 0x00000000 (SIZE: 0x00400000, COL: 0x000000ff, extra: 0x0000000000000000)
1790891826.244093 [COL] Result: 0
1790891826.244188 [COL] Colored OP 4: PHYS 0x30000000 -> VIRT 0x00000000 (SIZE: 0x00400000, COL: 0x000000ff, extra: 0x0000000000000001)
1790891826.244227 [COL] Result: 0
1790891826.244292 Page pool usage after cell destruction: mem 85/4061, remap 5/131072
1790891826.244349 [MG] Initializing memguard on CPU 3
1790891826.244421 [MG] Initializing memguard on CPU 3
1790891826.244512 [COL] Colored OP 0: PHYS 0x30000000 -> VIRT 0x00000000 (SIZE: 0x00400000, COL: 0x000000ff, extra: 0x0000000000000000)
1790891826.244542 [COL] Result: 0
1790891826.244589 [MG] Initializing memguard on CPU 3
1790891826.244621 Created cell "rt-bench"
1790891826.244671 Page pool usage after cell creation: mem 98/4061, remap 5/131072
