1790956010.351338 <missed 159 bytes of console log>
1790956010.351418 essors:
1790956010.351445  CPU 1... [MG] Initializing memguard on CPU 1
1790956010.351459 OK
1790956010.351484  CPU 2... [MG] Initializing memguard on CPU 2
1790956010.351496 OK
1790956010.351521  CPU 0... [MG] Initializing memguard on CPU 0
1790956010.351533 OK
1790956010.351558  CPU 3... [MG] Initializing memguard on CPU 3
1790956010.351570 OK
1790956010.351588 Initializing unit: irqchip
1790956010.351613 Initializing unit: Cache Coloring (Aarch64)
1790956010.351634 [COL] 	L1 Cache Type: I+D Split
1790956010.351653 [COL] 		Total size: 65536
1790956010.351671 [COL] 		Line size: 64
1790956010.351687 [COL] 		Assoc.: 4
1790956010.351704 [COL] 		Num. sets: 256
1790956010.351724 [COL] 		Total size (I): 65536
1790956010.351743 [COL] 		Line size (I): 64
1790956010.351761 [COL] 		Assoc. (I): 4
1790956010.351780 [COL] 		Num. sets (I): 256
1790956010.351800 [COL] 	L2 Cache Type: Unified
1790956010.351819 [COL] 		Total size: 524288
1790956010.351836 [COL] 		Line size: 64
1790956010.351852 [COL] 		Assoc.: 8
1790956010.351870 [COL] 		Num. sets: 1024
1790956010.351888 [COL] 		Num. colors: 16
1790956010.351908 [COL] 	L3 Cache Type: Unified
1790956010.351927 [COL] 		Total size: 2097152
1790956010.351945 [COL] 		Line size: 64
1790956010.351961 [COL] 		Assoc.: 16
1790956010.351979 [COL] 		Num. sets: 2048
1790956010.351997 [COL] 		Num. colors: 32
1790956010.352018 [COL] 	L4 Cache Type: Not present
1790956010.352040 [COL] 	L5 Cache Type: Not present
1790956010.352061 [COL] 	L6 Cache Type: Not present
1790956010.352083 [COL] 	L7 Cache Type: Not present
1790956010.352108 [COL] 	NOTE: L3 Cache selected for coloring.
1790956010.352128 Initializing unit: ARM SMMU v2
1790956010.352149 Initializing unit: ARM SMMU v3
1790956010.352169 Initializing unit: PVU IOMMU
1790956010.352186 Initializing unit: PCI
1790956010.352220 Page pool usage after late setup: mem 77/4061, remap 5/131072
1790956010.352240 Activating hypervisor
1790956010.352262 [MG] Initializing memguard on CPU 3
1790956010.352310 [COL] Colored OP 0: PHYS 0x30000000 -> VIRT 0x00000000 (SIZE: 0x00400000, COL: 0x000000ff, extra: 0x0000000000000000)
1790956010.352328 [COL] Result: 0
1790956010.352350 [MG] Initializing memguard on CPU 3
1790956010.352369 Created cell "rt-bench"
1790956010.352400 Page pool usage after cell creation: mem 98/4061, remap 5/131072
1790956010.352451 [COL] Colored OP 3: PHYS 0x30000000 -> VIRT 0x00000000 (SIZE: 0x00400000, COL: 0x000000ff, extra: 0x0000000000000000)
1790956010.352478 [MG] Initializing memguard on CPU 3
1790956010.352494 [COL] Result: 0
1790956010.352514 Cell "rt-bench" can be loaded
1790956010.352562 [COL] Colored OP 2: PHYS 0x30000000 -> VIRT 0x00000000 (SIZE: 0x00400000, COL: 0x000000ff, extra: 0x0000000000000000)
1790956010.352580 [COL] Result: 0
1790956010.352628 [COL] Colored OP 4: PHYS 0x30000000 -> VIRT 0x00000000 (SIZE: 0x00400000, COL: 0x000000ff, extra: 0x0000000000000001)
1790956010.352646 [COL] Result: 0
1790956010.352664 Started cell "rt-bench"
1790956010.352686 [MG] Initializing memguard on CPU 3
1790956010.352714 rt-bench: ws 768 KB, 1024 loads/period, window 1000
1790956011.286779 W 0 lat 296 296 999 0 exe 16629 24999 191462 resp 191981 23 pmu 1023279 99969 8254719 5307549 63750917
1790956012.330811 W 1 lat 296 296 703 0 exe 16685 24296 130685 resp 131370 12 pmu 1023355 95987 8249296 7892668 63323903
1790956013.370776 W 2 lat 277 296 351 0 exe 16777 19111 50370 resp 50703 0 pmu 1023407 36010 8247297 7280891 48475916
1790956014.306813 W 3 lat 296 296 425 0 exe 16537 21592 120185 resp 120518 4 pmu 1023402 65107 8247566 6448449 54795006
1790956015.346775 W 4 lat 296 296 333 0 exe 16814 19129 42148 resp 42462 0 pmu 1023504 36151 8247333 7158272 48422686
1790956016.282811 W 5 lat 296 296 425 0 exe 16851 20944 113999 resp 114333 5 pmu 1023443 56981 8244925 6366352 53055975
1790956017.322807 W 6 lat 296 296 611 0 exe 16425 23999 108444 resp 108777 14 pmu 1023261 92210 8246818 7094907 62415245
1790956018.362810 W 7 lat 296 296 574 0 exe 16537 20981 115925 resp 116499 3 pmu 1023449 58059 8246185 7053343 53656170
1790956019.298781 W 8 lat 296 296 333 0 exe 16685 19574 48925 resp 49240 0 pmu 1023499 41660 8243465 7114728 49538433
1790956020.338809 W 9 lat 296 296 555 0 exe 16462 20481 110981 resp 111314 5 pmu 1023466 51750 8240372 6435819 51907431
1790956021.274778 W 10 lat 296 296 333 0 exe 16648 18870 36055 resp 36370 0 pmu 1023507 33041 8248194 7060912 47739909
1790956022.314809 W 11 lat 296 296 481 0 exe 16666 22481 115574 resp 115888 5 pmu 1023435 75354 8247178 6303350 57313170
1790956023.354781 W 12 lat 296 296 333 0 exe 16425 18981 40314 resp 40629 0 pmu 1023415 34531 8245254 7117554 48061572
1790956024.290810 W 13 lat 296 296 425 0 exe 16574 20425 109074 resp 109425 5 pmu 1023426 51366 8247949 6345331 51767946
1790956025.330823 W 14 lat 296 296 981 0 exe 16925 28944 172055 resp 173037 27 pmu 1023157 148763 8252590 7041851 75681946
1790956026.370813 W 15 lat 296 296 611 0 exe 16666 21240 116944 resp 117351 4 pmu 1023459 60596 8244648 7721997 54658633
1790956027.306842 W 16 lat 296 333 6555 0 exe 16944 26333 539999 resp 545018 9 pmu 1023341 89436 8249074 7126254 67288260
1790956028.346807 W 17 lat 296 296 518 0 exe 16666 20592 112870 resp 113240 4 pmu 1023434 53411 8248575 11436695 55302914
1790956029.282819 W 18 lat 296 296 3833 0 exe 16629 19944 255555 resp 259388 3 pmu 1023462 41360 8249533 7081511 50799162
1790956030.322807 W 19 lat 296 296 1277 0 exe 16499 20277 107018 resp 107351 5 pmu 1023404 49777 8247122 8538933 52730183
1790956031.366810 W 20 lat 296 296 333 0 exe 16518 19203 40666 resp 40962 0 pmu 1023485 37058 8243524 7024282 48528339
1790956032.302811 W 21 lat 296 296 555 0 exe 16555 22444 111833 resp 112259 5 pmu 1023475 75323 8247410 6350328 57199129
1790956033.342783 W 22 lat 296 296 333 0 exe 16796 18722 37870 resp 38185 0 pmu 1023532 31392 8242864 7080310 47401702
1790956034.278821 W 23 lat 296 296 481 0 exe 16648 20370 132537 resp 132962 6 pmu 1023408 50093 8243132 6321499 51559360
1790956035.318783 W 24 lat 296 296 333 0 exe 16629 18907 36259 resp 36555 0 pmu 1023507 33657 8250293 7276996 47983174
1790956036.358816 W 25 lat 296 296 685 0 exe 16499 20148 106833 resp 107296 5 pmu 1023426 48492 8243050 6305643 51077359
1790956037.294785 W 26 lat 296 296 425 0 exe 16703 20796 100203 resp 100555 1 pmu 1023487 55702 8246863 7019372 52840781
1790956038.338809 W 27 lat 296 296 611 0 exe 16740 20277 114796 resp 115240 4 pmu 1023417 49906 8244403 6955433 51812084
1790956039.274781 W 28 lat 296 296 333 0 exe 16351 18962 38166 resp 38462 0 pmu 1023486 34191 8241720 7100330 47998266
1790956040.314806 W 29 lat 296 296 499 0 exe 16314 20185 109648 resp 110037 5 pmu 1023384 48844 8243440 6323351 51160409
1790956041.354809 W 30 lat 296 296 333 0 exe 16425 18481 35444 resp 35759 0 pmu 1023509 28516 8243496 7045341 46761120
1790956042.290816 W 31 lat 296 296 425 0 exe 16499 22148 112240 resp 112666 6 pmu 1023430 72012 8246863 6294188 56449178
1790956043.330785 W 32 lat 296 296 333 0 exe 16648 19370 41888 resp 42203 0 pmu 1023491 38903 8239481 7081899 48964218
1790956044.370808 W 33 lat 296 296 537 0 exe 16611 20148 113259 resp 113796 3 pmu 1023417 48675 8239707 6364162 51197818
1790956045.306820 W 34 lat 296 296 1574 0 exe 16722 21425 148999 resp 150574 4 pmu 1023471 62141 8247227 7083947 54952087
1790956046.346829 W 35 lat 296 296 444 0 exe 16537 26981 117388 resp 117703 20 pmu 1023137 127585 8241100 7458744 71016183
1790956047.282808 W 36 lat 296 296 537 0 exe 16407 20833 102611 resp 102999 1 pmu 1023482 56324 8244435 7157416 53026159
1790956048.322815 W 37 lat 296 296 685 0 exe 16518 20185 125666 resp 125981 4 pmu 1023411 48194 8241444 6978999 51506823
1790956049.362782 W 38 lat 296 296 333 0 exe 16740 19037 43129 resp 43462 0 pmu 1023504 35177 8244221 7207278 48246486
1790956050.298812 W 39 lat 296 296 611 0 exe 16277 20074 111499 resp 111814 4 pmu 1023461 47735 8242478 6375513 50948904
1790956051.338780 W 40 lat 296 296 333 0 exe 16833 19203 38666 resp 38981 0 pmu 1023505 36857 8241268 7063458 48561427
1790956052.274813 W 41 lat 296 296 407 0 exe 16555 22037 117777 resp 118092 5 pmu 1023407 70249 8248264 6332124 56136795
1790956053.314782 W 42 lat 296 296 333 0 exe 16574 18962 41425 resp 41722 0 pmu 1023517 34200 8243112 7136468 48013630
1790956054.354807 W 43 lat 296 296 425 0 exe 16333 19833 107703 resp 108018 5 pmu 1023441 44854 8242533 6356970 50360662
1790956055.290786 W 44 lat 296 296 351 0 exe 16722 19574 40796 resp 41111 0 pmu 1023522 41292 8245420 7023587 49470745
1790956056.330815 W 45 lat 296 296 537 0 exe 16574 19925 110388 resp 110703 4 pmu 1023472 45573 8245109 6354740 50558488
1790956057.370805 W 46 lat 296 296 462 0 exe 16666 21240 105222 resp 105592 1 pmu 1023474 61147 8251115 7052741 53970043
1790956058.306814 W 47 lat 296 296 1037 0 exe 16851 19555 126092 resp 126425 3 pmu 1023439 41087 8246481 7007909 50062793
1790956059.346780 W 48 lat 296 296 333 0 exe 16740 19703 77944 resp 78259 0 pmu 1023523 42915 8243226 7211900 49861006
1790956060.282812 W 49 lat 296 296 1166 0 exe 16666 20666 133481 resp 134648 8 pmu 1023484 53952 8245036 6726886 52805391
1790956061.322787 W 50 lat 296 296 333 0 exe 16685 20055 87481 resp 87796 0 pmu 1023477 47635 8248503 7295355 50813973
1790956062.362817 W 51 lat 296 296 537 0 exe 16518 21777 109388 resp 109925 5 pmu 1023463 66775 8243570 6823918 55593338
1790956063.298782 W 52 lat 296 296 518 0 exe 16648 20666 105222 resp 105555 3 pmu 1023442 54269 8246958 7053014 52337059
1790956064.342813 W 53 lat 296 296 333 0 exe 16574 18055 29722 resp 30018 0 pmu 1023495 24004 8244604 7005101 45692788
1790956065.278778 W 54 lat 296 296 444 0 exe 16777 20592 115240 resp 115574 4 pmu 1023481 53410 8245389 6235369 52107768
1790956066.326815 W 55 lat 296 296 870 0 exe 16759 27425 151037 resp 151666 21 pmu 1023082 131135 8245168 7105311 71678809
1790956067.366807 W 56 lat 296 296 537 0 exe 16851 23111 122574 resp 122907 7 pmu 1023397 82193 8249925 7500958 59471067
1790956068.302858 W 57 lat 296 296 333 0 exe 16685 18648 36944 resp 37259 0 pmu 1023447 30938 8249189 7192067 47298567
1790956069.342780 W 58 lat 296 296 629 0 exe 16629 20851 122129 resp 122444 4 pmu 1023359 56325 8243580 6311540 52860620
1790956070.278775 W 59 lat 296 296 333 0 exe 16648 18185 30537 resp 30851 0 pmu 1023452 25171 8242602 7175379 46067544
1790956071.318805 W 60 lat 296 296 370 0 exe 16648 20888 126259 resp 126574 4 pmu 1023384 56271 8248950 6244801 52831554
1790956072.362817 W 61 lat 296 296 407 0 exe 16592 20648 101259 resp 101666 2 pmu 1023399 54336 8245270 7215759 52644933
1790956073.298780 W 62 lat 296 296 425 0 exe 16629 20574 115574 resp 115907 4 pmu 1023384 53254 8247084 6964978 52495897
1790956074.342814 W 63 lat 296 296 333 0 exe 16499 18037 26499 resp 26796 0 pmu 1023395 23930 8242312 7107748 45728269
1790956075.278779 W 64 lat 296 296 499 0 exe 17111 21314 114944 resp 115259 4 pmu 1023372 61376 8240622 6202938 53867836
1790956076.319208 W 65 lat 296 296 351 0 exe 16592 18351 30925 resp 31222 0 pmu 1023463 27497 8244145 7107712 46502662
1790956077.358808 W 66 lat 296 296 518 0 exe 17037 23833 108999 resp 109462 5 pmu 1023303 91403 8247314 6249188 60728136
1790956078.294780 W 67 lat 296 296 333 0 exe 16407 18703 47462 resp 47759 0 pmu 1023472 31551 8244464 7061314 47325806
1790956079.342999 W 68 lat 296 2314 10703 0 exe 17296 108814 594648 resp 597777 337 pmu 1020815 289151 8267676 6416410 298334088
1790956080.283099 W 69 lat 314 3555 9574 0 exe 28092 171444 346574 resp 350407 713 pmu 1019564 284584 8283081 12420954 461104716
1790956081.343055 W 70 lat 333 4129 9648 0 exe 28740 223666 538944 resp 543277 856 pmu 1017998 363652 8279838 10311836 587371932
1790956082.295033 W 71 lat 296 3814 8444 0 exe 28555 206111 452277 resp 457240 785 pmu 1019082 323896 8284708 12505726 544610314
1790956083.343134 W 72 lat 333 3796 10796 0 exe 27833 198925 566092 resp 570666 749 pmu 1018435 345971 8281040 11545373 533079630
1790956084.287149 W 73 lat 296 3796 10166 0 exe 27777 190851 398351 resp 404277 728 pmu 1018970 310321 8283019 12654071 507367709
1790956085.359034 W 74 lat 314 3925 9259 0 exe 29314 214888 484740 resp 488611 846 pmu 1018349 351054 8281374 10939745 569362508
1790956086.311063 W 75 lat 314 3833 12111 0 exe 48574 237777 561888 resp 567481 801 pmu 1017156 423086 8266072 11917190 623563391
1790956087.359221 W 76 lat 314 4222 10944 0 exe 32148 243481 577074 resp 582999 883 pmu 1016840 408720 8274739 12922141 645582938
1790956088.303204 W 77 lat 314 4148 9055 0 exe 32851 221777 362851 resp 368092 880 pmu 1018029 349277 8285827 13018043 584840220
1790956089.351039 W 78 lat 333 4277 9388 0 exe 39166 238777 544740 resp 550814 906 pmu 1017405 386047 8282839 10757581 630335638
1790956090.299199 W 79 lat 314 4092 10444 0 exe 31092 206055 369907 resp 374722 857 pmu 1017879 349888 8279726 12699703 551509843
1790956091.355143 W 80 lat 370 3870 9703 0 exe 28333 211296 488592 resp 490648 827 pmu 1018467 344543 8281201 10745257 560133995
1790956092.295226 W 81 lat 314 3537 9870 0 exe 26222 186814 449925 resp 451462 698 pmu 1019564 300101 8284902 11925628 493691736
1790956093.351206 W 82 lat 296 3611 9111 0 exe 38037 187370 409814 resp 412870 777 pmu 1019421 324843 8287656 11402497 506599843
1790956094.299126 W 83 lat 314 3166 11055 0 exe 29425 144759 354018 resp 357277 576 pmu 1021381 245460 8293840 11066772 396180535
1790956095.354949 W 84 lat 314 2648 7796 0 exe 30055 124462 512888 resp 517259 468 pmu 1022358 221136 8287032 10261037 333539557
1790956096.299144 W 85 lat 314 3407 9999 0 exe 33166 159111 327592 resp 331296 703 pmu 1020715 273741 8305070 11738706 435415755
1790956097.351084 W 86 lat 314 3703 8722 0 exe 30425 207037 517425 resp 521944 834 pmu 1019672 342301 8303536 10086488 549509473
1790956098.291184 W 87 lat 462 3537 8759 0 exe 30777 168999 335037 resp 340648 713 pmu 1020686 270445 8305811 12209436 450252295
1790956099.346999 W 88 lat 296 3740 9240 0 exe 31425 211037 530333 resp 536925 848 pmu 1019664 337139 8312609 10203212 559166628
1790956100.295057 W 89 lat 370 3648 9611 0 exe 29925 188814 341759 resp 346574 792 pmu 1020074 304329 8310825 12376799 507426238
1790956101.343059 W 90 lat 296 3370 10074 0 exe 28537 178055 364481 resp 368962 718 pmu 1020888 290680 8304224 10365219 472736630
1790956102.290849 W 91 lat 314 2999 9648 0 exe 31574 149611 535962 resp 540703 488 pmu 1021230 258561 8288373 10529834 402798160
1790956103.343038 W 92 lat 314 3518 8314 0 exe 28703 198166 521074 resp 525703 805 pmu 1020114 320593 8304862 12115947 530558056
1790956104.290971 W 93 lat 333 2888 7555 0 exe 28222 134314 313537 resp 318666 547 pmu 1022047 214631 8291526 12189943 363766852
1790956105.347060 W 94 lat 314 3074 8537 0 exe 28574 154185 486388 resp 490629 627 pmu 1021077 276942 8299150 9789039 417138116
1790956106.295211 W 95 lat 351 3537 9240 0 exe 35407 192462 514703 resp 519444 753 pmu 1019527 337148 8298269 11620312 512448905
1790956107.359083 W 96 lat 296 2740 9129 0 exe 30574 158055 480314 resp 485462 594 pmu 1021126 307099 8274438 12136997 427444251
1790956108.302922 W 97 lat 314 3499 9055 0 exe 27796 165814 328962 resp 333537 695 pmu 1020861 269912 8305792 11594418 447263711
1790956109.363090 W 98 lat 388 2870 8999 0 exe 29796 142499 478388 resp 482259 541 pmu 1021607 246219 8290793 10106166 383505341
1790956110.311088 W 99 lat 314 3870 9870 0 exe 35092 194685 337129 resp 340666 848 pmu 1019802 309694 8312572 11488071 520853262
1790956111.367087 W 100 lat 351 4074 10111 0 exe 39185 217907 527074 resp 534425 907 pmu 1018729 361098 8311891 10370341 577828891
1790956112.310921 W 101 lat 499 3981 9740 0 exe 38981 220499 540981 resp 547351 886 pmu 1018910 349588 8308576 12427758 581981888
1790956113.363145 W 102 lat 388 4111 10537 0 exe 35574 227870 529907 resp 533259 892 pmu 1018830 364098 8307738 12572418 600947523
1790956114.311150 W 103 lat 370 4222 10277 0 exe 37018 222833 334981 resp 342944 980 pmu 1019371 334574 8327348 12470729 588984804
1790956115.355067 W 104 lat 333 4296 10055 0 exe 37537 239833 520185 resp 524296 969 pmu 1018742 369436 8312314 10525659 629447297
1790956116.299102 W 105 lat 574 4370 9240 0 exe 41592 232092 366703 resp 373351 955 pmu 1018208 362775 8317120 12445195 615975248
1790956117.343025 W 106 lat 518 4518 10055 0 exe 45203 268870 533592 resp 538833 989 pmu 1017601 420347 8306245 10902134 700924363
1790956118.287170 W 107 lat 499 4240 9777 0 exe 34074 217925 352666 resp 357166 954 pmu 1018979 341863 8317384 12770221 580944662
1790956119.347223 W 108 lat 296 3944 9648 0 exe 31370 212962 523685 resp 528648 837 pmu 1018964 355336 8308281 10643948 564150196
1790956120.287187 W 109 lat 388 3944 10388 0 exe 41240 204462 340722 resp 343925 891 pmu 1019522 324978 8318547 12314995 545747583
1790956121.347187 W 110 lat 407 3537 9111 0 exe 32888 184611 472851 resp 476981 775 pmu 1020431 299424 8303828 10487212 489468179
1790956122.291194 W 111 lat 370 3388 8888 0 exe 30759 181259 522462 resp 526518 745 pmu 1020520 300200 8300637 11663638 484096419
1790956123.339072 W 112 lat 314 2722 9703 0 exe 29592 121759 436833 resp 439685 433 pmu 1021931 220584 8292645 12128898 338061965
1790956124.303152 W 113 lat 333 3166 8629 0 exe 29388 160333 486648 resp 491018 651 pmu 1021093 269547 8292988 10964509 430804515
1790956125.355121 W 114 lat 351 3407 9592 0 exe 30685 162925 358796 resp 362537 680 pmu 1020857 269272 8304084 11659100 444038922
1790956126.303068 W 115 lat 314 3314 9722 0 exe 28370 188925 535111 resp 539388 676 pmu 1020429 307248 8294999 10402988 498030954
1790956127.346952 W 116 lat 333 3888 10925 0 exe 41611 252092 536370 resp 541296 828 pmu 1017005 465653 8287532 12287675 664040215
1790956128.299061 W 117 lat 296 3703 8518 0 exe 30462 209851 537611 resp 542537 823 pmu 1019694 345445 8313276 12694587 559666622
1790956129.347044 W 118 lat 444 3648 9370 0 exe 29574 179074 342888 resp 346518 786 pmu 1020609 285202 8310602 12426903 479023886
1790956130.299331 W 119 lat 314 3648 8222 0 exe 34055 190962 517018 resp 522962 830 pmu 1020459 306694 8304377 10319578 507200819
1790956131.351200 W 120 lat 314 3314 8981 0 exe 27685 158333 366518 resp 370962 690 pmu 1021131 259146 8304073 12147368 426327630
1790956132.303032 W 121 lat 333 3333 9999 0 exe 33296 187092 528944 resp 534018 700 pmu 1020279 318131 8290946 10442127 496938474
1790956133.361269 W 122 lat 296 3555 9222 0 exe 31944 167333 324203 resp 328833 688 pmu 1020757 271728 8307412 12246617 450951049
1790956134.303109 W 123 lat 296 3333 8851 0 exe 29462 173074 458518 resp 461407 730 pmu 1020529 299798 8304392 10088649 469612775
1790956135.350923 W 124 lat 296 2574 8499 0 exe 29740 114481 317425 resp 321333 385 pmu 1022539 189151 8285434 11435427 310469273
1790956136.307069 W 125 lat 314 3277 8999 0 exe 30870 165833 474148 resp 478462 696 pmu 1020731 291316 8304084 9733331 448999836
1790956137.359088 W 126 lat 333 3296 8537 0 exe 30296 174259 311685 resp 315055 723 pmu 1020983 276196 8300441 11571249 465318284
1790956138.303191 W 127 lat 333 3722 9351 0 exe 32592 199611 356777 resp 362240 822 pmu 1019929 324414 8316083 9979312 529917607
1790956139.342811 W 128 lat 296 1092 9055 0 exe 16740 66962 352574 resp 358314 207 pmu 1022329 123660 8259737 10583354 181628170
1790956140.278801 W 129 lat 296 296 444 0 exe 16611 20499 134333 resp 134703 2 pmu 1023388 51989 8242217 9784636 54042706
1790956141.323052 W 130 lat 296 2314 7999 0 exe 16574 173944 564499 resp 572055 744 pmu 1014352 396378 8262117 7297321 445173194
1790956142.363062 W 131 lat 1537 2962 5833 0 exe 163037 221629 377537 resp 381666 1000 pmu 1010437 519017 8260679 12451072 572120864
1790956143.303079 W 132 lat 1481 2999 5907 0 exe 178074 210203 264648 resp 267629 1000 pmu 1011365 472580 8274237 11533616 540850608
1790956144.343066 W 133 lat 1222 2981 6666 0 exe 133592 214166 372240 resp 376148 1000 pmu 1011027 490860 8266267 10417249 551231511
1790956145.279077 W 134 lat 1277 2999 6259 0 exe 173148 209666 266870 resp 270018 1000 pmu 1011256 471605 8272228 11297547 539272815
1790956146.319038 W 135 lat 1351 2999 5833 0 exe 167222 216759 370018 resp 373499 1000 pmu 1011183 496070 8269310 10413833 557428727
1790956147.359062 W 136 lat 1388 2999 5740 0 exe 155074 240796 364703 resp 367611 1000 pmu 1009944 590161 8255856 11451023 622319971
1790956148.299067 W 137 lat 1277 3018 5666 0 exe 135481 215537 382277 resp 386685 1000 pmu 1011200 495730 8274532 11454178 555472234
1790956149.339077 W 138 lat 1555 3074 6018 0 exe 167166 209888 263185 resp 265870 1000 pmu 1011477 472081 8280108 11412340 539877920
1790956150.275071 W 139 lat 1499 3148 6314 0 exe 172166 216481 390685 resp 394296 1000 pmu 1011320 495707 8272155 10346279 557054958
1790956151.315085 W 140 lat 1333 3018 6425 0 exe 137074 208166 260740 resp 264962 1000 pmu 1011580 467726 8271844 11685564 535805743
1790956152.359063 W 141 lat 796 3055 7666 0 exe 140388 218833 401425 resp 405407 1000 pmu 1010964 503969 8267381 10171133 563201051
1790956153.295072 W 142 lat 1481 3074 6166 0 exe 174981 210222 269981 resp 272870 1000 pmu 1011377 471869 8272330 11650249 540701817
1790956154.335053 W 143 lat 1481 3129 6296 0 exe 142740 216796 360962 resp 364148 1000 pmu 1011059 495999 8265276 10456379 557821487
1790956155.375097 W 144 lat 1111 3037 6555 0 exe 135907 208370 270351 resp 274870 1000 pmu 1011448 468540 8278530 11240450 536099648
1790956156.315064 W 145 lat 1296 3018 6981 0 exe 172203 216907 370444 resp 373648 1000 pmu 1011152 496583 8264826 10263445 557909193
1790956157.355036 W 146 lat 1444 3037 6740 0 exe 167018 216722 355962 resp 358666 1000 pmu 1011008 492279 8271981 11485052 557882138
1790956158.295126 W 147 lat 1277 2981 6222 0 exe 139037 216185 382611 resp 385722 1000 pmu 1011319 493287 8266200 11310508 557380254
1790956159.355035 W 148 lat 296 3018 6370 0 exe 57444 211407 450537 resp 456092 991 pmu 1012145 486205 8286952 11432611 545272926
1790956160.315082 W 149 lat 1351 3074 5685 0 exe 166037 218759 376592 resp 379333 1000 pmu 1011875 495969 8298103 11688293 561454622
1790956161.363082 W 150 lat 685 3240 7499 0 exe 143777 222129 452092 resp 456999 1000 pmu 1012282 479419 8300575 11516874 569042295
1790956162.315073 W 151 lat 1407 3148 6277 0 exe 139907 225814 411388 resp 414296 1000 pmu 1011875 500193 8297240 12194670 579513652
1790956163.375077 W 152 lat 1499 3222 6648 0 exe 170370 220444 282240 resp 285462 1000 pmu 1011941 474303 8297622 11773697 563542629
1790956164.331081 W 153 lat 1481 3240 6537 0 exe 138259 217351 323722 resp 326962 1000 pmu 1012451 467676 8311075 10611991 555593114
1790956165.279092 W 154 lat 1277 3203 6722 0 exe 143648 222888 386462 resp 390259 1000 pmu 1011970 486410 8291798 10850335 569809137
1790956166.323039 W 155 lat 1370 3203 6574 0 exe 133685 215981 274777 resp 278370 1000 pmu 1012103 463006 8300899 11534853 552370674
1790956167.362985 W 156 lat 833 3203 5777 0 exe 170740 233944 387814 resp 391740 1000 pmu 1011324 531253 8287580 10332417 599779992
1790956168.299043 W 157 lat 1018 3166 5851 0 exe 147129 235629 375129 resp 378833 1000 pmu 1011257 540876 8292440 11732863 605431335
1790956169.339024 W 158 lat 1259 3222 5981 0 exe 143703 221740 389148 resp 392166 1000 pmu 1012239 485344 8299852 11496381 568065440
1790956170.279104 W 159 lat 1351 3240 6703 0 exe 166555 217592 284129 resp 287148 1000 pmu 1012114 467046 8298093 11548613 556599451
1790956171.319042 W 160 lat 1111 3240 6629 0 exe 144388 224666 386777 resp 390277 1000 pmu 1011994 493091 8303193 10596167 575162333
1790956172.359076 W 161 lat 1314 3296 6518 0 exe 166444 222777 395833 resp 400203 1000 pmu 1011987 484909 8299247 11548065 570122006
1790956173.295045 W 162 lat 1203 3259 7518 0 exe 129648 222907 381351 resp 384370 1000 pmu 1012338 488047 8301718 11744431 571237398
1790956174.339057 W 163 lat 1388 3277 6314 0 exe 178907 218388 261851 resp 266129 1000 pmu 1012118 469528 8303140 11413784 558331976
1790956175.275076 W 164 lat 1222 3259 6759 0 exe 149666 222499 416574 resp 420277 1000 pmu 1012259 489955 8299974 10443850 569345924
1790956176.315034 W 165 lat 1407 3314 6370 0 exe 172518 217055 276296 resp 281370 1000 pmu 1012387 465984 8306036 11863978 555275299
1790956177.359067 W 166 lat 1203 3259 6296 0 exe 135722 227592 395833 resp 400722 1000 pmu 1011849 503778 8292500 10554334 582589221
1790956178.295047 W 167 lat 1148 3185 6388 0 exe 153814 215999 267148 resp 271129 1000 pmu 1012198 464821 8304011 11615657 552611397
1790956179.339041 W 168 lat 1444 3296 6518 0 exe 171666 224259 395537 resp 397833 1000 pmu 1012102 491265 8303164 10356602 573496874
1790956180.275034 W 169 lat 1277 3222 6611 0 exe 143759 216722 321814 resp 325981 1000 pmu 1012144 465832 8298320 11765426 554361258
1790956181.319074 W 170 lat 1055 3166 6648 0 exe 141111 223074 386722 resp 389814 1000 pmu 1011751 489456 8292710 10859491 570854729
1790956182.359042 W 171 lat 1425 3259 6388 0 exe 144722 221407 356037 resp 360166 1000 pmu 1012051 480634 8295638 11520484 566593972
1790956183.295045 W 172 lat 1333 3370 6574 0 exe 172611 226129 391981 resp 395462 1000 pmu 1012008 495969 8298643 11229581 578672902
1790956184.335048 W 173 lat 1166 3333 6833 0 exe 145870 216148 277944 resp 283129 1000 pmu 1012528 462396 8303050 11749915 552818728
1790956185.375060 W 174 lat 1333 3370 6814 0 exe 147203 223611 408648 resp 412259 1000 pmu 1012194 489469 8301004 10434720 571961871
1790956186.315079 W 175 lat 1462 3370 8314 0 exe 171444 218611 297444 resp 301888 1000 pmu 1011860 469703 8298704 11778596 559189885
1790956187.355096 W 176 lat 1314 3314 6981 0 exe 167537 228611 381851 resp 383703 1000 pmu 1011627 505420 8292862 10775276 585498445
1790956188.295063 W 177 lat 1148 3222 6777 0 exe 146314 245203 376740 resp 380851 1000 pmu 1010639 575110 8277724 11629177 630159790
1790956189.335062 W 178 lat 1296 3351 8648 0 exe 142666 223722 377962 resp 381203 1000 pmu 1012194 487379 8296387 11563920 572697963
1790956190.275042 W 179 lat 1462 3425 7314 0 exe 172222 218703 302907 resp 306870 1000 pmu 1011962 466864 8301648 11457004 558951709
1790956191.315076 W 180 lat 1166 3314 7370 0 exe 148074 224166 372185 resp 374870 1000 pmu 1011913 495538 8296301 10827025 573961448
1790956192.355061 W 181 lat 1444 3333 7148 0 exe 141555 215740 300092 resp 304166 1000 pmu 1012429 462946 8304579 11418247 551913752
1790956193.295034 W 182 lat 1444 3333 6907 0 exe 168685 230518 392907 resp 396592 1000 pmu 1011601 509509 8290037 10629836 589843669
1790956194.359133 W 183 lat 1333 3314 7055 0 exe 176685 218759 284462 resp 288870 1000 pmu 1011931 467980 8296081 11764499 559265044
1790956195.315078 W 184 lat 1277 3222 11259 0 exe 150648 224296 396796 resp 400314 1000 pmu 1011936 490049 8294360 10665041 573780618
1790956196.367087 W 185 lat 1537 3277 7037 0 exe 140537 217703 297685 resp 302351 1000 pmu 1012170 465718 8297824 11701590 556837020
1790956197.306990 W 186 lat 1499 3222 7148 0 exe 172092 224703 399722 resp 405129 1000 pmu 1012040 490741 8299798 10613263 574619724
1790956198.367077 W 187 lat 1388 3203 6129 0 exe 173074 222833 363277 resp 368370 1000 pmu 1011803 482916 8297777 11830106 570414949
1790956199.311072 W 188 lat 1425 3185 6055 0 exe 133037 222462 384222 resp 387907 1000 pmu 1012205 485364 8294748 11453988 569649065
1790956200.351034 W 189 lat 1407 3185 6111 0 exe 180055 217314 279666 resp 283537 1000 pmu 1012065 465991 8300541 11454040 555749812
1790956201.290812 W 190 lat 296 1129 6259 0 exe 16722 79981 277462 resp 281203 295 pmu 1020115 204617 8260560 10616764 206392382
1790956202.330847 W 191 lat 296 296 333 0 exe 16574 18759 33296 resp 33611 0 pmu 1023438 31989 8247249 9074669 48696095
1790956203.375263 W 192 lat 296 3444 12425 0 exe 17259 275962 605259 resp 609999 672 pmu 1016047 492584 8264826 6277101 699721752
1790956204.311304 W 193 lat 351 5444 12333 0 exe 67388 403981 561648 resp 567185 978 pmu 1010787 607585 8247616 13385849 1017555041
1790956205.351362 W 194 lat 2518 6240 12388 0 exe 165685 398907 569629 resp 575907 1000 pmu 1012771 511504 8274854 13854377 997019054
1790956206.291349 W 195 lat 296 2759 13611 0 exe 25814 221037 538722 resp 542148 553 pmu 1016708 456636 8263652 14417768 579138610
1790956207.330897 W 196 lat 1407 6074 14407 0 exe 146407 431537 621444 resp 627055 1000 pmu 1012617 551200 8262283 12484598 1080818299
1790956208.370907 W 197 lat 296 2240 12629 0 exe 45796 221851 599962 resp 603703 722 pmu 1014899 619341 8257325 15003369 596795550
1790956209.307054 W 198 lat 296 3722 10462 0 exe 45037 334370 601518 resp 606037 914 pmu 1012372 635947 8252873 13194837 865568220
1790956210.351254 W 199 lat 722 5574 14722 0 exe 106370 415425 615685 resp 619055 1000 pmu 1010671 606918 8251510 13769813 1047911875
1790956211.287186 W 200 lat 351 5666 14555 0 exe 72444 384907 564370 resp 570462 997 pmu 1012013 538515 8263486 14650401 969183515
1790956212.327362 W 201 lat 296 3166 14037 0 exe 33351 250888 631425 resp 636092 663 pmu 1015714 479645 8264374 13825384 650731065
1790956213.371007 W 202 lat 296 5444 13499 0 exe 51037 430166 644351 resp 652148 979 pmu 1011707 621972 8247032 13608843 1084178276
1790956214.311394 W 203 lat 296 1722 7777 0 exe 44999 173185 568870 resp 573462 603 pmu 1015877 545792 8270841 14746110 472788116
1790956215.363473 W 204 lat 407 4722 13166 0 exe 59685 385814 638962 resp 647925 986 pmu 1011465 634882 8246863 12614241 983901058
1790956216.303180 W 205 lat 2037 6129 13388 0 exe 131351 420333 643518 resp 649555 1000 pmu 1012198 553779 8266714 14515998 1050979232
1790956217.346861 W 206 lat 296 4518 13537 0 exe 40037 316296 609444 resp 616518 838 pmu 1014286 494400 8268863 15093778 803780279
1790956218.283203 W 207 lat 296 4370 14185 0 exe 34203 348555 611351 resp 618907 845 pmu 1013673 549277 8257036 13765405 881361263
1790956219.322992 W 208 lat 296 4240 11018 0 exe 43481 345981 634388 resp 638462 944 pmu 1013131 582890 8256882 13921825 893478950
1790956220.367249 W 209 lat 296 2499 8185 0 exe 45740 238592 634722 resp 641425 751 pmu 1014116 607485 8257247 14151041 633311439
1790956221.303092 W 210 lat 351 5148 10611 0 exe 78129 424055 602351 resp 609870 996 pmu 1009533 666560 8236447 13619779 1068677098
1790956222.347088 W 211 lat 2370 6092 12333 0 exe 138759 423259 654666 resp 663592 1000 pmu 1011766 571762 8260382 14415213 1058306055
1790956223.283107 W 212 lat 296 3351 9222 0 exe 38629 266944 558111 resp 562333 813 pmu 1014524 500867 8250398 15267475 689285557
1790956224.331269 W 213 lat 370 5351 11499 0 exe 80870 446481 641611 resp 647111 998 pmu 1011206 638189 8251779 12957005 1122643339
1790956225.371274 W 214 lat 296 1740 7537 0 exe 31629 174907 520074 resp 525277 629 pmu 1015919 523130 8257835 14927893 468879487
1790956226.307210 W 215 lat 314 4388 12814 0 exe 64351 391611 635166 resp 644351 991 pmu 1011545 672074 8248539 12069999 993747602
1790956227.347290 W 216 lat 1629 5981 13444 0 exe 171648 414166 594499 resp 600999 1000 pmu 1011244 567230 8256569 14527588 1040145174
1790956228.287210 W 217 lat 314 5185 13499 0 exe 61185 374703 623333 resp 629203 966 pmu 1011859 583769 8256819 14774392 951937209
1790956229.331265 W 218 lat 296 3722 12796 0 exe 44222 281148 558148 resp 563296 759 pmu 1015913 514029 8273114 14299141 725150179
1790956230.371044 W 219 lat 296 4722 12907 0 exe 46407 384370 626537 resp 632796 937 pmu 1013269 591922 8260298 13080510 969183731
1790956231.311220 W 220 lat 296 2037 7629 0 exe 42333 196870 571518 resp 577574 645 pmu 1015004 550102 8256303 14301796 535637017
1790956232.351172 W 221 lat 444 5277 12074 0 exe 189166 432370 608018 resp 616388 1000 pmu 1010352 667970 8250608 12753846 1086002891
1790956233.287183 W 222 lat 2444 5999 15074 0 exe 142944 419907 631185 resp 640055 1000 pmu 1011375 572058 8262083 15081197 1052525741
1790956234.331177 W 223 lat 314 4129 10314 0 exe 48999 329037 513851 resp 517537 953 pmu 1012908 544200 8252151 15050481 844987675
1790956235.371252 W 224 lat 296 4685 13407 0 exe 36388 381111 600296 resp 607166 948 pmu 1012806 572636 8262156 12883251 971980568
1790956236.307169 W 225 lat 296 2425 10037 0 exe 44240 225203 490333 resp 497333 676 pmu 1014836 566325 8257408 13978346 598579471
1790956237.363396 W 226 lat 296 4203 13129 0 exe 39629 344944 579685 resp 583092 912 pmu 1012569 595651 8256329 12111748 886880150
1790956238.303132 W 227 lat 444 5722 13611 0 exe 122462 426814 652796 resp 659296 1000 pmu 1010864 617420 8252236 13587481 1070841053
1790956239.347206 W 228 lat 333 4870 12129 0 exe 70222 371629 595796 resp 600222 995 pmu 1012359 564514 8258416 15168267 941770516
1790956240.291258 W 229 lat 296 4055 10722 0 exe 24703 349296 566425 resp 572388 920 pmu 1012557 561018 8244854 14038395 894052252
1790956241.335160 W 230 lat 296 3481 10296 0 exe 50314 304685 621574 resp 626018 799 pmu 1013962 565431 8258508 13401363 786357976
1790956242.283237 W 231 lat 296 3277 13351 0 exe 44925 276240 551574 resp 557277 833 pmu 1014017 583383 8259012 13845452 719163799
1790956243.331405 W 232 lat 629 5185 13296 0 exe 123537 430407 606518 resp 611240 1000 pmu 1010093 678314 8241159 12997411 1086565618
1790956244.371249 W 233 lat 1851 5499 14222 0 exe 137648 382222 538444 resp 545555 1000 pmu 1012520 531505 8273935 14716568 959861129
1790956245.307102 W 234 lat 296 3796 9888 0 exe 25666 326740 598648 resp 605666 903 pmu 1013438 554866 8257753 13889587 832801106
1790956246.350974 W 235 lat 314 4462 9981 0 exe 66203 380981 572092 resp 575888 979 pmu 1012551 569040 8253915 13616157 964405966
1790956247.291367 W 236 lat 296 1944 8648 0 exe 44629 211222 621796 resp 627259 775 pmu 1014736 577192 8256746 13811542 568499337
1790956248.335337 W 237 lat 462 4333 11907 0 exe 77351 424703 627555 resp 633018 996 pmu 1010012 672904 8246622 13341707 1066274477
1790956249.379288 W 238 lat 555 4759 18537 0 exe 94814 448722 671481 resp 677814 999 pmu 1009498 704450 8242291 14659312 1126340756
1790956250.327212 W 239 lat 296 3203 10055 0 exe 36037 276851 577870 resp 583222 793 pmu 1013191 526338 8244401 15345484 723088330
1790956251.275284 W 240 lat 444 5444 12629 0 exe 48666 421333 623407 resp 628222 992 pmu 1012550 603875 8258942 13200199 1061796736
1790956252.322953 W 241 lat 296 2518 10333 0 exe 34759 215074 536925 resp 543370 699 pmu 1015389 532881 8266166 14462375 564871637
1790956253.275277 W 242 lat 296 4037 11425 0 exe 56537 333537 613629 resp 619888 950 pmu 1012607 622935 8251647 12478967 859424297
1790956254.323290 W 243 lat 1944 5740 13370 0 exe 139592 414222 596833 resp 602722 1000 pmu 1009839 609151 8244294 13959487 1042507001
1790956255.278912 W 244 lat 314 5166 11203 0 exe 50648 363462 599296 resp 607185 975 pmu 1012140 558076 8257777 14634612 916717040
1790956256.327309 W 245 lat 296 3925 11092 0 exe 36981 324555 613648 resp 622629 905 pmu 1013256 553293 8256878 13948742 834005296
1790956257.274966 W 246 lat 296 3925 12351 0 exe 38333 313074 649462 resp 656740 872 pmu 1014907 548145 8269046 13827911 804728634
1790956258.327233 W 247 lat 296 2685 10092 0 exe 38481 235351 620666 resp 626129 733 pmu 1014617 559488 8263637 14132741 619656974
1790956259.383343 W 248 lat 1055 5222 10555 0 exe 78055 415777 613851 resp 620555 998 pmu 1010232 654103 8242650 13431194 1051041898
1790956260.335000 W 249 lat 2166 5481 11722 0 exe 202685 387314 610759 resp 618981 1000 pmu 1011569 561600 8261942 14487839 975531032
1790956261.275226 W 250 lat 296 4092 9999 0 exe 54111 329425 584888 resp 589185 986 pmu 1012961 560424 8246765 14958109 845462197
1790956262.322944 W 251 lat 296 4481 12981 0 exe 45629 381037 594777 resp 599518 977 pmu 1010858 623295 8243465 13622526 968318645
1790956263.370808 W 252 lat 296 777 7981 0 exe 17296 70851 371092 resp 375388 206 pmu 1020649 288294 8251018 13953973 195067734
1790956264.306782 W 253 lat 296 296 333 0 exe 16537 18499 34240 resp 34555 0 pmu 1023466 28878 8244517 9977960 48576966
1790956265.346805 W 254 lat 296 296 444 0 exe 16481 22222 112166 resp 112481 2 pmu 1023383 72081 8249597 6283075 56444232
1790956266.282782 W 255 lat 296 296 333 0 exe 16388 18370 35129 resp 35425 0 pmu 1023461 27797 8249148 7080994 46579594
1790956267.322804 W 256 lat 296 296 425 0 exe 16814 20740 105314 resp 105629 2 pmu 1023397 55085 8250273 6290403 52550612
1790956268.362805 W 257 lat 296 296 722 0 exe 16666 20814 95351 resp 95685 0 pmu 1023393 55609 8246005 7006617 52902050
1790956269.298824 W 258 lat 296 296 1037 0 exe 16481 28925 113740 resp 114092 23 pmu 1022976 149051 8245254 6908309 76679169
