1790956016.298079 3261 2710 2693
1790956021.306708 3412 2774 2751
1790956026.314552 3622 2895 2871
1790956031.322245 3785 2948 2918
1790956036.330395 3935 3012 2980
1790956041.338348 4071 3067 3033
1790956046.346469 4260 3178 3137
1790956051.354495 4402 3234 3186
1790956056.362624 4559 3300 3242
1790956061.370892 4706 3347 3286
1790956066.378707 4913 3453 3391
1790956071.386250 5060 3507 3431
1790956076.393996 5184 3624 3501
1790956081.407312 5671 4239 3846
1790956086.431269 6357 5268 4550
1790956091.475059 7039 6294 5310
1790956096.496600 7556 7249 5876
1790956101.519953 8216 8302 6510
1790956106.558193 8809 9273 7106
1790956111.575905 9466 10273 7665
1790956116.623248 10271 11368 8515
1790956121.665469 11034 12416 9237
1790956126.703313 11591 13402 9913
1790956131.747598 12226 14466 10539
1790956136.784028 12758 15405 11114
1790956141.807148 13366 16153 11709
1790956146.927598 14658 17438 12992
1790956151.981627 15935 18716 14257
1790956157.010061 17205 19978 15516
1790956162.046261 18458 21238 16775
1790956167.081993 19731 22501 18034
1790956172.123161 21002 23778 19296
1790956177.158336 22276 25043 20556
1790956182.193921 23545 26308 21814
1790956187.231223 24819 27575 23074
1790956192.266410 26092 28843 24337
1790956197.299181 27364 30104 25599
1790956202.329668 28220 30965 26437
1790956207.348346 29450 32187 27652
1790956212.387577 30728 33462 28918
1790956217.457357 32008 34732 30186
1790956222.507471 33279 35999 31451
1790956227.532409 34549 37246 32707
1790956232.584509 35828 38521 33976
1790956237.643566 37104 39787 35240
1790956242.687961 38378 41054 36502
1790956247.725735 39650 42322 37765
1790956252.774834 40927 43591 39027
1790956257.824591 42182 44849 40291
1790956262.852585 43403 46069 41502
1790956267.860301 43500 46202 41577
