1790358584.279899 <missed 121800 bytes of console log>
1790358584.280001 p 432629 1000 pmu 1032221 1045686 8537535 12629740 993566902
1790358584.280061 W 184 lat 1185 3462 6833 0 exe 316370 383388 435370 resp 439185 1000 pmu 1032206 1041463 8539581 13564946 993728921
1790358584.280118 W 185 lat 1666 3407 6851 0 exe 335259 385444 445888 resp 451166 1000 pmu 1032621 1047670 8555876 13691613 998577814
1790358584.280174 W 186 lat 870 3259 7444 0 exe 300296 384388 450166 resp 451740 1000 pmu 1032097 1046220 8531860 13911166 996215098
1790358584.280229 W 187 lat 499 3129 6555 0 exe 296074 379370 437277 resp 440796 1000 pmu 1032048 1046367 8542745 13753296 983591810
1790358584.280284 W 188 lat 1259 3388 7944 0 exe 287629 378351 433740 resp 437388 1000 pmu 1032181 1045331 8544610 13581274 981705389
1790358584.280339 W 189 lat 1296 3407 6425 0 exe 294851 379962 434407 resp 440833 1000 pmu 1032279 1046526 8551109 13511137 985067808
1790358584.280391 W 190 lat 277 870 5888 0 exe 14962 83685 431203 resp 434444 193 pmu 983296 225481 7986913 13566128 220350850
1790358584.280466 W 191 lat 277 296 314 0 exe 14962 15111 15722 resp 16018 0 pmu 972288 158 7892525 10616022 40712361
1790358584.280491 Closing cell "rt-bench"
1790358584.280515 [MG] Initializing memguard on CPU 3
1790358584.280539 [SMMUv2] Exiting SMMUv2 on cell 1
1790358584.280575 Page pool usage after cell destruction: mem 83/4061, remap 5/131072
1790358584.280600 [MG] Initializing memguard on CPU 3
1790358584.280624 [MG] Initializing memguard on CPU 3
1790358584.280677 [COL] Colored OP 0: PHYS 0x30000000 -> VIRT 0x00000000 (SIZE: 0x00400000, COL: 0x000000ff, extra: 0x0000000000000000)
1790358584.280697 [COL] Result: 0
1790358584.280721 [MG] Initializing memguard on CPU 3
1790358584.280741 Created cell "rt-bench"
1790358584.280774 Page pool usage after cell creation: mem 98/4061, remap 5/131072
1790358584.280828 [COL] Colored OP 3: PHYS 0x30000000 -> VIRT 0x00000000 (SIZE: 0x00400000, COL: 0x000000ff, extra: 0x0000000000000000)
1790358584.280855 [MG] Initializing memguard on CPU 3
1790358584.280872 [COL] Result: 0
1790358584.280894 Cell "rt-bench" can be loaded
1790358584.280946 [COL] Colored OP 2: PHYS 0x30000000 -> VIRT 0x00000000 (SIZE: 0x00400000, COL: 0x000000ff, extra: 0x0000000000000000)
1790358584.280965 [COL] Result: 0
1790358584.281018 [COL] Colored OP 4: PHYS 0x30000000 -> VIRT 0x00000000 (SIZE: 0x00400000, COL: 0x000000ff, extra: 0x0000000000000001)
1790358584.281037 [COL] Result: 0
1790358584.281056 Started cell "rt-bench"
1790358584.281080 [MG] Initializing memguard on CPU 3
1790358584.281111 rt-bench: ws 1024 KB, 1024 loads/period, window 1000
1790358585.320509 W 0 lat 333 481 907 0 exe 59351 83055 201462 resp 202074 178 pmu 1024193 626303 8342783 5308107 133929328
1790358586.256486 W 1 lat 277 314 648 0 exe 49333 62129 169962 resp 170537 37 pmu 1024247 535876 8341996 8497581 151316479
1790358587.296504 W 2 lat 277 296 481 0 exe 48333 60222 126499 resp 126814 11 pmu 1024112 522105 8331991 8025442 149989948
1790358588.336469 W 3 lat 277 296 481 0 exe 44925 55314 93166 resp 93462 0 pmu 1024202 463784 8331457 7573684 137170014
1790358589.272494 W 4 lat 277 296 1240 0 exe 48796 59518 123944 resp 124388 11 pmu 1024305 512988 8336214 7198791 147741577
1790358590.312477 W 5 lat 277 296 333 0 exe 48685 54203 79425 resp 79722 0 pmu 1024187 450087 8329363 7551622 134376321
1790358591.264665 W 6 lat 277 462 4037 0 exe 49148 131111 431722 resp 434425 749 pmu 1024001 930774 8333473 7076170 381344050
1790358592.304539 W 7 lat 277 314 1333 0 exe 47907 62462 240722 resp 241314 10 pmu 1024216 540021 8331766 11015232 157723472
1790358593.344495 W 8 lat 277 296 666 0 exe 49814 66703 138351 resp 139018 49 pmu 1024239 597163 8331914 8730989 168373990
1790358594.280475 W 9 lat 277 296 333 0 exe 48037 54740 73370 resp 73666 0 pmu 1024141 457142 8329031 7734976 135693589
1790358595.320497 W 10 lat 277 296 555 0 exe 49333 59129 115944 resp 116259 11 pmu 1024265 508968 8335143 7012886 146608578
1790358596.256471 W 11 lat 277 296 333 0 exe 47925 53685 69555 resp 69870 0 pmu 1024271 445039 8338956 7468257 133094226
1790358597.296492 W 12 lat 277 296 518 0 exe 47518 59185 118222 resp 118666 10 pmu 1024213 509788 8333236 6969025 146771723
1790358598.336474 W 13 lat 277 296 333 0 exe 48314 55037 70277 resp 70592 0 pmu 1024243 460771 8335238 7482708 136391461
1790358599.272494 W 14 lat 277 296 666 0 exe 48925 59870 116648 resp 117314 11 pmu 1024233 518711 8333817 6984858 148566906
1790358600.312468 W 15 lat 277 296 333 0 exe 48925 53425 67277 resp 67592 0 pmu 1024163 441213 8335684 7479317 132385657
1790358601.356494 W 16 lat 277 296 611 0 exe 48888 58499 114425 resp 114740 11 pmu 1024256 501428 8333476 6949988 145111066
1790358602.292470 W 17 lat 277 296 333 0 exe 47925 55185 80666 resp 80981 0 pmu 1024150 462017 8332524 7447918 136597958
1790358603.332496 W 18 lat 277 296 407 0 exe 48203 59222 116666 resp 117074 11 pmu 1024226 510061 8336888 7087575 146833279
1790358604.268477 W 19 lat 277 296 333 0 exe 48833 54222 70185 resp 70499 0 pmu 1024235 451377 8337955 7469995 134362157
1790358605.308496 W 20 lat 277 296 685 0 exe 49944 60981 136259 resp 136574 11 pmu 1024159 530886 8328874 6982567 151122428
1790358606.348472 W 21 lat 277 296 333 0 exe 49092 54481 71351 resp 71648 0 pmu 1024240 453807 8333544 7684419 135042751
1790358607.288493 W 22 lat 277 296 425 0 exe 49185 58870 115888 resp 116259 10 pmu 1024220 506105 8331990 6996520 146067357
1790358608.328467 W 23 lat 277 296 333 0 exe 49277 53666 68314 resp 68611 0 pmu 1024229 444039 8335116 7465204 132960215
1790358609.264498 W 24 lat 277 296 481 0 exe 49611 59148 120888 resp 121203 10 pmu 1024147 509221 8335076 6963058 146636099
1790358610.304474 W 25 lat 277 296 333 0 exe 49314 54870 70592 resp 70907 0 pmu 1024248 459186 8341848 7518697 136002745
1790358611.344495 W 26 lat 277 296 425 0 exe 49370 58518 129944 resp 130259 11 pmu 1024320 501500 8336825 6992156 145153110
1790358612.280470 W 27 lat 277 296 333 0 exe 47888 53722 69481 resp 69796 0 pmu 1024312 444862 8336565 7604585 133277700
1790358613.320496 W 28 lat 277 296 481 0 exe 48648 59092 112722 resp 113203 11 pmu 1024184 508791 8329588 6968305 146619111
1790358614.256470 W 29 lat 277 296 333 0 exe 48462 54296 70611 resp 70925 0 pmu 1024163 451770 8334540 7432766 134495043
1790358615.296506 W 30 lat 277 296 388 0 exe 48740 58888 119870 resp 120203 11 pmu 1024252 505791 8335265 6985210 145997630
1790358616.336475 W 31 lat 277 296 333 0 exe 48592 53944 69148 resp 69462 0 pmu 1024237 447187 8343680 7502516 133640527
1790358617.272496 W 32 lat 277 296 407 0 exe 47814 59296 113796 resp 114111 11 pmu 1024275 510611 8336240 6969513 146990866
1790358618.312470 W 33 lat 277 296 333 0 exe 48703 53648 70518 resp 70833 0 pmu 1024110 445244 8332246 7439263 133077685
1790358619.352495 W 34 lat 277 296 574 0 exe 49277 58333 111092 resp 111537 11 pmu 1024222 499760 8333769 6982235 144764432
1790358620.288471 W 35 lat 277 296 333 0 exe 47703 53481 68129 resp 68425 0 pmu 1024217 441902 8331684 7416284 132530017
1790358621.328498 W 36 lat 277 296 425 0 exe 48333 58388 121444 resp 121759 10 pmu 1024226 499942 8334477 6952354 144872383
1790358622.264471 W 37 lat 277 296 351 0 exe 48666 54555 71481 resp 71796 0 pmu 1024343 454857 8334788 7513944 135260789
1790358623.304499 W 38 lat 277 296 925 0 exe 49759 59462 121166 resp 121592 11 pmu 1024251 512904 8333208 6996489 147423460
1790358624.344470 W 39 lat 277 296 333 0 exe 48722 54148 70666 resp 70962 0 pmu 1024282 449859 8342495 7526654 134139824
1790358625.280495 W 40 lat 277 296 481 0 exe 49203 59055 118185 resp 118592 11 pmu 1024378 508281 8338050 6986287 146514811
1790358626.320470 W 41 lat 277 296 333 0 exe 48055 54259 74444 resp 74759 0 pmu 1024273 451014 8339527 7489594 134453504
1790358627.256499 W 42 lat 277 296 518 0 exe 49740 59333 122851 resp 123185 10 pmu 1024338 511470 8337521 7021369 147163086
1790358628.296474 W 43 lat 277 296 333 0 exe 48518 53537 68314 resp 68611 0 pmu 1024226 441499 8335580 7540213 132559709
1790358629.336502 W 44 lat 277 296 537 0 exe 49629 59666 115796 resp 116111 11 pmu 1024292 514969 8336508 6958613 147779901
1790358630.272470 W 45 lat 277 296 333 0 exe 48666 54314 71944 resp 72259 0 pmu 1024279 451514 8338248 7471003 134492281
1790358631.312495 W 46 lat 277 296 685 0 exe 49444 58518 121611 resp 121925 11 pmu 1024242 501587 8337734 6999642 145161625
1790358632.352474 W 47 lat 277 296 333 0 exe 47870 53740 68222 resp 68555 0 pmu 1024315 445655 8330712 7523072 133295444
1790358633.288499 W 48 lat 277 296 555 0 exe 48018 58444 118277 resp 118796 11 pmu 1024207 500674 8329241 6955704 145001119
1790358634.328480 W 49 lat 277 296 333 0 exe 48796 55092 69425 resp 69740 0 pmu 1024195 461359 8334342 7482498 136459826
1790358635.268496 W 50 lat 277 296 611 0 exe 48777 59611 115388 resp 115999 11 pmu 1024299 514253 8335305 6979098 147802126
1790358636.308469 W 51 lat 277 296 333 0 exe 48666 53870 69092 resp 69407 0 pmu 1024157 446086 8330896 7464115 133388353
1790358637.348500 W 52 lat 277 296 370 0 exe 49481 58851 114888 resp 115203 11 pmu 1024178 505692 8330343 6968962 145990359
1790358638.284469 W 53 lat 277 296 333 0 exe 47907 54277 69592 resp 69925 0 pmu 1024187 451502 8335432 7456082 134448408
1790358639.324496 W 54 lat 277 296 333 0 exe 48833 58259 118851 resp 119185 10 pmu 1024204 498107 8333819 6972286 144499219
1790358640.260469 W 55 lat 277 296 333 0 exe 49259 54203 69277 resp 69592 0 pmu 1024286 449834 8339908 7489414 134213365
1790358641.304502 W 56 lat 277 296 425 0 exe 48277 58981 132037 resp 132462 10 pmu 1024232 506627 8337373 6975475 146243400
1790358642.344468 W 57 lat 277 296 333 0 exe 48259 55148 79833 resp 80148 0 pmu 1024163 461275 8338057 7623116 136621564
1790358643.280494 W 58 lat 296 296 444 0 exe 49055 57537 117166 resp 117574 10 pmu 1024111 490597 8330808 7080713 142881407
1790358644.320471 W 59 lat 277 296 333 0 exe 47962 54592 69574 resp 69888 0 pmu 1024250 455322 8337249 7471060 135257190
1790358645.256499 W 60 lat 277 296 518 0 exe 48574 58296 119722 resp 120240 11 pmu 1024255 498681 8338515 6973907 144580863
1790358646.296472 W 61 lat 277 296 388 0 exe 48999 54851 71685 resp 71999 0 pmu 1024236 458054 8328577 7498889 135897751
1790358647.336497 W 62 lat 277 296 425 0 exe 48740 58462 133037 resp 133333 12 pmu 1024261 500782 8331179 7001882 145002582
1790358648.272473 W 63 lat 277 296 333 0 exe 48111 54481 70407 resp 70703 0 pmu 1024282 453870 8338956 7631991 135020237
1790358649.312500 W 64 lat 277 296 499 0 exe 49203 57462 117740 resp 118055 12 pmu 1024245 489009 8336228 6982193 142565091
1790358650.352472 W 65 lat 277 296 333 0 exe 50296 54796 70629 resp 70944 0 pmu 1024286 458020 8337057 7476884 135856045
1790358651.288496 W 66 lat 277 296 462 0 exe 49240 57592 115092 resp 115499 10 pmu 1024274 490857 8331758 6997147 142977968
1790358652.328474 W 67 lat 277 296 333 0 exe 48537 55518 71388 resp 71722 0 pmu 1024148 466253 8334312 7451723 137488342
1790358653.264498 W 68 lat 277 296 740 0 exe 49129 63574 133259 resp 133574 15 pmu 1024260 562255 8332027 6999660 157864496
1790358654.304470 W 69 lat 277 296 333 0 exe 49611 55055 72796 resp 73129 0 pmu 1024393 460859 8335869 7663676 136564353
1790358655.356515 W 70 lat 277 1740 9499 0 exe 49370 227092 546499 resp 550129 642 pmu 1023757 760236 8349978 7018851 580294099
1790358656.296759 W 71 lat 314 3370 8888 0 exe 61092 314148 449722 resp 453518 987 pmu 1023375 729280 8374548 12685563 815736926
1790358657.340871 W 72 lat 407 3351 9222 0 exe 69888 346703 518185 resp 522407 992 pmu 1023255 757791 8368284 12217845 889349493
1790358658.288655 W 73 lat 296 3444 9555 0 exe 73074 338333 496611 resp 499388 991 pmu 1023211 725880 8378165 13113386 874548696
1790358659.344706 W 74 lat 314 3555 8296 0 exe 73222 334648 544018 resp 547685 989 pmu 1023420 732473 8375672 12866124 868898506
1790358660.284814 W 75 lat 481 3314 9462 0 exe 66870 346037 499074 resp 501981 992 pmu 1023431 766719 8364946 13321294 886757423
1790358661.336721 W 76 lat 370 3759 10907 0 exe 69981 334166 494499 resp 500592 989 pmu 1023295 720397 8394576 12898698 867868726
1790358662.276908 W 77 lat 407 3814 9074 0 exe 73962 351574 535388 resp 541370 993 pmu 1022979 728843 8372210 12834146 908008202
1790358663.328741 W 78 lat 425 3907 8314 0 exe 73388 358759 508648 resp 512407 992 pmu 1022654 730618 8377681 13340425 926223806
1790358664.272843 W 79 lat 333 3592 8296 0 exe 74166 356518 522018 resp 527999 990 pmu 1022994 749383 8372412 13091778 919397374
1790358665.320848 W 80 lat 351 3648 9722 0 exe 70925 333870 502648 resp 509722 989 pmu 1023186 729654 8370644 13227292 866734069
1790358666.264865 W 81 lat 333 3722 8777 0 exe 69185 355055 550574 resp 555425 990 pmu 1023178 745307 8377236 12916999 916467950
1790358667.320655 W 82 lat 314 3481 8592 0 exe 70648 341481 512703 resp 514944 990 pmu 1023236 725767 8363335 13478058 876622545
1790358668.272867 W 83 lat 333 3703 10296 0 exe 70111 349499 551129 resp 556592 988 pmu 1023230 744680 8377310 13023350 903512586
1790358669.324821 W 84 lat 333 2407 10037 0 exe 71777 301222 470037 resp 472962 988 pmu 1023831 767923 8349692 13470740 775226542
1790358670.272777 W 85 lat 314 3314 8222 0 exe 77074 340648 483481 resp 487722 992 pmu 1023225 760732 8370757 12406486 878749933
1790358671.328601 W 86 lat 296 3055 9203 0 exe 69314 302925 481888 resp 486351 956 pmu 1023488 735691 8366248 12766331 784357661
1790358672.268776 W 87 lat 314 3129 8703 0 exe 74388 335925 543796 resp 547685 991 pmu 1023469 752016 8367376 12527766 864372839
1790358673.324779 W 88 lat 351 3407 9648 0 exe 72685 322962 495611 resp 499351 989 pmu 1023230 732895 8373901 13332474 835825139
1790358674.268795 W 89 lat 351 3407 8629 0 exe 69481 346851 516555 resp 521018 989 pmu 1023340 744105 8374538 12782633 893237795
1790358675.320720 W 90 lat 314 3092 9296 0 exe 59925 317592 475166 resp 477888 987 pmu 1023515 747811 8365691 13094002 821605460
1790358676.268610 W 91 lat 314 3296 9314 0 exe 69555 340314 544296 resp 549907 991 pmu 1023558 752437 8370263 12478912 874441787
1790358677.320724 W 92 lat 370 3370 9629 0 exe 72666 336703 496240 resp 505740 991 pmu 1023228 736173 8364314 13347587 868949627
1790358678.276613 W 93 lat 314 3425 9296 0 exe 75759 336740 528796 resp 533722 990 pmu 1023336 785480 8372097 12886252 874003590
1790358679.324783 W 94 lat 314 3148 10611 0 exe 75685 321648 424629 resp 428129 992 pmu 1023481 715509 8358867 13202870 826015974
1790358680.272567 W 95 lat 314 3481 16574 0 exe 72574 337018 539518 resp 543055 990 pmu 1023194 736838 8370299 12083278 872858465
1790358681.324664 W 96 lat 314 2222 7444 0 exe 75814 298740 480907 resp 486888 989 pmu 1024002 761684 8353229 13325275 761922484
1790358682.272799 W 97 lat 314 3462 9222 0 exe 73703 337925 540296 resp 543888 990 pmu 1023467 767113 8371224 12524134 876762335
1790358683.328613 W 98 lat 314 3314 9833 0 exe 70796 341481 477333 resp 480222 991 pmu 1023412 750402 8368971 13306654 877035470
1790358684.268631 W 99 lat 370 3333 7388 0 exe 69129 333814 537481 resp 540481 991 pmu 1023424 713700 8376752 12678959 861985650
1790358685.328599 W 100 lat 333 3092 9555 0 exe 76518 319018 472074 resp 475907 984 pmu 1023384 759189 8367138 13222552 825924970
1790358686.272772 W 101 lat 314 2777 9481 0 exe 66740 321759 543111 resp 547462 990 pmu 1023832 769990 8359651 12545048 825078789
1790358687.328761 W 102 lat 296 3592 9499 0 exe 69370 335944 506925 resp 509999 977 pmu 1022961 725326 8372225 13220767 871633437
1790358688.280603 W 103 lat 333 3666 9592 0 exe 74648 344055 515777 resp 520592 991 pmu 1023220 730751 8375334 12940849 891448587
1790358689.336687 W 104 lat 444 3518 8981 0 exe 70074 358388 519499 resp 524425 993 pmu 1022883 759388 8366670 13105933 919174518
1790358690.288722 W 105 lat 314 3518 10388 0 exe 73222 333925 523685 resp 528111 989 pmu 1023215 740697 8373705 13189191 869018256
1790358691.340825 W 106 lat 370 3555 9444 0 exe 72185 339129 499833 resp 503037 990 pmu 1023224 721908 8375871 13128344 875166087
1790358692.288664 W 107 lat 314 3351 9740 0 exe 69870 353796 540611 resp 545259 993 pmu 1023651 764825 8372516 12900315 905923435
1790358693.344612 W 108 lat 314 3388 9277 0 exe 73925 321851 495185 resp 496037 986 pmu 1023270 749988 8371659 13377248 835421042
1790358694.292787 W 109 lat 314 3296 10870 0 exe 74925 344037 488185 resp 492499 992 pmu 1023605 745074 8372769 12762505 884256168
1790358695.352773 W 110 lat 333 3611 10111 0 exe 70888 342814 486574 resp 488759 991 pmu 1023027 728672 8381377 12833240 888494952
1790358696.304728 W 111 lat 370 3833 9592 0 exe 73222 358388 547462 resp 553648 994 pmu 1023059 747164 8383631 12777997 926829214
1790358697.256683 W 112 lat 314 3351 9148 0 exe 75981 329944 489148 resp 492074 988 pmu 1023331 738526 8382396 13495242 853685091
1790358698.312776 W 113 lat 314 3185 8944 0 exe 71222 347666 552611 resp 557444 992 pmu 1023600 779522 8371342 12762347 894180804
1790358699.264584 W 114 lat 296 3518 8592 0 exe 72833 329666 486592 resp 489629 989 pmu 1023295 732275 8372918 13469448 852856817
1790358700.320603 W 115 lat 314 3425 9370 0 exe 71703 351166 549648 resp 553907 991 pmu 1023530 756745 8376230 12718363 903725650
1790358701.264840 W 116 lat 333 3648 7629 0 exe 70888 347240 510925 resp 516851 988 pmu 1023167 695047 8382765 13460272 897126771
1790358702.308859 W 117 lat 462 4037 11018 0 exe 69407 361185 532759 resp 535796 992 pmu 1022779 747781 8386585 13050221 935126350
1790358703.260737 W 118 lat 388 3796 9944 0 exe 70444 343685 506481 resp 512037 990 pmu 1022820 741521 8382932 13335963 891286284
1790358704.312748 W 119 lat 314 3203 9740 0 exe 70018 335277 533259 resp 537796 975 pmu 1023507 762469 8369739 12996302 863346156
1790358705.264854 W 120 lat 314 3499 8851 0 exe 74574 342037 473833 resp 477722 993 pmu 1023298 713315 8379026 13210760 880288492
1790358706.312835 W 121 lat 333 3462 8296 0 exe 74814 323425 485259 resp 490092 986 pmu 1023228 730428 8375238 12666672 840960582
1790358707.260734 W 122 lat 314 3370 9666 0 exe 71314 365796 550722 resp 555537 994 pmu 1023299 788558 8368295 12690903 937452502
1790358708.316803 W 123 lat 370 3851 9203 0 exe 70148 350629 504388 resp 509055 992 pmu 1023015 714430 8385426 13546258 908283799
1790358709.264761 W 124 lat 314 3777 8870 0 exe 78240 363574 540037 resp 546074 995 pmu 1022851 764407 8375804 13000660 939108809
1790358710.324607 W 125 lat 333 3537 9259 0 exe 75999 330444 497240 resp 499907 993 pmu 1022969 737048 8373017 13466915 857539399
1790358711.280883 W 126 lat 351 3185 9444 0 exe 75499 350185 550055 resp 554796 994 pmu 1023517 766148 8372370 12846387 899827635
1790358712.328807 W 127 lat 314 3092 9129 0 exe 70407 323203 457981 resp 462462 994 pmu 1023312 739181 8373290 13480279 838282345
1790358713.272846 W 128 lat 314 2648 7574 0 exe 70148 331796 516037 resp 519981 990 pmu 1023590 776696 8363577 12395395 850989286
1790358714.320900 W 129 lat 314 2944 10314 0 exe 72796 314907 464388 resp 467037 991 pmu 1023141 717924 8372872 13005209 820532423
1790358715.268501 W 130 lat 277 1537 9296 0 exe 47018 179370 536407 resp 541999 402 pmu 1023971 621051 8356316 12424270 465194983
1790358716.308471 W 131 lat 277 296 333 0 exe 47685 53499 70981 resp 71296 0 pmu 1024203 442015 8336757 12339078 135473347
1790358717.256837 W 132 lat 277 1611 5888 0 exe 48851 199481 579425 resp 582796 596 pmu 1022721 676836 8364314 6982993 506755715
1790358718.312776 W 133 lat 1648 3111 5759 0 exe 238999 289037 338333 resp 341074 1000 pmu 1021201 739783 8392736 12854370 742065752
1790358719.264782 W 134 lat 1351 3203 6574 0 exe 200851 292518 417574 resp 420277 1000 pmu 1021468 755919 8392437 11852460 751158161
1790358720.332797 W 135 lat 1499 3148 6722 0 exe 200555 284203 346518 resp 348518 1000 pmu 1021295 732151 8396152 12474291 729882516
1790358721.296763 W 136 lat 1111 3111 6462 0 exe 232074 289870 384833 resp 388962 1000 pmu 1021441 748513 8399288 11718337 744301048
1790358722.336726 W 137 lat 1333 3166 7425 0 exe 235074 289166 333055 resp 335296 1000 pmu 1021031 740396 8387273 12294590 742330869
1790358723.276762 W 138 lat 1592 3148 6555 0 exe 235185 292203 389129 resp 392481 1000 pmu 1021172 752971 8390570 11785226 750490797
1790358724.316778 W 139 lat 1111 3055 5962 0 exe 209462 285925 349074 resp 352111 1000 pmu 1021174 732771 8387542 12364071 733940980
1790358725.356725 W 140 lat 1296 3074 6203 0 exe 237925 292555 390685 resp 393351 1000 pmu 1021216 752967 8393735 11796027 751248136
1790358726.292769 W 141 lat 1703 3092 5648 0 exe 241240 289055 344629 resp 348574 1000 pmu 1021178 740076 8391488 12388120 741935283
1790358727.332757 W 142 lat 1370 3018 5907 0 exe 214166 288944 386777 resp 390555 1000 pmu 1021465 746129 8399048 11932181 742658166
1790358728.272764 W 143 lat 1277 3055 6111 0 exe 216425 288074 345462 resp 348870 1000 pmu 1021064 738012 8393998 12216299 739423813
1790358729.312778 W 144 lat 1425 3055 5611 0 exe 226870 291722 387018 resp 391685 1000 pmu 1021396 752689 8400808 11808893 749048701
1790358730.352769 W 145 lat 1462 3055 5555 0 exe 219907 287574 343833 resp 346648 1000 pmu 1021074 736918 8386100 12299409 738579897
1790358731.296780 W 146 lat 1425 3055 7333 0 exe 206407 289888 379481 resp 383074 1000 pmu 1021405 749392 8392048 11802873 744494981
1790358732.344777 W 147 lat 1462 3055 5148 0 exe 218203 288999 342777 resp 345907 1000 pmu 1021140 738297 8395657 12115868 741698096
1790358733.280751 W 148 lat 1444 3074 6833 0 exe 226018 291722 390037 resp 392981 1000 pmu 1021366 752946 8390446 11790427 749003888
1790358734.320732 W 149 lat 1333 3074 5907 0 exe 202092 286944 342351 resp 345499 1000 pmu 1021200 734495 8392748 12323083 736867571
1790358735.260776 W 150 lat 1481 3111 6981 0 exe 193499 290722 381296 resp 384462 1000 pmu 1021596 751629 8397431 11698580 746602525
1790358736.300736 W 151 lat 1425 3055 6981 0 exe 214703 285037 342388 resp 345018 1000 pmu 1021059 734102 8394224 12070340 731774167
1790358737.340741 W 152 lat 1462 3074 6370 0 exe 236462 290592 391537 resp 394351 1000 pmu 1021465 749369 8397362 11755476 746535271
1790358738.276741 W 153 lat 1259 3074 5796 0 exe 217185 287203 340018 resp 343203 1000 pmu 1020939 736708 8385959 12382008 737165504
1790358739.320787 W 154 lat 1499 3129 5814 0 exe 210888 289092 371462 resp 374037 1000 pmu 1021723 745354 8399901 11751252 743123823
1790358740.256769 W 155 lat 1111 3111 6185 0 exe 211944 288055 369407 resp 373314 1000 pmu 1021120 739197 8387691 12042136 739759042
1790358741.296725 W 156 lat 1222 3148 6166 0 exe 212462 286481 341518 resp 344240 1000 pmu 1021340 733883 8398736 12028134 736184764
1790358742.340783 W 157 lat 1370 3148 6870 0 exe 217407 289999 389425 resp 392703 1000 pmu 1021381 749179 8396518 11738674 745160917
1790358743.288783 W 158 lat 1462 3111 6129 0 exe 236999 288555 334685 resp 339092 1000 pmu 1020939 739399 8387269 12267336 741037674
1790358744.344755 W 159 lat 1259 3148 5888 0 exe 229777 289555 414388 resp 418777 1000 pmu 1021426 748412 8398367 11812927 743761786
1790358745.280741 W 160 lat 1407 3111 5907 0 exe 223092 287351 344685 resp 348148 1000 pmu 1021154 736894 8395775 12576752 738024467
1790358746.332663 W 161 lat 1129 3148 6166 0 exe 236314 291074 388999 resp 391907 1000 pmu 1021148 753564 8395957 11831152 747941800
1790358747.280800 W 162 lat 1370 3166 7462 0 exe 200555 287148 349999 resp 353962 1000 pmu 1021007 735715 8386524 12356280 737277262
1790358748.332759 W 163 lat 1518 3148 6481 0 exe 210351 290222 386555 resp 390203 1000 pmu 1021348 748145 8397076 11781008 745554784
1790358749.288770 W 164 lat 1259 3166 7981 0 exe 232037 287462 342999 resp 347574 1000 pmu 1021027 737711 8392730 12204880 738042675
1790358750.356770 W 165 lat 1425 3111 6222 0 exe 214351 291629 383185 resp 385907 1000 pmu 1021314 752769 8394439 11875051 748956452
1790358751.312754 W 166 lat 1092 3092 6055 0 exe 217407 288314 336444 resp 339166 1000 pmu 1021178 738375 8389280 12191740 740164896
1790358752.268778 W 167 lat 1148 3111 7759 0 exe 200185 288425 371962 resp 376333 1000 pmu 1021546 746647 8398835 11720413 740939138
1790358753.328786 W 168 lat 1185 3074 7296 0 exe 204425 285240 332333 resp 336574 1000 pmu 1021220 734137 8390536 12007258 732782381
1790358754.288784 W 169 lat 1074 3092 6555 0 exe 208814 290333 394944 resp 398499 1000 pmu 1021607 752158 8397707 11613163 745770243
1790358755.344671 W 170 lat 1462 3111 5703 0 exe 201296 287907 344129 resp 346944 1000 pmu 1021484 736514 8393840 12279215 739077608
1790358756.292753 W 171 lat 1111 3129 6259 0 exe 229759 290166 400666 resp 403907 1000 pmu 1021367 750698 8400336 11715323 745640544
1790358757.352816 W 172 lat 1259 3111 6740 0 exe 221796 286796 340703 resp 343314 1000 pmu 1021156 734826 8391175 12437537 736400440
1790358758.304775 W 173 lat 1407 3129 5925 0 exe 211592 289574 401129 resp 405203 1000 pmu 1021534 748394 8400665 11781194 743801532
1790358759.352807 W 174 lat 1444 3074 6129 0 exe 225629 287166 338296 resp 340425 1000 pmu 1021132 736115 8389214 12352245 737466246
1790358760.292755 W 175 lat 1055 3092 6240 0 exe 204351 289703 388611 resp 391574 1000 pmu 1021246 748776 8387501 11773414 744409877
1790358761.348786 W 176 lat 1425 3074 6296 0 exe 233759 288129 336648 resp 339999 1000 pmu 1021068 736897 8392126 12185747 739864196
1790358762.296772 W 177 lat 1296 3092 6333 0 exe 221981 290037 378481 resp 380999 1000 pmu 1021426 749453 8397528 11809463 745252913
1790358763.344763 W 178 lat 1333 3092 5907 0 exe 208462 287185 335925 resp 339148 1000 pmu 1021237 738478 8394912 12173728 737328794
1790358764.292647 W 179 lat 1388 3037 6148 0 exe 227222 291240 386296 resp 389870 1000 pmu 1021509 752376 8397272 11667965 748107851
1790358765.340796 W 180 lat 1407 3092 6759 0 exe 201148 287111 348074 resp 351722 1000 pmu 1021310 735755 8392370 12288697 737354738
1790358766.276740 W 181 lat 1407 3074 6092 0 exe 233740 291351 374148 resp 378740 1000 pmu 1021466 752212 8393204 11759160 748518809
1790358767.316740 W 182 lat 1018 3055 6648 0 exe 204166 286796 342259 resp 346703 1000 pmu 1020946 737698 8397584 12205253 736631226
1790358768.356743 W 183 lat 1499 3129 6259 0 exe 239037 290240 388777 resp 391925 1000 pmu 1021620 747993 8394273 11715883 745311341
1790358769.292726 W 184 lat 1388 3074 5925 0 exe 215370 285685 343185 resp 346277 1000 pmu 1021142 735529 8390195 12366976 734331034
1790358770.336760 W 185 lat 1499 3148 6407 0 exe 213203 290351 394870 resp 397981 1000 pmu 1021370 750628 8395306 11767192 746017156
1790358771.272719 W 186 lat 1185 3111 6499 0 exe 229574 287333 337925 resp 341111 1000 pmu 1021101 735856 8388888 12299882 738101296
1790358772.312747 W 187 lat 851 3111 6388 0 exe 227407 291018 370296 resp 373351 1000 pmu 1021423 751115 8394609 11796256 747609824
1790358773.352744 W 188 lat 1222 3129 6111 0 exe 235481 287833 344111 resp 348333 1000 pmu 1021185 737206 8396904 12124661 738702865
1790358774.292758 W 189 lat 999 3074 5888 0 exe 220333 290851 394111 resp 397240 1000 pmu 1021387 751600 8395201 11893589 747428638
1790358775.332780 W 190 lat 1277 3148 6444 0 exe 229240 286740 348944 resp 351611 1000 pmu 1021131 736195 8395213 12324983 736404074
1790358776.272759 W 191 lat 1388 3148 5981 0 exe 224407 288722 382833 resp 386555 1000 pmu 1021407 742293 8403948 11899515 741498809
1790358777.312512 W 192 lat 296 1685 6870 0 exe 48185 176499 383851 resp 387018 499 pmu 1022752 678962 8358162 12226270 452008319
1790358778.352499 W 193 lat 277 296 351 0 exe 47870 53833 72740 resp 73055 0 pmu 1024164 446700 8336597 10781589 135472975
1790358779.288506 W 194 lat 277 314 3314 0 exe 48944 67870 145666 resp 145999 85 pmu 1024111 602164 8332046 7001704 170248822
1790358780.328501 W 195 lat 277 296 351 0 exe 48462 55055 69592 resp 69907 0 pmu 1024370 461186 8338856 7821194 136630674
1790358780.864692 Closing cell "rt-bench"
1790358780.864766 [MG] Initializing memguard on CPU 3
1790358780.864791 [SMMUv2] Exiting SMMUv2 on cell 1
1790358780.864871 [COL] Colored OP 1: PHYS 0x30000000 -> VIRT 0x00000000 (SIZE: 0x00400000, COL: 0x000000ff, extra: 0x0000000000000000)
1790358780.864898 [COL] Result: 0
1790358780.864956 [COL] Colored OP 4: PHYS 0x30000000 -> VIRT 0x00000000 (SIZE: 0x00400000, COL: 0x000000ff, extra: 0x0000000000000001)
1790358780.864979 [COL] Result: 0
1790358780.865022 Page pool usage after cell destruction: mem 85/4061, remap 5/131072
1790358780.865059 [MG] Initializing memguard on CPU 3
1790358781.010853 [MG] Initializing memguard on CPU 2
1790358781.010933 [MG] Initializing memguard on CPU 3
1790358781.010983 [MG] Initializing memguard on CPU 2
1790358781.011056 [MG] Initializing memguard on CPU 3
1790358781.011092 Created cell "rt-bench"
1790358781.011144 Page pool usage after cell creation: mem 94/4061, remap 5/131072
1790359517.793347 <missed 21883 bytes of console log>
1790359517.795921 lizing memguard on CPU 3
1790359517.795956 [MG] Initializing memguard on CPU 3
1790359517.795986 [MG] Initializing memguard on CPU 3
1790359517.796010 Created cell "rt-bench"
1790359517.796049 Page pool usage after cell creation: mem 94/4061, remap 5/131072
1790359517.796084 [MG] Initializing memguard on CPU 3
1790359517.796110 Cell "rt-bench" can be loaded
1790359517.796133 Started cell "rt-bench"
1790359517.796161 [MG] Initializing memguard on CPU 3
1790359517.796195 rt-bench: ws 1024 KB, 1024 loads/period, window 1000
1790359517.796254 W 0 lat 314 462 1759 0 exe 21444 27722 140111 resp 140666 28 pmu 969519 66455 7868876 5307642 49794133
1790359517.796310 W 1 lat 296 296 796 0 exe 14981 18092 118296 resp 118796 12 pmu 971084 29875 7881921 7421658 45648572
1790359517.796365 W 2 lat 296 296 518 0 exe 14962 16629 108814 resp 109203 3 pmu 972043 17351 7886579 7116959 43136742
1790359517.796448 W 3 lat 296 296 388 0 exe 14962 15203 21462 resp 21777 0 pmu 972032 916 7884642 7012702 38893501
1790359517.796504 W 4 lat 296 296 425 0 exe 14925 16648 111777 resp 112203 3 pmu 972002 17627 7883285 6130789 42675057
1790359517.796557 W 5 lat 296 296 333 0 exe 14944 15129 17592 resp 17888 0 pmu 972598 251 7895280 7041965 38642040
1790359517.796582 Closing cell "rt-bench"
1790359517.796609 [MG] Initializing memguard on CPU 3
1790359517.796637 [SMMUv2] Exiting SMMUv2 on cell 1
1790359517.796676 Page pool usage after cell destruction: mem 83/4061, remap 5/131072
1790359517.796705 [MG] Initializing memguard on CPU 3
1790359517.796733 [MG] Initializing memguard on CPU 3
1790359517.796792 [COL] Colored OP 0: PHYS 0x30000000 -> VIRT 0x00000000 (SIZE: 0x00400000, COL: 0x000000ff, extra: 0x0000000000000000)
1790359517.796815 [COL] Result: 0
1790359517.796842 [MG] Initializing memguard on CPU 3
1790359517.796865 Created cell "rt-bench"
1790359517.796903 Page pool usage after cell creation: mem 98/4061, remap 5/131072
1790359517.796964 [COL] Colored OP 3: PHYS 0x30000000 -> VIRT 0x00000000 (SIZE: 0x00400000, COL: 0x000000ff, extra: 0x0000000000000000)
1790359517.796993 [MG] Initializing memguard on CPU 3
1790359517.797014 [COL] Result: 0
1790359517.797039 Cell "rt-bench" can be loaded
1790359517.797097 [COL] Colored OP 2: PHYS 0x30000000 -> VIRT 0x00000000 (SIZE: 0x00400000, COL: 0x000000ff, extra: 0x0000000000000000)
1790359517.797120 [COL] Result: 0
1790359517.797178 [COL] Colored OP 4: PHYS 0x30000000 -> VIRT 0x00000000 (SIZE: 0x00400000, COL: 0x000000ff, extra: 0x0000000000000001)
1790359517.797200 [COL] Result: 0
1790359517.797223 Started cell "rt-bench"
1790359517.797250 [MG] Initializing memguard on CPU 3
1790359517.797285 rt-bench: ws 1024 KB, 1024 loads/period, window 1000
1790359518.836481 W 0 lat 333 481 1240 0 exe 53462 82240 189777 resp 191018 163 pmu 1024180 618654 8337624 5308059 132385315
1790359519.772430 W 1 lat 296 314 999 0 exe 48925 61166 146722 resp 147222 31 pmu 1024227 527340 8337293 8352028 149785292
1790359520.812458 W 2 lat 296 296 592 0 exe 49518 59388 119407 resp 119740 11 pmu 1024280 512958 8333924 7787485 147816904
1790359521.852430 W 3 lat 296 314 351 0 exe 44240 56981 94703 resp 95018 0 pmu 1024284 484624 8339648 7505448 141111479
1790359522.788456 W 4 lat 296 314 537 0 exe 45388 59222 124222 resp 124629 11 pmu 1024177 510928 8332465 7218529 147062294
1790359523.828426 W 5 lat 296 314 333 0 exe 48111 54018 81407 resp 81722 0 pmu 1024222 449579 8332452 7532200 133974890
1790359524.776501 W 6 lat 296 499 4833 0 exe 47666 133925 496814 resp 498814 392 pmu 1023978 877652 8335820 7091144 391499506
1790359525.816474 W 7 lat 296 314 2074 0 exe 49277 63148 414685 resp 416759 10 pmu 1024305 541646 8338575 11673802 160163983
1790359526.860459 W 8 lat 296 314 1444 0 exe 49944 66796 153203 resp 154388 85 pmu 1024252 592224 8338306 10492370 170166532
1790359527.796432 W 9 lat 296 296 333 0 exe 46240 53499 70259 resp 70592 0 pmu 1024145 443372 8328681 7891190 132786050
1790359528.179338 Closing cell "rt-bench"
1790359528.179457 [MG] Initializing memguard on CPU 3
1790359528.179508 [SMMUv2] Exiting SMMUv2 on cell 1
1790359528.179589 [COL] Colored OP 1: PHYS 0x30000000 -> VIRT 0x00000000 (SIZE: 0x00400000, COL: 0x000000ff, extra: 0x0000000000000000)
1790359528.179620 [COL] Result: 0
1790359528.179698 [COL] Colored OP 4: PHYS 0x30000000 -> VIRT 0x00000000 (SIZE: 0x00400000, COL: 0x000000ff, extra: 0x0000000000000001)
1790359528.179727 [COL] Result: 0
1790359528.179779 Page pool usage after cell destruction: mem 85/4061, remap 5/131072
1790359528.179816 [MG] Initializing memguard on CPU 3
1790359528.179852 [MG] Initializing memguard on CPU 2
1790359528.179888 [MG] Initializing memguard on CPU 3
1790359528.179924 [MG] Initializing memguard on CPU 2
1790359528.179959 [MG] Initializing memguard on CPU 3
1790359528.179989 Created cell "rt-bench"
1790359528.180040 Page pool usage after cell creation: mem 94/4061, remap 5/131072
