1790337754.772164 <missed 158629 bytes of console log>
1790337754.772259  172074 resp 174981 381 pmu 284178 236970 2432790 8061503 250373536
1790337754.772312 W 185 lat 1407 2981 6462 0 exe 55240 92425 150537 resp 153407 355 pmu 284822 236986 2437966 8156789 249783567
1790337754.772366 W 186 lat 981 2981 5592 0 exe 32166 93759 171703 resp 174648 408 pmu 286982 239590 2454923 8073127 253021551
1790337754.772415 W 187 lat 1444 3018 6370 0 exe 41685 94092 159648 resp 163111 405 pmu 286281 239892 2451648 8169817 253703432
1790337754.772534 W 188 lat 537 2999 6111 0 exe 49314 91148 169574 resp 171388 346 pmu 285563 239105 2443564 8107270 246470032
1790337754.772593 W 189 lat 1388 2999 5777 0 exe 37092 92462 151351 resp 154092 366 pmu 286067 238562 2463604 8215871 250237302
1790337754.772642 W 190 lat 1407 3074 6259 0 exe 57925 94388 177944 resp 180759 404 pmu 289500 242319 2490724 7986531 254928356
1790337754.772690 W 191 lat 1203 2999 5999 0 exe 40314 93759 170499 resp 173481 416 pmu 287962 240443 2478054 8369542 253494900
1790337754.772737 W 192 lat 296 1537 5648 0 exe 5796 52648 289425 resp 292740 221 pmu 211640 151439 1804681 8201434 147059606
1790337754.772779 W 193 lat 296 296 333 0 exe 5814 5962 8185 resp 8481 0 pmu 36038 132 324379 8999727 17363109
1790337754.772823 W 194 lat 296 296 1425 0 exe 5814 7444 65814 resp 66333 0 pmu 63838 13644 555920 5905607 22271940
1790337754.772866 W 195 lat 296 370 481 0 exe 5833 7518 10333 resp 10796 0 pmu 35850 156 320092 6496052 15816625
1790337754.772886 Closing cell "rt-bench"
1790337754.772908 [MG] Initializing memguard on CPU 3
1790337754.772930 [SMMUv2] Exiting SMMUv2 on cell 1
1790337754.772979 [COL] Colored OP 1: PHYS 0x30000000 -> VIRT 0x00000000 (SIZE: 0x00400000, COL: 0x000000ff, extra: 0x0000000000000000)
1790337754.772997 [COL] Result: 0
1790337754.773045 [COL] Colored OP 4: PHYS 0x30000000 -> VIRT 0x00000000 (SIZE: 0x00400000, COL: 0x000000ff, extra: 0x0000000000000001)
1790337754.773063 [COL] Result: 0
1790337754.773095 Page pool usage after cell destruction: mem 85/4061, remap 5/131072
1790337754.773118 [MG] Initializing memguard on CPU 3
1790337754.773141 [MG] Initializing memguard on CPU 3
1790337754.773163 [MG] Initializing memguard on CPU 3
1790337754.773181 Created cell "rt-bench"
1790337754.773212 Page pool usage after cell creation: mem 94/4061, remap 5/131072
1790337754.773236 [MG] Initializing memguard on CPU 3
1790337754.773256 Cell "rt-bench" can be loaded
1790337754.773274 Started cell "rt-bench"
1790337754.773296 [MG] Initializing memguard on CPU 3
1790337754.773324 rt-bench: ws 512 KB, 1024 loads/period, window 1000
1790337755.808512 W 0 lat 277 296 1037 0 exe 5870 7870 82685 resp 82999 0 pmu 69707 17549 606668 5307545 22431772
1790337756.744505 W 1 lat 296 296 611 0 exe 5851 6648 60685 resp 61148 0 pmu 57374 5899 504009 6664174 18703726
1790337757.784475 W 2 lat 296 296 333 0 exe 5888 6074 8425 resp 8722 0 pmu 48233 246 428121 6436468 16174042
1790337758.824507 W 3 lat 296 296 722 0 exe 5870 6611 61981 resp 62277 0 pmu 54989 5583 485685 5908755 17999866
1790337759.760497 W 4 lat 296 296 333 0 exe 5870 6074 8870 resp 9166 0 pmu 47733 238 415425 6449212 16148757
1790337760.800552 W 5 lat 296 462 592 0 exe 5981 10166 76722 resp 77240 0 pmu 55341 5665 486177 5913219 17449590
1790337761.840514 W 6 lat 444 462 592 0 exe 9370 10388 96555 resp 97129 0 pmu 58267 6707 509801 6616189 18200202
1790337762.776546 W 7 lat 444 462 666 0 exe 9370 10240 69518 resp 70018 0 pmu 57013 5520 512411 6833466 17978196
1790337763.816512 W 8 lat 444 462 499 0 exe 9370 9648 12759 resp 13240 0 pmu 51299 219 457400 6562334 16078463
1790337764.752542 W 9 lat 444 462 925 0 exe 9388 10259 75314 resp 75814 0 pmu 58618 5532 518644 5990805 17443457
1790337765.792510 W 10 lat 444 462 499 0 exe 9407 9629 13462 resp 13944 0 pmu 49348 267 437080 6621843 16099926
1790337766.832544 W 11 lat 444 462 648 0 exe 9388 10222 72092 resp 72592 0 pmu 56859 5381 501736 5997975 17479682
1790337767.768512 W 12 lat 444 462 592 0 exe 9388 9629 13203 resp 13685 0 pmu 49256 224 436008 6588156 16054843
1790337768.808556 W 13 lat 370 444 648 0 exe 7851 9981 60537 resp 61129 0 pmu 59936 5826 523827 5995698 17648677
1790337769.744512 W 14 lat 444 462 833 0 exe 9351 9629 11259 resp 11740 0 pmu 50545 192 451316 6463778 16002288
1790337770.784556 W 15 lat 444 462 703 0 exe 9407 10222 71314 resp 71796 0 pmu 59078 5210 510292 5977249 17401900
1790337771.824514 W 16 lat 444 462 499 0 exe 9351 9685 13870 resp 14351 0 pmu 52264 410 457969 6580459 16170905
1790337772.760545 W 17 lat 444 462 629 0 exe 9388 10222 74703 resp 75185 0 pmu 58087 5283 503092 6002050 17444127
1790337773.800511 W 18 lat 444 462 611 0 exe 9370 9648 13888 resp 14370 0 pmu 49231 418 437504 6613859 16134356
1790337774.840545 W 19 lat 444 462 666 0 exe 9425 10185 75814 resp 76351 0 pmu 55690 5254 490310 6002666 17359289
1790337775.776510 W 20 lat 444 462 703 0 exe 9333 9648 15574 resp 16055 0 pmu 50677 398 445656 6625548 16139764
1790337776.816557 W 21 lat 444 462 611 0 exe 9388 9777 56611 resp 57222 0 pmu 52159 1501 467495 6019954 16461389
1790337777.752513 W 22 lat 444 462 518 0 exe 9407 10037 70574 resp 71074 0 pmu 56168 3715 491681 6431398 16862723
1790337778.796545 W 23 lat 444 462 499 0 exe 9351 9648 13555 resp 14037 0 pmu 51311 224 460668 6571398 16088134
1790337779.836517 W 24 lat 444 462 1370 0 exe 9370 10222 72611 resp 73185 0 pmu 56751 5348 497132 5998682 17449393
1790337780.772547 W 25 lat 444 462 611 0 exe 9351 9666 12629 resp 13111 0 pmu 51990 195 455028 6597213 16079014
1790337781.812517 W 26 lat 444 462 629 0 exe 9370 10222 74777 resp 75296 0 pmu 57263 5405 505836 5990035 17482172
1790337782.748510 W 27 lat 444 462 499 0 exe 9351 9629 12351 resp 12833 0 pmu 50267 221 451872 6614903 16074622
1790337783.788543 W 28 lat 444 462 777 0 exe 9296 10185 75370 resp 75851 0 pmu 53325 5508 473434 5986545 17367935
1790337784.828527 W 29 lat 444 462 592 0 exe 9314 9611 13388 resp 13870 0 pmu 47673 249 420213 6620931 16066382
1790337785.764515 W 30 lat 351 462 629 0 exe 7388 9944 65981 resp 66444 0 pmu 56479 4601 500032 5997088 17287888
1790337786.804544 W 31 lat 444 462 499 0 exe 9407 9629 12574 resp 13037 0 pmu 50344 206 447837 6514818 16004001
1790337787.740513 W 32 lat 444 462 611 0 exe 9370 10277 73592 resp 74148 0 pmu 60089 5497 524209 5988878 17522726
1790337788.780509 W 33 lat 444 462 499 0 exe 9351 9666 11851 resp 12314 0 pmu 53586 130 471125 6603387 16098489
1790337789.820545 W 34 lat 444 462 648 0 exe 9388 10203 68129 resp 68629 0 pmu 56136 5246 495373 5981661 17412645
1790337790.756512 W 35 lat 444 462 499 0 exe 9370 9611 13388 resp 13870 0 pmu 48964 198 435298 6548374 16007682
1790337791.796543 W 36 lat 444 462 666 0 exe 9407 10203 73203 resp 73703 0 pmu 55560 5444 493976 5996994 17409571
1790337792.836549 W 37 lat 444 462 499 0 exe 9333 9611 12203 resp 12685 0 pmu 48576 177 436721 6599373 16033246
1790337793.772515 W 38 lat 444 462 666 0 exe 9333 10166 71148 resp 71648 0 pmu 54943 5057 490377 5985019 17353391
1790337794.812510 W 39 lat 444 462 499 0 exe 9370 9574 11907 resp 12388 0 pmu 46146 144 422492 6578235 15949554
1790337795.748541 W 40 lat 444 462 629 0 exe 9351 10203 74574 resp 75055 0 pmu 54641 5473 485648 5982009 17363335
1790337796.788512 W 41 lat 444 462 518 0 exe 9444 9666 12351 resp 12814 0 pmu 52858 217 467943 6612417 16132286
1790337797.828544 W 42 lat 444 462 611 0 exe 9388 10240 68314 resp 68796 0 pmu 58483 5475 517957 5987202 17529624
1790337798.764508 W 43 lat 444 462 499 0 exe 9333 9611 11851 resp 12333 0 pmu 48432 135 432000 6550154 15981360
1790337799.804544 W 44 lat 444 462 611 0 exe 9425 10222 78648 resp 79148 0 pmu 56276 5523 495372 5981237 17447525
1790337800.740506 W 45 lat 444 462 499 0 exe 9444 9666 12611 resp 13092 0 pmu 52378 193 459531 6653695 16144479
1790337801.780544 W 46 lat 351 462 703 0 exe 7388 10092 77592 resp 78296 0 pmu 59108 6037 524879 5989912 17662161
1790337802.820515 W 47 lat 444 462 518 0 exe 9333 9666 12277 resp 12722 0 pmu 52406 241 469753 6633337 16163807
1790337803.756542 W 48 lat 444 462 685 0 exe 9388 10296 79018 resp 79537 0 pmu 57721 5951 509433 5985953 17602528
1790337804.796507 W 49 lat 444 462 499 0 exe 9370 9611 12092 resp 12592 0 pmu 48516 141 437724 6658080 16056268
1790337805.836543 W 50 lat 444 462 629 0 exe 9351 10222 76333 resp 76851 0 pmu 55025 5688 486011 5984033 17500706
1790337806.772509 W 51 lat 444 462 537 0 exe 9351 9574 12166 resp 12629 0 pmu 46569 159 417595 6630206 16003069
1790337807.812544 W 52 lat 444 462 722 0 exe 9351 10259 77296 resp 77777 0 pmu 57438 5536 509716 5984581 17553101
1790337808.748524 W 53 lat 444 462 611 0 exe 9314 9648 11833 resp 12444 0 pmu 51287 258 453180 6640545 16164837
1790337809.788542 W 54 lat 444 462 777 0 exe 9370 10333 77111 resp 77611 0 pmu 60185 6038 531208 5982455 17648645
1790337810.828509 W 55 lat 444 462 499 0 exe 9333 9629 11833 resp 12314 0 pmu 51149 152 460671 6639402 16102456
1790337811.768541 W 56 lat 444 462 629 0 exe 9370 10296 75814 resp 76296 0 pmu 58767 5806 513463 5981243 17584139
1790337812.808509 W 57 lat 444 462 555 0 exe 9425 9666 12222 resp 12777 0 pmu 52719 195 466104 6625496 16135604
1790337813.744545 W 58 lat 444 462 648 0 exe 9333 10277 77259 resp 77777 0 pmu 59036 5787 517482 5986587 17587589
1790337814.784514 W 59 lat 444 462 499 0 exe 9407 9629 12129 resp 12611 0 pmu 50117 218 450335 6640173 16104502
1790337815.824547 W 60 lat 444 462 685 0 exe 9351 10240 71944 resp 72462 0 pmu 57437 5495 507600 5984514 17555335
1790337816.760508 W 61 lat 444 462 481 0 exe 9351 9611 11518 resp 11981 0 pmu 48800 114 431009 6586777 15992957
1790337817.804532 W 62 lat 351 462 592 0 exe 7462 10222 83351 resp 83944 0 pmu 58664 5813 520060 5977907 17614456
1790337818.740510 W 63 lat 351 462 611 0 exe 7481 9499 12277 resp 12740 0 pmu 51722 168 463731 6690745 16140743
1790337819.780543 W 64 lat 444 462 666 0 exe 9314 10259 78444 resp 78907 0 pmu 58130 5636 517975 5975878 17510563
1790337820.820555 W 65 lat 444 462 499 0 exe 9333 9685 13129 resp 13611 0 pmu 52803 328 475616 6651456 16223397
1790337821.756542 W 66 lat 444 462 740 0 exe 9388 10481 77203 resp 77685 0 pmu 62072 7326 543628 5994625 18274371
1790337822.800679 W 67 lat 296 462 2240 0 exe 7444 22629 187759 resp 188611 63 pmu 184873 116081 1554067 6641174 56869294
1790337823.744763 W 68 lat 296 2222 10111 0 exe 6037 125388 472611 resp 475740 248 pmu 354888 344773 2938140 7807240 353425609
1790337824.800739 W 69 lat 314 3092 10370 0 exe 19870 269425 533499 resp 538092 639 pmu 602714 605230 4957116 11223330 718237224
1790337825.745007 W 70 lat 296 3277 8851 0 exe 16129 263629 580185 resp 585203 657 pmu 621113 623829 5120584 12634775 711676820
1790337826.796841 W 71 lat 388 3537 7425 0 exe 15222 320203 566962 resp 574018 754 pmu 691726 697977 5676412 13049659 846941251
1790337827.740621 W 72 lat 296 3944 9185 0 exe 18370 357351 567666 resp 573703 867 pmu 794515 803205 6520683 13201049 945321879
1790337828.791514 W 73 lat 499 4166 9759 0 exe 17444 409574 558444 resp 562888 957 pmu 863613 875159 7086397 13415081 1072165499
1790337829.740865 W 74 lat 777 4333 9166 0 exe 24518 435388 577277 resp 581518 955 pmu 892526 905004 7320778 13576457 1132713023
1790337830.792802 W 75 lat 481 3999 9833 0 exe 34925 419092 576203 resp 580796 988 pmu 866188 879711 7100598 13927565 1096303443
1790337831.844675 W 76 lat 388 3925 8999 0 exe 14555 394722 561222 resp 566481 928 pmu 824212 834588 6754346 13889101 1034467826
1790337832.792901 W 77 lat 537 4296 8962 0 exe 18407 420314 586759 resp 592111 948 pmu 878223 890660 7218950 13513901 1099469950
1790337833.744559 W 78 lat 537 4462 9055 0 exe 87499 441351 600925 resp 607333 996 pmu 967266 974782 7945798 13919463 1153213936
1790337834.792769 W 79 lat 333 3759 8907 0 exe 23629 327314 564240 resp 568129 798 pmu 729459 736303 5967541 14518010 870274769
1790337835.740747 W 80 lat 370 3574 9148 0 exe 18259 322703 562999 resp 567629 762 pmu 700742 706398 5769146 13243552 852503054
1790337836.788745 W 81 lat 444 3833 9518 0 exe 26148 351148 569481 resp 574759 833 pmu 771612 780743 6334811 13185497 929482259
1790337837.840798 W 82 lat 574 3925 9611 0 exe 20833 371833 565592 resp 571388 872 pmu 807090 816176 6622083 13438862 979069803
1790337838.788843 W 83 lat 611 3814 8518 0 exe 15722 344259 563018 resp 570314 815 pmu 744386 751821 6117170 13480797 906504205
1790337839.832846 W 84 lat 499 4055 8925 0 exe 26907 371833 560796 resp 565296 926 pmu 828475 838068 6795338 13293477 983908522
1790337840.776907 W 85 lat 314 3870 10407 0 exe 19407 386481 573333 resp 576462 924 pmu 841737 852834 6901738 13454049 1019817396
1790337841.828796 W 86 lat 407 3796 8981 0 exe 18722 376166 563777 resp 568648 870 pmu 790641 799730 6479526 13613600 987285930
1790337842.774713 W 87 lat 314 3722 9333 0 exe 15833 362759 564407 resp 568796 844 pmu 761165 770049 6250866 13464796 952056002
1790337843.824836 W 88 lat 333 3907 8925 0 exe 21777 377851 576814 resp 580907 888 pmu 811361 821656 6650401 13388135 993728399
1790337844.772760 W 89 lat 333 3870 8833 0 exe 19314 372555 567592 resp 574814 915 pmu 817175 828663 6696474 13614964 984515817
1790337845.820678 W 90 lat 314 3462 8388 0 exe 18333 300981 576537 resp 583370 738 pmu 663208 666650 5442449 13498481 799087562
1790337846.768839 W 91 lat 314 3148 9129 0 exe 13962 274833 539888 resp 544648 670 pmu 638415 643632 5246932 13218503 740287346
1790337847.812884 W 92 lat 388 3351 8888 0 exe 15092 269499 558425 resp 562777 614 pmu 600289 601754 4920121 12690988 716463547
1790337848.768623 W 93 lat 314 3555 8333 0 exe 15518 335259 537907 resp 545185 773 pmu 707513 715457 5825551 12853983 885752752
1790337849.816754 W 94 lat 333 3499 8444 0 exe 15888 308999 548574 resp 553444 747 pmu 702229 708746 5745891 12992333 823239053
1790337850.768910 W 95 lat 314 3407 8592 0 exe 18333 298870 574407 resp 581592 716 pmu 648155 653085 5333667 12957717 791997615
1790337851.824819 W 96 lat 296 3648 10574 0 exe 17796 325981 570925 resp 577777 808 pmu 743652 752032 6106584 13189739 869729073
1790337852.764845 W 97 lat 296 3259 8759 0 exe 19037 285518 569425 resp 573833 679 pmu 632482 635379 5175464 13296857 758087639
1790337853.812616 W 98 lat 314 3499 17796 0 exe 19444 344722 567703 resp 572629 796 pmu 723887 731457 5942596 13062896 907914036
1790337854.764910 W 99 lat 333 2851 9240 0 exe 14555 209999 488166 resp 492277 472 pmu 484375 482715 4007351 13391781 570761327
1790337855.816943 W 100 lat 370 3425 8481 0 exe 14555 290092 558666 resp 563055 681 pmu 652992 657109 5367686 11848732 775590279
1790337856.760888 W 101 lat 333 3333 9740 0 exe 20907 273925 538388 resp 545148 637 pmu 612885 616061 5033538 12954774 730420350
1790337857.812911 W 102 lat 296 3777 9314 0 exe 17796 352851 556481 resp 560629 851 pmu 773632 782630 6357312 12720933 932410474
1790337858.760641 W 103 lat 314 3685 8944 0 exe 15574 330814 569074 resp 573999 800 pmu 743680 750785 6104772 13267780 879270537
1790337859.805528 W 104 lat 314 3444 9092 0 exe 20814 311166 569851 resp 573981 724 pmu 678132 684026 5561443 13273865 823967614
1790337860.752851 W 105 lat 314 3722 9018 0 exe 20074 375777 564037 resp 568814 895 pmu 785097 794483 6436374 13205521 986126979
1790337861.804762 W 106 lat 333 3555 8999 0 exe 15703 310129 563388 resp 567888 752 pmu 700620 707513 5750245 13470721 828731322
1790337862.744792 W 107 lat 370 3574 9462 0 exe 24148 306777 558444 resp 563055 732 pmu 667086 670178 5459585 13111737 809682506
1790337863.796775 W 108 lat 351 3648 8592 0 exe 18759 318111 569925 resp 576537 781 pmu 710654 718186 5852854 13091199 845450536
1790337864.844863 W 109 lat 333 3851 8981 0 exe 17796 369888 558537 resp 565629 888 pmu 801311 811597 6560850 13241907 976809295
1790337865.788951 W 110 lat 351 3351 8981 0 exe 15555 295722 538555 resp 546092 690 pmu 641796 645686 5275490 13386794 784183176
1790337866.836816 W 111 lat 296 3092 9277 0 exe 13981 264333 564407 resp 569703 619 pmu 612441 615586 5033544 12804572 713209676
1790337867.792734 W 112 lat 314 2999 7759 0 exe 14240 246277 486203 resp 491611 552 pmu 534122 534639 4392863 12886648 657246058
1790337868.832739 W 113 lat 314 2499 8537 0 exe 13018 162203 505314 resp 509555 346 pmu 396030 391607 3257386 12007613 449392001
1790337869.780868 W 114 lat 296 3037 8759 0 exe 16055 246092 498185 resp 501574 562 pmu 538558 539296 4445187 11768303 656770178
1790337870.824914 W 115 lat 296 2499 8907 0 exe 12592 150185 489537 resp 492814 335 pmu 373131 366448 3067904 12130646 418091188
1790337871.772644 W 116 lat 314 3333 9259 0 exe 13203 273759 540814 resp 548981 646 pmu 620427 625125 5119049 11545580 734478340
1790337872.832600 W 117 lat 314 3518 9259 0 exe 20351 296888 541055 resp 545944 739 pmu 680123 683861 5564727 12710022 793521718
1790337873.776740 W 118 lat 314 2611 9148 0 exe 11814 183018 550703 resp 555796 418 pmu 439090 435600 3640438 12847473 503207793
1790337874.828831 W 119 lat 333 2833 8685 0 exe 13555 212666 523722 resp 527462 500 pmu 485487 482557 3980033 12327885 572137979
1790337875.784793 W 120 lat 296 3407 9333 0 exe 14759 314259 508499 resp 511685 747 pmu 688993 696321 5653614 12208174 836813662
1790337876.836634 W 121 lat 314 3462 8999 0 exe 21407 290629 553518 resp 558314 671 pmu 641577 644734 5270925 12572846 772583540
1790337877.780746 W 122 lat 296 3537 9148 0 exe 17351 314314 563222 resp 567740 735 pmu 676672 682275 5557912 12945077 831301294
1790337878.828866 W 123 lat 314 3722 8166 0 exe 14648 337240 579925 resp 585888 810 pmu 751924 760431 6188332 13140163 892916678
1790337879.768796 W 124 lat 425 3777 8129 0 exe 18129 357333 493407 resp 496055 863 pmu 766256 776013 6280742 13411630 942851126
1790337880.820797 W 125 lat 296 3851 8277 0 exe 14259 374740 560370 resp 565759 889 pmu 806770 816637 6615783 12648527 988977027
1790337881.776761 W 126 lat 296 3777 9277 0 exe 15999 338722 561166 resp 565592 845 pmu 763743 773060 6245371 13400102 899515643
1790337882.828567 W 127 lat 296 3407 8962 0 exe 14666 291055 558037 resp 562148 670 pmu 639288 642187 5256052 13235918 773123770
1790337883.764482 W 128 lat 296 407 4611 0 exe 5870 8481 52259 resp 54833 0 pmu 56234 7486 496060 12952484 31990227
1790337884.804506 W 129 lat 296 296 611 0 exe 5870 6499 58388 resp 58685 0 pmu 54082 4528 477718 6392668 17973501
1790337885.852768 W 130 lat 296 3074 7388 0 exe 5962 333499 488444 resp 493777 889 pmu 917809 894810 7628393 6414883 868020994
1790337886.796792 W 131 lat 1648 3425 6888 0 exe 308055 370648 430092 resp 436370 1000 pmu 1031500 1010354 8547950 12424774 968624463
1790337887.836759 W 132 lat 1870 3444 6518 0 exe 321296 368314 434574 resp 438722 1000 pmu 1031542 999644 8544990 13548130 963179801
1790337888.780783 W 133 lat 1185 3388 6851 0 exe 224574 361277 423574 resp 428277 1000 pmu 1028059 997843 8514716 13636259 946238619
1790337889.820762 W 134 lat 1518 3425 7296 0 exe 307722 364703 424499 resp 428166 1000 pmu 1031429 1003688 8539328 13008356 954540047
1790337890.760785 W 135 lat 1388 3425 7425 0 exe 290962 364388 421092 resp 423814 1000 pmu 1031556 1003503 8548636 13449219 954534037
1790337891.800764 W 136 lat 814 3314 7629 0 exe 243388 367370 421648 resp 425759 1000 pmu 1030283 1005707 8533915 13325031 960932644
1790337892.840767 W 137 lat 1425 3351 6111 0 exe 227814 367648 432462 resp 435833 1000 pmu 1029406 1001087 8525859 13112179 961780425
1790337893.780769 W 138 lat 1574 3407 6499 0 exe 322203 368722 435833 resp 440074 1000 pmu 1031404 996035 8536358 13135765 964203774
1790337894.820775 W 139 lat 1814 3425 7314 0 exe 309648 369907 423407 resp 428814 1000 pmu 1031583 1006793 8542204 13654189 967592465
1790337895.760789 W 140 lat 1333 3351 7629 0 exe 216611 368037 428074 resp 432370 1000 pmu 1028227 1004209 8521988 13484275 962504558
1790337896.800771 W 141 lat 1703 3407 6074 0 exe 319999 371703 429296 resp 433777 1000 pmu 1031460 1011090 8543691 13049533 971358097
1790337897.840773 W 142 lat 1537 3425 7092 0 exe 310555 370759 422240 resp 425870 1000 pmu 1031531 1007498 8549554 13592420 969110600
1790337898.780860 W 143 lat 1203 3407 6703 0 exe 198962 363833 425666 resp 431148 1000 pmu 1030282 1000620 8520766 13469888 952117779
1790337899.820757 W 144 lat 1259 3388 6944 0 exe 224703 361814 421370 resp 424314 1000 pmu 1029873 998899 8540674 12917188 947602974
1790337900.760717 W 145 lat 1574 3388 6555 0 exe 273425 363222 423592 resp 427592 1000 pmu 1030873 997762 8534463 12981573 951029826
1790337901.800764 W 146 lat 1333 3425 6574 0 exe 204962 360851 421092 resp 424333 1000 pmu 1030242 995690 8533982 13259479 945869707
1790337902.841808 W 147 lat 685 3296 6388 0 exe 222166 367777 425351 resp 429629 1000 pmu 1030491 1002115 8530271 12875459 961750232
1790337903.776725 W 148 lat 925 3351 8203 0 exe 219962 369703 424499 resp 428296 1000 pmu 1030305 1007521 8527708 13039100 966574793
1790337904.816812 W 149 lat 1462 3407 6351 0 exe 311222 371092 423685 resp 426277 1000 pmu 1031418 1007228 8537290 13037218 969853620
1790337905.756768 W 150 lat 1277 3388 8888 0 exe 212018 367703 425388 resp 429370 1000 pmu 1029154 1001436 8522591 13480011 962000915
1790337906.796786 W 151 lat 1611 3425 6499 0 exe 241018 366462 424074 resp 427981 1000 pmu 1030535 993627 8540556 13002567 958911490
1790337907.836752 W 152 lat 1629 3425 6388 0 exe 302148 367055 443999 resp 447537 1000 pmu 1031462 997217 8541676 13117876 960460210
1790337908.772790 W 153 lat 1351 3407 6481 0 exe 209277 370685 426277 resp 429203 1000 pmu 1030246 1009065 8534521 13623576 968805914
1790337909.816783 W 154 lat 1481 3388 7740 0 exe 241685 368555 427037 resp 430999 1000 pmu 1030344 1004139 8527088 12996014 963355896
1790337910.752763 W 155 lat 1277 3425 6888 0 exe 226037 362203 435481 resp 438444 1000 pmu 1030341 992345 8532487 13167047 948103213
1790337911.796761 W 156 lat 1851 3462 7537 0 exe 267314 361814 434796 resp 439703 1000 pmu 1031723 996417 8548846 13131306 948298347
1790337912.836787 W 157 lat 1481 3407 7222 0 exe 217425 362518 421611 resp 426277 1000 pmu 1029252 996589 8520184 13345097 949554028
1790337913.772765 W 158 lat 1259 3499 6907 0 exe 211740 360796 438074 resp 442203 1000 pmu 1030336 992767 8537623 12962272 945614126
1790337914.816804 W 159 lat 703 3388 8462 0 exe 293055 363629 422425 resp 425129 1000 pmu 1031350 995778 8541822 13085056 951969476
1790337915.752777 W 160 lat 1203 3407 7648 0 exe 247499 366592 424351 resp 427518 1000 pmu 1030428 994046 8531670 13346553 959514423
1790337916.800794 W 161 lat 1370 3314 6277 0 exe 220259 365944 426074 resp 428999 1000 pmu 1029495 996737 8516376 13153682 957289496
1790337917.848762 W 162 lat 1037 3388 7370 0 exe 207518 368981 431759 resp 437314 1000 pmu 1030179 1004782 8528125 13023982 964894530
1790337918.792785 W 163 lat 1148 3388 6518 0 exe 240259 367833 422740 resp 426240 1000 pmu 1030463 998074 8530091 13049416 961961074
1790337919.844775 W 164 lat 1129 3370 6407 0 exe 244537 368037 428129 resp 432555 1000 pmu 1030638 1003379 8541135 13103114 962976938
1790337920.796749 W 165 lat 1574 3370 6481 0 exe 239537 369462 425518 resp 429666 1000 pmu 1030426 1004574 8530948 13183414 965515892
1790337921.848767 W 166 lat 1314 3425 6666 0 exe 325740 371648 423203 resp 426481 1000 pmu 1031483 1009838 8546257 13140696 971377156
1790337922.792789 W 167 lat 1722 3425 7444 0 exe 213018 369592 435388 resp 438851 1000 pmu 1030332 1004675 8527445 13555042 966204564
1790337923.836772 W 168 lat 1592 3333 7425 0 exe 253259 368851 421296 resp 424999 1000 pmu 1029157 1009185 8515386 13109806 963924928
1790337924.772782 W 169 lat 1222 3370 6481 0 exe 236759 368055 431185 resp 435462 1000 pmu 1030394 1012710 8537829 13166420 961763440
1790337925.812778 W 170 lat 1240 3425 6499 0 exe 224592 364666 423277 resp 427370 1000 pmu 1030348 1006829 8530861 13175235 954833296
1790337926.856789 W 171 lat 1259 3407 6777 0 exe 205703 365703 422296 resp 427111 1000 pmu 1030270 1005446 8529346 13017977 956831753
1790337927.792784 W 172 lat 1537 3425 7129 0 exe 281833 363925 427370 resp 432574 1000 pmu 1031471 1004171 8548066 12923951 953052670
1790337928.832773 W 173 lat 1388 3444 7703 0 exe 223555 361648 418092 resp 423203 1000 pmu 1029242 992160 8519809 13351578 947590153
1790337929.772792 W 174 lat 1796 3481 7166 0 exe 218314 362370 425259 resp 429907 1000 pmu 1031602 995272 8547000 12957708 949256590
1790337930.812775 W 175 lat 481 3277 7129 0 exe 208629 365759 421388 resp 426481 1000 pmu 1030219 992089 8529274 13004094 956775524
1790337931.752794 W 176 lat 1611 3444 6370 0 exe 239018 366092 438333 resp 442611 1000 pmu 1030303 997273 8535336 12928314 958350576
1790337932.792767 W 177 lat 1333 3333 6407 0 exe 225759 364629 429648 resp 434240 1000 pmu 1029079 994518 8512531 13249994 954451670
1790337933.832762 W 178 lat 1333 3425 7796 0 exe 257814 369703 424037 resp 430722 1000 pmu 1030419 1003874 8529604 13089430 966512836
1790337934.768795 W 179 lat 1499 3370 6388 0 exe 315351 371444 437018 resp 440444 1000 pmu 1031541 1009503 8539929 13236755 970704446
1790337935.809558 W 180 lat 1370 3333 7018 0 exe 221537 368999 422814 resp 426333 1000 pmu 1029241 1003773 8519852 13640188 964809914
1790337936.848793 W 181 lat 1592 3407 6999 0 exe 313351 370740 445055 resp 450814 1000 pmu 1031512 1009311 8540085 13019548 969225476
1790337937.788841 W 182 lat 1370 3351 5851 0 exe 229499 370296 431203 resp 435203 1000 pmu 1030587 1005858 8534805 13722255 967982198
1790337938.836775 W 183 lat 1370 3407 7462 0 exe 208629 368055 447611 resp 451055 1000 pmu 1029169 1004812 8524534 13146449 962908500
1790337939.772797 W 184 lat 1518 3425 6814 0 exe 286759 370555 428185 resp 432648 1000 pmu 1031410 1007129 8544261 13200429 968378887
1790337940.812775 W 185 lat 1499 3425 7240 0 exe 217981 368481 436814 resp 441722 1000 pmu 1030280 1002861 8533018 13412061 963823872
1790337941.752790 W 186 lat 1740 3425 7351 0 exe 313777 367722 426481 resp 430870 1000 pmu 1031665 996419 8545444 13148232 961473155
1790337942.792790 W 187 lat 1370 3444 9407 0 exe 210277 364481 422592 resp 427166 1000 pmu 1029552 1000609 8520605 13519514 953178017
1790337943.840734 W 188 lat 851 3166 6907 0 exe 106555 348499 428462 resp 434037 1000 pmu 1028010 1007393 8502681 12956208 916644405
1790337944.776781 W 189 lat 722 3203 6166 0 exe 116740 354240 437074 resp 441629 1000 pmu 1029482 1023813 8520431 12404860 931412032
1790337945.816521 W 190 lat 296 629 4944 0 exe 5888 48944 414129 resp 416870 120 pmu 174371 127794 1439051 12558575 131755174
1790337946.752505 W 191 lat 296 296 555 0 exe 5833 6648 67055 resp 67425 0 pmu 56366 5697 493506 10217878 20632460
1790337946.965635 Closing cell "rt-bench"
1790337946.965724 [MG] Initializing memguard on CPU 3
1790337946.965750 [SMMUv2] Exiting SMMUv2 on cell 1
1790337946.965797 Page pool usage after cell destruction: mem 83/4061, remap 5/131072
1790337946.965826 [MG] Initializing memguard on CPU 3
1790337947.069620 [MG] Initializing memguard on CPU 3
1790337947.069721 [COL] Colored OP 0: PHYS 0x30000000 -> VIRT 0x00000000 (SIZE: 0x00400000, COL: 0x000000ff, extra: 0x0000000000000000)
1790337947.069744 [COL] Result: 0
1790337947.069767 [MG] Initializing memguard on CPU 3
1790337947.069786 Created cell "rt-bench"
1790337947.069824 Page pool usage after cell creation: mem 98/4061, remap 5/131072
1790337947.069881 [COL] Colored OP 3: PHYS 0x30000000 -> VIRT 0x00000000 (SIZE: 0x00400000, COL: 0x000000ff, extra: 0x0000000000000000)
1790337947.069906 [MG] Initializing memguard on CPU 3
1790337947.069923 [COL] Result: 0
1790337947.069943 Cell "rt-bench" can be loaded
