1790337365.710036 <missed 116322 bytes of console log>
1790337365.710117 0189 6987028 14772243 1012681985
1790337365.710169 W 496 lat 296 3481 8925 0 exe 16259 354648 568962 resp 574351 907 pmu 838076 711311 6811173 13563484 917222216
1790337365.710219 W 497 lat 296 2833 8555 0 exe 21462 292370 551722 resp 554833 752 pmu 863302 624007 7028867 13396525 774811478
1790337365.710269 W 498 lat 314 2925 8999 0 exe 29759 308851 569537 resp 573296 914 pmu 888613 714891 7230154 12922773 812858894
1790337365.710319 W 499 lat 1240 4925 11944 0 exe 153333 465222 596518 resp 601185 1000 pmu 888540 835641 7242940 13231100 1175283203
1790337365.710368 W 500 lat 296 3499 8962 0 exe 14722 334055 601481 resp 604370 867 pmu 851936 658508 6939523 14933950 866696170
1790337365.710417 W 501 lat 333 4314 10629 0 exe 80240 426499 568592 resp 573407 997 pmu 851948 788640 6933118 13599540 1086540244
1790337365.710466 W 502 lat 296 2574 9796 0 exe 14870 252148 571944 resp 575981 709 pmu 859811 556338 6993024 14081780 668183368
1790337365.710513 W 503 lat 296 370 4222 0 exe 12999 23518 231574 resp 233111 52 pmu 797913 55538 6437891 12897834 73251081
1790337365.710558 W 504 lat 296 296 537 0 exe 13092 14481 93870 resp 94351 0 pmu 790668 11372 6374906 8289765 38756240
1790337365.710604 W 505 lat 296 314 3055 0 exe 13111 21296 308685 resp 311092 11 pmu 792600 66297 6394578 6843807 59687894
1790337365.710648 W 506 lat 296 296 537 0 exe 13092 14518 98129 resp 98499 0 pmu 789659 11764 6369824 9048506 39242227
1790337365.710668 Closing cell "rt-bench"
1790337365.710691 [MG] Initializing memguard on CPU 3
1790337365.710713 [SMMUv2] Exiting SMMUv2 on cell 1
1790337365.710761 [COL] Colored OP 1: PHYS 0x30000000 -> VIRT 0x00000000 (SIZE: 0x00400000, COL: 0x0000ffff, extra: 0x0000000000000000)
1790337365.710779 [COL] Result: 0
1790337365.710828 [COL] Colored OP 4: PHYS 0x30000000 -> VIRT 0x00000000 (SIZE: 0x00400000, COL: 0x0000ffff, extra: 0x0000000000000001)
1790337365.710845 [COL] Result: 0
1790337365.710877 Page pool usage after cell destruction: mem 85/4061, remap 5/131072
1790337365.710901 [MG] Initializing memguard on CPU 3
1790337365.710923 [MG] Initializing memguard on CPU 3
1790337365.710945 [MG] Initializing memguard on CPU 3
1790337365.710964 Created cell "rt-bench"
1790337365.710995 Page pool usage after cell creation: mem 94/4061, remap 5/131072
1790337365.711018 [MG] Initializing memguard on CPU 3
1790337365.711038 Cell "rt-bench" can be loaded
1790337365.711057 Started cell "rt-bench"
1790337365.711079 [MG] Initializing memguard on CPU 3
1790337365.711106 rt-bench: ws 256 KB, 1024 loads/period, window 1000
1790337366.748509 W 0 lat 296 296 1203 0 exe 5611 6129 59111 resp 59833 0 pmu 8820 4913 85544 5307530 17430048
1790337367.684509 W 1 lat 296 296 537 0 exe 5611 5722 18925 resp 19259 0 pmu 1714 1000 18830 6420936 15763686
1790337368.724486 W 2 lat 296 296 314 0 exe 5611 5611 5925 resp 6222 0 pmu 105 17 4908 6011819 14690250
1790337369.764513 W 3 lat 296 296 444 0 exe 5611 5703 23203 resp 23611 0 pmu 1555 928 17301 5879584 15373246
1790337370.700507 W 4 lat 296 296 481 0 exe 5611 5703 9018 resp 9499 0 pmu 105 16 4944 6054391 14716362
1790337371.740549 W 5 lat 444 462 592 0 exe 8981 9111 24907 resp 25407 0 pmu 1748 1019 18912 5912842 15339986
1790337372.780562 W 6 lat 462 462 592 0 exe 8981 9185 36203 resp 36703 0 pmu 2869 1544 28254 6108065 15627365
1790337373.716520 W 7 lat 444 462 611 0 exe 8981 9111 27055 resp 27555 0 pmu 1886 1098 19848 6221576 15547367
1790337374.756507 W 8 lat 407 462 499 0 exe 7925 8814 9518 resp 9999 0 pmu 78 19 4700 6129759 14746736
1790337375.692544 W 9 lat 444 462 740 0 exe 8981 9129 28796 resp 29259 0 pmu 1987 1179 20880 5946579 15400193
1790337376.732513 W 10 lat 444 462 499 0 exe 8981 8999 9981 resp 10444 0 pmu 111 44 5052 6147695 14761880
1790337377.772544 W 11 lat 444 462 592 0 exe 8981 9129 28944 resp 29537 0 pmu 1932 1150 20356 5957418 15393446
1790337378.708510 W 12 lat 444 462 499 0 exe 8981 8981 9425 resp 9907 0 pmu 94 19 4796 6149085 14759680
1790337379.752542 W 13 lat 444 462 629 0 exe 8981 9111 28037 resp 28666 0 pmu 1880 1044 19812 5951897 15369756
1790337380.688504 W 14 lat 444 462 499 0 exe 8981 8981 9592 resp 10074 0 pmu 117 17 4988 6140291 14756811
1790337381.728542 W 15 lat 444 462 592 0 exe 8981 9111 25370 resp 25962 0 pmu 1760 1040 18996 5953541 15356133
1790337382.768501 W 16 lat 444 462 499 0 exe 8981 8981 9351 resp 9833 0 pmu 76 6 4652 6113214 14735257
1790337383.704544 W 17 lat 444 462 611 0 exe 8981 9129 25796 resp 26370 0 pmu 2004 1139 21028 5951123 15397962
1790337384.744511 W 18 lat 444 462 499 0 exe 8981 8981 9722 resp 10203 0 pmu 86 25 4816 6117557 14739457
1790337385.684542 W 19 lat 444 462 611 0 exe 8981 9055 20185 resp 20666 0 pmu 1054 638 13084 5954880 15232142
1790337386.724506 W 20 lat 444 462 499 0 exe 8981 8981 9370 resp 9851 0 pmu 59 8 4528 6060464 14702015
1790337387.764538 W 21 lat 444 462 499 0 exe 8981 9092 22111 resp 22592 0 pmu 1361 834 15664 5951169 15285732
1790337388.700528 W 22 lat 444 462 499 0 exe 8981 8999 10592 resp 11074 0 pmu 305 51 6644 6079462 14746484
1790337389.740543 W 23 lat 462 462 518 0 exe 8981 9111 27537 resp 27999 0 pmu 1717 919 18556 5963723 15355053
1790337390.780504 W 24 lat 388 462 499 0 exe 7499 8981 9370 resp 9851 0 pmu 54 23 4536 6134088 14746126
1790337391.720537 W 25 lat 370 462 537 0 exe 7481 8944 21888 resp 22370 0 pmu 1399 851 15976 5943652 15305814
1790337392.760513 W 26 lat 444 462 499 0 exe 8981 8981 9537 resp 10018 0 pmu 93 20 4800 6068905 14711518
1790337393.696542 W 27 lat 444 462 518 0 exe 8981 9111 26925 resp 27407 0 pmu 1784 1040 19236 5952883 15365101
1790337394.736513 W 28 lat 444 462 499 0 exe 8981 8999 10037 resp 10499 0 pmu 146 22 5252 6127812 14752736
1790337395.776542 W 29 lat 444 462 537 0 exe 8981 9111 24370 resp 24833 0 pmu 1864 958 19704 5958069 15363016
1790337396.712515 W 30 lat 444 462 499 0 exe 8981 8999 10222 resp 10703 0 pmu 128 26 5088 6102293 14736862
1790337397.752543 W 31 lat 444 462 777 0 exe 8981 9092 22629 resp 23092 0 pmu 1518 861 16780 5959921 15318016
1790337398.688522 W 32 lat 444 462 499 0 exe 8981 8981 9592 resp 10074 0 pmu 131 13 5092 6085962 14724920
1790337399.728539 W 33 lat 444 462 592 0 exe 8981 9111 23666 resp 24185 0 pmu 1872 1039 19836 5953513 15367415
1790337400.768512 W 34 lat 444 462 518 0 exe 8981 8999 9814 resp 10259 0 pmu 190 33 5636 6095875 14738380
1790337401.704543 W 35 lat 444 462 611 0 exe 8981 9111 28055 resp 28574 0 pmu 1877 1027 19888 5955840 15379355
1790337402.744513 W 36 lat 444 462 499 0 exe 8981 8981 9259 resp 9740 0 pmu 63 18 4664 6139858 14750569
1790337403.784544 W 37 lat 444 462 537 0 exe 8981 9111 27314 resp 27777 0 pmu 1951 1073 20468 5950283 15389284
1790337404.720515 W 38 lat 444 462 499 0 exe 8981 8981 9592 resp 10055 0 pmu 154 14 5344 6131828 14756355
1790337405.760544 W 39 lat 462 462 722 0 exe 8981 9111 26703 resp 27425 0 pmu 1977 1070 20632 5953484 15386304
1790337406.696522 W 40 lat 444 462 499 0 exe 8981 8999 9888 resp 10370 0 pmu 195 44 5688 6127965 14759707
1790337407.736544 W 41 lat 370 462 555 0 exe 7481 8981 28574 resp 29037 0 pmu 2105 1193 21852 5956753 15410114
1790337408.776508 W 42 lat 444 462 499 0 exe 8981 8981 9648 resp 10148 0 pmu 83 24 4784 6135899 14750041
1790337409.712545 W 43 lat 444 462 796 0 exe 8981 9111 26462 resp 27259 0 pmu 1834 1015 19544 5954158 15371722
1790337410.752508 W 44 lat 444 462 499 0 exe 8981 8981 9425 resp 9907 0 pmu 70 9 4624 6126220 14742945
1790337411.688546 W 45 lat 444 462 611 0 exe 8981 9111 27944 resp 28407 0 pmu 1906 1059 20164 5951791 15368209
1790337412.728516 W 46 lat 462 462 499 0 exe 8981 8999 9759 resp 10240 0 pmu 171 34 5480 6138360 14763725
1790337413.768545 W 47 lat 444 462 592 0 exe 8981 9111 27203 resp 27685 0 pmu 1970 1097 20796 5955486 15392652
1790337414.704512 W 48 lat 444 462 499 0 exe 8981 8981 9685 resp 10166 0 pmu 99 13 4844 6131102 14749893
1790337415.744545 W 49 lat 462 462 611 0 exe 8981 9111 26981 resp 27481 0 pmu 1912 1087 20208 5954464 15380273
1790337416.784512 W 50 lat 444 462 499 0 exe 8981 8981 9574 resp 10055 0 pmu 80 27 4748 6128980 14746098
1790337417.724544 W 51 lat 444 462 1148 0 exe 8981 9129 26055 resp 26999 0 pmu 2004 1117 20860 5953344 15389748
1790337418.764514 W 52 lat 444 462 499 0 exe 8981 8999 9759 resp 10240 0 pmu 181 40 5600 6124711 14756831
1790337419.700539 W 53 lat 444 462 537 0 exe 8981 9129 28981 resp 29462 0 pmu 1988 1115 20820 5955291 15403164
1790337420.740506 W 54 lat 444 462 499 0 exe 8981 8981 9462 resp 9944 0 pmu 62 11 4528 6148549 14754795
1790337421.784542 W 55 lat 444 462 592 0 exe 8981 9111 29388 resp 29907 0 pmu 1886 1059 19928 5952281 15373203
1790337422.720513 W 56 lat 444 462 499 0 exe 8981 8981 9981 resp 10462 0 pmu 101 20 4844 6153057 14763249
1790337423.760539 W 57 lat 370 462 648 0 exe 7481 8962 26925 resp 27388 0 pmu 1777 1033 19048 5957429 15367605
1790337424.696512 W 58 lat 444 462 499 0 exe 8981 8999 9999 resp 10462 0 pmu 190 50 5640 6119986 14755327
1790337425.736545 W 59 lat 444 462 592 0 exe 8981 9111 27444 resp 28018 0 pmu 1876 1090 19972 5957729 15377963
1790337426.776511 W 60 lat 462 462 499 0 exe 8981 8981 9888 resp 10370 0 pmu 77 13 4668 6133989 14748508
1790337427.712542 W 61 lat 462 462 611 0 exe 8981 9129 29722 resp 30203 0 pmu 2087 1235 21613 5956655 15414836
1790337428.752512 W 62 lat 444 462 499 0 exe 8981 8981 9685 resp 10166 0 pmu 74 22 4640 6156448 14761855
1790337429.688547 W 63 lat 444 462 499 0 exe 8981 9111 27574 resp 28074 0 pmu 1937 1086 20508 5954505 15390992
1790337430.728514 W 64 lat 444 462 499 0 exe 8981 8981 9796 resp 10277 0 pmu 106 19 4928 6134357 14752238
1790337431.768556 W 65 lat 444 462 629 0 exe 8981 9129 33833 resp 34333 0 pmu 2167 1219 22312 5955702 15415233
1790337432.704510 W 66 lat 444 462 518 0 exe 8981 9037 16592 resp 17111 0 pmu 1116 350 13408 6197694 15036031
1790337433.744707 W 67 lat 444 462 499 0 exe 8981 9111 26370 resp 26851 0 pmu 1858 1029 19798 6024254 15403167
1790337434.688726 W 68 lat 296 2222 8722 0 exe 5870 84240 380999 resp 384870 239 pmu 205740 209011 1729789 6122986 216239395
1790337435.744764 W 69 lat 296 3259 8796 0 exe 7574 181166 490444 resp 494722 644 pmu 419539 429674 3502567 10097344 505351105
1790337436.788828 W 70 lat 296 3259 9388 0 exe 6685 181462 441518 resp 446574 656 pmu 397324 407583 3312330 11692792 501012624
1790337437.736822 W 71 lat 296 3296 8351 0 exe 6888 182240 444944 resp 450296 660 pmu 421146 431278 3513813 11207355 509536710
1790337438.788849 W 72 lat 296 3055 7185 0 exe 6444 162074 437888 resp 444685 581 pmu 361902 371264 3027812 11242664 455329427
1790337439.732894 W 73 lat 296 3555 8462 0 exe 6888 220851 455981 resp 459518 777 pmu 507316 518083 4231089 11069955 608677048
1790337440.784861 W 74 lat 388 3759 8462 0 exe 6870 233296 443092 resp 449074 858 pmu 518713 532176 4317775 11539862 634318829
1790337441.736835 W 75 lat 296 3888 9629 0 exe 8148 245722 482166 resp 485944 897 pmu 556986 569933 4645753 11487000 673060946
1790337442.784941 W 76 lat 314 4018 9203 0 exe 8111 265314 459703 resp 465407 952 pmu 591295 605449 4933247 11941452 721679208
1790337443.728778 W 77 lat 296 3351 9074 0 exe 6055 246944 486074 resp 490555 812 pmu 538734 551152 4498260 11822218 668192796
1790337444.772627 W 78 lat 370 3777 9518 0 exe 7111 239185 463296 resp 468777 850 pmu 534043 548277 4462545 11973812 654042221
1790337445.720727 W 79 lat 296 3796 9333 0 exe 7814 242444 463925 resp 467611 847 pmu 549578 563734 4589381 11722284 661718850
1790337446.772738 W 80 lat 388 3481 8277 0 exe 6777 213462 473222 resp 476462 749 pmu 467202 479702 3905880 11738021 583570713
1790337447.724689 W 81 lat 333 3851 9777 0 exe 6814 241518 487888 resp 496333 825 pmu 542553 555459 4537153 11672355 659249464
1790337448.776797 W 82 lat 333 3703 8814 0 exe 9185 228037 472444 resp 478537 823 pmu 515639 529590 4301047 11994677 624366201
1790337449.724818 W 83 lat 481 4074 9148 0 exe 7555 281277 483462 resp 488074 908 pmu 604320 617268 5057085 11767489 755581443
1790337450.772915 W 84 lat 537 4148 8999 0 exe 7888 283907 465481 resp 469333 954 pmu 615780 632356 5142128 12132708 766343917
1790337451.724880 W 85 lat 481 4203 9518 0 exe 9055 293499 493759 resp 499259 926 pmu 633568 648081 5299444 11963813 790682634
1790337452.780867 W 86 lat 499 4092 9944 0 exe 10814 274444 461407 resp 468259 959 pmu 589831 604957 4920167 12311313 740804199
1790337453.736812 W 87 lat 370 3851 8944 0 exe 7925 261351 480833 resp 485333 849 pmu 561376 573917 4686375 11909316 703336484
1790337454.784658 W 88 lat 462 4018 10574 0 exe 7907 256092 460555 resp 465166 886 pmu 567274 582339 4741634 12005306 697709994
1790337455.728784 W 89 lat 351 3925 8259 0 exe 8851 261407 465685 resp 470981 933 pmu 582809 597463 4857666 11786247 710560811
1790337456.788829 W 90 lat 296 3388 7666 0 exe 6518 208277 453833 resp 458981 732 pmu 446903 458608 3732513 11859074 571439087
1790337457.736595 W 91 lat 296 3740 9203 0 exe 7351 223111 483740 resp 488759 767 pmu 507160 519111 4235591 11456664 611819759
1790337458.788845 W 92 lat 296 2537 9166 0 exe 6629 107425 341907 resp 347537 370 pmu 241043 247722 2009488 11841572 311412842
1790337459.732876 W 93 lat 296 3314 9962 0 exe 6703 213925 485462 resp 490870 775 pmu 529080 537660 4408137 9839235 592881456
1790337460.780849 W 94 lat 333 3499 8111 0 exe 6333 254314 505851 resp 511129 801 pmu 571143 577665 4756780 11814603 684715136
1790337461.728755 W 95 lat 296 3555 11388 0 exe 6388 214129 489314 resp 493981 763 pmu 483317 495199 4041663 12209594 591566650
1790337462.776769 W 96 lat 296 3370 8388 0 exe 7425 185185 483907 resp 490129 661 pmu 418632 429993 3490103 11856787 509778798
1790337463.720910 W 97 lat 314 3555 9592 0 exe 7277 210611 334537 resp 338425 780 pmu 472710 485629 3951510 11655400 584916750
1790337464.772790 W 98 lat 314 3370 8796 0 exe 7333 187481 500629 resp 505388 648 pmu 422390 432723 3524973 10282996 515117254
1790337465.720862 W 99 lat 314 3555 8537 0 exe 7240 206592 470944 resp 476555 765 pmu 474127 487283 3966726 11828328 575183441
1790337466.776851 W 100 lat 296 3925 7999 0 exe 8129 244814 504259 resp 512259 871 pmu 539857 553125 4505259 11630945 665104319
1790337467.720895 W 101 lat 314 3555 9444 0 exe 7018 205481 455648 resp 460333 759 pmu 467212 480154 3905941 12170191 567364605
1790337468.768796 W 102 lat 333 3703 9333 0 exe 6962 245518 461999 resp 467870 874 pmu 570890 585082 4772088 11470979 674147314
1790337469.716755 W 103 lat 296 3148 9740 0 exe 6592 198462 457129 resp 463444 702 pmu 439617 451163 3669578 11740282 544743192
1790337470.772782 W 104 lat 296 3555 8759 0 exe 6759 265129 516796 resp 520944 811 pmu 605044 607820 5031540 11456054 716727117
1790337471.712944 W 105 lat 314 3018 8314 0 exe 6870 156648 461759 resp 467462 554 pmu 353095 362108 2944268 12372345 437554301
1790337472.776886 W 106 lat 296 3092 8222 0 exe 6981 173611 373407 resp 376092 639 pmu 406498 416732 3391930 11283312 489375075
1790337473.724791 W 107 lat 333 3555 8814 0 exe 7462 214888 468555 resp 473777 732 pmu 467777 479294 3909741 10470209 585895398
1790337474.768646 W 108 lat 407 3962 8888 0 exe 6703 264037 493425 resp 499018 888 pmu 582238 594350 4859571 11649341 715564167
1790337475.712762 W 109 lat 333 3925 9018 0 exe 6370 255999 456759 resp 461111 871 pmu 568310 581732 4738479 12144341 695872605
1790337476.772733 W 110 lat 444 3499 9074 0 exe 7296 208148 448759 resp 453333 728 pmu 464049 476364 3879481 11729317 571688952
1790337477.732723 W 111 lat 499 4185 8666 0 exe 8055 286611 454203 resp 460351 956 pmu 619020 633362 5163001 11415239 770310846
1790337478.788700 W 112 lat 444 4129 8685 0 exe 7870 282055 481648 resp 486740 946 pmu 623979 637494 5202246 11875045 760126597
1790337479.728813 W 113 lat 296 3722 9074 0 exe 6685 232703 460851 resp 465722 789 pmu 510370 522460 4258587 12119764 633992216
1790337480.780731 W 114 lat 351 3666 8925 0 exe 6092 221111 480592 resp 484685 779 pmu 502429 514292 4196658 11657142 607675089
1790337481.728764 W 115 lat 407 3814 10185 0 exe 7370 252833 473703 resp 478666 858 pmu 558693 571871 4662656 11789179 688788518
1790337482.776840 W 116 lat 314 3722 8148 0 exe 6870 231981 508814 resp 512981 773 pmu 503960 515694 4207284 11896949 627532435
1790337483.720732 W 117 lat 555 4129 9185 0 exe 8796 282759 459814 resp 466537 945 pmu 609373 624185 5088171 12126473 762046311
1790337484.776685 W 118 lat 314 3796 9611 0 exe 6777 240666 505314 resp 511185 840 pmu 537795 549671 4480556 11921024 660447311
1790337485.732575 W 119 lat 333 3203 8537 0 exe 6814 171666 348277 resp 354296 611 pmu 377697 387857 3156865 12149671 474165517
1790337486.776713 W 120 lat 296 3037 9148 0 exe 6370 159629 423370 resp 428388 580 pmu 372141 381742 3103322 10227125 449508789
1790337487.728741 W 121 lat 296 3092 8148 0 exe 7111 166277 449666 resp 453981 589 pmu 366207 376133 3059299 10912339 460723560
1790337488.780627 W 122 lat 314 2388 8999 0 exe 6574 84166 332407 resp 337722 294 pmu 203846 209925 1712839 11203290 254148402
1790337489.732782 W 123 lat 296 3388 9537 0 exe 5592 197703 333962 resp 338351 730 pmu 449120 461282 3743004 9624374 551970854
1790337490.780672 W 124 lat 296 3129 7777 0 exe 6814 166203 404499 resp 408351 586 pmu 363477 371684 3033374 10205420 459885886
1790337491.732777 W 125 lat 314 3074 8685 0 exe 6611 160296 445907 resp 451148 583 pmu 367149 377133 3066906 10746644 450909575
1790337492.780667 W 126 lat 314 3740 8166 0 exe 7648 233351 492592 resp 498851 829 pmu 512860 525870 4281089 11142212 637225828
1790337493.732739 W 127 lat 296 3444 8981 0 exe 6407 192648 439351 resp 442611 719 pmu 449260 461059 3748160 11984873 538390102
1790337494.772510 W 128 lat 296 462 6203 0 exe 5611 14148 303037 resp 307277 29 pmu 22286 21367 183300 11228191 47396007
1790337495.708484 W 129 lat 296 296 333 0 exe 5611 5611 6018 resp 6314 0 pmu 162 48 5452 8944168 16456644
1790337496.764766 W 130 lat 296 3055 6685 0 exe 5611 290833 423462 resp 426833 876 pmu 849456 788529 7063188 5883489 763995361
1790337497.724788 W 131 lat 1703 3444 6129 0 exe 304425 347944 408462 resp 412055 1000 pmu 1019690 939138 8466028 11546465 914900588
1790337498.768786 W 132 lat 1388 3407 6351 0 exe 259333 348611 427055 resp 430333 1000 pmu 1019219 943054 8460282 13183268 917967564
1790337499.724783 W 133 lat 1148 3407 6277 0 exe 121092 342351 411555 resp 415796 1000 pmu 1004897 926037 8347759 13144955 901734642
1790337500.776797 W 134 lat 1481 3407 6648 0 exe 225648 347481 409796 resp 414499 1000 pmu 1019430 940490 8460520 12270760 914312816
1790337501.732814 W 135 lat 1833 3481 7777 0 exe 298666 348037 418666 resp 422740 1000 pmu 1019466 940653 8475445 12807249 915847069
1790337502.700781 W 136 lat 1370 3425 6259 0 exe 139277 346092 428981 resp 433462 1000 pmu 1014851 937632 8430251 13268731 911467533
1790337503.740799 W 137 lat 1296 3462 6203 0 exe 143666 343907 409685 resp 414185 1000 pmu 1009673 932436 8391880 12556953 905394224
1790337504.784751 W 138 lat 1796 3425 6499 0 exe 294481 347203 407388 resp 410796 1000 pmu 1019496 940905 8465832 12374635 913837765
1790337505.732782 W 139 lat 1425 3425 6388 0 exe 233648 345814 432740 resp 436518 1000 pmu 1012618 939016 8415515 13120667 910338624
1790337506.796792 W 140 lat 1388 3444 7185 0 exe 130333 340925 411240 resp 415685 1000 pmu 1003877 927587 8344639 13062300 898227494
1790337507.748783 W 141 lat 1851 3462 6666 0 exe 296999 347018 432185 resp 436870 1000 pmu 1018995 940537 8471117 12313489 913350872
1790337508.700804 W 142 lat 1611 3518 7314 0 exe 281833 348333 414370 resp 419499 1000 pmu 1019305 942580 8476554 13387874 916916124
1790337509.740776 W 143 lat 1407 3407 7833 0 exe 151722 345518 416444 resp 421611 1000 pmu 1014845 935603 8430887 13144958 909837588
1790337510.796787 W 144 lat 1129 3462 6462 0 exe 118703 343185 410740 resp 414129 1000 pmu 1009502 930637 8388165 12502249 903246402
1790337511.752825 W 145 lat 1648 3462 7296 0 exe 280314 345277 411796 resp 414666 1000 pmu 1019251 940610 8468407 12251424 908196497
1790337512.708765 W 146 lat 1555 3499 6777 0 exe 155666 341018 400833 resp 405259 1000 pmu 1014773 935066 8435501 13084855 898899652
1790337513.756772 W 147 lat 944 3462 7166 0 exe 143092 339833 415333 resp 420055 1000 pmu 1009271 933592 8387068 12335718 895436000
1790337514.700766 W 148 lat 1870 3462 6870 0 exe 270333 343277 409648 resp 413592 1000 pmu 1019343 940845 8474391 12411937 904498676
1790337515.764796 W 149 lat 1925 3499 6648 0 exe 273518 343611 408981 resp 413648 1000 pmu 1019557 941496 8470319 13007880 905510840
1790337516.724695 W 150 lat 1499 3425 6333 0 exe 150981 339759 405444 resp 410592 1000 pmu 1009708 931213 8382987 13021679 895820735
1790337517.780779 W 151 lat 1185 3481 6981 0 exe 128814 341222 410259 resp 416962 1000 pmu 1014381 935223 8432498 12352720 899064986
1790337518.732791 W 152 lat 1574 3444 7388 0 exe 269907 343851 419703 resp 423129 1000 pmu 1019582 941096 8468520 12306961 905668844
1790337519.780794 W 153 lat 1518 3462 6629 0 exe 148074 342814 405685 resp 408907 1000 pmu 1014610 938788 8438127 13107555 903348128
1790337520.720763 W 154 lat 481 3296 7444 0 exe 130277 344129 416277 resp 419833 1000 pmu 1014369 934536 8423491 12347948 905879840
1790337521.760822 W 155 lat 1462 3407 6555 0 exe 135685 346648 418481 resp 422814 1000 pmu 1014582 935370 8433823 12371285 912046193
1790337522.696809 W 156 lat 851 3425 7037 0 exe 152166 342055 408296 resp 412296 1000 pmu 1004020 929428 8330862 12437822 900498928
1790337523.736803 W 157 lat 1222 3425 6185 0 exe 147777 347481 417444 resp 421185 1000 pmu 1014491 938934 8424874 12393044 913885656
1790337524.776776 W 158 lat 1148 3444 6425 0 exe 146944 346833 406444 resp 410296 1000 pmu 1014433 937834 8432341 12486229 912736613
1790337525.716668 W 159 lat 1462 3444 6425 0 exe 275148 348018 406685 resp 410055 1000 pmu 1019494 941035 8474682 12370177 915666683
1790337526.752771 W 160 lat 1148 3462 6944 0 exe 169148 346037 408574 resp 413444 1000 pmu 1015206 936333 8439271 13018754 911137717
1790337527.792789 W 161 lat 1333 3407 5999 0 exe 136481 344999 415333 resp 418740 1000 pmu 1014454 932928 8417738 12506342 907976323
1790337528.732787 W 162 lat 1481 3370 6388 0 exe 137240 345518 418277 resp 422499 1000 pmu 1014216 934905 8428610 12394106 909234388
1790337529.772792 W 163 lat 1296 3481 8222 0 exe 127944 345370 414018 resp 417981 1000 pmu 1014698 935233 8437986 12436344 908927409
1790337530.708778 W 164 lat 1351 3388 6851 0 exe 151296 346296 407129 resp 412462 1000 pmu 1014868 937089 8432082 12354124 911179458
1790337531.748835 W 165 lat 925 3518 7796 0 exe 126814 346222 413037 resp 416574 1000 pmu 1014700 936660 8432009 12406403 910853207
1790337532.788790 W 166 lat 1481 3462 9074 0 exe 159259 345870 405425 resp 409703 1000 pmu 1014859 936208 8430950 12336878 910075472
1790337533.724817 W 167 lat 1777 3407 6981 0 exe 287407 347407 406277 resp 411111 1000 pmu 1019412 940469 8473550 12433906 914031344
1790337534.768685 W 168 lat 1074 3518 7092 0 exe 127296 346129 417870 resp 421462 1000 pmu 1014788 937660 8431340 13084410 911130550
1790337535.704806 W 169 lat 1259 3425 6462 0 exe 152574 345592 413629 resp 417759 1000 pmu 1014353 937333 8435641 12384641 909431574
1790337536.744785 W 170 lat 1777 3499 8425 0 exe 133037 343888 400222 resp 403462 1000 pmu 1014908 932110 8429976 12466198 905142912
1790337537.784786 W 171 lat 1370 3425 6425 0 exe 133314 343703 409462 resp 413388 1000 pmu 1014536 937724 8429451 12234040 904013730
1790337538.720807 W 172 lat 1499 3425 6925 0 exe 139685 338407 404962 resp 410814 1000 pmu 1006467 932254 8362258 12317881 891765867
1790337539.760795 W 173 lat 1277 3462 6592 0 exe 128537 341462 409462 resp 412962 1000 pmu 1014451 936694 8429487 12291243 899783887
1790337540.696806 W 174 lat 1833 3481 7037 0 exe 285592 343518 408481 resp 412425 1000 pmu 1019760 940808 8476022 12281459 905021734
1790337541.736822 W 175 lat 1259 3537 7129 0 exe 141685 341777 411722 resp 414370 1000 pmu 1014472 937750 8433751 13074262 901084169
1790337542.776785 W 176 lat 999 3425 6888 0 exe 127814 339833 411351 resp 415759 1000 pmu 1009231 931831 8391223 12370027 895722868
1790337543.716786 W 177 lat 1611 3518 7518 0 exe 274574 343814 407111 resp 411333 1000 pmu 1019550 942351 8477609 12292917 905867438
1790337544.760700 W 178 lat 1462 3425 6166 0 exe 158555 342574 417092 resp 422277 1000 pmu 1014919 937456 8432779 13009987 902704949
1790337545.692773 W 179 lat 1907 3462 6944 0 exe 283814 343999 417796 resp 422111 1000 pmu 1019660 940148 8475959 12520455 906151931
1790337546.732804 W 180 lat 592 3259 6777 0 exe 110555 344814 420259 resp 424555 1000 pmu 1009633 933155 8378759 13162771 907759578
1790337547.772796 W 181 lat 1740 3425 6499 0 exe 282370 348185 420462 resp 424203 1000 pmu 1019512 940655 8472841 12316771 916156879
1790337548.708790 W 182 lat 1425 3499 8074 0 exe 146777 346703 409037 resp 412870 1000 pmu 1014615 937350 8435428 13196956 912891320
1790337549.748800 W 183 lat 1259 3370 6981 0 exe 127351 343740 408148 resp 412166 1000 pmu 1009895 930927 8393605 12404529 904921181
1790337550.788779 W 184 lat 1703 3444 6685 0 exe 272351 348185 417314 resp 420611 1000 pmu 1019414 941817 8472240 12277544 916055233
1790337551.728779 W 185 lat 1444 3425 6296 0 exe 131537 345722 407944 resp 411777 1000 pmu 1014226 936064 8433063 13113946 910208648
1790337552.772713 W 186 lat 1222 3462 6833 0 exe 142444 346166 422444 resp 426851 1000 pmu 1014861 935173 8428982 12303278 910871840
1790337553.704790 W 187 lat 1574 3444 6388 0 exe 151814 346055 415296 resp 419166 1000 pmu 1014433 936263 8423497 12509590 910728122
1790337554.744772 W 188 lat 1777 3444 6537 0 exe 282629 347648 409296 resp 412685 1000 pmu 1019570 940130 8472246 12481257 914678186
1790337555.784784 W 189 lat 1296 3462 7203 0 exe 140277 343129 419499 resp 424074 1000 pmu 1008251 933427 8367834 13082756 903693755
1790337556.720515 W 190 lat 296 629 5648 0 exe 5611 42444 407129 resp 411203 108 pmu 113503 104956 936008 12454680 115287987
1790337557.760482 W 191 lat 296 296 333 0 exe 5611 5629 6481 resp 6777 0 pmu 182 30 5523 10123924 17168106
1790337557.981651 Closing cell "rt-bench"
1790337557.981746 [MG] Initializing memguard on CPU 3
1790337557.981778 [SMMUv2] Exiting SMMUv2 on cell 1
1790337557.981831 Page pool usage after cell destruction: mem 83/4061, remap 5/131072
1790337557.981864 [MG] Initializing memguard on CPU 3
1790337558.088546 [MG] Initializing memguard on CPU 3
1790337558.088665 [COL] Colored OP 0: PHYS 0x30000000 -> VIRT 0x00000000 (SIZE: 0x00400000, COL: 0x000000ff, extra: 0x0000000000000000)
1790337558.088692 [COL] Result: 0
1790337558.088720 [MG] Initializing memguard on CPU 3
1790337558.088740 Created cell "rt-bench"
1790337558.088782 Page pool usage after cell creation: mem 98/4061, remap 5/131072
1790337558.088847 [COL] Colored OP 3: PHYS 0x30000000 -> VIRT 0x00000000 (SIZE: 0x00400000, COL: 0x000000ff, extra: 0x0000000000000000)
1790337558.088878 [MG] Initializing memguard on CPU 3
1790337558.088895 [COL] Result: 0
1790337558.088917 Cell "rt-bench" can be loaded
1790337558.088972 [COL] Colored OP 2: PHYS 0x30000000 -> VIRT 0x00000000 (SIZE: 0x00400000, COL: 0x000000ff, extra: 0x0000000000000000)
1790337558.088994 [COL] Result: 0
1790337558.089053 [COL] Colored OP 4: PHYS 0x30000000 -> VIRT 0x00000000 (SIZE: 0x00400000, COL: 0x000000ff, extra: 0x0000000000000001)
1790337558.089081 [COL] Result: 0
1790337558.089106 Started cell "rt-bench"
1790337558.089137 [MG] Initializing memguard on CPU 3
1790337558.089166 rt-bench: ws 256 KB, 1024 loads/period, window 1000
