1790336351.314952 <missed 2541 bytes of console log>
1790336351.315050 e 16888 22518 116481 resp 116944 8 pmu 1023445 74369 8245985 6449781 57012510
1790336351.315100 W 4 lat 296 296 499 0 exe 17111 20481 48999 resp 49314 0 pmu 1023554 47309 8252836 7128917 50912777
1790336351.315147 W 5 lat 462 462 629 0 exe 24203 30074 138666 resp 139203 19 pmu 1023456 70065 8254904 6444078 47970077
1790336351.315195 W 6 lat 296 499 2888 0 exe 21462 108462 401555 resp 404351 369 pmu 1022469 664052 8256365 7428720 307646905
1790336351.315244 W 7 lat 296 296 537 0 exe 16777 23499 112888 resp 113388 9 pmu 1023351 85677 8250651 10456939 62233090
1790336351.315291 W 8 lat 296 314 1129 0 exe 16833 36018 134037 resp 134388 71 pmu 1022899 226694 8251246 7097884 94500772
1790336351.315336 W 9 lat 296 296 425 0 exe 16907 21555 121462 resp 121888 8 pmu 1023399 62719 8251108 7374304 55256650
1790336351.315355 Closing cell "rt-bench"
1790336351.315378 [MG] Initializing memguard on CPU 3
1790336351.315400 [SMMUv2] Exiting SMMUv2 on cell 1
1790336351.315448 [COL] Colored OP 1: PHYS 0x30000000 -> VIRT 0x00000000 (SIZE: 0x00400000, COL: 0x000000ff, extra: 0x0000000000000000)
1790336351.315466 [COL] Result: 0
1790336351.315515 [COL] Colored OP 4: PHYS 0x30000000 -> VIRT 0x00000000 (SIZE: 0x00400000, COL: 0x000000ff, extra: 0x0000000000000001)
1790336351.315532 [COL] Result: 0
1790336351.315564 Page pool usage after cell destruction: mem 85/4061, remap 5/131072
1790336351.315588 [MG] Initializing memguard on CPU 3
1790336351.315610 [MG] Initializing memguard on CPU 3
1790336351.315659 [COL] Colored OP 0: PHYS 0x30000000 -> VIRT 0x00000000 (SIZE: 0x00400000, COL: 0x00000fff, extra: 0x0000000000000000)
1790336351.315676 [COL] Result: 0
1790336351.315698 [MG] Initializing memguard on CPU 3
1790336351.315716 Created cell "rt-bench"
1790336351.315748 Page pool usage after cell creation: mem 99/4061, remap 5/131072
1790336351.315797 [COL] Colored OP 3: PHYS 0x30000000 -> VIRT 0x00000000 (SIZE: 0x00400000, COL: 0x00000fff, extra: 0x0000000000000000)
1790336351.315821 [MG] Initializing memguard on CPU 3
1790336351.315837 [COL] Result: 0
1790336351.315857 Cell "rt-bench" can be loaded
1790336351.315905 [COL] Colored OP 2: PHYS 0x30000000 -> VIRT 0x00000000 (SIZE: 0x00400000, COL: 0x00000fff, extra: 0x0000000000000000)
1790336351.315923 [COL] Result: 0
1790336351.315971 [COL] Colored OP 4: PHYS 0x30000000 -> VIRT 0x00000000 (SIZE: 0x00400000, COL: 0x00000fff, extra: 0x0000000000000001)
1790336351.315988 [COL] Result: 0
1790336351.316006 Started cell "rt-bench"
1790336351.316028 [MG] Initializing memguard on CPU 3
1790336351.316055 rt-bench: ws 768 KB, 1024 loads/period, window 1000
1790336352.352522 W 0 lat 296 296 907 0 exe 15166 19388 135629 resp 135944 17 pmu 976978 43511 7869092 5307506 50690835
1790336353.288543 W 1 lat 296 296 499 0 exe 15240 18518 109074 resp 109388 3 pmu 977111 35481 7867070 7297365 48065647
1790336354.328507 W 2 lat 296 296 333 0 exe 15185 15425 17370 resp 17685 0 pmu 978331 187 7877984 7025671 39335355
1790336355.368546 W 3 lat 296 296 1074 0 exe 15185 17907 107314 resp 108388 3 pmu 977390 28393 7870696 6092018 45688688
1790336356.304532 W 4 lat 296 296 425 0 exe 15240 15425 17388 resp 17703 0 pmu 978479 120 7880250 7011467 39319452
1790336357.344570 W 5 lat 296 462 611 0 exe 15499 25111 121888 resp 122462 12 pmu 977194 29221 7865193 6092759 40390313
1790336358.388736 W 6 lat 296 481 3333 0 exe 15296 60351 346962 resp 350092 150 pmu 964468 277086 7778611 7191184 184561280
1790336359.324535 W 7 lat 296 296 425 0 exe 15203 17611 91611 resp 92037 0 pmu 976090 25374 7859385 9643386 47733058
1790336360.364535 W 8 lat 296 296 499 0 exe 15203 17629 98222 resp 98629 0 pmu 977133 25807 7866760 6846485 46025085
1790336361.304535 W 9 lat 296 296 407 0 exe 15203 17388 102555 resp 102907 1 pmu 977130 22573 7864924 6912971 44927111
1790336362.344500 W 10 lat 296 296 333 0 exe 15166 15425 17351 resp 17648 0 pmu 978169 218 7876300 6954315 39290605
1790336363.384568 W 11 lat 296 425 574 0 exe 15185 22518 117092 resp 117592 9 pmu 977111 24173 7867073 6091576 40509944
1790336364.320547 W 12 lat 462 462 611 0 exe 21981 22259 24185 resp 24666 0 pmu 978260 189 7873360 7127546 35655614
1790336365.360572 W 13 lat 462 462 629 0 exe 21981 24629 112629 resp 113092 10 pmu 977663 24330 7866945 6232125 39663891
1790336366.296535 W 14 lat 462 462 499 0 exe 21833 22259 23907 resp 24388 0 pmu 977956 225 7868676 7128573 35681792
1790336367.336567 W 15 lat 462 462 1370 0 exe 21925 24740 130148 resp 130722 11 pmu 977810 25273 7871629 6228189 39740446
1790336368.376530 W 16 lat 462 462 518 0 exe 21888 22277 24185 resp 24666 0 pmu 977808 309 7865948 7308278 35807338
1790336369.312565 W 17 lat 462 462 666 0 exe 21907 24537 118037 resp 118537 10 pmu 977540 23405 7865100 6231336 39463709
1790336370.352529 W 18 lat 462 462 499 0 exe 21888 22277 24925 resp 25388 0 pmu 978598 245 7874336 7182216 35713388
1790336371.392563 W 19 lat 462 462 722 0 exe 21814 24555 114129 resp 114629 9 pmu 976936 23746 7862415 6238570 39630882
1790336372.328532 W 20 lat 462 462 518 0 exe 21888 22277 24981 resp 25481 0 pmu 978393 311 7876641 7143032 35713767
1790336373.368562 W 21 lat 388 462 629 0 exe 18314 24222 114833 resp 115351 9 pmu 977345 23861 7869944 6239350 39595835
1790336374.304532 W 22 lat 462 462 499 0 exe 21888 22259 23685 resp 24166 0 pmu 977423 213 7869862 7130147 35661638
1790336375.348557 W 23 lat 462 462 907 0 exe 21907 24537 114888 resp 115518 8 pmu 977126 23236 7869661 6226133 39452591
1790336376.388524 W 24 lat 462 462 555 0 exe 21925 22259 23277 resp 23740 0 pmu 978039 148 7876560 7152578 35656688
1790336377.324563 W 25 lat 407 462 1370 0 exe 19444 32518 108425 resp 108870 13 pmu 969015 113136 7809533 6222510 58596244
1790336378.376536 W 26 lat 296 370 1759 0 exe 15259 49759 370814 resp 371851 139 pmu 969238 343274 7821318 7117057 127082443
1790336379.312521 W 27 lat 296 296 481 0 exe 15203 18611 115611 resp 115962 2 pmu 977037 36655 7867020 9809991 49748446
1790336380.352493 W 28 lat 296 296 333 0 exe 15222 15444 16574 resp 16907 0 pmu 977641 210 7874948 7091454 39418052
1790336381.392521 W 29 lat 296 296 629 0 exe 15222 17555 108555 resp 109037 3 pmu 977118 24551 7870363 6084308 44856606
1790336382.328490 W 30 lat 296 296 333 0 exe 15222 15444 16444 resp 16759 0 pmu 978023 175 7876188 7017085 39352254
1790336383.368550 W 31 lat 296 407 592 0 exe 15240 22648 120981 resp 121462 11 pmu 978020 26906 7875036 6082971 41229272
1790336384.304529 W 32 lat 462 462 518 0 exe 21962 22277 24351 resp 24833 0 pmu 978477 240 7873560 7167141 35714881
1790336385.344561 W 33 lat 462 462 592 0 exe 21907 24907 119481 resp 120018 11 pmu 977470 27178 7868832 6233329 40055971
1790336386.384529 W 34 lat 462 462 499 0 exe 21888 22259 23185 resp 23648 0 pmu 978289 145 7879109 7198249 35705786
1790336387.320558 W 35 lat 462 462 555 0 exe 21925 24833 124833 resp 125388 10 pmu 977435 26519 7871720 6221070 39958613
1790336388.364569 W 36 lat 388 462 1518 0 exe 20499 35648 214796 resp 216055 92 pmu 977185 142780 7877820 7251773 65929856
1790336389.300555 W 37 lat 388 462 796 0 exe 18351 24222 117037 resp 117611 7 pmu 977397 26319 7867987 8206284 41463394
1790336390.340526 W 38 lat 462 462 518 0 exe 21907 22259 23537 resp 24037 0 pmu 978026 235 7877598 7153608 35713559
1790336391.380557 W 39 lat 462 462 685 0 exe 21962 24851 116296 resp 116796 11 pmu 977859 26708 7871907 6224990 39985565
1790336392.316525 W 40 lat 462 462 518 0 exe 21907 22277 23888 resp 24351 0 pmu 978187 258 7874594 7166904 35712596
1790336393.360534 W 41 lat 296 407 1907 0 exe 15203 52555 251129 resp 251592 180 pmu 971405 354356 7845308 6228903 131276720
1790336394.296493 W 42 lat 296 296 592 0 exe 15222 17111 104666 resp 104999 3 pmu 976809 19085 7866546 8624722 45300559
1790336395.336518 W 43 lat 296 296 574 0 exe 15203 17648 110055 resp 110462 2 pmu 977166 25683 7869812 6975046 45638687
1790336396.376491 W 44 lat 296 296 333 0 exe 15185 15444 16685 resp 16981 0 pmu 978247 219 7874454 7031881 39397786
1790336397.312522 W 45 lat 296 296 518 0 exe 15203 17537 111092 resp 111518 2 pmu 977360 24294 7867273 6085158 44770665
1790336398.352519 W 46 lat 296 388 499 0 exe 15185 19111 22518 resp 22999 0 pmu 978094 439 7873446 7041468 37516256
1790336399.392557 W 47 lat 462 462 1148 0 exe 21925 24796 138277 resp 138833 10 pmu 978060 25911 7872002 6164011 39801431
1790336400.328506 W 48 lat 462 462 518 0 exe 21962 22259 24759 resp 25240 0 pmu 977848 160 7872302 7388587 35804087
1790336401.368552 W 49 lat 462 462 1259 0 exe 21944 24740 128518 resp 129777 11 pmu 976986 25539 7865772 6237286 39874176
1790336402.304529 W 50 lat 462 462 499 0 exe 21962 22259 23740 resp 24240 0 pmu 977727 250 7872172 7295227 35788061
1790336403.344558 W 51 lat 462 462 703 0 exe 21944 24814 131481 resp 132185 11 pmu 977610 26193 7872329 6227133 39903247
1790336404.384569 W 52 lat 388 462 1759 0 exe 20425 36666 226722 resp 228481 96 pmu 977330 153782 7874920 7319669 68383463
1790336405.320557 W 53 lat 407 462 703 0 exe 19462 24592 119574 resp 120074 10 pmu 977531 25926 7867322 8333982 41184756
1790336406.360542 W 54 lat 407 462 555 0 exe 19537 22277 42425 resp 42925 0 pmu 977167 3966 7868191 7185588 36534258
1790336407.296549 W 55 lat 462 462 685 0 exe 21944 24851 117574 resp 118166 10 pmu 977186 26584 7866873 6402150 40114634
1790336408.336518 W 56 lat 462 462 499 0 exe 21962 22259 23481 resp 23962 0 pmu 977812 178 7870692 7179857 35695065
1790336409.376550 W 57 lat 462 462 629 0 exe 21944 24888 119314 resp 119944 11 pmu 977780 26928 7870865 6224567 40020498
1790336410.312518 W 58 lat 444 462 499 0 exe 21925 22259 22907 resp 23370 0 pmu 978438 177 7876848 7197371 35706519
1790336411.352546 W 59 lat 462 462 666 0 exe 21944 24833 124666 resp 125166 9 pmu 977957 26078 7870371 6218443 39847256
1790336412.392513 W 60 lat 462 462 518 0 exe 21944 22277 23518 resp 23999 0 pmu 978283 273 7872952 7250302 35742108
1790336413.328552 W 61 lat 462 462 740 0 exe 21907 24666 125499 resp 126018 11 pmu 977386 24805 7863715 6224880 39711421
1790336414.368520 W 62 lat 462 462 518 0 exe 21888 22259 23388 resp 23870 0 pmu 977827 159 7869652 7257911 35722758
1790336415.304549 W 63 lat 462 462 629 0 exe 21925 24796 117111 resp 117629 10 pmu 977897 25891 7872744 6223327 39899742
1790336416.344520 W 64 lat 462 462 499 0 exe 21851 22277 23314 resp 23796 0 pmu 978190 246 7873779 7174389 35699770
1790336417.384553 W 65 lat 462 462 962 0 exe 21999 24814 118685 resp 119370 10 pmu 977149 26285 7864746 6222494 39904411
1790336418.320513 W 66 lat 462 462 518 0 exe 21907 22259 23444 resp 23944 0 pmu 978580 167 7873877 7192959 35682733
1790336419.360555 W 67 lat 462 462 759 0 exe 21907 24796 120555 resp 121074 10 pmu 977668 26210 7866372 6224104 39916525
1790336420.296544 W 68 lat 462 462 629 0 exe 21907 23462 88148 resp 88629 0 pmu 977480 12606 7871781 7209301 37938168
1790336421.336554 W 69 lat 462 462 537 0 exe 21907 24833 130018 resp 130499 11 pmu 977417 26212 7869215 6877595 40345611
1790336422.392659 W 70 lat 314 2370 10518 0 exe 21907 246518 548314 resp 552722 698 pmu 965572 596730 7816506 7304902 592324473
1790336423.336650 W 71 lat 314 3296 11185 0 exe 82685 368685 636888 resp 641555 992 pmu 963765 830630 7806083 12675790 952891900
1790336424.380782 W 72 lat 314 3277 10888 0 exe 81499 352962 612962 resp 617685 990 pmu 961233 785579 7776139 14485641 914452043
1790336425.332728 W 73 lat 314 3814 9314 0 exe 84629 422425 599018 resp 604518 993 pmu 970121 846374 7866267 14160632 1082020344
1790336426.384864 W 74 lat 314 3148 9277 0 exe 85407 346388 589370 resp 594962 992 pmu 958030 765362 7758805 14382572 896741717
1790336427.328880 W 75 lat 314 3814 8796 0 exe 82629 441370 598648 resp 606314 992 pmu 974893 905941 7891718 13907023 1138214872
1790336428.376789 W 76 lat 296 3722 9648 0 exe 87944 425611 621574 resp 627240 997 pmu 975305 862438 7907333 14471997 1095665215
1790336429.324796 W 77 lat 314 3314 9129 0 exe 76685 355462 600129 resp 607074 997 pmu 961950 768737 7798400 14642919 916706401
1790336430.380652 W 78 lat 296 3925 9685 0 exe 84333 402703 609907 resp 612407 998 pmu 972558 850468 7859765 14023145 1041754230
1790336431.328619 W 79 lat 333 4092 10592 0 exe 84444 449759 604685 resp 609074 997 pmu 975064 909399 7910316 14378896 1159534721
1790336432.388800 W 80 lat 314 3370 8888 0 exe 81185 356907 583814 resp 587740 995 pmu 965682 804359 7822511 14577600 927715989
1790336433.330001 W 81 lat 314 3740 10092 0 exe 85333 405018 588999 resp 595166 998 pmu 966118 833460 7815654 13873665 1039803896
1790336434.389065 W 82 lat 333 3703 9499 0 exe 95611 394981 651333 resp 656777 998 pmu 978231 847440 7943899 14205930 1023512886
1790336435.328680 W 83 lat 333 4555 11685 0 exe 101018 500296 633833 resp 637870 1000 pmu 1006514 966387 8154191 14823835 1280901770
1790336436.384934 W 84 lat 333 3962 9277 0 exe 84796 425277 596999 resp 601425 996 pmu 973518 882388 7894496 15210470 1099144325
1790336437.324811 W 85 lat 296 3814 9981 0 exe 82574 390629 598685 resp 603499 995 pmu 970553 843100 7864310 14373064 1012575025
1790336438.372847 W 86 lat 296 3499 9648 0 exe 79481 376555 594111 resp 601740 993 pmu 963857 790697 7806068 14209919 967948588
1790336439.316854 W 87 lat 333 4018 9888 0 exe 85574 426222 592796 resp 597499 996 pmu 973354 858433 7886342 14089379 1095059393
1790336440.360666 W 88 lat 537 4203 9425 0 exe 86814 441759 619574 resp 624777 994 pmu 976753 889626 7917479 14344382 1136475005
1790336441.312610 W 89 lat 333 3648 9962 0 exe 82759 385185 612666 resp 618592 990 pmu 966927 833967 7833736 14698189 998486101
1790336442.356794 W 90 lat 314 3537 9777 0 exe 83240 375648 599518 resp 604962 991 pmu 968058 812906 7835841 14328478 969696994
1790336443.300751 W 91 lat 296 3888 9481 0 exe 85870 409722 650444 resp 654648 997 pmu 971450 834947 7873565 14147698 1053749585
1790336444.352802 W 92 lat 314 2759 9685 0 exe 81796 297666 585814 resp 591703 990 pmu 954758 742015 7738825 14834452 780720238
1790336445.301413 W 93 lat 333 4111 9703 0 exe 80722 461592 611907 resp 618870 996 pmu 983148 929796 7977286 13611327 1184747645
1790336446.356855 W 94 lat 333 3722 10370 0 exe 90592 423277 600037 resp 605740 994 pmu 970084 853906 7851821 14698827 1085984955
1790336447.304901 W 95 lat 296 3870 9740 0 exe 89055 425518 607981 resp 613092 995 pmu 969468 847589 7860986 14432899 1090689650
1790336448.360660 W 96 lat 314 4055 10814 0 exe 85537 424666 631759 resp 635685 993 pmu 975797 859203 7902158 14510401 1094225209
1790336449.308632 W 97 lat 333 3814 9907 0 exe 86592 419981 590370 resp 594351 993 pmu 971582 872749 7886893 14726751 1082522821
1790336450.356777 W 98 lat 296 3037 9259 0 exe 82629 330055 582407 resp 587574 990 pmu 958143 759323 7748076 14289405 855500706
1790336451.296885 W 99 lat 351 4018 10037 0 exe 84462 408833 588018 resp 591796 993 pmu 970693 833558 7864416 13738884 1051170718
1790336452.352766 W 100 lat 314 3148 9129 0 exe 82148 335611 605999 resp 613907 991 pmu 959682 776379 7775290 14200154 875268460
1790336453.300838 W 101 lat 314 3814 10425 0 exe 79722 418055 592018 resp 596166 995 pmu 970706 863220 7866147 14013834 1074040482
1790336454.352791 W 102 lat 314 4037 9222 0 exe 87833 428351 596129 resp 600722 994 pmu 974389 862590 7883591 14265008 1103397966
1790336455.296662 W 103 lat 314 3148 9111 0 exe 85925 343055 599629 resp 603962 993 pmu 956210 735044 7747024 14395601 883955671
1790336456.340627 W 104 lat 333 3962 9388 0 exe 86685 415666 602555 resp 607537 996 pmu 973700 863488 7899613 13988293 1070760696
1790336457.388860 W 105 lat 351 3851 9907 0 exe 81703 401296 616796 resp 621481 992 pmu 971742 856876 7867660 14393396 1040251615
1790336458.332868 W 106 lat 314 3796 9888 0 exe 85722 422499 633833 resp 637814 994 pmu 971154 853510 7869873 14439553 1083500903
1790336459.376680 W 107 lat 296 3425 8925 0 exe 82018 383407 625351 resp 629592 993 pmu 962894 794459 7800293 14731949 985479799
1790336460.324669 W 108 lat 314 4129 10407 0 exe 84037 457481 610166 resp 614425 994 pmu 976183 902641 7913383 14427749 1173286821
1790336461.376825 W 109 lat 314 3574 11685 0 exe 81407 381370 592574 resp 597499 992 pmu 965999 826780 7825468 14667306 987577574
1790336462.320767 W 110 lat 333 3370 9296 0 exe 84574 366814 595222 resp 600351 990 pmu 964935 800795 7810666 14104954 947832006
1790336463.372868 W 111 lat 333 3888 8888 0 exe 82055 417333 598259 resp 602592 993 pmu 971467 846786 7877604 14062306 1070761666
1790336464.324764 W 112 lat 314 2981 9185 0 exe 81925 334296 594981 resp 597703 992 pmu 957981 783202 7763624 14329426 871599820
1790336465.372758 W 113 lat 333 3981 10222 0 exe 82592 435611 604777 resp 609129 991 pmu 973921 881421 7888730 13869517 1119186451
1790336466.316853 W 114 lat 314 3129 8925 0 exe 81370 342962 601814 resp 606351 995 pmu 957790 738663 7763072 14495788 882281301
1790336467.372666 W 115 lat 314 3925 10388 0 exe 81981 407814 630444 resp 635703 993 pmu 970967 843675 7862483 13986874 1051333377
1790336468.324661 W 116 lat 333 4018 9722 0 exe 85722 427314 598111 resp 602962 996 pmu 974586 880974 7908214 14615578 1102756560
1790336469.368783 W 117 lat 314 2851 9722 0 exe 85388 309203 566981 resp 570814 989 pmu 954454 726968 7718202 14403471 802741043
1790336470.316864 W 118 lat 333 3907 9259 0 exe 86296 427944 620444 resp 625611 995 pmu 974413 865651 7903509 13488873 1100659123
1790336471.368907 W 119 lat 333 3981 10796 0 exe 83166 428685 624962 resp 628870 995 pmu 973292 874234 7885418 14631551 1104271517
1790336472.308901 W 120 lat 314 4037 9555 0 exe 81555 415462 607999 resp 611277 995 pmu 975332 864367 7906268 14666638 1072901956
1790336473.364842 W 121 lat 314 4314 10037 0 exe 83962 447629 598685 resp 603296 993 pmu 979316 894201 7937734 14413717 1151013839
1790336474.308859 W 122 lat 314 4481 9999 0 exe 84833 449388 606981 resp 614666 998 pmu 984784 908470 7983277 14503832 1156041985
1790336475.356874 W 123 lat 407 4388 10074 0 exe 90037 458740 599370 resp 602055 998 pmu 980688 911483 7950111 14615954 1181982652
1790336476.304907 W 124 lat 333 4388 10407 0 exe 83481 460481 608629 resp 616574 996 pmu 982986 912245 7969430 14587847 1183953848
1790336477.356823 W 125 lat 314 4351 10666 0 exe 85574 447685 619814 resp 623981 998 pmu 981011 892009 7943963 14684139 1151080407
1790336478.300794 W 126 lat 351 4259 9462 0 exe 83537 445111 626351 resp 633537 999 pmu 979606 888471 7943404 14724491 1144549487
1790336479.356824 W 127 lat 314 4185 9870 0 exe 86888 443370 609703 resp 615388 998 pmu 975478 887280 7913161 14775761 1141533825
1790336480.400884 W 128 lat 333 4370 10055 0 exe 82185 474888 615407 resp 621222 998 pmu 979137 929195 7939241 14611257 1219995597
1790336481.344974 W 129 lat 314 4037 9629 0 exe 82574 424777 593129 resp 595870 997 pmu 973231 875670 7886595 14804962 1093879680
1790336482.384529 W 130 lat 296 1481 8814 0 exe 15240 143499 613185 resp 620092 315 pmu 978458 313798 7896267 14312414 382944612
1790336483.320485 W 131 lat 296 296 611 0 exe 15240 16333 96462 resp 97074 0 pmu 978059 10715 7872416 12772483 45028292
1790336484.380762 W 132 lat 296 2055 6185 0 exe 15203 183833 556981 resp 562648 647 pmu 946165 459443 7706296 6892637 474009311
1790336485.336768 W 133 lat 1574 3018 5759 0 exe 188259 262351 372555 resp 376425 1000 pmu 931078 677851 7616491 12398571 681487462
1790336486.377578 W 134 lat 1462 2925 5388 0 exe 196851 260370 338703 resp 342074 1000 pmu 927663 668907 7592749 11812455 675850119
1790336487.312741 W 135 lat 1129 2962 5703 0 exe 176537 256759 388074 resp 391407 1000 pmu 929681 666137 7609824 11501533 666886791
1790336488.352815 W 136 lat 759 2981 6648 0 exe 177166 256648 338925 resp 341648 1000 pmu 926796 658235 7588535 11875618 666092042
1790336489.396773 W 137 lat 462 2814 6851 0 exe 208037 268481 375240 resp 379129 1000 pmu 931246 685848 7608454 11386639 695914467
1790336490.332769 W 138 lat 1555 2944 5907 0 exe 157092 262481 339166 resp 342537 1000 pmu 927858 662596 7594602 11967681 680812821
1790336491.372741 W 139 lat 925 3018 5611 0 exe 158574 266425 368574 resp 370907 1000 pmu 931335 678328 7614196 11321094 691143849
1790336492.308778 W 140 lat 1388 2962 5999 0 exe 209092 262685 340851 resp 344222 1000 pmu 927105 665257 7585860 11632779 681583667
1790336493.348753 W 141 lat 1370 2925 6444 0 exe 213518 270185 392629 resp 395277 1000 pmu 930362 688911 7610922 11598661 701123170
1790336494.392753 W 142 lat 1222 2981 7185 0 exe 163796 262185 339574 resp 342333 1000 pmu 927885 664486 7597744 12174262 680925085
1790336495.328753 W 143 lat 1333 2999 8240 0 exe 210166 269407 370648 resp 373425 1000 pmu 931035 687855 7615707 11359087 699313954
1790336496.368779 W 144 lat 1444 2962 5666 0 exe 215018 261962 342462 resp 344444 1000 pmu 927950 662356 7592610 11943765 679773476
1790336497.304742 W 145 lat 1259 2944 5296 0 exe 186407 268129 350574 resp 353111 1000 pmu 930762 685892 7619574 11632536 696867670
1790336498.348762 W 146 lat 1111 2981 6111 0 exe 155685 262314 336333 resp 339351 1000 pmu 927473 664918 7587076 11601350 680914684
1790336499.388766 W 147 lat 1370 2981 5574 0 exe 208074 265259 380296 resp 384314 1000 pmu 932153 676001 7627398 11282003 688772841
1790336500.324758 W 148 lat 1444 2962 6166 0 exe 179999 263203 333666 resp 336240 1000 pmu 927130 668457 7589771 12001900 683859719
1790336501.364739 W 149 lat 1351 2981 5870 0 exe 164444 264814 386222 resp 391037 1000 pmu 930907 674824 7620754 11381093 688139288
1790336502.300765 W 150 lat 1240 2925 5537 0 exe 157055 260222 336537 resp 339722 1000 pmu 927114 660749 7595703 11846133 676128285
1790336503.344796 W 151 lat 1203 2981 6611 0 exe 205518 265499 376611 resp 379166 1000 pmu 930659 677864 7613511 11278821 689695234
1790336504.384779 W 152 lat 1407 2944 5907 0 exe 150703 258574 327740 resp 330444 1000 pmu 926980 659219 7595373 11950627 672399537
1790336505.320779 W 153 lat 1499 2944 6185 0 exe 211148 264351 366277 resp 369037 1000 pmu 931315 674087 7613438 11151310 686350264
1790336506.364753 W 154 lat 1185 2981 6407 0 exe 146074 262240 336870 resp 339833 1000 pmu 927142 666855 7603408 11869802 681884120
1790336507.300766 W 155 lat 1092 2944 6574 0 exe 195296 265851 368074 resp 371518 1000 pmu 931946 681340 7619046 11240447 690782296
1790336508.340767 W 156 lat 1481 2925 5925 0 exe 153555 261925 337259 resp 339796 1000 pmu 927739 664968 7598053 11819371 680654896
1790336509.384763 W 157 lat 1333 2981 6907 0 exe 169703 264962 398981 resp 403148 1000 pmu 930901 677218 7619174 11277177 688567422
1790336510.320785 W 158 lat 1370 2907 5277 0 exe 158851 262499 330370 resp 332740 1000 pmu 928200 668631 7596210 12002796 682370845
1790336511.360733 W 159 lat 1407 2888 5814 0 exe 170203 264037 370870 resp 374074 1000 pmu 930735 673232 7615274 11232631 685769225
1790336512.304787 W 160 lat 1351 2981 5537 0 exe 209074 260444 347981 resp 351148 1000 pmu 928389 664476 7598937 11709096 676318655
1790336513.356769 W 161 lat 1092 2925 5888 0 exe 155407 261444 368518 resp 371777 1000 pmu 930526 675164 7618577 11655291 679751723
1790336514.304758 W 162 lat 1462 2962 5999 0 exe 159722 258518 337833 resp 340296 1000 pmu 928437 668481 7594959 11598038 672121014
1790336515.352783 W 163 lat 1574 2962 5611 0 exe 196055 260444 363296 resp 365833 1000 pmu 932121 675211 7642625 11296622 676904009
1790336516.308765 W 164 lat 1259 2925 5925 0 exe 168907 260370 332055 resp 335074 1000 pmu 927035 670516 7579033 11741478 676220176
1790336517.368791 W 165 lat 1240 2944 6037 0 exe 146462 259722 360925 resp 364037 1000 pmu 930539 670768 7630164 11295243 674700813
1790336518.304797 W 166 lat 1111 2944 5499 0 exe 138537 260685 360944 resp 364074 1000 pmu 929857 672820 7608404 11469423 676239310
1790336519.344741 W 167 lat 1611 3018 6296 0 exe 198018 258481 337370 resp 340740 1000 pmu 926924 663188 7587868 11431575 670673449
1790336520.396681 W 168 lat 555 2777 6981 0 exe 169333 261333 382129 resp 386499 1000 pmu 929788 670039 7604583 11490328 677817287
1790336521.348751 W 169 lat 1240 2999 5833 0 exe 162055 262740 333518 resp 336722 1000 pmu 926177 664369 7588771 11810806 681614344
1790336522.312749 W 170 lat 1203 3055 5814 0 exe 214888 268740 362611 resp 366148 1000 pmu 931407 683748 7611350 11288180 696863662
1790336523.376782 W 171 lat 1166 2907 6185 0 exe 161444 262814 333574 resp 336148 1000 pmu 927997 666662 7597367 11874794 682204209
1790336524.336774 W 172 lat 1203 2962 6407 0 exe 154462 266037 380092 resp 384148 1000 pmu 930492 677937 7604685 11283986 690419794
1790336525.388782 W 173 lat 1407 2999 5722 0 exe 206740 261611 331981 resp 334777 1000 pmu 927686 663074 7598169 11739178 679068391
1790336526.348780 W 174 lat 1240 2944 5648 0 exe 154148 267462 382148 resp 384499 1000 pmu 931695 684354 7622343 11488996 694942340
1790336527.296745 W 175 lat 1574 3055 6555 0 exe 205407 260277 355055 resp 358259 1000 pmu 927068 658451 7593069 11753064 675699029
1790336528.344753 W 176 lat 1277 2907 5259 0 exe 155240 266092 365925 resp 368740 1000 pmu 932936 679153 7633844 11713681 691376488
1790336529.388677 W 177 lat 1481 2944 5888 0 exe 149370 261481 330537 resp 333574 1000 pmu 926393 662675 7589206 11589988 679079095
1790336530.340768 W 178 lat 1333 2962 5574 0 exe 214648 268851 377333 resp 381259 1000 pmu 931572 687806 7614406 11189152 698268101
1790336531.388775 W 179 lat 999 2944 5592 0 exe 157611 259777 343944 resp 347611 1000 pmu 925854 658928 7586408 12022450 675008428
1790336532.344772 W 180 lat 1481 3018 6129 0 exe 209425 266185 373055 resp 377166 1000 pmu 931340 678854 7614428 11355042 691375503
1790336533.396756 W 181 lat 1370 2888 6518 0 exe 150277 260833 331351 resp 333851 1000 pmu 927777 663425 7594065 11944846 677878707
1790336534.356764 W 182 lat 1222 2962 7037 0 exe 209907 266814 369999 resp 372833 1000 pmu 932142 682404 7631117 11198209 693237038
1790336535.308767 W 183 lat 1388 2944 5981 0 exe 159944 259759 334962 resp 338462 1000 pmu 927876 659045 7601027 11916443 675174789
1790336536.368755 W 184 lat 1240 2888 5444 0 exe 156351 266703 378777 resp 381833 1000 pmu 930946 681046 7609365 11279983 692669862
1790336537.308772 W 185 lat 1240 2981 5962 0 exe 189981 260833 328666 resp 331629 1000 pmu 926454 666182 7599979 11728901 678247521
1790336538.380676 W 186 lat 962 2962 5629 0 exe 156055 264537 360240 resp 362999 1000 pmu 931704 677541 7630355 11369167 687670301
1790336539.324771 W 187 lat 1222 2944 6407 0 exe 161388 259611 337074 resp 339537 1000 pmu 927384 658533 7600766 11529623 674402378
1790336540.364761 W 188 lat 1296 2907 5111 0 exe 209592 268814 367685 resp 369666 1000 pmu 932206 687820 7630065 11303624 698215840
1790336541.300744 W 189 lat 1296 3018 6537 0 exe 160962 261870 344407 resp 348277 1000 pmu 927661 666381 7600477 11887930 680540691
1790336542.348758 W 190 lat 1259 2962 5796 0 exe 157574 261666 371481 resp 374240 1000 pmu 931626 671338 7631740 11394502 679953356
1790336543.296753 W 191 lat 1611 2962 5648 0 exe 208870 258499 332481 resp 334944 1000 pmu 927438 662121 7606708 11637651 671220918
1790336544.344518 W 192 lat 296 1333 5814 0 exe 15222 113481 333722 resp 337074 397 pmu 958292 292700 7756920 11485858 297073459
1790336545.396525 W 193 lat 296 333 3277 0 exe 15203 35074 277462 resp 280740 118 pmu 977266 199622 7884382 9794632 104176409
1790336546.336738 W 194 lat 296 2703 11222 0 exe 15222 269814 632499 resp 641111 527 pmu 973636 492642 7899810 8823044 680285206
1790336547.377137 W 195 lat 370 4685 11277 0 exe 98981 466111 648499 resp 654925 999 pmu 973265 903525 7924113 13626779 1192291243
1790336548.316869 W 196 lat 2814 5870 14703 0 exe 230592 546222 658148 resp 664203 1000 pmu 966733 916735 7894796 15187015 1369230143
1790336549.357141 W 197 lat 296 2703 10759 0 exe 17203 264648 657925 resp 662722 555 pmu 947113 560746 7690668 16374165 701087851
1790336550.400836 W 198 lat 2555 5537 13537 0 exe 370277 551499 635925 resp 641592 1000 pmu 964765 905928 7863700 13844046 1383397065
1790336551.336794 W 199 lat 296 2425 9592 0 exe 21666 249296 605314 resp 608555 695 pmu 954406 607018 7757960 16866599 662071270
1790336552.380947 W 200 lat 296 3444 8629 0 exe 21685 407944 662981 resp 667092 948 pmu 968143 842161 7889598 13248311 1047930546
1790336553.321076 W 201 lat 944 5185 11685 0 exe 250703 534888 644296 resp 649444 1000 pmu 971302 925212 7914006 14622926 1345774493
1790336554.360553 W 202 lat 296 4962 16055 0 exe 47629 485796 664370 resp 670499 963 pmu 958466 864096 7799466 16248193 1229002718
1790336555.400916 W 203 lat 296 3425 9888 0 exe 18370 365981 663722 resp 668648 699 pmu 957967 690835 7798959 15209999 940078669
1790336556.340872 W 204 lat 296 4166 13296 0 exe 42370 478092 664259 resp 669629 967 pmu 997773 935430 8115357 14414396 1215257898
1790336557.392935 W 205 lat 296 1870 9222 0 exe 30944 210203 579296 resp 584148 749 pmu 957967 669287 7788492 15122618 575865336
1790336558.345113 W 206 lat 333 4481 11888 0 exe 102518 460092 618611 resp 629074 1000 pmu 969323 888341 7901840 12842605 1176797668
1790336559.393033 W 207 lat 2018 5592 12037 0 exe 351907 540925 654944 resp 660611 1000 pmu 968681 918435 7898634 14897506 1358529345
1790336560.344814 W 208 lat 296 3851 11907 0 exe 22296 380148 642462 resp 649925 751 pmu 948594 715955 7718325 16902155 976421810
1790336561.393072 W 209 lat 296 4759 11129 0 exe 33518 477018 650722 resp 655685 983 pmu 951625 838501 7757584 14317030 1204071547
1790336562.344867 W 210 lat 296 3407 11370 0 exe 16037 349574 649703 resp 658574 813 pmu 956806 741280 7783704 14927743 911943831
1790336563.308813 W 211 lat 296 2907 7814 0 exe 36648 315111 616240 resp 620592 864 pmu 956876 738550 7784589 14207089 820585571
1790336564.360907 W 212 lat 407 5259 14574 0 exe 111981 518777 628499 resp 633111 1000 pmu 964298 906249 7863434 13760608 1303460523
1790336565.316945 W 213 lat 2148 5703 11740 0 exe 246851 542611 652111 resp 658851 1000 pmu 964327 911969 7858304 15325648 1360965770
1790336566.377140 W 214 lat 296 2796 12037 0 exe 18425 277981 634129 resp 637999 633 pmu 936313 567995 7614827 16361665 729719687
1790336567.333046 W 215 lat 629 5185 13055 0 exe 107962 533111 659481 resp 669203 1000 pmu 982576 927668 7995805 13681217 1344017265
1790336568.388876 W 216 lat 296 1981 8962 0 exe 23222 206240 538925 resp 542925 683 pmu 948280 602365 7707070 15704883 567706288
1790336569.332949 W 217 lat 296 4111 9537 0 exe 62703 436407 604722 resp 611111 983 pmu 970690 873805 7902291 12375243 1117409101
1790336570.372947 W 218 lat 1185 5648 12185 0 exe 222907 536018 633074 resp 637648 1000 pmu 965989 912126 7872336 14406913 1345215891
1790336571.308621 W 219 lat 296 4703 13407 0 exe 25611 441537 647259 resp 650425 855 pmu 957429 826378 7795918 16005594 1123555683
1790336572.352995 W 220 lat 296 3777 13425 0 exe 18314 381759 646481 resp 652277 739 pmu 951354 684737 7746745 14678216 976987674
1790336573.392675 W 221 lat 296 4351 11648 0 exe 49407 439851 630907 resp 637055 936 pmu 960240 821032 7813665 14344391 1125046568
1790336574.328893 W 222 lat 296 2555 8925 0 exe 20740 274962 601037 resp 607037 786 pmu 956077 686192 7767663 14629533 734885386
1790336575.368832 W 223 lat 333 4592 12555 0 exe 112592 464999 647166 resp 651111 1000 pmu 972969 891871 7926757 13340527 1189596501
1790336576.308971 W 224 lat 2129 5648 11148 0 exe 197388 541407 656240 resp 661240 1000 pmu 968207 920042 7893693 15229491 1358098640
1790336577.348924 W 225 lat 296 3203 10074 0 exe 19425 313462 619851 resp 627148 695 pmu 938065 636966 7623967 16137656 816824418
1790336578.388940 W 226 lat 685 5296 10999 0 exe 266259 535648 658944 resp 667777 1000 pmu 964102 906798 7851916 13729999 1345057793
1790336579.324781 W 227 lat 296 2851 8259 0 exe 17314 289444 580777 resp 584925 752 pmu 951207 677049 7737634 16490258 762907912
1790336580.369260 W 228 lat 314 3611 9999 0 exe 28351 374055 629407 resp 635944 934 pmu 964397 815659 7841804 13181901 974370497
1790336581.305062 W 229 lat 1259 5240 10814 0 exe 199129 512074 636333 resp 643462 1000 pmu 969717 914612 7887910 14171028 1290204648
1790336582.345035 W 230 lat 1129 4870 10555 0 exe 204777 486388 612999 resp 622851 1000 pmu 954044 896176 7767588 15804104 1228056317
1790336583.388988 W 231 lat 296 3944 10425 0 exe 18074 423407 615814 resp 622092 947 pmu 940106 814365 7635957 15480392 1078406948
1790336584.324658 W 232 lat 314 3740 11333 0 exe 43203 392722 621277 resp 625537 884 pmu 950476 784289 7727995 14232456 1009079950
1790336585.364867 W 233 lat 296 3092 9999 0 exe 27833 316388 604314 resp 614314 888 pmu 956916 736511 7778768 14253010 829185161
1790336586.404991 W 234 lat 648 4351 11499 0 exe 136981 493462 628833 resp 635407 1000 pmu 975390 912569 7932938 13643791 1252545595
1790336587.344921 W 235 lat 1833 5092 12407 0 exe 210851 515722 656388 resp 665166 1000 pmu 951786 899028 7739657 15318668 1297073447
1790336588.384912 W 236 lat 296 3555 9462 0 exe 16796 373722 635018 resp 639722 822 pmu 947225 744863 7697677 16099614 961485010
1790336589.324560 W 237 lat 388 4870 10277 0 exe 96796 500129 629759 resp 634759 999 pmu 948567 858398 7714764 14155644 1263549264
1790336590.364785 W 238 lat 296 2703 8851 0 exe 22833 280722 568981 resp 577222 924 pmu 956104 709740 7763625 15147597 757526314
1790336591.329015 W 239 lat 481 4574 10999 0 exe 97333 476444 632962 resp 642111 999 pmu 960874 869970 7816077 13070759 1202258851
1790336592.368997 W 240 lat 351 4388 10648 0 exe 72018 456833 629907 resp 635722 982 pmu 957650 868173 7790976 15087239 1160864973
1790336593.320751 W 241 lat 1240 5685 13259 0 exe 254018 552518 651759 resp 656499 1000 pmu 961060 904989 7825005 14812085 1383992254
1790336594.368838 W 242 lat 296 2870 11574 0 exe 20314 306814 620574 resp 626148 744 pmu 943037 655625 7664095 16436742 804976397
1790336595.324824 W 243 lat 296 4314 10611 0 exe 65833 457092 632296 resp 639185 966 pmu 961565 855390 7819450 13705516 1162769433
1790336596.380921 W 244 lat 407 3833 8925 0 exe 73499 379148 578777 resp 583611 992 pmu 946211 749162 7694639 14810821 973439953
1790336597.332834 W 245 lat 296 3685 10796 0 exe 27796 387388 652092 resp 657296 946 pmu 955620 792255 7768033 13903632 997619939
1790336598.380897 W 246 lat 2037 5370 11462 0 exe 317925 543462 636999 resp 641981 1000 pmu 966132 914862 7863753 14459646 1364366925
1790336599.324878 W 247 lat 296 3037 9240 0 exe 29444 302907 638407 resp 644351 802 pmu 938957 652010 7627151 16558463 795410643
1790336600.376699 W 248 lat 537 4759 12185 0 exe 97814 502296 620925 resp 626907 999 pmu 959380 882149 7812156 13900968 1270825291
1790336601.324856 W 249 lat 296 3925 10296 0 exe 66759 399055 591148 resp 595296 989 pmu 950408 768266 7717109 15089721 1021796390
1790336602.368771 W 250 lat 296 3018 8166 0 exe 29462 308185 618870 resp 622425 865 pmu 945564 711582 7683409 14096252 804710271
1790336603.308824 W 251 lat 1018 5203 10759 0 exe 257981 523296 653462 resp 660537 1000 pmu 965105 907815 7860097 13714571 1321415282
1790336604.368656 W 252 lat 314 4277 10981 0 exe 33722 426203 628611 resp 633981 965 pmu 948965 803639 7717043 16323842 1086782635
1790336605.320901 W 253 lat 296 3944 12222 0 exe 26074 400907 630333 resp 637055 841 pmu 946536 773497 7698636 14452658 1026355738
1790336606.372521 W 254 lat 296 2425 8833 0 exe 15203 254796 656333 resp 661999 493 pmu 970615 458112 7843534 14315420 646177982
1790336607.312512 W 255 lat 296 296 499 0 exe 15222 16833 107962 resp 108259 2 pmu 977700 16181 7871078 13759049 47762392
1790336608.352512 W 256 lat 296 296 537 0 exe 15185 17333 118592 resp 119111 1 pmu 977284 21876 7869893 7006125 44680989
1790336609.392512 W 257 lat 296 296 666 0 exe 15166 17666 116703 resp 117037 2 pmu 977456 25333 7872535 7115999 45700538
1790336610.328481 W 258 lat 296 296 333 0 exe 15203 15425 16944 resp 17259 0 pmu 978003 137 7876356 7098548 39359974
1790336611.368516 W 259 lat 296 296 537 0 exe 15222 17555 102018 resp 102333 1 pmu 977813 24791 7875715 6087895 44817112
1790336612.304512 W 260 lat 296 333 499 0 exe 15148 16796 23185 resp 23666 0 pmu 978486 209 7878580 6950502 38576433
1790336613.344546 W 261 lat 462 462 777 0 exe 21888 24796 116351 resp 116851 10 pmu 977422 25943 7866421 6158729 39859280
1790336614.384515 W 262 lat 462 462 518 0 exe 21962 22259 24611 resp 25092 0 pmu 978571 202 7876968 7167229 35706964
1790336615.320545 W 263 lat 462 462 611 0 exe 21981 24944 119740 resp 120203 11 pmu 977741 27199 7873089 6235908 40080302
1790336616.360515 W 264 lat 462 462 499 0 exe 21981 22259 24481 resp 24962 0 pmu 978475 187 7876250 7201064 35702627
1790336617.400549 W 265 lat 462 462 833 0 exe 21981 24907 114222 resp 114722 10 pmu 977742 27074 7872229 6234557 40060756
1790336618.336513 W 266 lat 462 462 518 0 exe 21870 22259 24111 resp 24611 0 pmu 978139 197 7873695 7147132 35698218
1790336619.376548 W 267 lat 388 462 851 0 exe 18462 24166 120166 resp 120648 10 pmu 977894 24938 7872712 6230519 39776335
1790336620.312517 W 268 lat 462 462 592 0 exe 21907 22259 23796 resp 24277 0 pmu 978195 210 7874932 7184981 35686202
1790336621.352556 W 269 lat 462 462 703 0 exe 21907 24740 116129 resp 116833 10 pmu 977639 25559 7868869 6227851 39815860
1790336622.392515 W 270 lat 462 462 499 0 exe 21907 22259 22925 resp 23388 0 pmu 978478 122 7875707 7165454 35654172
1790336623.328550 W 271 lat 462 462 759 0 exe 21870 24740 114777 resp 115388 10 pmu 977711 25650 7875457 6218614 39811675
1790336624.368513 W 272 lat 462 462 518 0 exe 21925 22259 22981 resp 23462 0 pmu 978335 128 7878181 7151598 35656482
1790336625.308554 W 273 lat 462 462 648 0 exe 21833 24722 113703 resp 114333 10 pmu 977242 25377 7870405 6219376 39790758
1790336626.348515 W 274 lat 462 462 499 0 exe 21962 22259 23240 resp 23703 0 pmu 978043 124 7873832 7140094 35664915
1790336627.388552 W 275 lat 462 462 759 0 exe 21907 24833 113111 resp 113722 10 pmu 977616 26306 7866401 6221910 39928749
1790336628.324513 W 276 lat 462 462 499 0 exe 21907 22259 23759 resp 24240 0 pmu 978293 77 7871492 7135460 35633030
1790336629.364558 W 277 lat 462 462 814 0 exe 21925 24759 121685 resp 122185 10 pmu 977608 25556 7870337 6226975 39797822
1790336630.300515 W 278 lat 462 462 499 0 exe 21907 22259 22999 resp 23499 0 pmu 978507 76 7874613 7220811 35689870
1790336631.340553 W 279 lat 462 462 999 0 exe 21851 24759 132666 resp 133277 9 pmu 977511 25452 7869873 6219514 39769867
1790336632.380519 W 280 lat 462 462 499 0 exe 21907 22259 23296 resp 23759 0 pmu 978292 184 7875302 7331821 35790651
1790336633.316556 W 281 lat 462 462 759 0 exe 21944 24777 128537 resp 129055 11 pmu 977804 25683 7872074 6222269 39842004
1790336634.356514 W 282 lat 462 462 499 0 exe 21925 22259 23074 resp 23555 0 pmu 978459 96 7872669 7289223 35733892
1790336635.396549 W 283 lat 388 444 777 0 exe 18333 24037 132203 resp 132777 10 pmu 977238 24987 7868418 6220294 39700971
1790336636.332518 W 284 lat 462 462 499 0 exe 21944 22259 23333 resp 23814 0 pmu 978680 132 7880512 7304057 35751566
1790336637.372557 W 285 lat 462 462 907 0 exe 21907 24703 121277 resp 122185 9 pmu 977917 24806 7874259 6222853 39719440
1790336638.308516 W 286 lat 462 462 518 0 exe 21925 22259 23333 resp 23814 0 pmu 977869 149 7873899 7218731 35708352
1790336639.348552 W 287 lat 462 462 666 0 exe 21888 24944 123499 resp 124018 10 pmu 977416 27480 7871836 6222972 40118126
1790336640.388518 W 288 lat 462 462 499 0 exe 21944 22259 23592 resp 24074 0 pmu 978442 119 7876096 7238853 35706992
1790336641.324559 W 289 lat 462 462 537 0 exe 21888 24759 122925 resp 123407 10 pmu 977252 25534 7865307 6225534 39838659
1790336642.364518 W 290 lat 462 462 499 0 exe 21925 22259 23555 resp 24037 0 pmu 977995 121 7869868 7231497 35696766
1790336643.300548 W 291 lat 462 462 833 0 exe 21888 24907 121796 resp 122629 10 pmu 978016 26905 7872965 6225183 39992437
1790336644.340521 W 292 lat 462 462 611 0 exe 21925 22277 24277 resp 24740 0 pmu 978349 231 7873136 7224126 35736987
1790336645.384559 W 293 lat 462 462 611 0 exe 21925 24777 117777 resp 118333 10 pmu 977432 25705 7867482 6232885 39876008
1790336646.320518 W 294 lat 462 462 499 0 exe 21851 22259 22999 resp 23462 0 pmu 978219 105 7878500 7181066 35659573
1790336647.360555 W 295 lat 462 462 722 0 exe 21944 24740 123296 resp 123888 10 pmu 977533 25362 7867799 6219013 39789350
1790336648.400518 W 296 lat 462 462 518 0 exe 21944 22259 24388 resp 24851 0 pmu 978316 164 7873048 7236856 35695536
1790336649.336559 W 297 lat 462 462 648 0 exe 21925 24703 118444 resp 118981 9 pmu 977344 25011 7868729 6233512 39770065
1790336650.376520 W 298 lat 462 462 537 0 exe 21925 22259 23518 resp 23999 0 pmu 977840 182 7871508 7187313 35699346
1790336651.312549 W 299 lat 462 462 648 0 exe 21888 24814 120555 resp 121185 11 pmu 977541 26165 7869798 6224924 39909185
1790336652.352518 W 300 lat 370 462 518 0 exe 18370 21870 23203 resp 23666 0 pmu 978396 91 7877380 7209292 35698210
1790336653.392553 W 301 lat 462 462 666 0 exe 21925 24925 120481 resp 121129 11 pmu 977756 27249 7877895 6201229 40083856
1790336654.328515 W 302 lat 462 462 555 0 exe 21888 22259 22888 resp 23370 0 pmu 978201 85 7877253 7209425 35696697
1790336655.368549 W 303 lat 462 462 629 0 exe 21925 24759 121796 resp 122425 11 pmu 977670 25789 7870823 6218447 39825298
1790336656.304521 W 304 lat 462 462 499 0 exe 21944 22259 22925 resp 23425 0 pmu 978380 117 7876583 7221579 35719354
1790336657.344551 W 305 lat 462 462 629 0 exe 21944 24814 121962 resp 122462 11 pmu 977724 26114 7871728 6218957 39895217
1790336658.384517 W 306 lat 462 462 499 0 exe 21870 22259 24185 resp 24666 0 pmu 978050 138 7869232 7222900 35704629
1790336659.320550 W 307 lat 462 462 648 0 exe 21888 24907 119074 resp 119666 11 pmu 977666 27057 7873088 6230987 40031094
1790336660.360517 W 308 lat 462 462 518 0 exe 21925 22259 23185 resp 23685 0 pmu 978288 112 7878972 7194762 35679815
1790336661.400551 W 309 lat 462 462 796 0 exe 21888 24740 119833 resp 120351 10 pmu 977255 25360 7871645 6221566 39776002
1790336662.336525 W 310 lat 462 462 499 0 exe 21907 22259 25314 resp 25777 0 pmu 977369 347 7871328 7201884 35738133
1790336663.376550 W 311 lat 462 462 629 0 exe 21907 24740 121759 resp 122370 11 pmu 977453 25463 7868316 6242522 39807580
1790336664.312518 W 312 lat 462 462 499 0 exe 21870 22259 22814 resp 23277 0 pmu 978215 88 7870916 7220828 35682517
1790336665.352556 W 313 lat 462 462 1129 0 exe 21962 24870 118962 resp 119444 10 pmu 977954 26590 7874930 6217175 39962600
1790336666.392516 W 314 lat 462 462 499 0 exe 21944 22240 22907 resp 23370 0 pmu 977630 109 7869624 7195683 35664042
1790336667.328550 W 315 lat 462 462 629 0 exe 21944 24648 118481 resp 118999 10 pmu 977611 24593 7869140 6218424 39631875
1790336668.368554 W 316 lat 351 462 537 0 exe 17537 23037 64666 resp 65148 0 pmu 976962 13593 7864422 7187337 38232419
1790336669.304554 W 317 lat 462 462 629 0 exe 21925 24629 114722 resp 115314 9 pmu 977089 24451 7864563 6617985 39869410
1790336670.368581 W 318 lat 314 1499 7925 0 exe 21925 124555 429185 resp 432814 442 pmu 975038 321911 7874790 7151316 286442435
1790336671.304609 W 319 lat 314 2759 7592 0 exe 63814 296074 490185 resp 496111 967 pmu 951830 731392 7725604 10853467 782377346
1790336672.352754 W 320 lat 296 2981 8425 0 exe 62574 311555 495759 resp 499981 987 pmu 949327 718668 7701280 12546900 818039178
1790336673.400817 W 321 lat 333 2999 9444 0 exe 63499 294962 486574 resp 489870 978 pmu 952036 696711 7730359 12670430 777975796
1790336674.348761 W 322 lat 481 3703 8333 0 exe 65796 357074 501425 resp 505944 989 pmu 945763 806227 7682265 12501254 935150940
1790336675.396890 W 323 lat 351 3537 7574 0 exe 62222 360851 510481 resp 515870 992 pmu 951256 785860 7738352 12976358 943360285
1790336676.340696 W 324 lat 314 3277 9037 0 exe 62870 318555 518611 resp 523388 986 pmu 951204 747319 7712041 13067024 839527384
1790336677.392873 W 325 lat 314 3425 9962 0 exe 78833 373555 547833 resp 553351 999 pmu 967021 850031 7859678 12942814 974140317
1790336678.344645 W 326 lat 351 3185 8055 0 exe 65537 328222 567018 resp 571240 985 pmu 966157 784005 7845924 13599027 865171704
1790336679.404667 W 327 lat 333 3037 7648 0 exe 61888 299796 457333 resp 461629 989 pmu 950085 706123 7708842 13480621 788573197
1790336680.348841 W 328 lat 314 3222 9259 0 exe 64777 311925 473018 resp 476333 979 pmu 948951 731013 7701954 12220969 822622549
1790336681.400745 W 329 lat 314 2907 9444 0 exe 61481 287333 481499 resp 486518 983 pmu 953574 675620 7728946 12456794 752838568
1790336682.344881 W 330 lat 314 3611 9555 0 exe 59166 343314 504111 resp 509648 988 pmu 947457 785831 7708815 12410202 904056739
1790336683.396844 W 331 lat 296 3592 9481 0 exe 71185 357981 510574 resp 515907 993 pmu 950269 805343 7720989 12911042 938862355
1790336684.344766 W 332 lat 296 3055 8018 0 exe 61259 306166 468592 resp 473833 979 pmu 948840 700362 7696679 13107609 800842522
1790336685.396855 W 333 lat 444 3611 8962 0 exe 66407 346925 530555 resp 537499 992 pmu 952426 794149 7744756 12368646 910406854
1790336686.340796 W 334 lat 333 3518 9351 0 exe 62259 347629 498851 resp 503629 988 pmu 946504 761913 7687369 13234689 906798914
1790336687.388603 W 335 lat 314 3462 7518 0 exe 70222 351222 538166 resp 542703 986 pmu 950005 776370 7727058 12890561 918103075
1790336688.336854 W 336 lat 296 3555 8629 0 exe 70499 343166 542222 resp 547314 985 pmu 971450 837273 7886185 13330498 906686558
1790336689.392722 W 337 lat 481 3592 8444 0 exe 67481 354499 502648 resp 508351 993 pmu 947497 791620 7705610 13341098 926722097
1790336690.336781 W 338 lat 481 4092 9259 0 exe 70740 394370 507037 resp 512037 996 pmu 949016 860338 7722491 12990101 1031186867
1790336691.384868 W 339 lat 499 4055 9407 0 exe 84592 387666 515166 resp 519944 997 pmu 949011 861048 7732131 13252590 1016171969
1790336692.328961 W 340 lat 537 4055 9555 0 exe 64777 393759 516796 resp 521203 995 pmu 954730 863498 7762834 13369276 1029836662
1790336693.384876 W 341 lat 777 4259 8537 0 exe 97962 414944 532499 resp 536407 999 pmu 958217 890364 7811669 13316297 1083589575
1790336694.328771 W 342 lat 314 3777 9518 0 exe 62296 363388 513962 resp 519703 994 pmu 947664 805842 7702128 13739766 949469074
1790336695.372887 W 343 lat 555 4166 9407 0 exe 88666 404888 511629 resp 515240 998 pmu 948491 869959 7717417 13127559 1056180810
1790336696.324863 W 344 lat 666 4370 8833 0 exe 96074 430240 551981 resp 555925 999 pmu 967048 908933 7876254 13435394 1120162627
1790336697.376841 W 345 lat 814 4259 8796 0 exe 94518 416888 510703 resp 515259 998 pmu 957088 889395 7795606 14003111 1087139747
1790336698.324914 W 346 lat 555 3888 9388 0 exe 95462 428296 540962 resp 546907 998 pmu 965766 906051 7870104 13518837 1113824527
1790336699.384809 W 347 lat 462 4203 8685 0 exe 89740 433611 511314 resp 516629 997 pmu 963184 900965 7849780 13889974 1124451851
1790336700.328877 W 348 lat 722 4166 9814 0 exe 93203 428981 521425 resp 525888 997 pmu 960522 894839 7821284 13585823 1113783457
1790336701.380895 W 349 lat 611 4092 9592 0 exe 66685 416499 517277 resp 520722 995 pmu 956391 877345 7781578 13683579 1083534625
1790336702.336776 W 350 lat 629 3981 9037 0 exe 78203 408111 522574 resp 527166 994 pmu 948642 869926 7711552 13440233 1060006291
1790336703.388847 W 351 lat 462 3703 10333 0 exe 61370 366814 513592 resp 517777 991 pmu 948782 797764 7721297 13511013 959233547
1790336704.332872 W 352 lat 388 3759 9074 0 exe 62370 364240 512055 resp 519092 992 pmu 952177 819735 7744740 13133016 954524921
1790336705.388826 W 353 lat 537 3777 10759 0 exe 58851 366537 511907 resp 520129 991 pmu 951378 810223 7729721 13117470 958890812
1790336706.332707 W 354 lat 370 3703 8759 0 exe 63499 365666 503925 resp 508111 993 pmu 950048 797759 7732456 13125185 956229337
1790336707.372732 W 355 lat 425 3833 8740 0 exe 56407 375333 514518 resp 519499 989 pmu 951705 821849 7740531 13032886 979867449
1790336708.312776 W 356 lat 314 2425 8092 0 exe 63092 232462 497574 resp 501870 966 pmu 960086 591710 7763964 13156347 615602155
1790336709.360795 W 357 lat 314 3129 9166 0 exe 60388 300259 467833 resp 472629 971 pmu 949849 727140 7710006 12291658 795372552
1790336710.312556 W 358 lat 314 2240 7666 0 exe 61388 212907 464314 resp 469333 963 pmu 960049 559414 7767588 12331097 566163502
1790336711.356718 W 359 lat 333 3259 8722 0 exe 65555 332388 471777 resp 475796 979 pmu 946538 743444 7683559 11853376 868506812
1790336712.308659 W 360 lat 351 3296 8444 0 exe 65388 318629 527777 resp 531222 992 pmu 955439 727486 7756391 12552056 833698826
1790336713.360743 W 361 lat 370 3388 8018 0 exe 61296 343037 494574 resp 500185 981 pmu 945300 782654 7684562 13038283 902136385
1790336714.308863 W 362 lat 370 3407 8981 0 exe 67222 332740 542296 resp 546259 992 pmu 955190 739939 7766744 12816838 868399332
1790336715.356787 W 363 lat 314 3074 8981 0 exe 61777 293296 480981 resp 485481 962 pmu 950493 715105 7709743 13268992 778140219
1790336716.408674 W 364 lat 333 2833 7907 0 exe 61148 271629 515870 resp 520907 982 pmu 959327 644216 7782671 12432127 713391723
1790336717.356808 W 365 lat 333 3222 8370 0 exe 61444 298296 492351 resp 499074 992 pmu 949011 716372 7705542 12665748 791137727
1790336718.400870 W 366 lat 314 3203 8574 0 exe 61537 310907 528444 resp 535111 990 pmu 954859 716108 7752915 12578122 816291512
1790336719.340881 W 367 lat 314 2999 8629 0 exe 63092 287648 511777 resp 516925 985 pmu 951522 688967 7715920 13002924 759089947
1790336720.396878 W 368 lat 333 3722 8370 0 exe 64203 361185 516296 resp 521666 992 pmu 951789 800298 7752378 12719669 945001707
1790336721.340673 W 369 lat 296 3666 9092 0 exe 61592 343999 511092 resp 514481 994 pmu 950575 797968 7719703 13141509 907332375
1790336722.396895 W 370 lat 333 3907 9518 0 exe 90092 372277 531648 resp 536203 996 pmu 953321 833499 7752081 12983841 976003559
1790336723.352749 W 371 lat 351 3833 8629 0 exe 60666 375962 509925 resp 516703 993 pmu 943148 825980 7675077 13482518 981130869
1790336724.396736 W 372 lat 351 3833 10018 0 exe 79555 394388 542277 resp 546481 993 pmu 947657 856215 7715927 13143027 1029174079
1790336725.340724 W 373 lat 333 3629 9481 0 exe 75759 387888 515981 resp 519870 992 pmu 950552 850441 7735340 13647259 1015188721
1790336726.392768 W 374 lat 333 3759 8629 0 exe 66185 375833 535962 resp 539537 992 pmu 953626 837576 7752959 13327382 985003162
1790336727.340819 W 375 lat 314 3277 10703 0 exe 61592 335240 497388 resp 508092 990 pmu 947267 737637 7698781 13414068 874730823
1790336728.388851 W 376 lat 314 3629 9870 0 exe 65999 366870 547018 resp 551166 984 pmu 948500 826312 7714132 12845724 961682972
1790336729.336733 W 377 lat 314 3462 7962 0 exe 64962 353203 497314 resp 502018 984 pmu 944017 770958 7671909 13486950 921356936
1790336730.380515 W 378 lat 296 2259 8462 0 exe 15203 218074 501314 resp 507796 551 pmu 957842 497451 7750395 12907537 580076136
1790336731.316485 W 379 lat 296 296 333 0 exe 15185 15444 16388 resp 16703 0 pmu 978292 207 7875484 12026620 42390480
1790336732.360788 W 380 lat 296 1425 6722 0 exe 15203 139944 571981 resp 576722 420 pmu 963985 335724 7812245 6083519 360566924
1790336733.400767 W 381 lat 1481 2999 5648 0 exe 233296 284981 334259 resp 336777 1000 pmu 934835 730861 7655907 12324013 741057322
1790336734.340768 W 382 lat 1518 2999 5759 0 exe 201833 284777 372388 resp 375796 1000 pmu 937305 735653 7669899 11759880 740744606
1790336735.380767 W 383 lat 1129 3018 6407 0 exe 167074 281277 335499 resp 339462 1000 pmu 933100 719768 7633610 11988249 731132489
1790336736.316747 W 384 lat 814 3074 7240 0 exe 147222 282703 399499 resp 403518 1000 pmu 937228 727488 7676216 11431972 735771518
1790336737.356769 W 385 lat 1351 2999 5629 0 exe 235574 282999 346055 resp 348944 1000 pmu 934735 726550 7649044 11982976 735825880
1790336738.396762 W 386 lat 1351 3037 6851 0 exe 233240 280851 326962 resp 331981 1000 pmu 934157 718696 7650280 11880532 730540513
1790336739.336780 W 387 lat 1166 2999 6851 0 exe 172407 282925 386092 resp 389796 1000 pmu 938415 728927 7678378 11683871 736197265
1790336740.376711 W 388 lat 1388 3018 7370 0 exe 237185 281833 340111 resp 343555 1000 pmu 934524 722946 7643093 11974048 732695687
1790336741.320771 W 389 lat 1462 3092 6092 0 exe 234296 284814 382999 resp 386703 1000 pmu 938434 731859 7684262 11834937 740958624
1790336742.384760 W 390 lat 1333 3018 6259 0 exe 191074 281074 322759 resp 326240 1000 pmu 934802 721414 7653180 12259963 731207693
1790336743.332786 W 391 lat 1092 3092 6518 0 exe 182129 280851 371037 resp 373907 1000 pmu 938397 726404 7680896 11421304 730198545
1790336744.376764 W 392 lat 1277 2999 5444 0 exe 232703 279888 336740 resp 339166 1000 pmu 934889 728340 7653662 11855660 728349357
1790336745.332779 W 393 lat 1462 2999 5888 0 exe 154851 278703 377777 resp 381388 1000 pmu 939510 729355 7689686 11753879 726193707
1790336746.384765 W 394 lat 1407 3018 6203 0 exe 151018 275092 334351 resp 338074 1000 pmu 933860 713703 7640746 11778252 715953646
1790336747.332760 W 395 lat 1537 3037 6018 0 exe 221296 284037 386981 resp 390333 1000 pmu 939181 742247 7689667 11308391 738730832
1790336748.388738 W 396 lat 1425 3074 6259 0 exe 214851 277481 325499 resp 327796 1000 pmu 933338 720131 7635757 12228861 721491255
1790336749.332782 W 397 lat 1407 2999 6203 0 exe 160499 282481 358703 resp 361333 1000 pmu 938564 738317 7681775 11544645 734457215
1790336750.384786 W 398 lat 1370 3037 6462 0 exe 163666 276222 331407 resp 334648 1000 pmu 933228 719491 7645333 11630866 718299255
1790336751.328789 W 399 lat 518 2888 6333 0 exe 234037 286685 384499 resp 388333 1000 pmu 938335 736885 7675414 11346775 744010074
1790336752.380797 W 400 lat 1425 3018 6055 0 exe 175148 283703 333499 resp 336148 1000 pmu 934508 724467 7645678 12279176 737231535
1790336753.324779 W 401 lat 1314 3074 6814 0 exe 152833 282666 396462 resp 400722 1000 pmu 937483 724781 7676973 11457658 734745429
1790336754.380760 W 402 lat 1592 3037 5944 0 exe 229240 283240 331740 resp 337203 1000 pmu 933814 723287 7637763 11982144 735755578
1790336755.332771 W 403 lat 1314 3092 5981 0 exe 159388 285129 369499 resp 373981 1000 pmu 937877 731795 7674873 11722636 741185868
1790336756.388798 W 404 lat 1499 3037 6203 0 exe 171462 280611 336203 resp 339018 1000 pmu 933337 716694 7635742 11754737 729257734
1790336757.344711 W 405 lat 1222 2999 7407 0 exe 177277 285537 359814 resp 362907 1000 pmu 937584 734693 7673897 11452875 742408536
1790336758.392761 W 406 lat 1222 3074 5722 0 exe 226037 282592 335592 resp 338074 1000 pmu 933758 722584 7638450 11748680 734257113
1790336759.336773 W 407 lat 1481 2981 6074 0 exe 158055 286166 363722 resp 366388 1000 pmu 938569 737491 7682744 11724188 744686937
1790336760.400785 W 408 lat 1370 3018 5759 0 exe 161185 279796 326185 resp 329703 1000 pmu 933874 716983 7636042 11687116 727625883
1790336761.340789 W 409 lat 1499 3018 5518 0 exe 243981 287648 372444 resp 376018 1000 pmu 939547 740278 7696289 11297831 747939013
1790336762.388770 W 410 lat 1444 3111 8203 0 exe 170944 280074 340851 resp 344018 1000 pmu 933478 717223 7638457 12213340 728246479
1790336763.324782 W 411 lat 1481 2999 5518 0 exe 197370 285407 379185 resp 384703 1000 pmu 938573 735047 7682676 11505662 742603497
1790336764.376803 W 412 lat 1370 2999 6592 0 exe 169055 281981 334648 resp 338074 1000 pmu 933688 722700 7635122 12046058 733360507
1790336765.312727 W 413 lat 1296 3018 6425 0 exe 192185 284185 388259 resp 392648 1000 pmu 938690 732786 7680934 11436180 739311276
1790336766.368624 W 414 lat 1574 3018 5499 0 exe 236685 281629 336814 resp 339740 1000 pmu 934316 721268 7654641 12102681 732515593
1790336767.408769 W 415 lat 1240 2999 5851 0 exe 187111 281981 382222 resp 385814 1000 pmu 938297 732076 7675834 11787414 734092126
1790336768.356822 W 416 lat 1481 3018 6333 0 exe 227462 282907 339592 resp 343981 1000 pmu 934872 725218 7654346 11998675 735281124
1790336769.412775 W 417 lat 1518 3055 7407 0 exe 167333 283574 387259 resp 390759 1000 pmu 938755 732409 7674562 11786530 737514786
1790336770.376820 W 418 lat 1277 2999 5851 0 exe 162851 277333 328166 resp 330777 1000 pmu 934417 719804 7652933 11967373 721549372
1790336771.328857 W 419 lat 1444 3037 6240 0 exe 172222 278277 415277 resp 420444 1000 pmu 937363 725759 7659828 11309112 724363608
1790336772.392745 W 420 lat 1277 3055 5999 0 exe 174962 278722 337833 resp 340981 1000 pmu 934796 725232 7649115 12247331 725527018
1790336773.340896 W 421 lat 1425 3055 5740 0 exe 225537 277814 327055 resp 330129 1000 pmu 934585 720799 7651665 11476859 722424605
1790336774.384748 W 422 lat 1314 3037 6240 0 exe 166740 277611 369777 resp 372796 1000 pmu 936617 722562 7655384 11616440 721807997
1790336775.324788 W 423 lat 1407 3018 5999 0 exe 169351 278166 337666 resp 341314 1000 pmu 935353 722985 7655846 11750361 722972125
1790336776.372776 W 424 lat 1462 3092 6814 0 exe 231907 279074 330574 resp 333999 1000 pmu 933485 723320 7631654 11447320 725022268
1790336777.312745 W 425 lat 537 2870 6888 0 exe 185222 282166 333833 resp 338722 1000 pmu 933514 722940 7634368 11697193 732470251
1790336778.360735 W 426 lat 1499 3092 6481 0 exe 170611 283388 361481 resp 366907 1000 pmu 934095 722774 7642120 11513802 735729801
1790336779.308738 W 427 lat 944 3148 6037 0 exe 161462 281074 330259 resp 333425 1000 pmu 934298 717866 7641901 11729829 729971373
1790336780.360782 W 428 lat 1185 2999 5666 0 exe 178055 284185 330796 resp 333333 1000 pmu 934543 726511 7642598 11344373 737846800
1790336781.400780 W 429 lat 1277 3129 7370 0 exe 174629 281888 329425 resp 332814 1000 pmu 934047 721140 7639108 11443815 732197281
1790336782.336845 W 430 lat 1333 3018 5907 0 exe 154333 283888 334351 resp 336944 1000 pmu 934600 725196 7644258 11415216 737527921
1790336783.376780 W 431 lat 1296 3037 6499 0 exe 202129 282555 332703 resp 336074 1000 pmu 933573 726491 7645039 11361458 734190709
1790336784.312843 W 432 lat 1407 3037 6833 0 exe 187222 281166 326148 resp 329666 1000 pmu 934257 721657 7639228 11584103 730579634
1790336785.352828 W 433 lat 1129 2981 6129 0 exe 184185 281481 331055 resp 336074 1000 pmu 933290 722706 7639229 11440070 731874217
1790336786.396821 W 434 lat 1333 3111 6611 0 exe 226074 281629 331166 resp 334277 1000 pmu 934099 721728 7652494 11477657 731935003
1790336787.336722 W 435 lat 1370 2999 5777 0 exe 147462 283833 331499 resp 335055 1000 pmu 934583 727851 7647887 11683654 737999510
1790336788.372803 W 436 lat 1611 3055 6462 0 exe 232777 284185 333907 resp 337944 1000 pmu 935698 729170 7659018 11302846 738659336
1790336789.308833 W 437 lat 1055 3018 6370 0 exe 162388 279314 344981 resp 348351 1000 pmu 932942 716688 7634913 11762447 726484110
1790336790.348824 W 438 lat 1388 3037 5962 0 exe 234129 283351 339666 resp 342259 1000 pmu 935409 726287 7661408 11489979 736383021
1790336791.392722 W 439 lat 925 2499 5185 0 exe 124222 213962 335999 resp 340111 1000 pmu 916065 610655 7473198 11811650 562212268
1790336792.328516 W 440 lat 296 1537 5240 0 exe 15222 133833 253925 resp 257629 616 pmu 937979 387484 7614128 10875869 352920171
1790336793.368491 W 441 lat 296 296 333 0 exe 15203 15462 16777 resp 17111 0 pmu 977967 252 7876160 9098007 40663739
1790336794.309056 W 442 lat 296 1851 12111 0 exe 15222 178870 637962 resp 641888 356 pmu 974231 325407 7881782 6087586 455402319
1790336795.360867 W 443 lat 444 4722 11388 0 exe 74648 471944 649722 resp 656907 989 pmu 970362 901237 7893218 13203498 1201645646
1790336796.416873 W 444 lat 2296 5537 10499 0 exe 345759 535629 664037 resp 669333 1000 pmu 967626 922138 7880172 15111540 1344776219
1790336797.360997 W 445 lat 296 2833 8555 0 exe 18185 279703 625648 resp 630092 619 pmu 942154 582145 7644731 16927158 735517860
1790336798.329024 W 446 lat 814 5240 10814 0 exe 130148 549074 668648 resp 672555 1000 pmu 985525 943916 8028479 13589227 1380201851
1790336799.372708 W 447 lat 296 2833 10685 0 exe 15870 286407 648999 resp 656462 701 pmu 952854 654781 7733959 15948141 752064192
1790336800.320835 W 448 lat 296 3592 10277 0 exe 29185 374555 612296 resp 618648 904 pmu 961338 796742 7814653 13870222 969765072
1790336801.373058 W 449 lat 1055 5425 16074 0 exe 185259 518962 657777 resp 663314 1000 pmu 963397 898295 7842512 14007017 1305870551
1790336802.308917 W 450 lat 1685 5240 11296 0 exe 233388 516055 639666 resp 644222 1000 pmu 955398 903475 7775558 16002087 1300749428
1790336803.357050 W 451 lat 296 3388 9611 0 exe 20703 367499 617314 resp 621481 822 pmu 932600 704355 7572050 16019959 953315260
1790336804.396650 W 452 lat 296 4425 10037 0 exe 50092 458203 648962 resp 654537 962 pmu 944061 822923 7677891 13963878 1162815027
1790336805.348839 W 453 lat 296 2407 8314 0 exe 28611 254203 608722 resp 614537 718 pmu 950648 635847 7724249 14894602 668612203
1790336806.396959 W 454 lat 1277 4851 10574 0 exe 123203 503759 633962 resp 641833 1000 pmu 961237 889944 7819929 13347982 1274797979
1790336807.336991 W 455 lat 2018 5314 13074 0 exe 235925 517018 650981 resp 655944 1000 pmu 945288 876985 7691786 15360168 1299730637
1790336808.384603 W 456 lat 296 4537 9999 0 exe 21277 464999 634296 resp 643814 975 pmu 937781 829685 7617504 16164106 1177442938
1790336809.320966 W 457 lat 296 4055 9333 0 exe 17574 423888 618018 resp 622740 899 pmu 935177 761013 7614752 14658696 1072745724
1790336810.376750 W 458 lat 296 2888 8370 0 exe 22870 297999 604944 resp 611648 835 pmu 946159 694149 7679216 14241780 798514228
1790336811.332989 W 459 lat 314 4277 10685 0 exe 73166 453944 636685 resp 642018 978 pmu 954246 857779 7764052 13507677 1153707476
1790336812.376839 W 460 lat 1018 5055 10629 0 exe 210148 502740 634037 resp 641185 1000 pmu 953099 888242 7748073 14868370 1266788479
1790336813.412922 W 461 lat 1333 4814 11722 0 exe 205055 484870 619740 resp 624888 1000 pmu 939297 862572 7644319 15786662 1224787657
1790336814.352852 W 462 lat 314 4203 10296 0 exe 64833 446962 601777 resp 605907 992 pmu 934212 815787 7589447 15524884 1134889481
1790336815.392802 W 463 lat 296 3148 8388 0 exe 21759 322018 605037 resp 609740 815 pmu 938297 691170 7627237 14433612 840338158
1790336816.328936 W 464 lat 296 3777 9685 0 exe 42759 390407 607240 resp 613870 962 pmu 959170 811710 7806132 13614381 1015349296
1790336817.369049 W 465 lat 1537 5074 11814 0 exe 179740 502259 618537 resp 622851 1000 pmu 955963 890055 7778699 14102783 1266125988
1790336818.412777 W 466 lat 1333 5055 11333 0 exe 272870 495537 633018 resp 639851 1000 pmu 943547 879800 7678717 15471840 1250101121
1790336819.345057 W 467 lat 296 4018 10277 0 exe 17629 411518 589722 resp 594592 937 pmu 929343 767956 7558894 16057493 1050168179
1790336820.388755 W 468 lat 296 3870 8907 0 exe 20314 405722 627574 resp 631166 885 pmu 940924 762792 7642967 13902768 1029827363
1790336821.324782 W 469 lat 296 3407 9574 0 exe 28833 349777 590962 resp 596185 935 pmu 951555 764891 7732113 14251800 910314700
1790336822.364993 W 470 lat 1722 5129 10666 0 exe 227166 512777 649944 resp 654555 1000 pmu 962170 905040 7828296 13657816 1288406958
1790336823.404965 W 471 lat 722 4388 10314 0 exe 133388 438907 590759 resp 597592 1000 pmu 941570 833213 7658061 16072551 1122161154
1790336824.341020 W 472 lat 592 4962 11129 0 exe 102703 499518 628944 resp 635277 1000 pmu 945941 874609 7695614 14642946 1258729085
1790336825.384683 W 473 lat 296 3444 8666 0 exe 16999 356388 597999 resp 603388 845 pmu 938039 731368 7618501 15177906 925393753
1790336826.320836 W 474 lat 296 3240 9351 0 exe 46907 324592 580611 resp 583907 855 pmu 953374 743037 7750733 13698276 848250777
1790336827.364841 W 475 lat 740 4574 12111 0 exe 159555 474148 619629 resp 624092 1000 pmu 959461 881101 7803570 13507266 1199300744
1790336828.404938 W 476 lat 481 4407 10018 0 exe 113962 440222 601999 resp 610833 1000 pmu 950011 826232 7725979 15236836 1125445458
1790336829.344926 W 477 lat 777 4444 10499 0 exe 140370 490111 623685 resp 630666 1000 pmu 939770 862364 7645359 14672108 1234316413
1790336830.397034 W 478 lat 296 3018 10111 0 exe 17999 310870 572537 resp 579240 736 pmu 932751 646388 7573501 15264683 808912456
1790336831.340766 W 479 lat 314 4388 9055 0 exe 96518 469648 637685 resp 641703 999 pmu 954101 869596 7761271 13233027 1187826877
1790336832.416947 W 480 lat 333 4296 10592 0 exe 71722 423611 597703 resp 605055 983 pmu 945653 812871 7687708 15059326 1087659537
1790336833.372642 W 481 lat 296 3851 9722 0 exe 31351 400314 628055 resp 632870 848 pmu 953272 813575 7751390 14328864 1031492442
1790336834.409003 W 482 lat 296 4611 10907 0 exe 30962 453611 628648 resp 636592 906 pmu 944544 788037 7692218 14294576 1145766819
1790336835.344741 W 483 lat 314 3925 10499 0 exe 40277 401833 642351 resp 648722 818 pmu 950058 781443 7722286 14590305 1032190933
1790336836.385033 W 484 lat 296 3462 12370 0 exe 27629 368370 644555 resp 649314 783 pmu 950137 727093 7728208 14501488 945951919
1790336837.324968 W 485 lat 333 4259 10129 0 exe 84722 436407 632740 resp 637333 994 pmu 949177 836291 7718927 14292643 1114561850
1790336838.364794 W 486 lat 333 4537 9444 0 exe 96981 455555 598370 resp 602129 998 pmu 945485 854635 7691509 14792330 1152409288
1790336839.405021 W 487 lat 296 3499 10962 0 exe 26851 356648 622648 resp 629629 821 pmu 946038 714976 7693970 14598957 919203431
1790336840.344777 W 488 lat 925 5037 10703 0 exe 117240 505851 630185 resp 634777 1000 pmu 955089 868194 7770598 14015435 1273349071
1790336841.380881 W 489 lat 296 2111 7740 0 exe 21592 227018 613370 resp 618796 637 pmu 947894 595459 7693382 15285187 626854439
1790336842.316965 W 490 lat 407 4518 11222 0 exe 92796 468203 627407 resp 633944 994 pmu 962260 882861 7832787 13217342 1190403435
1790336843.361039 W 491 lat 1722 4814 9148 0 exe 248703 486925 618944 resp 624074 1000 pmu 946089 880320 7699398 14955070 1226449198
1790336844.401075 W 492 lat 296 2777 9685 0 exe 21166 270925 581129 resp 585574 765 pmu 937995 622395 7621776 15733569 718840705
1790336845.336831 W 493 lat 2462 5129 10499 0 exe 246203 527388 625388 resp 630277 1000 pmu 967322 917416 7875154 13120631 1327547352
1790336846.380594 W 494 lat 296 2870 7740 0 exe 16259 286999 567777 resp 571722 753 pmu 944014 640410 7664741 15998770 751284198
1790336847.317070 W 495 lat 296 2703 8870 0 exe 16666 271925 534314 resp 538592 734 pmu 931185 566274 7554280 13030332 699538293
1790336848.356650 W 496 lat 296 2499 8185 0 exe 28018 249407 515888 resp 519166 764 pmu 931627 604461 7560352 12628784 655680270
1790336849.396752 W 497 lat 314 3333 8666 0 exe 38592 321185 498740 resp 502425 928 pmu 928858 653122 7541717 12379683 816756981
1790336850.336578 W 498 lat 296 2259 8185 0 exe 16037 210148 507166 resp 512425 786 pmu 933136 520899 7557571 12628325 554416304
1790336851.376988 W 499 lat 296 2518 7833 0 exe 15796 247703 537574 resp 541740 594 pmu 936172 478763 7592688 12043967 641881441
1790336852.316572 W 500 lat 296 3444 8425 0 exe 37185 334999 526888 resp 530296 910 pmu 925397 693929 7505086 12529799 860809070
1790336853.360892 W 501 lat 296 1388 7240 0 exe 16999 144240 433129 resp 438462 495 pmu 937199 449581 7590669 12968782 399233385
1790336854.400529 W 502 lat 296 2111 7240 0 exe 15351 209499 514148 resp 518166 743 pmu 946181 575759 7666668 10970669 556762799
1790336855.336508 W 503 lat 296 314 462 0 exe 15185 16388 21129 resp 21574 0 pmu 978179 238 7873151 12093749 41760268
1790336856.376559 W 504 lat 351 462 981 0 exe 17499 31462 171962 resp 172740 92 pmu 975189 99547 7855782 6136056 55848311
1790336857.312513 W 505 lat 462 462 537 0 exe 21888 22259 24351 resp 24851 0 pmu 978548 195 7877933 7736614 36046743
1790336858.154086 Closing cell "rt-bench"
1790336858.154186 [MG] Initializing memguard on CPU 3
1790336858.154228 [SMMUv2] Exiting SMMUv2 on cell 1
1790336858.154332 [COL] Colored OP 1: PHYS 0x30000000 -> VIRT 0x00000000 (SIZE: 0x00400000, COL: 0x00000fff, extra: 0x0000000000000000)
1790336858.154367 [COL] Result: 0
1790336858.154459 [COL] Colored OP 4: PHYS 0x30000000 -> VIRT 0x00000000 (SIZE: 0x00400000, COL: 0x00000fff, extra: 0x0000000000000001)
1790336858.154494 [COL] Result: 0
1790336858.154557 Page pool usage after cell destruction: mem 85/4061, remap 5/131072
1790336858.154637 [MG] Initializing memguard on CPU 3
1790336858.260534 [MG] Initializing memguard on CPU 3
1790336858.260625 [COL] Colored OP 0: PHYS 0x30000000 -> VIRT 0x00000000 (SIZE: 0x00400000, COL: 0x0000ffff, extra: 0x0000000000000000)
1790336858.260646 [COL] Result: 0
1790336858.260669 [MG] Initializing memguard on CPU 3
1790336858.260687 Created cell "rt-bench"
1790336858.260725 Page pool usage after cell creation: mem 98/4061, remap 5/131072
