1790955335.458854 <missed 159 bytes of console log>
1790955335.458932 essors:
1790955335.458962  CPU 1... [MG] Initializing memguard on CPU 1
1790955335.458977 OK
1790955335.459005  CPU 3... [MG] Initializing memguard on CPU 3
1790955335.459018 OK
1790955335.459045  CPU 0... [MG] Initializing memguard on CPU 0
1790955335.459058 OK
1790955335.459085  CPU 2... [MG] Initializing memguard on CPU 2
1790955335.459098 OK
1790955335.459119 Initializing unit: irqchip
1790955335.459145 Initializing unit: Cache Coloring (Aarch64)
1790955335.459175 [COL] 	L1 Cache Type: I+D Split
1790955335.459196 [COL] 		Total size: 65536
1790955335.459215 [COL] 		Line size: 64
1790955335.459233 [COL] 		Assoc.: 4
1790955335.459252 [COL] 		Num. sets: 256
1790955335.459274 [COL] 		Total size (I): 65536
1790955335.459294 [COL] 		Line size (I): 64
1790955335.459313 [COL] 		Assoc. (I): 4
1790955335.459334 [COL] 		Num. sets (I): 256
1790955335.459356 [COL] 	L2 Cache Type: Unified
1790955335.459377 [COL] 		Total size: 524288
1790955335.459395 [COL] 		Line size: 64
1790955335.459413 [COL] 		Assoc.: 8
1790955335.459432 [COL] 		Num. sets: 1024
1790955335.459452 [COL] 		Num. colors: 16
1790955335.459474 [COL] 	L3 Cache Type: Unified
1790955335.459495 [COL] 		Total size: 2097152
1790955335.459514 [COL] 		Line size: 64
1790955335.459532 [COL] 		Assoc.: 16
1790955335.459551 [COL] 		Num. sets: 2048
1790955335.459570 [COL] 		Num. colors: 32
1790955335.459594 [COL] 	L4 Cache Type: Not present
1790955335.459617 [COL] 	L5 Cache Type: Not present
1790955335.459641 [COL] 	L6 Cache Type: Not present
1790955335.459664 [COL] 	L7 Cache Type: Not present
1790955335.459691 [COL] 	NOTE: L3 Cache selected for coloring.
1790955335.459714 Initializing unit: ARM SMMU v2
1790955335.459736 Initializing unit: ARM SMMU v3
1790955335.459758 Initializing unit: PVU IOMMU
1790955335.459777 Initializing unit: PCI
1790955335.459812 Page pool usage after late setup: mem 77/4061, remap 5/131072
1790955335.459834 Activating hypervisor
1790955335.459858 [MG] Initializing memguard on CPU 3
1790955335.459910 [COL] Colored OP 0: PHYS 0x30000000 -> VIRT 0x00000000 (SIZE: 0x00400000, COL: 0x000000ff, extra: 0x0000000000000000)
1790955335.459934 [COL] Result: 0
1790955335.459958 [MG] Initializing memguard on CPU 3
1790955335.459978 Created cell "rt-bench"
1790955335.460012 Page pool usage after cell creation: mem 98/4061, remap 5/131072
1790955335.460067 [COL] Colored OP 3: PHYS 0x30000000 -> VIRT 0x00000000 (SIZE: 0x00400000, COL: 0x000000ff, extra: 0x0000000000000000)
1790955335.460093 [MG] Initializing memguard on CPU 3
1790955335.460111 [COL] Result: 0
1790955335.460132 Cell "rt-bench" can be loaded
1790955335.460185 [COL] Colored OP 2: PHYS 0x30000000 -> VIRT 0x00000000 (SIZE: 0x00400000, COL: 0x000000ff, extra: 0x0000000000000000)
1790955335.460207 [COL] Result: 0
1790955335.460259 [COL] Colored OP 4: PHYS 0x30000000 -> VIRT 0x00000000 (SIZE: 0x00400000, COL: 0x000000ff, extra: 0x0000000000000001)
1790955335.460278 [COL] Result: 0
1790955335.460298 Started cell "rt-bench"
1790955335.460322 [MG] Initializing memguard on CPU 3
1790955335.460352 rt-bench: ws 768 KB, 1024 loads/period, window 1000
1790955336.502018 W 0 lat 314 462 3074 0 exe 23777 30499 135314 resp 137333 33 pmu 1023349 79555 8252994 5307575 51702543
1790955337.438080 W 1 lat 296 314 629 0 exe 16740 25240 115314 resp 115703 15 pmu 1023265 100844 8243525 7413195 62848117
1790955338.482005 W 2 lat 296 296 592 0 exe 16648 19759 55703 resp 56018 0 pmu 1023500 43490 8248020 7130195 50012381
1790955339.522070 W 3 lat 296 296 592 0 exe 16259 21833 115203 resp 115537 3 pmu 1023377 67249 8246285 6505411 55383170
1790955340.458028 W 4 lat 296 296 333 0 exe 16499 18388 36555 resp 36851 0 pmu 1023414 27372 8248428 7109208 46573419
1790955341.502077 W 5 lat 296 296 611 0 exe 16722 20944 107537 resp 107870 2 pmu 1023314 56990 8240746 6305136 53019970
1790955342.438062 W 6 lat 296 296 944 0 exe 16685 23666 119259 resp 119592 7 pmu 1023255 88245 8245086 7030449 61497235
1790955343.478111 W 7 lat 296 296 499 0 exe 16629 20888 121518 resp 121851 2 pmu 1023342 56091 8239789 7162877 53405478
1790955344.518067 W 8 lat 296 314 6222 0 exe 16370 21685 433962 resp 440185 7 pmu 1023429 56617 8249032 7169033 55816567
1790955345.454051 W 9 lat 296 296 537 0 exe 16518 20592 113722 resp 114129 3 pmu 1023371 52662 8244528 10354355 54611779
1790955346.494015 W 10 lat 296 296 333 0 exe 16796 18722 41870 resp 42166 0 pmu 1023414 31206 8248716 7089582 47420006
1790955347.430047 W 11 lat 296 296 574 0 exe 16648 22611 112555 resp 112870 3 pmu 1023364 76257 8245466 6361329 57549543
1790955348.470020 W 12 lat 296 296 333 0 exe 16351 18462 37537 resp 37851 0 pmu 1023443 28203 8240512 7088452 46748955
1790955349.510040 W 13 lat 296 296 629 0 exe 16481 20555 101111 resp 101537 3 pmu 1023428 52449 8246331 6314666 51998112
1790955350.446012 W 14 lat 296 296 333 0 exe 16592 18444 30111 resp 30425 0 pmu 1023387 27864 8243896 6963534 46610692
1790955351.490010 W 15 lat 296 296 537 0 exe 16592 20333 117851 resp 118166 3 pmu 1023411 49428 8239985 6241517 51428854
1790955352.530025 W 16 lat 296 296 444 0 exe 16703 20777 98944 resp 99296 0 pmu 1023380 55358 8248539 7129465 52862501
1790955353.466035 W 17 lat 296 296 444 0 exe 16611 20574 114759 resp 115148 1 pmu 1023364 52643 8243909 6942909 52558422
1790955354.506004 W 18 lat 296 296 333 0 exe 16537 18351 33925 resp 34240 0 pmu 1023439 26748 8241451 7099737 46485205
1790955355.442037 W 19 lat 296 296 1074 0 exe 16796 22314 114703 resp 115018 8 pmu 1023348 72819 8245409 6278995 56865987
1790955356.482002 W 20 lat 296 296 333 0 exe 16444 18240 33129 resp 33425 0 pmu 1023446 25766 8243837 7111700 46182547
1790955357.522030 W 21 lat 296 296 666 0 exe 16759 22555 109259 resp 109611 3 pmu 1023351 75575 8250539 6269796 57268565
1790955358.457984 W 22 lat 296 296 333 0 exe 16518 18333 34777 resp 35092 0 pmu 1023408 26611 8245552 7056542 46399364
1790955359.498026 W 23 lat 296 296 444 0 exe 16555 20277 102574 resp 102944 2 pmu 1023352 49393 8243915 6287306 51390660
1790955360.433995 W 24 lat 296 296 333 0 exe 16333 18296 34351 resp 34666 0 pmu 1023479 26568 8245640 6976033 46327477
1790955361.474024 W 25 lat 296 296 444 0 exe 16388 20611 108074 resp 108388 3 pmu 1023455 53220 8247512 6282057 52147390
1790955362.514032 W 26 lat 296 296 592 0 exe 16888 28870 154166 resp 154499 15 pmu 1023162 147429 8242925 7031525 75189528
1790955363.450026 W 27 lat 296 296 407 0 exe 16722 20999 116851 resp 117203 2 pmu 1023408 57524 8240598 7537302 53881992
1790955364.489994 W 28 lat 296 296 333 0 exe 16833 18481 35166 resp 35481 0 pmu 1023388 28591 8241812 7122983 46841631
1790955365.530023 W 29 lat 296 296 425 0 exe 16518 20555 110296 resp 110629 4 pmu 1023357 51944 8241958 6293425 52009766
1790955366.465992 W 30 lat 296 296 333 0 exe 16499 18425 35222 resp 35537 0 pmu 1023443 27437 8243068 7054177 46598241
1790955367.510021 W 31 lat 296 296 685 0 exe 16611 22666 106185 resp 106703 4 pmu 1023431 76849 8245037 6292137 57582913
1790955368.445991 W 32 lat 296 296 333 0 exe 16407 18888 39870 resp 40203 0 pmu 1023396 33189 8244859 7026381 47809278
1790955369.486019 W 33 lat 296 296 666 0 exe 16759 20648 113296 resp 113685 3 pmu 1023397 53346 8241699 6340496 52338002
1790955370.525990 W 34 lat 296 296 333 0 exe 16685 18425 34796 resp 35111 0 pmu 1023473 27612 8240600 7087435 46665807
1790955371.462018 W 35 lat 296 296 407 0 exe 16388 20481 122666 resp 122999 2 pmu 1023389 51205 8247752 6288789 51880148
1790955372.502017 W 36 lat 296 296 462 0 exe 16574 20574 102796 resp 103111 1 pmu 1023379 52464 8240577 7176788 52340361
1790955373.442018 W 37 lat 296 296 518 0 exe 16703 20814 113981 resp 114499 2 pmu 1023376 55092 8244572 6979740 53125699
1790955374.481988 W 38 lat 296 296 333 0 exe 16499 18370 34074 resp 34370 0 pmu 1023454 27159 8243488 7094711 46559876
1790955375.526017 W 39 lat 296 296 648 0 exe 16759 20888 117537 resp 117925 3 pmu 1023388 55890 8247434 6280331 52822096
1790955376.461986 W 40 lat 296 296 333 0 exe 16648 18425 35240 resp 35555 0 pmu 1023444 27839 8245986 7130921 46700556
1790955377.506017 W 41 lat 296 296 592 0 exe 16907 24074 137648 resp 138129 6 pmu 1023378 92948 8248382 6293019 61122931
1790955378.441990 W 42 lat 296 296 333 0 exe 16574 18574 36222 resp 36537 0 pmu 1023471 29257 8241431 7348828 47155609
1790955379.482016 W 43 lat 296 296 629 0 exe 16777 20407 105481 resp 105981 3 pmu 1023399 50568 8243484 6303302 51688889
1790955380.521987 W 44 lat 296 296 333 0 exe 16462 18462 42851 resp 43166 0 pmu 1023425 28600 8246100 7008448 46772473
1790955381.458014 W 45 lat 296 296 388 0 exe 16592 20592 107999 resp 108314 3 pmu 1023403 52854 8243824 6368296 52178070
1790955382.502023 W 46 lat 296 296 777 0 exe 16277 28722 154462 resp 154907 14 pmu 1023150 145238 8249519 7031541 74832113
1790955383.442015 W 47 lat 296 296 611 0 exe 16648 21240 115888 resp 116296 3 pmu 1023333 59981 8243454 7537951 54471058
1790955384.481983 W 48 lat 296 296 333 0 exe 16685 18666 33074 resp 33407 0 pmu 1023317 30361 8243908 7115519 47264512
1790955385.522013 W 49 lat 296 296 611 0 exe 16759 20537 105629 resp 105962 3 pmu 1023367 51821 8245422 6272844 51914340
1790955386.457986 W 50 lat 296 296 333 0 exe 16388 18629 37129 resp 37444 0 pmu 1023461 30157 8251052 7009569 47086080
1790955387.498006 W 51 lat 296 296 518 0 exe 16703 22796 108037 resp 108351 3 pmu 1023361 78343 8250322 6311570 57910504
1790955388.537985 W 52 lat 296 296 333 0 exe 16611 18462 35259 resp 35574 0 pmu 1023425 28112 8245253 7044030 46713302
1790955389.474015 W 53 lat 296 296 611 0 exe 16666 20796 111092 resp 111407 2 pmu 1023379 54753 8245434 6293115 52621039
1790955390.513984 W 54 lat 296 296 333 0 exe 16370 18629 34203 resp 34499 0 pmu 1023418 30018 8245364 7064914 47159963
1790955391.450013 W 55 lat 296 296 425 0 exe 16722 20851 109629 resp 109944 1 pmu 1023371 55815 8250312 6282150 52814370
1790955392.490011 W 56 lat 296 296 425 0 exe 16777 20648 93203 resp 93537 0 pmu 1023332 53710 8242437 7049820 52481696
1790955393.530013 W 57 lat 296 296 499 0 exe 16888 21037 107351 resp 107851 2 pmu 1023365 57675 8239660 6885019 53562523
1790955394.465985 W 58 lat 296 296 333 0 exe 16833 18592 35629 resp 35944 0 pmu 1023411 29509 8237380 7030320 47058103
1790955395.506012 W 59 lat 296 296 444 0 exe 16574 20703 101462 resp 101796 2 pmu 1023409 53876 8237955 6298594 52404338
1790955396.441985 W 60 lat 296 296 333 0 exe 16351 18499 36018 resp 36314 0 pmu 1023508 28782 8241664 6967013 46816733
1790955397.482011 W 61 lat 296 296 1111 0 exe 16370 22518 103685 resp 104074 3 pmu 1023346 75047 8245214 6299602 57284025
1790955398.521986 W 62 lat 296 296 333 0 exe 16685 18425 34018 resp 34333 0 pmu 1023397 27704 8243996 7000805 46591817
1790955399.458012 W 63 lat 296 296 425 0 exe 16722 20907 108166 resp 108518 1 pmu 1023371 56709 8246825 6280991 52935179
1790955400.497987 W 64 lat 296 296 333 0 exe 16388 18370 33277 resp 33574 0 pmu 1023326 26975 8244668 7035775 46473608
1790955401.538010 W 65 lat 296 296 555 0 exe 16574 20833 119666 resp 120092 3 pmu 1023387 55067 8248172 6271917 52683984
1790955402.474020 W 66 lat 296 296 944 0 exe 16611 25185 113462 resp 114407 3 pmu 1023311 105676 8246269 7150810 64604306
1790955403.514005 W 67 lat 296 296 481 0 exe 16685 26870 119370 resp 119703 14 pmu 1023168 124732 8244159 7115158 70111652
1790955404.478068 W 68 lat 296 2055 10185 0 exe 17259 262037 505444 resp 511499 799 pmu 1022721 797712 8270516 7180109 674607653
1790955405.526265 W 69 lat 277 2981 8074 0 exe 94240 364907 559240 resp 563351 996 pmu 1016865 856433 8244098 12306404 937108962
1790955406.478236 W 70 lat 314 3203 8722 0 exe 85814 364166 521537 resp 526518 995 pmu 1015299 888415 8231422 13727862 943061057
1790955407.530113 W 71 lat 314 3722 9722 0 exe 86777 409740 563185 resp 570777 992 pmu 1012948 880508 8217603 13313845 1054349477
1790955408.478236 W 72 lat 314 3222 8759 0 exe 86833 390574 551425 resp 555333 993 pmu 1015089 890210 8234381 13983816 1001797824
1790955409.526293 W 73 lat 333 3796 9611 0 exe 83629 400648 585740 resp 591777 992 pmu 1013884 897886 8237384 13744794 1035054375
1790955410.482238 W 74 lat 351 3611 11277 0 exe 84185 403462 549111 resp 557166 994 pmu 1011691 859812 8216107 14140388 1039056482
1790955411.538365 W 75 lat 333 3648 8981 0 exe 81740 410407 569703 resp 576870 993 pmu 1011292 855656 8225429 13808261 1056780631
1790955412.494282 W 76 lat 314 3481 8481 0 exe 85425 381388 547092 resp 551296 994 pmu 1012642 871021 8224009 14020957 984835574
1790955413.438230 W 77 lat 314 2703 9074 0 exe 82518 373259 510277 resp 514259 991 pmu 1017573 895080 8240477 13649788 951269363
1790955414.494349 W 78 lat 314 3111 8037 0 exe 85759 362055 506259 resp 509962 990 pmu 1013901 881199 8224501 13224631 937670590
1790955415.450354 W 79 lat 314 3018 8240 0 exe 82222 385055 524388 resp 527499 994 pmu 1015036 875416 8227671 13139896 982863357
1790955416.502371 W 80 lat 314 3333 8462 0 exe 88592 386666 542240 resp 549074 991 pmu 1011372 863854 8219441 13416202 1002322924
1790955417.450260 W 81 lat 314 3425 9888 0 exe 86999 395592 562018 resp 567351 995 pmu 1013271 881910 8243537 13655789 1021253211
1790955418.502159 W 82 lat 333 3333 8074 0 exe 94944 384962 518888 resp 521981 998 pmu 1012779 861577 8218283 13890489 985912660
1790955419.446312 W 83 lat 333 3888 10444 0 exe 87129 383499 542907 resp 548888 999 pmu 1011070 863299 8231486 13425167 999707109
1790955420.502344 W 84 lat 499 3981 9962 0 exe 88296 394888 545370 resp 551055 995 pmu 1010707 859580 8216145 13648004 1024196011
1790955421.450264 W 85 lat 407 4185 9685 0 exe 86240 420240 574314 resp 578962 996 pmu 1011494 869013 8237142 13732722 1082740455
1790955422.498378 W 86 lat 462 4203 10166 0 exe 95999 412888 556111 resp 562185 998 pmu 1009253 840236 8218298 14132638 1069141732
1790955423.442333 W 87 lat 444 3962 8759 0 exe 89166 412648 581444 resp 585833 995 pmu 1013301 890947 8241172 13972538 1069355833
1790955424.494117 W 88 lat 314 3037 8314 0 exe 82629 360907 527592 resp 530259 994 pmu 1014744 876317 8229000 14173882 931775852
1790955425.438264 W 89 lat 333 3388 9555 0 exe 86796 389148 548648 resp 551999 998 pmu 1013421 867938 8224412 13327788 997279314
1790955426.494313 W 90 lat 333 3722 9111 0 exe 93296 382629 529870 resp 533462 999 pmu 1011904 866405 8227874 13712046 991061471
1790955427.446256 W 91 lat 351 4037 9833 0 exe 95833 408185 554796 resp 560074 997 pmu 1010298 853257 8234856 13524606 1055338971
1790955428.502265 W 92 lat 611 4259 8870 0 exe 83629 424814 559925 resp 566518 998 pmu 1011784 872838 8232973 13928156 1099866780
1790955429.446311 W 93 lat 444 4037 9611 0 exe 87611 414481 558111 resp 564037 993 pmu 1010518 854747 8229065 14005764 1068479845
1790955430.498323 W 94 lat 333 4074 9333 0 exe 86370 412425 578796 resp 582111 992 pmu 1009227 843304 8219688 13954140 1064268944
1790955431.438295 W 95 lat 388 4018 9870 0 exe 84129 407407 548611 resp 553759 994 pmu 1008494 831184 8207186 14129699 1054390487
1790955432.490418 W 96 lat 481 4092 9499 0 exe 84555 411870 568777 resp 573518 997 pmu 1011688 872447 8244958 13803413 1066852591
1790955433.538397 W 97 lat 333 4166 9092 0 exe 86703 408018 556037 resp 559907 994 pmu 1010748 858268 8231881 14026596 1057233762
1790955434.486249 W 98 lat 351 3907 10037 0 exe 85425 401499 544814 resp 551425 995 pmu 1010710 849797 8221816 13883848 1036203463
1790955435.542159 W 99 lat 444 3648 9370 0 exe 83777 396314 561074 resp 563907 995 pmu 1011741 860531 8222681 13749776 1018100295
1790955436.486370 W 100 lat 370 3981 8092 0 exe 85092 395314 542277 resp 548666 995 pmu 1010787 862470 8226356 13855286 1024871054
1790955437.442303 W 101 lat 351 3481 9370 0 exe 85037 381962 545962 resp 549796 990 pmu 1013028 867145 8225833 13681503 987712592
1790955438.494225 W 102 lat 314 3462 8685 0 exe 87499 395611 537999 resp 541370 995 pmu 1012997 864181 8226862 13642356 1012062228
1790955439.442289 W 103 lat 314 3555 8611 0 exe 81925 373981 543092 resp 548351 991 pmu 1012177 866307 8233011 13637275 970900338
1790955440.498336 W 104 lat 333 3888 8796 0 exe 84703 403462 543518 resp 549611 992 pmu 1009865 846462 8221021 13561637 1040255791
1790955441.446262 W 105 lat 314 3944 10148 0 exe 86518 406499 545907 resp 550740 995 pmu 1008854 839399 8214102 13734062 1049736988
1790955442.490347 W 106 lat 370 3888 8499 0 exe 84499 402333 554037 resp 557648 992 pmu 1009198 839205 8218389 13782874 1041045953
1790955443.442250 W 107 lat 333 4074 9999 0 exe 91648 422481 572018 resp 577370 998 pmu 1012860 883678 8249500 13818957 1087503625
1790955444.498235 W 108 lat 314 3574 9222 0 exe 84388 376111 541722 resp 547592 996 pmu 1011807 875832 8218396 14152195 977967540
1790955445.438240 W 109 lat 333 2981 9148 0 exe 92092 368740 512222 resp 515722 996 pmu 1015360 880020 8233791 13577222 945397055
1790955446.502228 W 110 lat 314 2925 8499 0 exe 80870 356648 517722 resp 520888 998 pmu 1015473 881047 8233577 13268649 922051568
1790955447.450364 W 111 lat 314 3388 9796 0 exe 95055 389481 558907 resp 564092 996 pmu 1014640 876950 8236338 13201902 997338612
1790955448.510288 W 112 lat 314 3648 8833 0 exe 99222 378092 558481 resp 562740 998 pmu 1011045 855324 8219694 13867721 981695304
1790955449.454287 W 113 lat 314 3018 7574 0 exe 83462 370703 517185 resp 520259 998 pmu 1014834 879043 8234283 13819166 952780439
1790955450.502259 W 114 lat 314 3407 8907 0 exe 97685 381611 545370 resp 547981 1000 pmu 1013246 870151 8233574 13275098 984851775
1790955451.446119 W 115 lat 333 3203 8462 0 exe 87481 371222 527370 resp 532370 997 pmu 1013982 875943 8235787 13688927 959232937
1790955452.502166 W 116 lat 314 3462 10148 0 exe 93074 387888 500333 resp 503685 997 pmu 1014126 870914 8243967 13414896 997016976
1790955453.454238 W 117 lat 314 3703 9722 0 exe 80981 377462 568351 resp 570407 998 pmu 1012137 864690 8233846 13257137 982716696
1790955454.510292 W 118 lat 351 3518 9203 0 exe 93166 389129 577370 resp 582370 997 pmu 1012497 864718 8237123 13817385 1003186341
1790955455.454163 W 119 lat 388 3314 8870 0 exe 84666 385537 551981 resp 556999 997 pmu 1013765 870976 8237276 14038135 990668158
1790955456.510124 W 120 lat 314 2222 7796 0 exe 86611 316259 504407 resp 508037 995 pmu 1021251 899188 8262056 13721527 812986077
1790955457.454172 W 121 lat 333 3481 8555 0 exe 86907 386518 542666 resp 547981 997 pmu 1012476 853754 8233889 12890748 994546288
1790955458.510298 W 122 lat 314 3277 8962 0 exe 93888 361833 551759 resp 556555 998 pmu 1014984 889035 8246823 13644920 939686984
1790955459.470298 W 123 lat 370 3703 8481 0 exe 89351 393851 561592 resp 565925 996 pmu 1010909 855310 8222837 13645640 1012713980
1790955460.514216 W 124 lat 425 3796 8648 0 exe 91055 409481 545092 resp 550370 997 pmu 1011234 861745 8240257 13878881 1056273577
1790955461.458376 W 125 lat 370 3666 8814 0 exe 86629 418129 553703 resp 558740 996 pmu 1011140 875019 8246139 13806932 1081786014
1790955462.514360 W 126 lat 333 3907 9333 0 exe 81351 418981 583277 resp 588722 994 pmu 1011601 881832 8237085 13912745 1083512497
1790955463.466270 W 127 lat 333 3833 8666 0 exe 86888 409333 562611 resp 568370 992 pmu 1009489 848055 8217650 14192081 1054741970
1790955464.506009 W 128 lat 296 1074 7462 0 exe 16574 115703 556740 resp 561462 222 pmu 1020941 289591 8242832 13960452 304445881
1790955465.441982 W 129 lat 296 296 333 0 exe 16611 18888 38740 resp 39055 0 pmu 1023355 32923 8241477 12055995 50790929
1790955466.498247 W 130 lat 296 2555 8777 0 exe 16833 274481 658537 resp 662462 740 pmu 1026246 717615 8365061 6332498 709520136
1790955467.438280 W 131 lat 1611 3203 6537 0 exe 276888 350777 413537 resp 417851 1000 pmu 1028509 931185 8398222 13882345 913768167
1790955468.478248 W 132 lat 1537 3222 6037 0 exe 300944 353240 419037 resp 424888 1000 pmu 1028849 932961 8414613 13114687 919501398
1790955469.522278 W 133 lat 1166 3222 6185 0 exe 249499 350092 411796 resp 417981 1000 pmu 1028364 926207 8402765 13307005 911760886
1790955470.466252 W 134 lat 1685 3222 6537 0 exe 294703 352648 401537 resp 405592 1000 pmu 1028916 932865 8406016 12962242 918056798
1790955471.510251 W 135 lat 1574 3222 6407 0 exe 318870 352944 397481 resp 400240 1000 pmu 1028901 930772 8410127 13092198 918420356
1790955472.446216 W 136 lat 1666 3296 6740 0 exe 239907 352296 411944 resp 417537 1000 pmu 1028839 932627 8406063 13166109 917735308
1790955473.490263 W 137 lat 1203 3166 5907 0 exe 248796 349611 408944 resp 412592 1000 pmu 1028377 926048 8398384 12929612 910123661
1790955474.530287 W 138 lat 1592 3333 6351 0 exe 313185 353333 404074 resp 407222 1000 pmu 1028777 931557 8407570 12913658 919500869
1790955475.490267 W 139 lat 1425 3425 8555 0 exe 293111 360981 637055 resp 641055 1000 pmu 1027512 925781 8401677 13208063 940479468
1790955476.530217 W 140 lat 1351 3388 7388 0 exe 256277 360370 438611 resp 443629 1000 pmu 1025668 914172 8402499 15490595 935410142
1790955477.466250 W 141 lat 1555 3481 6925 0 exe 247629 361685 432425 resp 435685 1000 pmu 1026027 923098 8407481 13317625 938312990
1790955478.506280 W 142 lat 1648 3425 6611 0 exe 295499 365777 427759 resp 432333 1000 pmu 1025973 929738 8407745 13209535 947160228
1790955479.442260 W 143 lat 1555 3444 7444 0 exe 277499 364129 440185 resp 445944 1000 pmu 1025718 930473 8400935 13428047 942811298
1790955480.486278 W 144 lat 1203 3351 6425 0 exe 278759 359444 429629 resp 434222 1000 pmu 1025562 925185 8392460 13463547 930835452
1790955481.526246 W 145 lat 1592 3462 6648 0 exe 290666 360092 435685 resp 439388 1000 pmu 1026102 930737 8404648 13327762 934281143
1790955482.462249 W 146 lat 1703 3462 7851 0 exe 274722 359888 448462 resp 452870 1000 pmu 1025948 930214 8408544 13450270 933758189
1790955483.510269 W 147 lat 1166 3333 7185 0 exe 233833 351796 446388 resp 450185 1000 pmu 1024895 919219 8392689 13507372 913705034
1790955484.458266 W 148 lat 1388 3314 6370 0 exe 225722 351203 423444 resp 427370 1000 pmu 1025884 931556 8402557 13232096 913272206
1790955485.498276 W 149 lat 1851 3425 6925 0 exe 259462 359833 419648 resp 422592 1000 pmu 1026159 930176 8405660 12956552 933061041
1790955486.538254 W 150 lat 1518 3537 7259 0 exe 272055 360537 442018 resp 447611 1000 pmu 1025857 928623 8406759 13131254 934841153
1790955487.478273 W 151 lat 999 3351 7351 0 exe 233481 355407 422870 resp 427074 1000 pmu 1025651 921585 8398610 13435238 922267719
1790955488.518270 W 152 lat 981 3462 6703 0 exe 226611 358296 433499 resp 437333 1000 pmu 1025937 920131 8395450 13015242 928837158
1790955489.462292 W 153 lat 537 3166 6925 0 exe 284240 364333 439074 resp 443148 1000 pmu 1026053 928244 8408403 13096956 943909459
1790955490.522437 W 154 lat 1314 3407 7018 0 exe 273203 361129 426314 resp 430555 1000 pmu 1025628 914401 8404160 13469657 936210168
1790955491.478271 W 155 lat 1648 3388 6907 0 exe 235555 362462 434259 resp 438851 1000 pmu 1025785 923095 8403611 13277129 940075590
1790955492.518286 W 156 lat 907 3277 6796 0 exe 249333 365074 427870 resp 431685 1000 pmu 1025764 929408 8400771 13177974 945862889
1790955493.454253 W 157 lat 1648 3370 7407 0 exe 285648 365759 428851 resp 433055 1000 pmu 1026027 932617 8409386 13187479 947857442
1790955494.498271 W 158 lat 1518 3314 7462 0 exe 269685 365444 436555 resp 439796 1000 pmu 1025574 928059 8397851 13391443 946539061
1790955495.538296 W 159 lat 1574 3407 6555 0 exe 284388 363592 434388 resp 438314 1000 pmu 1025920 926512 8401255 13381634 942019229
1790955496.478246 W 160 lat 1018 3370 7592 0 exe 257759 361925 443351 resp 446222 1000 pmu 1025857 918375 8413064 13423635 938438023
1790955497.518307 W 161 lat 1037 3425 7703 0 exe 272370 359722 441314 resp 444962 1000 pmu 1026091 917811 8401362 13368785 933784896
1790955498.454246 W 162 lat 1222 3351 6222 0 exe 243592 361351 417444 resp 422074 1000 pmu 1025627 916545 8399510 13415282 936685139
1790955499.498242 W 163 lat 1481 3499 6944 0 exe 240981 362944 428981 resp 433722 1000 pmu 1025908 924462 8407151 13038813 941048420
1790955500.538276 W 164 lat 1499 3314 6648 0 exe 276574 362351 416296 resp 419851 1000 pmu 1025436 925462 8404045 13155191 938712404
1790955501.474266 W 165 lat 1499 3481 6685 0 exe 246537 363740 436314 resp 440999 1000 pmu 1026039 928100 8409228 13195242 942571723
1790955502.518275 W 166 lat 1203 3370 6462 0 exe 270592 362296 419185 resp 424555 1000 pmu 1025829 921289 8405162 13258848 939202378
1790955503.454264 W 167 lat 1444 3444 6611 0 exe 251666 362685 420703 resp 426240 1000 pmu 1025973 928024 8408096 13200860 938779185
1790955504.495428 W 168 lat 1333 3370 7555 0 exe 257555 355444 425444 resp 429944 1000 pmu 1025986 930270 8410516 13126490 922353234
1790955505.534265 W 169 lat 1814 3481 6444 0 exe 279129 359388 441185 resp 445666 1000 pmu 1026272 933563 8406831 13165798 932601880
1790955506.474287 W 170 lat 1462 3388 6444 0 exe 246740 358777 441425 resp 445648 1000 pmu 1025813 927501 8407631 13448155 930406236
1790955507.514253 W 171 lat 1481 3462 6981 0 exe 272999 356962 422777 resp 426518 1000 pmu 1025852 926135 8404133 13281985 926707654
1790955508.450261 W 172 lat 1111 3444 6629 0 exe 220444 359629 437962 resp 441777 1000 pmu 1025758 926933 8397670 13218601 932030587
1790955509.490266 W 173 lat 1351 3499 8074 0 exe 238592 357037 439148 resp 442944 1000 pmu 1025919 924943 8411274 13117640 926406841
1790955510.530266 W 174 lat 1777 3407 6222 0 exe 281166 359851 416462 resp 419277 1000 pmu 1025820 927393 8406682 13215778 933444165
1790955511.470288 W 175 lat 518 3240 7388 0 exe 263370 358092 425444 resp 429037 1000 pmu 1025632 924351 8400293 13203503 928609084
1790955512.510271 W 176 lat 1685 3333 6277 0 exe 284055 365407 429592 resp 433629 1000 pmu 1025869 929284 8403776 13197844 947080523
1790955513.446270 W 177 lat 1148 3351 6222 0 exe 235481 365314 422962 resp 426555 1000 pmu 1025743 930186 8405027 13382631 946674874
1790955514.490276 W 178 lat 1222 3351 5685 0 exe 217074 366277 438351 resp 441851 1000 pmu 1025691 931263 8397987 13067799 948443305
1790955515.442284 W 179 lat 1296 3388 6851 0 exe 251962 364981 419203 resp 422537 1000 pmu 1025658 925697 8398534 13131778 945479701
1790955516.498270 W 180 lat 1314 3351 6407 0 exe 269555 361129 430240 resp 434481 1000 pmu 1025425 924419 8394664 13113828 936350049
1790955517.538759 W 181 lat 1611 3425 6870 0 exe 276722 361740 423499 resp 428666 1000 pmu 1025750 918672 8397909 13294827 938074329
1790955518.474266 W 182 lat 1074 3333 6629 0 exe 247129 363555 426796 resp 429870 1000 pmu 1025522 927342 8397007 13275362 941758029
1790955519.518301 W 183 lat 1611 3425 6685 0 exe 301370 365907 438703 resp 442370 1000 pmu 1025827 928949 8402663 13154627 947663376
1790955520.454264 W 184 lat 1185 3351 6425 0 exe 236222 366166 421907 resp 425592 1000 pmu 1025919 932397 8406250 13563036 949125941
1790955521.494246 W 185 lat 1722 3444 6944 0 exe 293425 366333 434833 resp 441537 1000 pmu 1025864 929854 8394240 13066811 948785466
1790955522.534276 W 186 lat 1148 3351 7351 0 exe 252499 362611 417537 resp 421814 1000 pmu 1025656 923649 8384965 13503835 939986966
1790955523.474279 W 187 lat 1333 3462 7018 0 exe 299314 364981 451592 resp 455222 1000 pmu 1025984 928035 8399368 13094262 945338178
1790955524.514184 W 188 lat 1111 3481 6962 0 exe 251074 362870 427555 resp 434018 1000 pmu 1026015 925068 8397050 13677221 940654111
1790955525.450262 W 189 lat 1388 3351 7129 0 exe 244592 356129 428962 resp 434962 1000 pmu 1026022 933210 8404223 13197802 923875234
1790955526.490012 W 190 lat 296 1129 7592 0 exe 16685 113444 425351 resp 429277 288 pmu 1023836 308076 8281075 13142984 296534220
1790955527.530015 W 191 lat 296 296 333 0 exe 16296 18722 44981 resp 45277 0 pmu 1023416 31045 8248240 10728348 49604824
1790955528.474335 W 192 lat 296 3259 13129 0 exe 17333 345074 699370 resp 706074 702 pmu 1019968 700152 8288068 6392204 876890878
1790955529.530469 W 193 lat 370 5481 12037 0 exe 110925 543629 692981 resp 699166 1000 pmu 1019596 953921 8316210 14685249 1372738720
1790955530.478502 W 194 lat 1796 6314 14018 0 exe 238666 601611 703981 resp 708555 1000 pmu 1021229 980719 8335925 16085603 1504165508
1790955531.538575 W 195 lat 296 2518 13388 0 exe 53611 282722 691888 resp 700203 526 pmu 1017524 795780 8273784 17135887 740158058
1790955532.478322 W 196 lat 2574 6222 13407 0 exe 473259 623611 696407 resp 704203 1000 pmu 1018801 962019 8306686 14485754 1554924822
1790955533.522119 W 197 lat 296 2574 11277 0 exe 74962 323407 656388 resp 661518 968 pmu 1014443 891357 8242088 18360944 847154647
1790955534.466347 W 198 lat 296 3796 10166 0 exe 63499 420870 659944 resp 663666 873 pmu 1016724 901286 8274303 14414508 1069008587
1790955535.518647 W 199 lat 611 5592 12925 0 exe 159574 558481 697111 resp 708092 1000 pmu 1019915 962763 8322708 14873870 1407059308
1790955536.462336 W 200 lat 2166 6074 14185 0 exe 332592 592277 708370 resp 714777 1000 pmu 1021119 982241 8339285 16474554 1482162737
1790955537.522640 W 201 lat 296 3018 15703 0 exe 65777 338574 687018 resp 692592 668 pmu 1014354 847266 8245044 17613950 875008137
1790955538.466076 W 202 lat 1592 5555 12296 0 exe 202407 592370 693407 resp 696981 1000 pmu 1015881 962107 8279238 14777533 1485220966
1790955539.502311 W 203 lat 296 1592 7481 0 exe 70740 229462 572962 resp 575944 941 pmu 1014122 836215 8254705 16785563 621083565
1790955540.542568 W 204 lat 370 4703 11351 0 exe 107222 513222 670111 resp 679185 1000 pmu 1017277 960142 8286065 13054988 1299335530
1790955541.478636 W 205 lat 1185 5907 14074 0 exe 259166 589814 706666 resp 715129 1000 pmu 1019950 973836 8328138 15693332 1477165119
1790955542.518315 W 206 lat 314 4518 14944 0 exe 74444 481351 678222 resp 684851 997 pmu 1013207 899193 8258371 17222456 1220715916
1790955543.454413 W 207 lat 314 4259 12018 0 exe 81185 495055 661888 resp 666851 994 pmu 1012274 894902 8233777 15455823 1254172280
1790955544.498201 W 208 lat 296 2833 9018 0 exe 78222 351148 635833 resp 643444 961 pmu 1012960 864277 8244561 15370336 905237842
1790955545.542404 W 209 lat 314 3388 9685 0 exe 93296 391888 636574 resp 642685 993 pmu 1015990 889428 8271064 14366505 1016384816
1790955546.474369 W 210 lat 888 5648 12777 0 exe 236166 580092 704907 resp 708870 1000 pmu 1019028 970438 8320083 14651821 1450821144
1790955547.514257 W 211 lat 518 5611 12499 0 exe 247055 588111 699759 resp 707462 1000 pmu 1018749 975266 8306403 17009198 1471373186
1790955548.451863 W 212 lat 296 3296 12018 0 exe 61925 369129 699055 resp 704148 776 pmu 1013156 846043 8240458 17067097 950663741
1790955549.490204 W 213 lat 314 5222 12648 0 exe 70185 556111 705574 resp 712074 973 pmu 1015540 937884 8273119 15011877 1393221946
1790955550.534327 W 214 lat 296 1851 8796 0 exe 78611 247851 607981 resp 613462 950 pmu 1013576 837949 8235291 16073089 664650298
1790955551.470554 W 215 lat 370 4907 13611 0 exe 108574 513999 681425 resp 688074 1000 pmu 1016985 950393 8293298 13556903 1300254825
1790955552.510513 W 216 lat 2425 6111 12259 0 exe 257055 599074 704537 resp 713444 1000 pmu 1020336 977734 8340414 15817401 1497251226
1790955553.450316 W 217 lat 296 4203 11166 0 exe 71111 449537 701888 resp 709222 882 pmu 1014566 919129 8254612 17236817 1141926428
1790955554.486492 W 218 lat 314 4648 10537 0 exe 87203 508092 681370 resp 686944 995 pmu 1013183 906068 8252793 15499645 1280984307
1790955555.526314 W 219 lat 296 3055 13740 0 exe 72333 361333 638555 resp 645314 974 pmu 1013423 883067 8248751 15658053 937349235
1790955556.466469 W 220 lat 296 3777 13592 0 exe 72555 410462 679888 resp 691888 960 pmu 1016192 885504 8279840 14435743 1047085278
1790955557.506388 W 221 lat 592 5481 11703 0 exe 208425 548574 706925 resp 712648 1000 pmu 1017787 958714 8299031 15124983 1379208598
1790955558.442355 W 222 lat 1629 5314 13870 0 exe 247148 558277 690981 resp 698259 1000 pmu 1014509 970858 8265413 16734374 1400590901
1790955559.486286 W 223 lat 296 4092 11351 0 exe 54648 458129 697925 resp 704462 948 pmu 1013128 886599 8244549 16839904 1164365227
1790955560.522403 W 224 lat 296 4666 11481 0 exe 89499 522296 652777 resp 658499 987 pmu 1012022 918871 8235606 15417160 1312783569
1790955561.458314 W 225 lat 296 2074 9092 0 exe 83888 270277 598518 resp 602777 980 pmu 1013752 849209 8243953 15460258 728779434
1790955562.502274 W 226 lat 425 5240 12740 0 exe 140981 550499 694499 resp 702518 1000 pmu 1016913 956292 8293154 13597274 1379015137
1790955563.542402 W 227 lat 2333 5962 12518 0 exe 259962 585981 709907 resp 717370 1000 pmu 1020442 978485 8326955 16297135 1466509792
1790955564.478444 W 228 lat 314 4203 10222 0 exe 80333 480055 643944 resp 652055 992 pmu 1010608 900645 8217418 17232973 1213420355
1790955565.522232 W 229 lat 296 4388 12870 0 exe 69037 496185 657277 resp 663833 980 pmu 1013584 902584 8250475 15117969 1256209302
1790955566.458337 W 230 lat 314 2407 8796 0 exe 87259 306314 611777 resp 616962 988 pmu 1014513 866664 8252036 15282092 807278623
1790955567.500798 W 231 lat 314 4370 12518 0 exe 84611 477777 711018 resp 718296 995 pmu 1016544 922215 8285447 13931761 1211364373
1790955568.542627 W 232 lat 1777 5703 12870 0 exe 253537 585555 705425 resp 709111 1000 pmu 1018843 978886 8323426 15807173 1467379136
1790955569.478482 W 233 lat 314 4481 11851 0 exe 80648 486296 693203 resp 701537 995 pmu 1014922 913468 8258444 17132692 1229084600
1790955570.522321 W 234 lat 333 4722 11962 0 exe 85425 522574 692666 resp 701629 995 pmu 1012299 904190 8238030 15654171 1313309850
1790955571.454147 W 235 lat 296 3296 10666 0 exe 67203 391240 677944 resp 685814 972 pmu 1012959 873601 8238746 15859038 1005006769
1790955572.494605 W 236 lat 314 3333 13907 0 exe 82814 384944 656574 resp 662870 986 pmu 1013818 884398 8247593 14945008 998786820
1790955573.534633 W 237 lat 1240 5407 11481 0 exe 219925 568555 711444 resp 719222 1000 pmu 1018377 977055 8311288 14786458 1427505631
1790955574.470268 W 238 lat 425 5018 11555 0 exe 162314 521888 715962 resp 722499 1000 pmu 1015494 924255 8274528 16949054 1313414277
1790955575.514529 W 239 lat 296 4259 10203 0 exe 75888 475555 643203 resp 652111 998 pmu 1012026 879722 8233763 16460936 1207007949
1790955576.450285 W 240 lat 296 4370 12851 0 exe 82777 487518 688981 resp 695962 970 pmu 1013694 904304 8250497 15070153 1228744463
1790955577.494095 W 241 lat 296 2518 9499 0 exe 86222 315259 603129 resp 612407 974 pmu 1014084 860822 8244087 15626358 816838572
1790955578.530628 W 242 lat 314 5203 14759 0 exe 113611 549555 687444 resp 696240 1000 pmu 1017003 960083 8285546 13909146 1380525094
1790955579.466285 W 243 lat 1185 5981 13166 0 exe 249833 601074 712796 resp 722759 1000 pmu 1020597 977132 8328939 16098163 1502560291
1790955580.506472 W 244 lat 296 3666 10722 0 exe 70074 416203 626722 resp 632648 913 pmu 1012427 860354 8219986 17296422 1060031601
1790955581.446459 W 245 lat 555 5018 10592 0 exe 93222 563462 672925 resp 680203 999 pmu 1013572 938763 8252149 14564212 1411567169
1790955582.498086 W 246 lat 296 2018 9481 0 exe 74925 273185 640462 resp 644092 938 pmu 1014127 841020 8233956 15892325 718352698
1790955583.442661 W 247 lat 314 4129 10351 0 exe 76574 470574 678444 resp 686648 990 pmu 1016712 929201 8283057 13984797 1200443903
1790955584.494625 W 248 lat 907 5796 12444 0 exe 173129 589703 708666 resp 715796 1000 pmu 1019931 973771 8316732 15397800 1478328187
1790955585.438197 W 249 lat 296 4851 11185 0 exe 70240 507129 724351 resp 730537 949 pmu 1016607 927331 8274337 16794897 1283818364
1790955586.498239 W 250 lat 296 3925 10555 0 exe 64611 455981 654425 resp 662611 917 pmu 1013520 905452 8242469 16005453 1155645778
1790955587.538168 W 251 lat 296 4351 12296 0 exe 53685 487999 688481 resp 695592 963 pmu 1013506 905204 8241776 15024542 1235089797
1790955588.486006 W 252 lat 296 648 6759 0 exe 16888 84777 517888 resp 521814 332 pmu 1020082 363941 8238637 15474275 232606819
1790955589.525973 W 253 lat 296 296 333 0 exe 16425 18574 35592 resp 35888 0 pmu 1023370 29500 8240155 11504898 49709420
1790955590.462002 W 254 lat 296 296 499 0 exe 16537 22055 107981 resp 108296 2 pmu 1023365 69796 8243664 6296077 56023865
1790955591.501975 W 255 lat 296 296 333 0 exe 16277 18333 31370 resp 31685 0 pmu 1023429 26618 8241013 7039109 46395592
1790955592.442000 W 256 lat 296 296 537 0 exe 16444 20222 111037 resp 111351 2 pmu 1023415 48177 8242212 6252045 51145465
1790955593.482004 W 257 lat 296 296 537 0 exe 16722 20759 94037 resp 94574 0 pmu 1023400 54740 8245008 7059932 52771973
1790955594.522003 W 258 lat 296 296 407 0 exe 16555 20407 111592 resp 111999 3 pmu 1023388 50447 8241488 6895282 52023151
1790955595.457972 W 259 lat 296 296 333 0 exe 16555 18148 33555 resp 33870 0 pmu 1023389 24447 8241072 7066839 45937227
1790955596.498000 W 260 lat 296 296 555 0 exe 16574 20055 125592 resp 125925 2 pmu 1023395 46496 8243703 6274451 50797273
1790955597.537975 W 261 lat 296 296 333 0 exe 16499 18629 35796 resp 36111 0 pmu 1023381 29890 8243985 7205718 47223688
1790955598.478003 W 262 lat 296 296 592 0 exe 16555 22685 107999 resp 108333 2 pmu 1023450 77448 8245956 6298950 57565378
1790955599.517973 W 263 lat 296 296 333 0 exe 16462 18388 34314 resp 34611 0 pmu 1023438 27382 8240763 7043103 46572465
1790955600.454002 W 264 lat 296 296 425 0 exe 16499 20092 111351 resp 111685 2 pmu 1023313 47031 8241592 6282565 50926271
1790955601.493975 W 265 lat 296 296 333 0 exe 16240 18611 35129 resp 35444 0 pmu 1023383 29845 8243399 7062280 47097216
1790955602.534000 W 266 lat 296 296 388 0 exe 16277 20314 108018 resp 108351 2 pmu 1023337 49431 8239947 6290802 51440363
1790955603.470000 W 267 lat 296 296 407 0 exe 16666 20296 97944 resp 98277 0 pmu 1023424 49493 8240824 7028774 51597749
1790955604.514003 W 268 lat 296 296 444 0 exe 16574 20722 108185 resp 108499 4 pmu 1023395 54115 8239708 6930188 52863763
1790955605.449972 W 269 lat 296 296 333 0 exe 16444 18314 34240 resp 34555 0 pmu 1023434 26280 8237840 7034246 46356895
1790955606.498023 W 270 lat 296 314 3907 0 exe 16499 36648 312166 resp 316074 33 pmu 1022842 233968 8246954 6281542 97266968
1790955607.537978 W 271 lat 296 296 981 0 exe 16462 20796 120518 resp 121499 5 pmu 1023378 54988 8244703 9188963 54131502
1790955608.474003 W 272 lat 296 296 537 0 exe 16629 22592 111240 resp 111722 6 pmu 1023372 76089 8242815 7163420 57987000
1790955609.513976 W 273 lat 296 296 333 0 exe 16685 18629 36462 resp 36759 0 pmu 1023446 30336 8241448 7075692 47169685
1790955610.450001 W 274 lat 296 296 499 0 exe 16499 20518 124111 resp 124425 3 pmu 1023370 51625 8243910 6306563 51928295
1790955611.489975 W 275 lat 296 296 333 0 exe 16425 18129 33851 resp 34166 0 pmu 1023423 24482 8240908 7192328 46013723
1790955612.530003 W 276 lat 296 296 592 0 exe 16222 20222 104796 resp 105240 4 pmu 1023410 48530 8242873 6276495 51190517
1790955613.466003 W 277 lat 296 296 925 0 exe 16296 20370 101777 resp 102703 1 pmu 1023396 50246 8245173 6997393 51753707
1790955614.506004 W 278 lat 296 296 444 0 exe 16777 20648 116055 resp 116499 4 pmu 1023412 53185 8244129 6972642 52702199
1790955615.441989 W 279 lat 296 296 333 0 exe 16462 18851 55537 resp 55851 0 pmu 1023447 32896 8241488 7114280 47786426
1790955616.482001 W 280 lat 296 296 648 0 exe 16481 20388 105833 resp 106240 4 pmu 1023412 50479 8242701 6497314 51733633
1790955617.521978 W 281 lat 296 296 333 0 exe 16407 18518 33537 resp 33870 0 pmu 1023465 28851 8241992 7009960 46876269
1790955618.462004 W 282 lat 296 296 814 0 exe 16907 22425 111962 resp 112296 2 pmu 1023382 74284 8246002 6275416 57037683
1790955619.501978 W 283 lat 296 296 425 0 exe 16648 18296 32629 resp 32944 0 pmu 1023408 26084 8242138 7084094 46344639
1790955620.438005 W 284 lat 296 296 537 0 exe 16537 20148 115740 resp 116055 2 pmu 1023409 47896 8243100 6266700 51050254
1790955621.477978 W 285 lat 296 296 333 0 exe 16462 18240 34722 resp 35037 0 pmu 1023437 25699 8243440 7107082 46196889
1790955622.518003 W 286 lat 296 296 425 0 exe 16629 20388 111611 resp 111944 1 pmu 1023407 50241 8242006 6286004 51544965
1790955623.454002 W 287 lat 296 296 444 0 exe 16685 20222 104648 resp 105092 1 pmu 1023451 48559 8242449 7066914 51432666
1790955624.494003 W 288 lat 296 296 425 0 exe 16685 20814 111851 resp 112166 3 pmu 1023411 55058 8243273 6997528 53074389
1790955625.533980 W 289 lat 296 296 592 0 exe 16574 18425 35351 resp 35685 0 pmu 1023434 27770 8242796 7071792 46694790
1790955626.470005 W 290 lat 296 296 833 0 exe 16240 20277 123074 resp 123611 3 pmu 1023396 49205 8245452 6295371 51342358
1790955627.509979 W 291 lat 296 296 333 0 exe 16703 18740 33499 resp 33796 0 pmu 1023436 31149 8242390 7182240 47494333
1790955628.446006 W 292 lat 296 296 555 0 exe 16759 22388 106851 resp 107185 6 pmu 1023311 73524 8246111 6277424 56860493
