1790955341.447676 3104 2608 3057
1790955346.456641 3199 2668 3168
1790955351.464638 3304 2774 3241
1790955356.513325 3404 2876 3297
1790955361.521433 3503 2989 3375
1790955366.529434 3622 3129 3467
1790955371.537523 3734 3227 3540
1790955376.545746 3824 3318 3596
1790955381.553608 3930 3443 3676
1790955386.561535 4056 3585 3773
1790955391.569473 4154 3694 3847
1790955396.577271 4243 3787 3905
1790955401.585190 4354 3908 3986
1790955406.602487 4779 4593 4388
1790955411.634168 5437 5617 5038
1790955416.662896 6031 6590 5645
1790955421.698463 6726 7657 6359
1790955426.742360 7411 8718 7059
1790955431.782157 8203 9834 7844
1790955436.830477 8953 10894 8568
1790955441.858266 9619 11939 9256
1790955446.884732 10324 12963 9868
1790955451.926504 10913 13990 10500
1790955456.949605 11499 14995 10993
1790955461.994308 12210 16066 11678
1790955467.042405 12901 16810 12373
1790955472.078842 14174 18071 13634
1790955477.113506 15448 19332 14894
1790955482.150321 16722 20592 16157
1790955487.181223 17982 21854 17423
1790955492.222330 19257 23117 18686
1790955497.253290 20530 24378 19945
1790955502.294349 21806 25641 21208
1790955507.325268 23077 26904 22474
1790955512.361110 24352 28165 23733
1790955517.398335 25628 29426 24992
1790955522.429418 26900 30689 26249
1790955527.468784 27769 31548 27094
1790955532.486458 28989 32761 28307
1790955537.562682 30276 34035 29579
1790955542.623101 31554 35301 30845
1790955547.646437 32825 36559 32111
1790955552.670597 34096 37819 33373
1790955557.728252 35376 39087 34640
1790955562.777486 36654 40352 35902
1790955567.836577 37935 41624 37173
1790955572.899659 39211 42891 38440
1790955577.958333 40491 44156 39707
1790955582.994033 41767 45415 40968
1790955588.036927 42991 46629 42180
1790955593.044609 43083 46725 42244
1790955598.053016 43186 46824 42306
1790955603.101917 43268 46920 42363
