1790950062.088801 <missed 86770 bytes of console log>
1790950062.088894 irqs: 64, preallocated irqs: 0
1790950062.088920 Root IRQ handler: 0xffff800080010000
1790950062.088960 rcu: srcu_init: Setting srcu_struct sizes based on contention.
1790950062.088995 arch_timer: cp15 timer(s) running at 54.00MHz (virt).
1790950062.089044 clocksource: arch_sys_counter: mask: 0xffffffffffffff max_cycles: 0xc743ce346, max_idle_ns: 440795203123 ns
1790950062.089086 sched_clock: 56 bits at 54MHz, resolution 18ns, wraps every 4398046511102ns
1790950062.089112 printk: legacy console [hvc0] enabled
1790950062.089140 printk: legacy bootconsole [jailhouse0] disabled
1790950062.089186 Calibrating delay loop (skipped), value calculated using timer frequency.. 108.00 BogoMIPS (lpj=54000)
1790950062.089211 pid_max: default: 4096 minimum: 301
1790950062.089245 Mount-cache hash table entries: 512 (order: 0, 4096 bytes, linear)
1790950062.089282 Mountpoint-cache hash table entries: 512 (order: 0, 4096 bytes, linear)
1790950062.089312 cacheinfo: Unable to detect cache hierarchy for CPU 0
1790950062.089337 rcu: Hierarchical SRCU implementation.
1790950062.089363 rcu: 	Max phase no-delay instances is 400.
1790950062.089386 smp: Bringing up secondary CPUs ...
1790950062.089408 smp: Brought up 1 node, 1 CPU
1790950062.089432 SMP: Total of 1 processors activated.
1790950062.089458 CPU features: detected: 32-bit EL0 Support
1790950062.089497 CPU features: detected: Data cache clean to the PoU not required for I/D coherence
1790950062.089524 CPU features: detected: CRC32 instructions
1790950062.089552 CPU features: detected: RCpc load-acquire (LDAPR)
1790950062.089585 CPU features: detected: Speculative Store Bypassing Safe (SSBS)
1790950062.089616 spectre-bhb mitigation disabled by compile time option
1790950062.089638 CPU: All CPU(s) started at EL1
1790950062.089665 alternatives: applying system-wide alternatives
1790950062.089684 devtmpfs: initialized
1790950062.089727 clocksource: jiffies: mask: 0xffffffff max_cycles: 0xffffffff, max_idle_ns: 1911260446275000 ns
1790950062.089760 futex hash table entries: 16 (order: -2, 1024 bytes, linear)
1790950062.089794 DMA: preallocated 128 KiB GFP_KERNEL pool for atomic allocations
1790950062.089827 hw-breakpoint: found 6 breakpoint and 4 watchpoint registers.
1790950062.089855 ASID allocator initialised with 65536 entries
1790950062.089884 clocksource: Switched to clocksource arch_sys_counter
1790950062.089915 workingset: timestamp_bits=62 max_order=13 bucket_order=0
1790950062.089937 clk: Disabling unused clocks
1790950062.089960 Freeing unused kernel memory: 1728K
1790950062.089980 Run /init as init process
1790950062.090015 linux-guest: 6.6.78-rt51+, cyclictest windows of 1 s, deadline 100 us
1790950063.231311 L 1000 1 2 11 0
1790950064.275315 L 1000 1 1 7 0
1790950065.315319 L 1000 1 1 2 0
1790950066.355321 L 1000 1 1 9 0
1790950067.499291 L 1000 1 1 2 0
1790950068.240349 [MG] memguard_call 1000 1000 1 (CPU 0)
1790950068.242367 [MG] memguard_call 1000 1000 1 (CPU 1)
1790950068.242392 [MG] memguard_call 1000 1000 1 (CPU 2)
1790950068.549378 L 1000 1 1 9 0
1790950069.588352 L 1000 1 1 9 0
1790950070.628334 L 1000 1 1 9 0
1790950071.771307 L 1000 1 1 2 0
1790950072.816294 L 1000 1 1 2 0
1790950073.856277 L 1000 1 1 2 0
1790950074.897246 L 1000 1 1 8 0
1790950075.936261 L 1000 1 1 9 0
1790950077.081206 L 1000 1 1 10 0
1790950078.120198 L 1000 1 1 9 0
1790950079.161178 L 1000 1 1 10 0
1790950080.200191 L 1000 1 1 9 0
1790950081.345140 L 1000 1 1 8 0
1790950082.384117 L 1000 1 1 7 0
1790950083.425095 L 1000 1 1 7 0
1790950084.465129 L 1000 1 1 2 0
1790950085.615043 L 1000 1 1 11 0
1790950086.652049 L 1000 1 1 8 0
1790950087.694014 L 1000 1 1 8 0
1790950088.740993 L 1000 1 1 10 0
1790950089.889938 L 1000 1 1 9 0
1790950090.928935 L 1000 1 1 8 0
1790950091.967919 L 1000 1 1 10 0
1790950093.008894 L 1000 1 1 9 0
1790950094.152876 L 1000 1 1 9 0
1790950095.192861 L 1000 1 1 3 0
1790950096.231844 L 1000 1 1 9 0
1790950097.276832 L 1000 1 1 9 0
1790950098.419807 L 1000 1 1 11 0
1790950099.464790 L 1000 1 1 10 0
1790950100.503768 L 1000 1 1 9 0
1790950101.544744 L 1000 1 1 7 0
1790950102.583815 L 1000 1 1 9 0
1790950103.728701 L 1000 1 1 10 0
1790950104.768696 L 1000 1 1 10 0
1790950105.809676 L 1000 1 1 6 0
1790950106.847791 L 1000 1 1 2 0
1790950107.996650 L 1000 1 1 9 0
1790950109.040639 L 1000 1 1 10 0
1790950110.076623 L 1000 1 1 27 0
1790950111.116604 L 1000 1 1 9 0
1790950112.262566 L 1000 1 1 9 0
1790950113.300558 L 1000 1 1 8 0
1790950114.340538 L 1000 1 1 8 0
1790950115.380527 L 1000 1 1 9 0
1790950116.523505 L 1000 1 1 9 0
1790950117.568483 L 1000 1 1 9 0
1790950118.607474 L 1000 1 1 10 0
1790950119.648450 L 1000 1 1 10 0
1790950120.791434 L 1000 1 1 11 0
1790950121.832414 L 1000 1 1 8 0
1790950122.871395 L 1000 1 1 7 0
1790950123.912364 L 1000 1 1 2 0
1790950125.056354 L 1000 1 1 8 0
1790950126.096329 L 1000 1 1 9 0
1790950127.135311 L 1000 1 1 2 0
1790950128.180276 L 1000 1 1 6 0
1790950129.320274 L 1000 1 1 7 0
1790950130.365243 L 1000 1 1 8 0
1790950131.426209 L 1000 1 1 8 0
1790950132.487224 L 1000 1 1 8 0
1790950133.529207 L 1000 1 1 9 0
1790950134.573182 L 1000 1 1 2 0
1790950135.718165 L 1000 1 1 6 0
1790950136.766152 L 1000 1 2 8 0
1790950137.822146 L 1000 1 1 11 0
1790950138.887109 L 1000 1 1 9 0
1790950139.942105 L 1000 1 1 9 0
1790950140.989101 L 1000 1 1 5 0
1790950142.030063 L 1000 1 1 11 0
1790950143.173044 L 1000 1 1 11 0
1790950144.234026 L 1000 1 1 14 0
1790950145.276995 L 1000 1 2 25 0
1790950146.325976 L 1000 1 1 8 0
1790950147.360967 L 1000 1 1 8 0
1790950148.515937 L 1000 1 1 7 0
1790950149.564945 L 1000 1 1 10 0
1790950150.612926 L 1000 1 1 9 0
1790950151.673907 L 1000 1 1 9 0
1790950152.729900 L 1000 1 2 11 0
1790950153.801870 L 1000 1 1 3 0
1790950154.853837 L 1000 1 1 8 0
1790950155.897804 L 1000 1 1 3 0
1790950156.961807 L 1000 1 1 10 0
1790950158.113779 L 1000 1 1 10 0
1790950159.157772 L 1000 1 1 10 0
1790950160.213749 L 1000 1 1 19 0
1790950161.268735 L 1000 1 1 10 0
1790950162.309753 L 1000 1 1 8 0
1790950163.348788 L 1000 1 1 9 0
1790950164.492703 L 1000 1 1 3 0
1790950165.537679 L 1000 1 1 4 0
1790950166.584676 L 1000 1 1 8 0
1790950167.621666 L 1000 1 2 16 0
1790950168.779627 L 1000 1 1 29 0
1790950169.820616 L 1000 1 1 3 0
1790950170.861582 L 1000 1 1 7 0
1790950171.905568 L 1000 1 1 10 0
1790950172.943577 L 1000 1 1 9 0
1790950174.092545 L 1000 1 1 11 0
1790950175.146533 L 1000 1 1 9 0
1790950176.201495 L 1000 1 3 28 0
1790950177.240487 L 1000 1 1 9 0
1790950178.285450 L 1000 1 1 3 0
1790950179.430470 L 1000 1 1 11 0
1790950180.473448 L 1000 1 1 17 0
1790950181.517425 L 1000 1 1 9 0
1790950182.569445 L 1000 1 1 10 0
1790950183.717402 L 1000 1 1 43 0
1790950184.774349 L 1000 1 1 9 0
1790950185.834339 L 1000 1 1 10 0
1790950186.893320 L 1000 1 1 9 0
1790950187.953309 L 1000 1 1 9 0
1790950189.017287 L 1000 1 1 2 0
1790950190.073280 L 1000 1 1 3 0
1790950191.121305 L 1000 1 1 9 0
1790950192.169254 L 1000 1 1 9 0
1790950193.208322 L 1000 1 1 9 0
1790950194.382198 L 1000 1 1 10 0
1790950195.437222 L 1000 2 3 13 0
1790950196.522175 L 1000 1 3 11 0
1790950197.579156 L 1000 2 3 15 0
1790950198.641181 L 1000 2 3 6 0
1790950199.699122 L 1000 2 3 9 0
1790950200.751107 L 1000 2 3 6 0
1790950201.824110 L 1000 1 3 14 0
1790950202.898086 L 1000 1 3 16 0
1790950203.966067 L 1000 1 3 15 0
1790950205.038048 L 1000 2 3 15 0
1790950206.083073 L 1000 1 3 11 0
1790950207.127094 L 1000 1 3 11 0
1790950208.174058 L 1000 1 3 7 0
1790950209.323063 L 1000 1 3 6 0
1790950210.366012 L 1000 9 15 24 0
1790950211.419033 L 1000 1 3 12 0
1790950212.462009 L 1000 2 3 14 0
1790950213.522936 L 1000 1 3 14 0
1790950214.665914 L 1000 1 12 32 0
1790950215.709895 L 1000 2 3 7 0
1790950216.753880 L 1000 1 3 11 0
1790950217.797859 L 1000 2 3 12 0
1790950218.842882 L 1000 1 3 15 0
1790950219.989878 L 1000 2 3 14 0
1790950221.050800 L 1000 1 13 28 0
1790950222.086788 L 1000 1 3 11 0
1790950223.129787 L 1000 2 3 12 0
1790950224.178886 L 1000 1 3 5 0
1790950225.327765 L 1000 2 3 6 0
1790950226.388753 L 1000 1 3 14 0
1790950227.426750 L 1000 2 3 14 0
1790950228.485732 L 1000 1 3 11 0
1790950229.538739 L 1000 1 3 12 0
1790950230.700720 L 1000 2 3 15 0
1790950231.753707 L 1000 1 3 13 0
1790950232.790680 L 1000 2 3 6 0
1790950233.837681 L 1000 1 7 24 0
1790950234.881661 L 1000 1 3 10 0
1790950236.026649 L 1000 2 3 13 0
1790950237.069629 L 1000 2 3 11 0
1790950238.117601 L 1000 2 3 13 0
1790950239.165604 L 1000 1 3 13 0
1790950240.215571 L 1000 1 3 13 0
1790950241.366571 L 1000 1 3 16 0
1790950242.409562 L 1000 7 15 37 0
1790950243.455534 L 1000 1 3 14 0
1790950244.493513 L 1000 2 3 13 0
1790950245.645470 L 1000 1 3 13 0
1790950246.689486 L 1000 1 3 10 0
1790950247.726484 L 1000 2 3 14 0
1790950248.777455 L 1000 1 3 6 0
1790950249.814486 L 1000 2 3 12 0
1790950250.969446 L 1000 1 3 13 0
1790950252.010415 L 1000 2 3 12 0
1790950253.077349 L 1000 2 3 16 0
1790950254.101339 L 1000 1 3 11 0
1790950255.245331 L 1000 1 1 14 0
1790950256.284350 L 1000 1 1 2 0
1790950257.338303 L 1000 1 1 8 0
1790950258.393290 L 1000 1 2 12 0
1790950259.430313 L 1000 1 3 10 0
1790950260.485359 L 1000 1 2 27 0
1790950261.634280 L 1000 1 10 42 0
1790950262.685293 L 1000 1 3 27 0
1790950263.746283 L 1000 1 5 26 0
1790950264.814233 L 1000 1 3 24 0
1790950265.875183 L 1000 1 3 22 0
1790950266.939208 L 1000 1 3 22 0
1790950268.001151 L 1000 1 3 40 0
1790950269.038146 L 1000 1 4 35 0
1790950270.091199 L 1000 1 3 25 0
1790950271.254111 L 1000 1 2 24 0
1790950272.311124 L 1000 1 2 7 0
1790950273.370133 L 1000 1 2 5 0
1790950274.419073 L 1000 1 2 10 0
1790950275.475047 L 1000 1 2 16 0
1790950276.518033 L 1000 2 2 5 0
1790950277.666103 L 1000 3 14 34 0
1790950278.706056 L 1000 2 2 11 0
1790950279.747105 L 1000 2 2 5 0
1790950280.790062 L 1000 1 3 20 0
1790950281.838971 L 1000 1 2 10 0
1790950282.982001 L 1000 1 1 11 0
1790950284.029988 L 1000 1 2 5 0
1790950285.074041 L 1000 1 2 10 0
1790950286.113940 L 1000 1 3 10 0
1790950287.262968 L 1000 1 2 25 0
1790950288.314902 L 1000 1 3 28 0
1790950289.364870 L 1000 1 2 22 0
1790950290.402864 L 1000 1 4 28 0
1790950291.448982 L 1000 1 10 43 0
1790950292.605851 L 1000 1 7 30 0
1790950293.658877 L 1000 1 3 21 0
1790950294.741806 L 1000 1 3 25 0
1790950295.814825 L 1000 1 3 26 0
1790950296.785826 L 1000 1 3 26 0
1790950297.944867 L 1000 2 3 26 0
1790950298.998744 L 1000 1 2 30 0
1790950300.070801 L 1000 1 2 14 0
1790950301.158706 L 1000 2 2 13 0
1790950302.213712 L 1000 1 2 13 0
1790950303.246692 L 1000 2 2 20 0
1790950304.310672 L 1000 1 2 15 0
1790950305.357742 L 1000 1 2 14 0
1790950306.408703 L 1000 1 2 5 0
1790950307.553670 L 1000 1 3 13 0
1790950308.590655 L 1000 1 2 5 0
1790950309.650621 L 1000 1 2 16 0
1790950310.686615 L 1000 1 3 24 0
1790950311.734638 L 1000 1 4 28 0
1790950312.892573 L 1000 1 2 22 0
1790950313.943574 L 1000 1 2 12 0
1790950314.982625 L 1000 2 3 25 0
1790950316.037567 L 1000 1 3 24 0
1790950317.077519 L 1000 1 6 59 0
1790950318.216511 L 1000 1 1 19 0
1790950319.255489 L 1000 1 1 9 0
1790950319.812151 [MG] memguard_call 0 0 0 (CPU 0)
1790950319.813308 [MG] memguard_call 0 0 0 (CPU 1)
1790950319.813343 [MG] memguard_call 0 0 0 (CPU 2)
1790950319.813367 Closing cell "linux-guest"
1790950319.813398 [MG] Initializing memguard on CPU 3
1790950319.813426 [SMMUv2] Exiting SMMUv2 on cell 1
1790950319.813465 Page pool usage after cell destruction: mem 126/4061, remap 5/131072
1790950319.813494 [MG] Initializing memguard on CPU 3
1790950319.945818 [MG] Initializing memguard on CPU 3
1790950319.946950 [COL] Colored OP 0: PHYS 0x30000000 -> VIRT 0x30000000 (SIZE: 0x02000000, COL: 0x000000ff, extra: 0x0000000000000000)
1790950319.946981 [COL] Result: 0
1790950319.947007 [MG] Initializing memguard on CPU 3
1790950319.947030 Created cell "linux-guest"
1790950319.947065 Page pool usage after cell creation: mem 170/4061, remap 5/131072
