1790950068.078313 675342 662329 671101
1790950073.094257 675624 662572 671455
1790950078.215205 675827 662739 671689
1790950083.338084 676064 662953 671969
1790950088.465999 676269 663127 672215
1790950093.590911 676525 663324 672366
1790950098.713823 676756 663521 672555
1790950103.839720 677070 663689 672778
1790950108.966642 677308 663839 672998
1790950114.102527 677517 663985 673219
1790950119.234467 677754 664171 673524
1790950124.360381 677934 664336 673757
1790950129.488279 678148 664557 673997
1790950134.612202 679184 665170 674600
1790950139.759095 679627 665676 675492
1790950144.893025 680487 666080 675992
1790950150.044953 681061 666331 676946
1790950155.189871 681571 666825 677772
1790950160.399745 682529 667246 678237
1790950165.528703 683134 667484 679175
1790950170.670634 683624 667970 680023
1790950175.808513 684639 668501 680437
1790950180.963436 685223 668717 681424
1790950186.116352 685748 669160 682235
1790950191.268355 686722 669558 682635
1790950196.470243 687586 670394 683501
1790950201.910126 688961 671756 684857
1790950207.334003 690317 673105 686205
1790950212.734939 691689 674465 687569
1790950218.113986 693041 675801 688914
1790950223.640780 694417 677164 690280
1790950228.853722 695751 678487 691603
1790950234.313744 697131 679852 692976
1790950239.697607 698476 681197 694321
1790950245.126481 699842 682544 695674
1790950250.577469 701211 683909 697040
1790950255.965329 702226 684929 698063
1790950261.118238 703433 686096 699200
1790950266.522225 704786 687443 700548
1790950271.742152 706107 688747 701859
1790950277.138055 707468 690094 703211
1790950282.451031 708810 691427 704548
1790950287.813910 710166 692773 705893
1790950293.225831 711525 694122 707248
1790950298.602779 712887 695475 708602
1790950304.065759 714254 696829 709961
1790950309.412685 715610 698172 711309
1790950314.749574 716953 699505 712642
1790950320.150850 717815 700305 713472
