1790949552.632890 <missed 68604 bytes of console log>
1790949552.632978 irqs: 64, preallocated irqs: 0
1790949552.633006 Root IRQ handler: 0xffff800080010000
1790949552.633045 rcu: srcu_init: Setting srcu_struct sizes based on contention.
1790949552.633081 arch_timer: cp15 timer(s) running at 54.00MHz (virt).
1790949552.633129 clocksource: arch_sys_counter: mask: 0xffffffffffffff max_cycles: 0xc743ce346, max_idle_ns: 440795203123 ns
1790949552.633168 sched_clock: 56 bits at 54MHz, resolution 18ns, wraps every 4398046511102ns
1790949552.633197 printk: legacy console [hvc0] enabled
1790949552.633225 printk: legacy bootconsole [jailhouse0] disabled
1790949552.633271 Calibrating delay loop (skipped), value calculated using timer frequency.. 108.00 BogoMIPS (lpj=54000)
1790949552.633297 pid_max: default: 4096 minimum: 301
1790949552.633331 Mount-cache hash table entries: 512 (order: 0, 4096 bytes, linear)
1790949552.633367 Mountpoint-cache hash table entries: 512 (order: 0, 4096 bytes, linear)
1790949552.633398 cacheinfo: Unable to detect cache hierarchy for CPU 0
1790949552.633423 rcu: Hierarchical SRCU implementation.
1790949552.633448 rcu: 	Max phase no-delay instances is 400.
1790949552.633472 smp: Bringing up secondary CPUs ...
1790949552.633493 smp: Brought up 1 node, 1 CPU
1790949552.633518 SMP: Total of 1 processors activated.
1790949552.633543 CPU features: detected: 32-bit EL0 Support
1790949552.633582 CPU features: detected: Data cache clean to the PoU not required for I/D coherence
1790949552.633610 CPU features: detected: CRC32 instructions
1790949552.633638 CPU features: detected: RCpc load-acquire (LDAPR)
1790949552.633671 CPU features: detected: Speculative Store Bypassing Safe (SSBS)
1790949552.633702 spectre-bhb mitigation disabled by compile time option
1790949552.633724 CPU: All CPU(s) started at EL1
1790949552.633751 alternatives: applying system-wide alternatives
1790949552.633770 devtmpfs: initialized
1790949552.633813 clocksource: jiffies: mask: 0xffffffff max_cycles: 0xffffffff, max_idle_ns: 1911260446275000 ns
1790949552.633847 futex hash table entries: 16 (order: -2, 1024 bytes, linear)
1790949552.633881 DMA: preallocated 128 KiB GFP_KERNEL pool for atomic allocations
1790949552.633914 hw-breakpoint: found 6 breakpoint and 4 watchpoint registers.
1790949552.633941 ASID allocator initialised with 65536 entries
1790949552.633971 clocksource: Switched to clocksource arch_sys_counter
1790949552.634002 workingset: timestamp_bits=62 max_order=13 bucket_order=0
1790949552.634024 clk: Disabling unused clocks
1790949552.634047 Freeing unused kernel memory: 1728K
1790949552.634067 Run /init as init process
1790949552.634102 linux-guest: 6.6.78-rt51+, cyclictest windows of 1 s, deadline 100 us
1790949553.779325 L 1000 1 2 14 0
1790949554.819315 L 1000 1 1 11 0
1790949555.859294 L 1000 1 1 2 0
1790949556.899314 L 1000 1 1 12 0
1790949558.043292 L 1000 1 1 3 0
1790949558.771297 [MG] memguard_call 1000 20000 1 (CPU 0)
1790949558.771357 [MG] memguard_call 1000 20000 1 (CPU 1)
1790949558.771383 [MG] memguard_call 1000 20000 1 (CPU 2)
1790949559.083296 L 1000 1 1 9 0
1790949560.123297 L 1000 1 1 8 0
1790949561.163317 L 1000 1 1 10 0
1790949562.307285 L 1000 1 1 8 0
1790949563.347287 L 1000 1 1 5 0
1790949564.387312 L 1000 1 1 9 0
1790949565.427286 L 1000 1 1 13 0
1790949566.471638 L 1000 1 1 8 0
1790949567.615292 L 1000 1 1 9 0
1790949568.659283 L 1000 1 1 7 0
1790949569.699310 L 1000 1 1 8 0
1790949570.739312 L 1000 1 1 8 0
1790949571.883284 L 1000 1 1 12 0
1790949572.923299 L 1000 1 1 9 0
1790949573.963307 L 1000 1 1 8 0
1790949575.003312 L 1000 1 1 7 0
1790949576.147316 L 1000 1 1 2 0
1790949577.187314 L 1000 1 1 7 0
1790949578.227294 L 1000 1 1 9 0
1790949579.267314 L 1000 1 1 4 0
1790949580.411320 L 1000 1 1 8 0
1790949581.451283 L 1000 1 1 8 0
1790949582.491300 L 1000 1 1 3 0
1790949583.531269 L 1000 1 1 2 0
1790949584.679304 L 1000 1 1 10 0
1790949585.719278 L 1000 1 1 9 0
1790949586.759296 L 1000 1 1 4 0
1790949587.799271 L 1000 1 1 7 0
1790949588.943298 L 1000 1 1 6 0
1790949589.983280 L 1000 1 1 3 0
1790949591.023306 L 1000 1 1 6 0
1790949592.063272 L 1000 1 1 6 0
1790949593.211297 L 1000 1 1 6 0
1790949594.255295 L 1000 1 1 8 0
1790949595.295294 L 1000 1 1 9 0
1790949596.335274 L 1000 1 1 8 0
1790949597.375300 L 1000 1 1 7 0
1790949598.519294 L 1000 1 1 2 0
1790949599.563300 L 1000 1 1 7 0
1790949600.603300 L 1000 1 1 3 0
1790949601.643306 L 1000 1 1 6 0
1790949602.787297 L 1000 1 1 5 0
1790949603.827305 L 1000 1 1 2 0
1790949604.867308 L 1000 1 1 4 0
1790949605.907281 L 1000 1 1 6 0
1790949607.051298 L 1000 1 1 6 0
1790949608.091277 L 1000 1 1 6 0
1790949609.131335 L 1000 1 1 4 0
1790949610.171279 L 1000 1 1 7 0
1790949611.315296 L 1000 1 1 7 0
1790949612.355283 L 1000 1 1 2 0
1790949613.395301 L 1000 1 1 8 0
1790949614.435300 L 1000 1 1 5 0
1790949615.579303 L 1000 1 1 4 0
1790949616.619310 L 1000 1 1 6 0
1790949617.659285 L 1000 1 1 6 0
1790949618.699298 L 1000 1 1 4 0
1790949619.739290 L 1000 1 1 3 0
1790949620.887400 L 1000 1 1 5 0
1790949621.939328 L 1000 1 4 48 0
1790949622.983354 L 1000 1 3 25 0
1790949624.035698 L 1000 1 7 36 0
1790949625.191498 L 1000 1 6 46 0
1790949626.243594 L 1000 1 4 25 0
1790949627.295350 L 1000 1 9 37 0
1790949628.343362 L 1000 1 8 33 0
1790949629.399695 L 1000 1 6 42 0
1790949630.555414 L 1000 1 6 43 0
1790949631.603319 L 1000 1 6 28 0
1790949632.651315 L 1000 1 10 47 0
1790949633.699710 L 1000 1 11 29 0
1790949634.855485 L 1000 1 10 55 0
1790949635.899618 L 1000 1 8 47 0
1790949636.947557 L 1000 1 8 38 0
1790949638.103357 L 1000 1 10 43 0
1790949639.155323 L 1000 1 3 29 0
1790949640.203306 L 1000 1 2 30 0
1790949641.251311 L 1000 1 2 26 0
1790949642.299541 L 1000 1 3 26 0
1790949643.451600 L 1000 1 10 32 0
1790949644.495316 L 1000 1 4 26 0
1790949645.547317 L 1000 1 7 37 0
1790949646.595312 L 1000 1 5 56 0
1790949647.651385 L 1000 1 4 23 0
1790949648.803488 L 1000 1 10 34 0
1790949649.851687 L 1000 1 5 29 0
1790949650.895315 L 1000 1 9 36 0
1790949651.947342 L 1000 1 8 28 0
1790949653.107407 L 1000 1 4 25 0
1790949654.155551 L 1000 1 9 25 0
1790949655.199448 L 1000 1 5 24 0
1790949656.247529 L 1000 1 8 29 0
1790949657.307494 L 1000 1 6 34 0
1790949658.459419 L 1000 1 6 38 0
1790949659.519433 L 1000 1 3 31 0
1790949660.563622 L 1000 1 7 27 0
1790949661.611539 L 1000 1 6 34 0
1790949662.659604 L 1000 1 10 28 0
1790949663.815632 L 1000 1 5 43 0
1790949664.867434 L 1000 1 8 41 0
1790949665.915323 L 1000 1 3 26 0
1790949666.967649 L 1000 1 6 25 0
1790949668.015587 L 1000 1 6 40 0
1790949669.171454 L 1000 1 9 25 0
1790949670.215629 L 1000 1 4 36 0
1790949671.267580 L 1000 1 10 39 0
1790949672.315324 L 1000 1 3 26 0
1790949673.467516 L 1000 1 3 29 0
1790949674.515493 L 1000 1 11 49 0
1790949675.563567 L 1000 1 9 36 0
1790949676.615492 L 1000 1 7 34 0
1790949677.671513 L 1000 1 9 39 0
1790949678.831323 L 1000 1 9 36 0
1790949679.883508 L 1000 1 5 28 0
1790949680.935299 L 1000 1 10 49 0
1790949681.975305 L 1000 1 1 8 0
1790949683.131534 L 1000 1 4 29 0
1790949684.187504 L 1000 10 23 49 0
1790949685.231545 L 1000 12 22 43 0
1790949686.275670 L 1000 10 24 46 0
1790949687.427506 L 1000 6 22 49 0
1790949688.467563 L 1000 8 23 45 0
1790949689.615545 L 1000 10 22 44 0
1790949690.655545 L 1000 7 22 42 0
1790949691.695561 L 1000 11 23 52 0
1790949692.847519 L 1000 13 23 41 0
1790949693.891551 L 1000 5 23 47 0
1790949694.935756 L 1000 14 23 51 0
1790949696.079528 L 1000 13 22 50 0
1790949697.123506 L 1000 7 23 41 0
1790949698.271436 L 1000 6 19 50 0
1790949699.307551 L 1000 10 22 37 0
1790949700.347744 L 1000 7 22 45 0
1790949701.499540 L 1000 7 23 50 0
1790949702.543544 L 1000 10 23 40 0
1790949703.587741 L 1000 12 23 50 0
1790949704.735552 L 1000 6 22 46 0
1790949705.779415 L 1000 8 23 46 0
1790949706.923523 L 1000 7 23 39 0
1790949707.967574 L 1000 6 21 44 0
1790949709.007537 L 1000 6 23 46 0
1790949710.151522 L 1000 13 23 46 0
1790949711.191560 L 1000 9 23 47 0
1790949712.335528 L 1000 6 22 57 0
1790949713.379555 L 1000 7 23 49 0
1790949714.419553 L 1000 5 23 43 0
1790949715.563527 L 1000 7 22 44 0
1790949716.607545 L 1000 5 23 44 0
1790949717.751552 L 1000 12 22 31 0
1790949718.791521 L 1000 11 23 45 0
1790949719.831549 L 1000 7 23 54 0
1790949720.979533 L 1000 10 23 45 0
1790949722.019529 L 1000 7 22 48 0
1790949723.059556 L 1000 8 23 50 0
1790949724.208112 L 1000 7 22 44 0
1790949725.247531 L 1000 7 23 42 0
1790949726.395542 L 1000 6 23 47 0
1790949727.435506 L 1000 7 22 50 0
1790949728.475617 L 1000 5 23 43 0
1790949729.619534 L 1000 12 23 43 0
1790949730.663530 L 1000 7 22 53 0
1790949731.807523 L 1000 8 22 46 0
1790949732.847526 L 1000 12 23 51 0
1790949733.891703 L 1000 6 23 48 0
1790949735.035514 L 1000 7 23 45 0
1790949736.075551 L 1000 7 23 47 0
1790949737.227551 L 1000 8 22 48 0
1790949738.267578 L 1000 13 23 45 0
1790949739.311564 L 1000 8 23 47 0
1790949740.455544 L 1000 10 22 50 0
1790949741.495550 L 1000 6 23 51 0
1790949742.543777 L 1000 7 22 45 0
1790949743.687293 L 1000 1 6 42 0
1790949744.727347 L 1000 1 1 5 0
1790949745.771512 L 1000 1 20 53 0
1790949746.915800 L 1000 5 34 55 0
1790949747.955381 L 1000 1 30 78 0
1790949748.999863 L 1000 1 23 54 0
1790949750.143612 L 1000 1 22 56 0
1790949751.183757 L 1000 1 12 48 0
1790949752.331810 L 1000 5 28 62 0
1790949753.371728 L 1000 5 30 54 0
1790949754.515689 L 1000 1 18 47 0
1790949755.555598 L 1000 1 22 63 0
1790949756.603815 L 1000 1 14 37 0
1790949757.747805 L 1000 3 29 66 0
1790949758.807596 L 1000 5 28 65 0
1790949759.879739 L 1000 1 19 68 0
1790949760.943589 L 1000 1 24 46 0
1790949762.095677 L 1000 1 16 51 0
1790949763.147442 L 1000 3 26 46 0
1790949764.199854 L 1000 1 24 52 0
1790949765.367780 L 1000 1 20 81 0
1790949766.419759 L 1000 3 25 48 0
1790949767.467691 L 1000 1 18 72 0
1790949768.523746 L 1000 1 20 43 0
1790949769.675904 L 1000 3 31 54 0
1790949770.723476 L 1000 1 22 63 0
1790949771.883545 L 1000 2 23 56 0
1790949772.939573 L 1000 1 20 67 0
1790949774.007495 L 1000 1 21 56 0
1790949775.051823 L 1000 3 31 51 0
1790949776.195594 L 1000 1 22 73 0
1790949777.235733 L 1000 1 22 49 0
1790949778.395641 L 1000 1 19 59 0
1790949779.439734 L 1000 1 18 46 0
1790949780.499722 L 1000 3 30 52 0
1790949781.651720 L 1000 2 21 71 0
1790949782.695682 L 1000 1 22 54 0
1790949783.747683 L 1000 1 18 54 0
1790949784.911407 L 1000 1 20 50 0
1790949785.959867 L 1000 4 28 49 0
1790949787.003793 L 1000 2 19 78 0
1790949788.171555 L 1000 2 21 41 0
1790949789.231685 L 1000 1 19 46 0
1790949790.299451 L 1000 1 20 41 0
1790949791.347849 L 1000 9 33 56 0
1790949792.503664 L 1000 1 17 69 0
1790949793.551613 L 1000 2 22 39 0
1790949794.607689 L 1000 1 16 39 0
1790949795.663725 L 1000 1 23 51 0
1790949796.831420 L 1000 7 33 53 0
1790949797.891547 L 1000 1 15 80 0
1790949798.935425 L 1000 3 25 63 0
1790949800.079516 L 1000 1 16 35 0
1790949801.123866 L 1000 1 19 42 0
1790949802.163742 L 1000 6 35 56 0
1790949803.311326 L 1000 1 16 67 0
1790949804.351598 L 1000 2 25 47 0
1790949805.391294 L 1000 1 8 56 0
1790949806.535289 L 1000 1 1 6 0
1790949806.976054 [MG] memguard_call 0 0 0 (CPU 0)
1790949806.976135 [MG] memguard_call 0 0 0 (CPU 1)
1790949806.976162 [MG] memguard_call 0 0 0 (CPU 2)
1790949806.976185 Closing cell "linux-guest"
1790949806.976224 [MG] Initializing memguard on CPU 3
1790949806.976255 [SMMUv2] Exiting SMMUv2 on cell 1
1790949806.976425 Page pool usage after cell destruction: mem 126/4061, remap 5/131072
1790949806.976459 [MG] Initializing memguard on CPU 3
1790949807.101993 [MG] Initializing memguard on CPU 3
1790949807.102073 [MG] Initializing memguard on CPU 3
1790949807.102107 Created cell "linux-guest"
1790949807.102194 Page pool usage after cell creation: mem 138/4061, remap 5/131072
1790949807.102333 [MG] Initializing memguard on CPU 3
1790949807.102379 Cell "linux-guest" can be loaded
