1790949558.622695 594087 583283 588792
1790949563.631392 594189 583377 588892
1790949568.639799 594288 583491 588996
1790949573.648206 594360 583580 589075
1790949578.656602 594427 583663 589187
1790949583.664656 594510 583717 589312
1790949588.673428 594605 583792 589449
1790949593.684560 594691 583837 589566
1790949598.694250 594791 583898 589688
1790949603.702722 594909 583952 589768
1790949608.710895 595044 584008 589835
1790949613.718997 595173 584042 589906
1790949618.727109 595288 584092 590036
1790949623.735847 595634 584458 590450
1790949628.780383 596208 585257 591066
1790949633.827446 596826 585986 591746
1790949638.855793 597384 586818 592398
1790949643.867692 597818 587379 593009
1790949648.883416 598351 588090 593631
1790949653.955557 598950 588819 594320
1790949658.971830 599531 589529 594926
1790949664.003614 600129 590237 595583
1790949669.027849 600684 590935 596172
1790949674.055617 601194 591586 596808
1790949679.083854 601810 592347 597491
1790949684.111690 602421 592944 598148
1790949689.150974 603692 594204 599409
1790949694.187064 604964 595465 600674
1790949699.227673 606238 596725 601939
1790949704.264325 607507 597988 603202
1790949709.302588 608776 599248 604466
1790949714.343623 610054 600512 605730
1790949719.379662 611325 601772 606995
1790949724.410928 612594 603032 608261
1790949729.446996 613867 604293 609523
1790949734.478776 615139 605554 610788
1790949739.528348 616410 606817 612054
1790949744.561867 617264 607656 612920
1790949749.575736 618500 608880 614151
1790949754.633651 619777 610147 615420
1790949759.693131 621053 611410 616688
1790949764.729050 622323 612672 617954
1790949769.770282 623594 613940 619221
1790949774.832074 624875 615205 620490
1790949779.897945 626157 616471 621762
1790949784.957153 627429 617735 623030
1790949789.995964 628702 618994 624296
1790949795.029459 629973 620254 625563
1790949800.076193 631246 621516 626827
1790949805.108721 632474 622725 628046
