1790956398.775329 <missed 159 bytes of console log>
1790956398.775406 essors:
1790956398.775435  CPU 0... [MG] Initializing memguard on CPU 0
1790956398.775449 OK
1790956398.775474  CPU 3... [MG] Initializing memguard on CPU 3
1790956398.775487 OK
1790956398.775511  CPU 2... [MG] Initializing memguard on CPU 2
1790956398.775523 OK
1790956398.775548  CPU 1... [MG] Initializing memguard on CPU 1
1790956398.775560 OK
1790956398.775578 Initializing unit: irqchip
1790956398.775603 Initializing unit: Cache Coloring (Aarch64)
1790956398.775624 [COL] 	L1 Cache Type: I+D Split
1790956398.775646 [COL] 		Total size: 65536
1790956398.775663 [COL] 		Line size: 64
1790956398.775680 [COL] 		Assoc.: 4
1790956398.775697 [COL] 		Num. sets: 256
1790956398.775717 [COL] 		Total size (I): 65536
1790956398.775736 [COL] 		Line size (I): 64
1790956398.775753 [COL] 		Assoc. (I): 4
1790956398.775772 [COL] 		Num. sets (I): 256
1790956398.775792 [COL] 	L2 Cache Type: Unified
1790956398.775811 [COL] 		Total size: 524288
1790956398.775829 [COL] 		Line size: 64
1790956398.775845 [COL] 		Assoc.: 8
1790956398.775863 [COL] 		Num. sets: 1024
1790956398.775880 [COL] 		Num. colors: 16
1790956398.775900 [COL] 	L3 Cache Type: Unified
1790956398.775920 [COL] 		Total size: 2097152
1790956398.775937 [COL] 		Line size: 64
1790956398.775953 [COL] 		Assoc.: 16
1790956398.775971 [COL] 		Num. sets: 2048
1790956398.775989 [COL] 		Num. colors: 32
1790956398.776010 [COL] 	L4 Cache Type: Not present
1790956398.776032 [COL] 	L5 Cache Type: Not present
1790956398.776054 [COL] 	L6 Cache Type: Not present
1790956398.776075 [COL] 	L7 Cache Type: Not present
1790956398.776100 [COL] 	NOTE: L3 Cache selected for coloring.
1790956398.776121 Initializing unit: ARM SMMU v2
1790956398.776141 Initializing unit: ARM SMMU v3
1790956398.776161 Initializing unit: PVU IOMMU
1790956398.776179 Initializing unit: PCI
1790956398.776212 Page pool usage after late setup: mem 77/4061, remap 5/131072
1790956398.776232 Activating hypervisor
1790956398.776254 [MG] Initializing memguard on CPU 3
1790956398.776303 [COL] Colored OP 0: PHYS 0x30000000 -> VIRT 0x00000000 (SIZE: 0x00400000, COL: 0x000000ff, extra: 0x0000000000000000)
1790956398.776328 [COL] Result: 0
1790956398.776350 [MG] Initializing memguard on CPU 3
1790956398.776369 Created cell "rt-bench"
1790956398.776400 Page pool usage after cell creation: mem 98/4061, remap 5/131072
1790956398.776450 [COL] Colored OP 3: PHYS 0x30000000 -> VIRT 0x00000000 (SIZE: 0x00400000, COL: 0x000000ff, extra: 0x0000000000000000)
1790956398.776474 [MG] Initializing memguard on CPU 3
1790956398.776490 [COL] Result: 0
1790956398.776510 Cell "rt-bench" can be loaded
1790956398.776558 [COL] Colored OP 2: PHYS 0x30000000 -> VIRT 0x00000000 (SIZE: 0x00400000, COL: 0x000000ff, extra: 0x0000000000000000)
1790956398.776593 [COL] Result: 0
1790956398.776645 [COL] Colored OP 4: PHYS 0x30000000 -> VIRT 0x00000000 (SIZE: 0x00400000, COL: 0x000000ff, extra: 0x0000000000000001)
1790956398.776663 [COL] Result: 0
1790956398.776681 Started cell "rt-bench"
1790956398.776704 [MG] Initializing memguard on CPU 3
1790956398.776731 rt-bench: ws 768 KB, 1024 loads/period, window 1000
1790956399.816666 W 0 lat 296 296 981 0 exe 16648 23777 129037 resp 129574 26 pmu 1023452 86247 8244622 5307551 60791959
1790956400.752651 W 1 lat 277 296 1074 0 exe 17018 25092 176407 resp 177351 12 pmu 1023409 103463 8251593 7262306 64857222
1790956401.792614 W 2 lat 277 296 351 0 exe 16703 18518 40111 resp 40425 0 pmu 1023523 28663 8243169 7746758 47258257
1790956402.832653 W 3 lat 296 296 425 0 exe 16962 21870 114907 resp 115222 4 pmu 1023443 67554 8247069 6342428 55421027
1790956403.768615 W 4 lat 296 296 333 0 exe 16962 18666 40185 resp 40499 0 pmu 1023500 30297 8241960 7108926 47253465
1790956404.808702 W 5 lat 296 296 574 0 exe 16981 21462 126055 resp 126629 3 pmu 1023466 62487 8243012 6345163 54308667
1790956405.744654 W 6 lat 296 296 1074 0 exe 16833 24296 116277 resp 116648 10 pmu 1023302 95306 8246754 7220619 63065637
1790956406.788650 W 7 lat 296 296 518 0 exe 16888 21296 111777 resp 112166 5 pmu 1023468 61063 8250575 7137828 54430771
1790956407.828620 W 8 lat 296 296 333 0 exe 16759 18537 41925 resp 42222 0 pmu 1023543 29422 8248488 7075346 46950448
1790956408.764648 W 9 lat 296 296 685 0 exe 16407 20888 113962 resp 114351 4 pmu 1023433 56319 8249153 6360877 52961644
1790956409.804660 W 10 lat 296 296 333 0 exe 16574 18314 37111 resp 37425 0 pmu 1023511 26580 8245060 7093538 46453416
1790956410.740649 W 11 lat 296 296 499 0 exe 16981 22796 114685 resp 114999 6 pmu 1023389 78634 8251678 6310705 57970451
1790956411.780621 W 12 lat 296 296 499 0 exe 16537 18425 36722 resp 37055 0 pmu 1023536 27943 8250080 7111998 46706326
1790956412.824649 W 13 lat 296 296 462 0 exe 16666 20962 115074 resp 115537 4 pmu 1023486 56874 8249768 6308247 53102406
1790956413.760656 W 14 lat 296 296 499 0 exe 16574 20703 116722 resp 117222 3 pmu 1023544 54233 8245471 7105649 52834757
1790956414.800654 W 15 lat 296 296 444 0 exe 16518 21277 109092 resp 109407 5 pmu 1023505 60802 8246215 7120745 54319680
1790956415.840625 W 16 lat 296 296 722 0 exe 16425 20592 102740 resp 103166 1 pmu 1023499 53053 8247468 7045646 52417429
1790956416.776650 W 17 lat 296 296 833 0 exe 16796 21425 113407 resp 114240 4 pmu 1023424 62271 8247890 6980309 54649382
1790956417.816619 W 18 lat 296 296 333 0 exe 16518 18444 38277 resp 38592 0 pmu 1023544 28037 8243865 7095544 46689290
1790956418.756648 W 19 lat 296 296 592 0 exe 16648 20648 116999 resp 117425 5 pmu 1023469 53452 8244236 6322888 52282472
1790956419.796679 W 20 lat 296 296 333 0 exe 16574 18333 35703 resp 36018 0 pmu 1023503 26732 8241296 7123681 46465320
1790956420.836651 W 21 lat 296 296 666 0 exe 16629 23148 121259 resp 121592 5 pmu 1023427 82306 8249273 6296777 58896220
1790956421.772620 W 22 lat 296 296 333 0 exe 16518 18999 38222 resp 38537 0 pmu 1023523 34039 8247945 7178642 48082872
1790956422.812649 W 23 lat 296 296 518 0 exe 16611 20777 132796 resp 133111 6 pmu 1023427 53886 8242553 6325102 52536040
1790956423.748626 W 24 lat 296 296 333 0 exe 16833 19055 35055 resp 35370 0 pmu 1023497 34781 8247316 7281119 48322429
1790956424.788648 W 25 lat 296 296 703 0 exe 16759 21037 113407 resp 113796 4 pmu 1023436 57713 8245227 6295257 53208595
1790956425.828668 W 26 lat 296 314 6037 0 exe 16648 25259 449722 resp 453666 6 pmu 1023411 97204 8248590 7090743 64680260
1790956426.768648 W 27 lat 296 296 888 0 exe 16833 20851 109333 resp 109777 5 pmu 1023428 55340 8245707 10518918 55314414
1790956427.808655 W 28 lat 296 296 2759 0 exe 16574 20518 271370 resp 272277 4 pmu 1023528 46303 8245972 7050533 52224082
1790956428.744650 W 29 lat 296 296 407 0 exe 16407 21129 106685 resp 106999 4 pmu 1023437 58819 8248368 8679657 54942731
1790956429.784621 W 30 lat 296 296 333 0 exe 16666 18481 35740 resp 36055 0 pmu 1023509 28236 8249689 7020330 46764515
1790956430.828647 W 31 lat 296 296 722 0 exe 16518 23092 121407 resp 121722 6 pmu 1023423 81033 8251059 6298390 58664180
1790956431.764622 W 32 lat 296 296 333 0 exe 16703 18444 33240 resp 33555 0 pmu 1023533 27937 8244608 7179251 46789354
1790956432.808649 W 33 lat 296 296 351 0 exe 16851 20796 107925 resp 108240 4 pmu 1023472 55034 8246070 6273458 52647595
1790956433.744625 W 34 lat 296 296 425 0 exe 16722 19037 42481 resp 42796 0 pmu 1023524 34924 8249087 7032908 48161143
1790956434.784650 W 35 lat 296 296 499 0 exe 16611 20722 121925 resp 122407 4 pmu 1023468 54222 8248181 6369257 52554375
1790956435.824647 W 36 lat 296 296 462 0 exe 16648 20740 98148 resp 98574 0 pmu 1023474 54428 8244215 7172906 52824657
1790956436.760648 W 37 lat 296 296 499 0 exe 16888 20981 107851 resp 108351 3 pmu 1023484 57270 8250564 6934917 53461592
1790956437.800621 W 38 lat 296 296 333 0 exe 16796 18740 36259 resp 36574 0 pmu 1023548 31516 8249632 7034976 47426551
1790956438.736648 W 39 lat 296 296 425 0 exe 16388 20518 105851 resp 106166 3 pmu 1023484 51841 8246889 6305678 51947067
1790956439.776625 W 40 lat 296 296 333 0 exe 16592 18722 37740 resp 38055 0 pmu 1023565 31548 8251348 7008817 47391507
1790956440.816661 W 41 lat 296 296 1055 0 exe 17129 31851 178259 resp 178666 21 pmu 1023011 181441 8246574 6319285 83182690
1790956441.752622 W 42 lat 296 296 333 0 exe 16370 19148 41981 resp 42296 0 pmu 1023551 36044 8248853 7796953 48867336
1790956442.792651 W 43 lat 296 296 499 0 exe 16722 20722 114240 resp 114648 5 pmu 1023491 54304 8248565 6362727 52534424
1790956443.832621 W 44 lat 296 296 333 0 exe 16777 18537 33462 resp 33759 0 pmu 1023526 29110 8248412 7096197 46930358
1790956444.768650 W 45 lat 296 296 518 0 exe 16907 20944 106166 resp 106518 3 pmu 1023485 57192 8251594 6276457 53013370
1790956445.808649 W 46 lat 296 296 481 0 exe 16870 21037 108611 resp 108925 1 pmu 1023468 57638 8246653 7017370 53470117
1790956446.744649 W 47 lat 296 296 481 0 exe 16629 20870 106537 resp 106981 3 pmu 1023453 56022 8246139 7041698 53239314
1790956447.784619 W 48 lat 296 296 333 0 exe 16407 18518 31870 resp 32203 0 pmu 1023539 28582 8245277 7019541 46819293
1790956448.824649 W 49 lat 296 296 481 0 exe 16685 20814 121814 resp 122129 5 pmu 1023445 54372 8245560 6258645 52645491
1790956449.760619 W 50 lat 296 296 333 0 exe 16629 18574 36351 resp 36648 0 pmu 1023554 29525 8247068 7171647 47087620
1790956450.800647 W 51 lat 296 296 555 0 exe 16925 22851 117629 resp 117999 2 pmu 1023414 78948 8250330 6304786 58137281
1790956451.736624 W 52 lat 296 296 333 0 exe 16388 18870 42055 resp 42370 0 pmu 1023514 32675 8248940 7141925 47771478
1790956452.776649 W 53 lat 296 296 629 0 exe 16759 20944 107425 resp 107759 5 pmu 1023482 56866 8249445 6362127 53040406
1790956453.816622 W 54 lat 296 296 333 0 exe 16740 18537 36092 resp 36407 0 pmu 1023509 28653 8242126 7029721 46900071
1790956454.752649 W 55 lat 296 296 351 0 exe 16870 20666 105481 resp 105833 4 pmu 1023479 53423 8242988 6302528 52286929
1790956455.792652 W 56 lat 296 296 351 0 exe 16648 21018 108685 resp 109037 2 pmu 1023484 57252 8247230 7008083 53331938
1790956456.728649 W 57 lat 296 296 462 0 exe 16759 21018 114407 resp 114777 2 pmu 1023474 57822 8250131 7040705 53706326
1790956457.768627 W 58 lat 296 296 333 0 exe 16703 18962 40537 resp 40851 0 pmu 1023516 33750 8244240 7099195 47962143
1790956458.808650 W 59 lat 296 296 1203 0 exe 16814 22111 162222 resp 162907 5 pmu 1023446 69645 8248128 6348928 56040984
1790956459.744624 W 60 lat 296 296 333 0 exe 16444 18388 33611 resp 33907 0 pmu 1023552 27223 8249353 7588310 46836234
1790956460.784662 W 61 lat 296 296 777 0 exe 16666 26685 141814 resp 142537 6 pmu 1023313 123223 8249762 6275429 68381240
1790956461.824658 W 62 lat 296 296 666 0 exe 16518 24333 109314 resp 109648 13 pmu 1023220 96396 8247743 7404671 63481529
1790956462.764649 W 63 lat 296 296 518 0 exe 16648 20925 129944 resp 130259 3 pmu 1023423 56431 8247519 7064579 53470178
1790956463.804619 W 64 lat 296 296 351 0 exe 16685 18648 36962 resp 37259 0 pmu 1023441 30249 8242506 7253615 47324132
1790956464.740648 W 65 lat 296 296 407 0 exe 16685 21296 111999 resp 112388 2 pmu 1023389 60923 8246183 6311559 53919759
1790956465.784647 W 66 lat 296 296 611 0 exe 16777 20777 95759 resp 96074 0 pmu 1023444 55173 8245024 7076037 52854612
1790956466.824645 W 67 lat 296 296 518 0 exe 16740 21074 115018 resp 115370 3 pmu 1023410 57943 8244809 6912178 53634694
1790956467.760619 W 68 lat 296 296 333 0 exe 16685 18555 32481 resp 32796 0 pmu 1023445 29066 8244103 7105654 46971254
1790956468.800648 W 69 lat 296 296 518 0 exe 16759 21018 118351 resp 118759 4 pmu 1023413 57520 8242639 6266306 53229173
1790956469.736624 W 70 lat 296 296 333 0 exe 16722 19018 40944 resp 41259 0 pmu 1023523 34886 8249850 7139147 48189607
1790956470.776647 W 71 lat 296 296 611 0 exe 16962 23037 107814 resp 108370 7 pmu 1023389 81059 8248097 6353364 58526804
1790956471.816665 W 72 lat 296 296 333 0 exe 16814 18518 36037 resp 36351 0 pmu 1023423 28741 8247355 7046057 46842371
1790956472.752649 W 73 lat 296 296 648 0 exe 16592 21037 108796 resp 109444 4 pmu 1023404 57915 8247776 6302313 53283205
1790956473.792623 W 74 lat 296 296 333 0 exe 16425 18944 36518 resp 36833 0 pmu 1023426 33446 8247052 7044691 47911512
1790956474.732647 W 75 lat 296 296 462 0 exe 16740 20907 122296 resp 122629 6 pmu 1023379 56115 8246905 6307304 52924361
1790956475.772647 W 76 lat 296 296 499 0 exe 16611 21444 101629 resp 102129 1 pmu 1023461 63250 8245238 7177279 54608388
1790956476.812654 W 77 lat 296 296 333 0 exe 16759 20981 109777 resp 110111 4 pmu 1023403 57153 8245460 6973633 53501049
1790956477.748618 W 78 lat 296 296 425 0 exe 16740 18611 34333 resp 34629 0 pmu 1023471 29866 8243468 7051912 47088264
1790956478.788649 W 79 lat 296 296 499 0 exe 16537 20703 117833 resp 118333 3 pmu 1023381 54196 8244858 6285702 52413581
1790956479.828620 W 80 lat 296 296 333 0 exe 16685 18666 35925 resp 36240 0 pmu 1023440 30438 8242010 7131639 47290461
1790956480.764647 W 81 lat 296 296 537 0 exe 16685 23407 116055 resp 116481 5 pmu 1023378 85325 8245689 6301147 59500012
1790956481.804657 W 82 lat 296 296 2111 0 exe 16722 28055 180240 resp 180685 24 pmu 1023138 137593 8250201 7127955 73105881
1790956482.744651 W 83 lat 296 296 870 0 exe 16444 20777 122296 resp 122759 5 pmu 1023335 54573 8247642 7801160 53523297
1790956483.784629 W 84 lat 296 296 333 0 exe 16499 18833 37351 resp 37666 0 pmu 1023494 32470 8249656 7177907 47738052
1790956484.824648 W 85 lat 296 296 555 0 exe 16851 21222 110925 resp 111481 4 pmu 1023468 60245 8250391 6315616 53693699
1790956485.760650 W 86 lat 296 296 481 0 exe 16722 21277 101611 resp 102092 1 pmu 1023438 60831 8246790 7067212 54076550
1790956486.800648 W 87 lat 296 296 629 0 exe 16759 21314 125611 resp 125999 6 pmu 1023422 60515 8251864 6972910 54290231
1790956487.736622 W 88 lat 296 296 333 0 exe 16740 18722 36370 resp 36685 0 pmu 1023455 31103 8249852 7213641 47469921
1790956488.776651 W 89 lat 296 296 444 0 exe 16518 20981 115092 resp 115407 5 pmu 1023430 57282 8245403 6306293 53112378
1790956489.816639 W 90 lat 296 296 333 0 exe 16703 19981 57722 resp 58037 0 pmu 1023464 45914 8244634 7104203 50561372
1790956490.752668 W 91 lat 296 296 685 0 exe 17092 23481 144611 resp 144944 6 pmu 1023369 85581 8253537 6525894 59946838
1790956491.792621 W 92 lat 296 296 407 0 exe 16777 20407 99314 resp 99722 0 pmu 1023453 51139 8242475 7416246 51711245
1790956492.728646 W 93 lat 296 296 1555 0 exe 16722 21277 119148 resp 120703 6 pmu 1023451 60571 8245531 6945219 54215674
1790956493.768648 W 94 lat 296 296 333 0 exe 16370 19759 116129 resp 116462 1 pmu 1023455 43450 8247795 7159172 50059944
1790956494.704647 W 95 lat 296 296 499 0 exe 16425 20648 115055 resp 115555 4 pmu 1023399 53812 8249512 7107442 52832260
1790956495.744652 W 96 lat 296 296 555 0 exe 17018 21814 102407 resp 102759 2 pmu 1023445 67131 8250511 7102957 55436133
1790956496.788648 W 97 lat 296 296 462 0 exe 16722 21259 119129 resp 119592 5 pmu 1023441 60362 8250766 6984803 54262295
1790956497.724631 W 98 lat 296 296 333 0 exe 16314 19092 35703 resp 36018 0 pmu 1023489 35509 8245616 7147932 48366266
1790956498.764649 W 99 lat 296 296 555 0 exe 16740 20777 113166 resp 113722 4 pmu 1023404 54849 8247110 6299362 52606743
1790956499.700620 W 100 lat 296 296 333 0 exe 16777 18907 34814 resp 35111 0 pmu 1023440 33168 8245820 7086925 47826007
1790956500.740650 W 101 lat 296 296 518 0 exe 16574 23203 108722 resp 109037 6 pmu 1023384 83167 8251742 6291704 58982462
1790956501.780661 W 102 lat 296 296 1222 0 exe 17055 28370 167981 resp 168333 23 pmu 1023141 141241 8250748 7052410 73710039
1790956502.716648 W 103 lat 296 296 425 0 exe 16703 21240 114037 resp 114351 6 pmu 1023415 60213 8250553 7676917 54549517
1790956503.756625 W 104 lat 296 296 333 0 exe 16611 18907 39425 resp 39722 0 pmu 1023459 33204 8241338 7095846 47860468
1790956504.692649 W 105 lat 296 296 685 0 exe 16759 20925 123833 resp 124518 5 pmu 1023435 56733 8248713 6337032 52986934
1790956505.732649 W 106 lat 296 296 574 0 exe 16685 20870 117537 resp 118111 3 pmu 1023414 55760 8247160 7195818 53109524
1790956506.668647 W 107 lat 296 296 611 0 exe 16703 20925 111425 resp 111777 6 pmu 1023403 56756 8248663 7130988 53449193
1790956507.708621 W 108 lat 296 296 333 0 exe 16611 18666 35185 resp 35499 0 pmu 1023496 30571 8250734 7069347 47264526
1790956508.748648 W 109 lat 296 296 777 0 exe 16592 21018 110314 resp 110629 4 pmu 1023400 57828 8250009 6293620 53158023
1790956509.684634 W 110 lat 296 296 333 0 exe 16833 18962 39962 resp 40277 0 pmu 1023447 33867 8247268 7058594 47992168
1790956510.728648 W 111 lat 296 296 481 0 exe 16685 22944 110425 resp 110740 6 pmu 1023392 80186 8250079 6344009 58399940
1790956511.664624 W 112 lat 296 296 333 0 exe 16740 18740 34074 resp 34388 0 pmu 1023475 31303 8246212 7068333 47398294
1790956512.704651 W 113 lat 296 296 462 0 exe 16925 20888 106388 resp 106777 4 pmu 1023429 56148 8245138 6283386 52853017
1790956513.744624 W 114 lat 296 296 333 0 exe 16611 18666 35092 resp 35407 0 pmu 1023491 30546 8242734 7019324 47221357
1790956514.680647 W 115 lat 296 296 481 0 exe 16851 20796 108592 resp 108907 3 pmu 1023434 54970 8242563 6292566 52572938
1790956515.720647 W 116 lat 296 296 444 0 exe 16999 21314 103981 resp 104425 1 pmu 1023426 61203 8251486 7040300 54165767
1790956516.660648 W 117 lat 296 296 444 0 exe 16962 20962 117296 resp 117611 5 pmu 1023434 57147 8250180 6997815 53482872
1790956517.700627 W 118 lat 296 296 333 0 exe 16592 18518 32962 resp 33259 0 pmu 1023441 28929 8247798 7128533 46940920
1790956518.740646 W 119 lat 296 296 499 0 exe 16629 20555 115462 resp 115777 2 pmu 1023398 52575 8247651 6270376 52063237
1790956519.676624 W 120 lat 296 296 333 0 exe 16796 18425 33981 resp 34296 0 pmu 1023465 27399 8242312 7106893 46633670
1790956520.716648 W 121 lat 296 296 648 0 exe 16740 23444 115907 resp 116277 4 pmu 1023369 85928 8249688 6281279 59583991
1790956521.652662 W 122 lat 296 296 777 0 exe 16870 27629 146629 resp 146962 18 pmu 1023160 132475 8250898 7127374 71911096
1790956522.696648 W 123 lat 296 296 999 0 exe 16555 21055 125907 resp 126907 4 pmu 1023297 58000 8242645 7456669 53995054
1790956523.736655 W 124 lat 296 296 2944 0 exe 16592 19814 106499 resp 109444 4 pmu 1023453 43849 8245092 7219330 50253429
1790956524.672649 W 125 lat 296 296 388 0 exe 16611 21055 121851 resp 122240 3 pmu 1023396 58517 8245671 7038556 53774321
1790956525.712660 W 126 lat 296 296 537 0 exe 16759 22018 114999 resp 115407 6 pmu 1023408 69231 8250329 7172864 56019227
1790956526.648651 W 127 lat 296 296 425 0 exe 16444 20814 116833 resp 117148 5 pmu 1023398 55368 8244808 7110769 53206160
1790956527.688621 W 128 lat 296 296 351 0 exe 16796 18574 36629 resp 36962 0 pmu 1023432 29635 8242204 7120370 47092324
1790956528.728649 W 129 lat 296 296 666 0 exe 16703 20611 121462 resp 122129 4 pmu 1023434 53415 8245951 6308633 52226059
1790956529.664633 W 130 lat 296 296 333 0 exe 16703 18592 35111 resp 35425 0 pmu 1023476 29741 8247244 7169894 47100235
1790956530.704647 W 131 lat 296 296 555 0 exe 16981 22870 127796 resp 128111 6 pmu 1023390 79101 8249978 6292862 58110948
1790956531.640625 W 132 lat 296 296 333 0 exe 16537 18907 34462 resp 34777 0 pmu 1023411 33117 8243655 7243688 47924248
1790956532.680650 W 133 lat 296 296 1388 0 exe 16611 20814 115592 resp 116092 5 pmu 1023399 55179 8245064 6287236 52658234
1790956533.720620 W 134 lat 296 296 333 0 exe 16537 18666 35888 resp 36203 0 pmu 1023479 30642 8247030 7114643 47270319
1790956534.660649 W 135 lat 296 296 499 0 exe 16481 20444 115166 resp 115666 5 pmu 1023380 51118 8244258 6300219 51751050
1790956535.700649 W 136 lat 296 296 444 0 exe 16907 20962 118018 resp 118444 1 pmu 1023454 56914 8246702 7103274 53302334
1790956536.636649 W 137 lat 296 296 425 0 exe 16777 20925 107055 resp 107370 5 pmu 1023422 56964 8242010 7135897 53456619
1790956537.676625 W 138 lat 296 296 333 0 exe 16888 19055 38148 resp 38444 0 pmu 1023519 35202 8244773 7024948 48202082
1790956538.716646 W 139 lat 296 296 833 0 exe 16611 20611 109351 resp 109740 5 pmu 1023451 53364 8247309 6326298 52237576
1790956539.652624 W 140 lat 296 296 333 0 exe 16703 18629 35629 resp 35944 0 pmu 1023465 30009 8245778 7047852 47131792
1790956540.692650 W 141 lat 296 296 574 0 exe 16685 23018 109425 resp 109851 8 pmu 1023361 80855 8249098 6298298 58490968
1790956541.628665 W 142 lat 296 296 944 0 exe 16944 26925 166685 resp 166999 20 pmu 1023136 123665 8247118 7059920 70152749
1790956542.672651 W 143 lat 296 296 481 0 exe 16314 22203 111166 resp 111499 5 pmu 1023448 71477 8252975 7654809 56919000
1790956543.712632 W 144 lat 296 296 333 0 exe 16629 18944 44092 resp 44407 0 pmu 1023467 33580 8247202 7070403 47943295
1790956544.652650 W 145 lat 296 296 351 0 exe 16703 20796 111222 resp 111537 6 pmu 1023469 55235 8246250 6384035 52663540
1790956545.692652 W 146 lat 296 296 777 0 exe 16388 21074 104574 resp 104907 1 pmu 1023396 58496 8247493 7065145 53568837
1790956546.628659 W 147 lat 296 296 611 0 exe 16388 20444 126185 resp 126499 4 pmu 1023376 50883 8241936 7000887 52182111
1790956547.668621 W 148 lat 296 296 333 0 exe 16851 18574 40814 resp 41129 0 pmu 1023457 29284 8249692 7212663 47068184
1790956548.708649 W 149 lat 296 296 444 0 exe 16555 20388 111481 resp 111814 4 pmu 1023447 50528 8251116 6350537 51610352
1790956549.644627 W 150 lat 296 296 333 0 exe 16777 19240 37444 resp 37740 0 pmu 1023540 37004 8246615 7065380 48641994
1790956550.692651 W 151 lat 296 296 722 0 exe 16611 22999 115888 resp 116314 7 pmu 1023392 80739 8249963 6319733 58454525
1790956551.628622 W 152 lat 296 296 333 0 exe 16537 18703 37722 resp 38037 0 pmu 1023461 31044 8246657 7124881 47401200
1790956552.668650 W 153 lat 296 296 444 0 exe 16888 20333 121611 resp 122055 4 pmu 1023411 50061 8245584 6318654 51551598
1790956553.708642 W 154 lat 296 296 462 0 exe 16611 19166 55370 resp 55685 0 pmu 1023500 36610 8249111 7168643 48604239
1790956554.644677 W 155 lat 296 296 518 0 exe 16685 21333 119888 resp 120314 4 pmu 1023400 61610 8247779 6498465 54122140
1790956555.688710 W 156 lat 296 296 499 0 exe 16944 21333 101407 resp 101907 1 pmu 1023440 61674 8249300 7155739 54315067
1790956556.624659 W 157 lat 296 296 759 0 exe 16703 21851 124018 resp 124777 8 pmu 1023460 67108 8246915 6972543 55699401
1790956557.664678 W 158 lat 296 296 333 0 exe 16851 18814 40814 resp 41129 0 pmu 1023447 32539 8244278 7202738 47738762
1790956558.704715 W 159 lat 296 296 999 0 exe 16740 21092 111296 resp 112296 2 pmu 1023428 58876 8241604 6351762 53470965
1790956559.640639 W 160 lat 296 296 333 0 exe 16629 18814 34203 resp 34499 0 pmu 1023501 31982 8248736 7074267 47595942
1790956560.680677 W 161 lat 296 296 648 0 exe 16870 22499 111888 resp 112277 3 pmu 1023371 74883 8249765 6284467 57231729
1790956561.720674 W 162 lat 296 296 407 0 exe 16796 19425 97777 resp 98185 0 pmu 1023467 39116 8246242 7083180 49480518
1790956562.656670 W 163 lat 296 296 611 0 exe 16833 28722 134611 resp 135037 21 pmu 1023127 145543 8249651 6925150 74732371
1790956563.696629 W 164 lat 296 296 333 0 exe 17018 18796 35314 resp 35611 0 pmu 1023490 31683 8249410 7341279 47672507
1790956564.632659 W 165 lat 296 296 425 0 exe 16796 20259 125870 resp 126277 4 pmu 1023428 48730 8246608 6297435 51290978
1790956565.672684 W 166 lat 296 296 370 0 exe 16796 21277 98333 resp 98648 0 pmu 1023473 60714 8249271 7210353 54108939
1790956566.716667 W 167 lat 296 296 407 0 exe 16351 20370 134055 resp 134370 3 pmu 1023412 50102 8243076 6939282 51956864
1790956567.652643 W 168 lat 296 296 333 0 exe 16648 19259 41388 resp 41685 0 pmu 1023482 37161 8250129 7289820 48821322
1790956568.692669 W 169 lat 296 296 425 0 exe 16314 19629 109555 resp 109981 4 pmu 1023453 41586 8249979 6358560 49753813
1790956569.628648 W 170 lat 296 296 333 0 exe 16740 19129 54481 resp 54796 0 pmu 1023442 36185 8243227 7041734 48417925
1790956570.668662 W 171 lat 296 296 518 0 exe 16574 21611 112685 resp 112981 5 pmu 1023378 64429 8245393 6489456 55107910
1790956571.708629 W 172 lat 296 296 333 0 exe 16518 19648 79722 resp 80018 0 pmu 1023477 42121 8249109 7083994 49685642
1790956572.644658 W 173 lat 296 296 351 0 exe 16685 19425 111759 resp 112074 5 pmu 1023429 38802 8239106 6743247 49482479
1790956573.684643 W 174 lat 296 296 333 0 exe 16685 19851 85999 resp 86296 0 pmu 1023439 44314 8243668 7063626 50118158
1790956574.724669 W 175 lat 296 296 333 0 exe 16648 18518 101537 resp 101851 1 pmu 1023502 28560 8251117 6807941 46992779
1790956575.660666 W 176 lat 296 296 425 0 exe 16851 22759 111037 resp 111370 3 pmu 1023385 78025 8245794 6956568 57823680
1790956576.700661 W 177 lat 296 296 333 0 exe 16462 18685 38703 resp 39037 0 pmu 1023464 30918 8242910 7074427 47300190
1790956577.636640 W 178 lat 296 296 444 0 exe 16629 21277 118870 resp 119314 4 pmu 1023457 60586 8248420 6328124 53844039
1790956578.676657 W 179 lat 296 296 333 0 exe 16870 18499 35240 resp 35555 0 pmu 1023397 28568 8246788 7144746 46853339
1790956579.716631 W 180 lat 296 296 537 0 exe 16574 20611 121055 resp 121592 4 pmu 1023430 53191 8247393 6294699 52202340
1790956580.656653 W 181 lat 296 296 407 0 exe 16814 20759 102388 resp 102796 1 pmu 1023388 54729 8250328 7163877 52800530
1790956581.696631 W 182 lat 296 296 462 0 exe 16592 20648 109537 resp 109870 5 pmu 1023401 53296 8245875 6977902 52626672
1790956582.632661 W 183 lat 296 296 703 0 exe 16925 28018 128333 resp 128648 18 pmu 1023140 137925 8248431 7047811 72830355
1790956583.672653 W 184 lat 296 296 481 0 exe 16814 20888 116962 resp 117296 3 pmu 1023436 56197 8246065 7275265 53492139
1790956584.716654 W 185 lat 296 296 333 0 exe 16796 18814 40314 resp 40629 0 pmu 1023493 31918 8245014 7124398 47588899
1790956585.652665 W 186 lat 296 296 444 0 exe 16611 23018 111092 resp 111425 8 pmu 1023396 80779 8247941 6346464 58548318
1790956586.692655 W 187 lat 296 296 333 0 exe 16777 18425 38962 resp 39277 0 pmu 1023467 27753 8241920 7075021 46660787
1790956587.628623 W 188 lat 296 296 555 0 exe 16888 20759 116203 resp 116759 5 pmu 1023428 54625 8244003 6331102 52621580
1790956588.668675 W 189 lat 296 296 333 0 exe 16648 18592 35666 resp 35981 0 pmu 1023479 29628 8239968 7117853 47044896
1790956589.708660 W 190 lat 296 296 444 0 exe 16629 22370 133074 resp 133462 9 pmu 1023397 73147 8251029 6298344 56572250
1790956590.644651 W 191 lat 296 296 425 0 exe 16703 20759 106666 resp 107092 1 pmu 1023471 54982 8250013 7292054 52948306
1790956591.684652 W 192 lat 296 296 592 0 exe 16925 21888 125370 resp 125944 3 pmu 1023424 67655 8246520 7020301 55792084
1790956592.724655 W 193 lat 296 296 333 0 exe 16407 18388 34740 resp 35037 0 pmu 1023425 27412 8240768 7215682 46624693
1790956593.660627 W 194 lat 296 296 444 0 exe 16629 20611 108240 resp 108555 3 pmu 1023370 53135 8248397 6286596 52166181
1790956594.700706 W 195 lat 296 296 333 0 exe 16777 18425 25962 resp 26259 0 pmu 1023480 27474 8249294 7034471 46596783
1790956595.636652 W 196 lat 296 296 1314 0 exe 16777 23074 139388 resp 140703 4 pmu 1023423 81195 8253628 6200972 58487957
1790956596.676625 W 197 lat 296 296 333 0 exe 16796 18685 39574 resp 39870 0 pmu 1023401 30658 8252473 7368509 47473924
1790956597.716646 W 198 lat 296 296 574 0 exe 16499 20685 115296 resp 115870 3 pmu 1023355 53916 8245791 6338501 52406772
1790956598.652620 W 199 lat 296 296 333 0 exe 16499 18518 35592 resp 35925 0 pmu 1023457 28686 8246376 7106829 46877115
1790956599.692650 W 200 lat 296 296 499 0 exe 16888 20796 113148 resp 113648 3 pmu 1023425 54694 8242935 6296555 52593345
1790956600.628649 W 201 lat 296 296 499 0 exe 16574 21277 97314 resp 97629 0 pmu 1023450 60922 8250151 7087068 54089924
1790956601.668650 W 202 lat 296 296 407 0 exe 16574 20888 113407 resp 113740 5 pmu 1023452 56280 8252433 6928528 53179179
1790956602.716673 W 203 lat 296 296 629 0 exe 16796 27407 145407 resp 145722 15 pmu 1023193 131109 8248512 7087220 71640431
1790956603.652629 W 204 lat 296 296 444 0 exe 16666 20722 111833 resp 112166 6 pmu 1023318 54264 8243631 7441968 53209810
1790956604.692624 W 205 lat 296 296 333 0 exe 16648 18740 30814 resp 31129 0 pmu 1023502 31180 8245348 7071189 47403133
1790956605.628648 W 206 lat 296 296 518 0 exe 16777 23333 133629 resp 133962 4 pmu 1023346 84430 8245600 6250196 59235506
1790956606.668626 W 207 lat 296 296 333 0 exe 16407 18833 40388 resp 40722 0 pmu 1023433 32623 8249846 7303249 47809861
1790956607.708647 W 208 lat 296 296 499 0 exe 16648 20759 115611 resp 115925 4 pmu 1023418 54767 8247912 6345427 52635271
1790956608.644624 W 209 lat 296 296 333 0 exe 16499 18611 34499 resp 34814 0 pmu 1023470 29486 8243214 7109413 47100707
1790956609.688651 W 210 lat 296 296 499 0 exe 16685 20814 109796 resp 110148 4 pmu 1023428 55331 8243954 6285745 52654401
1790956610.628649 W 211 lat 296 296 444 0 exe 16666 20777 98796 resp 99129 0 pmu 1023461 55310 8248397 7051776 52822047
1790956611.668650 W 212 lat 296 296 444 0 exe 16666 20629 109018 resp 109333 4 pmu 1023437 53116 8251597 6941229 52555482
1790956612.708624 W 213 lat 296 296 333 0 exe 16629 19092 47574 resp 47888 0 pmu 1023482 35413 8247766 7042549 48241360
1790956613.644645 W 214 lat 296 296 425 0 exe 16444 20685 112407 resp 112814 5 pmu 1023411 53738 8245931 6419694 52370943
1790956614.684621 W 215 lat 296 296 333 0 exe 16666 18759 31444 resp 31740 0 pmu 1023473 31485 8239126 7075917 47483912
1790956615.620651 W 216 lat 296 296 555 0 exe 16870 23351 125870 resp 126425 4 pmu 1023394 84315 8249578 6256836 59278459
1790956616.660625 W 217 lat 296 296 333 0 exe 16499 18851 41574 resp 41888 0 pmu 1023475 32892 8251617 7227579 47821557
1790956617.704646 W 218 lat 296 296 333 0 exe 16388 20629 125907 resp 126222 5 pmu 1023397 52723 8245063 6357913 52248802
1790956618.640625 W 219 lat 296 296 333 0 exe 16555 18833 40814 resp 41129 0 pmu 1023467 32395 8246946 7209520 47701642
1790956619.680647 W 220 lat 296 296 537 0 exe 16666 20648 134111 resp 134481 4 pmu 1023395 53391 8246776 6350357 52332657
1790956620.720648 W 221 lat 296 296 574 0 exe 16666 20777 109481 resp 109796 1 pmu 1023445 54810 8245085 7294428 52951149
1790956621.656650 W 222 lat 296 296 444 0 exe 16555 20851 131055 resp 131388 4 pmu 1023427 55325 8249709 7048627 53176960
1790956622.700666 W 223 lat 296 296 611 0 exe 16851 24999 116037 resp 116648 8 pmu 1023340 103739 8248831 7263617 64406362
1790956623.640652 W 224 lat 296 296 518 0 exe 16703 24777 132592 resp 132888 13 pmu 1023185 100901 8245003 7137948 64251370
1790956624.680636 W 225 lat 296 296 425 0 exe 16907 20111 94629 resp 94962 0 pmu 1023475 47775 8246332 7299518 51046036
1790956625.720651 W 226 lat 296 296 462 0 exe 16796 23277 110666 resp 110981 6 pmu 1023354 84048 8248153 6897286 59483263
1790956626.656622 W 227 lat 296 296 333 0 exe 16388 18574 35296 resp 35611 0 pmu 1023381 29241 8246141 7073113 46987276
1790956627.696647 W 228 lat 296 296 407 0 exe 16851 20685 107703 resp 108018 5 pmu 1023474 53832 8250592 6293112 52339624
1790956628.632622 W 229 lat 296 296 333 0 exe 16759 18555 32351 resp 32648 0 pmu 1023469 29184 8250795 7030357 46941679
1790956629.672645 W 230 lat 296 296 796 0 exe 16925 20870 107981 resp 108296 4 pmu 1023450 56230 8251305 6265395 52818599
1790956630.712647 W 231 lat 296 296 685 0 exe 16611 21055 106240 resp 106925 2 pmu 1023437 57788 8250834 7036458 53417365
1790956631.648646 W 232 lat 296 296 444 0 exe 16685 20740 116388 resp 116703 5 pmu 1023435 53963 8248803 7019722 52896648
1790956632.688629 W 233 lat 296 296 333 0 exe 16666 18499 33592 resp 33907 0 pmu 1023481 28375 8247561 7116929 46827741
1790956633.624647 W 234 lat 296 296 370 0 exe 16833 20888 106666 resp 106981 3 pmu 1023410 55891 8238348 6277175 52808186
1790956634.664624 W 235 lat 296 296 333 0 exe 16648 18574 35611 resp 35925 0 pmu 1023465 29395 8241672 7020803 47012866
1790956635.704648 W 236 lat 296 296 796 0 exe 16592 22814 108629 resp 109055 4 pmu 1023330 78799 8244474 6297527 58001132
1790956636.640629 W 237 lat 296 296 333 0 exe 16629 18407 36314 resp 36611 0 pmu 1023455 27746 8249744 7051581 46644449
1790956637.680645 W 238 lat 296 296 481 0 exe 16592 20796 112999 resp 113333 4 pmu 1023400 55119 8244443 6303610 52657148
1790956638.616619 W 239 lat 296 296 333 0 exe 16499 18444 31870 resp 32166 0 pmu 1023491 28017 8242197 7083049 46710506
1790956639.656646 W 240 lat 296 296 611 0 exe 16870 20611 104574 resp 105185 3 pmu 1023387 53090 8242353 6258556 52184213
1790956640.696648 W 241 lat 296 296 444 0 exe 16962 20703 98574 resp 98907 0 pmu 1023429 53891 8251179 7001251 52585751
1790956641.632650 W 242 lat 296 296 518 0 exe 17037 21314 107555 resp 107870 5 pmu 1023425 60754 8242787 6940017 54296773
1790956642.672684 W 243 lat 296 296 333 0 exe 16703 18314 38777 resp 39092 0 pmu 1023469 26370 8244020 7033636 46338268
1790956643.612661 W 244 lat 296 296 759 0 exe 16981 27981 131740 resp 132111 20 pmu 1023048 137301 8248571 6328222 73374698
1790956644.652629 W 245 lat 296 296 351 0 exe 16388 18407 38166 resp 38481 0 pmu 1023485 27689 8240894 7310021 46768398
1790956645.692650 W 246 lat 296 296 351 0 exe 16722 22814 116518 resp 116833 5 pmu 1023369 78073 8247520 6321016 58001501
1790956646.628627 W 247 lat 296 296 333 0 exe 16666 18814 47259 resp 47574 0 pmu 1023486 32184 8250666 7128210 47602132
1790956647.668647 W 248 lat 296 296 703 0 exe 16703 20685 115907 resp 116611 2 pmu 1023387 53826 8248201 6415311 52449058
1790956648.708631 W 249 lat 296 296 333 0 exe 16333 18648 36111 resp 36407 0 pmu 1023457 30303 8248672 7115072 47229837
1790956649.644648 W 250 lat 296 296 407 0 exe 16685 20666 114055 resp 114351 2 pmu 1023404 53776 8248962 6301212 52319948
1790956650.684647 W 251 lat 296 296 444 0 exe 16481 20611 99018 resp 99333 0 pmu 1023433 52984 8251413 7092876 52420651
1790956651.624646 W 252 lat 296 296 407 0 exe 16685 20888 133296 resp 133648 2 pmu 1023440 55847 8244276 6941396 53247904
1790956652.664633 W 253 lat 296 296 333 0 exe 16592 18666 36870 resp 37166 0 pmu 1023478 30471 8246101 7286802 47353946
1790956653.704649 W 254 lat 296 296 425 0 exe 16777 20925 118611 resp 118907 4 pmu 1023440 56343 8250458 6310267 52952652
1790956654.640631 W 255 lat 296 296 444 0 exe 16648 19555 123407 resp 123740 1 pmu 1023478 40556 8246922 7140341 49545128
1790956655.680648 W 256 lat 296 296 518 0 exe 17018 23240 117685 resp 117999 3 pmu 1023426 83082 8249571 7181077 59534010
1790956656.616649 W 257 lat 296 296 333 0 exe 16462 18407 34499 resp 34814 0 pmu 1023479 27756 8252066 7144410 46657673
1790956657.656648 W 258 lat 296 296 611 0 exe 17018 21555 105037 resp 105351 5 pmu 1023394 64138 8250170 6284741 54552136
1790956658.696629 W 259 lat 296 296 333 0 exe 16870 18703 37481 resp 37777 0 pmu 1023385 31235 8245280 7009899 47350788
1790956659.632648 W 260 lat 296 296 444 0 exe 16722 20499 109796 resp 110166 2 pmu 1023419 51683 8246676 6317968 51921620
1790956660.672647 W 261 lat 296 296 555 0 exe 16518 20518 93722 resp 94277 0 pmu 1023437 51981 8248451 7050290 52203809
1790956661.608648 W 262 lat 296 296 666 0 exe 16703 21111 107444 resp 107759 3 pmu 1023439 58751 8251955 6889936 53744412
1790956662.648624 W 263 lat 296 296 333 0 exe 16685 18666 33962 resp 34259 0 pmu 1023486 30645 8247266 7030621 47217679
1790956663.692661 W 264 lat 296 296 1166 0 exe 16870 28129 205259 resp 206425 16 pmu 1023101 137493 8245098 6281756 73432210
1790956664.628630 W 265 lat 296 296 351 0 exe 16907 19074 43777 resp 44074 0 pmu 1023456 35004 8242219 8051427 48796946
1790956665.668646 W 266 lat 296 296 611 0 exe 17018 23222 117722 resp 118037 3 pmu 1023407 83062 8245024 6383013 59039982
1790956666.604620 W 267 lat 296 296 333 0 exe 16666 18370 34055 resp 34351 0 pmu 1023516 27226 8242012 7145049 46554470
1790956667.644646 W 268 lat 296 296 444 0 exe 16518 20666 125629 resp 125944 2 pmu 1023435 53456 8246020 6280913 52337485
1790956668.684626 W 269 lat 296 296 333 0 exe 16574 18148 33999 resp 34296 0 pmu 1023429 24822 8241725 7208114 46087791
1790956669.620650 W 270 lat 296 296 537 0 exe 16740 21018 125592 resp 126018 4 pmu 1023416 56958 8243495 6278825 53122075
1790956670.660649 W 271 lat 296 296 333 0 exe 16759 20981 101222 resp 101537 2 pmu 1023428 57575 8246810 7211644 53416896
1790956671.700647 W 272 lat 296 296 425 0 exe 16796 21388 107240 resp 107592 5 pmu 1023389 61743 8249507 6966284 54458854
1790956672.636624 W 273 lat 296 296 333 0 exe 16833 18388 32351 resp 32666 0 pmu 1023418 27373 8244878 7029436 46550799
1790956673.676651 W 274 lat 296 296 555 0 exe 16814 21759 107055 resp 107537 3 pmu 1023433 66454 8248934 6265035 54981253
1790956674.612619 W 275 lat 296 296 333 0 exe 16888 18907 37222 resp 37537 0 pmu 1023465 33337 8247742 7030807 47838542
1790956675.652653 W 276 lat 296 296 499 0 exe 16740 22685 110129 resp 110444 4 pmu 1023361 76775 8248094 6316629 57667356
1790956676.692630 W 277 lat 296 296 333 0 exe 16722 19222 55518 resp 55833 0 pmu 1023505 37174 8247344 7064734 48637641
1790956677.628645 W 278 lat 296 296 444 0 exe 16907 20870 114759 resp 115092 2 pmu 1023469 55673 8244152 6500308 52939635
1790956678.668619 W 279 lat 296 296 333 0 exe 16740 18388 33759 resp 34074 0 pmu 1023463 27222 8240772 7102478 46561353
1790956679.604646 W 280 lat 296 296 407 0 exe 16537 20574 114537 resp 114870 2 pmu 1023453 52482 8248741 6278592 52055357
1790956680.648648 W 281 lat 296 296 777 0 exe 16425 20592 95222 resp 95777 0 pmu 1023457 53226 8248432 7096765 52446076
1790956681.688646 W 282 lat 296 296 592 0 exe 16592 21111 128203 resp 128555 3 pmu 1023414 58322 8250334 6906206 53747053
1790956682.624674 W 283 lat 296 296 333 0 exe 16759 19425 44074 resp 44388 0 pmu 1023450 39443 8252450 7237295 49253934
1790956683.664709 W 284 lat 296 296 759 0 exe 16925 29388 158703 resp 159462 17 pmu 1023127 152691 8250110 6387033 76625047
1790956684.600668 W 285 lat 296 296 333 0 exe 16518 19074 39759 resp 40074 0 pmu 1023439 35285 8245561 7588462 48587162
1790956685.640694 W 286 lat 296 296 499 0 exe 16777 22907 107351 resp 107796 6 pmu 1023412 79881 8248687 6340937 58276649
1790956686.680664 W 287 lat 296 296 333 0 exe 16203 18444 36611 resp 36925 0 pmu 1023465 28208 8247757 7039012 46708744
1790956687.616680 W 288 lat 296 296 574 0 exe 16574 21796 108018 resp 108592 4 pmu 1023363 66879 8243123 6304644 55247880
1790956688.656639 W 289 lat 296 296 333 0 exe 16685 18574 39092 resp 39407 0 pmu 1023501 29698 8250498 7039929 47042432
1790956689.696684 W 290 lat 296 296 425 0 exe 16648 21814 112870 resp 113203 3 pmu 1023403 66932 8245983 6332530 55258586
1790956690.632686 W 291 lat 296 296 444 0 exe 16722 20944 100203 resp 100648 1 pmu 1023446 57036 8249510 7086866 53264725
1790956691.672686 W 292 lat 296 296 722 0 exe 16777 20777 142388 resp 143111 3 pmu 1023394 54289 8242671 6956836 52956609
1790956692.608703 W 293 lat 296 296 333 0 exe 16518 18537 36851 resp 37166 0 pmu 1023468 29055 8238065 7381153 47117917
1790956693.648680 W 294 lat 296 296 407 0 exe 16648 20722 113166 resp 113537 2 pmu 1023408 54411 8246848 6309165 52427134
1790956694.688653 W 295 lat 296 296 333 0 exe 16870 18611 34796 resp 35111 0 pmu 1023441 29701 8242126 7084461 47077456
1790956695.624661 W 296 lat 296 296 425 0 exe 16722 22740 109055 resp 109388 4 pmu 1023366 77582 8249272 6290651 57816169
1790956696.664640 W 297 lat 296 296 333 0 exe 16666 18648 37148 resp 37444 0 pmu 1023487 30044 8247333 7053834 47158549
1790956697.704669 W 298 lat 296 296 444 0 exe 16685 20814 109185 resp 109499 3 pmu 1023432 55292 8244336 6313346 52679091
1790956698.640652 W 299 lat 296 296 333 0 exe 16611 18499 35777 resp 36092 0 pmu 1023499 28671 8245782 7045241 46810651
1790956699.680676 W 300 lat 296 296 333 0 exe 16611 20666 109314 resp 109629 4 pmu 1023461 53666 8250371 6298687 52304345
1790956700.616648 W 301 lat 296 296 499 0 exe 16648 20796 102296 resp 102611 1 pmu 1023438 55233 8245596 7044868 52869588
1790956701.656675 W 302 lat 296 296 870 0 exe 16962 21092 108648 resp 108981 4 pmu 1023390 58351 8247436 6976391 53798542
1790956702.696650 W 303 lat 296 296 333 0 exe 16592 18481 35981 resp 36296 0 pmu 1023468 28315 8247380 7044900 46779028
1790956703.632669 W 304 lat 296 296 555 0 exe 16907 23851 114277 resp 114685 7 pmu 1023385 90530 8247349 6300459 61034634
1790956704.672675 W 305 lat 296 296 999 0 exe 16870 24870 118518 resp 118851 16 pmu 1023238 101963 8247669 7113570 64433472
1790956705.608674 W 306 lat 296 296 518 0 exe 16833 27574 127240 resp 127574 16 pmu 1023211 133306 8248523 7162813 71871312
1790956706.648651 W 307 lat 296 296 333 0 exe 16592 18962 51518 resp 51814 0 pmu 1023490 33896 8250538 7260888 48081320
1790956707.688672 W 308 lat 296 296 425 0 exe 16796 20814 112759 resp 113166 4 pmu 1023368 55141 8245103 6458074 52771133
1790956708.624624 W 309 lat 296 296 333 0 exe 16685 18425 39129 resp 39425 0 pmu 1023474 27676 8241728 7081895 46622530
1790956709.664669 W 310 lat 296 296 592 0 exe 16814 20870 119759 resp 120222 3 pmu 1023454 56195 8251005 6332100 52862677
1790956710.704667 W 311 lat 296 296 555 0 exe 16592 20537 107111 resp 107425 2 pmu 1023479 52076 8249798 7153314 52310954
1790956711.640653 W 312 lat 296 296 666 0 exe 16685 21185 116611 resp 117277 4 pmu 1023369 59536 8245303 7023238 54097650
1790956712.680634 W 313 lat 296 296 333 0 exe 16648 18592 38037 resp 38351 0 pmu 1023487 29903 8252320 7124314 47101254
1790956713.616667 W 314 lat 296 296 462 0 exe 16481 20870 117425 resp 117740 5 pmu 1023411 55727 8248606 6321786 52785086
1790956714.656640 W 315 lat 296 296 333 0 exe 16537 18703 36722 resp 37037 0 pmu 1023478 30780 8245404 7127012 47340300
1790956715.696663 W 316 lat 296 296 537 0 exe 16574 22925 108796 resp 109129 4 pmu 1023370 80198 8243969 6308657 58284648
1790956716.632626 W 317 lat 296 296 333 0 exe 16499 18666 36759 resp 37074 0 pmu 1023497 30665 8251873 7052025 47231410
1790956717.672659 W 318 lat 296 296 425 0 exe 16666 20870 114851 resp 115166 4 pmu 1023424 55899 8248810 6308807 52794010
1790956718.712633 W 319 lat 296 296 333 0 exe 16759 18240 35888 resp 36203 0 pmu 1023472 25573 8247450 7101923 46187705
1790956719.648661 W 320 lat 296 296 407 0 exe 16611 20703 109611 resp 109981 4 pmu 1023383 53972 8247321 6299195 52393528
1790956720.688663 W 321 lat 296 296 2351 0 exe 16629 22833 215074 resp 217425 4 pmu 1023427 77107 8251521 7048651 58095276
1790956721.624661 W 322 lat 296 296 333 0 exe 16759 21388 114333 resp 114666 2 pmu 1023377 62044 8247906 8133741 55198089
1790956722.664637 W 323 lat 296 296 333 0 exe 16629 19648 75111 resp 75425 0 pmu 1023462 41961 8250548 7099563 49762907
1790956723.708665 W 324 lat 296 296 759 0 exe 16555 20814 121462 resp 121851 3 pmu 1023430 54855 8248865 6697881 52892871
1790956724.648663 W 325 lat 296 296 666 0 exe 16537 27296 116722 resp 117055 15 pmu 1023180 129881 8249806 7169383 71498571
1790956725.688661 W 326 lat 296 296 499 0 exe 16888 23074 116148 resp 116648 4 pmu 1023350 81397 8246343 7153712 59158814
1790956726.624633 W 327 lat 296 296 333 0 exe 16314 18444 34277 resp 34592 0 pmu 1023343 28083 8243177 7128440 46729501
1790956727.664656 W 328 lat 296 296 481 0 exe 16814 20722 127722 resp 128148 3 pmu 1023418 54009 8248081 6281840 52433713
1790956728.704632 W 329 lat 296 296 333 0 exe 16611 18314 33833 resp 34166 0 pmu 1023488 26695 8249594 7231381 46505441
1790956729.640653 W 330 lat 296 296 444 0 exe 16777 21277 104888 resp 105203 3 pmu 1023421 60615 8248458 6278340 53809494
1790956730.680653 W 331 lat 296 296 518 0 exe 16703 20518 96055 resp 96481 0 pmu 1023461 52151 8244980 7005021 52138854
1790956731.616654 W 332 lat 296 296 425 0 exe 16129 20981 110981 resp 111314 2 pmu 1023410 57340 8245676 6913281 53507719
1790956732.656629 W 333 lat 296 296 351 0 exe 16592 18555 31444 resp 31740 0 pmu 1023502 29453 8246512 7061156 46994082
1790956733.696687 W 334 lat 296 296 425 0 exe 16574 20962 122222 resp 122555 4 pmu 1023443 56471 8245734 6255408 52969091
1790956734.632629 W 335 lat 296 296 333 0 exe 16592 18629 43259 resp 43574 0 pmu 1023511 30143 8246769 7175806 47225962
1790956735.672656 W 336 lat 296 296 555 0 exe 16592 22722 107388 resp 107833 4 pmu 1023383 77926 8244794 6374093 57916542
1790956736.712629 W 337 lat 296 296 351 0 exe 16481 18999 50944 resp 51259 0 pmu 1023431 34210 8243949 7037736 48000061
1790956737.648648 W 338 lat 296 296 722 0 exe 16518 21240 112240 resp 112962 2 pmu 1023392 60242 8247391 6452146 53851143
1790956738.688626 W 339 lat 296 296 333 0 exe 16740 18388 37703 resp 38018 0 pmu 1023453 27705 8246154 7080378 46594949
1790956739.628649 W 340 lat 296 296 462 0 exe 16796 20388 104796 resp 105129 2 pmu 1023410 50404 8247994 6318010 51642836
1790956740.668651 W 341 lat 296 296 499 0 exe 16666 20518 95018 resp 95333 0 pmu 1023362 51984 8246105 6999862 52168971
1790956741.708649 W 342 lat 296 296 499 0 exe 16796 21240 117277 resp 117777 3 pmu 1023424 60010 8246636 6902279 54106407
1790956742.644621 W 343 lat 296 296 333 0 exe 16759 18759 34018 resp 34314 0 pmu 1023480 31233 8242628 7130118 47459920
1790956743.684648 W 344 lat 296 296 481 0 exe 16740 20740 132129 resp 132444 3 pmu 1023376 54359 8245859 6282903 52522825
1790956744.624660 W 345 lat 296 296 814 0 exe 16851 26981 115611 resp 116425 12 pmu 1023159 126779 8250635 7274793 70581212
1790956745.664650 W 346 lat 296 296 555 0 exe 16425 23074 118499 resp 118925 4 pmu 1023400 81852 8246005 7145645 59161465
1790956746.704624 W 347 lat 296 296 333 0 exe 16796 18611 33833 resp 34148 0 pmu 1023468 29729 8249613 7149482 47142718
1790956747.640647 W 348 lat 296 296 425 0 exe 16574 20944 104277 resp 104611 3 pmu 1023480 56896 8252740 6280733 52950482
1790956748.680626 W 349 lat 296 296 333 0 exe 16648 18444 33259 resp 33555 0 pmu 1023478 27932 8247667 6996230 46635545
1790956749.616650 W 350 lat 296 296 333 0 exe 16796 21388 119277 resp 119611 2 pmu 1023436 61804 8248931 6273427 54057494
1790956750.656659 W 351 lat 296 296 629 0 exe 16796 20685 110370 resp 110759 2 pmu 1023473 54051 8251811 7149210 52677584
1790956751.696649 W 352 lat 296 296 537 0 exe 16648 21129 112407 resp 112722 2 pmu 1023431 58846 8247190 7058320 53901918
1790956752.632624 W 353 lat 296 296 333 0 exe 16499 18574 34370 resp 34666 0 pmu 1023479 29455 8249010 7079234 47022452
1790956753.672650 W 354 lat 296 296 592 0 exe 16777 22444 109240 resp 109574 3 pmu 1023438 74251 8245906 6284309 56749548
1790956754.712622 W 355 lat 296 296 333 0 exe 16537 18592 36407 resp 36722 0 pmu 1023502 30137 8249344 7055318 47121956
1790956755.648663 W 356 lat 296 296 537 0 exe 16685 23555 113962 resp 114481 3 pmu 1023372 87528 8251313 6305064 59901695
1790956756.688624 W 357 lat 296 296 333 0 exe 16685 18592 39074 resp 39388 0 pmu 1023430 29806 8244875 7108293 47059249
1790956757.624647 W 358 lat 296 296 481 0 exe 16759 21018 105648 resp 105981 3 pmu 1023442 57529 8244291 6332473 53185142
1790956758.664619 W 359 lat 296 296 333 0 exe 16685 18462 36666 resp 36962 0 pmu 1023480 27996 8241969 7011509 46657803
1790956759.704647 W 360 lat 296 296 425 0 exe 16425 20518 111944 resp 112277 2 pmu 1023440 51970 8242721 6307728 51946465
1790956760.640651 W 361 lat 296 296 444 0 exe 16833 20537 117685 resp 117999 1 pmu 1023435 52070 8242786 7070012 52243613
1790956761.680649 W 362 lat 296 296 425 0 exe 16703 21203 108240 resp 108574 4 pmu 1023397 59832 8245550 7129617 54135535
1790956762.616619 W 363 lat 296 296 333 0 exe 16518 18518 35870 resp 36185 0 pmu 1023496 29031 8247496 7037828 46890398
1790956763.656651 W 364 lat 296 296 629 0 exe 16833 20407 112777 resp 113092 3 pmu 1023386 50623 8244990 6299231 51684113
1790956764.696664 W 365 lat 296 296 1203 0 exe 16555 27518 127222 resp 128425 22 pmu 1023186 131807 8248304 7080879 71766890
1790956765.632666 W 366 lat 296 296 518 0 exe 17111 24833 109703 resp 110074 3 pmu 1023333 102176 8246848 7266857 63774863
1790956766.672622 W 367 lat 296 296 333 0 exe 16833 18666 42925 resp 43259 0 pmu 1023448 30614 8248245 7073409 47232163
1790956767.620813 W 368 lat 296 1999 9685 0 exe 16925 115833 481833 resp 486870 375 pmu 1020145 285815 8261643 6373319 310369246
1790956768.680697 W 369 lat 314 3499 8907 0 exe 30962 183851 344648 resp 349592 703 pmu 1017644 337587 8271991 11328917 497095247
1790956769.632739 W 370 lat 296 3444 10703 0 exe 23037 188796 370481 resp 373740 706 pmu 1017537 350622 8265706 10370683 506347558
1790956770.680840 W 371 lat 296 2685 9037 0 exe 22055 132481 346907 resp 352648 395 pmu 1020130 257751 8267641 10613325 365492136
1790956771.628728 W 372 lat 333 3166 9870 0 exe 30388 164703 361685 resp 366037 596 pmu 1018975 308428 8268734 10091891 444020521
1790956772.676784 W 373 lat 296 3462 8203 0 exe 29666 197759 340425 resp 344870 740 pmu 1017524 335700 8269464 10442659 526591486
1790956773.628858 W 374 lat 314 3314 10537 0 exe 28425 182018 527629 resp 534388 623 pmu 1017485 347810 8255647 10384915 494208184
1790956774.676873 W 375 lat 296 3037 8703 0 exe 27185 168518 331462 resp 335166 617 pmu 1019047 293750 8268401 12194486 450655587
1790956775.628852 W 376 lat 314 3925 9240 0 exe 30111 224388 535499 resp 539055 862 pmu 1015733 424426 8261591 10134037 598857485
1790956776.684861 W 377 lat 314 3629 10518 0 exe 29185 190166 359296 resp 363296 774 pmu 1017160 359200 8269398 12474515 519612609
1790956777.632896 W 378 lat 314 3277 12055 0 exe 29499 189166 554907 resp 561462 629 pmu 1018210 327868 8263054 10543585 500912770
1790956778.692847 W 379 lat 314 3444 9111 0 exe 29314 185722 388092 resp 393888 687 pmu 1017356 339291 8261502 12515065 505221979
1790956779.640903 W 380 lat 333 3648 9814 0 exe 29129 215759 530203 resp 535018 786 pmu 1016799 385643 8264845 10811333 574196723
1790956780.697329 W 381 lat 314 3833 9037 0 exe 29018 241574 521777 resp 525055 912 pmu 1015907 409240 8266592 12381843 635590916
1790956781.648983 W 382 lat 388 4074 8462 0 exe 31907 258370 549574 resp 555814 957 pmu 1014686 443067 8252236 12415436 679839904
1790956782.704942 W 383 lat 462 3999 9259 0 exe 31314 251351 442481 resp 447129 957 pmu 1014338 436408 8253140 12805442 665248249
1790956783.656920 W 384 lat 425 4037 8425 0 exe 47055 228370 374870 resp 379407 939 pmu 1015830 405659 8268812 11692264 606210884
1790956784.712908 W 385 lat 314 3962 9351 0 exe 28833 232333 527999 resp 532703 897 pmu 1014986 448756 8258922 10975140 622004754
1790956785.660893 W 386 lat 314 3796 10499 0 exe 48629 247444 508666 resp 513870 919 pmu 1015455 459510 8259457 12439842 655974150
1790956786.616853 W 387 lat 333 3907 9185 0 exe 37259 211907 491166 resp 494703 933 pmu 1019646 331641 8295358 12428563 566263613
1790956787.660782 W 388 lat 407 3999 10444 0 exe 34722 192740 339296 resp 342370 869 pmu 1020081 289374 8304973 12004580 514009556
1790956788.712803 W 389 lat 611 4203 9611 0 exe 35925 225925 504740 resp 509962 974 pmu 1018557 364486 8312692 10382296 597960989
1790956789.657049 W 390 lat 351 4166 8777 0 exe 34666 217092 368537 resp 373444 942 pmu 1018311 348713 8309559 12217323 579300442
1790956790.704917 W 391 lat 333 3962 9611 0 exe 32648 208129 521296 resp 526777 896 pmu 1019068 345802 8305686 10797477 552358719
1790956791.652914 W 392 lat 407 3759 9092 0 exe 30462 194037 423685 resp 428055 851 pmu 1019782 313519 8306983 12276024 519456033
1790956792.705015 W 393 lat 333 3629 9962 0 exe 31277 185444 476648 resp 483499 740 pmu 1019949 313227 8310530 11209245 496729446
1790956793.649013 W 394 lat 314 3759 9037 0 exe 31074 185574 352648 resp 357888 809 pmu 1019906 300402 8311008 11716040 499231104
1790956794.704904 W 395 lat 351 3666 9703 0 exe 27555 202351 529796 resp 535685 832 pmu 1019847 320259 8305534 10463373 536867818
1790956795.660931 W 396 lat 333 3537 9129 0 exe 35944 163092 331462 resp 336018 713 pmu 1020700 261083 8308616 12307395 438286766
1790956796.716860 W 397 lat 314 3574 8925 0 exe 30648 198870 554666 resp 559296 785 pmu 1019632 344981 8298106 10159475 532571346
1790956797.664961 W 398 lat 314 2574 7055 0 exe 28018 105592 279296 resp 282462 425 pmu 1022622 184019 8277416 12542435 291961106
1790956798.716946 W 399 lat 277 3592 8759 0 exe 30907 184277 544629 resp 550629 720 pmu 1020166 307753 8301151 9288196 493083402
1790956799.672752 W 400 lat 314 3629 9407 0 exe 28925 176148 348629 resp 352999 786 pmu 1020190 286945 8310100 12377261 477379255
1790956800.624947 W 401 lat 333 3018 8166 0 exe 33111 145240 337481 resp 342074 593 pmu 1021692 240923 8296078 10361588 388628968
1790956801.688755 W 402 lat 333 3018 9574 0 exe 28166 143981 528888 resp 532277 509 pmu 1021032 256828 8288400 10108058 396111073
1790956802.636957 W 403 lat 296 2333 9240 0 exe 23129 102574 334703 resp 339333 348 pmu 1022617 190872 8275184 11991563 280491261
1790956803.688894 W 404 lat 333 3574 9814 0 exe 29259 153685 306888 resp 310092 707 pmu 1020773 266941 8303849 9819616 421805476
1790956804.640762 W 405 lat 333 3462 8944 0 exe 30481 179944 521981 resp 526981 741 pmu 1020122 307174 8301005 9829984 482317557
1790956805.697024 W 406 lat 296 2870 7444 0 exe 30240 176574 490259 resp 494685 590 pmu 1020277 325766 8275660 12121833 468598436
1790956806.645027 W 407 lat 314 3462 8907 0 exe 28722 192444 537074 resp 540814 789 pmu 1019544 334706 8297493 11773821 518119723
1790956807.700952 W 408 lat 314 3407 9203 0 exe 30537 164481 332703 resp 337203 671 pmu 1021057 259556 8302764 12320257 439832389
1790956808.649089 W 409 lat 314 3296 10018 0 exe 28481 165333 465148 resp 469037 762 pmu 1021012 280693 8304102 10151026 444795698
1790956809.701045 W 410 lat 333 3796 10333 0 exe 32870 180259 384740 resp 386648 822 pmu 1019928 295238 8306944 11469979 486577577
1790956810.644995 W 411 lat 314 3629 8888 0 exe 32537 189777 362166 resp 370481 783 pmu 1019852 308788 8304707 10756935 505229363
1790956811.697030 W 412 lat 314 3740 8888 0 exe 29092 201222 530444 resp 537129 817 pmu 1019760 315913 8309858 10601082 535301592
1790956812.641036 W 413 lat 333 3518 9925 0 exe 29777 177981 470907 resp 474999 774 pmu 1020252 302039 8299748 12315802 479724447
1790956813.700934 W 414 lat 296 3537 8574 0 exe 31388 183907 356703 resp 361166 814 pmu 1020283 289202 8306914 11599343 492415865
1790956814.648916 W 415 lat 370 3574 7851 0 exe 35055 180203 467722 resp 471222 781 pmu 1020301 293824 8301408 10489739 479996984
1790956815.693007 W 416 lat 314 3444 9166 0 exe 31666 158833 308981 resp 311648 675 pmu 1020894 261579 8297518 11591490 432057199
1790956816.649014 W 417 lat 314 3037 8499 0 exe 27314 158555 457537 resp 461166 605 pmu 1021109 275375 8291424 9881643 427907766
1790956817.705011 W 418 lat 314 3277 9055 0 exe 31888 166481 320981 resp 327166 684 pmu 1020890 260273 8305786 11343797 446169339
1790956818.644997 W 419 lat 351 3703 9370 0 exe 33370 201814 535370 resp 539796 851 pmu 1019266 344962 8301234 10057962 539500565
1790956819.692936 W 420 lat 296 3592 9796 0 exe 23685 170055 354518 resp 358777 756 pmu 1019903 294257 8301885 12380657 458492745
1790956820.632995 W 421 lat 314 3703 8740 0 exe 29185 212222 523592 resp 529037 834 pmu 1019436 345215 8313831 10365803 558888712
1790956821.685032 W 422 lat 314 3925 9629 0 exe 34277 220814 532444 resp 538129 864 pmu 1018448 357281 8310180 12296003 586105106
1790956822.637027 W 423 lat 444 4092 9759 0 exe 40962 223888 547759 resp 553574 905 pmu 1018250 371978 8306331 12459765 591250406
1790956823.692913 W 424 lat 370 3611 8888 0 exe 32944 179055 380944 resp 387648 765 pmu 1019543 309037 8307309 12664301 487033780
1790956824.636906 W 425 lat 425 3962 9481 0 exe 31981 199703 507185 resp 513222 880 pmu 1019374 342623 8304045 10729499 532697422
1790956825.701730 W 426 lat 314 3685 8703 0 exe 29907 206981 493259 resp 498037 847 pmu 1018569 354991 8297476 12091858 548558394
1790956826.652821 W 427 lat 314 3833 9611 0 exe 34370 228722 531648 resp 536240 815 pmu 1017937 416374 8295456 11966545 607052037
1790956827.692657 W 428 lat 296 1444 10277 0 exe 16611 74870 506981 resp 512314 246 pmu 1022154 161302 8257491 12484031 206338653
1790956828.628720 W 429 lat 296 296 333 0 exe 16611 18407 34999 resp 35314 0 pmu 1023432 27717 8247273 11373334 49203543
1790956829.684902 W 430 lat 296 1833 9333 0 exe 16870 130314 421185 resp 430518 579 pmu 1017713 323826 8268740 6292182 333821926
1790956830.633044 W 431 lat 1611 3018 6018 0 exe 161222 200481 256629 resp 259240 1000 pmu 1013126 440011 8290795 10814165 514980873
1790956831.676897 W 432 lat 1388 3018 6351 0 exe 162925 213999 388833 resp 393962 1000 pmu 1012412 486926 8280323 10203361 550218849
1790956832.616916 W 433 lat 1111 3037 6351 0 exe 124351 200037 264499 resp 268425 1000 pmu 1013208 436888 8290148 11614856 513995854
1790956833.656915 W 434 lat 629 3037 7814 0 exe 127648 207462 361759 resp 366314 1000 pmu 1013032 468500 8287701 10101525 532690049
1790956834.700900 W 435 lat 1370 3074 6092 0 exe 146666 198925 284962 resp 287407 1000 pmu 1013039 442827 8296011 11135770 511424360
1790956835.636882 W 436 lat 1296 2999 5870 0 exe 151518 207444 368574 resp 371833 1000 pmu 1012947 468908 8293707 10405009 533427136
1790956836.684897 W 437 lat 1351 2999 5999 0 exe 128907 205092 335055 resp 338425 1000 pmu 1012674 457217 8286550 11310297 527731722
1790956837.632893 W 438 lat 1296 3055 6333 0 exe 158296 211407 382777 resp 385870 1000 pmu 1012282 475796 8276599 10851785 543182543
1790956838.676886 W 439 lat 666 3018 6018 0 exe 145592 196814 244240 resp 247481 1000 pmu 1013415 438554 8289643 11507878 506203989
1790956839.624879 W 440 lat 1259 3018 6388 0 exe 133259 205333 367925 resp 371259 1000 pmu 1012971 461416 8286282 9981637 527725368
1790956840.668915 W 441 lat 1185 3018 6740 0 exe 139129 200185 242962 resp 247481 1000 pmu 1013176 439697 8291028 11204834 514336092
1790956841.604881 W 442 lat 1574 3037 5629 0 exe 166148 212129 387462 resp 389981 1000 pmu 1012698 479903 8284979 9965914 545034545
1790956842.648895 W 443 lat 537 2981 6351 0 exe 117851 199148 245944 resp 247629 1000 pmu 1013261 437431 8288148 11592461 511671473
1790956843.700910 W 444 lat 1444 2999 6129 0 exe 122592 203611 349462 resp 352592 1000 pmu 1013088 463384 8294048 9864762 523383661
1790956844.652869 W 445 lat 1444 3055 6259 0 exe 170499 202333 282370 resp 284907 1000 pmu 1012728 445883 8290300 10956652 519835788
1790956845.704845 W 446 lat 1425 3055 6129 0 exe 161703 209074 371462 resp 376277 1000 pmu 1012682 467292 8285842 10516863 537151384
1790956846.644886 W 447 lat 814 2981 6629 0 exe 90333 230185 387666 resp 391518 999 pmu 1011293 551992 8268791 11408241 594321734
1790956847.688915 W 448 lat 518 2999 7277 0 exe 131555 204074 378314 resp 381962 1000 pmu 1012915 466018 8285896 11313216 525441010
1790956848.624898 W 449 lat 1462 3074 5814 0 exe 156962 200796 259685 resp 263370 1000 pmu 1013130 441105 8289230 11295954 515973148
1790956849.664920 W 450 lat 1351 3018 5592 0 exe 139222 207944 352370 resp 355870 1000 pmu 1012760 465591 8281744 10218339 534307348
1790956850.600920 W 451 lat 1148 3037 6592 0 exe 135314 201388 272092 resp 275407 1000 pmu 1013127 441673 8287688 11089320 517174481
1790956851.640908 W 452 lat 518 3185 8740 0 exe 132092 225277 630518 resp 635796 1000 pmu 1012814 502556 8290870 10237421 579779459
1790956852.684824 W 453 lat 1333 3240 6055 0 exe 132203 205055 277166 resp 280981 1000 pmu 1013574 440498 8307264 13943196 526822661
1790956853.616954 W 454 lat 925 3259 6944 0 exe 104462 217296 444851 resp 447944 1000 pmu 1013583 477708 8305011 10292675 557603561
1790956854.656952 W 455 lat 1462 3240 5962 0 exe 132388 210888 261111 resp 264703 1000 pmu 1013013 447176 8308252 11890978 539699878
1790956855.696929 W 456 lat 574 3222 7111 0 exe 165518 219666 377018 resp 381888 1000 pmu 1012430 478571 8305647 10161296 561424449
1790956856.636923 W 457 lat 1240 3259 6703 0 exe 156370 213314 392129 resp 395388 1000 pmu 1012820 468419 8305057 11537524 546471755
1790956857.676905 W 458 lat 1388 3296 8592 0 exe 147074 218648 392703 resp 396351 1000 pmu 1012897 473786 8308360 11604598 560229805
1790956858.612915 W 459 lat 1333 3277 7018 0 exe 145148 212111 264685 resp 270314 1000 pmu 1012994 448697 8305976 11602890 542445327
1790956859.652924 W 460 lat 1259 3259 6851 0 exe 168148 219629 374629 resp 378481 1000 pmu 1012731 474212 8301192 10281976 561214884
1790956860.692949 W 461 lat 722 3222 7518 0 exe 135462 204759 252407 resp 256777 1000 pmu 1013383 442539 8313517 11523811 524163527
1790956861.632808 W 462 lat 1499 3314 6537 0 exe 172944 224574 374537 resp 378481 1000 pmu 1012419 492966 8299396 10066920 574598067
1790956862.668921 W 463 lat 1388 3296 7407 0 exe 135222 212314 287296 resp 294555 1000 pmu 1013017 449904 8309995 11572175 542845669
1790956863.604910 W 464 lat 1185 3314 7074 0 exe 134759 219666 398462 resp 403851 1000 pmu 1012748 473280 8301768 10470025 561319822
1790956864.648939 W 465 lat 629 3240 7148 0 exe 129277 208185 269222 resp 273870 1000 pmu 1013315 449723 8308545 11604085 532559490
1790956865.688959 W 466 lat 1111 3351 18722 0 exe 134277 215981 376537 resp 395259 1000 pmu 1012717 466982 8307811 10220368 552419265
1790956866.624903 W 467 lat 944 3277 6666 0 exe 68518 244925 397148 resp 402222 999 pmu 1011134 575263 8286682 11488862 630075443
1790956867.664942 W 468 lat 1351 3259 6851 0 exe 119740 212907 296851 resp 301203 1000 pmu 1012981 452462 8307726 11381134 544034126
1790956868.600961 W 469 lat 685 3222 7611 0 exe 135629 215666 415592 resp 419851 1000 pmu 1012623 476610 8305803 10473239 551697143
1790956869.640910 W 470 lat 1259 3314 6481 0 exe 135907 210074 294999 resp 299611 1000 pmu 1013152 447839 8318167 11753832 537647292
1790956870.684789 W 471 lat 1240 3296 6888 0 exe 129203 218833 370925 resp 377351 1000 pmu 1012905 473884 8315806 10520861 559775549
1790956871.616942 W 472 lat 1611 3314 7370 0 exe 137296 219277 355722 resp 358518 1000 pmu 1012536 472170 8315283 11301285 560948049
1790956872.660949 W 473 lat 499 3277 6481 0 exe 144203 218277 379018 resp 383388 1000 pmu 1012699 478416 8311332 11178134 558601323
1790956873.596905 W 474 lat 1444 3314 7648 0 exe 139037 210518 266388 resp 269666 1000 pmu 1013021 449939 8314388 11438254 538434233
1790956874.636933 W 475 lat 1537 3277 6037 0 exe 154574 219981 391074 resp 395555 1000 pmu 1012635 477052 8315382 10252640 562750577
1790956875.676916 W 476 lat 870 3277 6944 0 exe 133499 213870 265296 resp 270333 1000 pmu 1012721 452228 8308642 11622911 546805627
1790956876.612861 W 477 lat 592 3259 7277 0 exe 143129 222111 403814 resp 406981 1000 pmu 1012541 492912 8313440 10233026 568377235
1790956877.652907 W 478 lat 1037 3333 6888 0 exe 136203 208351 285462 resp 290481 1000 pmu 1013380 446375 8322398 11698264 533462869
1790956878.692915 W 479 lat 1314 3351 6870 0 exe 149833 218962 378351 resp 381444 1000 pmu 1012946 473302 8316908 10421360 560321082
1790956879.632803 W 480 lat 1333 3333 7611 0 exe 170777 212296 260648 resp 265277 1000 pmu 1012784 449318 8317458 11463082 542973481
1790956880.668919 W 481 lat 592 3296 6425 0 exe 120018 217907 381166 resp 384703 1000 pmu 1012859 475357 8310902 10369004 557149971
1790956881.612916 W 482 lat 1499 3277 6444 0 exe 137351 213999 367592 resp 369240 1000 pmu 1012843 465676 8314173 11333025 547978221
1790956882.660890 W 483 lat 1574 3277 7592 0 exe 132870 218129 401685 resp 406425 1000 pmu 1012454 473635 8313835 11259728 558857421
1790956883.612911 W 484 lat 1296 3314 7611 0 exe 178648 212833 271259 resp 275740 1000 pmu 1012916 449082 8306385 11620373 544009053
1790956884.672881 W 485 lat 444 3092 6962 0 exe 114759 206351 348203 resp 350944 1000 pmu 1014087 461662 8316130 10516018 529437864
1790956885.612891 W 486 lat 1185 3203 7370 0 exe 133537 208111 269388 resp 272870 1000 pmu 1013087 448860 8306599 10916190 532220674
1790956886.660882 W 487 lat 1499 3314 6499 0 exe 137851 228388 384240 resp 388425 1000 pmu 1011841 507753 8302336 10240823 585241019
1790956887.604873 W 488 lat 1148 3222 6462 0 exe 153629 241018 390944 resp 394907 1000 pmu 1011177 555434 8283286 11513544 618680671
1790956888.648901 W 489 lat 592 3277 8981 0 exe 126388 216555 373777 resp 376999 1000 pmu 1012802 473366 8307804 11719181 554478400
1790956889.592654 W 490 lat 296 1740 7277 0 exe 16870 113833 333907 resp 337759 488 pmu 1018114 263609 8275023 11294048 292920897
1790956890.632648 W 491 lat 296 296 703 0 exe 16703 20629 125388 resp 126092 2 pmu 1023413 53085 8249896 9817963 54338081
1790956891.676651 W 492 lat 296 296 740 0 exe 16759 26148 192462 resp 193203 12 pmu 1023204 111744 8246492 7209729 67981074
1790956892.612689 W 493 lat 296 296 518 0 exe 17018 21277 103277 resp 103592 3 pmu 1023405 60356 8239140 7908777 54842259
1790956893.652621 W 494 lat 296 296 351 0 exe 16851 18888 36148 resp 36444 0 pmu 1023504 32721 8237081 6990557 47746783
1790956894.588643 W 495 lat 296 296 537 0 exe 16444 20740 106518 resp 106833 4 pmu 1023380 54001 8237494 6305525 52484853
1790956895.628620 W 496 lat 296 296 333 0 exe 16981 18851 35055 resp 35370 0 pmu 1023503 32425 8241534 7017393 47684618
1790956896.668648 W 497 lat 296 296 481 0 exe 16833 24055 108314 resp 108703 1 pmu 1023393 93333 8241146 6295027 61223100
1790956897.604621 W 498 lat 296 296 333 0 exe 16833 18870 36425 resp 36722 0 pmu 1023424 32661 8236784 7053930 47721731
1790956898.644643 W 499 lat 296 296 481 0 exe 16851 20814 112777 resp 113111 2 pmu 1023425 55156 8239951 6308037 52703785
1790956899.684620 W 500 lat 296 296 333 0 exe 16444 18685 34148 resp 34444 0 pmu 1023440 30257 8235900 7082270 47286300
1790956900.620644 W 501 lat 296 296 629 0 exe 16722 21148 99370 resp 99999 0 pmu 1023419 59057 8239194 6282134 53601430
1790956901.660644 W 502 lat 296 296 444 0 exe 16722 21611 91999 resp 92314 0 pmu 1023400 64777 8244104 6951383 54905869
1790956902.596644 W 503 lat 296 296 425 0 exe 16555 21277 114499 resp 114814 1 pmu 1023411 60618 8242950 6877463 54263093
1790956903.636621 W 504 lat 296 296 351 0 exe 16925 18703 33629 resp 33944 0 pmu 1023462 30265 8236202 7099942 47322009
1790956904.676646 W 505 lat 296 296 444 0 exe 16648 21074 103814 resp 104129 1 pmu 1023386 58311 8239596 6279743 53381762
1790956905.612620 W 506 lat 296 296 333 0 exe 16833 18999 31981 resp 32296 0 pmu 1023450 34229 8240068 6992659 48030584
1790956906.652647 W 507 lat 296 296 537 0 exe 16870 23611 108055 resp 108370 2 pmu 1023322 87472 8240412 6264250 60054328
1790956907.588656 W 508 lat 296 296 592 0 exe 16981 28444 139666 resp 139981 5 pmu 1023149 142991 8243373 7049223 74109122
1790956908.628648 W 509 lat 296 296 351 0 exe 16740 21370 99407 resp 99740 0 pmu 1023411 61625 8239374 7390494 54793853
1790956909.668620 W 510 lat 296 296 333 0 exe 17055 18814 32370 resp 32666 0 pmu 1023431 32312 8242500 6950143 47557055
1790956910.604646 W 511 lat 296 296 574 0 exe 16851 21129 106814 resp 107222 2 pmu 1023393 58579 8239816 6268142 53496238
1790956911.644645 W 512 lat 296 296 425 0 exe 16851 21907 95851 resp 96277 0 pmu 1023411 68277 8245852 7025081 55678282
1790956912.580644 W 513 lat 296 296 481 0 exe 16666 21499 99796 resp 100111 1 pmu 1023443 63404 8242565 6918642 54842648
1790956913.620624 W 514 lat 296 296 333 0 exe 16518 18703 33499 resp 33814 0 pmu 1023439 30765 8234068 6954830 47272742
1790956914.660643 W 515 lat 296 296 462 0 exe 16314 20981 111037 resp 111351 1 pmu 1023373 57082 8235249 6276424 53174922
1790956915.596619 W 516 lat 296 296 333 0 exe 16777 18814 34851 resp 35148 0 pmu 1023474 32149 8241374 7062793 47607126
1790956916.636648 W 517 lat 296 296 518 0 exe 16592 24074 108833 resp 109148 2 pmu 1023377 93404 8241869 6291761 61270347
1790956917.676655 W 518 lat 296 314 7203 0 exe 16759 21277 640666 resp 647870 3 pmu 1023444 51143 8242715 7057981 54238574
1790956918.612646 W 519 lat 296 296 425 0 exe 16870 21407 117648 resp 117981 1 pmu 1023412 62211 8243130 12431245 57919889
1790956919.652649 W 520 lat 296 296 333 0 exe 16648 19555 155537 resp 155851 1 pmu 1023473 40129 8242224 7133722 49836993
1790956920.588648 W 521 lat 296 296 407 0 exe 16703 21203 108407 resp 108814 1 pmu 1023493 59926 8244970 7501802 54414097
1790956921.632645 W 522 lat 296 296 722 0 exe 16962 21351 92981 resp 93314 0 pmu 1023440 61489 8241247 7039646 54262455
1790956922.672646 W 523 lat 296 296 425 0 exe 17037 21907 112648 resp 113074 3 pmu 1023399 67985 8244035 6888696 55788474
1790956923.608624 W 524 lat 296 296 333 0 exe 16888 18814 35666 resp 35962 0 pmu 1023447 31825 8240065 7087693 47599806
1790956924.648645 W 525 lat 296 296 425 0 exe 16851 20925 102944 resp 103259 1 pmu 1023390 56504 8236718 6300451 53050818
1790956925.584621 W 526 lat 296 296 333 0 exe 16759 19018 36259 resp 36574 0 pmu 1023443 34236 8242312 6983983 48079952
1790956926.624646 W 527 lat 296 296 388 0 exe 16703 23555 104203 resp 104518 1 pmu 1023402 87172 8244616 6306867 59915795
1790956927.664665 W 528 lat 296 296 518 0 exe 16870 27314 110796 resp 111166 11 pmu 1023099 131139 8241838 7009027 71504476
1790956928.600643 W 529 lat 296 296 425 0 exe 16888 22648 103907 resp 104277 2 pmu 1023411 76937 8244581 7095476 57783462
1790956929.640626 W 530 lat 296 296 333 0 exe 16703 18962 33537 resp 33833 0 pmu 1023482 33574 8240518 7002957 47929653
1790956930.576643 W 531 lat 296 296 425 0 exe 16888 20925 102611 resp 102925 1 pmu 1023357 56360 8237645 6278954 52945207
1790956931.616650 W 532 lat 296 296 592 0 exe 17185 21203 90685 resp 90999 0 pmu 1023385 59981 8237308 6980998 53899228
1790956932.656646 W 533 lat 296 296 777 0 exe 16981 21203 113018 resp 113537 2 pmu 1023406 59644 8241576 6865436 54038566
1790956933.592627 W 534 lat 296 296 351 0 exe 16796 19296 38277 resp 38574 0 pmu 1023451 37613 8240170 7089786 48798395
1790956934.632646 W 535 lat 296 296 425 0 exe 16537 21148 105111 resp 105407 2 pmu 1023454 59102 8239849 6328711 53574719
1790956935.672622 W 536 lat 296 296 333 0 exe 16722 18888 36999 resp 37296 0 pmu 1023483 32840 8240261 7005233 47745063
1790956936.608697 W 537 lat 296 296 518 0 exe 16796 23277 131666 resp 132074 3 pmu 1023379 83848 8239177 6313280 59217627
1790956937.648622 W 538 lat 296 296 333 0 exe 16759 18981 47277 resp 47592 0 pmu 1023376 33888 8235840 7283975 48128268
1790956938.584644 W 539 lat 296 296 425 0 exe 16629 21481 108592 resp 108907 3 pmu 1023406 63082 8238746 6416963 54513599
1790956939.624634 W 540 lat 296 296 351 0 exe 16851 19222 47296 resp 47592 0 pmu 1023470 36494 8240860 7042330 48560445
1790956940.664647 W 541 lat 296 296 407 0 exe 16703 20740 114425 resp 114740 3 pmu 1023443 54384 8237414 6418551 52584167
1790956941.600657 W 542 lat 296 296 425 0 exe 16962 21203 90407 resp 90796 0 pmu 1023407 59820 8240659 7097139 54017271
1790956942.640650 W 543 lat 296 296 462 0 exe 16870 21444 119037 resp 119499 3 pmu 1023456 62234 8238104 6860987 54609381
1790956943.680624 W 544 lat 296 296 333 0 exe 16796 18870 38851 resp 39148 0 pmu 1023440 32996 8243636 7148670 47836646
1790956944.616648 W 545 lat 296 296 444 0 exe 16944 20777 104481 resp 104925 1 pmu 1023412 55187 8241119 6332154 52701414
1790956945.656631 W 546 lat 296 296 333 0 exe 16703 19481 38851 resp 39166 0 pmu 1023469 39380 8238204 6999862 49172623
1790956946.592654 W 547 lat 296 296 796 0 exe 16833 23055 106166 resp 106574 1 pmu 1023429 82345 8243727 6334788 58778382
1790956947.632664 W 548 lat 296 296 759 0 exe 16703 19648 132722 resp 133203 1 pmu 1023474 40938 8241985 7029426 49926991
1790956948.672651 W 549 lat 296 296 1148 0 exe 17055 30092 127185 resp 128333 8 pmu 1023155 162665 8243455 7277380 78601432
1790956949.608638 W 550 lat 296 296 425 0 exe 16444 20129 108203 resp 108555 1 pmu 1023398 46799 8237286 7281293 51161140
1790956950.648649 W 551 lat 296 296 407 0 exe 16925 21074 102425 resp 102777 2 pmu 1023440 57913 8238894 7030823 53841645
1790956951.584660 W 552 lat 296 296 759 0 exe 16555 23629 108222 resp 108907 1 pmu 1023379 88402 8244910 6980140 60592673
1790956952.624652 W 553 lat 296 296 462 0 exe 16870 20759 113777 resp 114092 3 pmu 1023395 54501 8249952 7052462 53026384
1790956953.668978 W 554 lat 296 2425 14055 0 exe 16629 176666 567851 resp 576611 410 pmu 1018923 286901 8253525 7093225 445932805
1790956954.605084 W 555 lat 333 4870 13740 0 exe 52574 377925 614425 resp 621129 983 pmu 1011636 632690 8253875 12535196 960344964
1790956955.645166 W 556 lat 2407 6148 14925 0 exe 193462 389166 505277 resp 511203 1000 pmu 1012491 508903 8269248 14187674 972931263
1790956956.689102 W 557 lat 296 2814 12648 0 exe 28259 209333 583481 resp 587333 501 pmu 1015944 446684 8261118 13874133 551176735
1790956957.633178 W 558 lat 1407 5814 15092 0 exe 126240 434703 580185 resp 587944 1000 pmu 1011155 606615 8254340 12883423 1088742364
1790956958.688764 W 559 lat 296 2962 10166 0 exe 35981 260055 601296 resp 609055 806 pmu 1014178 536765 8260803 14518887 674752125
1790956959.636923 W 560 lat 296 3425 11629 0 exe 44148 302407 556814 resp 561666 837 pmu 1012249 627558 8246597 13361200 781932993
1790956960.689070 W 561 lat 351 5518 13851 0 exe 69481 397666 583888 resp 588499 995 pmu 1010618 595393 8248274 13164542 999854244
1790956961.636950 W 562 lat 685 5499 13462 0 exe 128314 385851 596851 resp 602351 1000 pmu 1011418 570156 8260068 14059013 970261619
1790956962.681165 W 563 lat 296 3370 10759 0 exe 34574 272703 562240 resp 568907 780 pmu 1014111 514054 8255636 14426923 705919141
1790956963.628997 W 564 lat 296 4537 10259 0 exe 34740 386240 639666 resp 648407 956 pmu 1011853 623075 8248384 13026705 976648963
1790956964.684814 W 565 lat 296 2111 7851 0 exe 42888 199185 559037 resp 564185 609 pmu 1014934 544805 8253090 14382299 543033714
1790956965.621026 W 566 lat 555 4962 13018 0 exe 111129 406685 555629 resp 560537 1000 pmu 1010234 661031 8239495 12640259 1025502066
1790956966.672747 W 567 lat 1074 5851 13111 0 exe 169388 385944 580166 resp 583703 1000 pmu 1012105 522543 8270352 14025116 965664096
1790956967.628774 W 568 lat 296 3166 8259 0 exe 29277 264185 595111 resp 599796 823 pmu 1014474 515385 8258906 14458225 690598365
1790956968.700780 W 569 lat 333 4796 10888 0 exe 53537 424648 615074 resp 621074 992 pmu 1010436 682687 8245384 13263157 1069815888
1790956969.652770 W 570 lat 296 1981 7074 0 exe 39388 185481 439722 resp 445185 656 pmu 1015448 532807 8259131 14413429 510677123
1790956970.701238 W 571 lat 333 4592 10462 0 exe 66944 392833 593833 resp 598314 987 pmu 1010094 666291 8234531 11358168 999305810
1790956971.645022 W 572 lat 1259 5777 13870 0 exe 134370 407518 615592 resp 621666 1000 pmu 1011421 576103 8258169 14099168 1022145300
1790956972.605085 W 573 lat 296 4333 10870 0 exe 46203 333777 564611 resp 570148 947 pmu 1012458 541501 8248503 14762732 849337733
1790956973.673082 W 574 lat 296 4574 12574 0 exe 31259 356611 636740 resp 642259 946 pmu 1014321 538440 8270218 13413730 899794057
1790956974.616813 W 575 lat 296 2944 10092 0 exe 45999 256907 486055 resp 491499 748 pmu 1014309 535345 8260990 14183457 665101682
1790956975.665066 W 576 lat 296 3870 10259 0 exe 44240 324055 594629 resp 601185 854 pmu 1012526 610990 8252435 12231154 824946816
1790956976.705224 W 577 lat 1777 5444 12925 0 exe 163888 403703 573111 resp 577944 1000 pmu 1010190 603713 8245551 13655134 1011897341
1790956977.644746 W 578 lat 333 4648 9759 0 exe 84351 368518 560296 resp 567388 996 pmu 1010824 612489 8244801 14456645 937267468
1790956978.685186 W 579 lat 296 3685 9462 0 exe 27851 311518 545907 resp 549685 865 pmu 1013379 530066 8256252 13738795 796295110
1790956979.624776 W 580 lat 296 3203 9018 0 exe 47166 280592 544037 resp 549629 832 pmu 1013207 577304 8257979 13004274 733671195
1790956980.669038 W 581 lat 296 3351 11888 0 exe 50185 283462 583370 resp 589648 872 pmu 1013174 579865 8252726 12931931 740249218
1790956981.612950 W 582 lat 1259 4999 11611 0 exe 155314 409648 611759 resp 615851 1000 pmu 1009250 673947 8243447 13373619 1032228652
1790956982.657319 W 583 lat 777 4981 11055 0 exe 137888 376425 557981 resp 562870 1000 pmu 1012028 571111 8260257 14814891 951821017
1790956983.708956 W 584 lat 296 4018 12185 0 exe 29574 329481 565296 resp 570518 876 pmu 1012297 566184 8248291 14022104 842320592
1790956984.660800 W 585 lat 296 4037 9481 0 exe 34907 331481 574037 resp 577851 946 pmu 1013981 525677 8263181 13319201 838419061
1790956985.712942 W 586 lat 296 2629 8574 0 exe 44962 232166 544129 resp 547148 855 pmu 1014586 547741 8258654 13422618 626328595
1790956986.656962 W 587 lat 1648 5444 16277 0 exe 118851 396037 567740 resp 571962 1000 pmu 1011336 595049 8251152 12662199 996291957
1790956987.708995 W 588 lat 462 4851 11925 0 exe 89166 397814 595259 resp 598574 999 pmu 1010856 622315 8245713 14152569 1003840267
1790956988.656819 W 589 lat 740 5074 10777 0 exe 114648 391666 609148 resp 616166 1000 pmu 1011697 575941 8258040 14252960 988012526
1790956989.704947 W 590 lat 296 3333 9018 0 exe 30648 299388 590999 resp 595037 857 pmu 1013920 584268 8254194 14503294 780262056
1790956990.657023 W 591 lat 296 3037 8703 0 exe 35037 253666 522222 resp 526592 834 pmu 1015024 520184 8262324 13405654 659543362
1790956991.705213 W 592 lat 462 4685 11055 0 exe 80518 368685 611592 resp 617574 998 pmu 1011031 620486 8249940 12510293 932826374
1790956992.640726 W 593 lat 518 4981 13722 0 exe 90777 380203 640499 resp 644333 999 pmu 1010814 602875 8247688 14235403 965067970
1790956993.681157 W 594 lat 314 4666 12740 0 exe 70037 358648 539999 resp 543759 991 pmu 1011949 558861 8257501 14637792 912018553
1790956994.620915 W 595 lat 296 3944 12092 0 exe 34462 334037 649629 resp 655351 856 pmu 1012665 603743 8251050 13413120 857653447
1790956995.661128 W 596 lat 296 3611 9370 0 exe 38370 317462 588074 resp 593259 865 pmu 1013211 564193 8250294 14211281 819196877
1790956996.701154 W 597 lat 314 4333 9981 0 exe 63444 345314 586666 resp 593907 970 pmu 1011788 596745 8251220 13514706 881381656
1790956997.636912 W 598 lat 1592 5148 12203 0 exe 132629 410962 619351 resp 624148 1000 pmu 1009756 638704 8248369 13782444 1033739203
1790956998.681276 W 599 lat 296 3629 10574 0 exe 37685 281870 592407 resp 597203 829 pmu 1014443 514117 8266532 14792288 728662582
1790956999.617093 W 600 lat 722 5981 12648 0 exe 131055 425574 589999 resp 596425 1000 pmu 1011805 563460 8261373 13381014 1066222531
1790957000.657161 W 601 lat 296 2111 8351 0 exe 37018 204962 539685 resp 545851 628 pmu 1015072 535969 8256540 14573442 553931463
1790957001.701059 W 602 lat 333 4648 16314 0 exe 67722 377740 596148 resp 606518 993 pmu 1011510 622683 8244296 12453885 955532037
1790957002.637166 W 603 lat 1055 5055 14314 0 exe 102592 375999 585240 resp 589759 1000 pmu 1012273 561026 8266736 14109778 945578903
1790957003.677159 W 604 lat 296 2740 8759 0 exe 29870 232574 534666 resp 538203 746 pmu 1014499 507804 8255395 14132047 610727634
1790957004.617095 W 605 lat 1499 5722 11148 0 exe 214425 435518 661796 resp 669777 1000 pmu 1010588 625017 8253825 12498177 1093200554
1790957005.656889 W 606 lat 296 3629 13351 0 exe 44722 307018 609611 resp 615037 767 pmu 1012623 570456 8256281 15761437 787554323
1790957006.716906 W 607 lat 296 3981 12407 0 exe 39111 351999 599833 resp 604629 844 pmu 1011987 610917 8242166 13730562 897600115
1790957007.669215 W 608 lat 333 4203 11907 0 exe 53814 342333 553592 resp 557537 980 pmu 1012489 569067 8265215 13823799 868048389
1790957008.620901 W 609 lat 314 4518 11870 0 exe 54037 344222 585037 resp 590518 967 pmu 1011875 578702 8252636 13381158 873485080
1790957009.665028 W 610 lat 296 3629 13555 0 exe 36333 291166 578537 resp 588685 762 pmu 1013775 577670 8255769 13714446 754457461
1790957010.708907 W 611 lat 351 5425 11111 0 exe 50333 435481 671574 resp 677166 992 pmu 1009920 648390 8239338 13323917 1096985585
1790957011.645038 W 612 lat 296 2407 8703 0 exe 41555 221537 575074 resp 580814 637 pmu 1014882 529429 8264391 15018794 579371389
1790957012.685135 W 613 lat 351 4370 12425 0 exe 59259 374703 590222 resp 594648 972 pmu 1011178 659219 8248476 12914466 951458383
1790957013.620678 W 614 lat 296 3129 11777 0 exe 16722 222888 612296 resp 618351 563 pmu 1016953 346289 8263634 13941292 562162086
1790957014.660667 W 615 lat 296 296 629 0 exe 16851 20777 107907 resp 108222 4 pmu 1023343 54255 8246871 13186949 56722744
1790957015.704686 W 616 lat 296 666 9148 0 exe 16703 65203 553944 resp 558166 99 pmu 1022053 154807 8244914 7034497 165024874
1790957016.640660 W 617 lat 296 296 518 0 exe 17296 23074 114481 resp 114796 3 pmu 1023232 80977 8240319 11780064 62574605
1790957017.684663 W 618 lat 296 314 2240 0 exe 17499 26481 228851 resp 229814 11 pmu 1023150 106859 8240718 7113027 70643821
1790957018.620656 W 619 lat 296 296 481 0 exe 17314 22703 111203 resp 111648 4 pmu 1023242 76653 8242083 8286631 59458216
1790957019.660629 W 620 lat 296 296 407 0 exe 17444 19518 43037 resp 43351 0 pmu 1023368 41349 8238448 7078772 49635130
1790957020.700658 W 621 lat 296 296 499 0 exe 17074 22944 108962 resp 109351 5 pmu 1023277 79320 8239532 6380860 58935137
1790957021.636629 W 622 lat 296 296 425 0 exe 17537 20037 47907 resp 48222 0 pmu 1023399 46975 8240014 7056328 51046586
1790957022.676659 W 623 lat 296 296 537 0 exe 17259 23148 152981 resp 153481 11 pmu 1023240 80960 8243188 6432735 59784585
1790957023.716629 W 624 lat 296 296 425 0 exe 17148 19648 43814 resp 44111 0 pmu 1023427 42631 8239262 7499206 50251179
1790957024.652657 W 625 lat 296 296 685 0 exe 17129 22277 116092 resp 116425 5 pmu 1023305 71967 8243620 6387740 57132120
1790957025.692631 W 626 lat 296 296 407 0 exe 17055 20259 43499 resp 43796 0 pmu 1023436 49515 8242703 7125190 51631873
1790957026.628658 W 627 lat 296 296 907 0 exe 17222 23148 111740 resp 112296 4 pmu 1023257 81814 8242401 6387186 59396037
1790957027.668655 W 628 lat 296 296 555 0 exe 17351 22981 101074 resp 101388 2 pmu 1023209 80147 8239746 7088675 59291339
1790957028.708658 W 629 lat 296 296 537 0 exe 17444 22833 106796 resp 107111 4 pmu 1023173 78348 8242981 6978885 59014606
1790957029.648667 W 630 lat 296 314 1129 0 exe 17685 31166 122851 resp 123351 25 pmu 1022846 171156 8244311 7035884 83258604
1790957030.688657 W 631 lat 296 296 870 0 exe 17388 22833 118370 resp 119240 4 pmu 1023228 78479 8240047 7243169 59218281
1790957031.624635 W 632 lat 296 296 481 0 exe 16833 20111 47092 resp 47388 0 pmu 1023360 47759 8238072 7155590 51299850
1790957032.664658 W 633 lat 296 296 611 0 exe 17499 24296 106574 resp 106999 8 pmu 1023095 94380 8241062 6421596 62959162
1790957033.704634 W 634 lat 296 296 444 0 exe 17222 20166 39833 resp 40148 0 pmu 1023422 48393 8244322 7042073 51328622
1790957034.640655 W 635 lat 296 296 722 0 exe 17499 22444 111277 resp 111796 5 pmu 1023226 73957 8242306 6350995 57584529
1790957035.680644 W 636 lat 296 296 462 0 exe 17296 20074 58240 resp 58537 0 pmu 1023441 47680 8237542 7080987 51157671
1790957036.616651 W 637 lat 296 296 592 0 exe 17425 22907 115351 resp 115777 2 pmu 1023268 79027 8240455 6535145 58886645
1790957037.656656 W 638 lat 296 296 574 0 exe 17555 23314 103592 resp 104111 1 pmu 1023240 83889 8239519 7122534 60297637
1790957038.696654 W 639 lat 296 296 611 0 exe 17370 22240 108851 resp 109166 6 pmu 1023297 71587 8243978 7007875 57358651
1790957039.632634 W 640 lat 296 296 407 0 exe 17333 19629 38574 resp 38888 0 pmu 1023360 42270 8242787 7053428 49897382
1790957040.672654 W 641 lat 296 296 537 0 exe 17092 22592 115037 resp 115370 2 pmu 1023325 75838 8243945 6336281 57996752
1790957041.712629 W 642 lat 296 296 425 0 exe 17203 19999 42722 resp 43037 0 pmu 1023421 46517 8242762 7115371 50952009
1790957042.648654 W 643 lat 296 296 851 0 exe 17555 24962 111092 resp 111555 6 pmu 1023132 101969 8244676 6378970 64669051
1790957043.688632 W 644 lat 296 296 407 0 exe 17314 19703 38129 resp 38444 0 pmu 1023388 43454 8243233 7092290 50110101
1790957044.624656 W 645 lat 296 296 425 0 exe 17111 22259 106740 resp 107074 2 pmu 1023239 71843 8242766 6331867 57092446
1790957045.664632 W 646 lat 296 296 425 0 exe 17259 20092 40351 resp 40666 0 pmu 1023379 47781 8242494 7030200 51191909
1790957046.704653 W 647 lat 296 296 537 0 exe 17314 21962 122277 resp 122611 4 pmu 1023278 68496 8240887 6355928 56252692
1790957047.644655 W 648 lat 296 296 481 0 exe 17499 22888 100666 resp 100981 1 pmu 1023273 79183 8243864 7185763 59079193
1790957048.684660 W 649 lat 296 370 7203 0 exe 17055 30574 544981 resp 552185 26 pmu 1022995 106148 8241481 6974845 81655426
1790957049.620676 W 650 lat 296 314 2166 0 exe 17740 30537 144888 resp 146092 19 pmu 1022779 163601 8244363 11522725 84262389
1790957050.660655 W 651 lat 296 296 499 0 exe 17666 24462 102092 resp 102537 4 pmu 1023260 96800 8242669 7469527 63712191
1790957051.700633 W 652 lat 296 296 407 0 exe 17129 19685 37333 resp 37648 0 pmu 1023353 42809 8242967 6998438 50039070
1790957052.636655 W 653 lat 296 296 481 0 exe 17537 24611 107462 resp 107907 6 pmu 1023129 98375 8243099 6323161 63811686
1790957053.676636 W 654 lat 296 296 425 0 exe 17111 20425 39555 resp 39870 0 pmu 1023389 51448 8242418 7052183 52056993
1790957054.716656 W 655 lat 296 296 444 0 exe 17351 22129 126351 resp 126722 4 pmu 1023278 70580 8240670 6348955 56815362
1790957055.652633 W 656 lat 296 296 407 0 exe 17166 20222 40592 resp 40907 0 pmu 1023403 49076 8238354 7227126 51619435
1790957056.692652 W 657 lat 296 296 425 0 exe 17296 22148 117537 resp 117962 4 pmu 1023347 70760 8240370 6358497 56775430
1790957057.628656 W 658 lat 296 296 555 0 exe 16981 22777 95240 resp 95574 0 pmu 1023351 78160 8240808 7139158 58844829
1790957058.672655 W 659 lat 296 296 518 0 exe 17222 22481 118444 resp 118759 4 pmu 1023305 74222 8242644 6917768 57959370
1790957059.712641 W 660 lat 296 296 407 0 exe 17277 19999 37148 resp 37462 0 pmu 1023387 46454 8237832 7149311 50928656
1790957060.648654 W 661 lat 296 296 444 0 exe 17203 22018 108444 resp 108777 6 pmu 1023245 68812 8237729 6323689 56403525
1790957061.688632 W 662 lat 296 296 407 0 exe 17185 19907 38314 resp 38629 0 pmu 1023394 45727 8240462 7046564 50673072
1790957062.624654 W 663 lat 296 296 555 0 exe 17370 24629 131333 resp 131648 7 pmu 1023142 97780 8240093 6334368 63598037
1790957063.664634 W 664 lat 296 296 425 0 exe 16981 19666 38037 resp 38333 0 pmu 1023389 42952 8242364 7289890 50164248
1790957064.704654 W 665 lat 296 296 499 0 exe 17277 22018 108962 resp 109407 4 pmu 1023248 69337 8239270 6329314 56450681
1790957065.640641 W 666 lat 296 296 425 0 exe 17037 20592 40611 resp 40925 0 pmu 1023299 53435 8238366 7052982 52490989
1790957066.680654 W 667 lat 296 296 518 0 exe 16925 22166 110777 resp 111185 1 pmu 1023201 70727 8240504 6360020 56801890
1790957067.720654 W 668 lat 296 296 444 0 exe 17222 22685 100259 resp 100685 1 pmu 1023215 76690 8237225 7069885 58495279
1790957068.656653 W 669 lat 296 296 425 0 exe 17407 21999 121462 resp 121796 4 pmu 1023305 68858 8238172 6968657 56768572
1790957069.696667 W 670 lat 296 296 425 0 exe 17240 21962 127592 resp 127925 3 pmu 1023222 67902 8238588 7177790 56741123
1790957070.632659 W 671 lat 296 314 629 0 exe 17592 31481 120537 resp 120870 24 pmu 1022676 174667 8241457 7238021 84106472
1790957071.672638 W 672 lat 296 296 407 0 exe 17074 20129 37481 resp 37796 0 pmu 1023365 47891 8240274 7217853 51360377
1790957072.712657 W 673 lat 296 296 555 0 exe 17111 24870 124537 resp 124907 7 pmu 1023120 100323 8240966 6326637 64372672
1790957073.648632 W 674 lat 296 296 537 0 exe 17444 20240 40148 resp 40462 0 pmu 1023388 49175 8239114 7222110 51574977
1790957074.688669 W 675 lat 296 296 499 0 exe 17259 21944 106499 resp 106999 4 pmu 1023247 67988 8239445 6356158 56175098
1790957075.624650 W 676 lat 296 296 629 0 exe 16999 24425 124703 resp 125037 12 pmu 1023227 95406 8246382 7028385 62615439
1790957076.664649 W 677 lat 296 296 462 0 exe 16814 20537 112462 resp 112777 5 pmu 1023349 52064 8250747 7221223 52527398
1790957077.704645 W 678 lat 296 296 555 0 exe 16777 22740 99944 resp 100499 1 pmu 1023385 77480 8248864 7077474 57868426
1790957078.640659 W 679 lat 296 296 481 0 exe 16703 20592 123148 resp 123481 2 pmu 1023312 52608 8252067 6964899 52553179
1790957079.680621 W 680 lat 296 296 333 0 exe 16611 18555 38814 resp 39148 0 pmu 1023364 29215 8248315 7184165 47065532
1790957080.620651 W 681 lat 296 296 962 0 exe 16425 21240 136407 resp 137370 9 pmu 1023338 59675 8249778 6329347 53893277
1790957081.660622 W 682 lat 296 296 333 0 exe 16703 18629 38888 resp 39203 0 pmu 1023408 29802 8247084 7324343 47281114
1790957082.700652 W 683 lat 296 296 574 0 exe 16629 23314 125907 resp 126240 6 pmu 1023362 83828 8249761 6330780 59355135
1790957083.636624 W 684 lat 296 296 333 0 exe 16777 18796 37518 resp 37833 0 pmu 1023385 31946 8249354 7225514 47704254
1790957084.676656 W 685 lat 296 296 499 0 exe 16314 20018 108166 resp 108499 4 pmu 1023332 46379 8248735 6318538 50797971
1790957085.716623 W 686 lat 296 296 333 0 exe 16833 18870 39259 resp 39574 0 pmu 1023313 32415 8244246 7029679 47691504
1790957086.652656 W 687 lat 296 296 722 0 exe 16777 19925 120888 resp 121222 2 pmu 1023280 44726 8241467 6336483 50501998
1790957087.692645 W 688 lat 296 296 555 0 exe 16555 20833 104055 resp 104388 1 pmu 1023327 55456 8251984 7159838 53051412
1790957088.628651 W 689 lat 296 296 518 0 exe 16777 20425 114166 resp 114685 4 pmu 1023347 50540 8251873 6994066 52121778
1790957089.668621 W 690 lat 296 296 333 0 exe 16481 18925 46888 resp 47185 0 pmu 1023331 33317 8242348 7095059 47881654
