1790956404.764375 3142 2790 2969
1790956409.775672 3282 2859 3027
1790956414.785102 3446 2950 3100
1790956419.796098 3580 3002 3151
1790956424.803895 3684 3116 3222
1790956429.852262 3830 3279 3302
1790956434.860195 4022 3491 3433
1790956439.868060 4180 3679 3527
1790956444.875813 4430 3897 3753
1790956449.883633 4566 3975 3911
1790956454.891755 4696 4048 4066
1790956459.899357 4899 4120 4141
1790956464.907040 5067 4333 4262
1790956469.914652 5158 4498 4320
1790956474.922149 5257 4682 4380
1790956479.930266 5344 4834 4424
1790956484.938061 5522 5006 4538
1790956489.945953 5698 5088 4594
1790956494.954140 6011 5282 4714
1790956499.962097 6303 5428 4813
1790956504.969797 6686 5665 5061
1790956509.980333 6919 5796 5169
1790956514.988276 7195 5956 5307
1790956519.995831 7424 6060 5393
1790956525.003446 7769 6304 5621
1790956530.011206 7990 6411 5714
1790956535.018835 8251 6557 5852
1790956540.026596 8477 6698 5951
1790956545.034327 8785 6916 6150
1790956550.042594 9025 7043 6249
1790956555.050664 9275 7164 6357
1790956560.058870 9395 7224 6400
1790956565.066914 9574 7337 6493
1790956570.075069 9698 7387 6540
1790956575.083067 9834 7473 6600
1790956580.091165 9962 7532 6648
1790956585.099297 10146 7659 6755
1790956590.107066 10308 7731 6802
1790956595.114942 10500 7821 6868
1790956600.122747 10595 7888 7009
1790956605.130560 10772 8021 7233
1790956610.179124 10892 8115 7434
1790956615.187006 11052 8228 7660
1790956620.195146 11174 8321 7869
1790956625.203157 11411 8510 8173
1790956630.211338 11537 8621 8383
1790956635.219425 11683 8737 8594
1790956640.227453 11816 8839 8790
1790956645.235446 11992 9006 9075
1790956650.243363 12121 9096 9258
1790956655.254809 12295 9241 9490
1790956660.262679 12439 9332 9701
1790956665.270686 12651 9515 10012
1790956670.278635 12777 9599 10225
1790956675.286668 12954 9734 10470
1790956680.294661 13096 9836 10684
1790956685.302780 13279 9989 10930
1790956690.310874 13346 10045 11037
1790956695.319030 13436 10103 11152
1790956700.327129 13503 10149 11252
1790956705.335280 13655 10277 11445
1790956710.342958 13732 10330 11558
1790956715.351245 13820 10391 11674
1790956720.359036 13900 10442 11780
1790956725.408647 14030 10592 11916
1790956730.416391 14098 10688 11971
1790956735.424055 14193 10809 12057
1790956740.431883 14277 10916 12123
1790956745.440228 14423 11076 12247
1790956750.447999 14508 11200 12317
1790956755.456004 14695 11278 12404
1790956760.464055 14871 11337 12480
1790956765.472099 15123 11464 12620
1790956770.488780 15605 12202 13045
1790956775.517456 16222 13224 13657
1790956780.557573 16914 14239 14303
1790956785.590097 17730 15322 15138
1790956790.611652 18474 16396 15958
1790956795.632923 19088 17454 16641
1790956800.670077 19620 18445 17249
1790956805.717103 20210 19422 17795
1790956810.755260 20884 20455 18417
1790956815.790274 21470 21450 19117
1790956820.813815 22114 22484 19799
1790956825.853139 22878 23512 20551
1790956830.869551 23595 24291 21218
1790956835.905003 24870 25550 22478
1790956840.943837 26144 26812 23737
1790956845.980927 27419 28076 25001
1790956851.018977 28696 29339 26263
1790956856.055868 29970 30602 27516
1790956861.092198 31242 31864 28775
1790956866.127374 32516 33126 30038
1790956871.167802 33795 34389 31303
1790956876.204155 35072 35650 32565
1790956881.240013 36345 36910 33826
1790956886.276949 37618 38148 35089
1790956891.307446 38502 39008 35996
1790956896.333275 41017 41510 38493
1790956901.353283 43529 44012 40987
1790956906.373272 46039 46514 43477
1790956911.393313 48545 48996 45953
1790956916.413270 51057 51494 48441
1790956921.433309 53565 53991 50933
1790956926.453302 56075 56487 53423
1790956931.473279 58580 58969 55899
1790956936.493318 61089 61470 58390
1790956941.513257 62766 63134 60051
1790956946.533307 64039 64390 61308
1790956951.553328 65216 65551 62472
1790956956.569157 66130 66446 63385
1790956961.611915 67408 67712 64650
1790956966.653533 68681 68971 65911
1790956971.737212 69972 70245 67188
1790956976.782259 71245 71508 68453
1790956981.830315 72523 72773 69718
1790956986.877892 73801 74032 70979
1790956991.928734 75085 75301 72224
1790956996.994121 76365 76567 73492
1790957002.046599 77645 77833 74759
1790957007.101121 78922 79097 76023
1790957012.148053 80205 80363 77289
1790957017.192831 81014 81179 78088
1790957022.221389 82285 82441 79346
1790957027.241353 83554 83700 80603
1790957032.261349 84828 84956 81865
1790957037.281361 86097 86214 83123
1790957042.301327 87367 87472 84380
1790957047.321326 88637 88729 85639
1790957052.341328 89910 89988 86897
1790957057.361363 91181 91247 88155
1790957062.381333 92452 92504 89413
1790957067.401341 93724 93761 90670
1790957072.421338 94999 95016 91931
1790957077.441331 95755 95728 92650
1790957082.449691 95925 95793 92721
1790957087.457419 96105 95853 92797
