1790950320.002185 <missed 96304 bytes of console log>
1790950320.002324 irqs: 64, preallocated irqs: 0
1790950320.002355 Root IRQ handler: 0xffff800080010000
1790950320.002400 rcu: srcu_init: Setting srcu_struct sizes based on contention.
1790950320.002453 arch_timer: cp15 timer(s) running at 54.00MHz (virt).
1790950320.002513 clocksource: arch_sys_counter: mask: 0xffffffffffffff max_cycles: 0xc743ce346, max_idle_ns: 440795203123 ns
1790950320.002569 sched_clock: 56 bits at 54MHz, resolution 18ns, wraps every 4398046511102ns
1790950320.002611 printk: legacy console [hvc0] enabled
1790950320.002644 printk: legacy bootconsole [jailhouse0] disabled
1790950320.002701 Calibrating delay loop (skipped), value calculated using timer frequency.. 108.00 BogoMIPS (lpj=54000)
1790950320.002731 pid_max: default: 4096 minimum: 301
1790950320.002772 Mount-cache hash table entries: 512 (order: 0, 4096 bytes, linear)
1790950320.002815 Mountpoint-cache hash table entries: 512 (order: 0, 4096 bytes, linear)
1790950320.002850 cacheinfo: Unable to detect cache hierarchy for CPU 0
1790950320.002878 rcu: Hierarchical SRCU implementation.
1790950320.002908 rcu: 	Max phase no-delay instances is 400.
1790950320.002937 smp: Bringing up secondary CPUs ...
1790950320.002966 smp: Brought up 1 node, 1 CPU
1790950320.002994 SMP: Total of 1 processors activated.
1790950320.003024 CPU features: detected: 32-bit EL0 Support
1790950320.003070 CPU features: detected: Data cache clean to the PoU not required for I/D coherence
1790950320.003104 CPU features: detected: CRC32 instructions
1790950320.003137 CPU features: detected: RCpc load-acquire (LDAPR)
1790950320.003175 CPU features: detected: Speculative Store Bypassing Safe (SSBS)
1790950320.003211 spectre-bhb mitigation disabled by compile time option
1790950320.003273 CPU: All CPU(s) started at EL1
1790950320.003310 alternatives: applying system-wide alternatives
1790950320.003332 devtmpfs: initialized
1790950320.003381 clocksource: jiffies: mask: 0xffffffff max_cycles: 0xffffffff, max_idle_ns: 1911260446275000 ns
1790950320.003424 futex hash table entries: 16 (order: -2, 1024 bytes, linear)
1790950320.003483 DMA: preallocated 128 KiB GFP_KERNEL pool for atomic allocations
1790950320.003524 hw-breakpoint: found 6 breakpoint and 4 watchpoint registers.
1790950320.003559 ASID allocator initialised with 65536 entries
1790950320.003595 clocksource: Switched to clocksource arch_sys_counter
1790950320.003632 workingset: timestamp_bits=62 max_order=13 bucket_order=0
1790950320.003657 clk: Disabling unused clocks
1790950320.003685 Freeing unused kernel memory: 1728K
1790950320.003708 Run /init as init process
1790950320.003751 linux-guest: 6.6.78-rt51+, cyclictest windows of 1 s, deadline 100 us
1790950321.147297 L 1000 1 2 15 0
1790950322.191297 L 1000 1 1 13 0
1790950323.231287 L 1000 1 1 13 0
1790950324.271293 L 1000 1 1 15 0
1790950325.415280 L 1000 1 1 12 0
1790950326.455557 L 1000 1 1 12 0
1790950327.495331 L 1000 1 1 31 0
1790950328.327302 [MG] memguard_call 1000 20000 1 (CPU 0)
1790950328.327388 [MG] memguard_call 1000 20000 1 (CPU 1)
1790950328.327415 [MG] memguard_call 1000 20000 1 (CPU 2)
1790950328.639263 L 1000 1 1 13 0
1790950329.679271 L 1000 1 1 11 0
1790950330.719284 L 1000 1 1 13 0
1790950331.759287 L 1000 1 1 13 0
1790950332.903289 L 1000 1 1 10 0
1790950333.943269 L 1000 1 1 13 0
1790950334.983285 L 1000 1 1 13 0
1790950336.023322 L 1000 1 1 3 0
1790950337.167287 L 1000 1 1 11 0
1790950338.207264 L 1000 1 1 14 0
1790950339.247285 L 1000 1 1 4 0
1790950340.287569 L 1000 1 1 14 0
1790950341.431283 L 1000 1 1 12 0
1790950342.475290 L 1000 1 1 14 0
1790950343.515268 L 1000 1 1 12 0
1790950344.555531 L 1000 1 1 10 0
1790950345.699272 L 1000 1 1 13 0
1790950346.739287 L 1000 1 1 15 0
1790950347.779273 L 1000 1 1 8 0
1790950348.923283 L 1000 1 1 3 0
1790950349.963269 L 1000 1 1 15 0
1790950351.003286 L 1000 1 1 15 0
1790950352.043283 L 1000 1 1 13 0
1790950353.187285 L 1000 1 1 13 0
1790950354.227266 L 1000 1 1 15 0
1790950355.271286 L 1000 1 1 14 0
1790950356.312045 L 1000 1 1 13 0
1790950357.455284 L 1000 1 1 13 0
1790950358.495284 L 1000 1 1 14 0
1790950359.535261 L 1000 1 1 13 0
1790950360.575283 L 1000 1 1 3 0
1790950361.719286 L 1000 1 1 14 0
1790950362.763284 L 1000 1 1 13 0
1790950363.803268 L 1000 1 1 11 0
1790950364.843285 L 1000 1 1 12 0
1790950365.987266 L 1000 1 1 3 0
1790950367.027286 L 1000 1 1 14 0
1790950368.067266 L 1000 1 1 2 0
1790950369.107329 L 1000 1 1 15 0
1790950370.251265 L 1000 1 1 2 0
1790950371.291293 L 1000 1 1 14 0
1790950372.331264 L 1000 1 1 13 0
1790950373.371541 L 1000 1 1 14 0
1790950374.515286 L 1000 1 1 3 0
1790950375.555268 L 1000 1 1 10 0
1790950376.595286 L 1000 1 1 13 0
1790950377.739267 L 1000 1 1 12 0
1790950378.779285 L 1000 1 1 15 0
1790950379.819266 L 1000 1 1 12 0
1790950380.859286 L 1000 1 1 12 0
1790950382.003283 L 1000 1 1 15 0
1790950383.043285 L 1000 1 1 14 0
1790950384.083275 L 1000 1 1 2 0
1790950385.123302 L 1000 1 1 11 0
1790950386.271288 L 1000 1 1 12 0
1790950387.311286 L 1000 1 1 8 0
1790950388.351287 L 1000 1 1 12 0
1790950389.391290 L 1000 1 1 12 0
1790950390.543535 L 1000 1 1 14 0
1790950391.587540 L 1000 1 4 43 0
1790950392.631305 L 1000 1 5 38 0
1790950393.691554 L 1000 1 4 17 0
1790950394.855661 L 1000 1 5 35 0
1790950395.903648 L 1000 1 6 40 0
1790950396.955303 L 1000 1 6 31 0
1790950397.999483 L 1000 1 4 31 0
1790950399.047493 L 1000 1 6 25 0
1790950400.203586 L 1000 1 4 29 0
1790950401.259318 L 1000 1 5 42 0
1790950402.311734 L 1000 1 4 20 0
1790950403.355640 L 1000 1 4 38 0
1790950404.515596 L 1000 1 5 28 0
1790950405.567539 L 1000 1 4 28 0
1790950406.623616 L 1000 1 5 36 0
1790950407.671652 L 1000 1 3 19 0
1790950408.723538 L 1000 1 6 40 0
1790950409.879516 L 1000 1 2 18 0
1790950410.931484 L 1000 1 5 34 0
1790950411.979588 L 1000 1 4 30 0
1790950413.031713 L 1000 1 6 41 0
1790950414.191586 L 1000 1 6 41 0
1790950415.247437 L 1000 1 7 32 0
1790950416.299316 L 1000 1 5 18 0
1790950417.343484 L 1000 1 6 28 0
1790950418.495400 L 1000 1 5 28 0
1790950419.547470 L 1000 1 8 41 0
1790950420.599614 L 1000 1 6 29 0
1790950421.651601 L 1000 1 12 36 0
1790950422.815540 L 1000 1 8 41 0
1790950423.863567 L 1000 2 10 41 0
1790950424.911475 L 1000 1 9 32 0
1790950425.963642 L 1000 1 8 29 0
1790950427.115605 L 1000 1 8 37 0
1790950428.167623 L 1000 1 10 48 0
1790950429.219327 L 1000 1 11 46 0
1790950430.267405 L 1000 1 7 32 0
1790950431.415478 L 1000 1 7 28 0
1790950432.459584 L 1000 1 3 28 0
1790950433.515370 L 1000 1 6 43 0
1790950434.559376 L 1000 1 2 18 0
1790950435.727559 L 1000 1 4 28 0
1790950436.779386 L 1000 1 5 29 0
1790950437.831428 L 1000 1 6 29 0
1790950438.875456 L 1000 1 5 40 0
1790950439.931765 L 1000 1 8 31 0
1790950441.091565 L 1000 2 10 43 0
1790950442.147535 L 1000 2 9 31 0
1790950443.191474 L 1000 1 9 54 0
1790950444.247462 L 1000 1 11 32 0
1790950445.311598 L 1000 1 9 37 0
1790950446.463565 L 1000 1 11 38 0
1790950447.515520 L 1000 3 10 44 0
1790950448.567803 L 1000 1 10 35 0
1790950449.727381 L 1000 1 8 46 0
1790950450.779295 L 1000 1 6 44 0
1790950451.819283 L 1000 1 1 13 0
1790950452.863508 L 1000 1 2 19 0
1790950454.027513 L 1000 3 9 33 0
1790950455.079536 L 1000 3 9 36 0
1790950456.131521 L 1000 2 9 34 0
1790950457.195506 L 1000 2 9 36 0
1790950458.247536 L 1000 3 10 35 0
1790950459.411512 L 1000 4 9 31 0
1790950460.451494 L 1000 2 9 28 0
1790950461.507535 L 1000 4 9 38 0
1790950462.663519 L 1000 2 9 31 0
1790950463.711465 L 1000 3 9 36 0
1790950464.763497 L 1000 3 9 34 0
1790950465.823532 L 1000 3 9 37 0
1790950466.979505 L 1000 3 9 33 0
1790950468.031509 L 1000 3 9 27 0
1790950469.091605 L 1000 2 9 34 0
1790950470.147573 L 1000 3 9 33 0
1790950471.211548 L 1000 3 9 36 0
1790950472.367541 L 1000 4 10 36 0
1790950473.407532 L 1000 3 9 39 0
1790950474.551554 L 1000 3 9 44 0
1790950475.591533 L 1000 3 9 32 0
1790950476.635542 L 1000 3 9 37 0
1790950477.779531 L 1000 3 9 37 0
1790950478.819544 L 1000 3 10 35 0
1790950479.859815 L 1000 3 9 41 0
1790950481.003520 L 1000 3 10 37 0
1790950482.051785 L 1000 3 9 35 0
1790950483.195423 L 1000 3 10 33 0
1790950484.231569 L 1000 3 9 31 0
1790950485.271535 L 1000 3 9 39 0
1790950486.415521 L 1000 3 10 34 0
1790950487.455512 L 1000 3 10 26 0
1790950488.499790 L 1000 3 9 39 0
1790950489.643510 L 1000 3 9 37 0
1790950490.683503 L 1000 3 11 23 0
1790950491.831533 L 1000 3 9 37 0
1790950492.871527 L 1000 4 10 34 0
1790950493.915525 L 1000 3 9 31 0
1790950495.059509 L 1000 3 9 33 0
1790950496.099508 L 1000 3 9 33 0
1790950497.139710 L 1000 2 9 22 0
1790950498.283535 L 1000 2 9 33 0
1790950499.327507 L 1000 3 10 26 0
1790950500.471539 L 1000 3 9 27 0
1790950501.511496 L 1000 3 9 35 0
1790950502.551534 L 1000 3 10 26 0
1790950503.699525 L 1000 3 9 30 0
1790950504.739530 L 1000 3 10 36 0
1790950505.779737 L 1000 3 9 30 0
1790950506.927525 L 1000 3 10 27 0
1790950507.967544 L 1000 3 9 33 0
1790950509.111510 L 1000 3 9 40 0
1790950510.155508 L 1000 3 9 35 0
1790950511.195503 L 1000 3 10 41 0
1790950512.343515 L 1000 2 9 31 0
1790950513.383284 L 1000 1 3 32 0
1790950514.423269 L 1000 1 1 11 0
1790950515.479771 L 1000 1 13 36 0
1790950516.631858 L 1000 4 22 50 0
1790950517.671400 L 1000 1 16 69 0
1790950518.819928 L 1000 1 16 43 0
1790950519.859827 L 1000 1 12 62 0
1790950520.899603 L 1000 1 12 33 0
1790950522.043728 L 1000 2 19 40 0
1790950523.087627 L 1000 3 20 45 0
1790950524.231817 L 1000 1 9 43 0
1790950525.271361 L 1000 1 16 50 0
1790950526.419828 L 1000 1 7 27 0
1790950527.459637 L 1000 2 17 70 0
1790950528.603720 L 1000 11 21 67 0
1790950529.647810 L 1000 1 8 57 0
1790950530.687442 L 1000 2 20 61 0
1790950531.831780 L 1000 1 5 45 0
1790950532.875828 L 1000 2 15 34 0
1790950534.023842 L 1000 9 21 57 0
1790950535.075661 L 1000 1 10 49 0
1790950536.135670 L 1000 3 18 43 0
1790950537.295573 L 1000 1 6 46 0
1790950538.343784 L 1000 1 15 39 0
1790950539.383842 L 1000 3 21 41 0
1790950540.543787 L 1000 1 11 36 0
1790950541.611380 L 1000 3 18 33 0
1790950542.655701 L 1000 1 6 36 0
1790950543.711738 L 1000 2 17 34 0
1790950544.879517 L 1000 8 21 56 0
1790950545.927585 L 1000 1 10 36 0
1790950546.983449 L 1000 1 16 49 0
1790950548.127799 L 1000 1 6 34 0
1790950549.167709 L 1000 2 17 51 0
1790950550.315680 L 1000 3 19 45 0
1790950551.355634 L 1000 1 12 50 0
1790950552.411434 L 1000 1 13 46 0
1790950553.555610 L 1000 1 9 30 0
1790950554.619766 L 1000 3 18 52 0
1790950555.685133 L 1000 2 15 51 0
1790950556.835853 L 1000 1 10 45 0
1790950557.895527 L 1000 1 13 54 0
1790950558.947684 L 1000 1 10 47 0
1790950560.095595 L 1000 1 15 47 0
1790950561.135767 L 1000 5 19 55 0
1790950562.187856 L 1000 1 10 64 0
1790950563.347516 L 1000 2 17 53 0
1790950564.411699 L 1000 1 11 35 0
1790950565.467805 L 1000 1 13 51 0
1790950566.515718 L 1000 2 20 58 0
1790950567.659727 L 1000 1 8 52 0
1790950568.699574 L 1000 1 15 50 0
1790950569.843420 L 1000 2 12 36 0
1790950570.883774 L 1000 1 13 40 0
1790950572.027330 L 1000 5 20 65 0
1790950573.071580 L 1000 1 9 32 0
1790950574.111806 L 1000 1 13 50 0
1790950575.255286 L 1000 1 6 32 0
1790950576.295282 L 1000 1 1 13 0
1790950576.607346 [MG] memguard_call 0 0 0 (CPU 0)
1790950576.607426 [MG] memguard_call 0 0 0 (CPU 1)
1790950576.607451 [MG] memguard_call 0 0 0 (CPU 2)
1790950577.335288 L 1000 1 1 12 0
1790950578.479282 L 1000 1 1 10 0
1790950578.708056 Closing cell "linux-guest"
1790950578.708134 [MG] Initializing memguard on CPU 3
1790950578.708160 [SMMUv2] Exiting SMMUv2 on cell 1
1790950578.708251 [COL] Colored OP 1: PHYS 0x30000000 -> VIRT 0x30000000 (SIZE: 0x02000000, COL: 0x000000ff, extra: 0x0000000000000000)
1790950578.708278 [COL] Result: 0
1790950578.708340 [COL] Colored OP 4: PHYS 0x30000000 -> VIRT 0x30000000 (SIZE: 0x02000000, COL: 0x000000ff, extra: 0x0000000000000001)
1790950578.708363 [COL] Result: 0
1790950578.708406 Page pool usage after cell destruction: mem 142/4061, remap 5/131072
1790950578.708435 [MG] Initializing memguard on CPU 3
1790950579.036574 [MG] Initializing memguard on CPU 3
1790950579.036657 [COL] Colored OP 0: PHYS 0x30000000 -> VIRT 0x30000000 (SIZE: 0x02000000, COL: 0x000000ff, extra: 0x0000000000000000)
1790950579.036688 [COL] Result: 0
1790950579.036712 [MG] Initializing memguard on CPU 3
1790950579.036732 Created cell "linux-guest"
1790950579.036764 Page pool usage after cell creation: mem 170/4061, remap 5/131072
