1790950325.994773 717956 700391 713641
1790950331.006213 718251 700634 713888
1790950336.022584 718352 700690 714037
1790950341.031407 718461 700754 714209
1790950346.041497 718547 700810 714370
1790950351.050116 718651 700867 714541
1790950356.058598 718741 700920 714690
1790950361.067359 718833 700983 714854
1790950366.075739 718911 701032 715016
1790950371.083770 719023 701095 715174
1790950376.132801 719138 701149 715305
1790950381.140849 719248 701211 715464
1790950386.148736 719348 701272 715587
1790950391.158130 719619 701498 715758
1790950396.187605 720226 702219 716454
1790950401.233334 720758 702971 717173
1790950406.252146 721324 703686 717806
1790950411.287482 721909 704359 718498
1790950416.323658 722513 705170 719241
1790950421.347858 723238 706134 720014
1790950426.391683 724031 707160 720834
1790950431.431588 724803 708106 721647
1790950436.459339 725358 708731 722302
1790950441.480657 726069 709702 723065
1790950446.520639 726906 710776 723940
1790950451.564445 727571 711610 724634
1790950456.579688 728640 712645 725701
1790950461.610256 729910 713904 726961
1790950466.645934 731183 715164 728227
1790950471.682447 732455 716425 729488
1790950476.736243 733729 717693 730758
1790950481.771654 735001 718955 732021
1790950486.806650 736274 720216 733284
1790950491.842753 737546 721476 734547
1790950496.875639 738818 722737 735810
1790950501.910669 740087 723998 737073
1790950506.943693 741358 725258 738336
1790950511.978721 742629 726521 739599
1790950517.015006 743455 727322 740436
1790950522.085221 744737 728593 741710
1790950527.140045 746013 729857 742978
1790950532.201535 747289 731124 744244
1790950537.231159 748560 732383 745505
1790950542.257580 749830 733641 746768
1790950547.287496 751101 734898 748031
1790950552.312153 752369 736157 749291
1790950557.337681 753639 737416 750553
1790950562.384941 754910 738682 751820
1790950567.440458 756187 739948 753090
1790950572.491432 757463 741216 754357
1790950577.528831 758080 741819 754939
