1790356955.164783 <missed 495825 bytes of console log>
1790356955.164879 99 pmu 941093 793458 7654123 12586792 1093019802
1790356955.164937 W 500 lat 648 4407 9518 0 exe 137388 421092 598111 resp 603222 1000 pmu 930182 781044 7561448 14702379 1074010512
1790356955.164995 W 501 lat 999 4833 9925 0 exe 125888 439314 595555 resp 600351 1000 pmu 922876 776355 7513628 14634300 1107157567
1790356955.165051 W 502 lat 296 2777 8703 0 exe 15222 282370 572240 resp 577055 683 pmu 942980 562488 7634063 14646121 731331168
1790356955.165102 W 503 lat 296 296 333 0 exe 15203 15425 16166 resp 16462 0 pmu 978593 127 7878535 13052856 42938063
1790356955.165154 W 504 lat 296 314 1296 0 exe 15240 25203 149685 resp 150222 40 pmu 975134 106713 7856028 6080090 66894144
1790356955.165206 W 505 lat 296 314 3370 0 exe 15222 20666 313203 resp 314203 17 pmu 978154 36970 7880738 7470435 57045953
1790356955.165228 Closing cell "rt-bench"
1790356955.165253 [MG] Initializing memguard on CPU 3
1790356955.165278 [SMMUv2] Exiting SMMUv2 on cell 1
1790356955.165332 [COL] Colored OP 1: PHYS 0x30000000 -> VIRT 0x00000000 (SIZE: 0x00400000, COL: 0x00000fff, extra: 0x0000000000000000)
1790356955.165353 [COL] Result: 0
1790356955.165406 [COL] Colored OP 4: PHYS 0x30000000 -> VIRT 0x00000000 (SIZE: 0x00400000, COL: 0x00000fff, extra: 0x0000000000000001)
1790356955.165427 [COL] Result: 0
1790356955.165462 Page pool usage after cell destruction: mem 85/4061, remap 5/131072
1790356955.165489 [MG] Initializing memguard on CPU 3
1790356955.165514 [MG] Initializing memguard on CPU 3
1790356955.165568 [COL] Colored OP 0: PHYS 0x30000000 -> VIRT 0x00000000 (SIZE: 0x00400000, COL: 0x0000ffff, extra: 0x0000000000000000)
1790356955.165588 [COL] Result: 0
1790356955.165612 [MG] Initializing memguard on CPU 3
1790356955.165633 Created cell "rt-bench"
1790356955.165668 Page pool usage after cell creation: mem 98/4061, remap 5/131072
1790356955.165723 [COL] Colored OP 3: PHYS 0x30000000 -> VIRT 0x00000000 (SIZE: 0x00400000, COL: 0x0000ffff, extra: 0x0000000000000000)
1790356955.165750 [MG] Initializing memguard on CPU 3
1790356955.165768 [COL] Result: 0
1790356955.165790 Cell "rt-bench" can be loaded
1790356955.165844 [COL] Colored OP 2: PHYS 0x30000000 -> VIRT 0x00000000 (SIZE: 0x00400000, COL: 0x0000ffff, extra: 0x0000000000000000)
1790356955.165863 [COL] Result: 0
1790356955.165917 [COL] Colored OP 4: PHYS 0x30000000 -> VIRT 0x00000000 (SIZE: 0x00400000, COL: 0x0000ffff, extra: 0x0000000000000001)
1790356955.165936 [COL] Result: 0
1790356955.165956 Started cell "rt-bench"
1790356955.165981 [MG] Initializing memguard on CPU 3
1790356955.166012 rt-bench: ws 768 KB, 1024 loads/period, window 1000
1790356956.204406 W 0 lat 333 462 1166 0 exe 19259 23907 159574 resp 160518 13 pmu 793001 44560 6404555 5307497 43228284
1790356957.140370 W 1 lat 296 314 777 0 exe 13111 16851 115462 resp 116240 17 pmu 791295 32760 6365688 7585269 42664792
1790356958.180411 W 2 lat 296 296 333 0 exe 13129 13574 16148 resp 16462 0 pmu 786907 254 6338867 7074450 34797825
1790356959.220382 W 3 lat 296 296 518 0 exe 13203 14777 98944 resp 99277 0 pmu 789759 13699 6362968 6060178 38329755
1790356960.160423 W 4 lat 296 296 351 0 exe 13222 13574 15537 resp 15833 0 pmu 788150 214 6350464 6895774 34705055
1790356961.200404 W 5 lat 296 296 777 0 exe 13148 14740 97851 resp 98629 0 pmu 789698 12967 6369013 6054444 37885185
1790356962.154669 W 6 lat 296 499 4425 0 exe 13259 59777 348407 resp 352333 116 pmu 786452 277379 6354329 6888204 200552233
1790356963.176401 W 7 lat 296 314 2592 0 exe 13166 16648 145037 resp 146388 8 pmu 791674 27645 6386120 9654462 47861850
1790356964.220404 W 8 lat 296 296 814 0 exe 13222 16796 101759 resp 102185 2 pmu 791014 36017 6376991 7381445 46289278
1790356965.156369 W 9 lat 296 296 444 0 exe 13185 14611 90370 resp 90814 0 pmu 789552 11802 6364859 6935926 38273447
1790356966.196407 W 10 lat 296 296 351 0 exe 13203 13574 14648 resp 14944 0 pmu 788938 120 6356210 6809069 34646018
1790356967.236370 W 11 lat 296 296 777 0 exe 13222 14666 91574 resp 92037 0 pmu 790047 12317 6369125 6045361 37800727
1790356968.172370 W 12 lat 296 296 351 0 exe 13111 13592 15851 resp 16166 0 pmu 789544 226 6367701 6823433 34701839
1790356969.212393 W 13 lat 296 296 462 0 exe 13111 14629 98314 resp 98648 0 pmu 789061 11718 6357558 6057229 37757549
1790356970.148379 W 14 lat 296 296 351 0 exe 13166 13611 16685 resp 16981 0 pmu 787377 471 6343058 6887908 34839502
1790356971.188394 W 15 lat 296 296 555 0 exe 13185 14592 91925 resp 92259 0 pmu 789776 11497 6363250 6065937 37629570
1790356972.228402 W 16 lat 296 296 333 0 exe 13111 13592 14833 resp 15148 0 pmu 789358 168 6362001 6824750 34687451
1790356973.164381 W 17 lat 296 296 537 0 exe 13259 14648 96888 resp 97407 0 pmu 789763 11962 6365454 6046923 37802343
1790356974.204366 W 18 lat 296 296 351 0 exe 13092 13592 14685 resp 14999 0 pmu 788093 217 6349587 6875836 34726146
1790356975.140395 W 19 lat 296 296 481 0 exe 13111 14555 85740 resp 86185 0 pmu 789117 11177 6360894 6045594 37477524
1790356976.180372 W 20 lat 296 296 351 0 exe 13111 13592 15018 resp 15333 0 pmu 789533 148 6361572 6762388 34656429
1790356977.220395 W 21 lat 296 296 425 0 exe 13129 14648 99111 resp 99425 0 pmu 788874 11988 6355000 6048921 37915919
1790356978.156372 W 22 lat 296 296 407 0 exe 13148 13574 14555 resp 14870 0 pmu 787883 209 6346141 6895620 34729541
1790356979.196395 W 23 lat 296 296 499 0 exe 13203 14611 88962 resp 89277 0 pmu 790217 11567 6367855 6044655 37637017
1790356980.236420 W 24 lat 296 296 351 0 exe 13129 13574 15277 resp 15574 0 pmu 787454 172 6344083 6794880 34626611
1790356981.172383 W 25 lat 296 296 629 0 exe 13185 14574 87907 resp 88407 0 pmu 789902 11326 6367978 6051479 37603648
1790356982.212369 W 26 lat 296 296 351 0 exe 13166 13629 16814 resp 17129 0 pmu 787022 604 6341317 6785641 34844480
1790356983.148400 W 27 lat 296 296 1092 0 exe 13185 14611 86833 resp 87481 0 pmu 788822 11850 6356255 6067323 37716850
1790356984.188373 W 28 lat 296 296 351 0 exe 13203 13592 15185 resp 15499 0 pmu 789942 193 6370317 6778036 34681098
1790356985.232399 W 29 lat 296 296 851 0 exe 13129 14537 84222 resp 84759 0 pmu 789490 10890 6362440 6051079 37495168
1790356986.168372 W 30 lat 296 296 333 0 exe 13166 13592 15574 resp 15888 0 pmu 787726 317 6347601 6749456 34678246
1790356987.212393 W 31 lat 296 296 537 0 exe 13148 14555 87925 resp 88296 0 pmu 788931 11272 6359341 6054837 37552880
1790356988.148365 W 32 lat 296 296 351 0 exe 13129 13592 15222 resp 15555 0 pmu 789916 204 6367629 6784372 34697234
1790356989.188393 W 33 lat 296 296 444 0 exe 13129 14666 100148 resp 100462 1 pmu 790932 11950 6372470 6051244 37882063
1790356990.228368 W 34 lat 296 296 351 0 exe 13203 13592 15148 resp 15462 0 pmu 788003 264 6351869 6906156 34758188
1790356991.164397 W 35 lat 296 296 407 0 exe 13185 14574 88777 resp 89185 0 pmu 790178 11377 6370114 6050637 37585974
1790356992.204368 W 36 lat 296 296 351 0 exe 13166 13611 15259 resp 15592 0 pmu 789361 346 6362588 6792792 34781688
1790356993.140393 W 37 lat 296 296 462 0 exe 13166 14629 95148 resp 95611 0 pmu 788994 11899 6360587 6051926 37736739
1790356994.180371 W 38 lat 296 296 351 0 exe 13222 13611 15481 resp 15796 0 pmu 788535 361 6353955 6857244 34797445
1790356995.224392 W 39 lat 296 296 648 0 exe 13222 14592 95925 resp 96240 0 pmu 789522 11507 6369120 6054324 37614611
1790356996.160366 W 40 lat 296 296 351 0 exe 13111 13574 14796 resp 15111 0 pmu 787850 167 6350389 6865089 34677115
1790356997.200395 W 41 lat 296 296 537 0 exe 13037 14555 93777 resp 94259 0 pmu 789192 11371 6361223 6046627 37521717
1790356998.136368 W 42 lat 296 296 425 0 exe 13185 13611 16481 resp 16777 0 pmu 788283 549 6355977 6842974 34881282
1790356999.176390 W 43 lat 296 296 444 0 exe 13166 14611 86425 resp 86740 0 pmu 791083 11699 6375916 6064400 37651871
1790357000.216367 W 44 lat 296 296 333 0 exe 13129 13574 15907 resp 16203 0 pmu 787639 273 6345569 6768927 34626717
1790357001.152404 W 45 lat 296 296 351 0 exe 13185 14685 97944 resp 98259 0 pmu 790472 12227 6372655 6057831 37846652
1790357002.192369 W 46 lat 296 296 370 0 exe 13111 13611 16425 resp 16740 0 pmu 788501 383 6356883 6884250 34788449
1790357003.232408 W 47 lat 296 296 1277 0 exe 13166 14629 94870 resp 96148 0 pmu 789928 11618 6369143 6063155 37656362
1790357004.168367 W 48 lat 296 296 388 0 exe 13166 13592 15833 resp 16129 0 pmu 789002 257 6364957 6862626 34719725
1790357005.208393 W 49 lat 296 296 499 0 exe 13203 14555 91703 resp 92166 0 pmu 789956 11061 6373610 6057549 37487349
1790357006.144382 W 50 lat 296 296 351 0 exe 13185 13574 15314 resp 15611 0 pmu 786796 343 6341353 6822713 34718486
1790357007.184392 W 51 lat 296 296 537 0 exe 13148 14574 88703 resp 89037 0 pmu 788908 11310 6360599 6052113 37542667
1790357008.224368 W 52 lat 296 296 351 0 exe 13129 13574 14611 resp 14907 0 pmu 788244 195 6352541 6792000 34650334
1790357009.160389 W 53 lat 296 296 499 0 exe 13148 14611 97925 resp 98259 0 pmu 788857 11735 6357988 6044669 37645949
1790357010.200369 W 54 lat 296 296 537 0 exe 13111 13574 15333 resp 15629 0 pmu 787074 217 6343271 6884418 34696888
1790357011.136391 W 55 lat 296 296 685 0 exe 13259 14574 101296 resp 101685 1 pmu 789563 11109 6365333 6052901 37528572
1790357012.176366 W 56 lat 296 296 425 0 exe 13185 13574 15148 resp 15444 0 pmu 787527 140 6343477 6919589 34687672
1790357013.216391 W 57 lat 296 296 351 0 exe 13166 14555 84962 resp 85277 0 pmu 789753 10976 6364787 6050927 37545997
1790357014.152368 W 58 lat 296 296 351 0 exe 13092 13592 15037 resp 15351 0 pmu 790139 206 6367476 6753826 34673031
1790357015.192392 W 59 lat 296 296 722 0 exe 13203 14592 97962 resp 98629 0 pmu 788340 11386 6348265 6049064 37551615
1790357016.232364 W 60 lat 296 296 370 0 exe 13129 13574 15444 resp 15759 0 pmu 787609 195 6342435 6887595 34685010
1790357017.168392 W 61 lat 296 296 425 0 exe 13092 14499 85685 resp 86018 0 pmu 789019 10528 6362230 6053344 37341982
1790357018.208370 W 62 lat 296 296 351 0 exe 13129 13592 15240 resp 15537 0 pmu 788840 306 6360552 6760501 34699994
1790357019.144390 W 63 lat 296 296 462 0 exe 13148 14574 87777 resp 88129 0 pmu 788625 11398 6356295 6051145 37634078
1790357020.184365 W 64 lat 296 296 425 0 exe 13037 13574 15777 resp 16092 0 pmu 788447 191 6355709 6782569 34639306
1790357021.224391 W 65 lat 296 296 481 0 exe 13111 14555 90351 resp 90685 0 pmu 790080 11107 6369129 6056587 37525020
1790357022.160365 W 66 lat 296 296 425 0 exe 13129 13574 15703 resp 16018 0 pmu 787331 306 6344794 6807798 34687911
1790357023.200394 W 67 lat 296 296 740 0 exe 13148 14574 82574 resp 82888 0 pmu 789938 11213 6369535 6056233 37622716
1790357024.136384 W 68 lat 296 296 444 0 exe 13222 14037 49444 resp 49796 0 pmu 789276 5304 6364785 6731731 36234224
1790357025.176391 W 69 lat 296 296 425 0 exe 12999 14740 95851 resp 96166 0 pmu 788448 13437 6357278 6396762 38303631
1790357026.224617 W 70 lat 296 1796 10611 0 exe 13018 112722 382074 resp 386888 326 pmu 800606 273208 6480591 6864096 307532260
1790357027.172657 W 71 lat 296 3370 9148 0 exe 28314 286648 528407 resp 534370 837 pmu 800966 619889 6528021 10298912 761423160
1790357028.220677 W 72 lat 296 3148 8814 0 exe 31944 247648 429592 resp 435259 765 pmu 787337 517410 6406996 12714500 656120879
1790357029.164521 W 73 lat 296 3018 11629 0 exe 33055 229407 418222 resp 423037 701 pmu 792873 512395 6441001 11545185 616105596
1790357030.220421 W 74 lat 314 3018 9962 0 exe 28185 223074 428703 resp 433314 704 pmu 788462 473096 6405374 11354841 596126563
1790357031.160487 W 75 lat 333 3296 8851 0 exe 33203 266388 539018 resp 544203 756 pmu 805882 581573 6549430 11394619 710553691
1790357032.212548 W 76 lat 314 2722 7999 0 exe 29833 194851 419740 resp 424055 562 pmu 788661 415642 6407098 12737697 524240327
1790357033.160714 W 77 lat 314 2962 9666 0 exe 28462 217888 434166 resp 440074 670 pmu 796867 501991 6476272 11159173 589091139
1790357034.208711 W 78 lat 370 3148 8722 0 exe 29277 237759 452981 resp 460240 789 pmu 790620 510326 6418625 11429649 632938013
1790357035.160747 W 79 lat 314 2333 7444 0 exe 29870 157611 530185 resp 534907 509 pmu 790508 358243 6408617 11723560 436479660
1790357036.212514 W 80 lat 314 2999 8129 0 exe 26425 234018 423240 resp 426370 687 pmu 788213 484517 6413307 12074921 620717873
1790357037.168411 W 81 lat 296 3574 9425 0 exe 34925 331796 533722 resp 539111 893 pmu 863205 731967 7033856 11369575 875350648
1790357038.220602 W 82 lat 333 2796 8222 0 exe 67555 320462 546944 resp 551648 981 pmu 919219 819235 7464165 13026897 851244143
1790357039.160525 W 83 lat 296 3314 9777 0 exe 43259 275018 520851 resp 526018 838 pmu 800253 585570 6511367 13251882 728861406
1790357040.232450 W 84 lat 314 3240 9425 0 exe 29444 242277 445222 resp 449499 727 pmu 794554 545820 6469446 12654361 651552086
1790357041.172657 W 85 lat 314 3222 9351 0 exe 25222 248981 547351 resp 551944 720 pmu 805429 529084 6544169 11658810 659585392
1790357042.228597 W 86 lat 314 3462 8240 0 exe 32740 295499 450629 resp 453740 884 pmu 791126 631011 6452331 12694006 782838035
1790357043.184499 W 87 lat 296 3314 9333 0 exe 27648 273999 538425 resp 545537 795 pmu 808957 594317 6575305 11984908 727962857
1790357044.232614 W 88 lat 333 3092 9611 0 exe 28370 262981 465425 resp 470388 772 pmu 797823 559881 6505222 12754925 697490961
1790357045.184661 W 89 lat 314 3537 8462 0 exe 30851 295537 520018 resp 523944 896 pmu 799944 656296 6515676 11963294 785987561
1790357046.236641 W 90 lat 351 3814 9148 0 exe 31351 320185 406907 resp 411796 962 pmu 789897 674812 6439555 12675924 843831976
1790357047.176696 W 91 lat 314 3870 9962 0 exe 30685 330777 543481 resp 546277 953 pmu 807842 692331 6585686 11680237 867011805
1790357048.220594 W 92 lat 425 3777 8944 0 exe 29925 308962 453333 resp 458037 920 pmu 797833 656657 6499539 13089192 815243622
1790357049.164479 W 93 lat 314 3611 10055 0 exe 32425 306018 550870 resp 556111 905 pmu 887593 714825 7222485 12079425 814439712
1790357050.220486 W 94 lat 333 3129 8333 0 exe 31129 229462 419333 resp 424777 748 pmu 792649 511660 6443232 13058689 616690127
1790357051.164657 W 95 lat 314 3166 8740 0 exe 27481 232166 539222 resp 543925 652 pmu 804352 500097 6541333 11344042 619542416
1790357052.220646 W 96 lat 333 3185 8351 0 exe 27814 228240 423814 resp 428092 734 pmu 789773 508547 6421290 12536665 616287434
1790357053.160634 W 97 lat 314 3240 8074 0 exe 25814 251833 511592 resp 515981 740 pmu 794987 536608 6454370 11360895 668697960
1790357054.216488 W 98 lat 333 3222 9888 0 exe 31925 234703 435574 resp 442740 723 pmu 793009 533445 6445515 12345986 635153223
1790357055.164648 W 99 lat 314 3203 7981 0 exe 31222 232962 497759 resp 501999 729 pmu 798797 511327 6499237 11553678 621506850
1790357056.220682 W 100 lat 296 2425 7944 0 exe 29962 150092 392351 resp 394444 439 pmu 784524 341782 6361514 12138189 418599359
1790357057.176531 W 101 lat 296 3148 8148 0 exe 26685 246703 502592 resp 506759 730 pmu 795016 528341 6457538 10649271 654864233
1790357058.232605 W 102 lat 314 2018 8148 0 exe 28592 96296 374148 resp 377685 223 pmu 780448 227387 6312002 12231914 276000903
1790357059.180485 W 103 lat 351 3277 9370 0 exe 26759 250092 402333 resp 407796 778 pmu 796660 569329 6479631 10197682 670885910
1790357060.136498 W 104 lat 296 3277 8870 0 exe 32666 243518 448444 resp 454074 728 pmu 793215 530220 6451983 11261797 649179015
1790357061.192550 W 105 lat 351 3462 8740 0 exe 28870 281685 543907 resp 548666 778 pmu 806446 589069 6570894 11717663 743550568
1790357062.148632 W 106 lat 351 3518 10333 0 exe 30833 285518 438296 resp 441055 872 pmu 795084 625877 6473636 12840698 760725194
1790357063.212684 W 107 lat 351 3777 10962 0 exe 35370 317444 542537 resp 545537 921 pmu 800687 662233 6540769 11811923 836106973
1790357064.156652 W 108 lat 351 3925 9592 0 exe 35185 347351 527870 resp 532333 977 pmu 805229 713249 6553390 13042491 908098956
1790357065.204595 W 109 lat 333 3666 9685 0 exe 33129 327611 427037 resp 430333 958 pmu 790683 672798 6446720 13045488 861627778
1790357066.164631 W 110 lat 333 3592 9314 0 exe 29962 297481 464703 resp 470796 901 pmu 800829 654379 6525474 11921382 790266412
1790357067.211873 W 111 lat 333 3481 9277 0 exe 31814 279388 449666 resp 452185 827 pmu 795103 589382 6467342 12142947 738549903
1790357068.156578 W 112 lat 333 3759 10777 0 exe 32796 311888 540777 resp 546740 940 pmu 813864 651673 6639253 11893202 820495942
1790357069.208608 W 113 lat 351 3944 9203 0 exe 32185 321907 462814 resp 469759 933 pmu 808814 689921 6600384 12997840 851006574
1790357070.160517 W 114 lat 370 3888 9314 0 exe 46333 332796 562925 resp 568277 973 pmu 811105 714517 6603412 12263194 877393703
1790357071.204781 W 115 lat 333 3796 9499 0 exe 31222 323074 444111 resp 448574 952 pmu 792206 667617 6456843 13382014 850836740
1790357072.156532 W 116 lat 314 3407 7481 0 exe 31685 290777 537574 resp 541444 825 pmu 805997 599799 6559432 12065092 767541418
1790357073.208521 W 117 lat 351 3592 8296 0 exe 36592 291814 461259 resp 467129 883 pmu 800179 638796 6521093 12825785 774370646
1790357074.152722 W 118 lat 481 3833 10814 0 exe 29462 318185 536888 resp 542166 922 pmu 816640 690265 6657221 12107612 840095255
1790357075.208650 W 119 lat 296 3666 9648 0 exe 32777 297425 457388 resp 461092 914 pmu 799933 628702 6517997 12971333 785006485
1790357076.148682 W 120 lat 314 3722 9777 0 exe 31444 311648 549796 resp 555370 897 pmu 817948 665740 6670899 12073979 821775180
1790357077.200636 W 121 lat 314 3425 8981 0 exe 28648 262240 447925 resp 453833 782 pmu 794449 574056 6465086 13072432 700029445
1790357078.148690 W 122 lat 333 3351 10074 0 exe 27888 277296 523314 resp 527240 811 pmu 798515 582028 6492177 11788752 731906071
1790357079.204809 W 123 lat 314 3037 8537 0 exe 28259 228351 423833 resp 427185 699 pmu 791013 508397 6431871 12609164 616830079
1790357080.148655 W 124 lat 314 3370 8666 0 exe 27703 293481 531129 resp 535425 830 pmu 804329 605533 6542555 11359611 771182404
1790357081.192685 W 125 lat 333 3499 9685 0 exe 34722 277277 442981 resp 446944 878 pmu 793432 593938 6464176 12762578 734671080
1790357082.136687 W 126 lat 388 3685 8833 0 exe 32185 298333 525944 resp 530851 880 pmu 816636 655006 6653952 11839650 791336163
1790357083.184655 W 127 lat 333 3537 8296 0 exe 28907 290277 444999 resp 450611 849 pmu 794833 612908 6480011 12763238 767267988
1790357084.232630 W 128 lat 314 3666 10592 0 exe 31666 327814 430074 resp 433462 962 pmu 800818 683066 6526625 11897331 857913017
1790357085.176645 W 129 lat 314 2648 8555 0 exe 28518 206185 444740 resp 448148 626 pmu 792072 465767 6424009 11949392 561326657
1790357086.224396 W 130 lat 296 925 5777 0 exe 13148 50907 370611 resp 375018 162 pmu 785174 114591 6337070 11455643 145213325
1790357087.160368 W 131 lat 296 296 351 0 exe 13185 13592 15222 resp 15574 0 pmu 788069 254 6350969 9842805 36492586
1790357088.204655 W 132 lat 296 1574 5592 0 exe 13129 126925 412203 resp 414722 550 pmu 783536 327233 6372038 6053251 329962353
1790357089.140656 W 133 lat 1333 2722 5388 0 exe 139925 216944 289629 resp 293148 1000 pmu 763373 547759 6259497 10634673 562911714
1790357090.180628 W 134 lat 814 2833 6518 0 exe 147999 220814 380981 resp 383796 1000 pmu 773966 563156 6348865 10508237 573530539
1790357091.220639 W 135 lat 1129 2703 5796 0 exe 131481 212277 291925 resp 294481 1000 pmu 760737 536373 6229057 11481434 552009637
1790357092.156647 W 136 lat 1277 2703 5944 0 exe 135166 218185 359092 resp 361925 1000 pmu 771805 556124 6323164 10461591 567519097
1790357093.196658 W 137 lat 1333 2759 6259 0 exe 160407 212037 296277 resp 298722 1000 pmu 758813 535023 6216420 11184091 551002181
1790357094.136651 W 138 lat 1425 2777 5870 0 exe 163259 223111 365814 resp 368740 1000 pmu 774741 566309 6349635 10651452 579894587
1790357095.176639 W 139 lat 1129 2703 5518 0 exe 122574 210981 293703 resp 296907 1000 pmu 756830 526846 6202988 11417728 548703546
1790357096.216634 W 140 lat 1407 2722 5555 0 exe 153740 222648 355703 resp 358925 1000 pmu 773540 560644 6337958 10430171 578530534
1790357097.152631 W 141 lat 1314 2759 5685 0 exe 155851 220185 290814 resp 293944 1000 pmu 764119 548800 6265080 11266110 572388515
1790357098.196657 W 142 lat 1240 2777 7351 0 exe 140444 219851 372055 resp 374314 1000 pmu 771048 550726 6319063 10615189 571627433
1790357099.236634 W 143 lat 1351 2685 5351 0 exe 136962 218796 313148 resp 316092 1000 pmu 761969 544981 6248625 11352734 568883031
1790357100.172637 W 144 lat 1333 2796 6925 0 exe 161240 221203 382314 resp 386611 1000 pmu 771657 552546 6322253 10734537 574839263
1790357101.212669 W 145 lat 1148 2722 6388 0 exe 142407 219611 285944 resp 288444 1000 pmu 762868 550958 6252528 11574749 571533586
1790357102.148624 W 146 lat 1259 2777 6351 0 exe 118074 224407 367333 resp 371814 1000 pmu 774460 561256 6353264 10495950 583722115
1790357103.192658 W 147 lat 1277 2685 5833 0 exe 155722 220148 307092 resp 309777 1000 pmu 762181 548028 6243546 11222733 571860064
1790357104.232630 W 148 lat 1203 2722 6129 0 exe 129370 220759 363703 resp 368055 1000 pmu 772903 552686 6332458 10775263 574009478
1790357105.168644 W 149 lat 1333 2796 5999 0 exe 126018 216944 293425 resp 295129 1000 pmu 760853 538653 6234292 11222327 563948515
1790357106.212637 W 150 lat 1425 2759 5648 0 exe 118277 215888 297574 resp 299407 1000 pmu 760907 535561 6257352 10470889 560900909
1790357107.148627 W 151 lat 1129 2722 5648 0 exe 164129 227833 378592 resp 381111 1000 pmu 774597 571021 6339930 10467532 591856118
1790357108.188689 W 152 lat 1314 2796 5222 0 exe 146092 214444 292777 resp 295499 1000 pmu 758664 532580 6212241 11568407 557584777
1790357109.232673 W 153 lat 1166 2814 7277 0 exe 128925 222648 383944 resp 387129 1000 pmu 771938 555044 6328294 10553399 578749881
1790357110.168647 W 154 lat 1166 2759 5796 0 exe 163092 216592 298185 resp 300851 1000 pmu 760901 537513 6246394 11432212 563222949
1790357111.212647 W 155 lat 1185 2722 5333 0 exe 128629 224777 376111 resp 379481 1000 pmu 773037 562949 6340590 10704773 584307364
1790357112.148637 W 156 lat 1370 2833 6574 0 exe 122925 217722 286888 resp 290851 1000 pmu 761208 539186 6233846 11353892 565601048
1790357113.188629 W 157 lat 1314 2796 5833 0 exe 124962 223925 360129 resp 364185 1000 pmu 771551 558135 6323806 10408395 581529907
1790357114.228634 W 158 lat 999 2740 5555 0 exe 146611 220370 292981 resp 296425 1000 pmu 761978 547026 6243408 11178317 572300762
1790357115.164632 W 159 lat 1407 2796 5851 0 exe 153037 222018 391092 resp 393685 1000 pmu 771111 555016 6324609 10590970 576790402
1790357116.204641 W 160 lat 1074 2814 5814 0 exe 123833 216944 299166 resp 302611 1000 pmu 758969 538132 6215526 11611958 563596931
1790357117.144626 W 161 lat 796 2740 5777 0 exe 130259 223425 401722 resp 405444 1000 pmu 771519 559743 6321526 10523856 580437125
1790357118.192663 W 162 lat 1222 2722 5685 0 exe 155055 217518 296648 resp 299296 1000 pmu 760430 543362 6235512 11613387 565419955
1790357119.236606 W 163 lat 999 2796 6666 0 exe 117203 224851 400222 resp 403092 1000 pmu 773149 562834 6333200 10653382 584050117
1790357120.176612 W 164 lat 1259 2814 6240 0 exe 108185 219796 292407 resp 295388 1000 pmu 761672 544095 6241414 11541579 570744870
1790357121.232661 W 165 lat 1259 2796 5944 0 exe 120185 226037 381296 resp 384592 1000 pmu 773782 563432 6338365 10393028 586846680
1790357122.168661 W 166 lat 1277 2796 5907 0 exe 128870 218981 300907 resp 303685 1000 pmu 760873 543317 6238251 11373214 568520867
1790357123.208671 W 167 lat 1296 2851 6185 0 exe 131648 224777 359259 resp 363055 1000 pmu 771253 559753 6321319 10574767 583070248
1790357124.144655 W 168 lat 1018 2814 5925 0 exe 120666 219074 308925 resp 311425 1000 pmu 760685 542497 6236622 11208117 568391030
1790357125.188627 W 169 lat 1240 2759 5537 0 exe 161407 227111 388777 resp 392388 1000 pmu 773142 566725 6333358 10611686 588850605
1790357126.228630 W 170 lat 629 2703 5351 0 exe 167981 222129 302907 resp 306018 1000 pmu 762847 550890 6251671 11658790 576148193
1790357127.164644 W 171 lat 499 2555 6092 0 exe 119351 221351 363666 resp 367518 1000 pmu 773817 565996 6342838 10801118 574450444
1790357128.204701 W 172 lat 1148 2722 5925 0 exe 123018 214999 293407 resp 295648 1000 pmu 760752 541674 6236354 11167747 557662255
1790357129.144634 W 173 lat 1259 2722 5425 0 exe 140407 221537 391055 resp 393833 1000 pmu 771865 564165 6334302 10447055 575109944
1790357130.184657 W 174 lat 1259 2703 5685 0 exe 140425 215277 295962 resp 298111 1000 pmu 761911 543864 6242762 11543770 558875438
1790357131.224641 W 175 lat 685 2796 5981 0 exe 124499 217592 394407 resp 396814 1000 pmu 773103 555813 6347415 10559771 565573099
1790357132.164658 W 176 lat 1203 2685 5351 0 exe 118185 215037 297277 resp 299092 1000 pmu 761486 542821 6250064 11476614 558880525
1790357133.208633 W 177 lat 944 2703 5425 0 exe 151111 219499 378814 resp 381740 1000 pmu 772719 561473 6336356 10456716 571015595
1790357134.152627 W 178 lat 796 2703 5925 0 exe 121462 210370 282888 resp 285833 1000 pmu 760892 534897 6231927 11463817 547127945
1790357135.192638 W 179 lat 1296 2722 6222 0 exe 129555 222314 367129 resp 371944 1000 pmu 774625 563747 6358194 10312517 578035595
1790357136.232651 W 180 lat 1185 2685 5296 0 exe 159351 217259 293629 resp 297925 1000 pmu 762622 543020 6248352 11268622 564306305
1790357137.168655 W 181 lat 1259 2740 5370 0 exe 156907 222999 369240 resp 371740 1000 pmu 773042 560358 6344478 10649224 579407147
1790357138.208653 W 182 lat 1148 2722 5407 0 exe 119944 216074 291870 resp 294574 1000 pmu 761349 537549 6239218 11413897 561828380
1790357139.148629 W 183 lat 1240 2740 6037 0 exe 133629 221055 372444 resp 375907 1000 pmu 771321 552030 6324578 10421289 574674301
1790357140.188665 W 184 lat 1277 2703 5759 0 exe 150851 219499 291314 resp 293962 1000 pmu 762025 546261 6249330 11327770 570394878
1790357141.228656 W 185 lat 888 2703 5685 0 exe 121388 218981 367592 resp 371018 1000 pmu 770301 548305 6329232 10589491 569896503
1790357142.168643 W 186 lat 1407 2777 6111 0 exe 133296 218851 330388 resp 333444 1000 pmu 764111 544402 6247608 11203792 568631469
1790357143.208629 W 187 lat 1351 2703 6296 0 exe 155574 217666 296796 resp 298796 1000 pmu 761236 539887 6243331 10893912 565413271
1790357144.144655 W 188 lat 1203 2703 5129 0 exe 154740 223333 351092 resp 355574 1000 pmu 771692 558856 6326917 10658722 580538166
1790357145.188657 W 189 lat 851 2722 6111 0 exe 102074 216203 307462 resp 310814 1000 pmu 761234 537637 6243832 11231494 562579730
1790357146.228632 W 190 lat 1425 2796 6703 0 exe 151999 223407 374388 resp 377629 1000 pmu 771423 558729 6328177 10493633 580744888
1790357147.164613 W 191 lat 1351 2666 5759 0 exe 146296 218166 288740 resp 290703 1000 pmu 760728 542119 6238708 11454511 567231592
1790357148.208401 W 192 lat 296 1462 5518 0 exe 13203 117981 388999 resp 392740 475 pmu 790527 291416 6422636 10529476 308416777
1790357149.144369 W 193 lat 296 296 333 0 exe 13166 13592 16203 resp 16537 0 pmu 788083 322 6353666 10360598 36840280
1790357150.200489 W 194 lat 296 2185 10462 0 exe 13203 199666 536759 resp 543388 469 pmu 832733 398524 6768285 6062575 514426744
1790357151.136864 W 195 lat 314 4185 10388 0 exe 52111 401166 571722 resp 579111 981 pmu 882044 782158 7195365 12292438 1022409210
1790357152.180887 W 196 lat 1333 4981 12351 0 exe 195888 457444 566703 resp 571629 1000 pmu 868105 811577 7072717 13857391 1153689414
1790357153.236931 W 197 lat 296 2629 8185 0 exe 15351 245592 553833 resp 557185 636 pmu 806249 492356 6560055 14813381 652467658
1790357154.184679 W 198 lat 296 4240 9425 0 exe 23203 416925 577425 resp 582129 925 pmu 874243 763387 7121053 12677833 1069330330
1790357155.132495 W 199 lat 296 2018 9740 0 exe 16981 170277 535851 resp 543407 555 pmu 834546 424174 6804193 13829501 484080148
1790357156.184822 W 200 lat 314 4166 9055 0 exe 40129 411499 578962 resp 582925 984 pmu 893809 808823 7273665 12155274 1049838343
1790357157.228743 W 201 lat 1499 4888 11518 0 exe 260925 448407 565555 resp 570703 1000 pmu 860466 806397 7012713 13897772 1132658005
1790357158.180634 W 202 lat 314 3629 7814 0 exe 54259 342092 517981 resp 522666 984 pmu 807747 685209 6570418 15080085 883673184
1790357159.220633 W 203 lat 296 4185 8685 0 exe 40666 412777 533111 resp 537537 990 pmu 829321 759698 6746896 13006271 1046537375
1790357160.156756 W 204 lat 296 1944 7351 0 exe 20425 173648 514703 resp 519592 606 pmu 844165 463590 6871804 13447896 481629157
1790357161.196945 W 205 lat 314 4333 10259 0 exe 51962 413611 578555 resp 581796 984 pmu 880672 791314 7181641 11952328 1060008591
1790357162.240644 W 206 lat 1611 4981 11796 0 exe 172481 450537 589222 resp 593759 1000 pmu 859648 801068 7015011 13966676 1137705005
1790357163.176661 W 207 lat 296 3314 8499 0 exe 16870 305574 502425 resp 507851 890 pmu 801850 618999 6513567 14884257 803947232
1790357164.216519 W 208 lat 296 3851 9370 0 exe 23685 375388 560351 resp 567314 927 pmu 839722 724862 6852364 12486503 966118309
1790357165.152705 W 209 lat 296 2074 8981 0 exe 21796 186999 520777 resp 527111 651 pmu 845460 477583 6871598 13462901 526744073
1790357166.192798 W 210 lat 518 4333 9388 0 exe 196481 433185 583425 resp 589629 1000 pmu 886647 817464 7225093 12102842 1099773959
1790357167.232796 W 211 lat 499 4092 10962 0 exe 168481 416481 543555 resp 547777 1000 pmu 836752 775452 6823380 14847424 1057020606
1790357168.168836 W 212 lat 314 3462 9166 0 exe 40222 330018 493240 resp 496888 958 pmu 810796 693497 6612789 14221768 865429982
1790357169.220512 W 213 lat 296 3611 8888 0 exe 19999 348814 551944 resp 556759 889 pmu 843918 687329 6862420 12628779 901812632
1790357170.160747 W 214 lat 296 2314 8796 0 exe 17999 213814 531870 resp 537277 654 pmu 856346 532087 6971590 13213199 592435285
1790357171.224906 W 215 lat 648 4537 10481 0 exe 85999 424240 570462 resp 574999 999 pmu 876054 805835 7136534 12324514 1084679259
1790357172.172777 W 216 lat 925 4611 11518 0 exe 87148 419407 553240 resp 559648 998 pmu 854056 784978 6955074 14119524 1065310766
1790357173.220924 W 217 lat 296 3370 8814 0 exe 15351 311814 566388 resp 571981 899 pmu 798899 619878 6508633 13944877 805174773
1790357174.164611 W 218 lat 296 3277 12185 0 exe 18185 296648 562296 resp 566981 821 pmu 837684 620232 6821213 13152280 777783065
1790357175.216786 W 219 lat 296 2611 8611 0 exe 23592 247185 536092 resp 539999 726 pmu 857331 579088 6987289 13061174 671546822
1790357176.156857 W 220 lat 314 4592 11388 0 exe 67703 432740 580092 resp 585111 986 pmu 882432 814937 7185162 12554575 1100463195
1790357177.204560 W 221 lat 574 4462 9777 0 exe 101148 405870 565333 resp 570555 1000 pmu 831332 756483 6781502 14172212 1029339694
1790357178.148896 W 222 lat 296 3388 10203 0 exe 17092 319611 538444 resp 543537 884 pmu 813564 659897 6618809 14050879 840253498
1790357179.200594 W 223 lat 296 2999 8870 0 exe 17351 279037 553814 resp 560259 746 pmu 836711 564022 6815763 12924668 729191390
1790357180.140653 W 224 lat 296 3037 11648 0 exe 16499 290370 552999 resp 558925 808 pmu 868925 648019 7077803 12875253 771390750
1790357181.184831 W 225 lat 1074 4851 11259 0 exe 196537 448351 592148 resp 598166 1000 pmu 875128 817750 7122845 12931515 1136004876
1790357182.228681 W 226 lat 851 4407 10499 0 exe 98722 401703 560944 resp 568111 999 pmu 819733 751185 6679892 15024574 1021870474
1790357183.168648 W 227 lat 296 3648 8759 0 exe 23814 348425 525148 resp 529462 925 pmu 814571 694190 6634410 13988594 900825027
1790357184.220668 W 228 lat 296 2777 8240 0 exe 18148 265740 532666 resp 536333 771 pmu 844257 572714 6865571 12959632 714360219
1790357185.164682 W 229 lat 314 3388 9518 0 exe 19925 331648 547333 resp 553074 930 pmu 872386 713749 7105810 12583503 869616622
1790357186.204780 W 230 lat 537 4555 9444 0 exe 125259 431740 576518 resp 581574 1000 pmu 870864 808546 7087225 13088599 1097829214
1790357187.156760 W 231 lat 518 4296 10166 0 exe 107833 391740 556814 resp 562111 1000 pmu 827760 742002 6740089 14410769 1001370591
1790357188.208837 W 232 lat 296 3425 8962 0 exe 14185 327555 570796 resp 575814 817 pmu 835686 641377 6804604 13929315 853030919
1790357189.164554 W 233 lat 314 3185 9092 0 exe 18629 316592 569907 resp 575185 864 pmu 844007 661126 6860024 13267461 817721676
1790357190.224773 W 234 lat 314 3777 9925 0 exe 27018 361240 547518 resp 551240 948 pmu 857055 719444 6987821 13226984 933523002
1790357191.164903 W 235 lat 314 3962 11759 0 exe 54481 381037 571851 resp 575888 986 pmu 855713 754568 6967262 13267655 978484595
1790357192.212448 W 236 lat 685 4518 9796 0 exe 39888 421685 564481 resp 571333 997 pmu 845577 764152 6888761 13759321 1070351298
1790357193.152813 W 237 lat 296 3129 8759 0 exe 17314 311981 519740 resp 523166 881 pmu 815377 649973 6632378 13824389 811703766
1790357194.208784 W 238 lat 314 2981 9037 0 exe 20796 280444 530481 resp 533629 877 pmu 861122 618931 7010257 12684289 748889280
1790357195.160544 W 239 lat 314 3685 8814 0 exe 60981 352833 581555 resp 588296 962 pmu 855457 730479 6968206 12650789 911826555
1790357196.208986 W 240 lat 314 4166 10888 0 exe 28481 386462 542574 resp 547814 975 pmu 857777 744176 6987771 13745023 995499864
1790357197.156540 W 241 lat 296 3666 11018 0 exe 15592 341777 541425 resp 546499 880 pmu 831488 647433 6763379 13365970 876887293
1790357198.200923 W 242 lat 296 3481 8203 0 exe 14759 346888 530944 resp 533962 925 pmu 827007 685757 6729271 13063956 896436992
1790357199.156710 W 243 lat 296 3259 8499 0 exe 30814 307370 548592 resp 552129 921 pmu 840785 631377 6839117 12955139 802824624
1790357200.212668 W 244 lat 296 3074 10685 0 exe 16203 282222 532814 resp 537648 775 pmu 839583 598019 6837665 13016719 747242824
1790357201.172684 W 245 lat 629 4759 9092 0 exe 115129 457296 593314 resp 598907 1000 pmu 873140 813336 7127260 12677366 1152811097
1790357202.216735 W 246 lat 314 3555 8759 0 exe 48314 326444 582333 resp 586981 967 pmu 825243 644970 6711517 14658201 847951281
1790357203.160828 W 247 lat 296 3370 8999 0 exe 16833 336425 557777 resp 562629 864 pmu 832037 665608 6761468 13545730 871857632
1790357204.216741 W 248 lat 314 3166 8592 0 exe 40925 286240 525222 resp 530462 940 pmu 832905 608884 6782747 13194308 749699754
1790357205.160664 W 249 lat 296 3314 9240 0 exe 16018 307314 577037 resp 583018 879 pmu 840896 650039 6846863 12736806 804251933
1790357206.208890 W 250 lat 611 4574 10277 0 exe 74648 432092 573407 resp 576518 999 pmu 862060 786007 7032070 13243713 1093975475
1790357207.156524 W 251 lat 296 3148 9481 0 exe 14962 302981 545462 resp 551037 844 pmu 831576 607699 6776642 14122865 786661995
1790357208.204798 W 252 lat 296 3592 11722 0 exe 17666 350351 534611 resp 539222 923 pmu 830432 702704 6757949 12899284 899816090
1790357209.163000 W 253 lat 296 3055 7851 0 exe 32740 276407 518203 resp 522851 881 pmu 848097 616940 6908800 13049556 742739155
1790357210.208401 W 254 lat 296 1888 9240 0 exe 13240 169481 581351 resp 588296 389 pmu 828434 351645 6701737 12567720 442482325
1790357211.144361 W 255 lat 296 296 351 0 exe 13148 13592 16333 resp 16648 0 pmu 788472 236 6352178 12578458 38155347
1790357212.184398 W 256 lat 296 296 1666 0 exe 13166 16499 159314 resp 160981 3 pmu 792031 31742 6385336 6062438 44183674
1790357213.224364 W 257 lat 296 296 351 0 exe 13092 13611 15481 resp 15777 0 pmu 789628 297 6362519 7520360 35175371
1790357214.160391 W 258 lat 296 296 481 0 exe 13166 14574 95277 resp 95759 0 pmu 788292 11306 6348344 6053613 37659807
1790357215.200362 W 259 lat 296 296 333 0 exe 13111 13574 15425 resp 15722 0 pmu 787398 216 6341917 6858457 34681958
1790357216.136391 W 260 lat 296 296 518 0 exe 13148 14537 85074 resp 85407 0 pmu 789111 11001 6358397 6052860 37488334
1790357217.176365 W 261 lat 296 296 351 0 exe 13129 13629 16481 resp 16777 0 pmu 789184 563 6357094 6755386 34858406
1790357218.216394 W 262 lat 296 296 462 0 exe 13092 14648 94611 resp 94999 0 pmu 790337 11894 6369837 6063906 37879639
1790357219.152362 W 263 lat 296 296 425 0 exe 13166 13592 15740 resp 16055 0 pmu 788344 211 6354265 6851239 34715958
1790357220.192391 W 264 lat 296 296 444 0 exe 13185 14555 90111 resp 90444 0 pmu 788385 11133 6350158 6056862 37503431
1790357221.128362 W 265 lat 296 296 333 0 exe 13185 13574 15351 resp 15666 0 pmu 787903 212 6346850 6805613 34659940
1790357222.168390 W 266 lat 296 296 425 0 exe 13111 14499 83629 resp 84055 0 pmu 788046 10712 6347788 6052525 37464389
1790357223.208365 W 267 lat 296 296 333 0 exe 13111 13555 15611 resp 15925 0 pmu 786657 217 6338141 6740651 34585835
1790357224.144397 W 268 lat 296 296 462 0 exe 13166 14518 81759 resp 82092 0 pmu 788552 10919 6356521 6054688 37482346
1790357225.184362 W 269 lat 296 296 333 0 exe 13185 13592 16092 resp 16388 0 pmu 789144 251 6356333 6722045 34657986
1790357226.224391 W 270 lat 296 296 685 0 exe 13148 14537 83166 resp 83851 0 pmu 788468 11165 6353995 6059963 37566300
1790357227.160363 W 271 lat 296 296 370 0 exe 13074 13574 15740 resp 16055 0 pmu 787612 219 6346970 6739069 34621283
1790357228.200393 W 272 lat 296 296 444 0 exe 13111 14537 91796 resp 92129 0 pmu 788676 10943 6354401 6056069 37516185
1790357229.136363 W 273 lat 296 296 333 0 exe 13074 13611 15629 resp 15944 0 pmu 788328 368 6352602 6822149 34774320
1790357230.176393 W 274 lat 296 296 574 0 exe 13074 14574 86388 resp 86796 0 pmu 789918 10897 6361106 6054907 37583112
1790357231.216361 W 275 lat 296 296 351 0 exe 13129 13592 15481 resp 15796 0 pmu 788627 225 6350180 6769179 34650473
1790357232.152392 W 276 lat 296 296 462 0 exe 13166 14518 82481 resp 82833 0 pmu 790204 10704 6363633 6053780 37458967
1790357233.192363 W 277 lat 296 296 351 0 exe 13111 13574 15851 resp 16148 0 pmu 787469 257 6342065 6729345 34613340
1790357234.128397 W 278 lat 296 296 703 0 exe 13166 14518 83703 resp 84037 0 pmu 788301 10820 6351873 6057169 37477887
1790357235.168365 W 279 lat 296 296 388 0 exe 13185 13574 15333 resp 15648 0 pmu 786901 259 6340845 6742715 34597427
1790357236.208392 W 280 lat 296 296 518 0 exe 13166 14518 83166 resp 83629 0 pmu 789304 10708 6360633 6052705 37505995
1790357237.144369 W 281 lat 296 296 351 0 exe 13111 13574 15370 resp 15666 0 pmu 787611 242 6344088 6737005 34622118
1790357238.184393 W 282 lat 296 296 796 0 exe 13129 14537 80370 resp 80703 0 pmu 789713 10902 6360214 6052243 37483509
1790357239.224367 W 283 lat 296 296 388 0 exe 13203 13611 15203 resp 15518 0 pmu 789537 307 6359921 6709647 34676671
1790357240.160394 W 284 lat 296 296 481 0 exe 13111 14518 87277 resp 87759 0 pmu 789476 10726 6361408 6051631 37476507
1790357241.200370 W 285 lat 296 296 351 0 exe 13148 13592 15944 resp 16259 0 pmu 788614 284 6355765 6777854 34707419
1790357242.136400 W 286 lat 296 296 518 0 exe 13166 14555 81333 resp 81648 0 pmu 788633 11176 6353463 6058553 37588507
1790357243.176367 W 287 lat 296 296 333 0 exe 13185 13574 15314 resp 15629 0 pmu 786449 272 6336636 6718224 34586186
1790357244.216392 W 288 lat 296 296 888 0 exe 13185 14592 97092 resp 97407 0 pmu 789413 11260 6362845 6052239 37629122
1790357245.152366 W 289 lat 296 296 370 0 exe 13111 13592 15814 resp 16129 0 pmu 787985 279 6349781 6877866 34710899
1790357246.192394 W 290 lat 296 296 462 0 exe 13166 14574 90481 resp 90814 0 pmu 788524 11277 6354432 6057137 37592152
1790357247.128370 W 291 lat 296 296 351 0 exe 13092 13574 15203 resp 15518 0 pmu 786946 235 6340394 6809527 34634642
1790357248.168393 W 292 lat 296 296 592 0 exe 13129 14592 84296 resp 84777 0 pmu 787672 11467 6345306 6050631 37621622
1790357249.208367 W 293 lat 296 296 351 0 exe 13111 13592 15833 resp 16166 0 pmu 788618 222 6355025 6749056 34667455
1790357250.144398 W 294 lat 296 296 499 0 exe 13092 14611 88425 resp 88833 0 pmu 790276 11534 6368425 6057249 37782816
1790357251.184366 W 295 lat 296 296 351 0 exe 13129 13592 15611 resp 15925 0 pmu 788275 242 6353105 6789376 34663870
1790357252.228394 W 296 lat 296 296 462 0 exe 13222 14537 84129 resp 84462 0 pmu 789514 10955 6365762 6055070 37486150
1790357253.164378 W 297 lat 296 296 425 0 exe 13074 13592 15814 resp 16129 0 pmu 789598 205 6364417 6746116 34655180
1790357254.204398 W 298 lat 296 296 425 0 exe 13166 14592 90648 resp 90962 0 pmu 788886 11460 6358624 6057145 37811319
1790357255.140372 W 299 lat 296 296 333 0 exe 13166 13574 14870 resp 15185 0 pmu 787304 201 6343953 6811000 34639261
1790357256.180407 W 300 lat 296 296 462 0 exe 13203 14518 82351 resp 82777 0 pmu 789234 10762 6360825 6047520 37421875
1790357257.220367 W 301 lat 296 296 333 0 exe 13111 13574 15537 resp 15851 0 pmu 786685 223 6340108 6728542 34578370
1790357258.156409 W 302 lat 296 296 1166 0 exe 13129 14537 91925 resp 92277 0 pmu 789172 10632 6362816 6053948 37505933
1790357259.196371 W 303 lat 296 296 407 0 exe 13129 13611 18518 resp 18833 0 pmu 787853 514 6352021 6827302 34803767
1790357260.136403 W 304 lat 296 296 555 0 exe 13166 14537 94537 resp 94870 0 pmu 789564 10644 6364839 6084383 37537858
1790357261.176373 W 305 lat 296 296 351 0 exe 13203 13592 14740 resp 15074 0 pmu 789696 170 6367640 6850502 34703970
1790357262.216394 W 306 lat 296 296 870 0 exe 13129 14537 82462 resp 82944 0 pmu 789974 10833 6366419 6046731 37507578
1790357263.152365 W 307 lat 296 296 481 0 exe 13129 13574 15537 resp 15851 0 pmu 787526 218 6347636 6731835 34604045
1790357264.192393 W 308 lat 296 296 425 0 exe 13129 14555 88444 resp 88851 0 pmu 788299 11392 6352660 6054886 37682254
1790357265.128365 W 309 lat 296 296 351 0 exe 13055 13574 15222 resp 15518 0 pmu 787805 216 6348425 6789052 34635870
1790357266.168396 W 310 lat 296 296 592 0 exe 13148 14555 86629 resp 86962 0 pmu 788653 11201 6355318 6050538 37556285
1790357267.208366 W 311 lat 296 296 351 0 exe 13166 13592 15685 resp 15999 0 pmu 788842 216 6356717 6771480 34653424
1790357268.144392 W 312 lat 296 296 555 0 exe 13185 14518 86944 resp 87351 0 pmu 790649 10700 6369065 6055989 37503626
1790357269.184368 W 313 lat 296 296 333 0 exe 13166 13592 15351 resp 15648 0 pmu 788734 239 6360331 6774835 34673948
1790357270.224394 W 314 lat 296 296 481 0 exe 13185 14574 91425 resp 91851 0 pmu 788579 11272 6356049 6052531 37625936
1790357271.160371 W 315 lat 296 296 333 0 exe 13111 13592 14907 resp 15222 0 pmu 787725 352 6345875 6819659 34750188
1790357272.200393 W 316 lat 296 296 611 0 exe 13129 14907 89962 resp 90277 0 pmu 788869 15038 6356266 6047825 38904643
1790357273.136365 W 317 lat 296 296 351 0 exe 13037 13611 16314 resp 16629 0 pmu 788566 339 6353761 6806528 34731801
1790357274.188645 W 318 lat 296 1240 7962 0 exe 13166 92833 414166 resp 417444 317 pmu 811720 245810 6569831 6062689 250593675
1790357275.132564 W 319 lat 314 3129 9685 0 exe 40222 273759 449388 resp 454833 912 pmu 823495 617991 6694753 10497742 725088061
1790357276.188629 W 320 lat 314 3129 9185 0 exe 41685 273351 481981 resp 486074 899 pmu 832767 640700 6774055 11919000 731475164
1790357277.140582 W 321 lat 333 2592 9777 0 exe 40407 212351 423185 resp 427777 851 pmu 807451 510965 6565931 12240695 572959569
1790357278.188528 W 322 lat 314 2777 8499 0 exe 36444 240814 493259 resp 496722 852 pmu 819452 546289 6655177 11344331 641148069
1790357279.132668 W 323 lat 314 3129 9499 0 exe 36148 282314 439407 resp 443259 871 pmu 828994 653275 6746670 12156349 755794352
1790357280.184633 W 324 lat 314 2240 7925 0 exe 36648 161074 421148 resp 425148 822 pmu 799105 416100 6483245 11832485 445165204
1790357281.236662 W 325 lat 388 3499 9425 0 exe 41222 331759 464055 resp 469166 956 pmu 837758 725394 6825170 11034664 872183398
1790357282.184759 W 326 lat 351 3333 9722 0 exe 38814 319351 514333 resp 517055 956 pmu 839812 704837 6838233 12360125 841950546
1790357283.232652 W 327 lat 370 3444 8592 0 exe 39129 302259 475259 resp 481259 943 pmu 841580 693846 6850146 12777179 801933190
1790357284.176740 W 328 lat 333 3592 8018 0 exe 51277 336129 518833 resp 524370 989 pmu 853435 744280 6939963 12314123 884862095
1790357285.236662 W 329 lat 351 3444 10240 0 exe 42296 328037 489796 resp 495185 962 pmu 834974 711067 6798687 12975254 863027524
1790357286.176619 W 330 lat 314 3685 8222 0 exe 43407 364462 515203 resp 521092 986 pmu 864249 803067 7056325 12609445 958033770
1790357287.232646 W 331 lat 314 3351 8611 0 exe 39648 357092 488851 resp 491925 986 pmu 861506 788326 7030499 13044345 939413699
1790357288.172715 W 332 lat 407 3740 7833 0 exe 42611 339277 475611 resp 481703 972 pmu 853361 750456 6953944 12711452 893646007
1790357289.224606 W 333 lat 407 3777 8592 0 exe 46444 364259 479129 resp 482462 991 pmu 851639 796378 6945757 12518511 956486246
1790357290.168626 W 334 lat 333 3851 9259 0 exe 48111 361111 504777 resp 508907 994 pmu 861775 812772 7024094 12688140 953477096
1790357291.216497 W 335 lat 592 3944 9444 0 exe 39685 362685 485518 resp 490537 992 pmu 863245 800129 7037853 12944300 954099021
1790357292.160640 W 336 lat 314 3814 9592 0 exe 48851 362018 469388 resp 472703 995 pmu 855197 795893 6972011 12724564 950516140
1790357293.208599 W 337 lat 499 3777 8685 0 exe 70740 348518 474518 resp 480055 996 pmu 848844 766096 6918820 12595987 916104107
1790357294.158064 W 338 lat 425 3944 9574 0 exe 45888 362259 523981 resp 527648 994 pmu 874640 805110 7143175 12696628 955234144
1790357295.204639 W 339 lat 407 3999 9074 0 exe 34925 352648 481129 resp 486240 990 pmu 862612 789198 7029449 13131168 930681230
1790357296.148811 W 340 lat 407 3518 8537 0 exe 38481 314648 509055 resp 515129 977 pmu 848700 694842 6905088 12604571 831860418
1790357297.212610 W 341 lat 370 3444 9407 0 exe 35907 293277 469907 resp 474314 955 pmu 841581 686121 6855891 12711195 784216777
1790357298.160464 W 342 lat 296 2851 7629 0 exe 33611 243574 447240 resp 453222 872 pmu 819936 562346 6653695 12195424 648513091
1790357299.208621 W 343 lat 296 3185 9425 0 exe 35796 269333 430370 resp 433462 891 pmu 824856 627002 6712084 11704413 722852285
1790357300.156624 W 344 lat 296 2740 8388 0 exe 35888 237296 498611 resp 503277 846 pmu 817576 535135 6652515 11671409 631715186
1790357301.216494 W 345 lat 314 2574 8814 0 exe 35425 202870 449185 resp 452685 802 pmu 809959 495426 6567494 12194543 553634609
1790357302.156510 W 346 lat 370 3222 8833 0 exe 39962 279703 482925 resp 486796 915 pmu 830223 630199 6752843 11521690 739837906
1790357303.216496 W 347 lat 314 3166 9833 0 exe 35203 266462 463648 resp 468777 892 pmu 829037 632359 6744300 12271423 714317648
1790357304.160624 W 348 lat 314 2944 7666 0 exe 35814 257092 509277 resp 514499 871 pmu 826657 574754 6736067 11999313 681853444
1790357305.212631 W 349 lat 314 2907 8537 0 exe 35833 233925 422074 resp 425870 866 pmu 815164 549759 6627742 12400386 629400148
1790357306.168609 W 350 lat 314 2925 8277 0 exe 37759 245592 453351 resp 459685 848 pmu 823050 585013 6678418 11409402 658877765
1790357307.236699 W 351 lat 388 3203 9240 0 exe 40666 269499 450703 resp 453537 936 pmu 826275 607716 6723648 11801977 716344525
1790357308.180649 W 352 lat 499 3740 8703 0 exe 39333 353537 506666 resp 511092 990 pmu 859405 779028 7015423 11898843 931407020
1790357309.228775 W 353 lat 314 3777 9259 0 exe 38703 349370 479870 resp 484203 983 pmu 852517 778345 6954041 12880332 923401713
1790357310.180668 W 354 lat 370 3833 8148 0 exe 45203 373055 533314 resp 538203 983 pmu 852402 796593 6956857 12590059 976699764
1790357311.132614 W 355 lat 481 3740 9462 0 exe 47666 362925 515796 resp 519833 985 pmu 857699 781053 6971126 13273256 949512712
1790357312.188694 W 356 lat 537 3611 9425 0 exe 38185 329444 472796 resp 476648 976 pmu 846158 733804 6908919 13062255 870807619
1790357313.136515 W 357 lat 425 3814 10111 0 exe 37037 339592 525999 resp 529962 988 pmu 860472 760112 7017426 12415894 895793699
1790357314.188606 W 358 lat 481 3666 8185 0 exe 42444 327055 491499 resp 494388 978 pmu 848606 721775 6907977 12997319 862756155
1790357315.132445 W 359 lat 499 3333 8444 0 exe 40759 315666 521925 resp 525129 958 pmu 849647 695998 6924885 12601271 831902518
1790357316.180603 W 360 lat 296 3407 9055 0 exe 40314 309055 457444 resp 462092 930 pmu 836474 707369 6818046 12841245 822501597
1790357317.132574 W 361 lat 296 3092 9370 0 exe 37277 276518 522962 resp 527796 937 pmu 834940 612911 6797264 12170636 731197191
1790357318.184734 W 362 lat 314 2018 6722 0 exe 33499 142648 424314 resp 426574 704 pmu 790391 365971 6408204 12648428 397570446
1790357319.136586 W 363 lat 388 3240 9518 0 exe 39759 289425 523703 resp 528259 923 pmu 842063 671509 6856825 10942746 771441421
1790357320.184494 W 364 lat 314 2999 9148 0 exe 34074 266277 457111 resp 461777 854 pmu 821696 586988 6672864 12733615 703953729
1790357321.140654 W 365 lat 296 2888 9518 0 exe 37759 251074 518870 resp 524388 787 pmu 833555 591131 6794130 11920678 676265761
1790357322.200632 W 366 lat 314 2537 7499 0 exe 36166 192037 427759 resp 431407 806 pmu 802624 449403 6517772 12486110 518627186
1790357323.148652 W 367 lat 314 3462 9203 0 exe 44296 311166 525592 resp 529629 931 pmu 847607 706302 6910842 11251000 824403910
1790357324.200654 W 368 lat 407 3481 7166 0 exe 40499 333629 467999 resp 471722 955 pmu 835248 719628 6794475 12880523 875013421
1790357325.140558 W 369 lat 333 3611 7888 0 exe 42574 366111 524925 resp 528685 976 pmu 851300 780146 6934287 12387149 959959286
1790357326.196720 W 370 lat 314 3611 9537 0 exe 45407 366074 477185 resp 482425 984 pmu 857979 801195 7006484 13133305 962338193
1790357327.144627 W 371 lat 425 3592 8814 0 exe 55740 370055 518555 resp 523740 982 pmu 876171 813251 7150628 12685315 971930976
1790357328.196653 W 372 lat 629 3944 10037 0 exe 40759 366962 482092 resp 485388 987 pmu 858355 795985 7004034 13167169 962600995
1790357329.140617 W 373 lat 999 4148 8759 0 exe 91740 399277 517240 resp 523722 999 pmu 883099 845027 7207078 12711762 1043284792
1790357330.192648 W 374 lat 518 4055 9259 0 exe 45074 383129 478037 resp 482888 995 pmu 868607 824130 7093518 13492118 1005373124
1790357331.132701 W 375 lat 740 4314 9611 0 exe 83814 403962 507759 resp 512740 998 pmu 892118 856527 7283349 12777308 1054698118
1790357332.180623 W 376 lat 611 4277 9555 0 exe 86611 406481 485425 resp 490648 995 pmu 891362 855175 7281610 13377317 1060587413
1790357333.232711 W 377 lat 722 4185 10351 0 exe 87444 395259 530796 resp 534185 997 pmu 888411 851671 7256379 13180698 1036717097
1790357334.172400 W 378 lat 296 2629 8833 0 exe 13185 246148 486481 resp 490870 614 pmu 840785 519151 6824202 13576364 649427815
1790357335.212392 W 379 lat 296 296 537 0 exe 13148 14462 92777 resp 93203 0 pmu 787450 10196 6349725 12001750 40876067
1790357336.156657 W 380 lat 296 1092 4907 0 exe 13111 93592 341462 resp 344203 345 pmu 791163 234715 6421224 6833831 244507034
1790357337.204626 W 381 lat 1388 2685 5277 0 exe 204296 251740 379092 resp 381944 1000 pmu 801329 644772 6576180 9755610 654977841
1790357338.144635 W 382 lat 1425 2796 6074 0 exe 199333 248370 301851 resp 305018 1000 pmu 790334 630770 6480206 11894756 647384017
1790357339.188627 W 383 lat 1185 2685 5370 0 exe 159314 251722 373481 resp 375499 1000 pmu 800371 642269 6560298 11086896 655945535
1790357340.128694 W 384 lat 1037 2611 5111 0 exe 135944 244314 297388 resp 299629 1000 pmu 787332 620358 6464877 11608950 637444293
1790357341.172632 W 385 lat 1259 2703 5499 0 exe 204018 252925 371388 resp 375259 1000 pmu 800724 645367 6567626 10692783 658715145
1790357342.220642 W 386 lat 1370 2759 5944 0 exe 202629 247592 303240 resp 305370 1000 pmu 790457 628878 6486865 11827952 645464563
1790357343.168634 W 387 lat 1259 2666 5296 0 exe 135703 249037 373240 resp 375203 1000 pmu 798454 635492 6550633 11107230 649508247
1790357344.212644 W 388 lat 1296 2648 5685 0 exe 207018 246740 296796 resp 299592 1000 pmu 788359 625008 6467136 11474662 643517549
1790357345.156727 W 389 lat 1296 2759 16907 0 exe 194055 250685 361203 resp 364111 1000 pmu 795989 638248 6540825 11061640 653345532
1790357346.200645 W 390 lat 1203 2666 6555 0 exe 146833 248111 368703 resp 371648 1000 pmu 793203 629296 6497417 11717716 646576253
1790357347.148645 W 391 lat 1259 2648 5129 0 exe 135388 242574 309444 resp 314277 1000 pmu 785151 618722 6441990 11491323 632976072
1790357348.192610 W 392 lat 1351 2703 6055 0 exe 181870 252648 370277 resp 373518 1000 pmu 800396 644241 6570051 10816194 658777552
1790357349.152636 W 393 lat 1370 2740 5962 0 exe 163666 246499 312999 resp 314907 1000 pmu 788751 625163 6474507 11704702 642818214
1790357350.192624 W 394 lat 1222 2685 5037 0 exe 135203 251740 382888 resp 385240 1000 pmu 798940 640319 6554155 11003399 656019992
1790357351.128671 W 395 lat 1277 2685 5296 0 exe 155981 246055 296851 resp 300277 1000 pmu 787930 624836 6467113 11582566 641621395
1790357352.172646 W 396 lat 1314 2777 5703 0 exe 204629 253055 375944 resp 378777 1000 pmu 799861 644743 6560741 10804838 659467600
1790357353.212685 W 397 lat 1333 2703 5777 0 exe 141277 245944 303870 resp 308907 1000 pmu 787810 623891 6465004 11873789 641354589
1790357354.148659 W 398 lat 777 2685 5537 0 exe 136333 250537 384759 resp 388129 1000 pmu 799194 639389 6556545 10811765 653159187
1790357355.188710 W 399 lat 1203 2722 5296 0 exe 194148 248148 321740 resp 323851 1000 pmu 789208 630849 6467131 11606628 646405919
1790357356.228664 W 400 lat 1277 2814 6037 0 exe 153444 253055 369481 resp 374037 1000 pmu 799379 642566 6562327 11248076 659673352
1790357357.164636 W 401 lat 1074 2666 5444 0 exe 134962 245833 326722 resp 330074 1000 pmu 786367 621649 6450493 11563464 640538134
1790357358.208559 W 402 lat 1351 2740 5907 0 exe 197944 253907 379407 resp 381592 1000 pmu 801379 646405 6570869 10996466 661397695
1790357359.140715 W 403 lat 1203 2740 6185 0 exe 202351 247925 306259 resp 309611 1000 pmu 788664 629095 6474388 11876976 646097559
1790357360.184665 W 404 lat 1166 2759 5722 0 exe 135333 252314 371648 resp 374944 1000 pmu 797878 640308 6539508 11144027 657167293
1790357361.224663 W 405 lat 1314 2629 4907 0 exe 145981 246592 306259 resp 309222 1000 pmu 787577 623176 6464042 11482125 642164043
1790357362.160662 W 406 lat 1444 2759 5703 0 exe 203166 255925 386574 resp 390055 1000 pmu 801352 648931 6571576 10847070 665905252
1790357363.200684 W 407 lat 1296 2833 6203 0 exe 158148 246925 303666 resp 307481 1000 pmu 787308 625487 6461281 11990744 643391986
1790357364.136682 W 408 lat 1388 2685 5777 0 exe 146648 250666 378777 resp 382185 1000 pmu 797975 639236 6539851 10895394 652441286
1790357365.176631 W 409 lat 1388 2685 5629 0 exe 199925 249074 300962 resp 303111 1000 pmu 788208 629521 6469258 11603482 647915176
1790357366.216654 W 410 lat 462 2518 6259 0 exe 192074 252796 362648 resp 365629 1000 pmu 801613 648159 6574471 11076435 657529072
1790357367.156546 W 411 lat 1074 2759 5796 0 exe 136166 242499 299648 resp 301851 1000 pmu 787575 623446 6454527 11674553 631763605
1790357368.196629 W 412 lat 1203 2685 5592 0 exe 137833 247592 392351 resp 396666 1000 pmu 798901 640658 6556999 10711748 644683315
1790357369.136684 W 413 lat 1222 2703 5777 0 exe 187166 243740 321722 resp 326314 1000 pmu 788438 627685 6465282 11682319 634891905
1790357370.184643 W 414 lat 1111 2777 5962 0 exe 138055 248537 411666 resp 415092 1000 pmu 800476 643213 6564462 11205874 647346648
1790357371.224677 W 415 lat 1092 2666 5777 0 exe 131314 242537 300685 resp 302888 1000 pmu 787534 624186 6460282 11878571 632645153
1790357372.160641 W 416 lat 1425 2722 5555 0 exe 185259 249259 372407 resp 376611 1000 pmu 800678 645708 6570705 10697416 649304837
1790357373.200657 W 417 lat 1111 2722 6462 0 exe 182018 243851 298370 resp 302018 1000 pmu 789142 628649 6469131 11728859 636008774
1790357374.136645 W 418 lat 1222 2740 6240 0 exe 141981 246148 386592 resp 389703 1000 pmu 800267 639171 6565757 10945261 642345957
1790357375.184667 W 419 lat 1203 2648 5111 0 exe 146370 242981 321296 resp 324222 1000 pmu 788369 623902 6466239 11635709 633271255
1790357376.128635 W 420 lat 1314 2722 5703 0 exe 201370 250537 369277 resp 372777 1000 pmu 800257 643176 6558360 10981686 652589880
1790357377.180700 W 421 lat 1314 2740 5703 0 exe 146962 243740 309814 resp 313055 1000 pmu 787191 619796 6457697 11781135 635917894
1790357378.132663 W 422 lat 999 2703 6629 0 exe 138907 251851 361648 resp 364351 1000 pmu 800639 641639 6561036 10879341 656416312
1790357379.180660 W 423 lat 1425 2703 5629 0 exe 190740 248166 313314 resp 316833 1000 pmu 789582 629543 6475558 11397992 646645334
1790357380.129407 W 424 lat 1444 2722 6314 0 exe 187129 249037 369407 resp 371759 1000 pmu 794733 636329 6516707 11156747 649543466
1790357381.172604 W 425 lat 1166 2759 7185 0 exe 147185 246981 360074 resp 363092 1000 pmu 791903 628630 6490483 11701836 644169390
1790357382.224636 W 426 lat 1333 2666 5518 0 exe 153259 246518 318814 resp 323648 1000 pmu 788486 624490 6464317 11404797 642801560
1790357383.164661 W 427 lat 1277 2703 6074 0 exe 194629 251425 358444 resp 362203 1000 pmu 798047 640110 6538499 11021373 655347694
1790357384.224642 W 428 lat 1314 2740 6148 0 exe 141981 244962 309925 resp 313333 1000 pmu 786812 621727 6455569 11646386 639252488
1790357385.176655 W 429 lat 1222 2703 6240 0 exe 132833 251777 368444 resp 372314 1000 pmu 799399 641269 6552921 10864641 656062084
1790357386.132629 W 430 lat 1370 2648 5444 0 exe 202240 247629 298796 resp 300981 1000 pmu 789144 627863 6468905 11440243 645312781
1790357387.192617 W 431 lat 1222 2722 5703 0 exe 137314 262574 387999 resp 391240 1000 pmu 822833 674453 6739697 11058074 685016091
1790357388.132644 W 432 lat 1074 2740 5444 0 exe 126629 246222 298851 resp 301481 1000 pmu 787912 624833 6464252 11706483 641823442
1790357389.184691 W 433 lat 1370 2703 6537 0 exe 133592 246277 320111 resp 325351 1000 pmu 787480 623171 6456901 10674679 641461455
1790357390.228637 W 434 lat 1074 2648 5481 0 exe 138111 247444 301351 resp 304666 1000 pmu 788955 626873 6466733 10942334 644400147
1790357391.164639 W 435 lat 1314 2740 6574 0 exe 199999 246833 298574 resp 301388 1000 pmu 787907 627247 6461900 10766415 642829500
1790357392.208647 W 436 lat 1444 2722 5629 0 exe 141296 246555 304703 resp 306648 1000 pmu 788194 623639 6471871 11049777 642337231
1790357393.148694 W 437 lat 1111 2648 5166 0 exe 199629 248111 303092 resp 306537 1000 pmu 789151 628987 6465974 10807654 645847798
1790357394.192653 W 438 lat 1351 2740 5574 0 exe 147703 247407 303555 resp 306722 1000 pmu 788872 627495 6470981 11094155 644782408
1790357395.132627 W 439 lat 1388 2740 5703 0 exe 156555 246888 301222 resp 305092 1000 pmu 787414 625487 6454278 10837890 642808249
1790357396.176406 W 440 lat 296 1925 5629 0 exe 13259 173925 325055 resp 328814 675 pmu 793957 463612 6464261 10859560 456305971
1790357397.216370 W 441 lat 296 296 351 0 exe 13129 13648 17185 resp 17518 0 pmu 788699 733 6351434 10004146 36884463
1790357398.156876 W 442 lat 296 648 12111 0 exe 13166 51222 472796 resp 478944 102 pmu 805988 113438 6516448 6071471 134104248
1790357399.212893 W 443 lat 314 4166 13222 0 exe 34222 372499 529722 resp 537962 958 pmu 864634 727289 7048353 10908109 959914896
1790357400.160817 W 444 lat 703 4962 13907 0 exe 219333 442888 579203 resp 585296 1000 pmu 842636 779647 6879645 13223182 1114806085
1790357401.228792 W 445 lat 296 2555 12351 0 exe 14740 223425 562444 resp 566814 498 pmu 801235 428357 6518134 14992685 593877523
1790357402.180857 W 446 lat 333 4777 11481 0 exe 36796 437166 577981 resp 584148 976 pmu 844931 746692 6901552 12675695 1107671170
1790357403.228504 W 447 lat 296 2814 8870 0 exe 19351 255296 597611 resp 604499 727 pmu 841793 524086 6849314 14025475 674164634
1790357404.180814 W 448 lat 296 2925 8925 0 exe 17777 294574 562277 resp 568074 822 pmu 860829 634412 7013785 13205838 770985556
1790357405.128888 W 449 lat 574 4240 11851 0 exe 129203 429259 548925 resp 555444 1000 pmu 847575 776820 6912939 13036967 1082595170
1790357406.184457 W 450 lat 296 3962 12703 0 exe 15166 342944 536314 resp 540444 860 pmu 820958 650559 6687274 14159772 884955066
1790357407.132841 W 451 lat 296 3722 10462 0 exe 15518 328703 572462 resp 576518 794 pmu 810677 598260 6612907 13021232 845592513
1790357408.184528 W 452 lat 296 3148 9703 0 exe 21888 287148 550240 resp 553888 760 pmu 842426 578680 6861587 13300296 765969889
1790357409.144647 W 453 lat 296 2796 10092 0 exe 18722 258259 561481 resp 568074 768 pmu 842937 571804 6863612 12893515 683307309
1790357410.184871 W 454 lat 555 4574 10370 0 exe 94111 415703 552629 resp 557759 999 pmu 859928 783282 7011645 12861249 1056525963
1790357411.140596 W 455 lat 537 4592 12166 0 exe 47555 393185 570203 resp 574185 994 pmu 813084 722538 6634598 13941235 997581069
1790357412.204847 W 456 lat 296 3388 10907 0 exe 15259 296240 549407 resp 554574 851 pmu 789886 579420 6442739 13774454 766374936
1790357413.156565 W 457 lat 296 3333 9703 0 exe 16925 283185 529259 resp 534777 800 pmu 809711 554831 6594814 12912569 734030463
1790357414.216732 W 458 lat 296 2740 9833 0 exe 16611 249629 554518 resp 559925 748 pmu 847239 560268 6902145 12649283 666979989
1790357415.164936 W 459 lat 999 4629 9722 0 exe 205037 422203 567592 resp 572870 1000 pmu 850775 782930 6937983 12730472 1071200465
1790357416.220689 W 460 lat 944 4518 10814 0 exe 109148 377351 571333 resp 576259 1000 pmu 796105 699428 6494298 14677938 959905934
1790357417.176810 W 461 lat 314 3962 9499 0 exe 61037 355814 512166 resp 516037 987 pmu 789430 684257 6427467 14014531 911724596
1790357418.132622 W 462 lat 296 2851 9611 0 exe 18666 262203 550499 resp 553796 735 pmu 819936 528655 6680509 13056032 691023636
1790357419.180791 W 463 lat 296 3314 9629 0 exe 39703 320129 518851 resp 521166 918 pmu 858587 687430 6996668 12752010 830351901
1790357420.228839 W 464 lat 1777 4851 10925 0 exe 191814 432740 578777 resp 583888 1000 pmu 853339 794092 6958266 12827963 1098595617
1790357421.172699 W 465 lat 407 4092 10851 0 exe 43537 343092 504944 resp 510796 984 pmu 787874 645208 6417777 14786700 878979575
1790357422.128613 W 466 lat 314 4129 9722 0 exe 65759 384462 570666 resp 574555 993 pmu 803886 710863 6552553 12851360 981607254
1790357423.184507 W 467 lat 296 2574 7666 0 exe 17629 228129 522092 resp 526055 723 pmu 812004 477307 6611818 13809913 608625771
1790357424.232886 W 468 lat 296 3740 10370 0 exe 26444 353018 578388 resp 585962 930 pmu 857177 721149 6984921 12284639 915883980
1790357425.168975 W 469 lat 1148 4814 9166 0 exe 317740 433574 556203 resp 560277 1000 pmu 837623 774172 6837340 13553739 1097439194
1790357426.224811 W 470 lat 296 3648 13018 0 exe 19407 311185 573518 resp 580444 917 pmu 792963 608786 6463821 15177172 804441660
1790357427.184615 W 471 lat 296 4277 10259 0 exe 34962 377296 555185 resp 561611 948 pmu 804852 686075 6555620 13270046 969120120
1790357428.132496 W 472 lat 296 2277 8462 0 exe 20129 201703 522407 resp 529092 665 pmu 824790 460925 6715875 13481079 562872223
1790357429.188949 W 473 lat 296 3666 10703 0 exe 25222 365111 549925 resp 556685 919 pmu 855989 727282 6974769 12184168 936939893
1790357430.232578 W 474 lat 1592 4870 10648 0 exe 203296 426685 563592 resp 568851 1000 pmu 829693 759111 6772367 13320859 1076310377
1790357431.180897 W 475 lat 296 3240 11962 0 exe 15129 277574 568759 resp 577314 816 pmu 789498 557606 6433369 14659944 735837769
1790357432.132702 W 476 lat 481 4481 9370 0 exe 94481 410777 570888 resp 575092 999 pmu 820735 737429 6694713 13034343 1043505807
1790357433.188761 W 477 lat 296 2240 7796 0 exe 18944 201648 533537 resp 538351 657 pmu 834448 472664 6787706 14089501 563765853
1790357434.132902 W 478 lat 314 3537 11481 0 exe 34555 342574 525962 resp 531037 909 pmu 882246 724909 7189523 12276591 893695969
1790357435.192758 W 479 lat 2037 4907 13203 0 exe 204999 439611 579759 resp 584518 1000 pmu 845126 783847 6893005 13010033 1109811631
1790357436.144779 W 480 lat 314 3999 8574 0 exe 65759 367055 559296 resp 565092 994 pmu 801151 716275 6525449 14907755 942582965
1790357437.216796 W 481 lat 296 3925 10444 0 exe 15907 346203 539240 resp 542796 866 pmu 798144 630166 6504900 13612865 893108376
1790357438.160703 W 482 lat 296 2462 7796 0 exe 19240 238333 562518 resp 566870 740 pmu 843562 526004 6866383 13055858 644021627
1790357439.204795 W 483 lat 296 3722 10740 0 exe 24481 364444 555074 resp 558999 944 pmu 879747 750902 7179328 12750002 943558100
1790357440.140797 W 484 lat 1240 4351 10925 0 exe 170888 418796 551722 resp 556999 1000 pmu 852221 792782 6933349 13351364 1066296680
1790357441.200461 W 485 lat 296 4518 11185 0 exe 37759 422370 562203 resp 565703 992 pmu 845874 780342 6890856 14337304 1072372588
1790357442.160894 W 486 lat 296 3333 8425 0 exe 16740 329277 535907 resp 539518 835 pmu 817439 634545 6659950 13782396 854501260
                                                                                                                                                                                                                                                                                                                                                                                                                                                                                                                                                                                                                                                           1790357603.075667 <missed 11524 bytes of console log>
1790357603.076049  lat 296 296 333 0 exe 15296 15685 28185 resp 28481 0 pmu 978125 2015 7871150 7019705 40024405
1790357603.076105 W 4 lat 277 296 537 0 exe 15277 17629 112537 resp 112851 3 pmu 977741 24594 7868719 6201701 45056499
1790357603.076154 W 5 lat 277 296 351 0 exe 15296 15555 20240 resp 20555 0 pmu 978099 596 7872605 7056250 39689523
1790357603.076206 W 6 lat 277 462 4055 0 exe 15314 77499 412296 resp 413888 207 pmu 961130 418926 7752530 6122453 253698774
1790357603.076255 W 7 lat 277 296 425 0 exe 15296 15703 27962 resp 28277 0 pmu 977660 2320 7874061 10378348 42207017
1790357603.076305 W 8 lat 277 314 2351 0 exe 15296 28185 130185 resp 130518 40 pmu 972081 140904 7834193 6200379 75572637
1790357603.076352 W 9 lat 296 296 333 0 exe 15296 15499 17481 resp 17796 0 pmu 977833 157 7874805 7294752 39677746
1790357603.076374 Closing cell "rt-bench"
1790357603.076399 [MG] Initializing memguard on CPU 3
1790357603.076436 [SMMUv2] Exiting SMMUv2 on cell 1
1790357603.076493 [COL] Colored OP 1: PHYS 0x30000000 -> VIRT 0x00000000 (SIZE: 0x00400000, COL: 0x00000fff, extra: 0x0000000000000000)
1790357603.076513 [COL] Result: 0
1790357603.076566 [COL] Colored OP 4: PHYS 0x30000000 -> VIRT 0x00000000 (SIZE: 0x00400000, COL: 0x00000fff, extra: 0x0000000000000001)
1790357603.076587 [COL] Result: 0
1790357603.076622 Page pool usage after cell destruction: mem 85/4061, remap 5/131072
1790357603.076648 [MG] Initializing memguard on CPU 3
1790357603.076672 [MG] Initializing memguard on CPU 3
1790357603.076725 [COL] Colored OP 0: PHYS 0x30000000 -> VIRT 0x00000000 (SIZE: 0x00400000, COL: 0x0000ffff, extra: 0x0000000000000000)
1790357603.076745 [COL] Result: 0
1790357603.076769 [MG] Initializing memguard on CPU 3
1790357603.076789 Created cell "rt-bench"
1790357603.076823 Page pool usage after cell creation: mem 98/4061, remap 5/131072
1790357603.076877 [COL] Colored OP 3: PHYS 0x30000000 -> VIRT 0x00000000 (SIZE: 0x00400000, COL: 0x0000ffff, extra: 0x0000000000000000)
1790357603.076903 [MG] Initializing memguard on CPU 3
1790357603.076921 [COL] Result: 0
1790357603.076943 Cell "rt-bench" can be loaded
1790357603.076995 [COL] Colored OP 2: PHYS 0x30000000 -> VIRT 0x00000000 (SIZE: 0x00400000, COL: 0x0000ffff, extra: 0x0000000000000000)
1790357603.077015 [COL] Result: 0
1790357603.077067 [COL] Colored OP 4: PHYS 0x30000000 -> VIRT 0x00000000 (SIZE: 0x00400000, COL: 0x0000ffff, extra: 0x0000000000000001)
1790357603.077090 [COL] Result: 0
1790357603.077110 Started cell "rt-bench"
1790357603.077134 [MG] Initializing memguard on CPU 3
1790357603.077164 rt-bench: ws 768 KB, 1024 loads/period, window 1000
1790357604.112518 W 0 lat 314 462 925 0 exe 19129 25055 129407 resp 129814 23 pmu 794162 57995 6400641 5307521 45700251
1790357605.048485 W 1 lat 277 314 648 0 exe 13129 16092 126759 resp 127277 10 pmu 790829 24384 6381341 7284566 40958857
1790357606.088515 W 2 lat 277 296 537 0 exe 13148 14722 104055 resp 104407 1 pmu 787467 13284 6348156 7181646 38614823
1790357607.128495 W 3 lat 277 296 407 0 exe 13074 13648 22481 resp 22777 0 pmu 788497 1300 6358862 6946277 35089861
1790357608.068498 W 4 lat 296 296 648 0 exe 13092 14666 92722 resp 93018 0 pmu 788183 12715 6354243 6123833 37847764
1790357609.108476 W 5 lat 296 296 351 0 exe 13203 13592 17166 resp 17481 0 pmu 790525 447 6371369 6832728 34786146
1790357610.148649 W 6 lat 277 518 3314 0 exe 13222 72462 398277 resp 400907 153 pmu 789675 338393 6378570 6071375 228160986
1790357611.084507 W 7 lat 296 314 2370 0 exe 13092 15574 227870 resp 228203 9 pmu 788920 13060 6359344 10204345 43754449
1790357612.124530 W 8 lat 296 314 1333 0 exe 13185 23648 114259 resp 114870 6 pmu 797664 109422 6433365 8197713 67649792
1790357613.060484 W 9 lat 277 296 351 0 exe 13092 13592 16555 resp 16870 0 pmu 789047 384 6359672 7098785 34887679
1790357613.478844 Closing cell "rt-bench"
1790357613.479352 [MG] Initializing memguard on CPU 3
1790357613.479450 [SMMUv2] Exiting SMMUv2 on cell 1
1790357613.479534 [COL] Colored OP 1: PHYS 0x30000000 -> VIRT 0x00000000 (SIZE: 0x00400000, COL: 0x0000ffff, extra: 0x0000000000000000)
1790357613.479589 [COL] Result: 0
1790357613.479668 [COL] Colored OP 4: PHYS 0x30000000 -> VIRT 0x00000000 (SIZE: 0x00400000, COL: 0x0000ffff, extra: 0x0000000000000001)
1790357613.479697 [COL] Result: 0
1790357613.479749 Page pool usage after cell destruction: mem 85/4061, remap 5/131072
1790357613.479787 [MG] Initializing memguard on CPU 3
1790357613.479823 [MG] Initializing memguard on CPU 3
1790357613.479858 [MG] Initializing memguard on CPU 3
1790357613.479888 Created cell "rt-bench"
1790357613.479938 Page pool usage after cell creation: mem 94/4061, remap 5/131072
1790359467.871075 <missed 11526 bytes of console log>
1790359467.872087  296 296 462 0 exe 15277 15851 35759 resp 36074 0 pmu 977735 3628 7873960 7025078 40490665
1790359467.872145 W 4 lat 296 296 685 0 exe 15314 17851 114944 resp 115314 3 pmu 977654 26591 7873809 6279216 45733818
1790359467.872196 W 5 lat 296 296 333 0 exe 15314 15537 17870 resp 18185 0 pmu 978723 277 7884816 7082682 39660444
1790359467.872248 W 6 lat 296 481 3425 0 exe 15333 67574 386296 resp 387333 181 pmu 962964 321542 7771292 6098712 227524168
1790359467.872301 W 7 lat 296 314 1759 0 exe 15314 17425 137777 resp 139388 10 pmu 977650 13857 7873762 10063168 52576228
1790359467.872352 W 8 lat 296 296 574 0 exe 15314 26425 131351 resp 131666 38 pmu 974462 118439 7860338 7320871 71277132
1790359467.872604 W 9 lat 296 296 333 0 exe 15370 15537 16740 resp 17037 0 pmu 978367 188 7886421 7288824 39764075
1790359467.872634 Closing cell "rt-bench"
1790359467.872660 [MG] Initializing memguard on CPU 3
1790359467.872685 [SMMUv2] Exiting SMMUv2 on cell 1
1790359467.872739 [COL] Colored OP 1: PHYS 0x30000000 -> VIRT 0x00000000 (SIZE: 0x00400000, COL: 0x00000fff, extra: 0x0000000000000000)
1790359467.872760 [COL] Result: 0
1790359467.872813 [COL] Colored OP 4: PHYS 0x30000000 -> VIRT 0x00000000 (SIZE: 0x00400000, COL: 0x00000fff, extra: 0x0000000000000001)
1790359467.872836 [COL] Result: 0
1790359467.872872 Page pool usage after cell destruction: mem 85/4061, remap 5/131072
1790359467.872899 [MG] Initializing memguard on CPU 3
1790359467.872925 [MG] Initializing memguard on CPU 3
1790359467.872978 [COL] Colored OP 0: PHYS 0x30000000 -> VIRT 0x00000000 (SIZE: 0x00400000, COL: 0x0000ffff, extra: 0x0000000000000000)
1790359467.872999 [COL] Result: 0
1790359467.873024 [MG] Initializing memguard on CPU 3
1790359467.873045 Created cell "rt-bench"
1790359467.873080 Page pool usage after cell creation: mem 98/4061, remap 5/131072
1790359467.873135 [COL] Colored OP 3: PHYS 0x30000000 -> VIRT 0x00000000 (SIZE: 0x00400000, COL: 0x0000ffff, extra: 0x0000000000000000)
1790359467.873163 [MG] Initializing memguard on CPU 3
1790359467.873181 [COL] Result: 0
1790359467.873204 Cell "rt-bench" can be loaded
1790359467.873258 [COL] Colored OP 2: PHYS 0x30000000 -> VIRT 0x00000000 (SIZE: 0x00400000, COL: 0x0000ffff, extra: 0x0000000000000000)
1790359467.873278 [COL] Result: 0
1790359467.873331 [COL] Colored OP 4: PHYS 0x30000000 -> VIRT 0x00000000 (SIZE: 0x00400000, COL: 0x0000ffff, extra: 0x0000000000000001)
1790359467.873360 [COL] Result: 0
1790359467.873380 Started cell "rt-bench"
1790359467.873405 [MG] Initializing memguard on CPU 3
1790359467.873436 rt-bench: ws 768 KB, 1024 loads/period, window 1000
1790359468.908469 W 0 lat 333 462 1851 0 exe 19074 24537 166333 resp 167277 26 pmu 794539 51938 6405733 5307537 44611590
1790359469.844429 W 1 lat 296 314 740 0 exe 13092 15944 112333 resp 112851 8 pmu 790848 23645 6376454 7658657 41015509
1790359470.888455 W 2 lat 296 296 629 0 exe 13055 14648 103722 resp 104222 1 pmu 788325 12720 6354194 7036889 38359646
1790359471.928590 W 3 lat 296 296 425 0 exe 13074 13648 21740 resp 22055 0 pmu 789050 1288 6358682 6943378 35091192
1790359472.864451 W 4 lat 296 296 499 0 exe 13074 14685 105962 resp 106333 1 pmu 789298 13185 6362799 6116546 37910331
1790359473.904509 W 5 lat 296 296 351 0 exe 13055 13555 17592 resp 17925 0 pmu 788051 467 6353083 6964855 34736892
1790359474.848490 W 6 lat 296 481 2981 0 exe 13129 44814 297962 resp 300574 97 pmu 787561 175203 6362985 6074670 162774692
1790359475.888433 W 7 lat 296 296 333 0 exe 13092 13537 16148 resp 16462 0 pmu 787984 389 6352892 9060579 36010557
1790359476.932461 W 8 lat 296 314 1111 0 exe 13111 20833 102777 resp 103092 2 pmu 795797 78399 6413185 6059822 57850502
1790359477.868426 W 9 lat 296 296 351 0 exe 13129 13537 15037 resp 15351 0 pmu 789020 229 6357876 6966713 34677509
1790359478.222753 Closing cell "rt-bench"
1790359478.222853 [MG] Initializing memguard on CPU 3
1790359478.222893 [SMMUv2] Exiting SMMUv2 on cell 1
1790359478.222983 [COL] Colored OP 1: PHYS 0x30000000 -> VIRT 0x00000000 (SIZE: 0x00400000, COL: 0x0000ffff, extra: 0x0000000000000000)
1790359478.223017 [COL] Result: 0
1790359478.223097 [COL] Colored OP 4: PHYS 0x30000000 -> VIRT 0x00000000 (SIZE: 0x00400000, COL: 0x0000ffff, extra: 0x0000000000000001)
1790359478.223129 [COL] Result: 0
1790359478.223181 Page pool usage after cell destruction: mem 85/4061, remap 5/131072
1790359478.223221 [MG] Initializing memguard on CPU 3
1790359478.223259 [MG] Initializing memguard on CPU 3
1790359478.223298 [MG] Initializing memguard on CPU 3
1790359478.223330 Created cell "rt-bench"
1790359478.223382 Page pool usage after cell creation: mem 94/4061, remap 5/131072
