1790356448.080405 <missed 438737 bytes of console log>
1790356448.080516 000 pmu 1006361 792535 8183623 13886706 1176306333
1790356448.080577 W 501 lat 314 3907 8722 0 exe 74351 369703 564648 resp 569907 996 pmu 1009474 700732 8200221 15327422 942489046
1790356448.080637 W 502 lat 314 4222 8851 0 exe 76018 406648 567629 resp 572148 996 pmu 1009354 719628 8199784 13720297 1032982622
1790356448.080697 W 503 lat 296 1444 8425 0 exe 17481 157925 564148 resp 567685 381 pmu 1019003 367733 8243267 13939942 404192015
1790356448.080755 W 504 lat 296 296 333 0 exe 16833 19388 44981 resp 45296 0 pmu 1023545 37555 8256034 12346564 52168225
1790356448.080811 W 505 lat 296 296 944 0 exe 16981 30203 154222 resp 154555 69 pmu 1023204 157008 8260320 6396489 78329188
1790356448.080864 W 506 lat 296 296 333 0 exe 16944 19111 50722 resp 51037 0 pmu 1023624 34864 8260358 7546654 48631916
1790356448.080888 Closing cell "rt-bench"
1790356448.080914 [MG] Initializing memguard on CPU 3
1790356448.080940 [SMMUv2] Exiting SMMUv2 on cell 1
1790356448.080997 [COL] Colored OP 1: PHYS 0x30000000 -> VIRT 0x00000000 (SIZE: 0x00400000, COL: 0x000000ff, extra: 0x0000000000000000)
1790356448.081018 [COL] Result: 0
1790356448.081075 [COL] Colored OP 4: PHYS 0x30000000 -> VIRT 0x00000000 (SIZE: 0x00400000, COL: 0x000000ff, extra: 0x0000000000000001)
1790356448.081095 [COL] Result: 0
1790356448.081133 Page pool usage after cell destruction: mem 85/4061, remap 5/131072
1790356448.081160 [MG] Initializing memguard on CPU 3
1790356448.081187 [MG] Initializing memguard on CPU 3
1790356448.081243 [COL] Colored OP 0: PHYS 0x30000000 -> VIRT 0x00000000 (SIZE: 0x00400000, COL: 0x00000fff, extra: 0x0000000000000000)
1790356448.081264 [COL] Result: 0
1790356448.081290 [MG] Initializing memguard on CPU 3
1790356448.081311 Created cell "rt-bench"
1790356448.081348 Page pool usage after cell creation: mem 99/4061, remap 5/131072
1790356448.081406 [COL] Colored OP 3: PHYS 0x30000000 -> VIRT 0x00000000 (SIZE: 0x00400000, COL: 0x00000fff, extra: 0x0000000000000000)
1790356448.081434 [MG] Initializing memguard on CPU 3
1790356448.081452 [COL] Result: 0
1790356448.081476 Cell "rt-bench" can be loaded
1790356448.081532 [COL] Colored OP 2: PHYS 0x30000000 -> VIRT 0x00000000 (SIZE: 0x00400000, COL: 0x00000fff, extra: 0x0000000000000000)
1790356448.081553 [COL] Result: 0
1790356448.081609 [COL] Colored OP 4: PHYS 0x30000000 -> VIRT 0x00000000 (SIZE: 0x00400000, COL: 0x00000fff, extra: 0x0000000000000001)
1790356448.081629 [COL] Result: 0
1790356448.081651 Started cell "rt-bench"
1790356448.081676 [MG] Initializing memguard on CPU 3
1790356448.081709 rt-bench: ws 768 KB, 1024 loads/period, window 1000
1790356449.116411 W 0 lat 314 462 962 0 exe 21944 26592 198296 resp 199037 32 pmu 976604 46343 7866297 5307541 46825199
1790356450.052402 W 1 lat 296 314 796 0 exe 15203 21555 154203 resp 154999 16 pmu 976018 65504 7860227 7997323 55171498
1790356451.092362 W 2 lat 296 296 444 0 exe 15166 15425 16648 resp 16962 0 pmu 978505 159 7871645 7496007 39610429
1790356452.132398 W 3 lat 296 296 444 0 exe 15185 17759 122222 resp 122555 4 pmu 977941 26619 7870323 6085159 45365448
1790356453.068369 W 4 lat 296 296 333 0 exe 15203 15425 17185 resp 17499 0 pmu 979032 140 7882892 7152932 39413566
1790356454.112402 W 5 lat 296 296 425 0 exe 15203 17648 108129 resp 108462 3 pmu 976969 25573 7864126 6090101 45017559
1790356455.056553 W 6 lat 296 499 5388 0 exe 15296 92259 458018 resp 463407 185 pmu 962732 534470 7768348 7011932 286004903
1790356456.100396 W 7 lat 296 314 1592 0 exe 15203 19333 183018 resp 184611 4 pmu 975875 38497 7857649 10935176 55427803
1790356457.140430 W 8 lat 296 296 1425 0 exe 15222 19685 119222 resp 119537 1 pmu 975378 49334 7859559 7781083 53332153
1790356458.076401 W 9 lat 296 296 740 0 exe 15203 17629 110277 resp 110611 3 pmu 977630 25080 7875824 7137649 45614824
1790356459.116365 W 10 lat 296 296 351 0 exe 15148 15425 16111 resp 16425 0 pmu 978030 116 7874788 7034340 39317891
1790356460.052393 W 11 lat 296 296 444 0 exe 15129 17703 102203 resp 102574 2 pmu 977644 26358 7871789 6079099 45132238
1790356461.092365 W 12 lat 296 296 333 0 exe 15222 15444 16703 resp 16999 0 pmu 978491 152 7878804 6952347 39299021
1790356462.132396 W 13 lat 296 296 518 0 exe 15185 17666 113148 resp 113481 2 pmu 977900 25841 7878352 6085431 45082365
1790356463.068364 W 14 lat 296 296 333 0 exe 15166 15444 16611 resp 16907 0 pmu 978647 214 7881484 7062027 39365795
1790356464.108396 W 15 lat 296 296 537 0 exe 15203 17537 102055 resp 102481 3 pmu 977664 24441 7873999 6084283 44684056
1790356465.148366 W 16 lat 296 296 333 0 exe 15185 15444 16777 resp 17092 0 pmu 978558 207 7881461 6951173 39309371
1790356466.084394 W 17 lat 296 296 444 0 exe 15185 17648 104759 resp 105074 4 pmu 977640 25680 7874766 6086174 45040655
1790356467.124364 W 18 lat 296 296 333 0 exe 15203 15444 16888 resp 17203 0 pmu 978871 192 7881832 6977701 39314099
1790356468.060394 W 19 lat 296 296 555 0 exe 15222 17499 109240 resp 109648 2 pmu 977973 24288 7875064 6087265 44714698
1790356469.100365 W 20 lat 296 296 333 0 exe 15185 15425 16481 resp 16777 0 pmu 978412 123 7878024 7022992 39314584
1790356470.140408 W 21 lat 296 296 462 0 exe 15240 17518 122148 resp 122499 4 pmu 977779 23834 7873309 6082913 44780115
1790356471.076364 W 22 lat 296 296 333 0 exe 15222 15425 16314 resp 16611 0 pmu 978457 76 7881843 7151392 39372503
1790356472.116393 W 23 lat 296 296 481 0 exe 15222 17611 110796 resp 111129 3 pmu 978163 25341 7879207 6081409 44976906
1790356473.052364 W 24 lat 296 296 333 0 exe 15185 15425 16722 resp 17018 0 pmu 978842 149 7883076 7038230 39329335
1790356474.092401 W 25 lat 296 296 425 0 exe 15203 17685 108666 resp 108981 3 pmu 977716 25895 7874548 6085319 45084424
1790356475.132364 W 26 lat 296 296 333 0 exe 15185 15425 16333 resp 16648 0 pmu 978321 107 7876372 7016939 39306742
1790356476.072396 W 27 lat 296 296 481 0 exe 15185 17703 106481 resp 106796 5 pmu 977912 26273 7873910 6081631 45177755
1790356477.112365 W 28 lat 296 296 333 0 exe 15203 15425 16370 resp 16685 0 pmu 978478 129 7879044 6995424 39300147
1790356478.152393 W 29 lat 296 296 499 0 exe 15166 17722 114018 resp 114425 5 pmu 977765 26337 7875259 6082026 45238547
1790356479.088366 W 30 lat 296 296 333 0 exe 15185 15425 16351 resp 16666 0 pmu 978370 106 7877892 7071354 39324103
1790356480.128399 W 31 lat 296 296 1037 0 exe 15166 17703 122759 resp 123185 3 pmu 977766 26012 7872984 6081746 45111541
1790356481.064366 W 32 lat 296 296 333 0 exe 15222 15425 16740 resp 17055 0 pmu 978766 165 7880274 7161422 39398190
1790356482.104396 W 33 lat 296 296 518 0 exe 15240 17685 104037 resp 104388 3 pmu 977301 26227 7871404 6085799 45187483
1790356483.144363 W 34 lat 296 296 333 0 exe 15166 15425 16666 resp 16981 0 pmu 978982 159 7881788 6971426 39287557
1790356484.080393 W 35 lat 296 296 499 0 exe 15185 17703 114462 resp 114851 5 pmu 977960 26221 7875413 6084961 45164245
1790356485.120370 W 36 lat 296 296 333 0 exe 15203 15444 17055 resp 17351 0 pmu 978464 245 7880492 7075602 39399882
1790356486.056397 W 37 lat 296 296 1055 0 exe 15185 17722 135592 resp 135999 3 pmu 977150 26002 7867159 6088872 45180886
1790356487.096374 W 38 lat 296 296 370 0 exe 15185 15425 16425 resp 16722 0 pmu 979026 124 7884620 7289966 39465717
1790356488.136395 W 39 lat 296 296 518 0 exe 15203 17722 103611 resp 103944 3 pmu 977772 26699 7872123 6082636 45263667
1790356489.072368 W 40 lat 296 296 351 0 exe 15185 15425 17092 resp 17407 0 pmu 978895 230 7879081 6967191 39304061
1790356490.112397 W 41 lat 296 296 518 0 exe 15203 17611 110685 resp 111037 3 pmu 977672 25256 7877751 6089188 45020557
1790356491.152369 W 42 lat 296 296 333 0 exe 15203 15425 17148 resp 17444 0 pmu 978878 158 7885916 7037373 39337582
1790356492.088393 W 43 lat 296 296 814 0 exe 15222 17722 106629 resp 107444 3 pmu 978399 26479 7878650 6089780 45149146
1790356493.128372 W 44 lat 296 296 333 0 exe 15222 15425 16759 resp 17074 0 pmu 978734 179 7879424 7001303 39321038
1790356494.064395 W 45 lat 296 296 555 0 exe 15240 17666 110074 resp 110629 5 pmu 977675 25926 7872620 6086006 45148024
1790356495.104370 W 46 lat 296 296 333 0 exe 15185 15425 16518 resp 16814 0 pmu 978681 151 7877293 7032901 39309709
1790356496.144397 W 47 lat 296 296 555 0 exe 15185 17611 120740 resp 121166 2 pmu 977894 25193 7875369 6083301 44887434
1790356497.080379 W 48 lat 296 296 425 0 exe 15203 15574 25592 resp 26018 0 pmu 977793 1703 7876180 7138427 39816456
1790356498.120400 W 49 lat 296 296 518 0 exe 15222 17611 102907 resp 103222 4 pmu 977627 25328 7877286 6176105 45010150
1790356499.056365 W 50 lat 296 296 425 0 exe 15259 15425 16259 resp 16574 0 pmu 978620 193 7883412 6959408 39290472
1790356500.096395 W 51 lat 296 296 592 0 exe 15222 17666 115666 resp 115981 2 pmu 978522 25679 7883419 6081646 45086244
1790356501.136372 W 52 lat 296 296 333 0 exe 15185 15425 16333 resp 16629 0 pmu 978298 210 7879889 7087793 39353845
1790356502.076400 W 53 lat 296 296 499 0 exe 15203 17648 106592 resp 107037 4 pmu 977640 25387 7875715 6081583 44959931
1790356503.116367 W 54 lat 296 296 333 0 exe 15203 15425 16648 resp 16962 0 pmu 978915 136 7886924 6997099 39298795
1790356504.052394 W 55 lat 296 296 499 0 exe 15203 17685 115648 resp 116092 5 pmu 977974 25742 7878293 6084924 45087518
1790356505.092363 W 56 lat 296 296 333 0 exe 15185 15425 16833 resp 17148 0 pmu 979026 142 7882224 7087837 39364678
1790356506.132395 W 57 lat 296 296 759 0 exe 15166 17629 123981 resp 124462 2 pmu 977315 25428 7870242 6086618 45022183
1790356507.068365 W 58 lat 296 296 333 0 exe 15166 15444 16814 resp 17111 0 pmu 978719 194 7880056 7172111 39428713
1790356508.108395 W 59 lat 296 296 574 0 exe 15185 17648 108925 resp 109351 3 pmu 978392 25654 7878824 6086234 44969492
1790356509.148366 W 60 lat 296 296 333 0 exe 15203 15444 16444 resp 16759 0 pmu 978655 179 7876044 7020602 39333654
1790356510.084403 W 61 lat 296 296 555 0 exe 15166 17629 114277 resp 114722 3 pmu 977804 25275 7871375 6082878 45020795
1790356511.124364 W 62 lat 296 296 333 0 exe 15203 15425 16759 resp 17074 0 pmu 978329 133 7879612 7073963 39354061
1790356512.060399 W 63 lat 296 296 537 0 exe 15203 17611 111537 resp 111870 3 pmu 977584 25362 7874520 6085997 44970690
1790356513.100365 W 64 lat 296 296 333 0 exe 15203 15425 16685 resp 16981 0 pmu 978494 144 7882184 7045958 39324185
1790356514.140400 W 65 lat 296 296 462 0 exe 15166 17555 103259 resp 103648 3 pmu 977900 24792 7876346 6085058 44793797
1790356515.076364 W 66 lat 296 296 333 0 exe 15222 15425 16666 resp 16981 0 pmu 978726 156 7878328 6962709 39291400
1790356516.116396 W 67 lat 296 296 444 0 exe 15203 17611 116388 resp 116740 2 pmu 977742 25332 7871388 6085149 45024677
1790356517.052392 W 68 lat 296 296 425 0 exe 15166 16685 68740 resp 69055 0 pmu 977451 14720 7870709 7094079 42817775
1790356518.092402 W 69 lat 296 296 574 0 exe 15222 17592 105425 resp 105759 3 pmu 977912 25080 7874434 6612517 45218705
1790356519.152421 W 70 lat 296 1777 8111 0 exe 15222 88148 397759 resp 401740 206 pmu 961426 224240 7773840 6985633 238343605
1790356520.088655 W 71 lat 296 2203 7222 0 exe 19074 84833 519666 resp 523722 210 pmu 970260 158591 7841556 10325337 249278743
1790356521.148444 W 72 lat 333 3481 8740 0 exe 21703 205388 361944 resp 367240 664 pmu 934763 381088 7594749 11546555 548069195
1790356522.092793 W 73 lat 314 3111 11185 0 exe 20888 172055 520444 resp 524277 505 pmu 948114 338879 7688087 10605264 466093551
1790356523.144540 W 74 lat 333 3166 8925 0 exe 18462 189222 403092 resp 407407 574 pmu 940743 347379 7633396 12022519 504173111
1790356524.096523 W 75 lat 388 3592 9611 0 exe 25907 213629 358648 resp 361537 743 pmu 932581 434018 7591543 10914745 575697034
1790356525.148624 W 76 lat 314 2370 8907 0 exe 19185 85796 342722 resp 345611 207 pmu 962683 159154 7785776 10626814 245417081
1790356526.100481 W 77 lat 462 3629 9499 0 exe 22740 210351 404518 resp 408351 722 pmu 932669 429402 7586001 9786237 564119094
1790356527.056488 W 78 lat 314 3407 9648 0 exe 21629 198148 349203 resp 353018 683 pmu 932787 402996 7585416 11059252 535847466
1790356528.108640 W 79 lat 314 2851 9222 0 exe 19185 133814 376685 resp 382222 379 pmu 955743 249605 7758217 10437559 366911529
1790356529.056510 W 80 lat 333 3222 9074 0 exe 20629 190481 405092 resp 410185 623 pmu 938207 386617 7612434 10382952 515671957
1790356530.116496 W 81 lat 314 3370 9851 0 exe 21314 178296 360759 resp 365259 580 pmu 939478 341023 7632652 10956223 477403448
1790356531.064617 W 82 lat 314 3074 8388 0 exe 19722 170759 496666 resp 502722 540 pmu 946284 335859 7685636 10456968 464570286
1790356532.116856 W 83 lat 296 3018 8833 0 exe 18537 149685 373129 resp 377722 470 pmu 946526 288837 7676859 11769265 408266823
1790356533.056511 W 84 lat 333 3611 9592 0 exe 33166 232370 521833 resp 525148 792 pmu 932626 456980 7587590 10418218 618030709
1790356534.110042 W 85 lat 333 3648 9555 0 exe 18759 224981 419629 resp 425574 773 pmu 927710 443477 7552165 12392092 602539763
1790356535.056614 W 86 lat 351 3592 9425 0 exe 20666 241518 524814 resp 528481 775 pmu 934301 461043 7591468 11274436 638008964
1790356536.104750 W 87 lat 314 3462 8499 0 exe 20537 217259 355888 resp 361648 736 pmu 931830 397104 7577444 12405926 578115236
1790356537.148730 W 88 lat 314 2962 8796 0 exe 20981 164537 412611 resp 417537 510 pmu 947779 341713 7694181 10599181 450363539
1790356538.092694 W 89 lat 314 3018 8648 0 exe 19314 168185 387407 resp 391888 496 pmu 944301 304490 7659529 10899742 448083459
1790356539.144818 W 90 lat 314 2407 9685 0 exe 19777 105203 350166 resp 354685 291 pmu 960508 217847 7773489 10654220 302154575
1790356540.088751 W 91 lat 296 3444 8740 0 exe 21018 198388 407962 resp 411759 645 pmu 935217 371995 7598871 9972642 528724034
1790356541.148623 W 92 lat 333 3648 9611 0 exe 19833 226499 422037 resp 426148 745 pmu 934493 456862 7603499 11019828 604100690
1790356542.084709 W 93 lat 314 3462 9407 0 exe 22055 214518 376148 resp 379185 755 pmu 929261 427807 7558206 11302282 577459711
1790356543.136832 W 94 lat 314 3185 9240 0 exe 20314 188870 523148 resp 527129 582 pmu 943647 363440 7659431 10786742 504464157
1790356544.084714 W 95 lat 333 3259 8999 0 exe 18796 178277 415777 resp 421333 585 pmu 938797 346016 7624962 12122206 482351331
1790356545.132803 W 96 lat 314 3592 9444 0 exe 19555 246351 543499 resp 547944 764 pmu 934591 466812 7598345 10995874 649229387
1790356546.080574 W 97 lat 314 3796 9462 0 exe 22499 243888 419129 resp 425018 811 pmu 924889 467072 7531226 12615675 647553505
1790356547.128690 W 98 lat 333 3462 8870 0 exe 20481 209888 401907 resp 406462 714 pmu 936625 440281 7616520 11382266 566785697
1790356548.072582 W 99 lat 333 3703 9203 0 exe 22277 253574 370148 resp 374666 863 pmu 923228 475979 7516749 11019095 668130712
1790356549.128741 W 100 lat 388 3703 9999 0 exe 23722 257518 537240 resp 541907 831 pmu 930471 496504 7576660 10931694 677363702
1790356550.072768 W 101 lat 370 3999 9574 0 exe 22703 248407 423018 resp 426981 839 pmu 922229 490918 7510507 12634545 663319079
1790356551.128605 W 102 lat 351 4074 9592 0 exe 26240 289518 522666 resp 526648 963 pmu 920609 568828 7504738 11437666 763367705
1790356552.076608 W 103 lat 296 3759 9388 0 exe 21537 247722 399981 resp 405166 857 pmu 922259 485286 7511823 12657682 658837773
1790356553.120674 W 104 lat 296 3648 9407 0 exe 27870 273333 537907 resp 540888 889 pmu 925902 522575 7548780 11201709 720236808
1790356554.064713 W 105 lat 314 3314 8277 0 exe 20296 252740 421907 resp 425907 866 pmu 922568 480651 7521469 12728914 666993111
1790356555.116530 W 106 lat 333 4148 9333 0 exe 24666 273999 531203 resp 534666 951 pmu 923245 544264 7533078 11426156 725621752
1790356556.072636 W 107 lat 333 3759 9851 0 exe 21037 222277 408574 resp 413907 814 pmu 925318 455185 7532017 12653827 597899615
1790356557.120655 W 108 lat 314 3759 17481 0 exe 23666 226592 540499 resp 546981 747 pmu 934625 453039 7603841 11160583 606002450
1790356558.076718 W 109 lat 333 3388 9148 0 exe 19814 192333 358203 resp 362999 636 pmu 936628 364217 7615951 12557932 517423731
1790356559.128746 W 110 lat 296 3240 10518 0 exe 19814 180185 533574 resp 538351 555 pmu 945640 358807 7681283 10492432 486149839
1790356560.080711 W 111 lat 333 3388 7740 0 exe 19999 194388 406018 resp 411611 642 pmu 936160 368309 7610218 12191288 523404010
1790356561.136765 W 112 lat 388 3648 9370 0 exe 21185 218370 492240 resp 495111 787 pmu 931996 439998 7584244 10979070 586469712
1790356562.080741 W 113 lat 296 3759 9203 0 exe 20222 236407 396166 resp 399870 840 pmu 924162 467979 7530800 11963662 630898238
1790356563.128617 W 114 lat 370 3499 9388 0 exe 21259 206499 412925 resp 417240 691 pmu 935712 409426 7605060 11091265 554177264
1790356564.076718 W 115 lat 314 3222 9611 0 exe 20018 166166 348814 resp 352962 549 pmu 942214 316422 7648817 11117051 450518290
1790356565.124634 W 116 lat 296 2611 9092 0 exe 20888 115074 372944 resp 378055 350 pmu 956185 243652 7742774 10265917 325043257
1790356566.072692 W 117 lat 333 3370 8537 0 exe 22314 194833 357462 resp 360314 656 pmu 935968 368301 7608077 10256352 522468914
1790356567.120739 W 118 lat 333 3537 8666 0 exe 22203 210574 521962 resp 527111 693 pmu 937558 442172 7627879 10497514 570584218
1790356568.072624 W 119 lat 370 3851 9462 0 exe 22240 240018 405722 resp 410148 836 pmu 925358 465178 7533063 12234069 632708168
1790356569.128724 W 120 lat 333 3777 8240 0 exe 22648 255537 518333 resp 522722 832 pmu 930814 485600 7578428 11220964 675573186
1790356570.076510 W 121 lat 314 3351 9759 0 exe 21796 185611 397203 resp 400740 625 pmu 936825 375206 7615267 12419384 502071360
1790356571.132749 W 122 lat 314 3277 9833 0 exe 20259 207444 510037 resp 513314 661 pmu 938693 397574 7627617 10855375 552300061
1790356572.080722 W 123 lat 333 3425 10037 0 exe 21092 203796 399425 resp 404462 680 pmu 933819 398783 7588367 12084014 546733964
1790356573.128659 W 124 lat 351 3555 9055 0 exe 20499 218888 450296 resp 454574 717 pmu 932380 432954 7582278 10974591 586189656
1790356574.068694 W 125 lat 314 3296 9055 0 exe 21074 185611 351333 resp 356351 641 pmu 938443 351719 7619678 11547641 497378691
1790356575.116527 W 126 lat 314 3296 8074 0 exe 18999 195740 531129 resp 535870 593 pmu 943925 374217 7670620 10396635 527925076
1790356576.060632 W 127 lat 296 3296 10129 0 exe 22185 186740 396425 resp 405703 624 pmu 937004 380630 7614776 12228643 503923406
1790356577.108552 W 128 lat 351 3499 9629 0 exe 19851 230055 530074 resp 535314 716 pmu 936672 430570 7624288 10885543 606675679
1790356578.052765 W 129 lat 351 3833 9685 0 exe 23388 232592 432462 resp 436574 775 pmu 927333 473448 7549575 12405798 624396647
1790356579.092404 W 130 lat 296 1777 9592 0 exe 15240 111925 426425 resp 432166 341 pmu 954819 224914 7721954 11455245 303301031
1790356580.132365 W 131 lat 296 296 333 0 exe 15185 16611 81814 resp 82111 0 pmu 977945 14147 7872009 10746524 44482597
1790356581.072657 W 132 lat 296 1759 6685 0 exe 15222 173462 575777 resp 578833 539 pmu 959879 437738 7801293 6743945 449186206
1790356582.112636 W 133 lat 1240 3055 5499 0 exe 225018 296314 404833 resp 408611 1000 pmu 949123 767853 7765097 12522969 771118697
1790356583.153511 W 134 lat 1555 3129 7259 0 exe 236555 290703 357759 resp 362407 1000 pmu 945042 749903 7739363 12485471 756947711
1790356584.088631 W 135 lat 1370 3037 5740 0 exe 171814 291055 383703 resp 386092 1000 pmu 947609 754233 7758841 12059648 758241826
1790356585.136625 W 136 lat 1351 3018 5666 0 exe 194018 291611 368629 resp 371833 1000 pmu 944693 754622 7729876 11976667 758823957
1790356586.072625 W 137 lat 1629 2981 6055 0 exe 235888 294370 371407 resp 374092 1000 pmu 947806 763211 7758183 11943444 766463168
1790356587.112662 W 138 lat 1444 3129 6351 0 exe 232962 291759 369481 resp 372296 1000 pmu 944737 752295 7726269 12194823 759292532
1790356588.152628 W 139 lat 1203 2981 5925 0 exe 188407 291018 377481 resp 380814 1000 pmu 947499 755047 7747650 12149873 757972354
1790356589.100651 W 140 lat 1555 2999 5962 0 exe 224259 293203 358629 resp 362333 1000 pmu 945204 755686 7741701 12001833 762716250
1790356590.148650 W 141 lat 1574 3018 6037 0 exe 226537 294351 371037 resp 374999 1000 pmu 949554 761860 7757244 12007301 766185709
1790356591.084650 W 142 lat 1370 2944 5722 0 exe 159759 288388 352259 resp 356018 1000 pmu 943279 743513 7717237 12150458 750612022
1790356592.124641 W 143 lat 1111 3092 6018 0 exe 165592 292759 386111 resp 389259 1000 pmu 947112 762528 7740633 11594928 762125960
1790356593.060620 W 144 lat 1370 3037 6574 0 exe 237574 292407 358296 resp 361555 1000 pmu 944313 752418 7729713 11982298 760476306
1790356594.104533 W 145 lat 1259 2999 5851 0 exe 206703 295296 374333 resp 377240 1000 pmu 948369 765853 7754754 12066815 768395201
1790356595.140649 W 146 lat 1203 3037 6740 0 exe 196037 289166 363259 resp 366481 1000 pmu 943234 744893 7713361 12081189 752035355
1790356596.076659 W 147 lat 1407 3111 6740 0 exe 231833 295518 391648 resp 395055 1000 pmu 947664 762356 7749323 11892250 768681251
1790356597.116641 W 148 lat 1351 3092 6629 0 exe 225574 293740 351203 resp 354685 1000 pmu 944561 757461 7724428 12389232 764370466
1790356598.056657 W 149 lat 1037 2999 5425 0 exe 175962 294814 391592 resp 395018 1000 pmu 949344 761924 7758317 11944055 767043089
1790356599.096724 W 150 lat 888 3018 5777 0 exe 181296 291740 347777 resp 351222 1000 pmu 944379 750734 7724089 12096915 758775225
1790356600.136644 W 151 lat 1092 3037 5481 0 exe 231722 297203 385666 resp 389407 1000 pmu 947754 768289 7741988 11671310 772575203
1790356601.072654 W 152 lat 1185 3092 6296 0 exe 167314 290129 359222 resp 363314 1000 pmu 944781 745811 7718820 12330737 754671391
1790356602.112658 W 153 lat 1407 3092 6592 0 exe 186074 294925 396518 resp 399444 1000 pmu 947531 759636 7756106 11715357 767035361
1790356603.152692 W 154 lat 1370 3055 5574 0 exe 228055 295740 367333 resp 371314 1000 pmu 946261 760992 7727770 12203051 768466805
1790356604.092556 W 155 lat 740 3018 5759 0 exe 209703 294333 376925 resp 380796 1000 pmu 948080 759068 7758687 12124878 765415476
1790356605.128657 W 156 lat 518 2759 7074 0 exe 179055 289666 356629 resp 360481 1000 pmu 943873 751037 7718972 12119092 753308036
1790356606.068671 W 157 lat 1296 3148 7111 0 exe 175870 291314 388999 resp 391555 1000 pmu 948538 763493 7751084 11743607 757808961
1790356607.108664 W 158 lat 1296 3018 6185 0 exe 219574 288722 360629 resp 363129 1000 pmu 945082 750498 7730416 12059198 750618881
1790356608.148649 W 159 lat 1222 2962 5944 0 exe 180685 287296 364611 resp 368425 1000 pmu 947211 756402 7747544 11975337 748285990
1790356609.108638 W 160 lat 1388 3037 5722 0 exe 162111 286555 354462 resp 358648 1000 pmu 944233 748026 7725469 11818432 745743343
1790356610.148671 W 161 lat 1574 3074 6462 0 exe 209851 291111 389685 resp 392796 1000 pmu 947929 763603 7759198 11622235 757713373
1790356611.084648 W 162 lat 1351 3055 6240 0 exe 173833 288685 357148 resp 359648 1000 pmu 944691 753712 7722772 12235547 751333665
1790356612.124655 W 163 lat 1425 3074 6129 0 exe 182259 290425 387981 resp 391018 1000 pmu 947894 762800 7758514 11712557 755766346
1790356613.060671 W 164 lat 1259 2999 6407 0 exe 168888 286388 348314 resp 351277 1000 pmu 945573 748006 7729170 12074235 745836608
1790356614.100658 W 165 lat 1333 3055 6925 0 exe 222203 291555 369518 resp 372296 1000 pmu 948815 767075 7759551 11590374 759136741
1790356615.140651 W 166 lat 1611 3092 5833 0 exe 175592 287018 360888 resp 363740 1000 pmu 945076 753147 7727610 12097184 747579724
1790356616.080578 W 167 lat 1351 3055 6499 0 exe 217111 288277 358074 resp 362370 1000 pmu 947110 755486 7759658 11751588 751018497
1790356617.120674 W 168 lat 1203 3018 5537 0 exe 192592 286648 371055 resp 376388 1000 pmu 946398 751964 7737087 11946394 746559977
1790356618.056627 W 169 lat 1314 2999 5685 0 exe 201703 286240 342499 resp 345944 1000 pmu 943652 747431 7723332 11945051 745441171
1790356619.096679 W 170 lat 1537 3111 7296 0 exe 199037 291092 376407 resp 380759 1000 pmu 948820 762340 7763391 11694520 757694340
1790356620.137187 W 171 lat 1166 3092 6833 0 exe 186129 291037 379666 resp 386499 1000 pmu 944913 754551 7729560 12058871 756844846
1790356621.072657 W 172 lat 1425 2962 5907 0 exe 191925 290518 381407 resp 384925 1000 pmu 948118 758295 7751361 12034855 756241221
1790356622.112654 W 173 lat 1444 3055 6111 0 exe 181407 294092 378388 resp 383685 1000 pmu 949684 763547 7768808 12057922 765560554
1790356623.152674 W 174 lat 1555 3037 5185 0 exe 237962 293648 374148 resp 376555 1000 pmu 948345 760556 7765128 12003594 764377943
1790356624.088635 W 175 lat 1407 3148 6129 0 exe 173611 289166 360018 resp 362962 1000 pmu 944493 746896 7727094 12223275 753015705
1790356625.136549 W 176 lat 796 3018 5629 0 exe 161629 293185 388407 resp 392444 1000 pmu 947421 762005 7753355 11744867 763576406
1790356626.068658 W 177 lat 1518 2999 6851 0 exe 235722 291185 360296 resp 363129 1000 pmu 945347 751767 7725044 11988257 757756693
1790356627.108662 W 178 lat 1259 3018 5481 0 exe 169962 291685 370740 resp 373333 1000 pmu 947788 756523 7756625 12071375 759833562
1790356628.148671 W 179 lat 1351 3148 5888 0 exe 196574 292277 357518 resp 360277 1000 pmu 944590 753819 7725661 11840231 760442250
1790356629.088668 W 180 lat 1277 3074 6166 0 exe 189962 293129 380166 resp 382648 1000 pmu 947934 757530 7755925 11847842 762780831
1790356630.128657 W 181 lat 1407 3018 6111 0 exe 221796 292796 364277 resp 367481 1000 pmu 946238 755605 7744136 12044833 761872419
1790356631.064629 W 182 lat 1203 2981 6444 0 exe 163703 291851 387925 resp 391722 1000 pmu 947320 756329 7748774 12047096 760053706
1790356632.104650 W 183 lat 1203 3037 6259 0 exe 219666 293185 373499 resp 377055 1000 pmu 946121 757760 7727908 11991776 762444151
1790356633.148642 W 184 lat 1388 3129 6037 0 exe 170888 294259 395407 resp 398925 1000 pmu 947833 763016 7756731 12132323 766057544
1790356634.108671 W 185 lat 1314 2999 5629 0 exe 163462 290592 363981 resp 367499 1000 pmu 944335 750419 7719783 12112891 756248756
1790356635.056570 W 186 lat 1333 3055 5851 0 exe 232796 294499 382555 resp 385277 1000 pmu 949290 762020 7770938 11740144 766354857
1790356636.096707 W 187 lat 1407 3018 5962 0 exe 167722 291703 354666 resp 357499 1000 pmu 944843 751388 7724988 12289576 759295711
1790356637.052658 W 188 lat 1370 3111 7722 0 exe 200333 290685 379592 resp 383037 1000 pmu 947258 754137 7742323 11672692 756716928
1790356638.092645 W 189 lat 1574 3018 5870 0 exe 172074 291425 348666 resp 351999 1000 pmu 945300 752366 7735468 12091961 758689047
1790356639.132681 W 190 lat 1518 2981 5685 0 exe 221685 296074 400740 resp 404203 1000 pmu 948670 767287 7755553 11635830 770446345
1790356640.072677 W 191 lat 1296 2999 5574 0 exe 177740 290703 351870 resp 355944 1000 pmu 943985 747590 7724421 12427047 756535322
1790356641.124397 W 192 lat 296 1629 5981 0 exe 15240 151166 354759 resp 358462 487 pmu 961558 397388 7796656 11691876 395560090
1790356642.060365 W 193 lat 296 296 351 0 exe 15203 15444 16703 resp 17018 0 pmu 978771 213 7881739 10197378 41290692
1790356643.104569 W 194 lat 296 2333 11240 0 exe 15222 220018 602148 resp 607425 458 pmu 960540 409219 7789165 6086993 558090017
1790356644.144803 W 195 lat 314 4425 12166 0 exe 76185 428833 593203 resp 604314 995 pmu 947443 824644 7708819 13055751 1095645034
1790356645.084630 W 196 lat 2129 5388 11759 0 exe 295407 493111 623074 resp 631703 1000 pmu 934892 839283 7624326 14359810 1238747609
1790356646.124947 W 197 lat 296 2537 12444 0 exe 16925 232333 576462 resp 581870 518 pmu 934584 460316 7592008 16074141 614326813
1790356647.064864 W 198 lat 314 5222 14111 0 exe 74555 494333 600759 resp 605277 992 pmu 939747 825577 7658356 12876880 1248611110
1790356648.104455 W 199 lat 296 1981 8259 0 exe 18759 185037 553796 resp 558092 563 pmu 944744 500852 7668835 14734277 520088360
1790356649.144666 W 200 lat 333 3907 11796 0 exe 73018 400944 586944 resp 591629 993 pmu 951907 814539 7736844 12393776 1024606517
1790356650.080859 W 201 lat 1351 5277 14592 0 exe 298259 485981 606962 resp 613703 1000 pmu 932259 826102 7593731 14105554 1222520846
1790356651.124444 W 202 lat 296 4166 12277 0 exe 19407 379222 613574 resp 619981 825 pmu 930489 708765 7566095 15892745 972320706
1790356652.060831 W 203 lat 296 3888 9499 0 exe 18870 389185 591240 resp 596944 864 pmu 929928 682743 7558130 14006985 988929978
1790356653.100528 W 204 lat 314 3314 8370 0 exe 27148 335740 597314 resp 603888 838 pmu 942067 682330 7655895 13811780 876855378
1790356654.144724 W 205 lat 296 2555 11851 0 exe 26222 273388 608944 resp 613962 767 pmu 938727 614858 7612049 13642368 724979933
1790356655.080623 W 206 lat 685 4944 11666 0 exe 171870 461499 597203 resp 601092 1000 pmu 943996 841026 7680545 13448817 1163091245
1790356656.120737 W 207 lat 1907 5129 17518 0 exe 212851 472296 627296 resp 631629 1000 pmu 931957 825962 7579436 15007389 1190260128
1790356657.060926 W 208 lat 296 3351 9055 0 exe 16907 327055 575999 resp 580444 869 pmu 928785 667697 7541600 15605494 850478142
1790356658.100518 W 209 lat 296 4333 9648 0 exe 41148 413462 608833 resp 613574 977 pmu 932855 754454 7580135 13328137 1052409882
1790356659.144782 W 210 lat 296 2370 11962 0 exe 20611 226740 542777 resp 548037 690 pmu 940419 563771 7641521 14218190 612791207
1790356660.080810 W 211 lat 925 4796 11425 0 exe 184685 456648 604962 resp 610759 1000 pmu 946687 842826 7698432 12526466 1160001493
1790356661.120681 W 212 lat 2203 5277 13203 0 exe 178388 463611 608574 resp 614185 1000 pmu 924866 795549 7526877 15133656 1165918006
1790356662.060900 W 213 lat 296 3703 9425 0 exe 16111 346148 590703 resp 594425 939 pmu 923499 688755 7498513 15189812 890262122
1790356663.100710 W 214 lat 314 4481 9314 0 exe 54537 419851 610740 resp 614796 964 pmu 927334 740146 7536786 13566496 1059724544
1790356664.140709 W 215 lat 296 2185 9555 0 exe 21555 213407 541092 resp 546759 697 pmu 944896 568539 7687490 14331995 584082081
1790356665.080857 W 216 lat 1037 4888 10499 0 exe 109814 463740 595370 resp 601203 1000 pmu 946886 845768 7697222 12436882 1172428583
1790356666.120545 W 217 lat 1462 4888 11925 0 exe 197592 458444 616870 resp 621407 1000 pmu 932237 823750 7584066 14695410 1157322035
1790356667.056867 W 218 lat 314 3981 9092 0 exe 74259 378796 562611 resp 566185 994 pmu 919961 731650 7473662 15325575 968735407
1790356668.100790 W 219 lat 314 4185 10629 0 exe 57796 406055 580240 resp 586703 968 pmu 929535 756862 7553545 13738882 1037209523
1790356669.140705 W 220 lat 296 2407 8129 0 exe 17740 224703 568240 resp 572777 755 pmu 939488 557666 7622034 13991608 609335532
1790356670.080925 W 221 lat 555 4722 10111 0 exe 166962 453722 614814 resp 620518 1000 pmu 946340 838669 7699633 12734136 1147258952
1790356671.136779 W 222 lat 1240 4870 11037 0 exe 174962 458944 600555 resp 605925 1000 pmu 931513 829511 7578288 15119637 1160745411
1790356672.080460 W 223 lat 314 4055 8277 0 exe 64240 389425 557425 resp 561796 990 pmu 924060 732796 7505279 15050229 995031611
1790356673.124681 W 224 lat 314 3981 10111 0 exe 39592 394703 600499 resp 606944 934 pmu 929899 734296 7560551 13690049 1003021667
1790356674.060708 W 225 lat 296 2370 7685 0 exe 22537 231092 594185 resp 598759 711 pmu 940237 580156 7635547 14042431 622207181
1790356675.104733 W 226 lat 425 4648 11259 0 exe 93425 448407 599518 resp 603462 998 pmu 944993 833366 7694066 13047183 1134935555
1790356676.144530 W 227 lat 1629 5296 11703 0 exe 269444 484611 613759 resp 618074 1000 pmu 937109 838668 7629179 14568443 1219376870
1790356677.080836 W 228 lat 296 3222 8888 0 exe 16814 300277 518240 resp 524111 819 pmu 919816 593620 7470207 15784862 778653360
1790356678.124698 W 229 lat 314 4703 10499 0 exe 55166 468277 622814 resp 626722 977 pmu 935701 815084 7603766 12621679 1180074037
1790356679.060670 W 230 lat 296 1870 6611 0 exe 26111 179129 518185 resp 521925 601 pmu 942387 517534 7651233 14703981 511473000
1790356680.100805 W 231 lat 703 4574 12833 0 exe 90518 459203 601407 resp 606648 999 pmu 951872 846287 7748282 12033056 1162950474
1790356681.144766 W 232 lat 2351 5370 10962 0 exe 298351 490388 607999 resp 612814 1000 pmu 932643 829051 7580744 14642025 1231276696
1790356682.080699 W 233 lat 314 3703 9037 0 exe 25537 349092 554611 resp 560611 922 pmu 917883 684076 7458341 15903588 894390203
1790356683.120643 W 234 lat 296 4481 10240 0 exe 16981 435018 602722 resp 607925 931 pmu 929845 760908 7565544 13276877 1100011381
1790356684.060981 W 235 lat 296 2166 7240 0 exe 19407 207203 554999 resp 558981 634 pmu 938692 524538 7619974 14149721 558039621
1790356685.100854 W 236 lat 333 4407 11166 0 exe 73888 438592 578703 resp 584166 993 pmu 947292 832234 7699862 12514069 1119291249
1790356686.144835 W 237 lat 1703 5111 11944 0 exe 246462 481574 597240 resp 601259 1000 pmu 935558 840667 7614177 14218981 1213578466
1790356687.080594 W 238 lat 333 4129 19703 0 exe 69574 401777 571333 resp 577796 996 pmu 922500 758648 7497396 15489150 1022512458
1790356688.120826 W 239 lat 296 4129 10129 0 exe 21796 403074 557759 resp 561203 938 pmu 925174 727716 7521577 13985875 1020558256
1790356689.068514 W 240 lat 296 2055 7462 0 exe 32481 236462 624444 resp 629370 800 pmu 968777 746728 7871616 13554100 645412096
1790356690.112546 W 241 lat 314 3814 10074 0 exe 70074 378703 561018 resp 564462 983 pmu 950619 802447 7729243 13425359 983416499
1790356691.152869 W 242 lat 648 4870 11592 0 exe 162555 455777 585740 resp 596462 1000 pmu 931659 810096 7582911 13704848 1148699084
1790356692.092494 W 243 lat 407 4888 11740 0 exe 97092 447907 593851 resp 598481 999 pmu 922675 780891 7515775 14850913 1132267447
1790356693.132896 W 244 lat 296 3129 8574 0 exe 16962 308722 604722 resp 611425 707 pmu 929419 590580 7551530 14533750 809037323
1790356694.068631 W 245 lat 314 3814 11444 0 exe 34203 339129 574666 resp 578759 923 pmu 930292 671050 7562337 13531450 879208077
1790356695.108806 W 246 lat 314 3407 9907 0 exe 34370 330296 600537 resp 606592 941 pmu 935646 678496 7612988 13474136 862858518
1790356696.152893 W 247 lat 296 3851 9796 0 exe 28518 371351 599907 resp 605962 932 pmu 933813 740783 7598154 13689583 948373045
1790356697.088875 W 248 lat 2518 5555 10425 0 exe 223759 500129 598222 resp 603851 1000 pmu 928327 816042 7556614 13861155 1254892952
1790356698.128792 W 249 lat 296 2425 8777 0 exe 18111 229185 563092 resp 568962 559 pmu 931652 511141 7567238 15483605 625400773
1790356699.068501 W 250 lat 314 4703 10999 0 exe 72074 473518 602981 resp 609777 989 pmu 938322 832112 7625540 12716830 1194593039
1790356700.108502 W 251 lat 296 3574 8962 0 exe 50722 305296 534351 resp 538722 974 pmu 929833 620701 7557845 14634372 792105879
1790356701.148806 W 252 lat 296 2999 8537 0 exe 17574 299481 593555 resp 598222 807 pmu 934505 643918 7595166 12971793 776514499
1790356702.084850 W 253 lat 629 4592 13444 0 exe 196129 487944 606370 resp 611999 1000 pmu 936838 835256 7625546 13366135 1226322266
1790356703.124411 W 254 lat 296 2666 10962 0 exe 15222 244537 586296 resp 591722 594 pmu 948989 555418 7689872 15367082 628568467
1790356704.060370 W 255 lat 296 296 333 0 exe 15222 15425 16407 resp 16722 0 pmu 978149 122 7869756 13018272 42912694
1790356705.100410 W 256 lat 296 296 962 0 exe 15222 18740 150851 resp 151814 15 pmu 977963 35989 7874028 6082581 49076798
1790356706.140373 W 257 lat 296 296 351 0 exe 15203 15444 16888 resp 17185 0 pmu 977859 205 7874065 7450177 39620340
1790356707.080400 W 258 lat 296 296 481 0 exe 15166 17574 119518 resp 119944 2 pmu 978116 24664 7876613 6087356 44815122
1790356708.120367 W 259 lat 296 296 370 0 exe 15203 15425 16481 resp 16796 0 pmu 978476 116 7875428 7125611 39382395
1790356709.056396 W 260 lat 296 296 481 0 exe 15222 17555 106129 resp 106537 2 pmu 977729 24445 7869867 6083419 44717050
1790356710.096371 W 261 lat 296 296 333 0 exe 15203 15425 16240 resp 16537 0 pmu 978384 126 7878434 6991800 39317438
1790356711.136403 W 262 lat 296 296 425 0 exe 15203 17574 110018 resp 110370 2 pmu 977597 24954 7872925 6080645 44947971
1790356712.072364 W 263 lat 296 296 333 0 exe 15185 15425 16148 resp 16462 0 pmu 978747 74 7880820 7030102 39295271
1790356713.112422 W 264 lat 296 314 3055 0 exe 15148 23444 245203 resp 246129 31 pmu 978443 83410 7887210 6079743 62883871
1790356714.048405 W 265 lat 296 296 907 0 exe 15203 21185 165111 resp 166018 12 pmu 976758 66366 7865214 8427194 56561949
1790356715.088407 W 266 lat 296 296 611 0 exe 15222 17685 114037 resp 114499 3 pmu 977638 26110 7873978 7604382 46084450
1790356716.128371 W 267 lat 296 296 333 0 exe 15203 15425 16444 resp 16759 0 pmu 978563 114 7880456 7072434 39353386
1790356717.064396 W 268 lat 296 296 518 0 exe 15166 17648 102444 resp 102925 2 pmu 977461 25628 7869981 6082859 44996719
1790356718.104366 W 269 lat 296 296 333 0 exe 15185 15425 17111 resp 17407 0 pmu 978118 166 7877792 6955717 39299827
1790356719.144395 W 270 lat 296 296 648 0 exe 15148 17685 107592 resp 108018 2 pmu 978014 26080 7875354 6089432 45139223
1790356720.080363 W 271 lat 296 296 444 0 exe 15166 15425 16722 resp 17037 0 pmu 978773 178 7879755 7007504 39304480
1790356721.120408 W 272 lat 296 296 685 0 exe 15203 17518 114722 resp 115222 2 pmu 977638 23852 7873292 6086022 44712877
1790356722.056364 W 273 lat 296 296 333 0 exe 15203 15425 16462 resp 16759 0 pmu 978805 164 7883008 7078901 39378450
1790356723.096397 W 274 lat 296 296 444 0 exe 15185 17574 102018 resp 102370 1 pmu 978001 24973 7878166 6082871 44855663
1790356724.136364 W 275 lat 296 296 333 0 exe 15222 15425 16185 resp 16499 0 pmu 978616 91 7881380 6950049 39247759
1790356725.072396 W 276 lat 296 296 555 0 exe 15240 17518 113685 resp 114166 1 pmu 978089 24299 7875627 6080293 44742834
1790356726.112370 W 277 lat 296 296 333 0 exe 15222 15444 16333 resp 16648 0 pmu 978488 169 7880328 7067996 39369319
1790356727.048394 W 278 lat 296 296 537 0 exe 15203 17499 106277 resp 106759 3 pmu 978058 23966 7874999 6081988 44583389
1790356728.088366 W 279 lat 296 296 333 0 exe 15166 15425 16425 resp 16740 0 pmu 978670 82 7883116 6993708 39277410
1790356729.128403 W 280 lat 296 296 592 0 exe 15203 17629 108444 resp 108999 2 pmu 977355 25242 7871024 6082446 44989481
1790356730.064367 W 281 lat 296 296 333 0 exe 15222 15444 16370 resp 16685 0 pmu 978495 151 7878225 7016416 39338689
1790356731.104406 W 282 lat 296 296 629 0 exe 15185 17518 114259 resp 114629 2 pmu 977573 23760 7871813 6082259 44672831
1790356732.144370 W 283 lat 296 296 333 0 exe 15185 15425 16351 resp 16666 0 pmu 978286 95 7875493 7073294 39325747
1790356733.080396 W 284 lat 296 296 629 0 exe 15240 17407 102925 resp 103333 1 pmu 977868 23161 7870327 6081894 44419249
1790356734.120371 W 285 lat 296 296 333 0 exe 15203 15425 15962 resp 16277 0 pmu 978901 99 7879044 6959752 39290255
1790356735.056397 W 286 lat 296 296 499 0 exe 15185 17370 107481 resp 107814 1 pmu 977595 22649 7871772 6078014 44440625
1790356736.096382 W 287 lat 296 296 333 0 exe 15203 15425 16111 resp 16425 0 pmu 978453 133 7874628 7003918 39315001
1790356737.136397 W 288 lat 296 296 611 0 exe 15240 18499 103185 resp 103537 2 pmu 977967 35835 7879878 6079352 47239186
1790356738.072365 W 289 lat 296 296 333 0 exe 15203 15444 16370 resp 16685 0 pmu 978531 123 7880529 6967630 39298427
1790356739.112395 W 290 lat 296 296 462 0 exe 15203 17425 98314 resp 98740 0 pmu 978227 23207 7876934 6082176 44468052
1790356740.048365 W 291 lat 296 296 444 0 exe 15240 15425 16166 resp 16462 0 pmu 978638 167 7879996 6912763 39249130
1790356741.092395 W 292 lat 296 296 611 0 exe 15185 17388 112092 resp 112703 1 pmu 976944 22875 7868427 6080738 44444001
1790356742.132371 W 293 lat 296 296 333 0 exe 15185 15444 16388 resp 16685 0 pmu 977901 347 7873076 7051934 39397686
1790356743.068396 W 294 lat 296 296 555 0 exe 15185 17370 100981 resp 101537 2 pmu 977925 22476 7874397 6082305 44271573
1790356744.108375 W 295 lat 296 296 333 0 exe 15185 15444 16999 resp 17314 0 pmu 978527 373 7877860 6940347 39305333
1790356745.148402 W 296 lat 296 296 481 0 exe 15222 17370 102703 resp 103185 1 pmu 978048 22496 7875421 6088486 44319988
1790356746.084383 W 297 lat 296 296 333 0 exe 15240 15481 18703 resp 19018 0 pmu 977867 624 7871212 6956876 39443054
1790356747.124403 W 298 lat 296 296 407 0 exe 15203 17481 110777 resp 111166 2 pmu 977813 23483 7873808 6105893 44627246
1790356748.060368 W 299 lat 296 296 333 0 exe 15222 15444 16222 resp 16537 0 pmu 978608 283 7878661 7037319 39349581
1790356749.104401 W 300 lat 296 296 648 0 exe 15203 17351 108685 resp 109333 1 pmu 978144 21924 7876210 6080819 44215324
1790356750.144375 W 301 lat 296 296 333 0 exe 15222 15444 16259 resp 16574 0 pmu 978781 171 7879404 7018053 39350144
1790356751.080400 W 302 lat 296 296 499 0 exe 15203 17388 112703 resp 113037 2 pmu 978186 22513 7878882 6081072 44385510
1790356752.120376 W 303 lat 296 296 333 0 exe 15203 15462 18055 resp 18370 0 pmu 977998 434 7876760 7056172 39444467
1790356753.056399 W 304 lat 296 296 666 0 exe 15203 17407 103481 resp 104018 2 pmu 977715 22796 7872885 6099156 44379620
1790356754.096372 W 305 lat 296 296 333 0 exe 15259 15444 16833 resp 17148 0 pmu 978838 302 7883308 6966028 39346208
1790356755.136395 W 306 lat 296 296 499 0 exe 15148 17296 109351 resp 109851 2 pmu 978208 21540 7879631 6087034 44170060
1790356756.072365 W 307 lat 296 296 333 0 exe 15185 15444 16351 resp 16666 0 pmu 978712 299 7880782 7022747 39373308
1790356757.112395 W 308 lat 296 296 351 0 exe 15203 17351 101444 resp 101796 2 pmu 977643 22276 7872815 6081940 44331429
1790356758.048431 W 309 lat 296 296 333 0 exe 15222 15444 17037 resp 17351 0 pmu 978254 197 7881714 6942780 39303333
1790356759.088401 W 310 lat 296 296 666 0 exe 15222 17481 101999 resp 102314 1 pmu 977306 23729 7871939 6088913 44702602
1790356760.128366 W 311 lat 296 296 333 0 exe 15185 15444 16870 resp 17185 0 pmu 977893 324 7875396 6950482 39289941
1790356761.064398 W 312 lat 296 296 685 0 exe 15185 17333 109092 resp 109777 1 pmu 977983 22005 7872498 6087126 44270907
1790356762.104369 W 313 lat 296 296 333 0 exe 15203 15462 16833 resp 17148 0 pmu 978666 392 7878835 7022529 39413969
1790356763.148375 W 314 lat 296 296 481 0 exe 15203 17203 97314 resp 97648 0 pmu 978292 20689 7873916 6086938 43962946
1790356764.084363 W 315 lat 296 296 351 0 exe 15222 15462 18296 resp 18592 0 pmu 978172 416 7874584 6901368 39354543
1790356765.124398 W 316 lat 296 296 481 0 exe 15203 18129 105574 resp 106018 1 pmu 977345 31390 7867822 6101612 46633144
1790356766.060372 W 317 lat 296 296 333 0 exe 15203 15481 16944 resp 17240 0 pmu 978158 604 7874460 6989048 39422766
1790356767.108642 W 318 lat 296 1259 9444 0 exe 15222 96759 485537 resp 490833 296 pmu 971317 247242 7844740 6088884 257973627
1790356768.056669 W 319 lat 314 1981 7148 0 exe 27703 97870 385037 resp 389870 284 pmu 963125 220811 7783002 11257238 282807823
1790356769.120615 W 320 lat 444 3203 9166 0 exe 37629 235222 489851 resp 494481 799 pmu 939087 506230 7624084 10311474 621309667
1790356770.056497 W 321 lat 314 3444 9444 0 exe 26796 254314 450407 resp 456518 759 pmu 931230 546099 7564000 12111798 681031972
1790356771.104526 W 322 lat 333 2703 8629 0 exe 31166 186574 529629 resp 533351 481 pmu 953166 382304 7722748 11767123 500220407
1790356772.152614 W 323 lat 314 2999 9333 0 exe 26592 215722 416907 resp 423351 633 pmu 937678 480585 7604877 12223350 583200153
1790356773.096640 W 324 lat 314 3240 9092 0 exe 32814 235999 504907 resp 510148 739 pmu 936568 501235 7618584 11237906 627494208
1790356774.144771 W 325 lat 370 3907 9870 0 exe 29537 292259 524018 resp 530499 827 pmu 933644 635810 7581721 12244534 773610256
1790356775.092680 W 326 lat 333 3351 9833 0 exe 26666 260388 443111 resp 446537 772 pmu 930228 542934 7548918 12714215 691496289
1790356776.140544 W 327 lat 296 3555 10425 0 exe 31444 276018 487499 resp 491666 790 pmu 932842 584949 7587022 11713098 729318885
1790356777.080627 W 328 lat 333 3185 9462 0 exe 25888 226888 438666 resp 442925 671 pmu 935713 501274 7591235 12266195 612686837
1790356778.124717 W 329 lat 333 3222 9296 0 exe 32407 229962 484240 resp 487907 751 pmu 939264 495391 7621053 11498678 609344065
1790356779.068761 W 330 lat 314 2592 9055 0 exe 29148 165037 428814 resp 434888 455 pmu 949720 358471 7695516 11997801 455108420
1790356780.124472 W 331 lat 314 3537 7981 0 exe 27777 300055 511999 resp 517240 829 pmu 930669 611453 7565670 11111224 784638394
1790356781.064831 W 332 lat 333 3611 8314 0 exe 38407 283333 457981 resp 465481 849 pmu 926061 605844 7531909 12606683 751741418
1790356782.108739 W 333 lat 296 3814 8870 0 exe 28592 303981 519574 resp 525796 887 pmu 930712 662805 7571034 12049494 805173788
1790356783.060733 W 334 lat 314 3425 8870 0 exe 34388 251722 466518 resp 472296 761 pmu 935186 529370 7594968 12716526 667879253
1790356784.108748 W 335 lat 314 3351 8222 0 exe 26796 258648 509166 resp 515259 734 pmu 939671 563712 7627538 11949627 689051645
1790356785.052644 W 336 lat 296 3333 7944 0 exe 25999 253166 439925 resp 446851 743 pmu 932592 529548 7573639 12370758 672020496
1790356786.108514 W 337 lat 351 3518 9074 0 exe 43333 262962 522037 resp 525296 766 pmu 938669 561281 7625925 11649705 696940654
1790356787.052695 W 338 lat 314 3333 8481 0 exe 26648 250222 450425 resp 453499 739 pmu 932442 547921 7573517 12594840 671432858
1790356788.100919 W 339 lat 351 3240 8296 0 exe 29537 249314 444907 resp 449944 736 pmu 935864 525293 7599144 11726417 660265464
1790356789.060416 W 340 lat 333 3611 8555 0 exe 28111 279259 468092 resp 473037 852 pmu 927134 605669 7531588 11690177 741015038
1790356790.100719 W 341 lat 314 3314 8740 0 exe 28314 249407 524351 resp 529425 754 pmu 938599 535538 7619193 12066825 663339777
1790356791.148748 W 342 lat 314 2499 8203 0 exe 26074 152574 420425 resp 423222 417 pmu 952013 332720 7712449 12480269 419444410
1790356792.092707 W 343 lat 314 2962 8907 0 exe 30018 221999 527074 resp 531888 622 pmu 946046 463762 7669806 10927763 589278034
1790356793.140683 W 344 lat 296 2759 9425 0 exe 29851 193370 435574 resp 438777 554 pmu 942339 437957 7645280 12377096 528789724
1790356794.080595 W 345 lat 296 2240 7296 0 exe 27925 159259 396166 resp 400611 463 pmu 952235 353734 7709130 11311483 432537725
1790356795.136677 W 346 lat 314 3277 8722 0 exe 26703 232759 410296 resp 412629 720 pmu 934307 524554 7590668 10730743 627649811
1790356796.080673 W 347 lat 296 2462 6999 0 exe 26092 138925 474277 resp 478277 471 pmu 956777 317496 7749444 11234544 385530357
1790356797.128786 W 348 lat 333 3444 8833 0 exe 28425 260333 437333 resp 442185 795 pmu 929614 554803 7550532 11398883 688812894
1790356798.076529 W 349 lat 351 3592 9962 0 exe 31314 263222 506981 resp 512703 775 pmu 936599 568559 7611470 11666358 698992100
1790356799.128743 W 350 lat 333 3870 8203 0 exe 29962 283018 454685 resp 462018 881 pmu 926073 617357 7536976 12402949 752456352
1790356800.072675 W 351 lat 388 3703 10111 0 exe 29277 288037 459037 resp 462537 872 pmu 929596 619763 7563278 11972662 762700980
1790356801.120793 W 352 lat 425 3796 9314 0 exe 34481 303111 451870 resp 455333 940 pmu 921484 638219 7502238 12028008 799537244
1790356802.080818 W 353 lat 370 3888 8722 0 exe 36888 309814 511981 resp 518018 959 pmu 924416 669889 7517114 12053979 817861559
1790356803.128645 W 354 lat 499 4111 8888 0 exe 33611 319074 479518 resp 484851 959 pmu 923074 676521 7512759 12710897 841936627
1790356804.076628 W 355 lat 444 3944 9796 0 exe 29074 316944 502814 resp 507722 927 pmu 929950 679641 7564925 12415211 837699220
1790356805.128829 W 356 lat 425 3314 8907 0 exe 26888 238129 462981 resp 468148 706 pmu 937956 502965 7616933 12615508 635798731
1790356806.076615 W 357 lat 296 1851 6851 0 exe 23907 89666 498018 resp 502981 197 pmu 969195 204103 7835525 11804263 257729045
1790356807.128799 W 358 lat 314 3222 9055 0 exe 26499 212092 422111 resp 426166 653 pmu 939320 466822 7631647 11379363 573247614
1790356808.076666 W 359 lat 333 3499 8999 0 exe 28611 260648 525185 resp 529203 767 pmu 936369 571932 7610321 11259174 691986083
1790356809.124848 W 360 lat 314 2759 9388 0 exe 26314 178722 404018 resp 409185 532 pmu 947069 389525 7678434 12543650 486420074
1790356810.072668 W 361 lat 314 3222 9037 0 exe 28444 247722 473666 resp 476833 743 pmu 937234 527842 7611612 10915263 654642048
1790356811.120707 W 362 lat 314 3351 9537 0 exe 30425 235499 453462 resp 458333 707 pmu 934609 506017 7590396 11957951 629655671
1790356812.064643 W 363 lat 314 3425 8240 0 exe 27296 270907 518629 resp 523111 820 pmu 935678 584867 7600463 11716779 720821529
1790356813.120422 W 364 lat 370 3314 8148 0 exe 31351 249611 421092 resp 425629 752 pmu 933567 512872 7587777 12521483 661132268
1790356814.056660 W 365 lat 314 2407 9759 0 exe 27055 152703 473999 resp 479333 444 pmu 955506 339899 7737875 11458526 419041559
1790356815.112497 W 366 lat 314 3407 10240 0 exe 26962 240425 455129 resp 460981 734 pmu 934360 516205 7597001 11489857 642384860
1790356816.060636 W 367 lat 314 3388 9481 0 exe 31592 273611 480740 resp 485592 815 pmu 929575 588173 7555463 11749234 727881338
1790356817.116448 W 368 lat 518 3425 8925 0 exe 29870 260351 450314 resp 455907 805 pmu 930857 544980 7568257 12185699 688487926
1790356818.068743 W 369 lat 296 3555 9203 0 exe 30259 280425 503666 resp 508740 840 pmu 927930 603233 7558588 11808714 746349735
1790356819.112630 W 370 lat 314 3537 9574 0 exe 37074 263018 507407 resp 511240 763 pmu 936100 554274 7588383 12442580 695796979
1790356820.064458 W 371 lat 296 3407 10092 0 exe 27259 272944 398592 resp 401388 810 pmu 926898 557229 7527935 12422914 721176146
1790356821.112672 W 372 lat 314 3574 9685 0 exe 28833 289870 452333 resp 456592 857 pmu 928900 630146 7558191 11332109 769728497
1790356822.056711 W 373 lat 314 3203 8666 0 exe 30092 237333 455574 resp 459888 696 pmu 938125 495145 7609633 11967747 627768246
1790356823.116650 W 374 lat 351 3296 9129 0 exe 27888 242981 508055 resp 512722 735 pmu 936127 545671 7603671 11737357 652611600
1790356824.060608 W 375 lat 296 3314 7648 0 exe 29074 253203 449814 resp 457092 716 pmu 932780 520898 7573129 12283934 670855533
1790356825.120538 W 376 lat 333 3444 8092 0 exe 29037 285777 524629 resp 530499 840 pmu 933863 588589 7591052 11764398 752212837
1790356826.068648 W 377 lat 351 3777 9111 0 exe 33166 298499 452999 resp 458703 911 pmu 922657 645201 7506681 12671495 794294540
1790356827.116415 W 378 lat 296 2629 8833 0 exe 15240 205444 518333 resp 522851 583 pmu 947809 437286 7682769 12044522 546101218
1790356828.052367 W 379 lat 296 296 333 0 exe 15203 15444 17481 resp 17796 0 pmu 978505 317 7880348 12127618 42452072
1790356829.096664 W 380 lat 296 1148 6740 0 exe 15166 108092 534925 resp 538518 327 pmu 959707 272609 7765730 6094298 279331678
1790356830.144645 W 381 lat 1388 2999 6722 0 exe 225740 276870 339888 resp 343333 1000 pmu 921582 699650 7530996 11787028 719108890
1790356831.112632 W 382 lat 1481 3055 6444 0 exe 233777 280055 393814 resp 397907 1000 pmu 927968 708980 7576556 11747372 727441371
1790356832.064613 W 383 lat 1333 3074 6481 0 exe 224462 275537 354148 resp 357888 1000 pmu 921893 694222 7534607 12345449 715596526
1790356833.112667 W 384 lat 1277 3018 6499 0 exe 165703 276796 424907 resp 428981 1000 pmu 926308 702156 7570756 11877333 719313465
1790356834.048652 W 385 lat 1314 3055 5851 0 exe 222518 276629 347740 resp 349962 1000 pmu 922384 697480 7539875 12298668 718474380
1790356835.092680 W 386 lat 1277 3092 8166 0 exe 227944 281296 377962 resp 382703 1000 pmu 926848 712987 7573746 11798060 730009849
1790356836.048692 W 387 lat 1055 3055 6333 0 exe 157370 271777 331518 resp 336129 1000 pmu 922109 684049 7531660 12174954 706058490
1790356837.088672 W 388 lat 1037 2999 5999 0 exe 218259 281333 370499 resp 373388 1000 pmu 927637 713266 7584420 11298819 729889819
1790356838.132653 W 389 lat 833 3018 6240 0 exe 201259 276481 339907 resp 345407 1000 pmu 921994 699203 7530792 12030325 717727974
1790356839.068669 W 390 lat 555 2759 5703 0 exe 166148 277851 392592 resp 396111 1000 pmu 928110 714367 7581530 11628297 721463625
1790356840.108642 W 391 lat 1111 3018 5999 0 exe 165777 269777 327425 resp 331351 1000 pmu 922453 691192 7542409 11971221 701292818
1790356841.148629 W 392 lat 1518 2999 7499 0 exe 221203 276481 386111 resp 390537 1000 pmu 927725 711669 7582544 11284912 718193094
1790356842.084648 W 393 lat 1444 3074 5888 0 exe 210240 271870 332870 resp 336833 1000 pmu 922171 696045 7534495 12194372 706465181
1790356843.128641 W 394 lat 1407 3018 7740 0 exe 149703 271833 377851 resp 380796 1000 pmu 927537 700981 7578131 11573646 707067171
1790356844.064689 W 395 lat 1481 3037 6740 0 exe 226499 272314 335222 resp 339759 1000 pmu 922769 696969 7537712 11724464 707793852
1790356845.104637 W 396 lat 1444 2999 5574 0 exe 204611 275444 405499 resp 409833 1000 pmu 927203 709767 7576704 11688096 715606290
1790356846.144651 W 397 lat 1240 3018 5944 0 exe 163407 270722 339055 resp 341740 1000 pmu 922535 694158 7544874 12289708 704086435
1790356847.080645 W 398 lat 1277 2981 6055 0 exe 160499 272185 392962 resp 397407 1000 pmu 928154 703338 7588614 11388193 708186273
1790356848.124665 W 399 lat 1407 3092 7592 0 exe 213148 271018 341685 resp 345833 1000 pmu 922910 695982 7541227 11929499 704900615
1790356849.060665 W 400 lat 1425 2981 6833 0 exe 156333 274092 394055 resp 397333 1000 pmu 928440 708699 7590036 11681429 713261104
1790356850.100663 W 401 lat 1351 2999 6499 0 exe 154259 270555 330981 resp 334833 1000 pmu 922633 692546 7539345 11927766 702938658
1790356851.144664 W 402 lat 1148 3074 5648 0 exe 147240 276370 374499 resp 376666 1000 pmu 927818 707332 7589162 11270114 717637043
1790356852.080631 W 403 lat 1259 3092 5740 0 exe 227888 274814 327666 resp 331796 1000 pmu 922951 694982 7543797 11685895 713250721
1790356853.120630 W 404 lat 1314 2962 6185 0 exe 174407 274018 388222 resp 390925 1000 pmu 925821 700144 7568282 11624013 712605951
1790356854.060644 W 405 lat 1074 2999 5314 0 exe 165796 271370 321129 resp 325814 1000 pmu 922272 687295 7535800 11952566 705734872
1790356855.100637 W 406 lat 1425 3037 5851 0 exe 187407 276777 371925 resp 376574 1000 pmu 927871 706079 7589222 11230140 719633556
1790356856.140644 W 407 lat 1111 3111 6629 0 exe 183611 272888 331555 resp 334629 1000 pmu 921791 690693 7531996 11877739 709156854
1790356857.080559 W 408 lat 611 2999 5962 0 exe 175129 275666 392740 resp 396833 1000 pmu 924165 698641 7561761 11430350 716520670
1790356858.120643 W 409 lat 1314 2999 5833 0 exe 180592 277648 397351 resp 400333 1000 pmu 926349 707876 7565884 12012343 721666597
1790356859.060670 W 410 lat 1425 3018 6074 0 exe 185388 274222 323685 resp 327111 1000 pmu 922527 693904 7541493 12093067 713114227
1790356860.100616 W 411 lat 1111 2981 6148 0 exe 230629 278333 387148 resp 390574 1000 pmu 925481 706545 7559672 11367093 723214832
1790356861.048653 W 412 lat 1018 2981 6111 0 exe 159370 270574 322018 resp 325703 1000 pmu 922065 684866 7536801 12247220 703939694
1790356862.104659 W 413 lat 1351 3018 5888 0 exe 223055 280555 390222 resp 393314 1000 pmu 928717 714504 7588620 11201346 729116601
1790356863.056693 W 414 lat 1314 3018 5814 0 exe 169777 274203 331425 resp 334499 1000 pmu 922933 693741 7544126 12249428 712982366
1790356864.108648 W 415 lat 1259 3055 7722 0 exe 171555 277870 384074 resp 390037 1000 pmu 927359 706173 7577191 11362869 722203239
1790356865.076639 W 416 lat 1259 2999 5629 0 exe 152185 272814 334055 resp 337092 1000 pmu 921825 688882 7538507 11940606 708682035
1790356866.144696 W 417 lat 1314 2999 5833 0 exe 150722 277851 390574 resp 395740 1000 pmu 927583 707068 7584997 11292741 721803472
1790356867.092652 W 418 lat 1537 3055 6740 0 exe 226351 275777 326888 resp 330055 1000 pmu 922076 696706 7540348 11887878 716742757
1790356868.044665 W 419 lat 1148 3018 6407 0 exe 156666 276981 386296 resp 389685 1000 pmu 927011 702915 7577133 11614827 720008717
1790356869.108544 W 420 lat 1425 3037 6277 0 exe 221111 276074 336314 resp 339648 1000 pmu 922372 698669 7540607 11863644 717317657
1790356870.060646 W 421 lat 1351 3018 5851 0 exe 168574 278314 375592 resp 378814 1000 pmu 927390 707882 7577792 11682131 723444618
1790356871.124651 W 422 lat 1259 2999 6759 0 exe 167592 271962 333555 resp 337148 1000 pmu 921991 690312 7536797 11820237 707112741
1790356872.072682 W 423 lat 1444 3055 6018 0 exe 158037 278555 383666 resp 387981 1000 pmu 928014 706229 7588383 11369122 723571536
1790356873.132624 W 424 lat 1388 2981 5481 0 exe 165944 274592 327277 resp 330833 1000 pmu 922027 693114 7542128 11856419 713054233
1790356874.084705 W 425 lat 1407 3018 5222 0 exe 222074 280722 392759 resp 397111 1000 pmu 927764 713306 7580687 11305041 728828330
1790356875.044738 W 426 lat 1351 3055 6333 0 exe 153314 273462 333259 resp 339592 1000 pmu 922158 690393 7536088 12274072 710677168
1790356876.100717 W 427 lat 1185 2999 6518 0 exe 181740 278499 390240 resp 393296 1000 pmu 927664 706592 7579327 11314489 723336625
1790356877.044676 W 428 lat 1314 3055 5851 0 exe 216499 277870 345166 resp 347981 1000 pmu 922567 700588 7537971 12035132 721468660
1790356878.104560 W 429 lat 1314 3055 5648 0 exe 177333 280740 379592 resp 382759 1000 pmu 926953 710674 7571408 11751341 729121566
1790356879.044662 W 430 lat 1555 3074 5981 0 exe 156574 275277 337833 resp 341370 1000 pmu 922439 693805 7539756 11914900 714753249
1790356880.088619 W 431 lat 833 3074 6722 0 exe 171999 279444 391259 resp 394370 1000 pmu 927909 707254 7584044 11371061 725783272
1790356881.132671 W 432 lat 1537 3055 6203 0 exe 224351 278537 341759 resp 345351 1000 pmu 922598 700828 7544778 12001157 722542173
1790356882.068673 W 433 lat 611 2944 6462 0 exe 162185 280166 384203 resp 387555 1000 pmu 928436 708722 7585419 11766594 726809163
1790356883.112677 W 434 lat 518 2833 6925 0 exe 154148 270740 356296 resp 359722 1000 pmu 922164 691987 7532060 11883252 703181059
1790356884.048651 W 435 lat 1259 3055 7037 0 exe 201740 277777 383333 resp 387592 1000 pmu 927928 716341 7590023 11518437 721581101
1790356885.088628 W 436 lat 1166 2981 5907 0 exe 156018 270981 336962 resp 341203 1000 pmu 922987 693564 7540880 12071616 704072337
1790356886.128641 W 437 lat 1592 2999 5499 0 exe 140203 273240 392648 resp 396796 1000 pmu 928086 703997 7586867 11338679 709924004
1790356887.072877 W 438 lat 1574 3055 5999 0 exe 221111 272796 323277 resp 327703 1000 pmu 923020 699221 7548806 11827631 708886463
1790356888.136672 W 439 lat 1222 2999 5777 0 exe 192277 274129 372648 resp 376648 1000 pmu 927255 710182 7579588 11540212 712675522
1790356889.072403 W 440 lat 296 2240 5629 0 exe 15203 200499 335925 resp 339703 729 pmu 938125 518285 7636997 11890478 522562627
1790356890.112430 W 441 lat 296 296 574 0 exe 15203 16574 103592 resp 104166 2 pmu 978171 13064 7884691 10257048 44874249
1790356891.056914 W 442 lat 296 1222 11703 0 exe 15185 108037 581018 resp 585148 230 pmu 973036 232298 7866005 6963433 281434313
1790356892.112818 W 443 lat 425 4592 12018 0 exe 61537 431722 600074 resp 605666 976 pmu 946318 817774 7703209 12275356 1097631789
1790356893.048862 W 444 lat 2277 5629 11777 0 exe 289037 487981 625518 resp 629777 1000 pmu 933961 825008 7605581 14342870 1225316395
1790356894.088590 W 445 lat 296 2907 9888 0 exe 17666 259185 576518 resp 581814 588 pmu 931303 508023 7558224 16021602 679627847
1790356895.128755 W 446 lat 314 5129 11111 0 exe 70370 467277 572333 resp 579222 997 pmu 933635 789109 7598668 13004011 1177392248
1790356896.068530 W 447 lat 296 2722 8796 0 exe 21351 255555 597999 resp 602703 740 pmu 942830 580794 7665422 14290706 679471969
1790356897.108834 W 448 lat 314 3407 12148 0 exe 34999 340888 588129 resp 593833 924 pmu 946590 739577 7695812 13209675 883527511
1790356898.152675 W 449 lat 1037 5055 9703 0 exe 190999 464240 571481 resp 577722 1000 pmu 936723 824741 7618962 13631297 1175255285
1790356899.084483 W 450 lat 296 4592 8722 0 exe 18870 432870 616851 resp 621425 943 pmu 937815 798782 7619643 14863808 1098759116
1790356900.124872 W 451 lat 296 3685 9611 0 exe 18462 353259 597481 resp 602333 841 pmu 927860 649955 7542403 14280379 903329953
1790356901.060496 W 452 lat 296 3462 8851 0 exe 15759 343592 572740 resp 576574 820 pmu 942266 674893 7658485 13687720 896447105
1790356902.104842 W 453 lat 296 2870 8092 0 exe 19518 276370 569407 resp 575185 820 pmu 943514 624859 7665414 13368640 727136211
1790356903.144764 W 454 lat 777 4814 9981 0 exe 161203 463592 577185 resp 586240 1000 pmu 945665 845772 7692813 13021296 1178650021
1790356904.080844 W 455 lat 462 4851 11648 0 exe 52722 434444 559499 resp 562296 994 pmu 923672 768755 7512982 14781612 1101042085
1790356905.120786 W 456 lat 296 3666 9925 0 exe 17203 345999 568962 resp 575999 856 pmu 925837 651946 7520837 13891858 882098502
1790356906.060438 W 457 lat 296 4259 10314 0 exe 17629 406999 588111 resp 593314 938 pmu 926520 725318 7527340 13372906 1036600091
1790356907.096840 W 458 lat 296 2814 9907 0 exe 25629 258722 515314 resp 520111 827 pmu 942862 609472 7661698 13866693 692528424
1790356908.140694 W 459 lat 611 4722 10333 0 exe 81203 448129 592907 resp 597351 998 pmu 934626 807962 7605641 12426591 1129550223
1790356909.076887 W 460 lat 666 4296 9259 0 exe 137333 413203 567759 resp 573981 1000 pmu 931586 779702 7573803 14438869 1050692765
1790356910.116687 W 461 lat 314 4388 10592 0 exe 85518 422666 575796 resp 581666 994 pmu 922590 763659 7500364 14295289 1075020938
1790356911.068637 W 462 lat 296 3592 9055 0 exe 16462 352296 548499 resp 555370 907 pmu 925066 681100 7515663 14167183 907960195
1790356912.132719 W 463 lat 314 3074 11907 0 exe 26518 299444 573703 resp 577851 838 pmu 936979 646366 7613269 13190008 788651963
1790356913.076577 W 464 lat 907 4648 11555 0 exe 180462 453851 611611 resp 619074 1000 pmu 942464 825216 7665299 13226818 1148444720
1790356914.128822 W 465 lat 388 4499 10499 0 exe 132166 419499 589092 resp 595388 1000 pmu 929797 774240 7566528 15173119 1068516388
1790356915.068701 W 466 lat 388 4407 9888 0 exe 67759 416592 597907 resp 602981 999 pmu 930520 763029 7565375 14520447 1061132825
1790356916.120853 W 467 lat 296 3185 8888 0 exe 16037 317592 540277 resp 545592 850 pmu 923488 641460 7497939 14261890 829116021
1790356917.068678 W 468 lat 314 3425 9759 0 exe 27851 331907 561018 resp 564796 865 pmu 940613 681824 7646648 12921524 857410036
1790356918.108686 W 469 lat 888 4351 10092 0 exe 102537 422888 545259 resp 550592 1000 pmu 936304 793067 7617011 13257961 1078272867
1790356919.148918 W 470 lat 481 4703 10759 0 exe 129018 426796 633222 resp 640870 1000 pmu 933629 775525 7601988 13945712 1087671739
1790356920.088623 W 471 lat 296 4055 9666 0 exe 21592 387388 596425 resp 601259 960 pmu 929473 732603 7545918 14991866 992946622
1790356921.128805 W 472 lat 296 3740 8351 0 exe 22129 372944 566259 resp 571759 949 pmu 922653 699575 7490908 13866003 951202847
1790356922.064788 W 473 lat 296 3092 8722 0 exe 38629 301944 571240 resp 576074 875 pmu 944641 655278 7682334 13489722 796950099
1790356923.112700 W 474 lat 314 4222 11222 0 exe 55388 415092 607055 resp 611518 993 pmu 936169 789754 7609107 13262670 1059879153
1790356924.052799 W 475 lat 555 4592 12555 0 exe 108407 433166 585055 resp 592129 1000 pmu 932201 783248 7581987 14286699 1099949131
1790356925.100612 W 476 lat 333 4499 9592 0 exe 56481 419388 591981 resp 599129 997 pmu 922213 733975 7494971 14444975 1060061383
1790356926.048752 W 477 lat 314 3277 7944 0 exe 16814 342111 564999 resp 569203 925 pmu 922556 675628 7496145 14169559 877729008
1790356927.104608 W 478 lat 314 3092 8425 0 exe 23518 290685 542388 resp 547944 821 pmu 938632 642698 7631155 13285539 770329183
1790356928.152723 W 479 lat 666 4648 9462 0 exe 133870 439111 587722 resp 593722 1000 pmu 936992 816756 7618801 12844422 1112913549
1790356929.100863 W 480 lat 388 4425 9796 0 exe 133166 414759 571425 resp 577740 1000 pmu 930396 786948 7561389 14608668 1056297583
1790356930.140705 W 481 lat 333 4481 10462 0 exe 82703 426740 578870 resp 584277 999 pmu 930828 788691 7569316 14321304 1085756061
1790356931.076887 W 482 lat 296 3592 8648 0 exe 16333 344222 545574 resp 548851 897 pmu 921422 668519 7485081 14201682 887609184
1790356932.124819 W 483 lat 296 3111 7907 0 exe 24240 294092 551648 resp 556666 887 pmu 939977 655378 7631758 13099812 767393971
1790356933.064685 W 484 lat 888 4574 11462 0 exe 85185 422814 593555 resp 600203 998 pmu 934443 783568 7610607 12952621 1073868782
1790356934.112890 W 485 lat 944 4518 12462 0 exe 164240 421981 590722 resp 596870 1000 pmu 932089 801475 7579788 14356052 1078292078
1790356935.056681 W 486 lat 314 4481 10814 0 exe 49611 413462 554944 resp 562351 985 pmu 921551 746479 7492056 14721244 1051417622
1790356936.108780 W 487 lat 314 3962 8240 0 exe 60444 377185 555740 resp 558999 984 pmu 925792 717704 7522751 13742391 975530658
1790356937.072616 W 488 lat 296 2685 8092 0 exe 28666 241851 554425 resp 558537 793 pmu 933886 571951 7586143 13586559 634455045
1790356938.128801 W 489 lat 462 4499 10425 0 exe 56870 432203 609796 resp 616518 996 pmu 946674 816760 7696632 12735491 1102687757
1790356939.088868 W 490 lat 1166 4925 11074 0 exe 166203 446111 602314 resp 607648 1000 pmu 925631 791530 7532833 14416673 1126230502
1790356940.140523 W 491 lat 296 4370 11870 0 exe 17462 408333 596666 resp 602444 960 pmu 927563 751179 7544587 14959653 1036667867
1790356941.072880 W 492 lat 296 4129 7648 0 exe 59407 408166 566944 resp 571814 979 pmu 924305 740652 7505917 13969989 1041509984
1790356942.132613 W 493 lat 296 2537 9185 0 exe 16388 240222 540925 resp 545425 790 pmu 939775 581832 7632147 13854116 643864190
1790356943.076637 W 494 lat 314 4499 10925 0 exe 83648 413074 575518 resp 580444 996 pmu 935591 774554 7611293 12537502 1052336748
1790356944.044698 W 495 lat 666 4592 12314 0 exe 107351 431703 589166 resp 594518 1000 pmu 937455 807850 7627716 14104802 1100729587
1790356945.096787 W 496 lat 648 4666 10574 0 exe 126777 430574 593814 resp 599222 1000 pmu 921953 767356 7504717 14464188 1089554216
1790356946.144806 W 497 lat 296 3685 9833 0 exe 15962 357574 578944 resp 583685 878 pmu 930925 673779 7561759 14593837 916704663
1790356947.100879 W 498 lat 296 3092 7333 0 exe 25518 301370 511796 resp 515444 898 pmu 933011 638103 7584436 13512572 782966403
1790356948.144724 W 499 lat 444 4499 9648 0 exe 87074 430555 624962 resp 630759 999 pmu 941093 793458 7654123 12586792 1093019802
1790356949.092828 W 500 lat 648 4407 9518 0 exe 137388 421092 598111 resp 603222 1000 pmu 930182 781044 7561448 14702379 1074010512
1790356950.132848 W 501 lat 999 4833 9925 0 exe 125888 439314 595555 resp 600351 1000 pmu 922876 776355 7513628 14634300 1107157567
1790356951.068400 W 502 lat 296 2777 8703 0 exe 15222 282370 572240 resp 577055 683 pmu 942980 562488 7634063 14646121 731331168
1790356952.108365 W 503 lat 296 296 333 0 exe 15203 15425 16166 resp 16462 0 pmu 978593 127 7878535 13052856 42938063
1790356953.044420 W 504 lat 296 314 1296 0 exe 15240 25203 149685 resp 150222 40 pmu 975134 106713 7856028 6080090 66894144
1790356954.084402 W 505 lat 296 314 3370 0 exe 15222 20666 313203 resp 314203 17 pmu 978154 36970 7880738 7470435 57045953
1790356955.078688 Closing cell "rt-bench"
1790356955.078780 [MG] Initializing memguard on CPU 3
1790356955.078821 [SMMUv2] Exiting SMMUv2 on cell 1
1790356955.079014 [COL] Colored OP 1: PHYS 0x30000000 -> VIRT 0x00000000 (SIZE: 0x00400000, COL: 0x00000fff, extra: 0x0000000000000000)
1790356955.079059 [COL] Result: 0
1790356955.079194 [COL] Colored OP 4: PHYS 0x30000000 -> VIRT 0x00000000 (SIZE: 0x00400000, COL: 0x00000fff, extra: 0x0000000000000001)
1790356955.079229 [COL] Result: 0
1790356955.079294 Page pool usage after cell destruction: mem 85/4061, remap 5/131072
1790356955.079337 [MG] Initializing memguard on CPU 3
1790356955.079375 [MG] Initializing memguard on CPU 3
1790356955.079464 [COL] Colored OP 0: PHYS 0x30000000 -> VIRT 0x00000000 (SIZE: 0x00400000, COL: 0x0000ffff, extra: 0x0000000000000000)
1790356955.079497 [COL] Result: 0
1790356955.079543 [MG] Initializing memguard on CPU 3
1790356955.079576 Created cell "rt-bench"
1790356955.079628 Page pool usage after cell creation: mem 98/4061, remap 5/131072
1790357592.564722 <missed 9164 bytes of console log>
1790357592.565359 0 exe 16925 20740 83796 resp 84111 0 pmu 1023801 54632 8260948 7205872 52462973
1790357592.565426 W 4 lat 277 296 462 0 exe 17092 22203 110351 resp 110685 8 pmu 1023688 71603 8260853 6792262 56455558
1790357592.565480 W 5 lat 277 296 333 0 exe 17185 19648 43611 resp 43925 0 pmu 1023841 41858 8259425 7065878 49627283
1790357592.565536 W 6 lat 296 574 4388 0 exe 17203 140425 472962 resp 475166 452 pmu 1022566 773972 8259270 6386821 405743732
1790357592.565591 W 7 lat 277 296 2055 0 exe 17092 22407 222129 resp 223185 5 pmu 1023709 70939 8262326 11314582 59493930
1790357592.565645 W 8 lat 277 296 1092 0 exe 16907 30574 131444 resp 131759 78 pmu 1023231 162569 8256804 8196596 80363733
1790357592.565697 W 9 lat 277 296 333 0 exe 16759 19574 44259 resp 44574 0 pmu 1023697 41041 8260190 7321039 49608311
1790357592.565721 Closing cell "rt-bench"
1790357592.565747 [MG] Initializing memguard on CPU 3
1790357592.565773 [SMMUv2] Exiting SMMUv2 on cell 1
1790357592.565830 [COL] Colored OP 1: PHYS 0x30000000 -> VIRT 0x00000000 (SIZE: 0x00400000, COL: 0x000000ff, extra: 0x0000000000000000)
1790357592.565859 [COL] Result: 0
1790357592.565915 [COL] Colored OP 4: PHYS 0x30000000 -> VIRT 0x00000000 (SIZE: 0x00400000, COL: 0x000000ff, extra: 0x0000000000000001)
1790357592.565935 [COL] Result: 0
1790357592.565972 Page pool usage after cell destruction: mem 85/4061, remap 5/131072
1790357592.565999 [MG] Initializing memguard on CPU 3
1790357592.566024 [MG] Initializing memguard on CPU 3
1790357592.566079 [COL] Colored OP 0: PHYS 0x30000000 -> VIRT 0x00000000 (SIZE: 0x00400000, COL: 0x00000fff, extra: 0x0000000000000000)
1790357592.566099 [COL] Result: 0
1790357592.566124 [MG] Initializing memguard on CPU 3
1790357592.566145 Created cell "rt-bench"
1790357592.566181 Page pool usage after cell creation: mem 99/4061, remap 5/131072
1790357592.566237 [COL] Colored OP 3: PHYS 0x30000000 -> VIRT 0x00000000 (SIZE: 0x00400000, COL: 0x00000fff, extra: 0x0000000000000000)
1790357592.566264 [MG] Initializing memguard on CPU 3
1790357592.566282 [COL] Result: 0
1790357592.566305 Cell "rt-bench" can be loaded
1790357592.566360 [COL] Colored OP 2: PHYS 0x30000000 -> VIRT 0x00000000 (SIZE: 0x00400000, COL: 0x00000fff, extra: 0x0000000000000000)
1790357592.566380 [COL] Result: 0
1790357592.566435 [COL] Colored OP 4: PHYS 0x30000000 -> VIRT 0x00000000 (SIZE: 0x00400000, COL: 0x00000fff, extra: 0x0000000000000001)
1790357592.566454 [COL] Result: 0
1790357592.566475 Started cell "rt-bench"
1790357592.566500 [MG] Initializing memguard on CPU 3
1790357592.566531 rt-bench: ws 768 KB, 1024 loads/period, window 1000
1790357593.604512 W 0 lat 333 462 1055 0 exe 22055 29185 187944 resp 188351 43 pmu 974766 71698 7852518 5307575 52006185
1790357594.540490 W 1 lat 296 314 555 0 exe 15314 18592 120185 resp 120666 12 pmu 976807 31335 7865381 7906175 47184792
1790357595.580513 W 2 lat 277 296 462 0 exe 15259 17870 108814 resp 109129 4 pmu 977763 27240 7871528 7138769 46164282
1790357596.620498 W 3 lat 296 296 333 0 exe 15296 15685 28185 resp 28481 0 pmu 978125 2015 7871150 7019705 40024405
1790357597.556513 W 4 lat 277 296 537 0 exe 15277 17629 112537 resp 112851 3 pmu 977741 24594 7868719 6201701 45056499
1790357598.600551 W 5 lat 277 296 351 0 exe 15296 15555 20240 resp 20555 0 pmu 978099 596 7872605 7056250 39689523
1790357599.548666 W 6 lat 277 462 4055 0 exe 15314 77499 412296 resp 413888 207 pmu 961130 418926 7752530 6122453 253698774
1790357600.588502 W 7 lat 277 296 425 0 exe 15296 15703 27962 resp 28277 0 pmu 977660 2320 7874061 10378348 42207017
1790357601.628514 W 8 lat 277 314 2351 0 exe 15296 28185 130185 resp 130518 40 pmu 972081 140904 7834193 6200379 75572637
1790357602.564481 W 9 lat 296 296 333 0 exe 15296 15499 17481 resp 17796 0 pmu 977833 157 7874805 7294752 39677746
1790357602.990836 Closing cell "rt-bench"
1790357602.990939 [MG] Initializing memguard on CPU 3
1790357602.990983 [SMMUv2] Exiting SMMUv2 on cell 1
1790357602.991068 [COL] Colored OP 1: PHYS 0x30000000 -> VIRT 0x00000000 (SIZE: 0x00400000, COL: 0x00000fff, extra: 0x0000000000000000)
1790357602.991108 [COL] Result: 0
1790357602.991228 [COL] Colored OP 4: PHYS 0x30000000 -> VIRT 0x00000000 (SIZE: 0x00400000, COL: 0x00000fff, extra: 0x0000000000000001)
1790357602.991261 [COL] Result: 0
1790357602.991316 Page pool usage after cell destruction: mem 85/4061, remap 5/131072
1790357602.991357 [MG] Initializing memguard on CPU 3
1790357602.991396 [MG] Initializing memguard on CPU 3
1790357602.991476 [COL] Colored OP 0: PHYS 0x30000000 -> VIRT 0x00000000 (SIZE: 0x00400000, COL: 0x0000ffff, extra: 0x0000000000000000)
1790357602.991506 [COL] Result: 0
1790357602.991543 [MG] Initializing memguard on CPU 3
1790357602.991574 Created cell "rt-bench"
1790357602.991626 Page pool usage after cell creation: mem 98/4061, remap 5/131072
1790359457.405859 <missed 9163 bytes of console log>
1790359457.406853 0 exe 17259 23018 83518 resp 83851 0 pmu 1023538 80622 8249427 7091069 58160232
1790359457.406915 W 4 lat 296 296 333 0 exe 16740 21814 122055 resp 122370 6 pmu 1023444 66154 8246939 6801883 55515684
1790359457.406973 W 5 lat 296 296 333 0 exe 16759 19370 62222 resp 62537 0 pmu 1023576 38080 8248669 7178552 49062355
1790359457.407026 W 6 lat 296 462 3851 0 exe 17185 104222 409148 resp 411166 275 pmu 1022617 633113 8258324 6569021 318340256
1790359457.407077 W 7 lat 277 296 2425 0 exe 16814 23555 306074 resp 307240 8 pmu 1023553 73568 8250256 10490912 62538856
1790359457.407127 W 8 lat 296 314 1259 0 exe 17240 31166 134074 resp 134925 75 pmu 1023049 168681 8249540 9042827 82639897
1790359457.407176 W 9 lat 296 296 333 0 exe 17055 19685 50796 resp 51129 0 pmu 1023524 41747 8255413 7355559 49944933
1790359457.407197 Closing cell "rt-bench"
1790359457.407222 [MG] Initializing memguard on CPU 3
1790359457.407246 [SMMUv2] Exiting SMMUv2 on cell 1
1790359457.407299 [COL] Colored OP 1: PHYS 0x30000000 -> VIRT 0x00000000 (SIZE: 0x00400000, COL: 0x000000ff, extra: 0x0000000000000000)
1790359457.407318 [COL] Result: 0
1790359457.407371 [COL] Colored OP 4: PHYS 0x30000000 -> VIRT 0x00000000 (SIZE: 0x00400000, COL: 0x000000ff, extra: 0x0000000000000001)
1790359457.407390 [COL] Result: 0
1790359457.407425 Page pool usage after cell destruction: mem 85/4061, remap 5/131072
1790359457.407450 [MG] Initializing memguard on CPU 3
1790359457.407475 [MG] Initializing memguard on CPU 3
1790359457.407528 [COL] Colored OP 0: PHYS 0x30000000 -> VIRT 0x00000000 (SIZE: 0x00400000, COL: 0x00000fff, extra: 0x0000000000000000)
1790359457.407547 [COL] Result: 0
1790359457.407570 [MG] Initializing memguard on CPU 3
1790359457.407590 Created cell "rt-bench"
1790359457.407624 Page pool usage after cell creation: mem 99/4061, remap 5/131072
1790359457.407678 [COL] Colored OP 3: PHYS 0x30000000 -> VIRT 0x00000000 (SIZE: 0x00400000, COL: 0x00000fff, extra: 0x0000000000000000)
1790359457.407704 [MG] Initializing memguard on CPU 3
1790359457.407721 [COL] Result: 0
1790359457.407743 Cell "rt-bench" can be loaded
1790359457.407795 [COL] Colored OP 2: PHYS 0x30000000 -> VIRT 0x00000000 (SIZE: 0x00400000, COL: 0x00000fff, extra: 0x0000000000000000)
1790359457.407814 [COL] Result: 0
1790359457.407867 [COL] Colored OP 4: PHYS 0x30000000 -> VIRT 0x00000000 (SIZE: 0x00400000, COL: 0x00000fff, extra: 0x0000000000000001)
1790359457.407885 [COL] Result: 0
1790359457.407905 Started cell "rt-bench"
1790359457.407929 [MG] Initializing memguard on CPU 3
1790359457.407959 rt-bench: ws 768 KB, 1024 loads/period, window 1000
1790359458.444469 W 0 lat 314 462 888 0 exe 22148 28240 146148 resp 146537 36 pmu 976227 62985 7871149 5307563 50547443
1790359459.380429 W 1 lat 296 314 722 0 exe 15296 19240 120296 resp 120999 12 pmu 976902 38610 7872396 7482889 48483502
1790359460.424457 W 2 lat 296 296 518 0 exe 15314 17722 109259 resp 109777 3 pmu 977428 25161 7874031 7144892 45852473
1790359461.464431 W 3 lat 296 296 462 0 exe 15277 15851 35759 resp 36074 0 pmu 977735 3628 7873960 7025078 40490665
1790359462.404458 W 4 lat 296 296 685 0 exe 15314 17851 114944 resp 115314 3 pmu 977654 26591 7873809 6279216 45733818
1790359463.444493 W 5 lat 296 296 333 0 exe 15314 15537 17870 resp 18185 0 pmu 978723 277 7884816 7082682 39660444
1790359464.400505 W 6 lat 296 481 3425 0 exe 15333 67574 386296 resp 387333 181 pmu 962964 321542 7771292 6098712 227524168
1790359465.440449 W 7 lat 296 314 1759 0 exe 15314 17425 137777 resp 139388 10 pmu 977650 13857 7873762 10063168 52576228
1790359466.376458 W 8 lat 296 296 574 0 exe 15314 26425 131351 resp 131666 38 pmu 974462 118439 7860338 7320871 71277132
1790359467.416430 W 9 lat 296 296 333 0 exe 15370 15537 16740 resp 17037 0 pmu 978367 188 7886421 7288824 39764075
1790359467.648876 Closing cell "rt-bench"
1790359467.648944 [MG] Initializing memguard on CPU 3
1790359467.648971 [SMMUv2] Exiting SMMUv2 on cell 1
1790359467.649026 [COL] Colored OP 1: PHYS 0x30000000 -> VIRT 0x00000000 (SIZE: 0x00400000, COL: 0x00000fff, extra: 0x0000000000000000)
1790359467.649048 [COL] Result: 0
1790359467.649099 [COL] Colored OP 4: PHYS 0x30000000 -> VIRT 0x00000000 (SIZE: 0x00400000, COL: 0x00000fff, extra: 0x0000000000000001)
1790359467.649132 [COL] Result: 0
1790359467.649190 Page pool usage after cell destruction: mem 85/4061, remap 5/131072
1790359467.649215 [MG] Initializing memguard on CPU 3
1790359467.752483 [MG] Initializing memguard on CPU 3
1790359467.752587 [COL] Colored OP 0: PHYS 0x30000000 -> VIRT 0x00000000 (SIZE: 0x00400000, COL: 0x0000ffff, extra: 0x0000000000000000)
1790359467.752612 [COL] Result: 0
1790359467.752640 [MG] Initializing memguard on CPU 3
1790359467.752664 Created cell "rt-bench"
1790359467.752703 Page pool usage after cell creation: mem 98/4061, remap 5/131072
