1790953251.786361 1039389 1009853 1030575
1790953256.794725 1040658 1011116 1031840
1790953261.803380 1041920 1012372 1033095
1790953266.811698 1043186 1013627 1034352
1790953271.849707 1044455 1014887 1035616
1790953276.857882 1045721 1016142 1036874
1790953281.866170 1046985 1017399 1038130
1790953286.874730 1047163 1017578 1038301
1790953291.932669 1047378 1017731 1038459
1790953297.065396 1047591 1017915 1038665
1790953302.095783 1047799 1018091 1038853
1790953307.140422 1047984 1018258 1039040
1790953312.216897 1048194 1018463 1039225
1790953317.275522 1048581 1018855 1039649
1790953322.301270 1049852 1020113 1040910
1790953327.321129 1051120 1021368 1042170
1790953332.347140 1052391 1022625 1043430
1790953337.371504 1053661 1023883 1044692
1790953342.397255 1054932 1025140 1045950
1790953347.420762 1055925 1026110 1046946
1790953352.428492 1057023 1027184 1048037
1790953357.442731 1058290 1028442 1049297
1790953362.458462 1059557 1029700 1050555
1790953367.474101 1060826 1030956 1051816
1790953372.489073 1062093 1032212 1053075
1790953377.568538 1063373 1033486 1054350
1790953382.589004 1064186 1034299 1055156
1790953387.661814 1065465 1035569 1056429
1790953392.720934 1066738 1036833 1057698
1790953397.772935 1068013 1038098 1058966
1790953402.811855 1069285 1039357 1060230
1790953407.859470 1070561 1040623 1061501
1790953412.919610 1071377 1041429 1062309
1790953417.992482 1072654 1042696 1063583
1790953423.042040 1073935 1043967 1064857
1790953428.127631 1075215 1045237 1066134
1790953433.323559 1076525 1046538 1067436
1790953438.384326 1077799 1047802 1068708
1790953443.462171 1078825 1048828 1069727
1790953448.470707 1079875 1049872 1070774
1790953453.484948 1081142 1051129 1072031
1790953458.497473 1082407 1052385 1073289
1790953463.509830 1083676 1053642 1074546
1790953468.522217 1084940 1054898 1075805
1790953473.534578 1086201 1056154 1077063
1790953478.580026 1087027 1056948 1077864
1790953483.743005 1088331 1058244 1079159
1790953488.806087 1089604 1059513 1080427
1790953493.979506 1090913 1060807 1081726
1790953499.173383 1092225 1062103 1083025
1790953504.368897 1093541 1063402 1084328
1790953509.460754 1094385 1064206 1085138
1790953514.469068 1095651 1065458 1086396
1790953519.477393 1096917 1066713 1087652
1790953524.485783 1098182 1067966 1088908
1790953529.494215 1099446 1069222 1090166
1790953534.502450 1100711 1070478 1091423
1790953539.510680 1101774 1071537 1092474
1790953544.518697 1101939 1071698 1092625
1790953549.627884 1102168 1071896 1092844
1790953554.817799 1102420 1072071 1093037
1790953559.917836 1102620 1072236 1093242
1790953564.950270 1102799 1072402 1093444
1790953570.154253 1103001 1072602 1093630
1790953575.219555 1103731 1073349 1094356
1790953580.245269 1104999 1074607 1095617
1790953585.265043 1106266 1075866 1096877
1790953590.291529 1107534 1077127 1098137
1790953595.317298 1108802 1078386 1099397
1790953600.341259 1110072 1079646 1100656
1790953605.364930 1110885 1080434 1101458
1790953610.378637 1112154 1081692 1102716
1790953615.395324 1113421 1082949 1103976
1790953620.410871 1114689 1084208 1105233
1790953625.428366 1115958 1085465 1106493
1790953630.445383 1117223 1086726 1107749
1790953635.460282 1118343 1087830 1108850
1790953640.476090 1119324 1088798 1109826
1790953645.551586 1120604 1090065 1111096
1790953650.577833 1121875 1091324 1112357
1790953655.619753 1123149 1092587 1113624
1790953660.679740 1124424 1093852 1114890
1790953665.728419 1125704 1095116 1116159
1790953670.793594 1126528 1095907 1116977
1790953675.875866 1127814 1097184 1118252
1790953680.939608 1129091 1098453 1119520
1790953686.035739 1130375 1099727 1120801
1790953691.100483 1131654 1100997 1122070
1790953696.167698 1132936 1102270 1123342
1790953701.230747 1133760 1103089 1124148
1790953706.241561 1135026 1104344 1125405
1790953711.253408 1136293 1105600 1126660
1790953716.265472 1137558 1106856 1127920
1790953721.278135 1138823 1108110 1129177
1790953726.289488 1140089 1109363 1130434
1790953731.300357 1141274 1110539 1131608
1790953736.325848 1142181 1111442 1132508
1790953741.530951 1143492 1112739 1133809
1790953746.603904 1144767 1114006 1135080
1790953751.744438 1146072 1115301 1136376
1790953756.922906 1147370 1116587 1137668
1790953762.013794 1148655 1117862 1138945
1790953767.067013 1149469 1118675 1139744
1790953772.074688 1150560 1119929 1141001
1790953777.082636 1151823 1121182 1142260
1790953782.090306 1153088 1122437 1143518
1790953787.097982 1154350 1123692 1144775
1790953792.106337 1155615 1124947 1146030
1790953797.114573 1156415 1125538 1146836
1790953802.123801 1156601 1125764 1147011
1790953807.167145 1156772 1125977 1147147
1790953812.212693 1156990 1126184 1147328
1790953817.269365 1157178 1126375 1147482
1790953822.482161 1157389 1126550 1147689
1790953827.717179 1157587 1126757 1147910
1790953832.731533 1158528 1127698 1148845
1790953837.761181 1159797 1128956 1150107
1790953842.785196 1161064 1130216 1151369
1790953847.811519 1162333 1131474 1152632
1790953852.839822 1163605 1132731 1153895
1790953857.863806 1164871 1133990 1155156
1790953862.888977 1165672 1134771 1155967
1790953867.901699 1166934 1136020 1157225
1790953872.917412 1168200 1137273 1158477
1790953877.933558 1169464 1138522 1159731
1790953882.950806 1170729 1139771 1160986
1790953887.967208 1171988 1141019 1162245
1790953892.980709 1172865 1141888 1163127
1790953897.991784 1174076 1143087 1164332
1790953903.021669 1175348 1144349 1165597
1790953908.077171 1176624 1145614 1166866
1790953913.124238 1177898 1146876 1168131
1790953918.251480 1179195 1148159 1169418
1790953923.272469 1180461 1149417 1170678
1790953928.297184 1181279 1150206 1171482
1790953933.376368 1182561 1151477 1172760
1790953938.456377 1183843 1152750 1174034
1790953943.525666 1185123 1154017 1175301
1790953948.552640 1186398 1155277 1176567
1790953953.645439 1187684 1156550 1177842
1790953958.687753 1188478 1157311 1178639
1790953963.699056 1189746 1158566 1179895
1790953968.710623 1191010 1159821 1181153
1790953973.721844 1192277 1161076 1182411
1790953978.736541 1193543 1162331 1183668
1790953983.745429 1194803 1163586 1184925
1790953988.756350 1195769 1164544 1185878
1790953993.772170 1196881 1165660 1186999
1790953998.936662 1198188 1166957 1188297
1790954004.127484 1199489 1168245 1189587
1790954009.362521 1200813 1169554 1190899
1790954014.507622 1202115 1170845 1192195
1790954019.650632 1203392 1172107 1193462
1790954024.658096 1203499 1172170 1193586
1790954029.666020 1203611 1172235 1193726
1790954034.674459 1203688 1172281 1193840
1790954039.682436 1203784 1172347 1193967
1790954044.692792 1203881 1172395 1194081
1790954049.700861 1204040 1172471 1194159
1790954054.708822 1204187 1172521 1194222
1790954059.716782 1204335 1172583 1194291
1790954064.724671 1204521 1172678 1194390
1790954069.732694 1204670 1172751 1194481
1790954074.740781 1204827 1172812 1194548
1790954079.748800 1204983 1172879 1194624
1790954084.756485 1205112 1172929 1194685
1790954089.764070 1205257 1173003 1194764
1790954094.771577 1205399 1173057 1194836
1790954099.779247 1205558 1173139 1194918
1790954104.786904 1205692 1173197 1194979
1790954109.794437 1205843 1173273 1195058
1790954114.843185 1205997 1173344 1195128
1790954119.850836 1206144 1173435 1195195
1790954124.858641 1206283 1173508 1195250
1790954129.866485 1206433 1173595 1195326
1790954134.874166 1206550 1173656 1195383
1790954139.881701 1206692 1173737 1195459
1790954144.889905 1206836 1173802 1195508
1790954149.897460 1206988 1173889 1195579
1790954154.905304 1207121 1173941 1195626
1790954159.913047 1207278 1174015 1195705
1790954164.920826 1207420 1174077 1195764
1790954169.928368 1207563 1174164 1195835
1790954174.936125 1207700 1174234 1195889
1790954179.944302 1207836 1174311 1195970
1790954184.952732 1207963 1174368 1196035
1790954189.962977 1208098 1174443 1196114
1790954194.970824 1208279 1174585 1196239
1790954199.978972 1208421 1174668 1196306
