1790953245.509696 CONFIG performance 2400000
1790953251.852431 START hc membarrier 1
1790953281.937554 END hc membarrier 1 0
1790953283.956199 START hc rmap 1
1790953314.138325 END hc rmap 1 0
1790953316.156947 START hc stack 1
1790953346.192322 END hc stack 1 0
1790953348.211291 START hc opcode 1
1790953378.233126 END hc opcode 1 0
1790953380.252482 START hc vm 1
1790953410.290292 END hc vm 1 0
1790953412.309575 START hc tlb-shootdown 1
1790953442.338357 END hc tlb-shootdown 1 0
1790953444.356696 START hc pipe 1
1790953474.379667 END hc pipe 1 0
1790953476.398921 START hc pipeherd 1
1790953506.487917 END hc pipeherd 1 0
1790953508.507256 START hc membarrier 2
1790953538.569611 END hc membarrier 2 0
1790953540.588832 START hc rmap 2
1790953570.648933 END hc rmap 2 0
1790953572.666890 START hc stack 2
1790953602.710383 END hc stack 2 0
1790953604.729718 START hc opcode 2
1790953634.752396 END hc opcode 2 0
1790953636.771381 START hc vm 2
1790953666.815740 END hc vm 2 0
1790953668.835050 START hc tlb-shootdown 2
1790953698.864758 END hc tlb-shootdown 2 0
1790953700.882624 START hc pipe 2
1790953730.904686 END hc pipe 2 0
1790953732.923531 START hc pipeherd 2
1790953763.003311 END hc pipeherd 2 0
1790953765.022038 START hc membarrier 3
1790953795.097632 END hc membarrier 3 0
1790953797.118497 START hc rmap 3
1790953827.170089 END hc rmap 3 0
1790953829.188384 START hc stack 3
1790953859.219538 END hc stack 3 0
1790953861.238511 START hc opcode 3
1790953891.262900 END hc opcode 3 0
1790953893.281620 START hc vm 3
1790953923.330423 END hc vm 3 0
1790953925.349169 START hc tlb-shootdown 3
1790953955.418988 END hc tlb-shootdown 3 0
1790953957.436970 START hc pipe 3
1790953987.458577 END hc pipe 3 0
1790953989.477801 START hc pipeherd 3
1790954019.553219 END hc pipeherd 3 0
